/home/stbenjam/git/h2ms
[INFO] Scanning for projects...
[WARNING] 
[WARNING] Some problems were encountered while building the effective model for edu.harvard:h2ms:jar:0.0.1-SNAPSHOT
[WARNING] 'dependencies.dependency.(groupId:artifactId:type:classifier)' must be unique: org.postgresql:postgresql:jar -> version (?) vs 9.4-1206-jdbc42 @ line 139, column 21
[WARNING] 'dependencies.dependency.version' for com.vaadin.external.google:android-json:jar is either LATEST or RELEASE (both of them are being deprecated) @ line 164, column 22
[WARNING] 
[WARNING] It is highly recommended to fix these problems because they threaten the stability of your build.
[WARNING] 
[WARNING] For this reason, future Maven versions might no longer support building such malformed projects.
[WARNING] 
[INFO] 
[INFO] ------------------------------------------------------------------------
[INFO] Building h2ms 0.0.1-SNAPSHOT
[INFO] ------------------------------------------------------------------------
[INFO] 
[INFO] --- maven-resources-plugin:2.6:resources (default-resources) @ h2ms ---
[INFO] Using 'UTF-8' encoding to copy filtered resources.
[INFO] Copying 3 resources
[INFO] Copying 9 resources
[INFO] 
[INFO] --- maven-compiler-plugin:3.1:compile (default-compile) @ h2ms ---
[INFO] Nothing to compile - all classes are up to date
[INFO] 
[INFO] --- maven-resources-plugin:2.6:testResources (default-testResources) @ h2ms ---
[INFO] Using 'UTF-8' encoding to copy filtered resources.
[INFO] skip non existing resourceDirectory /home/stbenjam/git/h2ms/src/test/resources
[INFO] 
[INFO] --- maven-compiler-plugin:3.1:testCompile (default-testCompile) @ h2ms ---
[INFO] Nothing to compile - all classes are up to date
[INFO] 
[INFO] --- maven-surefire-plugin:2.18.1:test (default-test) @ h2ms ---
[INFO] Surefire report directory: /home/stbenjam/git/h2ms/target/surefire-reports

-------------------------------------------------------
 T E S T S
-------------------------------------------------------
21:06:42.603 [main] DEBUG org.springframework.test.context.junit4.SpringJUnit4ClassRunner - SpringJUnit4ClassRunner constructor called with [class edu.harvard.h2ms.service.LocationServiceTests]
21:06:42.610 [main] DEBUG org.springframework.test.context.BootstrapUtils - Instantiating CacheAwareContextLoaderDelegate from class [org.springframework.test.context.cache.DefaultCacheAwareContextLoaderDelegate]
21:06:42.616 [main] DEBUG org.springframework.test.context.BootstrapUtils - Instantiating BootstrapContext using constructor [public org.springframework.test.context.support.DefaultBootstrapContext(java.lang.Class,org.springframework.test.context.CacheAwareContextLoaderDelegate)]
21:06:42.631 [main] DEBUG org.springframework.test.context.BootstrapUtils - Instantiating TestContextBootstrapper for test class [edu.harvard.h2ms.service.LocationServiceTests] from class [org.springframework.boot.test.context.SpringBootTestContextBootstrapper]
21:06:42.677 [main] INFO org.springframework.boot.test.context.SpringBootTestContextBootstrapper - Neither @ContextConfiguration nor @ContextHierarchy found for test class [edu.harvard.h2ms.service.LocationServiceTests], using SpringBootContextLoader
21:06:42.683 [main] DEBUG org.springframework.test.context.support.AbstractContextLoader - Did not detect default resource location for test class [edu.harvard.h2ms.service.LocationServiceTests]: class path resource [edu/harvard/h2ms/service/LocationServiceTests-context.xml] does not exist
21:06:42.685 [main] DEBUG org.springframework.test.context.support.AbstractContextLoader - Did not detect default resource location for test class [edu.harvard.h2ms.service.LocationServiceTests]: class path resource [edu/harvard/h2ms/service/LocationServiceTestsContext.groovy] does not exist
21:06:42.688 [main] INFO org.springframework.test.context.support.AbstractContextLoader - Could not detect default resource locations for test class [edu.harvard.h2ms.service.LocationServiceTests]: no resource found for suffixes {-context.xml, Context.groovy}.
21:06:42.691 [main] INFO org.springframework.test.context.support.AnnotationConfigContextLoaderUtils - Could not detect default configuration classes for test class [edu.harvard.h2ms.service.LocationServiceTests]: LocationServiceTests does not declare any static, non-private, non-final, nested classes annotated with @Configuration.
21:06:42.784 [main] DEBUG org.springframework.test.context.support.ActiveProfilesUtils - Could not find an 'annotation declaring class' for annotation type [org.springframework.test.context.ActiveProfiles] and class [edu.harvard.h2ms.service.LocationServiceTests]
21:06:42.790 [main] DEBUG org.springframework.core.env.StandardEnvironment - Adding PropertySource 'systemProperties' with lowest search precedence
21:06:42.791 [main] DEBUG org.springframework.core.env.StandardEnvironment - Adding PropertySource 'systemEnvironment' with lowest search precedence
21:06:42.792 [main] DEBUG org.springframework.core.env.StandardEnvironment - Initialized StandardEnvironment with PropertySources [MapPropertySource@2011482127 {name='systemProperties', properties={java.runtime.name=OpenJDK Runtime Environment, sun.boot.library.path=/usr/lib/jvm/java-1.8.0-openjdk-1.8.0.161-0.b14.fc27.x86_64/jre/lib/amd64, java.vm.version=25.161-b14, java.vm.vendor=Oracle Corporation, java.vendor.url=http://java.oracle.com/, path.separator=:, java.vm.name=OpenJDK 64-Bit Server VM, file.encoding.pkg=sun.io, user.country=US, sun.java.launcher=SUN_STANDARD, sun.os.patch.level=unknown, java.vm.specification.name=Java Virtual Machine Specification, user.dir=/home/stbenjam/git/h2ms, java.runtime.version=1.8.0_161-b14, basedir=/home/stbenjam/git/h2ms, java.awt.graphicsenv=sun.awt.X11GraphicsEnvironment, java.endorsed.dirs=/usr/lib/jvm/java-1.8.0-openjdk-1.8.0.161-0.b14.fc27.x86_64/jre/lib/endorsed, os.arch=amd64, surefire.real.class.path=/home/stbenjam/git/h2ms/target/surefire/surefirebooter4923085358408019683.jar, java.io.tmpdir=/tmp, line.separator=
, java.vm.specification.vendor=Oracle Corporation, os.name=Linux, sun.jnu.encoding=UTF-8, java.library.path=/usr/java/packages/lib/amd64:/usr/lib64:/lib64:/lib:/usr/lib, surefire.test.class.path=/home/stbenjam/git/h2ms/target/test-classes:/home/stbenjam/git/h2ms/target/classes:/home/stbenjam/.m2/repository/org/springframework/boot/spring-boot-starter-data-rest/1.5.10.RELEASE/spring-boot-starter-data-rest-1.5.10.RELEASE.jar:/home/stbenjam/.m2/repository/org/springframework/boot/spring-boot-starter/1.5.10.RELEASE/spring-boot-starter-1.5.10.RELEASE.jar:/home/stbenjam/.m2/repository/org/springframework/boot/spring-boot/1.5.10.RELEASE/spring-boot-1.5.10.RELEASE.jar:/home/stbenjam/.m2/repository/org/springframework/boot/spring-boot-autoconfigure/1.5.10.RELEASE/spring-boot-autoconfigure-1.5.10.RELEASE.jar:/home/stbenjam/.m2/repository/org/springframework/boot/spring-boot-starter-logging/1.5.10.RELEASE/spring-boot-starter-logging-1.5.10.RELEASE.jar:/home/stbenjam/.m2/repository/ch/qos/logback/logback-classic/1.1.11/logback-classic-1.1.11.jar:/home/stbenjam/.m2/repository/ch/qos/logback/logback-core/1.1.11/logback-core-1.1.11.jar:/home/stbenjam/.m2/repository/org/slf4j/jul-to-slf4j/1.7.25/jul-to-slf4j-1.7.25.jar:/home/stbenjam/.m2/repository/org/slf4j/log4j-over-slf4j/1.7.25/log4j-over-slf4j-1.7.25.jar:/home/stbenjam/.m2/repository/org/yaml/snakeyaml/1.17/snakeyaml-1.17.jar:/home/stbenjam/.m2/repository/com/fasterxml/jackson/core/jackson-annotations/2.8.0/jackson-annotations-2.8.0.jar:/home/stbenjam/.m2/repository/org/springframework/data/spring-data-rest-webmvc/2.6.10.RELEASE/spring-data-rest-webmvc-2.6.10.RELEASE.jar:/home/stbenjam/.m2/repository/org/springframework/data/spring-data-rest-core/2.6.10.RELEASE/spring-data-rest-core-2.6.10.RELEASE.jar:/home/stbenjam/.m2/repository/org/atteo/evo-inflector/1.2.2/evo-inflector-1.2.2.jar:/home/stbenjam/.m2/repository/org/slf4j/jcl-over-slf4j/1.7.25/jcl-over-slf4j-1.7.25.jar:/home/stbenjam/.m2/repository/org/springframework/boot/spring-boot-starter-web/1.5.10.RELEASE/spring-boot-starter-web-1.5.10.RELEASE.jar:/home/stbenjam/.m2/repository/org/springframework/boot/spring-boot-starter-tomcat/1.5.10.RELEASE/spring-boot-starter-tomcat-1.5.10.RELEASE.jar:/home/stbenjam/.m2/repository/org/apache/tomcat/embed/tomcat-embed-core/8.5.27/tomcat-embed-core-8.5.27.jar:/home/stbenjam/.m2/repository/org/apache/tomcat/tomcat-annotations-api/8.5.27/tomcat-annotations-api-8.5.27.jar:/home/stbenjam/.m2/repository/org/apache/tomcat/embed/tomcat-embed-el/8.5.27/tomcat-embed-el-8.5.27.jar:/home/stbenjam/.m2/repository/org/apache/tomcat/embed/tomcat-embed-websocket/8.5.27/tomcat-embed-websocket-8.5.27.jar:/home/stbenjam/.m2/repository/org/hibernate/hibernate-validator/5.3.6.Final/hibernate-validator-5.3.6.Final.jar:/home/stbenjam/.m2/repository/javax/validation/validation-api/1.1.0.Final/validation-api-1.1.0.Final.jar:/home/stbenjam/.m2/repository/org/jboss/logging/jboss-logging/3.3.1.Final/jboss-logging-3.3.1.Final.jar:/home/stbenjam/.m2/repository/org/springframework/spring-web/4.3.14.RELEASE/spring-web-4.3.14.RELEASE.jar:/home/stbenjam/.m2/repository/org/springframework/spring-webmvc/4.3.14.RELEASE/spring-webmvc-4.3.14.RELEASE.jar:/home/stbenjam/.m2/repository/org/springframework/spring-expression/4.3.14.RELEASE/spring-expression-4.3.14.RELEASE.jar:/home/stbenjam/.m2/repository/org/springframework/boot/spring-boot-starter-thymeleaf/1.5.10.RELEASE/spring-boot-starter-thymeleaf-1.5.10.RELEASE.jar:/home/stbenjam/.m2/repository/org/thymeleaf/thymeleaf-spring4/2.1.6.RELEASE/thymeleaf-spring4-2.1.6.RELEASE.jar:/home/stbenjam/.m2/repository/org/thymeleaf/thymeleaf/2.1.6.RELEASE/thymeleaf-2.1.6.RELEASE.jar:/home/stbenjam/.m2/repository/ognl/ognl/3.0.8/ognl-3.0.8.jar:/home/stbenjam/.m2/repository/org/unbescape/unbescape/1.1.0.RELEASE/unbescape-1.1.0.RELEASE.jar:/home/stbenjam/.m2/repository/nz/net/ultraq/thymeleaf/thymeleaf-layout-dialect/1.4.0/thymeleaf-layout-dialect-1.4.0.jar:/home/stbenjam/.m2/repository/org/codehaus/groovy/groovy/2.4.13/groovy-2.4.13.jar:/home/stbenjam/.m2/repository/org/springframework/boot/spring-boot-starter-test/1.5.10.RELEASE/spring-boot-starter-test-1.5.10.RELEASE.jar:/home/stbenjam/.m2/repository/org/springframework/boot/spring-boot-test/1.5.10.RELEASE/spring-boot-test-1.5.10.RELEASE.jar:/home/stbenjam/.m2/repository/org/springframework/boot/spring-boot-test-autoconfigure/1.5.10.RELEASE/spring-boot-test-autoconfigure-1.5.10.RELEASE.jar:/home/stbenjam/.m2/repository/com/jayway/jsonpath/json-path/2.2.0/json-path-2.2.0.jar:/home/stbenjam/.m2/repository/net/minidev/json-smart/2.2.1/json-smart-2.2.1.jar:/home/stbenjam/.m2/repository/net/minidev/accessors-smart/1.1/accessors-smart-1.1.jar:/home/stbenjam/.m2/repository/org/ow2/asm/asm/5.0.3/asm-5.0.3.jar:/home/stbenjam/.m2/repository/junit/junit/4.12/junit-4.12.jar:/home/stbenjam/.m2/repository/org/assertj/assertj-core/2.6.0/assertj-core-2.6.0.jar:/home/stbenjam/.m2/repository/org/mockito/mockito-core/1.10.19/mockito-core-1.10.19.jar:/home/stbenjam/.m2/repository/org/objenesis/objenesis/2.1/objenesis-2.1.jar:/home/stbenjam/.m2/repository/org/hamcrest/hamcrest-core/1.3/hamcrest-core-1.3.jar:/home/stbenjam/.m2/repository/org/hamcrest/hamcrest-library/1.3/hamcrest-library-1.3.jar:/home/stbenjam/.m2/repository/org/skyscreamer/jsonassert/1.4.0/jsonassert-1.4.0.jar:/home/stbenjam/.m2/repository/org/springframework/spring-core/4.3.14.RELEASE/spring-core-4.3.14.RELEASE.jar:/home/stbenjam/.m2/repository/org/springframework/spring-test/4.3.14.RELEASE/spring-test-4.3.14.RELEASE.jar:/home/stbenjam/.m2/repository/org/springframework/restdocs/spring-restdocs-mockmvc/1.1.3.RELEASE/spring-restdocs-mockmvc-1.1.3.RELEASE.jar:/home/stbenjam/.m2/repository/org/springframework/restdocs/spring-restdocs-core/1.1.3.RELEASE/spring-restdocs-core-1.1.3.RELEASE.jar:/home/stbenjam/.m2/repository/javax/servlet/javax.servlet-api/3.1.0/javax.servlet-api-3.1.0.jar:/home/stbenjam/.m2/repository/org/springframework/boot/spring-boot-starter-data-jpa/1.5.10.RELEASE/spring-boot-starter-data-jpa-1.5.10.RELEASE.jar:/home/stbenjam/.m2/repository/org/springframework/boot/spring-boot-starter-aop/1.5.10.RELEASE/spring-boot-starter-aop-1.5.10.RELEASE.jar:/home/stbenjam/.m2/repository/org/aspectj/aspectjweaver/1.8.13/aspectjweaver-1.8.13.jar:/home/stbenjam/.m2/repository/org/springframework/boot/spring-boot-starter-jdbc/1.5.10.RELEASE/spring-boot-starter-jdbc-1.5.10.RELEASE.jar:/home/stbenjam/.m2/repository/org/apache/tomcat/tomcat-jdbc/8.5.27/tomcat-jdbc-8.5.27.jar:/home/stbenjam/.m2/repository/org/apache/tomcat/tomcat-juli/8.5.27/tomcat-juli-8.5.27.jar:/home/stbenjam/.m2/repository/org/springframework/spring-jdbc/4.3.14.RELEASE/spring-jdbc-4.3.14.RELEASE.jar:/home/stbenjam/.m2/repository/org/hibernate/hibernate-core/5.0.12.Final/hibernate-core-5.0.12.Final.jar:/home/stbenjam/.m2/repository/org/hibernate/javax/persistence/hibernate-jpa-2.1-api/1.0.0.Final/hibernate-jpa-2.1-api-1.0.0.Final.jar:/home/stbenjam/.m2/repository/org/javassist/javassist/3.21.0-GA/javassist-3.21.0-GA.jar:/home/stbenjam/.m2/repository/antlr/antlr/2.7.7/antlr-2.7.7.jar:/home/stbenjam/.m2/repository/org/jboss/jandex/2.0.0.Final/jandex-2.0.0.Final.jar:/home/stbenjam/.m2/repository/dom4j/dom4j/1.6.1/dom4j-1.6.1.jar:/home/stbenjam/.m2/repository/org/hibernate/common/hibernate-commons-annotations/5.0.1.Final/hibernate-commons-annotations-5.0.1.Final.jar:/home/stbenjam/.m2/repository/org/hibernate/hibernate-entitymanager/5.0.12.Final/hibernate-entitymanager-5.0.12.Final.jar:/home/stbenjam/.m2/repository/javax/transaction/javax.transaction-api/1.2/javax.transaction-api-1.2.jar:/home/stbenjam/.m2/repository/org/springframework/data/spring-data-jpa/1.11.10.RELEASE/spring-data-jpa-1.11.10.RELEASE.jar:/home/stbenjam/.m2/repository/org/springframework/data/spring-data-commons/1.13.10.RELEASE/spring-data-commons-1.13.10.RELEASE.jar:/home/stbenjam/.m2/repository/org/springframework/spring-orm/4.3.14.RELEASE/spring-orm-4.3.14.RELEASE.jar:/home/stbenjam/.m2/repository/org/springframework/spring-tx/4.3.14.RELEASE/spring-tx-4.3.14.RELEASE.jar:/home/stbenjam/.m2/repository/org/springframework/spring-aspects/4.3.14.RELEASE/spring-aspects-4.3.14.RELEASE.jar:/home/stbenjam/.m2/repository/com/h2database/h2/1.4.196/h2-1.4.196.jar:/home/stbenjam/.m2/repository/org/postgresql/postgresql/9.4-1206-jdbc42/postgresql-9.4-1206-jdbc42.jar:/home/stbenjam/.m2/repository/log4j/log4j/1.2.17/log4j-1.2.17.jar:/home/stbenjam/.m2/repository/com/google/guava/guava/19.0/guava-19.0.jar:/home/stbenjam/.m2/repository/javax/mail/mail/1.4/mail-1.4.jar:/home/stbenjam/.m2/repository/javax/activation/activation/1.1/activation-1.1.jar:/home/stbenjam/.m2/repository/org/springframework/boot/spring-boot-starter-security/1.5.10.RELEASE/spring-boot-starter-security-1.5.10.RELEASE.jar:/home/stbenjam/.m2/repository/org/springframework/spring-aop/4.3.14.RELEASE/spring-aop-4.3.14.RELEASE.jar:/home/stbenjam/.m2/repository/org/springframework/security/spring-security-config/4.2.4.RELEASE/spring-security-config-4.2.4.RELEASE.jar:/home/stbenjam/.m2/repository/org/springframework/security/spring-security-web/4.2.4.RELEASE/spring-security-web-4.2.4.RELEASE.jar:/home/stbenjam/.m2/repository/org/springframework/boot/spring-boot-starter-mail/1.4.3.RELEASE/spring-boot-starter-mail-1.4.3.RELEASE.jar:/home/stbenjam/.m2/repository/org/springframework/spring-context/4.3.14.RELEASE/spring-context-4.3.14.RELEASE.jar:/home/stbenjam/.m2/repository/com/sun/mail/javax.mail/1.5.6/javax.mail-1.5.6.jar:/home/stbenjam/.m2/repository/com/icegreen/greenmail/1.5.5/greenmail-1.5.5.jar:/home/stbenjam/.m2/repository/org/slf4j/slf4j-api/1.7.25/slf4j-api-1.7.25.jar:/home/stbenjam/.m2/repository/org/springframework/security/spring-security-test/4.2.4.RELEASE/spring-security-test-4.2.4.RELEASE.jar:/home/stbenjam/.m2/repository/org/springframework/security/spring-security-core/4.2.4.RELEASE/spring-security-core-4.2.4.RELEASE.jar:/home/stbenjam/.m2/repository/aopalliance/aopalliance/1.0/aopalliance-1.0.jar:/home/stbenjam/.m2/repository/org/springframework/security/oauth/spring-security-oauth2/2.0.14.RELEASE/spring-security-oauth2-2.0.14.RELEASE.jar:/home/stbenjam/.m2/repository/org/springframework/spring-beans/4.3.14.RELEASE/spring-beans-4.3.14.RELEASE.jar:/home/stbenjam/.m2/repository/commons-codec/commons-codec/1.10/commons-codec-1.10.jar:/home/stbenjam/.m2/repository/org/codehaus/jackson/jackson-mapper-asl/1.9.13/jackson-mapper-asl-1.9.13.jar:/home/stbenjam/.m2/repository/org/codehaus/jackson/jackson-core-asl/1.9.13/jackson-core-asl-1.9.13.jar:/home/stbenjam/.m2/repository/io/springfox/springfox-swagger2/2.8.0/springfox-swagger2-2.8.0.jar:/home/stbenjam/.m2/repository/io/swagger/swagger-annotations/1.5.14/swagger-annotations-1.5.14.jar:/home/stbenjam/.m2/repository/io/swagger/swagger-models/1.5.14/swagger-models-1.5.14.jar:/home/stbenjam/.m2/repository/io/springfox/springfox-spi/2.8.0/springfox-spi-2.8.0.jar:/home/stbenjam/.m2/repository/io/springfox/springfox-core/2.8.0/springfox-core-2.8.0.jar:/home/stbenjam/.m2/repository/net/bytebuddy/byte-buddy/1.7.9/byte-buddy-1.7.9.jar:/home/stbenjam/.m2/repository/io/springfox/springfox-schema/2.8.0/springfox-schema-2.8.0.jar:/home/stbenjam/.m2/repository/io/springfox/springfox-swagger-common/2.8.0/springfox-swagger-common-2.8.0.jar:/home/stbenjam/.m2/repository/io/springfox/springfox-spring-web/2.8.0/springfox-spring-web-2.8.0.jar:/home/stbenjam/.m2/repository/org/reflections/reflections/0.9.11/reflections-0.9.11.jar:/home/stbenjam/.m2/repository/com/fasterxml/classmate/1.3.4/classmate-1.3.4.jar:/home/stbenjam/.m2/repository/org/springframework/plugin/spring-plugin-core/1.2.0.RELEASE/spring-plugin-core-1.2.0.RELEASE.jar:/home/stbenjam/.m2/repository/org/springframework/plugin/spring-plugin-metadata/1.2.0.RELEASE/spring-plugin-metadata-1.2.0.RELEASE.jar:/home/stbenjam/.m2/repository/org/mapstruct/mapstruct/1.2.0.Final/mapstruct-1.2.0.Final.jar:/home/stbenjam/.m2/repository/io/springfox/springfox-swagger-ui/2.8.0/springfox-swagger-ui-2.8.0.jar:/home/stbenjam/.m2/repository/io/springfox/springfox-data-rest/2.8.0/springfox-data-rest-2.8.0.jar:/home/stbenjam/.m2/repository/org/springframework/hateoas/spring-hateoas/0.23.0.RELEASE/spring-hateoas-0.23.0.RELEASE.jar:/home/stbenjam/.m2/repository/org/usb4java/usb4java-javax/1.2.0/usb4java-javax-1.2.0.jar:/home/stbenjam/.m2/repository/javax/usb/usb-api/1.0.2/usb-api-1.0.2.jar:/home/stbenjam/.m2/repository/org/apache/commons/commons-lang3/3.2.1/commons-lang3-3.2.1.jar:/home/stbenjam/.m2/repository/org/usb4java/usb4java/1.2.0/usb4java-1.2.0.jar:/home/stbenjam/.m2/repository/org/usb4java/libusb4java/1.2.0/libusb4java-1.2.0-linux-x86.jar:/home/stbenjam/.m2/repository/org/usb4java/libusb4java/1.2.0/libusb4java-1.2.0-linux-x86_64.jar:/home/stbenjam/.m2/repository/org/usb4java/libusb4java/1.2.0/libusb4java-1.2.0-linux-arm.jar:/home/stbenjam/.m2/repository/org/usb4java/libusb4java/1.2.0/libusb4java-1.2.0-windows-x86.jar:/home/stbenjam/.m2/repository/org/usb4java/libusb4java/1.2.0/libusb4java-1.2.0-windows-x86_64.jar:/home/stbenjam/.m2/repository/org/usb4java/libusb4java/1.2.0/libusb4java-1.2.0-osx-x86.jar:/home/stbenjam/.m2/repository/org/usb4java/libusb4java/1.2.0/libusb4java-1.2.0-osx-x86_64.jar:/home/stbenjam/.m2/repository/org/mockito/mockito-all/1.9.5/mockito-all-1.9.5.jar:/home/stbenjam/.m2/repository/com/fasterxml/jackson/core/jackson-databind/2.5.0/jackson-databind-2.5.0.jar:/home/stbenjam/.m2/repository/com/fasterxml/jackson/core/jackson-core/2.8.10/jackson-core-2.8.10.jar:/home/stbenjam/.m2/repository/com/vaadin/external/google/android-json/0.0.20131108.vaadin1/android-json-0.0.20131108.vaadin1.jar:/home/stbenjam/.m2/repository/com/tngtech/java/junit-dataprovider/1.13.1/junit-dataprovider-1.13.1.jar:/home/stbenjam/.m2/repository/org/springframework/spring-context-support/3.2.0.RELEASE/spring-context-support-3.2.0.RELEASE.jar:, java.specification.name=Java Platform API Specification, java.class.version=52.0, sun.management.compiler=HotSpot 64-Bit Tiered Compilers, os.version=4.14.14-300.fc27.x86_64, user.home=/home/stbenjam, user.timezone=America/New_York, java.awt.printerjob=sun.print.PSPrinterJob, file.encoding=UTF-8, java.specification.version=1.8, java.class.path=/home/stbenjam/git/h2ms/target/test-classes:/home/stbenjam/git/h2ms/target/classes:/home/stbenjam/.m2/repository/org/springframework/boot/spring-boot-starter-data-rest/1.5.10.RELEASE/spring-boot-starter-data-rest-1.5.10.RELEASE.jar:/home/stbenjam/.m2/repository/org/springframework/boot/spring-boot-starter/1.5.10.RELEASE/spring-boot-starter-1.5.10.RELEASE.jar:/home/stbenjam/.m2/repository/org/springframework/boot/spring-boot/1.5.10.RELEASE/spring-boot-1.5.10.RELEASE.jar:/home/stbenjam/.m2/repository/org/springframework/boot/spring-boot-autoconfigure/1.5.10.RELEASE/spring-boot-autoconfigure-1.5.10.RELEASE.jar:/home/stbenjam/.m2/repository/org/springframework/boot/spring-boot-starter-logging/1.5.10.RELEASE/spring-boot-starter-logging-1.5.10.RELEASE.jar:/home/stbenjam/.m2/repository/ch/qos/logback/logback-classic/1.1.11/logback-classic-1.1.11.jar:/home/stbenjam/.m2/repository/ch/qos/logback/logback-core/1.1.11/logback-core-1.1.11.jar:/home/stbenjam/.m2/repository/org/slf4j/jul-to-slf4j/1.7.25/jul-to-slf4j-1.7.25.jar:/home/stbenjam/.m2/repository/org/slf4j/log4j-over-slf4j/1.7.25/log4j-over-slf4j-1.7.25.jar:/home/stbenjam/.m2/repository/org/yaml/snakeyaml/1.17/snakeyaml-1.17.jar:/home/stbenjam/.m2/repository/com/fasterxml/jackson/core/jackson-annotations/2.8.0/jackson-annotations-2.8.0.jar:/home/stbenjam/.m2/repository/org/springframework/data/spring-data-rest-webmvc/2.6.10.RELEASE/spring-data-rest-webmvc-2.6.10.RELEASE.jar:/home/stbenjam/.m2/repository/org/springframework/data/spring-data-rest-core/2.6.10.RELEASE/spring-data-rest-core-2.6.10.RELEASE.jar:/home/stbenjam/.m2/repository/org/atteo/evo-inflector/1.2.2/evo-inflector-1.2.2.jar:/home/stbenjam/.m2/repository/org/slf4j/jcl-over-slf4j/1.7.25/jcl-over-slf4j-1.7.25.jar:/home/stbenjam/.m2/repository/org/springframework/boot/spring-boot-starter-web/1.5.10.RELEASE/spring-boot-starter-web-1.5.10.RELEASE.jar:/home/stbenjam/.m2/repository/org/springframework/boot/spring-boot-starter-tomcat/1.5.10.RELEASE/spring-boot-starter-tomcat-1.5.10.RELEASE.jar:/home/stbenjam/.m2/repository/org/apache/tomcat/embed/tomcat-embed-core/8.5.27/tomcat-embed-core-8.5.27.jar:/home/stbenjam/.m2/repository/org/apache/tomcat/tomcat-annotations-api/8.5.27/tomcat-annotations-api-8.5.27.jar:/home/stbenjam/.m2/repository/org/apache/tomcat/embed/tomcat-embed-el/8.5.27/tomcat-embed-el-8.5.27.jar:/home/stbenjam/.m2/repository/org/apache/tomcat/embed/tomcat-embed-websocket/8.5.27/tomcat-embed-websocket-8.5.27.jar:/home/stbenjam/.m2/repository/org/hibernate/hibernate-validator/5.3.6.Final/hibernate-validator-5.3.6.Final.jar:/home/stbenjam/.m2/repository/javax/validation/validation-api/1.1.0.Final/validation-api-1.1.0.Final.jar:/home/stbenjam/.m2/repository/org/jboss/logging/jboss-logging/3.3.1.Final/jboss-logging-3.3.1.Final.jar:/home/stbenjam/.m2/repository/org/springframework/spring-web/4.3.14.RELEASE/spring-web-4.3.14.RELEASE.jar:/home/stbenjam/.m2/repository/org/springframework/spring-webmvc/4.3.14.RELEASE/spring-webmvc-4.3.14.RELEASE.jar:/home/stbenjam/.m2/repository/org/springframework/spring-expression/4.3.14.RELEASE/spring-expression-4.3.14.RELEASE.jar:/home/stbenjam/.m2/repository/org/springframework/boot/spring-boot-starter-thymeleaf/1.5.10.RELEASE/spring-boot-starter-thymeleaf-1.5.10.RELEASE.jar:/home/stbenjam/.m2/repository/org/thymeleaf/thymeleaf-spring4/2.1.6.RELEASE/thymeleaf-spring4-2.1.6.RELEASE.jar:/home/stbenjam/.m2/repository/org/thymeleaf/thymeleaf/2.1.6.RELEASE/thymeleaf-2.1.6.RELEASE.jar:/home/stbenjam/.m2/repository/ognl/ognl/3.0.8/ognl-3.0.8.jar:/home/stbenjam/.m2/repository/org/unbescape/unbescape/1.1.0.RELEASE/unbescape-1.1.0.RELEASE.jar:/home/stbenjam/.m2/repository/nz/net/ultraq/thymeleaf/thymeleaf-layout-dialect/1.4.0/thymeleaf-layout-dialect-1.4.0.jar:/home/stbenjam/.m2/repository/org/codehaus/groovy/groovy/2.4.13/groovy-2.4.13.jar:/home/stbenjam/.m2/repository/org/springframework/boot/spring-boot-starter-test/1.5.10.RELEASE/spring-boot-starter-test-1.5.10.RELEASE.jar:/home/stbenjam/.m2/repository/org/springframework/boot/spring-boot-test/1.5.10.RELEASE/spring-boot-test-1.5.10.RELEASE.jar:/home/stbenjam/.m2/repository/org/springframework/boot/spring-boot-test-autoconfigure/1.5.10.RELEASE/spring-boot-test-autoconfigure-1.5.10.RELEASE.jar:/home/stbenjam/.m2/repository/com/jayway/jsonpath/json-path/2.2.0/json-path-2.2.0.jar:/home/stbenjam/.m2/repository/net/minidev/json-smart/2.2.1/json-smart-2.2.1.jar:/home/stbenjam/.m2/repository/net/minidev/accessors-smart/1.1/accessors-smart-1.1.jar:/home/stbenjam/.m2/repository/org/ow2/asm/asm/5.0.3/asm-5.0.3.jar:/home/stbenjam/.m2/repository/junit/junit/4.12/junit-4.12.jar:/home/stbenjam/.m2/repository/org/assertj/assertj-core/2.6.0/assertj-core-2.6.0.jar:/home/stbenjam/.m2/repository/org/mockito/mockito-core/1.10.19/mockito-core-1.10.19.jar:/home/stbenjam/.m2/repository/org/objenesis/objenesis/2.1/objenesis-2.1.jar:/home/stbenjam/.m2/repository/org/hamcrest/hamcrest-core/1.3/hamcrest-core-1.3.jar:/home/stbenjam/.m2/repository/org/hamcrest/hamcrest-library/1.3/hamcrest-library-1.3.jar:/home/stbenjam/.m2/repository/org/skyscreamer/jsonassert/1.4.0/jsonassert-1.4.0.jar:/home/stbenjam/.m2/repository/org/springframework/spring-core/4.3.14.RELEASE/spring-core-4.3.14.RELEASE.jar:/home/stbenjam/.m2/repository/org/springframework/spring-test/4.3.14.RELEASE/spring-test-4.3.14.RELEASE.jar:/home/stbenjam/.m2/repository/org/springframework/restdocs/spring-restdocs-mockmvc/1.1.3.RELEASE/spring-restdocs-mockmvc-1.1.3.RELEASE.jar:/home/stbenjam/.m2/repository/org/springframework/restdocs/spring-restdocs-core/1.1.3.RELEASE/spring-restdocs-core-1.1.3.RELEASE.jar:/home/stbenjam/.m2/repository/javax/servlet/javax.servlet-api/3.1.0/javax.servlet-api-3.1.0.jar:/home/stbenjam/.m2/repository/org/springframework/boot/spring-boot-starter-data-jpa/1.5.10.RELEASE/spring-boot-starter-data-jpa-1.5.10.RELEASE.jar:/home/stbenjam/.m2/repository/org/springframework/boot/spring-boot-starter-aop/1.5.10.RELEASE/spring-boot-starter-aop-1.5.10.RELEASE.jar:/home/stbenjam/.m2/repository/org/aspectj/aspectjweaver/1.8.13/aspectjweaver-1.8.13.jar:/home/stbenjam/.m2/repository/org/springframework/boot/spring-boot-starter-jdbc/1.5.10.RELEASE/spring-boot-starter-jdbc-1.5.10.RELEASE.jar:/home/stbenjam/.m2/repository/org/apache/tomcat/tomcat-jdbc/8.5.27/tomcat-jdbc-8.5.27.jar:/home/stbenjam/.m2/repository/org/apache/tomcat/tomcat-juli/8.5.27/tomcat-juli-8.5.27.jar:/home/stbenjam/.m2/repository/org/springframework/spring-jdbc/4.3.14.RELEASE/spring-jdbc-4.3.14.RELEASE.jar:/home/stbenjam/.m2/repository/org/hibernate/hibernate-core/5.0.12.Final/hibernate-core-5.0.12.Final.jar:/home/stbenjam/.m2/repository/org/hibernate/javax/persistence/hibernate-jpa-2.1-api/1.0.0.Final/hibernate-jpa-2.1-api-1.0.0.Final.jar:/home/stbenjam/.m2/repository/org/javassist/javassist/3.21.0-GA/javassist-3.21.0-GA.jar:/home/stbenjam/.m2/repository/antlr/antlr/2.7.7/antlr-2.7.7.jar:/home/stbenjam/.m2/repository/org/jboss/jandex/2.0.0.Final/jandex-2.0.0.Final.jar:/home/stbenjam/.m2/repository/dom4j/dom4j/1.6.1/dom4j-1.6.1.jar:/home/stbenjam/.m2/repository/org/hibernate/common/hibernate-commons-annotations/5.0.1.Final/hibernate-commons-annotations-5.0.1.Final.jar:/home/stbenjam/.m2/repository/org/hibernate/hibernate-entitymanager/5.0.12.Final/hibernate-entitymanager-5.0.12.Final.jar:/home/stbenjam/.m2/repository/javax/transaction/javax.transaction-api/1.2/javax.transaction-api-1.2.jar:/home/stbenjam/.m2/repository/org/springframework/data/spring-data-jpa/1.11.10.RELEASE/spring-data-jpa-1.11.10.RELEASE.jar:/home/stbenjam/.m2/repository/org/springframework/data/spring-data-commons/1.13.10.RELEASE/spring-data-commons-1.13.10.RELEASE.jar:/home/stbenjam/.m2/repository/org/springframework/spring-orm/4.3.14.RELEASE/spring-orm-4.3.14.RELEASE.jar:/home/stbenjam/.m2/repository/org/springframework/spring-tx/4.3.14.RELEASE/spring-tx-4.3.14.RELEASE.jar:/home/stbenjam/.m2/repository/org/springframework/spring-aspects/4.3.14.RELEASE/spring-aspects-4.3.14.RELEASE.jar:/home/stbenjam/.m2/repository/com/h2database/h2/1.4.196/h2-1.4.196.jar:/home/stbenjam/.m2/repository/org/postgresql/postgresql/9.4-1206-jdbc42/postgresql-9.4-1206-jdbc42.jar:/home/stbenjam/.m2/repository/log4j/log4j/1.2.17/log4j-1.2.17.jar:/home/stbenjam/.m2/repository/com/google/guava/guava/19.0/guava-19.0.jar:/home/stbenjam/.m2/repository/javax/mail/mail/1.4/mail-1.4.jar:/home/stbenjam/.m2/repository/javax/activation/activation/1.1/activation-1.1.jar:/home/stbenjam/.m2/repository/org/springframework/boot/spring-boot-starter-security/1.5.10.RELEASE/spring-boot-starter-security-1.5.10.RELEASE.jar:/home/stbenjam/.m2/repository/org/springframework/spring-aop/4.3.14.RELEASE/spring-aop-4.3.14.RELEASE.jar:/home/stbenjam/.m2/repository/org/springframework/security/spring-security-config/4.2.4.RELEASE/spring-security-config-4.2.4.RELEASE.jar:/home/stbenjam/.m2/repository/org/springframework/security/spring-security-web/4.2.4.RELEASE/spring-security-web-4.2.4.RELEASE.jar:/home/stbenjam/.m2/repository/org/springframework/boot/spring-boot-starter-mail/1.4.3.RELEASE/spring-boot-starter-mail-1.4.3.RELEASE.jar:/home/stbenjam/.m2/repository/org/springframework/spring-context/4.3.14.RELEASE/spring-context-4.3.14.RELEASE.jar:/home/stbenjam/.m2/repository/com/sun/mail/javax.mail/1.5.6/javax.mail-1.5.6.jar:/home/stbenjam/.m2/repository/com/icegreen/greenmail/1.5.5/greenmail-1.5.5.jar:/home/stbenjam/.m2/repository/org/slf4j/slf4j-api/1.7.25/slf4j-api-1.7.25.jar:/home/stbenjam/.m2/repository/org/springframework/security/spring-security-test/4.2.4.RELEASE/spring-security-test-4.2.4.RELEASE.jar:/home/stbenjam/.m2/repository/org/springframework/security/spring-security-core/4.2.4.RELEASE/spring-security-core-4.2.4.RELEASE.jar:/home/stbenjam/.m2/repository/aopalliance/aopalliance/1.0/aopalliance-1.0.jar:/home/stbenjam/.m2/repository/org/springframework/security/oauth/spring-security-oauth2/2.0.14.RELEASE/spring-security-oauth2-2.0.14.RELEASE.jar:/home/stbenjam/.m2/repository/org/springframework/spring-beans/4.3.14.RELEASE/spring-beans-4.3.14.RELEASE.jar:/home/stbenjam/.m2/repository/commons-codec/commons-codec/1.10/commons-codec-1.10.jar:/home/stbenjam/.m2/repository/org/codehaus/jackson/jackson-mapper-asl/1.9.13/jackson-mapper-asl-1.9.13.jar:/home/stbenjam/.m2/repository/org/codehaus/jackson/jackson-core-asl/1.9.13/jackson-core-asl-1.9.13.jar:/home/stbenjam/.m2/repository/io/springfox/springfox-swagger2/2.8.0/springfox-swagger2-2.8.0.jar:/home/stbenjam/.m2/repository/io/swagger/swagger-annotations/1.5.14/swagger-annotations-1.5.14.jar:/home/stbenjam/.m2/repository/io/swagger/swagger-models/1.5.14/swagger-models-1.5.14.jar:/home/stbenjam/.m2/repository/io/springfox/springfox-spi/2.8.0/springfox-spi-2.8.0.jar:/home/stbenjam/.m2/repository/io/springfox/springfox-core/2.8.0/springfox-core-2.8.0.jar:/home/stbenjam/.m2/repository/net/bytebuddy/byte-buddy/1.7.9/byte-buddy-1.7.9.jar:/home/stbenjam/.m2/repository/io/springfox/springfox-schema/2.8.0/springfox-schema-2.8.0.jar:/home/stbenjam/.m2/repository/io/springfox/springfox-swagger-common/2.8.0/springfox-swagger-common-2.8.0.jar:/home/stbenjam/.m2/repository/io/springfox/springfox-spring-web/2.8.0/springfox-spring-web-2.8.0.jar:/home/stbenjam/.m2/repository/org/reflections/reflections/0.9.11/reflections-0.9.11.jar:/home/stbenjam/.m2/repository/com/fasterxml/classmate/1.3.4/classmate-1.3.4.jar:/home/stbenjam/.m2/repository/org/springframework/plugin/spring-plugin-core/1.2.0.RELEASE/spring-plugin-core-1.2.0.RELEASE.jar:/home/stbenjam/.m2/repository/org/springframework/plugin/spring-plugin-metadata/1.2.0.RELEASE/spring-plugin-metadata-1.2.0.RELEASE.jar:/home/stbenjam/.m2/repository/org/mapstruct/mapstruct/1.2.0.Final/mapstruct-1.2.0.Final.jar:/home/stbenjam/.m2/repository/io/springfox/springfox-swagger-ui/2.8.0/springfox-swagger-ui-2.8.0.jar:/home/stbenjam/.m2/repository/io/springfox/springfox-data-rest/2.8.0/springfox-data-rest-2.8.0.jar:/home/stbenjam/.m2/repository/org/springframework/hateoas/spring-hateoas/0.23.0.RELEASE/spring-hateoas-0.23.0.RELEASE.jar:/home/stbenjam/.m2/repository/org/usb4java/usb4java-javax/1.2.0/usb4java-javax-1.2.0.jar:/home/stbenjam/.m2/repository/javax/usb/usb-api/1.0.2/usb-api-1.0.2.jar:/home/stbenjam/.m2/repository/org/apache/commons/commons-lang3/3.2.1/commons-lang3-3.2.1.jar:/home/stbenjam/.m2/repository/org/usb4java/usb4java/1.2.0/usb4java-1.2.0.jar:/home/stbenjam/.m2/repository/org/usb4java/libusb4java/1.2.0/libusb4java-1.2.0-linux-x86.jar:/home/stbenjam/.m2/repository/org/usb4java/libusb4java/1.2.0/libusb4java-1.2.0-linux-x86_64.jar:/home/stbenjam/.m2/repository/org/usb4java/libusb4java/1.2.0/libusb4java-1.2.0-linux-arm.jar:/home/stbenjam/.m2/repository/org/usb4java/libusb4java/1.2.0/libusb4java-1.2.0-windows-x86.jar:/home/stbenjam/.m2/repository/org/usb4java/libusb4java/1.2.0/libusb4java-1.2.0-windows-x86_64.jar:/home/stbenjam/.m2/repository/org/usb4java/libusb4java/1.2.0/libusb4java-1.2.0-osx-x86.jar:/home/stbenjam/.m2/repository/org/usb4java/libusb4java/1.2.0/libusb4java-1.2.0-osx-x86_64.jar:/home/stbenjam/.m2/repository/org/mockito/mockito-all/1.9.5/mockito-all-1.9.5.jar:/home/stbenjam/.m2/repository/com/fasterxml/jackson/core/jackson-databind/2.5.0/jackson-databind-2.5.0.jar:/home/stbenjam/.m2/repository/com/fasterxml/jackson/core/jackson-core/2.8.10/jackson-core-2.8.10.jar:/home/stbenjam/.m2/repository/com/vaadin/external/google/android-json/0.0.20131108.vaadin1/android-json-0.0.20131108.vaadin1.jar:/home/stbenjam/.m2/repository/com/tngtech/java/junit-dataprovider/1.13.1/junit-dataprovider-1.13.1.jar:/home/stbenjam/.m2/repository/org/springframework/spring-context-support/3.2.0.RELEASE/spring-context-support-3.2.0.RELEASE.jar:, user.name=stbenjam, java.vm.specification.version=1.8, sun.java.command=/home/stbenjam/git/h2ms/target/surefire/surefirebooter4923085358408019683.jar /home/stbenjam/git/h2ms/target/surefire/surefire6384590864609753023tmp /home/stbenjam/git/h2ms/target/surefire/surefire_07365849549389595586tmp, java.home=/usr/lib/jvm/java-1.8.0-openjdk-1.8.0.161-0.b14.fc27.x86_64/jre, sun.arch.data.model=64, user.language=en, java.specification.vendor=Oracle Corporation, awt.toolkit=sun.awt.X11.XToolkit, java.vm.info=mixed mode, java.version=1.8.0_161, java.ext.dirs=/usr/lib/jvm/java-1.8.0-openjdk-1.8.0.161-0.b14.fc27.x86_64/jre/lib/ext:/usr/java/packages/lib/ext, sun.boot.class.path=/usr/lib/jvm/java-1.8.0-openjdk-1.8.0.161-0.b14.fc27.x86_64/jre/lib/resources.jar:/usr/lib/jvm/java-1.8.0-openjdk-1.8.0.161-0.b14.fc27.x86_64/jre/lib/rt.jar:/usr/lib/jvm/java-1.8.0-openjdk-1.8.0.161-0.b14.fc27.x86_64/jre/lib/sunrsasign.jar:/usr/lib/jvm/java-1.8.0-openjdk-1.8.0.161-0.b14.fc27.x86_64/jre/lib/jsse.jar:/usr/lib/jvm/java-1.8.0-openjdk-1.8.0.161-0.b14.fc27.x86_64/jre/lib/jce.jar:/usr/lib/jvm/java-1.8.0-openjdk-1.8.0.161-0.b14.fc27.x86_64/jre/lib/charsets.jar:/usr/lib/jvm/java-1.8.0-openjdk-1.8.0.161-0.b14.fc27.x86_64/jre/lib/jfr.jar:/usr/lib/jvm/java-1.8.0-openjdk-1.8.0.161-0.b14.fc27.x86_64/jre/classes, java.vendor=Oracle Corporation, localRepository=/home/stbenjam/.m2/repository, file.separator=/, java.vendor.url.bug=http://bugreport.sun.com/bugreport/, sun.io.unicode.encoding=UnicodeLittle, sun.cpu.endian=little, sun.desktop=gnome, sun.cpu.isalist=}}, SystemEnvironmentPropertySource@905735620 {name='systemEnvironment', properties={IRBRC=/home/stbenjam/.rvm/rubies/ruby-2.3.3/.irbrc, PATH=/home/stbenjam/.rvm/gems/ruby-2.3.3/bin:/home/stbenjam/.rvm/gems/ruby-2.3.3@global/bin:/home/stbenjam/.rvm/rubies/ruby-2.3.3/bin:/usr/local/bin:/usr/bin:/bin:/usr/local/sbin:/usr/sbin:/home/stbenjam/.local/bin:/home/stbenjam/bin:/home/stbenjam/.rvm/bin, rvm_silent_flag=, HISTCONTROL=ignoredups, XMODIFIERS=@im=ibus, GDMSESSION=gnome-xorg, rvm_quiet_flag=, GUESTFISH_RESTORE=\e[0m, DBUS_SESSION_BUS_ADDRESS=unix:path=/run/user/1000/bus,guid=0ff0c73f492cc1dc3846ae835aac7cd0, COLORTERM=truecolor, rvm_ruby_make_install=, rvm_niceness=, SESSION_MANAGER=local/unix:@/tmp/.ICE-unix/1818,unix/unix:/tmp/.ICE-unix/1818, USERNAME=stbenjam, rvm_version=1.29.1 (latest), PWD=/home/stbenjam/git/h2ms, MANAGERPID=1759, LESSOPEN=||/usr/bin/lesspipe.sh %s, PAGER=less, QTINC=/usr/lib64/qt-3.3/include, rvm_hook=, rvm_wrapper_name=, MY_RUBY_HOME=/home/stbenjam/.rvm/rubies/ruby-2.3.3, rvm_nightly_flag=, ZSH=/home/stbenjam/.oh-my-zsh, rvm_path=/home/stbenjam/.rvm, GUESTFISH_INIT=\e[1;34m, GNOME_DESKTOP_SESSION_ID=this-is-deprecated, SYSTEMD_NSS_BYPASS_BUS=1, DBUS_STARTER_ADDRESS=unix:path=/run/user/1000/bus,guid=0ff0c73f492cc1dc3846ae835aac7cd0, LC_CTYPE=en_US.UTF-8, SHLVL=2, LOADEDMODULES=, HISTSIZE=10000, JAVA_HOME=/usr/lib/jvm/java-1.8.0-openjdk-1.8.0.161-0.b14.fc27.x86_64, TERM=xterm-256color, XDG_SESSION_ID=2, rvm_script_name=, rvm_ruby_make=, rvm_docs_type=, _=/usr/lib/jvm/java-1.8.0-openjdk-1.8.0.161-0.b14.fc27.x86_64/jre/bin/java, MAVEN_PROJECTBASEDIR=/home/stbenjam/git/h2ms, DESKTOP_SESSION=gnome-xorg, XDG_MENU_PREFIX=gnome-, VTE_VERSION=5002, rvm_alias_expanded=, rvm_ruby_bits=, GEM_PATH=/home/stbenjam/.rvm/gems/ruby-2.3.3:/home/stbenjam/.rvm/gems/ruby-2.3.3@global, TILIX_ID=df6230d2-2679-42ab-bd7f-667d05988153, XAUTHORITY=/run/user/1000/gdm/Xauthority, INVOCATION_ID=2a8a59bd24d3424f8a519125eeaea755, XDG_DATA_DIRS=/home/stbenjam/.local/share/flatpak/exports/share/:/var/lib/flatpak/exports/share/:/usr/local/share/:/usr/share/, MODULEPATH=/etc/scl/modulefiles:/etc/scl/modulefiles:/usr/share/Modules/modulefiles:/etc/modulefiles:/usr/share/modulefiles, rvm_bin_flag=, VAGRANT_DEFAULT_PROVIDER=libvirt, XDG_CURRENT_DESKTOP=GNOME, JOURNAL_STREAM=9:35277, MAIL=/var/spool/mail/stbenjam, rvm_ruby_mode=, LOGNAME=stbenjam, rvm_proxy=, SHELL=/bin/zsh, rvm_sdk=, OLDPWD=/home/stbenjam/git/h2ms, GEM_HOME=/home/stbenjam/.rvm/gems/ruby-2.3.3, rvm_use_flag=, GIT=/bin/git, RUBY_VERSION=ruby-2.3.3, _system_name=Fedora, LESS=-R, XDG_SESSION_DESKTOP=gnome-xorg, LS_COLORS=rs=0:di=38;5;33:ln=38;5;51:mh=00:pi=40;38;5;11:so=38;5;13:do=38;5;5:bd=48;5;232;38;5;11:cd=48;5;232;38;5;3:or=48;5;232;38;5;9:mi=01;05;37;41:su=48;5;196;38;5;15:sg=48;5;11;38;5;16:ca=48;5;196;38;5;226:tw=48;5;10;38;5;16:ow=48;5;10;38;5;21:st=48;5;21;38;5;15:ex=38;5;40:*.tar=38;5;9:*.tgz=38;5;9:*.arc=38;5;9:*.arj=38;5;9:*.taz=38;5;9:*.lha=38;5;9:*.lz4=38;5;9:*.lzh=38;5;9:*.lzma=38;5;9:*.tlz=38;5;9:*.txz=38;5;9:*.tzo=38;5;9:*.t7z=38;5;9:*.zip=38;5;9:*.z=38;5;9:*.Z=38;5;9:*.dz=38;5;9:*.gz=38;5;9:*.lrz=38;5;9:*.lz=38;5;9:*.lzo=38;5;9:*.xz=38;5;9:*.zst=38;5;9:*.tzst=38;5;9:*.bz2=38;5;9:*.bz=38;5;9:*.tbz=38;5;9:*.tbz2=38;5;9:*.tz=38;5;9:*.deb=38;5;9:*.rpm=38;5;9:*.jar=38;5;9:*.war=38;5;9:*.ear=38;5;9:*.sar=38;5;9:*.rar=38;5;9:*.alz=38;5;9:*.ace=38;5;9:*.zoo=38;5;9:*.cpio=38;5;9:*.7z=38;5;9:*.rz=38;5;9:*.cab=38;5;9:*.wim=38;5;9:*.swm=38;5;9:*.dwm=38;5;9:*.esd=38;5;9:*.jpg=38;5;13:*.jpeg=38;5;13:*.mjpg=38;5;13:*.mjpeg=38;5;13:*.gif=38;5;13:*.bmp=38;5;13:*.pbm=38;5;13:*.pgm=38;5;13:*.ppm=38;5;13:*.tga=38;5;13:*.xbm=38;5;13:*.xpm=38;5;13:*.tif=38;5;13:*.tiff=38;5;13:*.png=38;5;13:*.svg=38;5;13:*.svgz=38;5;13:*.mng=38;5;13:*.pcx=38;5;13:*.mov=38;5;13:*.mpg=38;5;13:*.mpeg=38;5;13:*.m2v=38;5;13:*.mkv=38;5;13:*.webm=38;5;13:*.ogm=38;5;13:*.mp4=38;5;13:*.m4v=38;5;13:*.mp4v=38;5;13:*.vob=38;5;13:*.qt=38;5;13:*.nuv=38;5;13:*.wmv=38;5;13:*.asf=38;5;13:*.rm=38;5;13:*.rmvb=38;5;13:*.flc=38;5;13:*.avi=38;5;13:*.fli=38;5;13:*.flv=38;5;13:*.gl=38;5;13:*.dl=38;5;13:*.xcf=38;5;13:*.xwd=38;5;13:*.yuv=38;5;13:*.cgm=38;5;13:*.emf=38;5;13:*.ogv=38;5;13:*.ogx=38;5;13:*.aac=38;5;45:*.au=38;5;45:*.flac=38;5;45:*.m4a=38;5;45:*.mid=38;5;45:*.midi=38;5;45:*.mka=38;5;45:*.mp3=38;5;45:*.mpc=38;5;45:*.ogg=38;5;45:*.ra=38;5;45:*.wav=38;5;45:*.oga=38;5;45:*.opus=38;5;45:*.spx=38;5;45:*.xspf=38;5;45:, rvm_gemstone_package_file=, _system_arch=x86_64, rvm_bin_path=/home/stbenjam/.rvm/bin, QT_IM_MODULE=ibus, rvm_only_path_flag=, rvm_prefix=/home/stbenjam, LANG=en_US.UTF-8, XDG_SESSION_TYPE=x11, DISPLAY=:0, rvm_gemstone_url=, GDM_LANG=en_US.UTF-8, GUESTFISH_PS1=\[\e[1;32m\]><fs>\[\e[0;31m\] , LSCOLORS=Gxfxcxdxbxegedabagacad, _system_type=Linux, _system_version=27, GPG_TTY=/dev/pts/1, USER=stbenjam, rvm_ruby_file=, WINDOWPATH=2, XDG_SEAT=seat0, SSH_AUTH_SOCK=/run/user/1000/keyring/ssh, EDITOR=vim, HOSTNAME=ancient.bitbin.de, MODULESHOME=/usr/share/Modules, QTDIR=/usr/lib64/qt-3.3, XDG_RUNTIME_DIR=/run/user/1000, XDG_VTNR=2, GUESTFISH_OUTPUT=\e[0m, DBUS_STARTER_BUS_TYPE=session, QTLIB=/usr/lib64/qt-3.3/lib, HOME=/home/stbenjam}}]
21:06:42.808 [main] DEBUG org.springframework.core.io.support.PathMatchingResourcePatternResolver - Resolved classpath location [edu/harvard/h2ms/service/] to resources [URL [file:/home/stbenjam/git/h2ms/target/test-classes/edu/harvard/h2ms/service/], URL [file:/home/stbenjam/git/h2ms/target/classes/edu/harvard/h2ms/service/]]
21:06:42.808 [main] DEBUG org.springframework.core.io.support.PathMatchingResourcePatternResolver - Looking for matching resources in directory tree [/home/stbenjam/git/h2ms/target/test-classes/edu/harvard/h2ms/service]
21:06:42.809 [main] DEBUG org.springframework.core.io.support.PathMatchingResourcePatternResolver - Searching directory [/home/stbenjam/git/h2ms/target/test-classes/edu/harvard/h2ms/service] for files matching pattern [/home/stbenjam/git/h2ms/target/test-classes/edu/harvard/h2ms/service/*.class]
21:06:42.811 [main] DEBUG org.springframework.core.io.support.PathMatchingResourcePatternResolver - Looking for matching resources in directory tree [/home/stbenjam/git/h2ms/target/classes/edu/harvard/h2ms/service]
21:06:42.812 [main] DEBUG org.springframework.core.io.support.PathMatchingResourcePatternResolver - Searching directory [/home/stbenjam/git/h2ms/target/classes/edu/harvard/h2ms/service] for files matching pattern [/home/stbenjam/git/h2ms/target/classes/edu/harvard/h2ms/service/*.class]
21:06:42.814 [main] DEBUG org.springframework.core.io.support.PathMatchingResourcePatternResolver - Resolved location pattern [classpath*:edu/harvard/h2ms/service/*.class] to resources [file [/home/stbenjam/git/h2ms/target/test-classes/edu/harvard/h2ms/service/LocationServiceTests.class], file [/home/stbenjam/git/h2ms/target/test-classes/edu/harvard/h2ms/service/UserDetailsServiceTest$UserDetailsServiceContextConfiguration.class], file [/home/stbenjam/git/h2ms/target/test-classes/edu/harvard/h2ms/service/UserDetailsServiceTest.class], file [/home/stbenjam/git/h2ms/target/classes/edu/harvard/h2ms/service/EmailService.class], file [/home/stbenjam/git/h2ms/target/classes/edu/harvard/h2ms/service/EmailServiceImpl.class], file [/home/stbenjam/git/h2ms/target/classes/edu/harvard/h2ms/service/EventService.class], file [/home/stbenjam/git/h2ms/target/classes/edu/harvard/h2ms/service/EventServiceImpl.class], file [/home/stbenjam/git/h2ms/target/classes/edu/harvard/h2ms/service/ManagementDashboardService.class], file [/home/stbenjam/git/h2ms/target/classes/edu/harvard/h2ms/service/ManagementDashboardServiceImpl.class], file [/home/stbenjam/git/h2ms/target/classes/edu/harvard/h2ms/service/RfidScannerService.class], file [/home/stbenjam/git/h2ms/target/classes/edu/harvard/h2ms/service/RfidScannerServiceImpl.class], file [/home/stbenjam/git/h2ms/target/classes/edu/harvard/h2ms/service/UserDetailsServiceImpl.class], file [/home/stbenjam/git/h2ms/target/classes/edu/harvard/h2ms/service/UserService.class], file [/home/stbenjam/git/h2ms/target/classes/edu/harvard/h2ms/service/UserServiceImpl.class]]
21:06:42.882 [main] DEBUG org.springframework.core.io.support.PathMatchingResourcePatternResolver - Resolved classpath location [edu/harvard/h2ms/] to resources [URL [file:/home/stbenjam/git/h2ms/target/test-classes/edu/harvard/h2ms/], URL [file:/home/stbenjam/git/h2ms/target/classes/edu/harvard/h2ms/]]
21:06:42.883 [main] DEBUG org.springframework.core.io.support.PathMatchingResourcePatternResolver - Looking for matching resources in directory tree [/home/stbenjam/git/h2ms/target/test-classes/edu/harvard/h2ms]
21:06:42.883 [main] DEBUG org.springframework.core.io.support.PathMatchingResourcePatternResolver - Searching directory [/home/stbenjam/git/h2ms/target/test-classes/edu/harvard/h2ms] for files matching pattern [/home/stbenjam/git/h2ms/target/test-classes/edu/harvard/h2ms/*.class]
21:06:42.886 [main] DEBUG org.springframework.core.io.support.PathMatchingResourcePatternResolver - Looking for matching resources in directory tree [/home/stbenjam/git/h2ms/target/classes/edu/harvard/h2ms]
21:06:42.886 [main] DEBUG org.springframework.core.io.support.PathMatchingResourcePatternResolver - Searching directory [/home/stbenjam/git/h2ms/target/classes/edu/harvard/h2ms] for files matching pattern [/home/stbenjam/git/h2ms/target/classes/edu/harvard/h2ms/*.class]
21:06:42.887 [main] DEBUG org.springframework.core.io.support.PathMatchingResourcePatternResolver - Resolved location pattern [classpath*:edu/harvard/h2ms/*.class] to resources [file [/home/stbenjam/git/h2ms/target/classes/edu/harvard/h2ms/H2MSRestAppInitializer.class]]
21:06:42.931 [main] DEBUG org.springframework.context.annotation.ClassPathScanningCandidateComponentProvider - Identified candidate component class: file [/home/stbenjam/git/h2ms/target/classes/edu/harvard/h2ms/H2MSRestAppInitializer.class]
21:06:42.932 [main] INFO org.springframework.boot.test.context.SpringBootTestContextBootstrapper - Found @SpringBootConfiguration edu.harvard.h2ms.H2MSRestAppInitializer for test class edu.harvard.h2ms.service.LocationServiceTests
21:06:42.936 [main] DEBUG org.springframework.boot.test.context.SpringBootTestContextBootstrapper - @TestExecutionListeners is not present for class [edu.harvard.h2ms.service.LocationServiceTests]: using defaults.
21:06:42.940 [main] INFO org.springframework.boot.test.context.SpringBootTestContextBootstrapper - Loaded default TestExecutionListener class names from location [META-INF/spring.factories]: [org.springframework.boot.test.mock.mockito.MockitoTestExecutionListener, org.springframework.boot.test.mock.mockito.ResetMocksTestExecutionListener, org.springframework.boot.test.autoconfigure.restdocs.RestDocsTestExecutionListener, org.springframework.boot.test.autoconfigure.web.client.MockRestServiceServerResetTestExecutionListener, org.springframework.boot.test.autoconfigure.web.servlet.MockMvcPrintOnlyOnFailureTestExecutionListener, org.springframework.boot.test.autoconfigure.web.servlet.WebDriverTestExecutionListener, org.springframework.test.context.web.ServletTestExecutionListener, org.springframework.test.context.support.DirtiesContextBeforeModesTestExecutionListener, org.springframework.test.context.support.DependencyInjectionTestExecutionListener, org.springframework.test.context.support.DirtiesContextTestExecutionListener, org.springframework.test.context.transaction.TransactionalTestExecutionListener, org.springframework.test.context.jdbc.SqlScriptsTestExecutionListener, org.springframework.security.test.context.support.WithSecurityContextTestExecutionListener]
21:06:42.985 [main] INFO org.springframework.boot.test.context.SpringBootTestContextBootstrapper - Using TestExecutionListeners: [org.springframework.test.context.web.ServletTestExecutionListener@63021689, org.springframework.test.context.support.DirtiesContextBeforeModesTestExecutionListener@703580bf, org.springframework.boot.test.autoconfigure.SpringBootDependencyInjectionTestExecutionListener@3e92efc3, org.springframework.test.context.support.DirtiesContextTestExecutionListener@1622f1b, org.springframework.test.context.transaction.TransactionalTestExecutionListener@72a7c7e0, org.springframework.test.context.jdbc.SqlScriptsTestExecutionListener@2e4b8173, org.springframework.security.test.context.support.WithSecurityContextTestExecutionListener@70e8f8e, org.springframework.boot.test.mock.mockito.MockitoTestExecutionListener@17046283, org.springframework.boot.test.mock.mockito.ResetMocksTestExecutionListener@5bd03f44, org.springframework.boot.test.autoconfigure.restdocs.RestDocsTestExecutionListener@29626d54, org.springframework.boot.test.autoconfigure.web.client.MockRestServiceServerResetTestExecutionListener@5a63f509, org.springframework.boot.test.autoconfigure.web.servlet.MockMvcPrintOnlyOnFailureTestExecutionListener@6e4784bc, org.springframework.boot.test.autoconfigure.web.servlet.WebDriverTestExecutionListener@34b7ac2f]
21:06:43.045 [main] DEBUG org.springframework.test.context.junit4.SpringJUnit4ClassRunner - SpringJUnit4ClassRunner constructor called with [class edu.harvard.h2ms.service.UserDetailsServiceTest]
21:06:43.046 [main] DEBUG org.springframework.test.context.BootstrapUtils - Instantiating CacheAwareContextLoaderDelegate from class [org.springframework.test.context.cache.DefaultCacheAwareContextLoaderDelegate]
21:06:43.046 [main] DEBUG org.springframework.test.context.BootstrapUtils - Instantiating BootstrapContext using constructor [public org.springframework.test.context.support.DefaultBootstrapContext(java.lang.Class,org.springframework.test.context.CacheAwareContextLoaderDelegate)]
21:06:43.046 [main] DEBUG org.springframework.test.context.BootstrapUtils - Instantiating TestContextBootstrapper for test class [edu.harvard.h2ms.service.UserDetailsServiceTest] from class [org.springframework.test.context.support.DefaultTestContextBootstrapper]
21:06:43.053 [main] INFO org.springframework.test.context.support.DefaultTestContextBootstrapper - Neither @ContextConfiguration nor @ContextHierarchy found for test class [edu.harvard.h2ms.service.UserDetailsServiceTest], using DelegatingSmartContextLoader
21:06:43.056 [main] DEBUG org.springframework.test.context.support.AbstractDelegatingSmartContextLoader - Delegating to GenericGroovyXmlContextLoader to process context configuration [ContextConfigurationAttributes@79e2c065 declaringClass = 'edu.harvard.h2ms.service.UserDetailsServiceTest', classes = '{}', locations = '{}', inheritLocations = false, initializers = '{}', inheritInitializers = true, name = [null], contextLoaderClass = 'org.springframework.test.context.ContextLoader'].
21:06:43.057 [main] DEBUG org.springframework.test.context.support.AbstractContextLoader - Did not detect default resource location for test class [edu.harvard.h2ms.service.UserDetailsServiceTest]: class path resource [edu/harvard/h2ms/service/UserDetailsServiceTest-context.xml] does not exist
21:06:43.058 [main] DEBUG org.springframework.test.context.support.AbstractContextLoader - Did not detect default resource location for test class [edu.harvard.h2ms.service.UserDetailsServiceTest]: class path resource [edu/harvard/h2ms/service/UserDetailsServiceTestContext.groovy] does not exist
21:06:43.058 [main] INFO org.springframework.test.context.support.AbstractContextLoader - Could not detect default resource locations for test class [edu.harvard.h2ms.service.UserDetailsServiceTest]: no resource found for suffixes {-context.xml, Context.groovy}.
21:06:43.058 [main] DEBUG org.springframework.test.context.support.AbstractDelegatingSmartContextLoader - Delegating to AnnotationConfigContextLoader to process context configuration [ContextConfigurationAttributes@79e2c065 declaringClass = 'edu.harvard.h2ms.service.UserDetailsServiceTest', classes = '{}', locations = '{}', inheritLocations = false, initializers = '{}', inheritInitializers = true, name = [null], contextLoaderClass = 'org.springframework.test.context.ContextLoader'].
21:06:43.064 [main] INFO org.springframework.test.context.support.AbstractDelegatingSmartContextLoader - AnnotationConfigContextLoader detected default configuration classes for context configuration [ContextConfigurationAttributes@79e2c065 declaringClass = 'edu.harvard.h2ms.service.UserDetailsServiceTest', classes = '{class edu.harvard.h2ms.service.UserDetailsServiceTest$UserDetailsServiceContextConfiguration}', locations = '{}', inheritLocations = false, initializers = '{}', inheritInitializers = true, name = [null], contextLoaderClass = 'org.springframework.test.context.ContextLoader'].
21:06:43.085 [main] DEBUG org.springframework.test.context.support.ActiveProfilesUtils - Could not find an 'annotation declaring class' for annotation type [org.springframework.test.context.ActiveProfiles] and class [edu.harvard.h2ms.service.UserDetailsServiceTest]
21:06:43.086 [main] DEBUG org.springframework.test.context.support.DefaultTestContextBootstrapper - @TestExecutionListeners is not present for class [edu.harvard.h2ms.service.UserDetailsServiceTest]: using defaults.
21:06:43.088 [main] INFO org.springframework.test.context.support.DefaultTestContextBootstrapper - Loaded default TestExecutionListener class names from location [META-INF/spring.factories]: [org.springframework.boot.test.mock.mockito.MockitoTestExecutionListener, org.springframework.boot.test.mock.mockito.ResetMocksTestExecutionListener, org.springframework.boot.test.autoconfigure.restdocs.RestDocsTestExecutionListener, org.springframework.boot.test.autoconfigure.web.client.MockRestServiceServerResetTestExecutionListener, org.springframework.boot.test.autoconfigure.web.servlet.MockMvcPrintOnlyOnFailureTestExecutionListener, org.springframework.boot.test.autoconfigure.web.servlet.WebDriverTestExecutionListener, org.springframework.test.context.web.ServletTestExecutionListener, org.springframework.test.context.support.DirtiesContextBeforeModesTestExecutionListener, org.springframework.test.context.support.DependencyInjectionTestExecutionListener, org.springframework.test.context.support.DirtiesContextTestExecutionListener, org.springframework.test.context.transaction.TransactionalTestExecutionListener, org.springframework.test.context.jdbc.SqlScriptsTestExecutionListener, org.springframework.security.test.context.support.WithSecurityContextTestExecutionListener]
21:06:43.089 [main] INFO org.springframework.test.context.support.DefaultTestContextBootstrapper - Using TestExecutionListeners: [org.springframework.test.context.web.ServletTestExecutionListener@6302bbb1, org.springframework.test.context.support.DirtiesContextBeforeModesTestExecutionListener@31304f14, org.springframework.test.context.support.DependencyInjectionTestExecutionListener@34a3d150, org.springframework.test.context.support.DirtiesContextTestExecutionListener@2a4fb17b, org.springframework.test.context.transaction.TransactionalTestExecutionListener@5c6648b0, org.springframework.test.context.jdbc.SqlScriptsTestExecutionListener@6f1de4c7, org.springframework.security.test.context.support.WithSecurityContextTestExecutionListener@459e9125, org.springframework.boot.test.mock.mockito.MockitoTestExecutionListener@128d2484, org.springframework.boot.test.mock.mockito.ResetMocksTestExecutionListener@7cc0cdad, org.springframework.boot.test.autoconfigure.restdocs.RestDocsTestExecutionListener@7c7b252e, org.springframework.boot.test.autoconfigure.web.client.MockRestServiceServerResetTestExecutionListener@4d5d943d, org.springframework.boot.test.autoconfigure.web.servlet.MockMvcPrintOnlyOnFailureTestExecutionListener@368f2016, org.springframework.boot.test.autoconfigure.web.servlet.WebDriverTestExecutionListener@4c583ecf]
21:06:43.091 [main] DEBUG org.springframework.test.context.junit4.SpringJUnit4ClassRunner - SpringJUnit4ClassRunner constructor called with [class edu.harvard.h2ms.domain.core.UserTest]
21:06:43.091 [main] DEBUG org.springframework.test.context.BootstrapUtils - Instantiating CacheAwareContextLoaderDelegate from class [org.springframework.test.context.cache.DefaultCacheAwareContextLoaderDelegate]
21:06:43.092 [main] DEBUG org.springframework.test.context.BootstrapUtils - Instantiating BootstrapContext using constructor [public org.springframework.test.context.support.DefaultBootstrapContext(java.lang.Class,org.springframework.test.context.CacheAwareContextLoaderDelegate)]
21:06:43.092 [main] DEBUG org.springframework.test.context.BootstrapUtils - Instantiating TestContextBootstrapper for test class [edu.harvard.h2ms.domain.core.UserTest] from class [org.springframework.boot.test.context.SpringBootTestContextBootstrapper]
21:06:43.093 [main] INFO org.springframework.boot.test.context.SpringBootTestContextBootstrapper - Neither @ContextConfiguration nor @ContextHierarchy found for test class [edu.harvard.h2ms.domain.core.UserTest], using SpringBootContextLoader
21:06:43.094 [main] DEBUG org.springframework.test.context.support.AbstractContextLoader - Did not detect default resource location for test class [edu.harvard.h2ms.domain.core.UserTest]: class path resource [edu/harvard/h2ms/domain/core/UserTest-context.xml] does not exist
21:06:43.095 [main] DEBUG org.springframework.test.context.support.AbstractContextLoader - Did not detect default resource location for test class [edu.harvard.h2ms.domain.core.UserTest]: class path resource [edu/harvard/h2ms/domain/core/UserTestContext.groovy] does not exist
21:06:43.096 [main] INFO org.springframework.test.context.support.AbstractContextLoader - Could not detect default resource locations for test class [edu.harvard.h2ms.domain.core.UserTest]: no resource found for suffixes {-context.xml, Context.groovy}.
21:06:43.096 [main] INFO org.springframework.test.context.support.AnnotationConfigContextLoaderUtils - Could not detect default configuration classes for test class [edu.harvard.h2ms.domain.core.UserTest]: UserTest does not declare any static, non-private, non-final, nested classes annotated with @Configuration.
21:06:43.135 [main] DEBUG org.springframework.test.context.support.ActiveProfilesUtils - Could not find an 'annotation declaring class' for annotation type [org.springframework.test.context.ActiveProfiles] and class [edu.harvard.h2ms.domain.core.UserTest]
21:06:43.136 [main] DEBUG org.springframework.core.env.StandardEnvironment - Adding PropertySource 'systemProperties' with lowest search precedence
21:06:43.136 [main] DEBUG org.springframework.core.env.StandardEnvironment - Adding PropertySource 'systemEnvironment' with lowest search precedence
21:06:43.137 [main] DEBUG org.springframework.core.env.StandardEnvironment - Initialized StandardEnvironment with PropertySources [MapPropertySource@1276611190 {name='systemProperties', properties={java.runtime.name=OpenJDK Runtime Environment, sun.boot.library.path=/usr/lib/jvm/java-1.8.0-openjdk-1.8.0.161-0.b14.fc27.x86_64/jre/lib/amd64, java.vm.version=25.161-b14, java.vm.vendor=Oracle Corporation, java.vendor.url=http://java.oracle.com/, path.separator=:, java.vm.name=OpenJDK 64-Bit Server VM, file.encoding.pkg=sun.io, user.country=US, sun.java.launcher=SUN_STANDARD, sun.os.patch.level=unknown, java.vm.specification.name=Java Virtual Machine Specification, user.dir=/home/stbenjam/git/h2ms, java.runtime.version=1.8.0_161-b14, basedir=/home/stbenjam/git/h2ms, java.awt.graphicsenv=sun.awt.X11GraphicsEnvironment, java.endorsed.dirs=/usr/lib/jvm/java-1.8.0-openjdk-1.8.0.161-0.b14.fc27.x86_64/jre/lib/endorsed, os.arch=amd64, surefire.real.class.path=/home/stbenjam/git/h2ms/target/surefire/surefirebooter4923085358408019683.jar, java.io.tmpdir=/tmp, line.separator=
, java.vm.specification.vendor=Oracle Corporation, os.name=Linux, sun.jnu.encoding=UTF-8, java.library.path=/usr/java/packages/lib/amd64:/usr/lib64:/lib64:/lib:/usr/lib, surefire.test.class.path=/home/stbenjam/git/h2ms/target/test-classes:/home/stbenjam/git/h2ms/target/classes:/home/stbenjam/.m2/repository/org/springframework/boot/spring-boot-starter-data-rest/1.5.10.RELEASE/spring-boot-starter-data-rest-1.5.10.RELEASE.jar:/home/stbenjam/.m2/repository/org/springframework/boot/spring-boot-starter/1.5.10.RELEASE/spring-boot-starter-1.5.10.RELEASE.jar:/home/stbenjam/.m2/repository/org/springframework/boot/spring-boot/1.5.10.RELEASE/spring-boot-1.5.10.RELEASE.jar:/home/stbenjam/.m2/repository/org/springframework/boot/spring-boot-autoconfigure/1.5.10.RELEASE/spring-boot-autoconfigure-1.5.10.RELEASE.jar:/home/stbenjam/.m2/repository/org/springframework/boot/spring-boot-starter-logging/1.5.10.RELEASE/spring-boot-starter-logging-1.5.10.RELEASE.jar:/home/stbenjam/.m2/repository/ch/qos/logback/logback-classic/1.1.11/logback-classic-1.1.11.jar:/home/stbenjam/.m2/repository/ch/qos/logback/logback-core/1.1.11/logback-core-1.1.11.jar:/home/stbenjam/.m2/repository/org/slf4j/jul-to-slf4j/1.7.25/jul-to-slf4j-1.7.25.jar:/home/stbenjam/.m2/repository/org/slf4j/log4j-over-slf4j/1.7.25/log4j-over-slf4j-1.7.25.jar:/home/stbenjam/.m2/repository/org/yaml/snakeyaml/1.17/snakeyaml-1.17.jar:/home/stbenjam/.m2/repository/com/fasterxml/jackson/core/jackson-annotations/2.8.0/jackson-annotations-2.8.0.jar:/home/stbenjam/.m2/repository/org/springframework/data/spring-data-rest-webmvc/2.6.10.RELEASE/spring-data-rest-webmvc-2.6.10.RELEASE.jar:/home/stbenjam/.m2/repository/org/springframework/data/spring-data-rest-core/2.6.10.RELEASE/spring-data-rest-core-2.6.10.RELEASE.jar:/home/stbenjam/.m2/repository/org/atteo/evo-inflector/1.2.2/evo-inflector-1.2.2.jar:/home/stbenjam/.m2/repository/org/slf4j/jcl-over-slf4j/1.7.25/jcl-over-slf4j-1.7.25.jar:/home/stbenjam/.m2/repository/org/springframework/boot/spring-boot-starter-web/1.5.10.RELEASE/spring-boot-starter-web-1.5.10.RELEASE.jar:/home/stbenjam/.m2/repository/org/springframework/boot/spring-boot-starter-tomcat/1.5.10.RELEASE/spring-boot-starter-tomcat-1.5.10.RELEASE.jar:/home/stbenjam/.m2/repository/org/apache/tomcat/embed/tomcat-embed-core/8.5.27/tomcat-embed-core-8.5.27.jar:/home/stbenjam/.m2/repository/org/apache/tomcat/tomcat-annotations-api/8.5.27/tomcat-annotations-api-8.5.27.jar:/home/stbenjam/.m2/repository/org/apache/tomcat/embed/tomcat-embed-el/8.5.27/tomcat-embed-el-8.5.27.jar:/home/stbenjam/.m2/repository/org/apache/tomcat/embed/tomcat-embed-websocket/8.5.27/tomcat-embed-websocket-8.5.27.jar:/home/stbenjam/.m2/repository/org/hibernate/hibernate-validator/5.3.6.Final/hibernate-validator-5.3.6.Final.jar:/home/stbenjam/.m2/repository/javax/validation/validation-api/1.1.0.Final/validation-api-1.1.0.Final.jar:/home/stbenjam/.m2/repository/org/jboss/logging/jboss-logging/3.3.1.Final/jboss-logging-3.3.1.Final.jar:/home/stbenjam/.m2/repository/org/springframework/spring-web/4.3.14.RELEASE/spring-web-4.3.14.RELEASE.jar:/home/stbenjam/.m2/repository/org/springframework/spring-webmvc/4.3.14.RELEASE/spring-webmvc-4.3.14.RELEASE.jar:/home/stbenjam/.m2/repository/org/springframework/spring-expression/4.3.14.RELEASE/spring-expression-4.3.14.RELEASE.jar:/home/stbenjam/.m2/repository/org/springframework/boot/spring-boot-starter-thymeleaf/1.5.10.RELEASE/spring-boot-starter-thymeleaf-1.5.10.RELEASE.jar:/home/stbenjam/.m2/repository/org/thymeleaf/thymeleaf-spring4/2.1.6.RELEASE/thymeleaf-spring4-2.1.6.RELEASE.jar:/home/stbenjam/.m2/repository/org/thymeleaf/thymeleaf/2.1.6.RELEASE/thymeleaf-2.1.6.RELEASE.jar:/home/stbenjam/.m2/repository/ognl/ognl/3.0.8/ognl-3.0.8.jar:/home/stbenjam/.m2/repository/org/unbescape/unbescape/1.1.0.RELEASE/unbescape-1.1.0.RELEASE.jar:/home/stbenjam/.m2/repository/nz/net/ultraq/thymeleaf/thymeleaf-layout-dialect/1.4.0/thymeleaf-layout-dialect-1.4.0.jar:/home/stbenjam/.m2/repository/org/codehaus/groovy/groovy/2.4.13/groovy-2.4.13.jar:/home/stbenjam/.m2/repository/org/springframework/boot/spring-boot-starter-test/1.5.10.RELEASE/spring-boot-starter-test-1.5.10.RELEASE.jar:/home/stbenjam/.m2/repository/org/springframework/boot/spring-boot-test/1.5.10.RELEASE/spring-boot-test-1.5.10.RELEASE.jar:/home/stbenjam/.m2/repository/org/springframework/boot/spring-boot-test-autoconfigure/1.5.10.RELEASE/spring-boot-test-autoconfigure-1.5.10.RELEASE.jar:/home/stbenjam/.m2/repository/com/jayway/jsonpath/json-path/2.2.0/json-path-2.2.0.jar:/home/stbenjam/.m2/repository/net/minidev/json-smart/2.2.1/json-smart-2.2.1.jar:/home/stbenjam/.m2/repository/net/minidev/accessors-smart/1.1/accessors-smart-1.1.jar:/home/stbenjam/.m2/repository/org/ow2/asm/asm/5.0.3/asm-5.0.3.jar:/home/stbenjam/.m2/repository/junit/junit/4.12/junit-4.12.jar:/home/stbenjam/.m2/repository/org/assertj/assertj-core/2.6.0/assertj-core-2.6.0.jar:/home/stbenjam/.m2/repository/org/mockito/mockito-core/1.10.19/mockito-core-1.10.19.jar:/home/stbenjam/.m2/repository/org/objenesis/objenesis/2.1/objenesis-2.1.jar:/home/stbenjam/.m2/repository/org/hamcrest/hamcrest-core/1.3/hamcrest-core-1.3.jar:/home/stbenjam/.m2/repository/org/hamcrest/hamcrest-library/1.3/hamcrest-library-1.3.jar:/home/stbenjam/.m2/repository/org/skyscreamer/jsonassert/1.4.0/jsonassert-1.4.0.jar:/home/stbenjam/.m2/repository/org/springframework/spring-core/4.3.14.RELEASE/spring-core-4.3.14.RELEASE.jar:/home/stbenjam/.m2/repository/org/springframework/spring-test/4.3.14.RELEASE/spring-test-4.3.14.RELEASE.jar:/home/stbenjam/.m2/repository/org/springframework/restdocs/spring-restdocs-mockmvc/1.1.3.RELEASE/spring-restdocs-mockmvc-1.1.3.RELEASE.jar:/home/stbenjam/.m2/repository/org/springframework/restdocs/spring-restdocs-core/1.1.3.RELEASE/spring-restdocs-core-1.1.3.RELEASE.jar:/home/stbenjam/.m2/repository/javax/servlet/javax.servlet-api/3.1.0/javax.servlet-api-3.1.0.jar:/home/stbenjam/.m2/repository/org/springframework/boot/spring-boot-starter-data-jpa/1.5.10.RELEASE/spring-boot-starter-data-jpa-1.5.10.RELEASE.jar:/home/stbenjam/.m2/repository/org/springframework/boot/spring-boot-starter-aop/1.5.10.RELEASE/spring-boot-starter-aop-1.5.10.RELEASE.jar:/home/stbenjam/.m2/repository/org/aspectj/aspectjweaver/1.8.13/aspectjweaver-1.8.13.jar:/home/stbenjam/.m2/repository/org/springframework/boot/spring-boot-starter-jdbc/1.5.10.RELEASE/spring-boot-starter-jdbc-1.5.10.RELEASE.jar:/home/stbenjam/.m2/repository/org/apache/tomcat/tomcat-jdbc/8.5.27/tomcat-jdbc-8.5.27.jar:/home/stbenjam/.m2/repository/org/apache/tomcat/tomcat-juli/8.5.27/tomcat-juli-8.5.27.jar:/home/stbenjam/.m2/repository/org/springframework/spring-jdbc/4.3.14.RELEASE/spring-jdbc-4.3.14.RELEASE.jar:/home/stbenjam/.m2/repository/org/hibernate/hibernate-core/5.0.12.Final/hibernate-core-5.0.12.Final.jar:/home/stbenjam/.m2/repository/org/hibernate/javax/persistence/hibernate-jpa-2.1-api/1.0.0.Final/hibernate-jpa-2.1-api-1.0.0.Final.jar:/home/stbenjam/.m2/repository/org/javassist/javassist/3.21.0-GA/javassist-3.21.0-GA.jar:/home/stbenjam/.m2/repository/antlr/antlr/2.7.7/antlr-2.7.7.jar:/home/stbenjam/.m2/repository/org/jboss/jandex/2.0.0.Final/jandex-2.0.0.Final.jar:/home/stbenjam/.m2/repository/dom4j/dom4j/1.6.1/dom4j-1.6.1.jar:/home/stbenjam/.m2/repository/org/hibernate/common/hibernate-commons-annotations/5.0.1.Final/hibernate-commons-annotations-5.0.1.Final.jar:/home/stbenjam/.m2/repository/org/hibernate/hibernate-entitymanager/5.0.12.Final/hibernate-entitymanager-5.0.12.Final.jar:/home/stbenjam/.m2/repository/javax/transaction/javax.transaction-api/1.2/javax.transaction-api-1.2.jar:/home/stbenjam/.m2/repository/org/springframework/data/spring-data-jpa/1.11.10.RELEASE/spring-data-jpa-1.11.10.RELEASE.jar:/home/stbenjam/.m2/repository/org/springframework/data/spring-data-commons/1.13.10.RELEASE/spring-data-commons-1.13.10.RELEASE.jar:/home/stbenjam/.m2/repository/org/springframework/spring-orm/4.3.14.RELEASE/spring-orm-4.3.14.RELEASE.jar:/home/stbenjam/.m2/repository/org/springframework/spring-tx/4.3.14.RELEASE/spring-tx-4.3.14.RELEASE.jar:/home/stbenjam/.m2/repository/org/springframework/spring-aspects/4.3.14.RELEASE/spring-aspects-4.3.14.RELEASE.jar:/home/stbenjam/.m2/repository/com/h2database/h2/1.4.196/h2-1.4.196.jar:/home/stbenjam/.m2/repository/org/postgresql/postgresql/9.4-1206-jdbc42/postgresql-9.4-1206-jdbc42.jar:/home/stbenjam/.m2/repository/log4j/log4j/1.2.17/log4j-1.2.17.jar:/home/stbenjam/.m2/repository/com/google/guava/guava/19.0/guava-19.0.jar:/home/stbenjam/.m2/repository/javax/mail/mail/1.4/mail-1.4.jar:/home/stbenjam/.m2/repository/javax/activation/activation/1.1/activation-1.1.jar:/home/stbenjam/.m2/repository/org/springframework/boot/spring-boot-starter-security/1.5.10.RELEASE/spring-boot-starter-security-1.5.10.RELEASE.jar:/home/stbenjam/.m2/repository/org/springframework/spring-aop/4.3.14.RELEASE/spring-aop-4.3.14.RELEASE.jar:/home/stbenjam/.m2/repository/org/springframework/security/spring-security-config/4.2.4.RELEASE/spring-security-config-4.2.4.RELEASE.jar:/home/stbenjam/.m2/repository/org/springframework/security/spring-security-web/4.2.4.RELEASE/spring-security-web-4.2.4.RELEASE.jar:/home/stbenjam/.m2/repository/org/springframework/boot/spring-boot-starter-mail/1.4.3.RELEASE/spring-boot-starter-mail-1.4.3.RELEASE.jar:/home/stbenjam/.m2/repository/org/springframework/spring-context/4.3.14.RELEASE/spring-context-4.3.14.RELEASE.jar:/home/stbenjam/.m2/repository/com/sun/mail/javax.mail/1.5.6/javax.mail-1.5.6.jar:/home/stbenjam/.m2/repository/com/icegreen/greenmail/1.5.5/greenmail-1.5.5.jar:/home/stbenjam/.m2/repository/org/slf4j/slf4j-api/1.7.25/slf4j-api-1.7.25.jar:/home/stbenjam/.m2/repository/org/springframework/security/spring-security-test/4.2.4.RELEASE/spring-security-test-4.2.4.RELEASE.jar:/home/stbenjam/.m2/repository/org/springframework/security/spring-security-core/4.2.4.RELEASE/spring-security-core-4.2.4.RELEASE.jar:/home/stbenjam/.m2/repository/aopalliance/aopalliance/1.0/aopalliance-1.0.jar:/home/stbenjam/.m2/repository/org/springframework/security/oauth/spring-security-oauth2/2.0.14.RELEASE/spring-security-oauth2-2.0.14.RELEASE.jar:/home/stbenjam/.m2/repository/org/springframework/spring-beans/4.3.14.RELEASE/spring-beans-4.3.14.RELEASE.jar:/home/stbenjam/.m2/repository/commons-codec/commons-codec/1.10/commons-codec-1.10.jar:/home/stbenjam/.m2/repository/org/codehaus/jackson/jackson-mapper-asl/1.9.13/jackson-mapper-asl-1.9.13.jar:/home/stbenjam/.m2/repository/org/codehaus/jackson/jackson-core-asl/1.9.13/jackson-core-asl-1.9.13.jar:/home/stbenjam/.m2/repository/io/springfox/springfox-swagger2/2.8.0/springfox-swagger2-2.8.0.jar:/home/stbenjam/.m2/repository/io/swagger/swagger-annotations/1.5.14/swagger-annotations-1.5.14.jar:/home/stbenjam/.m2/repository/io/swagger/swagger-models/1.5.14/swagger-models-1.5.14.jar:/home/stbenjam/.m2/repository/io/springfox/springfox-spi/2.8.0/springfox-spi-2.8.0.jar:/home/stbenjam/.m2/repository/io/springfox/springfox-core/2.8.0/springfox-core-2.8.0.jar:/home/stbenjam/.m2/repository/net/bytebuddy/byte-buddy/1.7.9/byte-buddy-1.7.9.jar:/home/stbenjam/.m2/repository/io/springfox/springfox-schema/2.8.0/springfox-schema-2.8.0.jar:/home/stbenjam/.m2/repository/io/springfox/springfox-swagger-common/2.8.0/springfox-swagger-common-2.8.0.jar:/home/stbenjam/.m2/repository/io/springfox/springfox-spring-web/2.8.0/springfox-spring-web-2.8.0.jar:/home/stbenjam/.m2/repository/org/reflections/reflections/0.9.11/reflections-0.9.11.jar:/home/stbenjam/.m2/repository/com/fasterxml/classmate/1.3.4/classmate-1.3.4.jar:/home/stbenjam/.m2/repository/org/springframework/plugin/spring-plugin-core/1.2.0.RELEASE/spring-plugin-core-1.2.0.RELEASE.jar:/home/stbenjam/.m2/repository/org/springframework/plugin/spring-plugin-metadata/1.2.0.RELEASE/spring-plugin-metadata-1.2.0.RELEASE.jar:/home/stbenjam/.m2/repository/org/mapstruct/mapstruct/1.2.0.Final/mapstruct-1.2.0.Final.jar:/home/stbenjam/.m2/repository/io/springfox/springfox-swagger-ui/2.8.0/springfox-swagger-ui-2.8.0.jar:/home/stbenjam/.m2/repository/io/springfox/springfox-data-rest/2.8.0/springfox-data-rest-2.8.0.jar:/home/stbenjam/.m2/repository/org/springframework/hateoas/spring-hateoas/0.23.0.RELEASE/spring-hateoas-0.23.0.RELEASE.jar:/home/stbenjam/.m2/repository/org/usb4java/usb4java-javax/1.2.0/usb4java-javax-1.2.0.jar:/home/stbenjam/.m2/repository/javax/usb/usb-api/1.0.2/usb-api-1.0.2.jar:/home/stbenjam/.m2/repository/org/apache/commons/commons-lang3/3.2.1/commons-lang3-3.2.1.jar:/home/stbenjam/.m2/repository/org/usb4java/usb4java/1.2.0/usb4java-1.2.0.jar:/home/stbenjam/.m2/repository/org/usb4java/libusb4java/1.2.0/libusb4java-1.2.0-linux-x86.jar:/home/stbenjam/.m2/repository/org/usb4java/libusb4java/1.2.0/libusb4java-1.2.0-linux-x86_64.jar:/home/stbenjam/.m2/repository/org/usb4java/libusb4java/1.2.0/libusb4java-1.2.0-linux-arm.jar:/home/stbenjam/.m2/repository/org/usb4java/libusb4java/1.2.0/libusb4java-1.2.0-windows-x86.jar:/home/stbenjam/.m2/repository/org/usb4java/libusb4java/1.2.0/libusb4java-1.2.0-windows-x86_64.jar:/home/stbenjam/.m2/repository/org/usb4java/libusb4java/1.2.0/libusb4java-1.2.0-osx-x86.jar:/home/stbenjam/.m2/repository/org/usb4java/libusb4java/1.2.0/libusb4java-1.2.0-osx-x86_64.jar:/home/stbenjam/.m2/repository/org/mockito/mockito-all/1.9.5/mockito-all-1.9.5.jar:/home/stbenjam/.m2/repository/com/fasterxml/jackson/core/jackson-databind/2.5.0/jackson-databind-2.5.0.jar:/home/stbenjam/.m2/repository/com/fasterxml/jackson/core/jackson-core/2.8.10/jackson-core-2.8.10.jar:/home/stbenjam/.m2/repository/com/vaadin/external/google/android-json/0.0.20131108.vaadin1/android-json-0.0.20131108.vaadin1.jar:/home/stbenjam/.m2/repository/com/tngtech/java/junit-dataprovider/1.13.1/junit-dataprovider-1.13.1.jar:/home/stbenjam/.m2/repository/org/springframework/spring-context-support/3.2.0.RELEASE/spring-context-support-3.2.0.RELEASE.jar:, java.specification.name=Java Platform API Specification, java.class.version=52.0, sun.management.compiler=HotSpot 64-Bit Tiered Compilers, os.version=4.14.14-300.fc27.x86_64, user.home=/home/stbenjam, user.timezone=America/New_York, java.awt.printerjob=sun.print.PSPrinterJob, file.encoding=UTF-8, java.specification.version=1.8, java.class.path=/home/stbenjam/git/h2ms/target/test-classes:/home/stbenjam/git/h2ms/target/classes:/home/stbenjam/.m2/repository/org/springframework/boot/spring-boot-starter-data-rest/1.5.10.RELEASE/spring-boot-starter-data-rest-1.5.10.RELEASE.jar:/home/stbenjam/.m2/repository/org/springframework/boot/spring-boot-starter/1.5.10.RELEASE/spring-boot-starter-1.5.10.RELEASE.jar:/home/stbenjam/.m2/repository/org/springframework/boot/spring-boot/1.5.10.RELEASE/spring-boot-1.5.10.RELEASE.jar:/home/stbenjam/.m2/repository/org/springframework/boot/spring-boot-autoconfigure/1.5.10.RELEASE/spring-boot-autoconfigure-1.5.10.RELEASE.jar:/home/stbenjam/.m2/repository/org/springframework/boot/spring-boot-starter-logging/1.5.10.RELEASE/spring-boot-starter-logging-1.5.10.RELEASE.jar:/home/stbenjam/.m2/repository/ch/qos/logback/logback-classic/1.1.11/logback-classic-1.1.11.jar:/home/stbenjam/.m2/repository/ch/qos/logback/logback-core/1.1.11/logback-core-1.1.11.jar:/home/stbenjam/.m2/repository/org/slf4j/jul-to-slf4j/1.7.25/jul-to-slf4j-1.7.25.jar:/home/stbenjam/.m2/repository/org/slf4j/log4j-over-slf4j/1.7.25/log4j-over-slf4j-1.7.25.jar:/home/stbenjam/.m2/repository/org/yaml/snakeyaml/1.17/snakeyaml-1.17.jar:/home/stbenjam/.m2/repository/com/fasterxml/jackson/core/jackson-annotations/2.8.0/jackson-annotations-2.8.0.jar:/home/stbenjam/.m2/repository/org/springframework/data/spring-data-rest-webmvc/2.6.10.RELEASE/spring-data-rest-webmvc-2.6.10.RELEASE.jar:/home/stbenjam/.m2/repository/org/springframework/data/spring-data-rest-core/2.6.10.RELEASE/spring-data-rest-core-2.6.10.RELEASE.jar:/home/stbenjam/.m2/repository/org/atteo/evo-inflector/1.2.2/evo-inflector-1.2.2.jar:/home/stbenjam/.m2/repository/org/slf4j/jcl-over-slf4j/1.7.25/jcl-over-slf4j-1.7.25.jar:/home/stbenjam/.m2/repository/org/springframework/boot/spring-boot-starter-web/1.5.10.RELEASE/spring-boot-starter-web-1.5.10.RELEASE.jar:/home/stbenjam/.m2/repository/org/springframework/boot/spring-boot-starter-tomcat/1.5.10.RELEASE/spring-boot-starter-tomcat-1.5.10.RELEASE.jar:/home/stbenjam/.m2/repository/org/apache/tomcat/embed/tomcat-embed-core/8.5.27/tomcat-embed-core-8.5.27.jar:/home/stbenjam/.m2/repository/org/apache/tomcat/tomcat-annotations-api/8.5.27/tomcat-annotations-api-8.5.27.jar:/home/stbenjam/.m2/repository/org/apache/tomcat/embed/tomcat-embed-el/8.5.27/tomcat-embed-el-8.5.27.jar:/home/stbenjam/.m2/repository/org/apache/tomcat/embed/tomcat-embed-websocket/8.5.27/tomcat-embed-websocket-8.5.27.jar:/home/stbenjam/.m2/repository/org/hibernate/hibernate-validator/5.3.6.Final/hibernate-validator-5.3.6.Final.jar:/home/stbenjam/.m2/repository/javax/validation/validation-api/1.1.0.Final/validation-api-1.1.0.Final.jar:/home/stbenjam/.m2/repository/org/jboss/logging/jboss-logging/3.3.1.Final/jboss-logging-3.3.1.Final.jar:/home/stbenjam/.m2/repository/org/springframework/spring-web/4.3.14.RELEASE/spring-web-4.3.14.RELEASE.jar:/home/stbenjam/.m2/repository/org/springframework/spring-webmvc/4.3.14.RELEASE/spring-webmvc-4.3.14.RELEASE.jar:/home/stbenjam/.m2/repository/org/springframework/spring-expression/4.3.14.RELEASE/spring-expression-4.3.14.RELEASE.jar:/home/stbenjam/.m2/repository/org/springframework/boot/spring-boot-starter-thymeleaf/1.5.10.RELEASE/spring-boot-starter-thymeleaf-1.5.10.RELEASE.jar:/home/stbenjam/.m2/repository/org/thymeleaf/thymeleaf-spring4/2.1.6.RELEASE/thymeleaf-spring4-2.1.6.RELEASE.jar:/home/stbenjam/.m2/repository/org/thymeleaf/thymeleaf/2.1.6.RELEASE/thymeleaf-2.1.6.RELEASE.jar:/home/stbenjam/.m2/repository/ognl/ognl/3.0.8/ognl-3.0.8.jar:/home/stbenjam/.m2/repository/org/unbescape/unbescape/1.1.0.RELEASE/unbescape-1.1.0.RELEASE.jar:/home/stbenjam/.m2/repository/nz/net/ultraq/thymeleaf/thymeleaf-layout-dialect/1.4.0/thymeleaf-layout-dialect-1.4.0.jar:/home/stbenjam/.m2/repository/org/codehaus/groovy/groovy/2.4.13/groovy-2.4.13.jar:/home/stbenjam/.m2/repository/org/springframework/boot/spring-boot-starter-test/1.5.10.RELEASE/spring-boot-starter-test-1.5.10.RELEASE.jar:/home/stbenjam/.m2/repository/org/springframework/boot/spring-boot-test/1.5.10.RELEASE/spring-boot-test-1.5.10.RELEASE.jar:/home/stbenjam/.m2/repository/org/springframework/boot/spring-boot-test-autoconfigure/1.5.10.RELEASE/spring-boot-test-autoconfigure-1.5.10.RELEASE.jar:/home/stbenjam/.m2/repository/com/jayway/jsonpath/json-path/2.2.0/json-path-2.2.0.jar:/home/stbenjam/.m2/repository/net/minidev/json-smart/2.2.1/json-smart-2.2.1.jar:/home/stbenjam/.m2/repository/net/minidev/accessors-smart/1.1/accessors-smart-1.1.jar:/home/stbenjam/.m2/repository/org/ow2/asm/asm/5.0.3/asm-5.0.3.jar:/home/stbenjam/.m2/repository/junit/junit/4.12/junit-4.12.jar:/home/stbenjam/.m2/repository/org/assertj/assertj-core/2.6.0/assertj-core-2.6.0.jar:/home/stbenjam/.m2/repository/org/mockito/mockito-core/1.10.19/mockito-core-1.10.19.jar:/home/stbenjam/.m2/repository/org/objenesis/objenesis/2.1/objenesis-2.1.jar:/home/stbenjam/.m2/repository/org/hamcrest/hamcrest-core/1.3/hamcrest-core-1.3.jar:/home/stbenjam/.m2/repository/org/hamcrest/hamcrest-library/1.3/hamcrest-library-1.3.jar:/home/stbenjam/.m2/repository/org/skyscreamer/jsonassert/1.4.0/jsonassert-1.4.0.jar:/home/stbenjam/.m2/repository/org/springframework/spring-core/4.3.14.RELEASE/spring-core-4.3.14.RELEASE.jar:/home/stbenjam/.m2/repository/org/springframework/spring-test/4.3.14.RELEASE/spring-test-4.3.14.RELEASE.jar:/home/stbenjam/.m2/repository/org/springframework/restdocs/spring-restdocs-mockmvc/1.1.3.RELEASE/spring-restdocs-mockmvc-1.1.3.RELEASE.jar:/home/stbenjam/.m2/repository/org/springframework/restdocs/spring-restdocs-core/1.1.3.RELEASE/spring-restdocs-core-1.1.3.RELEASE.jar:/home/stbenjam/.m2/repository/javax/servlet/javax.servlet-api/3.1.0/javax.servlet-api-3.1.0.jar:/home/stbenjam/.m2/repository/org/springframework/boot/spring-boot-starter-data-jpa/1.5.10.RELEASE/spring-boot-starter-data-jpa-1.5.10.RELEASE.jar:/home/stbenjam/.m2/repository/org/springframework/boot/spring-boot-starter-aop/1.5.10.RELEASE/spring-boot-starter-aop-1.5.10.RELEASE.jar:/home/stbenjam/.m2/repository/org/aspectj/aspectjweaver/1.8.13/aspectjweaver-1.8.13.jar:/home/stbenjam/.m2/repository/org/springframework/boot/spring-boot-starter-jdbc/1.5.10.RELEASE/spring-boot-starter-jdbc-1.5.10.RELEASE.jar:/home/stbenjam/.m2/repository/org/apache/tomcat/tomcat-jdbc/8.5.27/tomcat-jdbc-8.5.27.jar:/home/stbenjam/.m2/repository/org/apache/tomcat/tomcat-juli/8.5.27/tomcat-juli-8.5.27.jar:/home/stbenjam/.m2/repository/org/springframework/spring-jdbc/4.3.14.RELEASE/spring-jdbc-4.3.14.RELEASE.jar:/home/stbenjam/.m2/repository/org/hibernate/hibernate-core/5.0.12.Final/hibernate-core-5.0.12.Final.jar:/home/stbenjam/.m2/repository/org/hibernate/javax/persistence/hibernate-jpa-2.1-api/1.0.0.Final/hibernate-jpa-2.1-api-1.0.0.Final.jar:/home/stbenjam/.m2/repository/org/javassist/javassist/3.21.0-GA/javassist-3.21.0-GA.jar:/home/stbenjam/.m2/repository/antlr/antlr/2.7.7/antlr-2.7.7.jar:/home/stbenjam/.m2/repository/org/jboss/jandex/2.0.0.Final/jandex-2.0.0.Final.jar:/home/stbenjam/.m2/repository/dom4j/dom4j/1.6.1/dom4j-1.6.1.jar:/home/stbenjam/.m2/repository/org/hibernate/common/hibernate-commons-annotations/5.0.1.Final/hibernate-commons-annotations-5.0.1.Final.jar:/home/stbenjam/.m2/repository/org/hibernate/hibernate-entitymanager/5.0.12.Final/hibernate-entitymanager-5.0.12.Final.jar:/home/stbenjam/.m2/repository/javax/transaction/javax.transaction-api/1.2/javax.transaction-api-1.2.jar:/home/stbenjam/.m2/repository/org/springframework/data/spring-data-jpa/1.11.10.RELEASE/spring-data-jpa-1.11.10.RELEASE.jar:/home/stbenjam/.m2/repository/org/springframework/data/spring-data-commons/1.13.10.RELEASE/spring-data-commons-1.13.10.RELEASE.jar:/home/stbenjam/.m2/repository/org/springframework/spring-orm/4.3.14.RELEASE/spring-orm-4.3.14.RELEASE.jar:/home/stbenjam/.m2/repository/org/springframework/spring-tx/4.3.14.RELEASE/spring-tx-4.3.14.RELEASE.jar:/home/stbenjam/.m2/repository/org/springframework/spring-aspects/4.3.14.RELEASE/spring-aspects-4.3.14.RELEASE.jar:/home/stbenjam/.m2/repository/com/h2database/h2/1.4.196/h2-1.4.196.jar:/home/stbenjam/.m2/repository/org/postgresql/postgresql/9.4-1206-jdbc42/postgresql-9.4-1206-jdbc42.jar:/home/stbenjam/.m2/repository/log4j/log4j/1.2.17/log4j-1.2.17.jar:/home/stbenjam/.m2/repository/com/google/guava/guava/19.0/guava-19.0.jar:/home/stbenjam/.m2/repository/javax/mail/mail/1.4/mail-1.4.jar:/home/stbenjam/.m2/repository/javax/activation/activation/1.1/activation-1.1.jar:/home/stbenjam/.m2/repository/org/springframework/boot/spring-boot-starter-security/1.5.10.RELEASE/spring-boot-starter-security-1.5.10.RELEASE.jar:/home/stbenjam/.m2/repository/org/springframework/spring-aop/4.3.14.RELEASE/spring-aop-4.3.14.RELEASE.jar:/home/stbenjam/.m2/repository/org/springframework/security/spring-security-config/4.2.4.RELEASE/spring-security-config-4.2.4.RELEASE.jar:/home/stbenjam/.m2/repository/org/springframework/security/spring-security-web/4.2.4.RELEASE/spring-security-web-4.2.4.RELEASE.jar:/home/stbenjam/.m2/repository/org/springframework/boot/spring-boot-starter-mail/1.4.3.RELEASE/spring-boot-starter-mail-1.4.3.RELEASE.jar:/home/stbenjam/.m2/repository/org/springframework/spring-context/4.3.14.RELEASE/spring-context-4.3.14.RELEASE.jar:/home/stbenjam/.m2/repository/com/sun/mail/javax.mail/1.5.6/javax.mail-1.5.6.jar:/home/stbenjam/.m2/repository/com/icegreen/greenmail/1.5.5/greenmail-1.5.5.jar:/home/stbenjam/.m2/repository/org/slf4j/slf4j-api/1.7.25/slf4j-api-1.7.25.jar:/home/stbenjam/.m2/repository/org/springframework/security/spring-security-test/4.2.4.RELEASE/spring-security-test-4.2.4.RELEASE.jar:/home/stbenjam/.m2/repository/org/springframework/security/spring-security-core/4.2.4.RELEASE/spring-security-core-4.2.4.RELEASE.jar:/home/stbenjam/.m2/repository/aopalliance/aopalliance/1.0/aopalliance-1.0.jar:/home/stbenjam/.m2/repository/org/springframework/security/oauth/spring-security-oauth2/2.0.14.RELEASE/spring-security-oauth2-2.0.14.RELEASE.jar:/home/stbenjam/.m2/repository/org/springframework/spring-beans/4.3.14.RELEASE/spring-beans-4.3.14.RELEASE.jar:/home/stbenjam/.m2/repository/commons-codec/commons-codec/1.10/commons-codec-1.10.jar:/home/stbenjam/.m2/repository/org/codehaus/jackson/jackson-mapper-asl/1.9.13/jackson-mapper-asl-1.9.13.jar:/home/stbenjam/.m2/repository/org/codehaus/jackson/jackson-core-asl/1.9.13/jackson-core-asl-1.9.13.jar:/home/stbenjam/.m2/repository/io/springfox/springfox-swagger2/2.8.0/springfox-swagger2-2.8.0.jar:/home/stbenjam/.m2/repository/io/swagger/swagger-annotations/1.5.14/swagger-annotations-1.5.14.jar:/home/stbenjam/.m2/repository/io/swagger/swagger-models/1.5.14/swagger-models-1.5.14.jar:/home/stbenjam/.m2/repository/io/springfox/springfox-spi/2.8.0/springfox-spi-2.8.0.jar:/home/stbenjam/.m2/repository/io/springfox/springfox-core/2.8.0/springfox-core-2.8.0.jar:/home/stbenjam/.m2/repository/net/bytebuddy/byte-buddy/1.7.9/byte-buddy-1.7.9.jar:/home/stbenjam/.m2/repository/io/springfox/springfox-schema/2.8.0/springfox-schema-2.8.0.jar:/home/stbenjam/.m2/repository/io/springfox/springfox-swagger-common/2.8.0/springfox-swagger-common-2.8.0.jar:/home/stbenjam/.m2/repository/io/springfox/springfox-spring-web/2.8.0/springfox-spring-web-2.8.0.jar:/home/stbenjam/.m2/repository/org/reflections/reflections/0.9.11/reflections-0.9.11.jar:/home/stbenjam/.m2/repository/com/fasterxml/classmate/1.3.4/classmate-1.3.4.jar:/home/stbenjam/.m2/repository/org/springframework/plugin/spring-plugin-core/1.2.0.RELEASE/spring-plugin-core-1.2.0.RELEASE.jar:/home/stbenjam/.m2/repository/org/springframework/plugin/spring-plugin-metadata/1.2.0.RELEASE/spring-plugin-metadata-1.2.0.RELEASE.jar:/home/stbenjam/.m2/repository/org/mapstruct/mapstruct/1.2.0.Final/mapstruct-1.2.0.Final.jar:/home/stbenjam/.m2/repository/io/springfox/springfox-swagger-ui/2.8.0/springfox-swagger-ui-2.8.0.jar:/home/stbenjam/.m2/repository/io/springfox/springfox-data-rest/2.8.0/springfox-data-rest-2.8.0.jar:/home/stbenjam/.m2/repository/org/springframework/hateoas/spring-hateoas/0.23.0.RELEASE/spring-hateoas-0.23.0.RELEASE.jar:/home/stbenjam/.m2/repository/org/usb4java/usb4java-javax/1.2.0/usb4java-javax-1.2.0.jar:/home/stbenjam/.m2/repository/javax/usb/usb-api/1.0.2/usb-api-1.0.2.jar:/home/stbenjam/.m2/repository/org/apache/commons/commons-lang3/3.2.1/commons-lang3-3.2.1.jar:/home/stbenjam/.m2/repository/org/usb4java/usb4java/1.2.0/usb4java-1.2.0.jar:/home/stbenjam/.m2/repository/org/usb4java/libusb4java/1.2.0/libusb4java-1.2.0-linux-x86.jar:/home/stbenjam/.m2/repository/org/usb4java/libusb4java/1.2.0/libusb4java-1.2.0-linux-x86_64.jar:/home/stbenjam/.m2/repository/org/usb4java/libusb4java/1.2.0/libusb4java-1.2.0-linux-arm.jar:/home/stbenjam/.m2/repository/org/usb4java/libusb4java/1.2.0/libusb4java-1.2.0-windows-x86.jar:/home/stbenjam/.m2/repository/org/usb4java/libusb4java/1.2.0/libusb4java-1.2.0-windows-x86_64.jar:/home/stbenjam/.m2/repository/org/usb4java/libusb4java/1.2.0/libusb4java-1.2.0-osx-x86.jar:/home/stbenjam/.m2/repository/org/usb4java/libusb4java/1.2.0/libusb4java-1.2.0-osx-x86_64.jar:/home/stbenjam/.m2/repository/org/mockito/mockito-all/1.9.5/mockito-all-1.9.5.jar:/home/stbenjam/.m2/repository/com/fasterxml/jackson/core/jackson-databind/2.5.0/jackson-databind-2.5.0.jar:/home/stbenjam/.m2/repository/com/fasterxml/jackson/core/jackson-core/2.8.10/jackson-core-2.8.10.jar:/home/stbenjam/.m2/repository/com/vaadin/external/google/android-json/0.0.20131108.vaadin1/android-json-0.0.20131108.vaadin1.jar:/home/stbenjam/.m2/repository/com/tngtech/java/junit-dataprovider/1.13.1/junit-dataprovider-1.13.1.jar:/home/stbenjam/.m2/repository/org/springframework/spring-context-support/3.2.0.RELEASE/spring-context-support-3.2.0.RELEASE.jar:, user.name=stbenjam, java.vm.specification.version=1.8, sun.java.command=/home/stbenjam/git/h2ms/target/surefire/surefirebooter4923085358408019683.jar /home/stbenjam/git/h2ms/target/surefire/surefire6384590864609753023tmp /home/stbenjam/git/h2ms/target/surefire/surefire_07365849549389595586tmp, java.home=/usr/lib/jvm/java-1.8.0-openjdk-1.8.0.161-0.b14.fc27.x86_64/jre, sun.arch.data.model=64, user.language=en, java.specification.vendor=Oracle Corporation, awt.toolkit=sun.awt.X11.XToolkit, java.vm.info=mixed mode, java.version=1.8.0_161, java.ext.dirs=/usr/lib/jvm/java-1.8.0-openjdk-1.8.0.161-0.b14.fc27.x86_64/jre/lib/ext:/usr/java/packages/lib/ext, sun.boot.class.path=/usr/lib/jvm/java-1.8.0-openjdk-1.8.0.161-0.b14.fc27.x86_64/jre/lib/resources.jar:/usr/lib/jvm/java-1.8.0-openjdk-1.8.0.161-0.b14.fc27.x86_64/jre/lib/rt.jar:/usr/lib/jvm/java-1.8.0-openjdk-1.8.0.161-0.b14.fc27.x86_64/jre/lib/sunrsasign.jar:/usr/lib/jvm/java-1.8.0-openjdk-1.8.0.161-0.b14.fc27.x86_64/jre/lib/jsse.jar:/usr/lib/jvm/java-1.8.0-openjdk-1.8.0.161-0.b14.fc27.x86_64/jre/lib/jce.jar:/usr/lib/jvm/java-1.8.0-openjdk-1.8.0.161-0.b14.fc27.x86_64/jre/lib/charsets.jar:/usr/lib/jvm/java-1.8.0-openjdk-1.8.0.161-0.b14.fc27.x86_64/jre/lib/jfr.jar:/usr/lib/jvm/java-1.8.0-openjdk-1.8.0.161-0.b14.fc27.x86_64/jre/classes, java.vendor=Oracle Corporation, localRepository=/home/stbenjam/.m2/repository, file.separator=/, java.vendor.url.bug=http://bugreport.sun.com/bugreport/, sun.io.unicode.encoding=UnicodeLittle, sun.cpu.endian=little, sun.desktop=gnome, sun.cpu.isalist=}}, SystemEnvironmentPropertySource@262457445 {name='systemEnvironment', properties={IRBRC=/home/stbenjam/.rvm/rubies/ruby-2.3.3/.irbrc, PATH=/home/stbenjam/.rvm/gems/ruby-2.3.3/bin:/home/stbenjam/.rvm/gems/ruby-2.3.3@global/bin:/home/stbenjam/.rvm/rubies/ruby-2.3.3/bin:/usr/local/bin:/usr/bin:/bin:/usr/local/sbin:/usr/sbin:/home/stbenjam/.local/bin:/home/stbenjam/bin:/home/stbenjam/.rvm/bin, rvm_silent_flag=, HISTCONTROL=ignoredups, XMODIFIERS=@im=ibus, GDMSESSION=gnome-xorg, rvm_quiet_flag=, GUESTFISH_RESTORE=\e[0m, DBUS_SESSION_BUS_ADDRESS=unix:path=/run/user/1000/bus,guid=0ff0c73f492cc1dc3846ae835aac7cd0, COLORTERM=truecolor, rvm_ruby_make_install=, rvm_niceness=, SESSION_MANAGER=local/unix:@/tmp/.ICE-unix/1818,unix/unix:/tmp/.ICE-unix/1818, USERNAME=stbenjam, rvm_version=1.29.1 (latest), PWD=/home/stbenjam/git/h2ms, MANAGERPID=1759, LESSOPEN=||/usr/bin/lesspipe.sh %s, PAGER=less, QTINC=/usr/lib64/qt-3.3/include, rvm_hook=, rvm_wrapper_name=, MY_RUBY_HOME=/home/stbenjam/.rvm/rubies/ruby-2.3.3, rvm_nightly_flag=, ZSH=/home/stbenjam/.oh-my-zsh, rvm_path=/home/stbenjam/.rvm, GUESTFISH_INIT=\e[1;34m, GNOME_DESKTOP_SESSION_ID=this-is-deprecated, SYSTEMD_NSS_BYPASS_BUS=1, DBUS_STARTER_ADDRESS=unix:path=/run/user/1000/bus,guid=0ff0c73f492cc1dc3846ae835aac7cd0, LC_CTYPE=en_US.UTF-8, SHLVL=2, LOADEDMODULES=, HISTSIZE=10000, JAVA_HOME=/usr/lib/jvm/java-1.8.0-openjdk-1.8.0.161-0.b14.fc27.x86_64, TERM=xterm-256color, XDG_SESSION_ID=2, rvm_script_name=, rvm_ruby_make=, rvm_docs_type=, _=/usr/lib/jvm/java-1.8.0-openjdk-1.8.0.161-0.b14.fc27.x86_64/jre/bin/java, MAVEN_PROJECTBASEDIR=/home/stbenjam/git/h2ms, DESKTOP_SESSION=gnome-xorg, XDG_MENU_PREFIX=gnome-, VTE_VERSION=5002, rvm_alias_expanded=, rvm_ruby_bits=, GEM_PATH=/home/stbenjam/.rvm/gems/ruby-2.3.3:/home/stbenjam/.rvm/gems/ruby-2.3.3@global, TILIX_ID=df6230d2-2679-42ab-bd7f-667d05988153, XAUTHORITY=/run/user/1000/gdm/Xauthority, INVOCATION_ID=2a8a59bd24d3424f8a519125eeaea755, XDG_DATA_DIRS=/home/stbenjam/.local/share/flatpak/exports/share/:/var/lib/flatpak/exports/share/:/usr/local/share/:/usr/share/, MODULEPATH=/etc/scl/modulefiles:/etc/scl/modulefiles:/usr/share/Modules/modulefiles:/etc/modulefiles:/usr/share/modulefiles, rvm_bin_flag=, VAGRANT_DEFAULT_PROVIDER=libvirt, XDG_CURRENT_DESKTOP=GNOME, JOURNAL_STREAM=9:35277, MAIL=/var/spool/mail/stbenjam, rvm_ruby_mode=, LOGNAME=stbenjam, rvm_proxy=, SHELL=/bin/zsh, rvm_sdk=, OLDPWD=/home/stbenjam/git/h2ms, GEM_HOME=/home/stbenjam/.rvm/gems/ruby-2.3.3, rvm_use_flag=, GIT=/bin/git, RUBY_VERSION=ruby-2.3.3, _system_name=Fedora, LESS=-R, XDG_SESSION_DESKTOP=gnome-xorg, LS_COLORS=rs=0:di=38;5;33:ln=38;5;51:mh=00:pi=40;38;5;11:so=38;5;13:do=38;5;5:bd=48;5;232;38;5;11:cd=48;5;232;38;5;3:or=48;5;232;38;5;9:mi=01;05;37;41:su=48;5;196;38;5;15:sg=48;5;11;38;5;16:ca=48;5;196;38;5;226:tw=48;5;10;38;5;16:ow=48;5;10;38;5;21:st=48;5;21;38;5;15:ex=38;5;40:*.tar=38;5;9:*.tgz=38;5;9:*.arc=38;5;9:*.arj=38;5;9:*.taz=38;5;9:*.lha=38;5;9:*.lz4=38;5;9:*.lzh=38;5;9:*.lzma=38;5;9:*.tlz=38;5;9:*.txz=38;5;9:*.tzo=38;5;9:*.t7z=38;5;9:*.zip=38;5;9:*.z=38;5;9:*.Z=38;5;9:*.dz=38;5;9:*.gz=38;5;9:*.lrz=38;5;9:*.lz=38;5;9:*.lzo=38;5;9:*.xz=38;5;9:*.zst=38;5;9:*.tzst=38;5;9:*.bz2=38;5;9:*.bz=38;5;9:*.tbz=38;5;9:*.tbz2=38;5;9:*.tz=38;5;9:*.deb=38;5;9:*.rpm=38;5;9:*.jar=38;5;9:*.war=38;5;9:*.ear=38;5;9:*.sar=38;5;9:*.rar=38;5;9:*.alz=38;5;9:*.ace=38;5;9:*.zoo=38;5;9:*.cpio=38;5;9:*.7z=38;5;9:*.rz=38;5;9:*.cab=38;5;9:*.wim=38;5;9:*.swm=38;5;9:*.dwm=38;5;9:*.esd=38;5;9:*.jpg=38;5;13:*.jpeg=38;5;13:*.mjpg=38;5;13:*.mjpeg=38;5;13:*.gif=38;5;13:*.bmp=38;5;13:*.pbm=38;5;13:*.pgm=38;5;13:*.ppm=38;5;13:*.tga=38;5;13:*.xbm=38;5;13:*.xpm=38;5;13:*.tif=38;5;13:*.tiff=38;5;13:*.png=38;5;13:*.svg=38;5;13:*.svgz=38;5;13:*.mng=38;5;13:*.pcx=38;5;13:*.mov=38;5;13:*.mpg=38;5;13:*.mpeg=38;5;13:*.m2v=38;5;13:*.mkv=38;5;13:*.webm=38;5;13:*.ogm=38;5;13:*.mp4=38;5;13:*.m4v=38;5;13:*.mp4v=38;5;13:*.vob=38;5;13:*.qt=38;5;13:*.nuv=38;5;13:*.wmv=38;5;13:*.asf=38;5;13:*.rm=38;5;13:*.rmvb=38;5;13:*.flc=38;5;13:*.avi=38;5;13:*.fli=38;5;13:*.flv=38;5;13:*.gl=38;5;13:*.dl=38;5;13:*.xcf=38;5;13:*.xwd=38;5;13:*.yuv=38;5;13:*.cgm=38;5;13:*.emf=38;5;13:*.ogv=38;5;13:*.ogx=38;5;13:*.aac=38;5;45:*.au=38;5;45:*.flac=38;5;45:*.m4a=38;5;45:*.mid=38;5;45:*.midi=38;5;45:*.mka=38;5;45:*.mp3=38;5;45:*.mpc=38;5;45:*.ogg=38;5;45:*.ra=38;5;45:*.wav=38;5;45:*.oga=38;5;45:*.opus=38;5;45:*.spx=38;5;45:*.xspf=38;5;45:, rvm_gemstone_package_file=, _system_arch=x86_64, rvm_bin_path=/home/stbenjam/.rvm/bin, QT_IM_MODULE=ibus, rvm_only_path_flag=, rvm_prefix=/home/stbenjam, LANG=en_US.UTF-8, XDG_SESSION_TYPE=x11, DISPLAY=:0, rvm_gemstone_url=, GDM_LANG=en_US.UTF-8, GUESTFISH_PS1=\[\e[1;32m\]><fs>\[\e[0;31m\] , LSCOLORS=Gxfxcxdxbxegedabagacad, _system_type=Linux, _system_version=27, GPG_TTY=/dev/pts/1, USER=stbenjam, rvm_ruby_file=, WINDOWPATH=2, XDG_SEAT=seat0, SSH_AUTH_SOCK=/run/user/1000/keyring/ssh, EDITOR=vim, HOSTNAME=ancient.bitbin.de, MODULESHOME=/usr/share/Modules, QTDIR=/usr/lib64/qt-3.3, XDG_RUNTIME_DIR=/run/user/1000, XDG_VTNR=2, GUESTFISH_OUTPUT=\e[0m, DBUS_STARTER_BUS_TYPE=session, QTLIB=/usr/lib64/qt-3.3/lib, HOME=/home/stbenjam}}]
21:06:43.147 [main] DEBUG org.springframework.core.io.support.PathMatchingResourcePatternResolver - Resolved classpath location [edu/harvard/h2ms/domain/core/] to resources [URL [file:/home/stbenjam/git/h2ms/target/test-classes/edu/harvard/h2ms/domain/core/], URL [file:/home/stbenjam/git/h2ms/target/classes/edu/harvard/h2ms/domain/core/]]
21:06:43.147 [main] DEBUG org.springframework.core.io.support.PathMatchingResourcePatternResolver - Looking for matching resources in directory tree [/home/stbenjam/git/h2ms/target/test-classes/edu/harvard/h2ms/domain/core]
21:06:43.147 [main] DEBUG org.springframework.core.io.support.PathMatchingResourcePatternResolver - Searching directory [/home/stbenjam/git/h2ms/target/test-classes/edu/harvard/h2ms/domain/core] for files matching pattern [/home/stbenjam/git/h2ms/target/test-classes/edu/harvard/h2ms/domain/core/*.class]
21:06:43.149 [main] DEBUG org.springframework.core.io.support.PathMatchingResourcePatternResolver - Looking for matching resources in directory tree [/home/stbenjam/git/h2ms/target/classes/edu/harvard/h2ms/domain/core]
21:06:43.150 [main] DEBUG org.springframework.core.io.support.PathMatchingResourcePatternResolver - Searching directory [/home/stbenjam/git/h2ms/target/classes/edu/harvard/h2ms/domain/core] for files matching pattern [/home/stbenjam/git/h2ms/target/classes/edu/harvard/h2ms/domain/core/*.class]
21:06:43.155 [main] DEBUG org.springframework.core.io.support.PathMatchingResourcePatternResolver - Resolved location pattern [classpath*:edu/harvard/h2ms/domain/core/*.class] to resources [file [/home/stbenjam/git/h2ms/target/test-classes/edu/harvard/h2ms/domain/core/UserTest.class], file [/home/stbenjam/git/h2ms/target/classes/edu/harvard/h2ms/domain/core/Answer.class], file [/home/stbenjam/git/h2ms/target/classes/edu/harvard/h2ms/domain/core/Event.class], file [/home/stbenjam/git/h2ms/target/classes/edu/harvard/h2ms/domain/core/EventTemplate.class], file [/home/stbenjam/git/h2ms/target/classes/edu/harvard/h2ms/domain/core/Location.class], file [/home/stbenjam/git/h2ms/target/classes/edu/harvard/h2ms/domain/core/Question.class], file [/home/stbenjam/git/h2ms/target/classes/edu/harvard/h2ms/domain/core/Reader.class], file [/home/stbenjam/git/h2ms/target/classes/edu/harvard/h2ms/domain/core/Role.class], file [/home/stbenjam/git/h2ms/target/classes/edu/harvard/h2ms/domain/core/User.class], file [/home/stbenjam/git/h2ms/target/classes/edu/harvard/h2ms/domain/core/WristBand.class]]
21:06:43.180 [main] DEBUG org.springframework.core.io.support.PathMatchingResourcePatternResolver - Resolved classpath location [edu/harvard/h2ms/domain/] to resources [URL [file:/home/stbenjam/git/h2ms/target/test-classes/edu/harvard/h2ms/domain/], URL [file:/home/stbenjam/git/h2ms/target/classes/edu/harvard/h2ms/domain/]]
21:06:43.181 [main] DEBUG org.springframework.core.io.support.PathMatchingResourcePatternResolver - Looking for matching resources in directory tree [/home/stbenjam/git/h2ms/target/test-classes/edu/harvard/h2ms/domain]
21:06:43.181 [main] DEBUG org.springframework.core.io.support.PathMatchingResourcePatternResolver - Searching directory [/home/stbenjam/git/h2ms/target/test-classes/edu/harvard/h2ms/domain] for files matching pattern [/home/stbenjam/git/h2ms/target/test-classes/edu/harvard/h2ms/domain/*.class]
21:06:43.182 [main] DEBUG org.springframework.core.io.support.PathMatchingResourcePatternResolver - Looking for matching resources in directory tree [/home/stbenjam/git/h2ms/target/classes/edu/harvard/h2ms/domain]
21:06:43.183 [main] DEBUG org.springframework.core.io.support.PathMatchingResourcePatternResolver - Searching directory [/home/stbenjam/git/h2ms/target/classes/edu/harvard/h2ms/domain] for files matching pattern [/home/stbenjam/git/h2ms/target/classes/edu/harvard/h2ms/domain/*.class]
21:06:43.185 [main] DEBUG org.springframework.core.io.support.PathMatchingResourcePatternResolver - Resolved location pattern [classpath*:edu/harvard/h2ms/domain/*.class] to resources []
21:06:43.188 [main] DEBUG org.springframework.core.io.support.PathMatchingResourcePatternResolver - Resolved classpath location [edu/harvard/h2ms/] to resources [URL [file:/home/stbenjam/git/h2ms/target/test-classes/edu/harvard/h2ms/], URL [file:/home/stbenjam/git/h2ms/target/classes/edu/harvard/h2ms/]]
21:06:43.188 [main] DEBUG org.springframework.core.io.support.PathMatchingResourcePatternResolver - Looking for matching resources in directory tree [/home/stbenjam/git/h2ms/target/test-classes/edu/harvard/h2ms]
21:06:43.188 [main] DEBUG org.springframework.core.io.support.PathMatchingResourcePatternResolver - Searching directory [/home/stbenjam/git/h2ms/target/test-classes/edu/harvard/h2ms] for files matching pattern [/home/stbenjam/git/h2ms/target/test-classes/edu/harvard/h2ms/*.class]
21:06:43.189 [main] DEBUG org.springframework.core.io.support.PathMatchingResourcePatternResolver - Looking for matching resources in directory tree [/home/stbenjam/git/h2ms/target/classes/edu/harvard/h2ms]
21:06:43.190 [main] DEBUG org.springframework.core.io.support.PathMatchingResourcePatternResolver - Searching directory [/home/stbenjam/git/h2ms/target/classes/edu/harvard/h2ms] for files matching pattern [/home/stbenjam/git/h2ms/target/classes/edu/harvard/h2ms/*.class]
21:06:43.190 [main] DEBUG org.springframework.core.io.support.PathMatchingResourcePatternResolver - Resolved location pattern [classpath*:edu/harvard/h2ms/*.class] to resources [file [/home/stbenjam/git/h2ms/target/classes/edu/harvard/h2ms/H2MSRestAppInitializer.class]]
21:06:43.192 [main] DEBUG org.springframework.context.annotation.ClassPathScanningCandidateComponentProvider - Identified candidate component class: file [/home/stbenjam/git/h2ms/target/classes/edu/harvard/h2ms/H2MSRestAppInitializer.class]
21:06:43.193 [main] INFO org.springframework.boot.test.context.SpringBootTestContextBootstrapper - Found @SpringBootConfiguration edu.harvard.h2ms.H2MSRestAppInitializer for test class edu.harvard.h2ms.domain.core.UserTest
21:06:43.200 [main] DEBUG org.springframework.boot.test.context.SpringBootTestContextBootstrapper - @TestExecutionListeners is not present for class [edu.harvard.h2ms.domain.core.UserTest]: using defaults.
21:06:43.205 [main] INFO org.springframework.boot.test.context.SpringBootTestContextBootstrapper - Loaded default TestExecutionListener class names from location [META-INF/spring.factories]: [org.springframework.boot.test.mock.mockito.MockitoTestExecutionListener, org.springframework.boot.test.mock.mockito.ResetMocksTestExecutionListener, org.springframework.boot.test.autoconfigure.restdocs.RestDocsTestExecutionListener, org.springframework.boot.test.autoconfigure.web.client.MockRestServiceServerResetTestExecutionListener, org.springframework.boot.test.autoconfigure.web.servlet.MockMvcPrintOnlyOnFailureTestExecutionListener, org.springframework.boot.test.autoconfigure.web.servlet.WebDriverTestExecutionListener, org.springframework.test.context.web.ServletTestExecutionListener, org.springframework.test.context.support.DirtiesContextBeforeModesTestExecutionListener, org.springframework.test.context.support.DependencyInjectionTestExecutionListener, org.springframework.test.context.support.DirtiesContextTestExecutionListener, org.springframework.test.context.transaction.TransactionalTestExecutionListener, org.springframework.test.context.jdbc.SqlScriptsTestExecutionListener, org.springframework.security.test.context.support.WithSecurityContextTestExecutionListener]
21:06:43.210 [main] INFO org.springframework.boot.test.context.SpringBootTestContextBootstrapper - Using TestExecutionListeners: [org.springframework.test.context.web.ServletTestExecutionListener@2b4bac49, org.springframework.test.context.support.DirtiesContextBeforeModesTestExecutionListener@fd07cbb, org.springframework.boot.test.autoconfigure.SpringBootDependencyInjectionTestExecutionListener@3571b748, org.springframework.test.context.support.DirtiesContextTestExecutionListener@3e96bacf, org.springframework.test.context.transaction.TransactionalTestExecutionListener@484970b0, org.springframework.test.context.jdbc.SqlScriptsTestExecutionListener@4470f8a6, org.springframework.security.test.context.support.WithSecurityContextTestExecutionListener@7c83dc97, org.springframework.boot.test.mock.mockito.MockitoTestExecutionListener@7748410a, org.springframework.boot.test.mock.mockito.ResetMocksTestExecutionListener@740773a3, org.springframework.boot.test.autoconfigure.restdocs.RestDocsTestExecutionListener@37f1104d, org.springframework.boot.test.autoconfigure.web.client.MockRestServiceServerResetTestExecutionListener@55740540, org.springframework.boot.test.autoconfigure.web.servlet.MockMvcPrintOnlyOnFailureTestExecutionListener@60015ef5, org.springframework.boot.test.autoconfigure.web.servlet.WebDriverTestExecutionListener@2f54a33d]
21:06:43.216 [main] DEBUG org.springframework.test.context.junit4.SpringJUnit4ClassRunner - SpringJUnit4ClassRunner constructor called with [class edu.harvard.h2ms.controllers.EventControllerTests]
21:06:43.216 [main] DEBUG org.springframework.test.context.BootstrapUtils - Instantiating CacheAwareContextLoaderDelegate from class [org.springframework.test.context.cache.DefaultCacheAwareContextLoaderDelegate]
21:06:43.216 [main] DEBUG org.springframework.test.context.BootstrapUtils - Instantiating BootstrapContext using constructor [public org.springframework.test.context.support.DefaultBootstrapContext(java.lang.Class,org.springframework.test.context.CacheAwareContextLoaderDelegate)]
21:06:43.218 [main] DEBUG org.springframework.test.context.BootstrapUtils - Instantiating TestContextBootstrapper for test class [edu.harvard.h2ms.controllers.EventControllerTests] from class [org.springframework.boot.test.context.SpringBootTestContextBootstrapper]
21:06:43.221 [main] INFO org.springframework.boot.test.context.SpringBootTestContextBootstrapper - Neither @ContextConfiguration nor @ContextHierarchy found for test class [edu.harvard.h2ms.controllers.EventControllerTests], using SpringBootContextLoader
21:06:43.240 [main] DEBUG org.springframework.test.context.support.AbstractContextLoader - Did not detect default resource location for test class [edu.harvard.h2ms.controllers.EventControllerTests]: class path resource [edu/harvard/h2ms/controllers/EventControllerTests-context.xml] does not exist
21:06:43.241 [main] DEBUG org.springframework.test.context.support.AbstractContextLoader - Did not detect default resource location for test class [edu.harvard.h2ms.controllers.EventControllerTests]: class path resource [edu/harvard/h2ms/controllers/EventControllerTestsContext.groovy] does not exist
21:06:43.242 [main] INFO org.springframework.test.context.support.AbstractContextLoader - Could not detect default resource locations for test class [edu.harvard.h2ms.controllers.EventControllerTests]: no resource found for suffixes {-context.xml, Context.groovy}.
21:06:43.242 [main] INFO org.springframework.test.context.support.AnnotationConfigContextLoaderUtils - Could not detect default configuration classes for test class [edu.harvard.h2ms.controllers.EventControllerTests]: EventControllerTests does not declare any static, non-private, non-final, nested classes annotated with @Configuration.
21:06:43.247 [main] DEBUG org.springframework.test.context.support.ActiveProfilesUtils - Could not find an 'annotation declaring class' for annotation type [org.springframework.test.context.ActiveProfiles] and class [edu.harvard.h2ms.controllers.EventControllerTests]
21:06:43.248 [main] DEBUG org.springframework.core.env.StandardEnvironment - Adding PropertySource 'systemProperties' with lowest search precedence
21:06:43.248 [main] DEBUG org.springframework.core.env.StandardEnvironment - Adding PropertySource 'systemEnvironment' with lowest search precedence
21:06:43.249 [main] DEBUG org.springframework.core.env.StandardEnvironment - Initialized StandardEnvironment with PropertySources [MapPropertySource@464676531 {name='systemProperties', properties={java.runtime.name=OpenJDK Runtime Environment, sun.boot.library.path=/usr/lib/jvm/java-1.8.0-openjdk-1.8.0.161-0.b14.fc27.x86_64/jre/lib/amd64, java.vm.version=25.161-b14, java.vm.vendor=Oracle Corporation, java.vendor.url=http://java.oracle.com/, path.separator=:, java.vm.name=OpenJDK 64-Bit Server VM, file.encoding.pkg=sun.io, user.country=US, sun.java.launcher=SUN_STANDARD, sun.os.patch.level=unknown, java.vm.specification.name=Java Virtual Machine Specification, user.dir=/home/stbenjam/git/h2ms, java.runtime.version=1.8.0_161-b14, basedir=/home/stbenjam/git/h2ms, java.awt.graphicsenv=sun.awt.X11GraphicsEnvironment, java.endorsed.dirs=/usr/lib/jvm/java-1.8.0-openjdk-1.8.0.161-0.b14.fc27.x86_64/jre/lib/endorsed, os.arch=amd64, surefire.real.class.path=/home/stbenjam/git/h2ms/target/surefire/surefirebooter4923085358408019683.jar, java.io.tmpdir=/tmp, line.separator=
, java.vm.specification.vendor=Oracle Corporation, os.name=Linux, sun.jnu.encoding=UTF-8, java.library.path=/usr/java/packages/lib/amd64:/usr/lib64:/lib64:/lib:/usr/lib, surefire.test.class.path=/home/stbenjam/git/h2ms/target/test-classes:/home/stbenjam/git/h2ms/target/classes:/home/stbenjam/.m2/repository/org/springframework/boot/spring-boot-starter-data-rest/1.5.10.RELEASE/spring-boot-starter-data-rest-1.5.10.RELEASE.jar:/home/stbenjam/.m2/repository/org/springframework/boot/spring-boot-starter/1.5.10.RELEASE/spring-boot-starter-1.5.10.RELEASE.jar:/home/stbenjam/.m2/repository/org/springframework/boot/spring-boot/1.5.10.RELEASE/spring-boot-1.5.10.RELEASE.jar:/home/stbenjam/.m2/repository/org/springframework/boot/spring-boot-autoconfigure/1.5.10.RELEASE/spring-boot-autoconfigure-1.5.10.RELEASE.jar:/home/stbenjam/.m2/repository/org/springframework/boot/spring-boot-starter-logging/1.5.10.RELEASE/spring-boot-starter-logging-1.5.10.RELEASE.jar:/home/stbenjam/.m2/repository/ch/qos/logback/logback-classic/1.1.11/logback-classic-1.1.11.jar:/home/stbenjam/.m2/repository/ch/qos/logback/logback-core/1.1.11/logback-core-1.1.11.jar:/home/stbenjam/.m2/repository/org/slf4j/jul-to-slf4j/1.7.25/jul-to-slf4j-1.7.25.jar:/home/stbenjam/.m2/repository/org/slf4j/log4j-over-slf4j/1.7.25/log4j-over-slf4j-1.7.25.jar:/home/stbenjam/.m2/repository/org/yaml/snakeyaml/1.17/snakeyaml-1.17.jar:/home/stbenjam/.m2/repository/com/fasterxml/jackson/core/jackson-annotations/2.8.0/jackson-annotations-2.8.0.jar:/home/stbenjam/.m2/repository/org/springframework/data/spring-data-rest-webmvc/2.6.10.RELEASE/spring-data-rest-webmvc-2.6.10.RELEASE.jar:/home/stbenjam/.m2/repository/org/springframework/data/spring-data-rest-core/2.6.10.RELEASE/spring-data-rest-core-2.6.10.RELEASE.jar:/home/stbenjam/.m2/repository/org/atteo/evo-inflector/1.2.2/evo-inflector-1.2.2.jar:/home/stbenjam/.m2/repository/org/slf4j/jcl-over-slf4j/1.7.25/jcl-over-slf4j-1.7.25.jar:/home/stbenjam/.m2/repository/org/springframework/boot/spring-boot-starter-web/1.5.10.RELEASE/spring-boot-starter-web-1.5.10.RELEASE.jar:/home/stbenjam/.m2/repository/org/springframework/boot/spring-boot-starter-tomcat/1.5.10.RELEASE/spring-boot-starter-tomcat-1.5.10.RELEASE.jar:/home/stbenjam/.m2/repository/org/apache/tomcat/embed/tomcat-embed-core/8.5.27/tomcat-embed-core-8.5.27.jar:/home/stbenjam/.m2/repository/org/apache/tomcat/tomcat-annotations-api/8.5.27/tomcat-annotations-api-8.5.27.jar:/home/stbenjam/.m2/repository/org/apache/tomcat/embed/tomcat-embed-el/8.5.27/tomcat-embed-el-8.5.27.jar:/home/stbenjam/.m2/repository/org/apache/tomcat/embed/tomcat-embed-websocket/8.5.27/tomcat-embed-websocket-8.5.27.jar:/home/stbenjam/.m2/repository/org/hibernate/hibernate-validator/5.3.6.Final/hibernate-validator-5.3.6.Final.jar:/home/stbenjam/.m2/repository/javax/validation/validation-api/1.1.0.Final/validation-api-1.1.0.Final.jar:/home/stbenjam/.m2/repository/org/jboss/logging/jboss-logging/3.3.1.Final/jboss-logging-3.3.1.Final.jar:/home/stbenjam/.m2/repository/org/springframework/spring-web/4.3.14.RELEASE/spring-web-4.3.14.RELEASE.jar:/home/stbenjam/.m2/repository/org/springframework/spring-webmvc/4.3.14.RELEASE/spring-webmvc-4.3.14.RELEASE.jar:/home/stbenjam/.m2/repository/org/springframework/spring-expression/4.3.14.RELEASE/spring-expression-4.3.14.RELEASE.jar:/home/stbenjam/.m2/repository/org/springframework/boot/spring-boot-starter-thymeleaf/1.5.10.RELEASE/spring-boot-starter-thymeleaf-1.5.10.RELEASE.jar:/home/stbenjam/.m2/repository/org/thymeleaf/thymeleaf-spring4/2.1.6.RELEASE/thymeleaf-spring4-2.1.6.RELEASE.jar:/home/stbenjam/.m2/repository/org/thymeleaf/thymeleaf/2.1.6.RELEASE/thymeleaf-2.1.6.RELEASE.jar:/home/stbenjam/.m2/repository/ognl/ognl/3.0.8/ognl-3.0.8.jar:/home/stbenjam/.m2/repository/org/unbescape/unbescape/1.1.0.RELEASE/unbescape-1.1.0.RELEASE.jar:/home/stbenjam/.m2/repository/nz/net/ultraq/thymeleaf/thymeleaf-layout-dialect/1.4.0/thymeleaf-layout-dialect-1.4.0.jar:/home/stbenjam/.m2/repository/org/codehaus/groovy/groovy/2.4.13/groovy-2.4.13.jar:/home/stbenjam/.m2/repository/org/springframework/boot/spring-boot-starter-test/1.5.10.RELEASE/spring-boot-starter-test-1.5.10.RELEASE.jar:/home/stbenjam/.m2/repository/org/springframework/boot/spring-boot-test/1.5.10.RELEASE/spring-boot-test-1.5.10.RELEASE.jar:/home/stbenjam/.m2/repository/org/springframework/boot/spring-boot-test-autoconfigure/1.5.10.RELEASE/spring-boot-test-autoconfigure-1.5.10.RELEASE.jar:/home/stbenjam/.m2/repository/com/jayway/jsonpath/json-path/2.2.0/json-path-2.2.0.jar:/home/stbenjam/.m2/repository/net/minidev/json-smart/2.2.1/json-smart-2.2.1.jar:/home/stbenjam/.m2/repository/net/minidev/accessors-smart/1.1/accessors-smart-1.1.jar:/home/stbenjam/.m2/repository/org/ow2/asm/asm/5.0.3/asm-5.0.3.jar:/home/stbenjam/.m2/repository/junit/junit/4.12/junit-4.12.jar:/home/stbenjam/.m2/repository/org/assertj/assertj-core/2.6.0/assertj-core-2.6.0.jar:/home/stbenjam/.m2/repository/org/mockito/mockito-core/1.10.19/mockito-core-1.10.19.jar:/home/stbenjam/.m2/repository/org/objenesis/objenesis/2.1/objenesis-2.1.jar:/home/stbenjam/.m2/repository/org/hamcrest/hamcrest-core/1.3/hamcrest-core-1.3.jar:/home/stbenjam/.m2/repository/org/hamcrest/hamcrest-library/1.3/hamcrest-library-1.3.jar:/home/stbenjam/.m2/repository/org/skyscreamer/jsonassert/1.4.0/jsonassert-1.4.0.jar:/home/stbenjam/.m2/repository/org/springframework/spring-core/4.3.14.RELEASE/spring-core-4.3.14.RELEASE.jar:/home/stbenjam/.m2/repository/org/springframework/spring-test/4.3.14.RELEASE/spring-test-4.3.14.RELEASE.jar:/home/stbenjam/.m2/repository/org/springframework/restdocs/spring-restdocs-mockmvc/1.1.3.RELEASE/spring-restdocs-mockmvc-1.1.3.RELEASE.jar:/home/stbenjam/.m2/repository/org/springframework/restdocs/spring-restdocs-core/1.1.3.RELEASE/spring-restdocs-core-1.1.3.RELEASE.jar:/home/stbenjam/.m2/repository/javax/servlet/javax.servlet-api/3.1.0/javax.servlet-api-3.1.0.jar:/home/stbenjam/.m2/repository/org/springframework/boot/spring-boot-starter-data-jpa/1.5.10.RELEASE/spring-boot-starter-data-jpa-1.5.10.RELEASE.jar:/home/stbenjam/.m2/repository/org/springframework/boot/spring-boot-starter-aop/1.5.10.RELEASE/spring-boot-starter-aop-1.5.10.RELEASE.jar:/home/stbenjam/.m2/repository/org/aspectj/aspectjweaver/1.8.13/aspectjweaver-1.8.13.jar:/home/stbenjam/.m2/repository/org/springframework/boot/spring-boot-starter-jdbc/1.5.10.RELEASE/spring-boot-starter-jdbc-1.5.10.RELEASE.jar:/home/stbenjam/.m2/repository/org/apache/tomcat/tomcat-jdbc/8.5.27/tomcat-jdbc-8.5.27.jar:/home/stbenjam/.m2/repository/org/apache/tomcat/tomcat-juli/8.5.27/tomcat-juli-8.5.27.jar:/home/stbenjam/.m2/repository/org/springframework/spring-jdbc/4.3.14.RELEASE/spring-jdbc-4.3.14.RELEASE.jar:/home/stbenjam/.m2/repository/org/hibernate/hibernate-core/5.0.12.Final/hibernate-core-5.0.12.Final.jar:/home/stbenjam/.m2/repository/org/hibernate/javax/persistence/hibernate-jpa-2.1-api/1.0.0.Final/hibernate-jpa-2.1-api-1.0.0.Final.jar:/home/stbenjam/.m2/repository/org/javassist/javassist/3.21.0-GA/javassist-3.21.0-GA.jar:/home/stbenjam/.m2/repository/antlr/antlr/2.7.7/antlr-2.7.7.jar:/home/stbenjam/.m2/repository/org/jboss/jandex/2.0.0.Final/jandex-2.0.0.Final.jar:/home/stbenjam/.m2/repository/dom4j/dom4j/1.6.1/dom4j-1.6.1.jar:/home/stbenjam/.m2/repository/org/hibernate/common/hibernate-commons-annotations/5.0.1.Final/hibernate-commons-annotations-5.0.1.Final.jar:/home/stbenjam/.m2/repository/org/hibernate/hibernate-entitymanager/5.0.12.Final/hibernate-entitymanager-5.0.12.Final.jar:/home/stbenjam/.m2/repository/javax/transaction/javax.transaction-api/1.2/javax.transaction-api-1.2.jar:/home/stbenjam/.m2/repository/org/springframework/data/spring-data-jpa/1.11.10.RELEASE/spring-data-jpa-1.11.10.RELEASE.jar:/home/stbenjam/.m2/repository/org/springframework/data/spring-data-commons/1.13.10.RELEASE/spring-data-commons-1.13.10.RELEASE.jar:/home/stbenjam/.m2/repository/org/springframework/spring-orm/4.3.14.RELEASE/spring-orm-4.3.14.RELEASE.jar:/home/stbenjam/.m2/repository/org/springframework/spring-tx/4.3.14.RELEASE/spring-tx-4.3.14.RELEASE.jar:/home/stbenjam/.m2/repository/org/springframework/spring-aspects/4.3.14.RELEASE/spring-aspects-4.3.14.RELEASE.jar:/home/stbenjam/.m2/repository/com/h2database/h2/1.4.196/h2-1.4.196.jar:/home/stbenjam/.m2/repository/org/postgresql/postgresql/9.4-1206-jdbc42/postgresql-9.4-1206-jdbc42.jar:/home/stbenjam/.m2/repository/log4j/log4j/1.2.17/log4j-1.2.17.jar:/home/stbenjam/.m2/repository/com/google/guava/guava/19.0/guava-19.0.jar:/home/stbenjam/.m2/repository/javax/mail/mail/1.4/mail-1.4.jar:/home/stbenjam/.m2/repository/javax/activation/activation/1.1/activation-1.1.jar:/home/stbenjam/.m2/repository/org/springframework/boot/spring-boot-starter-security/1.5.10.RELEASE/spring-boot-starter-security-1.5.10.RELEASE.jar:/home/stbenjam/.m2/repository/org/springframework/spring-aop/4.3.14.RELEASE/spring-aop-4.3.14.RELEASE.jar:/home/stbenjam/.m2/repository/org/springframework/security/spring-security-config/4.2.4.RELEASE/spring-security-config-4.2.4.RELEASE.jar:/home/stbenjam/.m2/repository/org/springframework/security/spring-security-web/4.2.4.RELEASE/spring-security-web-4.2.4.RELEASE.jar:/home/stbenjam/.m2/repository/org/springframework/boot/spring-boot-starter-mail/1.4.3.RELEASE/spring-boot-starter-mail-1.4.3.RELEASE.jar:/home/stbenjam/.m2/repository/org/springframework/spring-context/4.3.14.RELEASE/spring-context-4.3.14.RELEASE.jar:/home/stbenjam/.m2/repository/com/sun/mail/javax.mail/1.5.6/javax.mail-1.5.6.jar:/home/stbenjam/.m2/repository/com/icegreen/greenmail/1.5.5/greenmail-1.5.5.jar:/home/stbenjam/.m2/repository/org/slf4j/slf4j-api/1.7.25/slf4j-api-1.7.25.jar:/home/stbenjam/.m2/repository/org/springframework/security/spring-security-test/4.2.4.RELEASE/spring-security-test-4.2.4.RELEASE.jar:/home/stbenjam/.m2/repository/org/springframework/security/spring-security-core/4.2.4.RELEASE/spring-security-core-4.2.4.RELEASE.jar:/home/stbenjam/.m2/repository/aopalliance/aopalliance/1.0/aopalliance-1.0.jar:/home/stbenjam/.m2/repository/org/springframework/security/oauth/spring-security-oauth2/2.0.14.RELEASE/spring-security-oauth2-2.0.14.RELEASE.jar:/home/stbenjam/.m2/repository/org/springframework/spring-beans/4.3.14.RELEASE/spring-beans-4.3.14.RELEASE.jar:/home/stbenjam/.m2/repository/commons-codec/commons-codec/1.10/commons-codec-1.10.jar:/home/stbenjam/.m2/repository/org/codehaus/jackson/jackson-mapper-asl/1.9.13/jackson-mapper-asl-1.9.13.jar:/home/stbenjam/.m2/repository/org/codehaus/jackson/jackson-core-asl/1.9.13/jackson-core-asl-1.9.13.jar:/home/stbenjam/.m2/repository/io/springfox/springfox-swagger2/2.8.0/springfox-swagger2-2.8.0.jar:/home/stbenjam/.m2/repository/io/swagger/swagger-annotations/1.5.14/swagger-annotations-1.5.14.jar:/home/stbenjam/.m2/repository/io/swagger/swagger-models/1.5.14/swagger-models-1.5.14.jar:/home/stbenjam/.m2/repository/io/springfox/springfox-spi/2.8.0/springfox-spi-2.8.0.jar:/home/stbenjam/.m2/repository/io/springfox/springfox-core/2.8.0/springfox-core-2.8.0.jar:/home/stbenjam/.m2/repository/net/bytebuddy/byte-buddy/1.7.9/byte-buddy-1.7.9.jar:/home/stbenjam/.m2/repository/io/springfox/springfox-schema/2.8.0/springfox-schema-2.8.0.jar:/home/stbenjam/.m2/repository/io/springfox/springfox-swagger-common/2.8.0/springfox-swagger-common-2.8.0.jar:/home/stbenjam/.m2/repository/io/springfox/springfox-spring-web/2.8.0/springfox-spring-web-2.8.0.jar:/home/stbenjam/.m2/repository/org/reflections/reflections/0.9.11/reflections-0.9.11.jar:/home/stbenjam/.m2/repository/com/fasterxml/classmate/1.3.4/classmate-1.3.4.jar:/home/stbenjam/.m2/repository/org/springframework/plugin/spring-plugin-core/1.2.0.RELEASE/spring-plugin-core-1.2.0.RELEASE.jar:/home/stbenjam/.m2/repository/org/springframework/plugin/spring-plugin-metadata/1.2.0.RELEASE/spring-plugin-metadata-1.2.0.RELEASE.jar:/home/stbenjam/.m2/repository/org/mapstruct/mapstruct/1.2.0.Final/mapstruct-1.2.0.Final.jar:/home/stbenjam/.m2/repository/io/springfox/springfox-swagger-ui/2.8.0/springfox-swagger-ui-2.8.0.jar:/home/stbenjam/.m2/repository/io/springfox/springfox-data-rest/2.8.0/springfox-data-rest-2.8.0.jar:/home/stbenjam/.m2/repository/org/springframework/hateoas/spring-hateoas/0.23.0.RELEASE/spring-hateoas-0.23.0.RELEASE.jar:/home/stbenjam/.m2/repository/org/usb4java/usb4java-javax/1.2.0/usb4java-javax-1.2.0.jar:/home/stbenjam/.m2/repository/javax/usb/usb-api/1.0.2/usb-api-1.0.2.jar:/home/stbenjam/.m2/repository/org/apache/commons/commons-lang3/3.2.1/commons-lang3-3.2.1.jar:/home/stbenjam/.m2/repository/org/usb4java/usb4java/1.2.0/usb4java-1.2.0.jar:/home/stbenjam/.m2/repository/org/usb4java/libusb4java/1.2.0/libusb4java-1.2.0-linux-x86.jar:/home/stbenjam/.m2/repository/org/usb4java/libusb4java/1.2.0/libusb4java-1.2.0-linux-x86_64.jar:/home/stbenjam/.m2/repository/org/usb4java/libusb4java/1.2.0/libusb4java-1.2.0-linux-arm.jar:/home/stbenjam/.m2/repository/org/usb4java/libusb4java/1.2.0/libusb4java-1.2.0-windows-x86.jar:/home/stbenjam/.m2/repository/org/usb4java/libusb4java/1.2.0/libusb4java-1.2.0-windows-x86_64.jar:/home/stbenjam/.m2/repository/org/usb4java/libusb4java/1.2.0/libusb4java-1.2.0-osx-x86.jar:/home/stbenjam/.m2/repository/org/usb4java/libusb4java/1.2.0/libusb4java-1.2.0-osx-x86_64.jar:/home/stbenjam/.m2/repository/org/mockito/mockito-all/1.9.5/mockito-all-1.9.5.jar:/home/stbenjam/.m2/repository/com/fasterxml/jackson/core/jackson-databind/2.5.0/jackson-databind-2.5.0.jar:/home/stbenjam/.m2/repository/com/fasterxml/jackson/core/jackson-core/2.8.10/jackson-core-2.8.10.jar:/home/stbenjam/.m2/repository/com/vaadin/external/google/android-json/0.0.20131108.vaadin1/android-json-0.0.20131108.vaadin1.jar:/home/stbenjam/.m2/repository/com/tngtech/java/junit-dataprovider/1.13.1/junit-dataprovider-1.13.1.jar:/home/stbenjam/.m2/repository/org/springframework/spring-context-support/3.2.0.RELEASE/spring-context-support-3.2.0.RELEASE.jar:, java.specification.name=Java Platform API Specification, java.class.version=52.0, sun.management.compiler=HotSpot 64-Bit Tiered Compilers, os.version=4.14.14-300.fc27.x86_64, user.home=/home/stbenjam, user.timezone=America/New_York, java.awt.printerjob=sun.print.PSPrinterJob, file.encoding=UTF-8, java.specification.version=1.8, java.class.path=/home/stbenjam/git/h2ms/target/test-classes:/home/stbenjam/git/h2ms/target/classes:/home/stbenjam/.m2/repository/org/springframework/boot/spring-boot-starter-data-rest/1.5.10.RELEASE/spring-boot-starter-data-rest-1.5.10.RELEASE.jar:/home/stbenjam/.m2/repository/org/springframework/boot/spring-boot-starter/1.5.10.RELEASE/spring-boot-starter-1.5.10.RELEASE.jar:/home/stbenjam/.m2/repository/org/springframework/boot/spring-boot/1.5.10.RELEASE/spring-boot-1.5.10.RELEASE.jar:/home/stbenjam/.m2/repository/org/springframework/boot/spring-boot-autoconfigure/1.5.10.RELEASE/spring-boot-autoconfigure-1.5.10.RELEASE.jar:/home/stbenjam/.m2/repository/org/springframework/boot/spring-boot-starter-logging/1.5.10.RELEASE/spring-boot-starter-logging-1.5.10.RELEASE.jar:/home/stbenjam/.m2/repository/ch/qos/logback/logback-classic/1.1.11/logback-classic-1.1.11.jar:/home/stbenjam/.m2/repository/ch/qos/logback/logback-core/1.1.11/logback-core-1.1.11.jar:/home/stbenjam/.m2/repository/org/slf4j/jul-to-slf4j/1.7.25/jul-to-slf4j-1.7.25.jar:/home/stbenjam/.m2/repository/org/slf4j/log4j-over-slf4j/1.7.25/log4j-over-slf4j-1.7.25.jar:/home/stbenjam/.m2/repository/org/yaml/snakeyaml/1.17/snakeyaml-1.17.jar:/home/stbenjam/.m2/repository/com/fasterxml/jackson/core/jackson-annotations/2.8.0/jackson-annotations-2.8.0.jar:/home/stbenjam/.m2/repository/org/springframework/data/spring-data-rest-webmvc/2.6.10.RELEASE/spring-data-rest-webmvc-2.6.10.RELEASE.jar:/home/stbenjam/.m2/repository/org/springframework/data/spring-data-rest-core/2.6.10.RELEASE/spring-data-rest-core-2.6.10.RELEASE.jar:/home/stbenjam/.m2/repository/org/atteo/evo-inflector/1.2.2/evo-inflector-1.2.2.jar:/home/stbenjam/.m2/repository/org/slf4j/jcl-over-slf4j/1.7.25/jcl-over-slf4j-1.7.25.jar:/home/stbenjam/.m2/repository/org/springframework/boot/spring-boot-starter-web/1.5.10.RELEASE/spring-boot-starter-web-1.5.10.RELEASE.jar:/home/stbenjam/.m2/repository/org/springframework/boot/spring-boot-starter-tomcat/1.5.10.RELEASE/spring-boot-starter-tomcat-1.5.10.RELEASE.jar:/home/stbenjam/.m2/repository/org/apache/tomcat/embed/tomcat-embed-core/8.5.27/tomcat-embed-core-8.5.27.jar:/home/stbenjam/.m2/repository/org/apache/tomcat/tomcat-annotations-api/8.5.27/tomcat-annotations-api-8.5.27.jar:/home/stbenjam/.m2/repository/org/apache/tomcat/embed/tomcat-embed-el/8.5.27/tomcat-embed-el-8.5.27.jar:/home/stbenjam/.m2/repository/org/apache/tomcat/embed/tomcat-embed-websocket/8.5.27/tomcat-embed-websocket-8.5.27.jar:/home/stbenjam/.m2/repository/org/hibernate/hibernate-validator/5.3.6.Final/hibernate-validator-5.3.6.Final.jar:/home/stbenjam/.m2/repository/javax/validation/validation-api/1.1.0.Final/validation-api-1.1.0.Final.jar:/home/stbenjam/.m2/repository/org/jboss/logging/jboss-logging/3.3.1.Final/jboss-logging-3.3.1.Final.jar:/home/stbenjam/.m2/repository/org/springframework/spring-web/4.3.14.RELEASE/spring-web-4.3.14.RELEASE.jar:/home/stbenjam/.m2/repository/org/springframework/spring-webmvc/4.3.14.RELEASE/spring-webmvc-4.3.14.RELEASE.jar:/home/stbenjam/.m2/repository/org/springframework/spring-expression/4.3.14.RELEASE/spring-expression-4.3.14.RELEASE.jar:/home/stbenjam/.m2/repository/org/springframework/boot/spring-boot-starter-thymeleaf/1.5.10.RELEASE/spring-boot-starter-thymeleaf-1.5.10.RELEASE.jar:/home/stbenjam/.m2/repository/org/thymeleaf/thymeleaf-spring4/2.1.6.RELEASE/thymeleaf-spring4-2.1.6.RELEASE.jar:/home/stbenjam/.m2/repository/org/thymeleaf/thymeleaf/2.1.6.RELEASE/thymeleaf-2.1.6.RELEASE.jar:/home/stbenjam/.m2/repository/ognl/ognl/3.0.8/ognl-3.0.8.jar:/home/stbenjam/.m2/repository/org/unbescape/unbescape/1.1.0.RELEASE/unbescape-1.1.0.RELEASE.jar:/home/stbenjam/.m2/repository/nz/net/ultraq/thymeleaf/thymeleaf-layout-dialect/1.4.0/thymeleaf-layout-dialect-1.4.0.jar:/home/stbenjam/.m2/repository/org/codehaus/groovy/groovy/2.4.13/groovy-2.4.13.jar:/home/stbenjam/.m2/repository/org/springframework/boot/spring-boot-starter-test/1.5.10.RELEASE/spring-boot-starter-test-1.5.10.RELEASE.jar:/home/stbenjam/.m2/repository/org/springframework/boot/spring-boot-test/1.5.10.RELEASE/spring-boot-test-1.5.10.RELEASE.jar:/home/stbenjam/.m2/repository/org/springframework/boot/spring-boot-test-autoconfigure/1.5.10.RELEASE/spring-boot-test-autoconfigure-1.5.10.RELEASE.jar:/home/stbenjam/.m2/repository/com/jayway/jsonpath/json-path/2.2.0/json-path-2.2.0.jar:/home/stbenjam/.m2/repository/net/minidev/json-smart/2.2.1/json-smart-2.2.1.jar:/home/stbenjam/.m2/repository/net/minidev/accessors-smart/1.1/accessors-smart-1.1.jar:/home/stbenjam/.m2/repository/org/ow2/asm/asm/5.0.3/asm-5.0.3.jar:/home/stbenjam/.m2/repository/junit/junit/4.12/junit-4.12.jar:/home/stbenjam/.m2/repository/org/assertj/assertj-core/2.6.0/assertj-core-2.6.0.jar:/home/stbenjam/.m2/repository/org/mockito/mockito-core/1.10.19/mockito-core-1.10.19.jar:/home/stbenjam/.m2/repository/org/objenesis/objenesis/2.1/objenesis-2.1.jar:/home/stbenjam/.m2/repository/org/hamcrest/hamcrest-core/1.3/hamcrest-core-1.3.jar:/home/stbenjam/.m2/repository/org/hamcrest/hamcrest-library/1.3/hamcrest-library-1.3.jar:/home/stbenjam/.m2/repository/org/skyscreamer/jsonassert/1.4.0/jsonassert-1.4.0.jar:/home/stbenjam/.m2/repository/org/springframework/spring-core/4.3.14.RELEASE/spring-core-4.3.14.RELEASE.jar:/home/stbenjam/.m2/repository/org/springframework/spring-test/4.3.14.RELEASE/spring-test-4.3.14.RELEASE.jar:/home/stbenjam/.m2/repository/org/springframework/restdocs/spring-restdocs-mockmvc/1.1.3.RELEASE/spring-restdocs-mockmvc-1.1.3.RELEASE.jar:/home/stbenjam/.m2/repository/org/springframework/restdocs/spring-restdocs-core/1.1.3.RELEASE/spring-restdocs-core-1.1.3.RELEASE.jar:/home/stbenjam/.m2/repository/javax/servlet/javax.servlet-api/3.1.0/javax.servlet-api-3.1.0.jar:/home/stbenjam/.m2/repository/org/springframework/boot/spring-boot-starter-data-jpa/1.5.10.RELEASE/spring-boot-starter-data-jpa-1.5.10.RELEASE.jar:/home/stbenjam/.m2/repository/org/springframework/boot/spring-boot-starter-aop/1.5.10.RELEASE/spring-boot-starter-aop-1.5.10.RELEASE.jar:/home/stbenjam/.m2/repository/org/aspectj/aspectjweaver/1.8.13/aspectjweaver-1.8.13.jar:/home/stbenjam/.m2/repository/org/springframework/boot/spring-boot-starter-jdbc/1.5.10.RELEASE/spring-boot-starter-jdbc-1.5.10.RELEASE.jar:/home/stbenjam/.m2/repository/org/apache/tomcat/tomcat-jdbc/8.5.27/tomcat-jdbc-8.5.27.jar:/home/stbenjam/.m2/repository/org/apache/tomcat/tomcat-juli/8.5.27/tomcat-juli-8.5.27.jar:/home/stbenjam/.m2/repository/org/springframework/spring-jdbc/4.3.14.RELEASE/spring-jdbc-4.3.14.RELEASE.jar:/home/stbenjam/.m2/repository/org/hibernate/hibernate-core/5.0.12.Final/hibernate-core-5.0.12.Final.jar:/home/stbenjam/.m2/repository/org/hibernate/javax/persistence/hibernate-jpa-2.1-api/1.0.0.Final/hibernate-jpa-2.1-api-1.0.0.Final.jar:/home/stbenjam/.m2/repository/org/javassist/javassist/3.21.0-GA/javassist-3.21.0-GA.jar:/home/stbenjam/.m2/repository/antlr/antlr/2.7.7/antlr-2.7.7.jar:/home/stbenjam/.m2/repository/org/jboss/jandex/2.0.0.Final/jandex-2.0.0.Final.jar:/home/stbenjam/.m2/repository/dom4j/dom4j/1.6.1/dom4j-1.6.1.jar:/home/stbenjam/.m2/repository/org/hibernate/common/hibernate-commons-annotations/5.0.1.Final/hibernate-commons-annotations-5.0.1.Final.jar:/home/stbenjam/.m2/repository/org/hibernate/hibernate-entitymanager/5.0.12.Final/hibernate-entitymanager-5.0.12.Final.jar:/home/stbenjam/.m2/repository/javax/transaction/javax.transaction-api/1.2/javax.transaction-api-1.2.jar:/home/stbenjam/.m2/repository/org/springframework/data/spring-data-jpa/1.11.10.RELEASE/spring-data-jpa-1.11.10.RELEASE.jar:/home/stbenjam/.m2/repository/org/springframework/data/spring-data-commons/1.13.10.RELEASE/spring-data-commons-1.13.10.RELEASE.jar:/home/stbenjam/.m2/repository/org/springframework/spring-orm/4.3.14.RELEASE/spring-orm-4.3.14.RELEASE.jar:/home/stbenjam/.m2/repository/org/springframework/spring-tx/4.3.14.RELEASE/spring-tx-4.3.14.RELEASE.jar:/home/stbenjam/.m2/repository/org/springframework/spring-aspects/4.3.14.RELEASE/spring-aspects-4.3.14.RELEASE.jar:/home/stbenjam/.m2/repository/com/h2database/h2/1.4.196/h2-1.4.196.jar:/home/stbenjam/.m2/repository/org/postgresql/postgresql/9.4-1206-jdbc42/postgresql-9.4-1206-jdbc42.jar:/home/stbenjam/.m2/repository/log4j/log4j/1.2.17/log4j-1.2.17.jar:/home/stbenjam/.m2/repository/com/google/guava/guava/19.0/guava-19.0.jar:/home/stbenjam/.m2/repository/javax/mail/mail/1.4/mail-1.4.jar:/home/stbenjam/.m2/repository/javax/activation/activation/1.1/activation-1.1.jar:/home/stbenjam/.m2/repository/org/springframework/boot/spring-boot-starter-security/1.5.10.RELEASE/spring-boot-starter-security-1.5.10.RELEASE.jar:/home/stbenjam/.m2/repository/org/springframework/spring-aop/4.3.14.RELEASE/spring-aop-4.3.14.RELEASE.jar:/home/stbenjam/.m2/repository/org/springframework/security/spring-security-config/4.2.4.RELEASE/spring-security-config-4.2.4.RELEASE.jar:/home/stbenjam/.m2/repository/org/springframework/security/spring-security-web/4.2.4.RELEASE/spring-security-web-4.2.4.RELEASE.jar:/home/stbenjam/.m2/repository/org/springframework/boot/spring-boot-starter-mail/1.4.3.RELEASE/spring-boot-starter-mail-1.4.3.RELEASE.jar:/home/stbenjam/.m2/repository/org/springframework/spring-context/4.3.14.RELEASE/spring-context-4.3.14.RELEASE.jar:/home/stbenjam/.m2/repository/com/sun/mail/javax.mail/1.5.6/javax.mail-1.5.6.jar:/home/stbenjam/.m2/repository/com/icegreen/greenmail/1.5.5/greenmail-1.5.5.jar:/home/stbenjam/.m2/repository/org/slf4j/slf4j-api/1.7.25/slf4j-api-1.7.25.jar:/home/stbenjam/.m2/repository/org/springframework/security/spring-security-test/4.2.4.RELEASE/spring-security-test-4.2.4.RELEASE.jar:/home/stbenjam/.m2/repository/org/springframework/security/spring-security-core/4.2.4.RELEASE/spring-security-core-4.2.4.RELEASE.jar:/home/stbenjam/.m2/repository/aopalliance/aopalliance/1.0/aopalliance-1.0.jar:/home/stbenjam/.m2/repository/org/springframework/security/oauth/spring-security-oauth2/2.0.14.RELEASE/spring-security-oauth2-2.0.14.RELEASE.jar:/home/stbenjam/.m2/repository/org/springframework/spring-beans/4.3.14.RELEASE/spring-beans-4.3.14.RELEASE.jar:/home/stbenjam/.m2/repository/commons-codec/commons-codec/1.10/commons-codec-1.10.jar:/home/stbenjam/.m2/repository/org/codehaus/jackson/jackson-mapper-asl/1.9.13/jackson-mapper-asl-1.9.13.jar:/home/stbenjam/.m2/repository/org/codehaus/jackson/jackson-core-asl/1.9.13/jackson-core-asl-1.9.13.jar:/home/stbenjam/.m2/repository/io/springfox/springfox-swagger2/2.8.0/springfox-swagger2-2.8.0.jar:/home/stbenjam/.m2/repository/io/swagger/swagger-annotations/1.5.14/swagger-annotations-1.5.14.jar:/home/stbenjam/.m2/repository/io/swagger/swagger-models/1.5.14/swagger-models-1.5.14.jar:/home/stbenjam/.m2/repository/io/springfox/springfox-spi/2.8.0/springfox-spi-2.8.0.jar:/home/stbenjam/.m2/repository/io/springfox/springfox-core/2.8.0/springfox-core-2.8.0.jar:/home/stbenjam/.m2/repository/net/bytebuddy/byte-buddy/1.7.9/byte-buddy-1.7.9.jar:/home/stbenjam/.m2/repository/io/springfox/springfox-schema/2.8.0/springfox-schema-2.8.0.jar:/home/stbenjam/.m2/repository/io/springfox/springfox-swagger-common/2.8.0/springfox-swagger-common-2.8.0.jar:/home/stbenjam/.m2/repository/io/springfox/springfox-spring-web/2.8.0/springfox-spring-web-2.8.0.jar:/home/stbenjam/.m2/repository/org/reflections/reflections/0.9.11/reflections-0.9.11.jar:/home/stbenjam/.m2/repository/com/fasterxml/classmate/1.3.4/classmate-1.3.4.jar:/home/stbenjam/.m2/repository/org/springframework/plugin/spring-plugin-core/1.2.0.RELEASE/spring-plugin-core-1.2.0.RELEASE.jar:/home/stbenjam/.m2/repository/org/springframework/plugin/spring-plugin-metadata/1.2.0.RELEASE/spring-plugin-metadata-1.2.0.RELEASE.jar:/home/stbenjam/.m2/repository/org/mapstruct/mapstruct/1.2.0.Final/mapstruct-1.2.0.Final.jar:/home/stbenjam/.m2/repository/io/springfox/springfox-swagger-ui/2.8.0/springfox-swagger-ui-2.8.0.jar:/home/stbenjam/.m2/repository/io/springfox/springfox-data-rest/2.8.0/springfox-data-rest-2.8.0.jar:/home/stbenjam/.m2/repository/org/springframework/hateoas/spring-hateoas/0.23.0.RELEASE/spring-hateoas-0.23.0.RELEASE.jar:/home/stbenjam/.m2/repository/org/usb4java/usb4java-javax/1.2.0/usb4java-javax-1.2.0.jar:/home/stbenjam/.m2/repository/javax/usb/usb-api/1.0.2/usb-api-1.0.2.jar:/home/stbenjam/.m2/repository/org/apache/commons/commons-lang3/3.2.1/commons-lang3-3.2.1.jar:/home/stbenjam/.m2/repository/org/usb4java/usb4java/1.2.0/usb4java-1.2.0.jar:/home/stbenjam/.m2/repository/org/usb4java/libusb4java/1.2.0/libusb4java-1.2.0-linux-x86.jar:/home/stbenjam/.m2/repository/org/usb4java/libusb4java/1.2.0/libusb4java-1.2.0-linux-x86_64.jar:/home/stbenjam/.m2/repository/org/usb4java/libusb4java/1.2.0/libusb4java-1.2.0-linux-arm.jar:/home/stbenjam/.m2/repository/org/usb4java/libusb4java/1.2.0/libusb4java-1.2.0-windows-x86.jar:/home/stbenjam/.m2/repository/org/usb4java/libusb4java/1.2.0/libusb4java-1.2.0-windows-x86_64.jar:/home/stbenjam/.m2/repository/org/usb4java/libusb4java/1.2.0/libusb4java-1.2.0-osx-x86.jar:/home/stbenjam/.m2/repository/org/usb4java/libusb4java/1.2.0/libusb4java-1.2.0-osx-x86_64.jar:/home/stbenjam/.m2/repository/org/mockito/mockito-all/1.9.5/mockito-all-1.9.5.jar:/home/stbenjam/.m2/repository/com/fasterxml/jackson/core/jackson-databind/2.5.0/jackson-databind-2.5.0.jar:/home/stbenjam/.m2/repository/com/fasterxml/jackson/core/jackson-core/2.8.10/jackson-core-2.8.10.jar:/home/stbenjam/.m2/repository/com/vaadin/external/google/android-json/0.0.20131108.vaadin1/android-json-0.0.20131108.vaadin1.jar:/home/stbenjam/.m2/repository/com/tngtech/java/junit-dataprovider/1.13.1/junit-dataprovider-1.13.1.jar:/home/stbenjam/.m2/repository/org/springframework/spring-context-support/3.2.0.RELEASE/spring-context-support-3.2.0.RELEASE.jar:, user.name=stbenjam, java.vm.specification.version=1.8, sun.java.command=/home/stbenjam/git/h2ms/target/surefire/surefirebooter4923085358408019683.jar /home/stbenjam/git/h2ms/target/surefire/surefire6384590864609753023tmp /home/stbenjam/git/h2ms/target/surefire/surefire_07365849549389595586tmp, java.home=/usr/lib/jvm/java-1.8.0-openjdk-1.8.0.161-0.b14.fc27.x86_64/jre, sun.arch.data.model=64, user.language=en, java.specification.vendor=Oracle Corporation, awt.toolkit=sun.awt.X11.XToolkit, java.vm.info=mixed mode, java.version=1.8.0_161, java.ext.dirs=/usr/lib/jvm/java-1.8.0-openjdk-1.8.0.161-0.b14.fc27.x86_64/jre/lib/ext:/usr/java/packages/lib/ext, sun.boot.class.path=/usr/lib/jvm/java-1.8.0-openjdk-1.8.0.161-0.b14.fc27.x86_64/jre/lib/resources.jar:/usr/lib/jvm/java-1.8.0-openjdk-1.8.0.161-0.b14.fc27.x86_64/jre/lib/rt.jar:/usr/lib/jvm/java-1.8.0-openjdk-1.8.0.161-0.b14.fc27.x86_64/jre/lib/sunrsasign.jar:/usr/lib/jvm/java-1.8.0-openjdk-1.8.0.161-0.b14.fc27.x86_64/jre/lib/jsse.jar:/usr/lib/jvm/java-1.8.0-openjdk-1.8.0.161-0.b14.fc27.x86_64/jre/lib/jce.jar:/usr/lib/jvm/java-1.8.0-openjdk-1.8.0.161-0.b14.fc27.x86_64/jre/lib/charsets.jar:/usr/lib/jvm/java-1.8.0-openjdk-1.8.0.161-0.b14.fc27.x86_64/jre/lib/jfr.jar:/usr/lib/jvm/java-1.8.0-openjdk-1.8.0.161-0.b14.fc27.x86_64/jre/classes, java.vendor=Oracle Corporation, localRepository=/home/stbenjam/.m2/repository, file.separator=/, java.vendor.url.bug=http://bugreport.sun.com/bugreport/, sun.io.unicode.encoding=UnicodeLittle, sun.cpu.endian=little, sun.desktop=gnome, sun.cpu.isalist=}}, SystemEnvironmentPropertySource@812446698 {name='systemEnvironment', properties={IRBRC=/home/stbenjam/.rvm/rubies/ruby-2.3.3/.irbrc, PATH=/home/stbenjam/.rvm/gems/ruby-2.3.3/bin:/home/stbenjam/.rvm/gems/ruby-2.3.3@global/bin:/home/stbenjam/.rvm/rubies/ruby-2.3.3/bin:/usr/local/bin:/usr/bin:/bin:/usr/local/sbin:/usr/sbin:/home/stbenjam/.local/bin:/home/stbenjam/bin:/home/stbenjam/.rvm/bin, rvm_silent_flag=, HISTCONTROL=ignoredups, XMODIFIERS=@im=ibus, GDMSESSION=gnome-xorg, rvm_quiet_flag=, GUESTFISH_RESTORE=\e[0m, DBUS_SESSION_BUS_ADDRESS=unix:path=/run/user/1000/bus,guid=0ff0c73f492cc1dc3846ae835aac7cd0, COLORTERM=truecolor, rvm_ruby_make_install=, rvm_niceness=, SESSION_MANAGER=local/unix:@/tmp/.ICE-unix/1818,unix/unix:/tmp/.ICE-unix/1818, USERNAME=stbenjam, rvm_version=1.29.1 (latest), PWD=/home/stbenjam/git/h2ms, MANAGERPID=1759, LESSOPEN=||/usr/bin/lesspipe.sh %s, PAGER=less, QTINC=/usr/lib64/qt-3.3/include, rvm_hook=, rvm_wrapper_name=, MY_RUBY_HOME=/home/stbenjam/.rvm/rubies/ruby-2.3.3, rvm_nightly_flag=, ZSH=/home/stbenjam/.oh-my-zsh, rvm_path=/home/stbenjam/.rvm, GUESTFISH_INIT=\e[1;34m, GNOME_DESKTOP_SESSION_ID=this-is-deprecated, SYSTEMD_NSS_BYPASS_BUS=1, DBUS_STARTER_ADDRESS=unix:path=/run/user/1000/bus,guid=0ff0c73f492cc1dc3846ae835aac7cd0, LC_CTYPE=en_US.UTF-8, SHLVL=2, LOADEDMODULES=, HISTSIZE=10000, JAVA_HOME=/usr/lib/jvm/java-1.8.0-openjdk-1.8.0.161-0.b14.fc27.x86_64, TERM=xterm-256color, XDG_SESSION_ID=2, rvm_script_name=, rvm_ruby_make=, rvm_docs_type=, _=/usr/lib/jvm/java-1.8.0-openjdk-1.8.0.161-0.b14.fc27.x86_64/jre/bin/java, MAVEN_PROJECTBASEDIR=/home/stbenjam/git/h2ms, DESKTOP_SESSION=gnome-xorg, XDG_MENU_PREFIX=gnome-, VTE_VERSION=5002, rvm_alias_expanded=, rvm_ruby_bits=, GEM_PATH=/home/stbenjam/.rvm/gems/ruby-2.3.3:/home/stbenjam/.rvm/gems/ruby-2.3.3@global, TILIX_ID=df6230d2-2679-42ab-bd7f-667d05988153, XAUTHORITY=/run/user/1000/gdm/Xauthority, INVOCATION_ID=2a8a59bd24d3424f8a519125eeaea755, XDG_DATA_DIRS=/home/stbenjam/.local/share/flatpak/exports/share/:/var/lib/flatpak/exports/share/:/usr/local/share/:/usr/share/, MODULEPATH=/etc/scl/modulefiles:/etc/scl/modulefiles:/usr/share/Modules/modulefiles:/etc/modulefiles:/usr/share/modulefiles, rvm_bin_flag=, VAGRANT_DEFAULT_PROVIDER=libvirt, XDG_CURRENT_DESKTOP=GNOME, JOURNAL_STREAM=9:35277, MAIL=/var/spool/mail/stbenjam, rvm_ruby_mode=, LOGNAME=stbenjam, rvm_proxy=, SHELL=/bin/zsh, rvm_sdk=, OLDPWD=/home/stbenjam/git/h2ms, GEM_HOME=/home/stbenjam/.rvm/gems/ruby-2.3.3, rvm_use_flag=, GIT=/bin/git, RUBY_VERSION=ruby-2.3.3, _system_name=Fedora, LESS=-R, XDG_SESSION_DESKTOP=gnome-xorg, LS_COLORS=rs=0:di=38;5;33:ln=38;5;51:mh=00:pi=40;38;5;11:so=38;5;13:do=38;5;5:bd=48;5;232;38;5;11:cd=48;5;232;38;5;3:or=48;5;232;38;5;9:mi=01;05;37;41:su=48;5;196;38;5;15:sg=48;5;11;38;5;16:ca=48;5;196;38;5;226:tw=48;5;10;38;5;16:ow=48;5;10;38;5;21:st=48;5;21;38;5;15:ex=38;5;40:*.tar=38;5;9:*.tgz=38;5;9:*.arc=38;5;9:*.arj=38;5;9:*.taz=38;5;9:*.lha=38;5;9:*.lz4=38;5;9:*.lzh=38;5;9:*.lzma=38;5;9:*.tlz=38;5;9:*.txz=38;5;9:*.tzo=38;5;9:*.t7z=38;5;9:*.zip=38;5;9:*.z=38;5;9:*.Z=38;5;9:*.dz=38;5;9:*.gz=38;5;9:*.lrz=38;5;9:*.lz=38;5;9:*.lzo=38;5;9:*.xz=38;5;9:*.zst=38;5;9:*.tzst=38;5;9:*.bz2=38;5;9:*.bz=38;5;9:*.tbz=38;5;9:*.tbz2=38;5;9:*.tz=38;5;9:*.deb=38;5;9:*.rpm=38;5;9:*.jar=38;5;9:*.war=38;5;9:*.ear=38;5;9:*.sar=38;5;9:*.rar=38;5;9:*.alz=38;5;9:*.ace=38;5;9:*.zoo=38;5;9:*.cpio=38;5;9:*.7z=38;5;9:*.rz=38;5;9:*.cab=38;5;9:*.wim=38;5;9:*.swm=38;5;9:*.dwm=38;5;9:*.esd=38;5;9:*.jpg=38;5;13:*.jpeg=38;5;13:*.mjpg=38;5;13:*.mjpeg=38;5;13:*.gif=38;5;13:*.bmp=38;5;13:*.pbm=38;5;13:*.pgm=38;5;13:*.ppm=38;5;13:*.tga=38;5;13:*.xbm=38;5;13:*.xpm=38;5;13:*.tif=38;5;13:*.tiff=38;5;13:*.png=38;5;13:*.svg=38;5;13:*.svgz=38;5;13:*.mng=38;5;13:*.pcx=38;5;13:*.mov=38;5;13:*.mpg=38;5;13:*.mpeg=38;5;13:*.m2v=38;5;13:*.mkv=38;5;13:*.webm=38;5;13:*.ogm=38;5;13:*.mp4=38;5;13:*.m4v=38;5;13:*.mp4v=38;5;13:*.vob=38;5;13:*.qt=38;5;13:*.nuv=38;5;13:*.wmv=38;5;13:*.asf=38;5;13:*.rm=38;5;13:*.rmvb=38;5;13:*.flc=38;5;13:*.avi=38;5;13:*.fli=38;5;13:*.flv=38;5;13:*.gl=38;5;13:*.dl=38;5;13:*.xcf=38;5;13:*.xwd=38;5;13:*.yuv=38;5;13:*.cgm=38;5;13:*.emf=38;5;13:*.ogv=38;5;13:*.ogx=38;5;13:*.aac=38;5;45:*.au=38;5;45:*.flac=38;5;45:*.m4a=38;5;45:*.mid=38;5;45:*.midi=38;5;45:*.mka=38;5;45:*.mp3=38;5;45:*.mpc=38;5;45:*.ogg=38;5;45:*.ra=38;5;45:*.wav=38;5;45:*.oga=38;5;45:*.opus=38;5;45:*.spx=38;5;45:*.xspf=38;5;45:, rvm_gemstone_package_file=, _system_arch=x86_64, rvm_bin_path=/home/stbenjam/.rvm/bin, QT_IM_MODULE=ibus, rvm_only_path_flag=, rvm_prefix=/home/stbenjam, LANG=en_US.UTF-8, XDG_SESSION_TYPE=x11, DISPLAY=:0, rvm_gemstone_url=, GDM_LANG=en_US.UTF-8, GUESTFISH_PS1=\[\e[1;32m\]><fs>\[\e[0;31m\] , LSCOLORS=Gxfxcxdxbxegedabagacad, _system_type=Linux, _system_version=27, GPG_TTY=/dev/pts/1, USER=stbenjam, rvm_ruby_file=, WINDOWPATH=2, XDG_SEAT=seat0, SSH_AUTH_SOCK=/run/user/1000/keyring/ssh, EDITOR=vim, HOSTNAME=ancient.bitbin.de, MODULESHOME=/usr/share/Modules, QTDIR=/usr/lib64/qt-3.3, XDG_RUNTIME_DIR=/run/user/1000, XDG_VTNR=2, GUESTFISH_OUTPUT=\e[0m, DBUS_STARTER_BUS_TYPE=session, QTLIB=/usr/lib64/qt-3.3/lib, HOME=/home/stbenjam}}]
21:06:43.262 [main] DEBUG org.springframework.core.io.support.PathMatchingResourcePatternResolver - Resolved classpath location [edu/harvard/h2ms/controllers/] to resources [URL [file:/home/stbenjam/git/h2ms/target/test-classes/edu/harvard/h2ms/controllers/]]
21:06:43.262 [main] DEBUG org.springframework.core.io.support.PathMatchingResourcePatternResolver - Looking for matching resources in directory tree [/home/stbenjam/git/h2ms/target/test-classes/edu/harvard/h2ms/controllers]
21:06:43.262 [main] DEBUG org.springframework.core.io.support.PathMatchingResourcePatternResolver - Searching directory [/home/stbenjam/git/h2ms/target/test-classes/edu/harvard/h2ms/controllers] for files matching pattern [/home/stbenjam/git/h2ms/target/test-classes/edu/harvard/h2ms/controllers/*.class]
21:06:43.264 [main] DEBUG org.springframework.core.io.support.PathMatchingResourcePatternResolver - Resolved location pattern [classpath*:edu/harvard/h2ms/controllers/*.class] to resources [file [/home/stbenjam/git/h2ms/target/test-classes/edu/harvard/h2ms/controllers/EventControllerTests.class], file [/home/stbenjam/git/h2ms/target/test-classes/edu/harvard/h2ms/controllers/LocationControllerTests.class], file [/home/stbenjam/git/h2ms/target/test-classes/edu/harvard/h2ms/controllers/UserControllerTests.class]]
21:06:43.272 [main] DEBUG org.springframework.core.io.support.PathMatchingResourcePatternResolver - Resolved classpath location [edu/harvard/h2ms/] to resources [URL [file:/home/stbenjam/git/h2ms/target/test-classes/edu/harvard/h2ms/], URL [file:/home/stbenjam/git/h2ms/target/classes/edu/harvard/h2ms/]]
21:06:43.272 [main] DEBUG org.springframework.core.io.support.PathMatchingResourcePatternResolver - Looking for matching resources in directory tree [/home/stbenjam/git/h2ms/target/test-classes/edu/harvard/h2ms]
21:06:43.272 [main] DEBUG org.springframework.core.io.support.PathMatchingResourcePatternResolver - Searching directory [/home/stbenjam/git/h2ms/target/test-classes/edu/harvard/h2ms] for files matching pattern [/home/stbenjam/git/h2ms/target/test-classes/edu/harvard/h2ms/*.class]
21:06:43.273 [main] DEBUG org.springframework.core.io.support.PathMatchingResourcePatternResolver - Looking for matching resources in directory tree [/home/stbenjam/git/h2ms/target/classes/edu/harvard/h2ms]
21:06:43.273 [main] DEBUG org.springframework.core.io.support.PathMatchingResourcePatternResolver - Searching directory [/home/stbenjam/git/h2ms/target/classes/edu/harvard/h2ms] for files matching pattern [/home/stbenjam/git/h2ms/target/classes/edu/harvard/h2ms/*.class]
21:06:43.274 [main] DEBUG org.springframework.core.io.support.PathMatchingResourcePatternResolver - Resolved location pattern [classpath*:edu/harvard/h2ms/*.class] to resources [file [/home/stbenjam/git/h2ms/target/classes/edu/harvard/h2ms/H2MSRestAppInitializer.class]]
21:06:43.275 [main] DEBUG org.springframework.context.annotation.ClassPathScanningCandidateComponentProvider - Identified candidate component class: file [/home/stbenjam/git/h2ms/target/classes/edu/harvard/h2ms/H2MSRestAppInitializer.class]
21:06:43.276 [main] INFO org.springframework.boot.test.context.SpringBootTestContextBootstrapper - Found @SpringBootConfiguration edu.harvard.h2ms.H2MSRestAppInitializer for test class edu.harvard.h2ms.controllers.EventControllerTests
21:06:43.278 [main] DEBUG org.springframework.boot.test.context.SpringBootTestContextBootstrapper - @TestExecutionListeners is not present for class [edu.harvard.h2ms.controllers.EventControllerTests]: using defaults.
21:06:43.285 [main] INFO org.springframework.boot.test.context.SpringBootTestContextBootstrapper - Loaded default TestExecutionListener class names from location [META-INF/spring.factories]: [org.springframework.boot.test.mock.mockito.MockitoTestExecutionListener, org.springframework.boot.test.mock.mockito.ResetMocksTestExecutionListener, org.springframework.boot.test.autoconfigure.restdocs.RestDocsTestExecutionListener, org.springframework.boot.test.autoconfigure.web.client.MockRestServiceServerResetTestExecutionListener, org.springframework.boot.test.autoconfigure.web.servlet.MockMvcPrintOnlyOnFailureTestExecutionListener, org.springframework.boot.test.autoconfigure.web.servlet.WebDriverTestExecutionListener, org.springframework.test.context.web.ServletTestExecutionListener, org.springframework.test.context.support.DirtiesContextBeforeModesTestExecutionListener, org.springframework.test.context.support.DependencyInjectionTestExecutionListener, org.springframework.test.context.support.DirtiesContextTestExecutionListener, org.springframework.test.context.transaction.TransactionalTestExecutionListener, org.springframework.test.context.jdbc.SqlScriptsTestExecutionListener, org.springframework.security.test.context.support.WithSecurityContextTestExecutionListener]
21:06:43.288 [main] INFO org.springframework.boot.test.context.SpringBootTestContextBootstrapper - Using TestExecutionListeners: [org.springframework.test.context.web.ServletTestExecutionListener@1eb5174b, org.springframework.test.context.support.DirtiesContextBeforeModesTestExecutionListener@67080771, org.springframework.boot.test.autoconfigure.SpringBootDependencyInjectionTestExecutionListener@72cde7cc, org.springframework.test.context.support.DirtiesContextTestExecutionListener@5fd4f8f5, org.springframework.test.context.transaction.TransactionalTestExecutionListener@696da30b, org.springframework.test.context.jdbc.SqlScriptsTestExecutionListener@4e7912d8, org.springframework.security.test.context.support.WithSecurityContextTestExecutionListener@53976f5c, org.springframework.boot.test.mock.mockito.MockitoTestExecutionListener@2bfc268b, org.springframework.boot.test.mock.mockito.ResetMocksTestExecutionListener@2f8dad04, org.springframework.boot.test.autoconfigure.restdocs.RestDocsTestExecutionListener@29e495ff, org.springframework.boot.test.autoconfigure.web.client.MockRestServiceServerResetTestExecutionListener@41e1e210, org.springframework.boot.test.autoconfigure.web.servlet.MockMvcPrintOnlyOnFailureTestExecutionListener@be35cd9, org.springframework.boot.test.autoconfigure.web.servlet.WebDriverTestExecutionListener@4944252c]
21:06:43.290 [main] DEBUG org.springframework.test.context.junit4.SpringJUnit4ClassRunner - SpringJUnit4ClassRunner constructor called with [class edu.harvard.h2ms.controllers.UserControllerTests]
21:06:43.290 [main] DEBUG org.springframework.test.context.BootstrapUtils - Instantiating CacheAwareContextLoaderDelegate from class [org.springframework.test.context.cache.DefaultCacheAwareContextLoaderDelegate]
21:06:43.290 [main] DEBUG org.springframework.test.context.BootstrapUtils - Instantiating BootstrapContext using constructor [public org.springframework.test.context.support.DefaultBootstrapContext(java.lang.Class,org.springframework.test.context.CacheAwareContextLoaderDelegate)]
21:06:43.291 [main] DEBUG org.springframework.test.context.BootstrapUtils - Instantiating TestContextBootstrapper for test class [edu.harvard.h2ms.controllers.UserControllerTests] from class [org.springframework.boot.test.context.SpringBootTestContextBootstrapper]
21:06:43.291 [main] INFO org.springframework.boot.test.context.SpringBootTestContextBootstrapper - Neither @ContextConfiguration nor @ContextHierarchy found for test class [edu.harvard.h2ms.controllers.UserControllerTests], using SpringBootContextLoader
21:06:43.291 [main] DEBUG org.springframework.test.context.support.AbstractContextLoader - Did not detect default resource location for test class [edu.harvard.h2ms.controllers.UserControllerTests]: class path resource [edu/harvard/h2ms/controllers/UserControllerTests-context.xml] does not exist
21:06:43.292 [main] DEBUG org.springframework.test.context.support.AbstractContextLoader - Did not detect default resource location for test class [edu.harvard.h2ms.controllers.UserControllerTests]: class path resource [edu/harvard/h2ms/controllers/UserControllerTestsContext.groovy] does not exist
21:06:43.292 [main] INFO org.springframework.test.context.support.AbstractContextLoader - Could not detect default resource locations for test class [edu.harvard.h2ms.controllers.UserControllerTests]: no resource found for suffixes {-context.xml, Context.groovy}.
21:06:43.292 [main] INFO org.springframework.test.context.support.AnnotationConfigContextLoaderUtils - Could not detect default configuration classes for test class [edu.harvard.h2ms.controllers.UserControllerTests]: UserControllerTests does not declare any static, non-private, non-final, nested classes annotated with @Configuration.
21:06:43.308 [main] DEBUG org.springframework.test.context.support.ActiveProfilesUtils - Could not find an 'annotation declaring class' for annotation type [org.springframework.test.context.ActiveProfiles] and class [edu.harvard.h2ms.controllers.UserControllerTests]
21:06:43.309 [main] DEBUG org.springframework.core.env.StandardEnvironment - Adding PropertySource 'systemProperties' with lowest search precedence
21:06:43.310 [main] DEBUG org.springframework.core.env.StandardEnvironment - Adding PropertySource 'systemEnvironment' with lowest search precedence
21:06:43.310 [main] DEBUG org.springframework.core.env.StandardEnvironment - Initialized StandardEnvironment with PropertySources [MapPropertySource@1604002113 {name='systemProperties', properties={java.runtime.name=OpenJDK Runtime Environment, sun.boot.library.path=/usr/lib/jvm/java-1.8.0-openjdk-1.8.0.161-0.b14.fc27.x86_64/jre/lib/amd64, java.vm.version=25.161-b14, java.vm.vendor=Oracle Corporation, java.vendor.url=http://java.oracle.com/, path.separator=:, java.vm.name=OpenJDK 64-Bit Server VM, file.encoding.pkg=sun.io, user.country=US, sun.java.launcher=SUN_STANDARD, sun.os.patch.level=unknown, java.vm.specification.name=Java Virtual Machine Specification, user.dir=/home/stbenjam/git/h2ms, java.runtime.version=1.8.0_161-b14, basedir=/home/stbenjam/git/h2ms, java.awt.graphicsenv=sun.awt.X11GraphicsEnvironment, java.endorsed.dirs=/usr/lib/jvm/java-1.8.0-openjdk-1.8.0.161-0.b14.fc27.x86_64/jre/lib/endorsed, os.arch=amd64, surefire.real.class.path=/home/stbenjam/git/h2ms/target/surefire/surefirebooter4923085358408019683.jar, java.io.tmpdir=/tmp, line.separator=
, java.vm.specification.vendor=Oracle Corporation, os.name=Linux, sun.jnu.encoding=UTF-8, java.library.path=/usr/java/packages/lib/amd64:/usr/lib64:/lib64:/lib:/usr/lib, surefire.test.class.path=/home/stbenjam/git/h2ms/target/test-classes:/home/stbenjam/git/h2ms/target/classes:/home/stbenjam/.m2/repository/org/springframework/boot/spring-boot-starter-data-rest/1.5.10.RELEASE/spring-boot-starter-data-rest-1.5.10.RELEASE.jar:/home/stbenjam/.m2/repository/org/springframework/boot/spring-boot-starter/1.5.10.RELEASE/spring-boot-starter-1.5.10.RELEASE.jar:/home/stbenjam/.m2/repository/org/springframework/boot/spring-boot/1.5.10.RELEASE/spring-boot-1.5.10.RELEASE.jar:/home/stbenjam/.m2/repository/org/springframework/boot/spring-boot-autoconfigure/1.5.10.RELEASE/spring-boot-autoconfigure-1.5.10.RELEASE.jar:/home/stbenjam/.m2/repository/org/springframework/boot/spring-boot-starter-logging/1.5.10.RELEASE/spring-boot-starter-logging-1.5.10.RELEASE.jar:/home/stbenjam/.m2/repository/ch/qos/logback/logback-classic/1.1.11/logback-classic-1.1.11.jar:/home/stbenjam/.m2/repository/ch/qos/logback/logback-core/1.1.11/logback-core-1.1.11.jar:/home/stbenjam/.m2/repository/org/slf4j/jul-to-slf4j/1.7.25/jul-to-slf4j-1.7.25.jar:/home/stbenjam/.m2/repository/org/slf4j/log4j-over-slf4j/1.7.25/log4j-over-slf4j-1.7.25.jar:/home/stbenjam/.m2/repository/org/yaml/snakeyaml/1.17/snakeyaml-1.17.jar:/home/stbenjam/.m2/repository/com/fasterxml/jackson/core/jackson-annotations/2.8.0/jackson-annotations-2.8.0.jar:/home/stbenjam/.m2/repository/org/springframework/data/spring-data-rest-webmvc/2.6.10.RELEASE/spring-data-rest-webmvc-2.6.10.RELEASE.jar:/home/stbenjam/.m2/repository/org/springframework/data/spring-data-rest-core/2.6.10.RELEASE/spring-data-rest-core-2.6.10.RELEASE.jar:/home/stbenjam/.m2/repository/org/atteo/evo-inflector/1.2.2/evo-inflector-1.2.2.jar:/home/stbenjam/.m2/repository/org/slf4j/jcl-over-slf4j/1.7.25/jcl-over-slf4j-1.7.25.jar:/home/stbenjam/.m2/repository/org/springframework/boot/spring-boot-starter-web/1.5.10.RELEASE/spring-boot-starter-web-1.5.10.RELEASE.jar:/home/stbenjam/.m2/repository/org/springframework/boot/spring-boot-starter-tomcat/1.5.10.RELEASE/spring-boot-starter-tomcat-1.5.10.RELEASE.jar:/home/stbenjam/.m2/repository/org/apache/tomcat/embed/tomcat-embed-core/8.5.27/tomcat-embed-core-8.5.27.jar:/home/stbenjam/.m2/repository/org/apache/tomcat/tomcat-annotations-api/8.5.27/tomcat-annotations-api-8.5.27.jar:/home/stbenjam/.m2/repository/org/apache/tomcat/embed/tomcat-embed-el/8.5.27/tomcat-embed-el-8.5.27.jar:/home/stbenjam/.m2/repository/org/apache/tomcat/embed/tomcat-embed-websocket/8.5.27/tomcat-embed-websocket-8.5.27.jar:/home/stbenjam/.m2/repository/org/hibernate/hibernate-validator/5.3.6.Final/hibernate-validator-5.3.6.Final.jar:/home/stbenjam/.m2/repository/javax/validation/validation-api/1.1.0.Final/validation-api-1.1.0.Final.jar:/home/stbenjam/.m2/repository/org/jboss/logging/jboss-logging/3.3.1.Final/jboss-logging-3.3.1.Final.jar:/home/stbenjam/.m2/repository/org/springframework/spring-web/4.3.14.RELEASE/spring-web-4.3.14.RELEASE.jar:/home/stbenjam/.m2/repository/org/springframework/spring-webmvc/4.3.14.RELEASE/spring-webmvc-4.3.14.RELEASE.jar:/home/stbenjam/.m2/repository/org/springframework/spring-expression/4.3.14.RELEASE/spring-expression-4.3.14.RELEASE.jar:/home/stbenjam/.m2/repository/org/springframework/boot/spring-boot-starter-thymeleaf/1.5.10.RELEASE/spring-boot-starter-thymeleaf-1.5.10.RELEASE.jar:/home/stbenjam/.m2/repository/org/thymeleaf/thymeleaf-spring4/2.1.6.RELEASE/thymeleaf-spring4-2.1.6.RELEASE.jar:/home/stbenjam/.m2/repository/org/thymeleaf/thymeleaf/2.1.6.RELEASE/thymeleaf-2.1.6.RELEASE.jar:/home/stbenjam/.m2/repository/ognl/ognl/3.0.8/ognl-3.0.8.jar:/home/stbenjam/.m2/repository/org/unbescape/unbescape/1.1.0.RELEASE/unbescape-1.1.0.RELEASE.jar:/home/stbenjam/.m2/repository/nz/net/ultraq/thymeleaf/thymeleaf-layout-dialect/1.4.0/thymeleaf-layout-dialect-1.4.0.jar:/home/stbenjam/.m2/repository/org/codehaus/groovy/groovy/2.4.13/groovy-2.4.13.jar:/home/stbenjam/.m2/repository/org/springframework/boot/spring-boot-starter-test/1.5.10.RELEASE/spring-boot-starter-test-1.5.10.RELEASE.jar:/home/stbenjam/.m2/repository/org/springframework/boot/spring-boot-test/1.5.10.RELEASE/spring-boot-test-1.5.10.RELEASE.jar:/home/stbenjam/.m2/repository/org/springframework/boot/spring-boot-test-autoconfigure/1.5.10.RELEASE/spring-boot-test-autoconfigure-1.5.10.RELEASE.jar:/home/stbenjam/.m2/repository/com/jayway/jsonpath/json-path/2.2.0/json-path-2.2.0.jar:/home/stbenjam/.m2/repository/net/minidev/json-smart/2.2.1/json-smart-2.2.1.jar:/home/stbenjam/.m2/repository/net/minidev/accessors-smart/1.1/accessors-smart-1.1.jar:/home/stbenjam/.m2/repository/org/ow2/asm/asm/5.0.3/asm-5.0.3.jar:/home/stbenjam/.m2/repository/junit/junit/4.12/junit-4.12.jar:/home/stbenjam/.m2/repository/org/assertj/assertj-core/2.6.0/assertj-core-2.6.0.jar:/home/stbenjam/.m2/repository/org/mockito/mockito-core/1.10.19/mockito-core-1.10.19.jar:/home/stbenjam/.m2/repository/org/objenesis/objenesis/2.1/objenesis-2.1.jar:/home/stbenjam/.m2/repository/org/hamcrest/hamcrest-core/1.3/hamcrest-core-1.3.jar:/home/stbenjam/.m2/repository/org/hamcrest/hamcrest-library/1.3/hamcrest-library-1.3.jar:/home/stbenjam/.m2/repository/org/skyscreamer/jsonassert/1.4.0/jsonassert-1.4.0.jar:/home/stbenjam/.m2/repository/org/springframework/spring-core/4.3.14.RELEASE/spring-core-4.3.14.RELEASE.jar:/home/stbenjam/.m2/repository/org/springframework/spring-test/4.3.14.RELEASE/spring-test-4.3.14.RELEASE.jar:/home/stbenjam/.m2/repository/org/springframework/restdocs/spring-restdocs-mockmvc/1.1.3.RELEASE/spring-restdocs-mockmvc-1.1.3.RELEASE.jar:/home/stbenjam/.m2/repository/org/springframework/restdocs/spring-restdocs-core/1.1.3.RELEASE/spring-restdocs-core-1.1.3.RELEASE.jar:/home/stbenjam/.m2/repository/javax/servlet/javax.servlet-api/3.1.0/javax.servlet-api-3.1.0.jar:/home/stbenjam/.m2/repository/org/springframework/boot/spring-boot-starter-data-jpa/1.5.10.RELEASE/spring-boot-starter-data-jpa-1.5.10.RELEASE.jar:/home/stbenjam/.m2/repository/org/springframework/boot/spring-boot-starter-aop/1.5.10.RELEASE/spring-boot-starter-aop-1.5.10.RELEASE.jar:/home/stbenjam/.m2/repository/org/aspectj/aspectjweaver/1.8.13/aspectjweaver-1.8.13.jar:/home/stbenjam/.m2/repository/org/springframework/boot/spring-boot-starter-jdbc/1.5.10.RELEASE/spring-boot-starter-jdbc-1.5.10.RELEASE.jar:/home/stbenjam/.m2/repository/org/apache/tomcat/tomcat-jdbc/8.5.27/tomcat-jdbc-8.5.27.jar:/home/stbenjam/.m2/repository/org/apache/tomcat/tomcat-juli/8.5.27/tomcat-juli-8.5.27.jar:/home/stbenjam/.m2/repository/org/springframework/spring-jdbc/4.3.14.RELEASE/spring-jdbc-4.3.14.RELEASE.jar:/home/stbenjam/.m2/repository/org/hibernate/hibernate-core/5.0.12.Final/hibernate-core-5.0.12.Final.jar:/home/stbenjam/.m2/repository/org/hibernate/javax/persistence/hibernate-jpa-2.1-api/1.0.0.Final/hibernate-jpa-2.1-api-1.0.0.Final.jar:/home/stbenjam/.m2/repository/org/javassist/javassist/3.21.0-GA/javassist-3.21.0-GA.jar:/home/stbenjam/.m2/repository/antlr/antlr/2.7.7/antlr-2.7.7.jar:/home/stbenjam/.m2/repository/org/jboss/jandex/2.0.0.Final/jandex-2.0.0.Final.jar:/home/stbenjam/.m2/repository/dom4j/dom4j/1.6.1/dom4j-1.6.1.jar:/home/stbenjam/.m2/repository/org/hibernate/common/hibernate-commons-annotations/5.0.1.Final/hibernate-commons-annotations-5.0.1.Final.jar:/home/stbenjam/.m2/repository/org/hibernate/hibernate-entitymanager/5.0.12.Final/hibernate-entitymanager-5.0.12.Final.jar:/home/stbenjam/.m2/repository/javax/transaction/javax.transaction-api/1.2/javax.transaction-api-1.2.jar:/home/stbenjam/.m2/repository/org/springframework/data/spring-data-jpa/1.11.10.RELEASE/spring-data-jpa-1.11.10.RELEASE.jar:/home/stbenjam/.m2/repository/org/springframework/data/spring-data-commons/1.13.10.RELEASE/spring-data-commons-1.13.10.RELEASE.jar:/home/stbenjam/.m2/repository/org/springframework/spring-orm/4.3.14.RELEASE/spring-orm-4.3.14.RELEASE.jar:/home/stbenjam/.m2/repository/org/springframework/spring-tx/4.3.14.RELEASE/spring-tx-4.3.14.RELEASE.jar:/home/stbenjam/.m2/repository/org/springframework/spring-aspects/4.3.14.RELEASE/spring-aspects-4.3.14.RELEASE.jar:/home/stbenjam/.m2/repository/com/h2database/h2/1.4.196/h2-1.4.196.jar:/home/stbenjam/.m2/repository/org/postgresql/postgresql/9.4-1206-jdbc42/postgresql-9.4-1206-jdbc42.jar:/home/stbenjam/.m2/repository/log4j/log4j/1.2.17/log4j-1.2.17.jar:/home/stbenjam/.m2/repository/com/google/guava/guava/19.0/guava-19.0.jar:/home/stbenjam/.m2/repository/javax/mail/mail/1.4/mail-1.4.jar:/home/stbenjam/.m2/repository/javax/activation/activation/1.1/activation-1.1.jar:/home/stbenjam/.m2/repository/org/springframework/boot/spring-boot-starter-security/1.5.10.RELEASE/spring-boot-starter-security-1.5.10.RELEASE.jar:/home/stbenjam/.m2/repository/org/springframework/spring-aop/4.3.14.RELEASE/spring-aop-4.3.14.RELEASE.jar:/home/stbenjam/.m2/repository/org/springframework/security/spring-security-config/4.2.4.RELEASE/spring-security-config-4.2.4.RELEASE.jar:/home/stbenjam/.m2/repository/org/springframework/security/spring-security-web/4.2.4.RELEASE/spring-security-web-4.2.4.RELEASE.jar:/home/stbenjam/.m2/repository/org/springframework/boot/spring-boot-starter-mail/1.4.3.RELEASE/spring-boot-starter-mail-1.4.3.RELEASE.jar:/home/stbenjam/.m2/repository/org/springframework/spring-context/4.3.14.RELEASE/spring-context-4.3.14.RELEASE.jar:/home/stbenjam/.m2/repository/com/sun/mail/javax.mail/1.5.6/javax.mail-1.5.6.jar:/home/stbenjam/.m2/repository/com/icegreen/greenmail/1.5.5/greenmail-1.5.5.jar:/home/stbenjam/.m2/repository/org/slf4j/slf4j-api/1.7.25/slf4j-api-1.7.25.jar:/home/stbenjam/.m2/repository/org/springframework/security/spring-security-test/4.2.4.RELEASE/spring-security-test-4.2.4.RELEASE.jar:/home/stbenjam/.m2/repository/org/springframework/security/spring-security-core/4.2.4.RELEASE/spring-security-core-4.2.4.RELEASE.jar:/home/stbenjam/.m2/repository/aopalliance/aopalliance/1.0/aopalliance-1.0.jar:/home/stbenjam/.m2/repository/org/springframework/security/oauth/spring-security-oauth2/2.0.14.RELEASE/spring-security-oauth2-2.0.14.RELEASE.jar:/home/stbenjam/.m2/repository/org/springframework/spring-beans/4.3.14.RELEASE/spring-beans-4.3.14.RELEASE.jar:/home/stbenjam/.m2/repository/commons-codec/commons-codec/1.10/commons-codec-1.10.jar:/home/stbenjam/.m2/repository/org/codehaus/jackson/jackson-mapper-asl/1.9.13/jackson-mapper-asl-1.9.13.jar:/home/stbenjam/.m2/repository/org/codehaus/jackson/jackson-core-asl/1.9.13/jackson-core-asl-1.9.13.jar:/home/stbenjam/.m2/repository/io/springfox/springfox-swagger2/2.8.0/springfox-swagger2-2.8.0.jar:/home/stbenjam/.m2/repository/io/swagger/swagger-annotations/1.5.14/swagger-annotations-1.5.14.jar:/home/stbenjam/.m2/repository/io/swagger/swagger-models/1.5.14/swagger-models-1.5.14.jar:/home/stbenjam/.m2/repository/io/springfox/springfox-spi/2.8.0/springfox-spi-2.8.0.jar:/home/stbenjam/.m2/repository/io/springfox/springfox-core/2.8.0/springfox-core-2.8.0.jar:/home/stbenjam/.m2/repository/net/bytebuddy/byte-buddy/1.7.9/byte-buddy-1.7.9.jar:/home/stbenjam/.m2/repository/io/springfox/springfox-schema/2.8.0/springfox-schema-2.8.0.jar:/home/stbenjam/.m2/repository/io/springfox/springfox-swagger-common/2.8.0/springfox-swagger-common-2.8.0.jar:/home/stbenjam/.m2/repository/io/springfox/springfox-spring-web/2.8.0/springfox-spring-web-2.8.0.jar:/home/stbenjam/.m2/repository/org/reflections/reflections/0.9.11/reflections-0.9.11.jar:/home/stbenjam/.m2/repository/com/fasterxml/classmate/1.3.4/classmate-1.3.4.jar:/home/stbenjam/.m2/repository/org/springframework/plugin/spring-plugin-core/1.2.0.RELEASE/spring-plugin-core-1.2.0.RELEASE.jar:/home/stbenjam/.m2/repository/org/springframework/plugin/spring-plugin-metadata/1.2.0.RELEASE/spring-plugin-metadata-1.2.0.RELEASE.jar:/home/stbenjam/.m2/repository/org/mapstruct/mapstruct/1.2.0.Final/mapstruct-1.2.0.Final.jar:/home/stbenjam/.m2/repository/io/springfox/springfox-swagger-ui/2.8.0/springfox-swagger-ui-2.8.0.jar:/home/stbenjam/.m2/repository/io/springfox/springfox-data-rest/2.8.0/springfox-data-rest-2.8.0.jar:/home/stbenjam/.m2/repository/org/springframework/hateoas/spring-hateoas/0.23.0.RELEASE/spring-hateoas-0.23.0.RELEASE.jar:/home/stbenjam/.m2/repository/org/usb4java/usb4java-javax/1.2.0/usb4java-javax-1.2.0.jar:/home/stbenjam/.m2/repository/javax/usb/usb-api/1.0.2/usb-api-1.0.2.jar:/home/stbenjam/.m2/repository/org/apache/commons/commons-lang3/3.2.1/commons-lang3-3.2.1.jar:/home/stbenjam/.m2/repository/org/usb4java/usb4java/1.2.0/usb4java-1.2.0.jar:/home/stbenjam/.m2/repository/org/usb4java/libusb4java/1.2.0/libusb4java-1.2.0-linux-x86.jar:/home/stbenjam/.m2/repository/org/usb4java/libusb4java/1.2.0/libusb4java-1.2.0-linux-x86_64.jar:/home/stbenjam/.m2/repository/org/usb4java/libusb4java/1.2.0/libusb4java-1.2.0-linux-arm.jar:/home/stbenjam/.m2/repository/org/usb4java/libusb4java/1.2.0/libusb4java-1.2.0-windows-x86.jar:/home/stbenjam/.m2/repository/org/usb4java/libusb4java/1.2.0/libusb4java-1.2.0-windows-x86_64.jar:/home/stbenjam/.m2/repository/org/usb4java/libusb4java/1.2.0/libusb4java-1.2.0-osx-x86.jar:/home/stbenjam/.m2/repository/org/usb4java/libusb4java/1.2.0/libusb4java-1.2.0-osx-x86_64.jar:/home/stbenjam/.m2/repository/org/mockito/mockito-all/1.9.5/mockito-all-1.9.5.jar:/home/stbenjam/.m2/repository/com/fasterxml/jackson/core/jackson-databind/2.5.0/jackson-databind-2.5.0.jar:/home/stbenjam/.m2/repository/com/fasterxml/jackson/core/jackson-core/2.8.10/jackson-core-2.8.10.jar:/home/stbenjam/.m2/repository/com/vaadin/external/google/android-json/0.0.20131108.vaadin1/android-json-0.0.20131108.vaadin1.jar:/home/stbenjam/.m2/repository/com/tngtech/java/junit-dataprovider/1.13.1/junit-dataprovider-1.13.1.jar:/home/stbenjam/.m2/repository/org/springframework/spring-context-support/3.2.0.RELEASE/spring-context-support-3.2.0.RELEASE.jar:, java.specification.name=Java Platform API Specification, java.class.version=52.0, sun.management.compiler=HotSpot 64-Bit Tiered Compilers, os.version=4.14.14-300.fc27.x86_64, user.home=/home/stbenjam, user.timezone=America/New_York, java.awt.printerjob=sun.print.PSPrinterJob, file.encoding=UTF-8, java.specification.version=1.8, java.class.path=/home/stbenjam/git/h2ms/target/test-classes:/home/stbenjam/git/h2ms/target/classes:/home/stbenjam/.m2/repository/org/springframework/boot/spring-boot-starter-data-rest/1.5.10.RELEASE/spring-boot-starter-data-rest-1.5.10.RELEASE.jar:/home/stbenjam/.m2/repository/org/springframework/boot/spring-boot-starter/1.5.10.RELEASE/spring-boot-starter-1.5.10.RELEASE.jar:/home/stbenjam/.m2/repository/org/springframework/boot/spring-boot/1.5.10.RELEASE/spring-boot-1.5.10.RELEASE.jar:/home/stbenjam/.m2/repository/org/springframework/boot/spring-boot-autoconfigure/1.5.10.RELEASE/spring-boot-autoconfigure-1.5.10.RELEASE.jar:/home/stbenjam/.m2/repository/org/springframework/boot/spring-boot-starter-logging/1.5.10.RELEASE/spring-boot-starter-logging-1.5.10.RELEASE.jar:/home/stbenjam/.m2/repository/ch/qos/logback/logback-classic/1.1.11/logback-classic-1.1.11.jar:/home/stbenjam/.m2/repository/ch/qos/logback/logback-core/1.1.11/logback-core-1.1.11.jar:/home/stbenjam/.m2/repository/org/slf4j/jul-to-slf4j/1.7.25/jul-to-slf4j-1.7.25.jar:/home/stbenjam/.m2/repository/org/slf4j/log4j-over-slf4j/1.7.25/log4j-over-slf4j-1.7.25.jar:/home/stbenjam/.m2/repository/org/yaml/snakeyaml/1.17/snakeyaml-1.17.jar:/home/stbenjam/.m2/repository/com/fasterxml/jackson/core/jackson-annotations/2.8.0/jackson-annotations-2.8.0.jar:/home/stbenjam/.m2/repository/org/springframework/data/spring-data-rest-webmvc/2.6.10.RELEASE/spring-data-rest-webmvc-2.6.10.RELEASE.jar:/home/stbenjam/.m2/repository/org/springframework/data/spring-data-rest-core/2.6.10.RELEASE/spring-data-rest-core-2.6.10.RELEASE.jar:/home/stbenjam/.m2/repository/org/atteo/evo-inflector/1.2.2/evo-inflector-1.2.2.jar:/home/stbenjam/.m2/repository/org/slf4j/jcl-over-slf4j/1.7.25/jcl-over-slf4j-1.7.25.jar:/home/stbenjam/.m2/repository/org/springframework/boot/spring-boot-starter-web/1.5.10.RELEASE/spring-boot-starter-web-1.5.10.RELEASE.jar:/home/stbenjam/.m2/repository/org/springframework/boot/spring-boot-starter-tomcat/1.5.10.RELEASE/spring-boot-starter-tomcat-1.5.10.RELEASE.jar:/home/stbenjam/.m2/repository/org/apache/tomcat/embed/tomcat-embed-core/8.5.27/tomcat-embed-core-8.5.27.jar:/home/stbenjam/.m2/repository/org/apache/tomcat/tomcat-annotations-api/8.5.27/tomcat-annotations-api-8.5.27.jar:/home/stbenjam/.m2/repository/org/apache/tomcat/embed/tomcat-embed-el/8.5.27/tomcat-embed-el-8.5.27.jar:/home/stbenjam/.m2/repository/org/apache/tomcat/embed/tomcat-embed-websocket/8.5.27/tomcat-embed-websocket-8.5.27.jar:/home/stbenjam/.m2/repository/org/hibernate/hibernate-validator/5.3.6.Final/hibernate-validator-5.3.6.Final.jar:/home/stbenjam/.m2/repository/javax/validation/validation-api/1.1.0.Final/validation-api-1.1.0.Final.jar:/home/stbenjam/.m2/repository/org/jboss/logging/jboss-logging/3.3.1.Final/jboss-logging-3.3.1.Final.jar:/home/stbenjam/.m2/repository/org/springframework/spring-web/4.3.14.RELEASE/spring-web-4.3.14.RELEASE.jar:/home/stbenjam/.m2/repository/org/springframework/spring-webmvc/4.3.14.RELEASE/spring-webmvc-4.3.14.RELEASE.jar:/home/stbenjam/.m2/repository/org/springframework/spring-expression/4.3.14.RELEASE/spring-expression-4.3.14.RELEASE.jar:/home/stbenjam/.m2/repository/org/springframework/boot/spring-boot-starter-thymeleaf/1.5.10.RELEASE/spring-boot-starter-thymeleaf-1.5.10.RELEASE.jar:/home/stbenjam/.m2/repository/org/thymeleaf/thymeleaf-spring4/2.1.6.RELEASE/thymeleaf-spring4-2.1.6.RELEASE.jar:/home/stbenjam/.m2/repository/org/thymeleaf/thymeleaf/2.1.6.RELEASE/thymeleaf-2.1.6.RELEASE.jar:/home/stbenjam/.m2/repository/ognl/ognl/3.0.8/ognl-3.0.8.jar:/home/stbenjam/.m2/repository/org/unbescape/unbescape/1.1.0.RELEASE/unbescape-1.1.0.RELEASE.jar:/home/stbenjam/.m2/repository/nz/net/ultraq/thymeleaf/thymeleaf-layout-dialect/1.4.0/thymeleaf-layout-dialect-1.4.0.jar:/home/stbenjam/.m2/repository/org/codehaus/groovy/groovy/2.4.13/groovy-2.4.13.jar:/home/stbenjam/.m2/repository/org/springframework/boot/spring-boot-starter-test/1.5.10.RELEASE/spring-boot-starter-test-1.5.10.RELEASE.jar:/home/stbenjam/.m2/repository/org/springframework/boot/spring-boot-test/1.5.10.RELEASE/spring-boot-test-1.5.10.RELEASE.jar:/home/stbenjam/.m2/repository/org/springframework/boot/spring-boot-test-autoconfigure/1.5.10.RELEASE/spring-boot-test-autoconfigure-1.5.10.RELEASE.jar:/home/stbenjam/.m2/repository/com/jayway/jsonpath/json-path/2.2.0/json-path-2.2.0.jar:/home/stbenjam/.m2/repository/net/minidev/json-smart/2.2.1/json-smart-2.2.1.jar:/home/stbenjam/.m2/repository/net/minidev/accessors-smart/1.1/accessors-smart-1.1.jar:/home/stbenjam/.m2/repository/org/ow2/asm/asm/5.0.3/asm-5.0.3.jar:/home/stbenjam/.m2/repository/junit/junit/4.12/junit-4.12.jar:/home/stbenjam/.m2/repository/org/assertj/assertj-core/2.6.0/assertj-core-2.6.0.jar:/home/stbenjam/.m2/repository/org/mockito/mockito-core/1.10.19/mockito-core-1.10.19.jar:/home/stbenjam/.m2/repository/org/objenesis/objenesis/2.1/objenesis-2.1.jar:/home/stbenjam/.m2/repository/org/hamcrest/hamcrest-core/1.3/hamcrest-core-1.3.jar:/home/stbenjam/.m2/repository/org/hamcrest/hamcrest-library/1.3/hamcrest-library-1.3.jar:/home/stbenjam/.m2/repository/org/skyscreamer/jsonassert/1.4.0/jsonassert-1.4.0.jar:/home/stbenjam/.m2/repository/org/springframework/spring-core/4.3.14.RELEASE/spring-core-4.3.14.RELEASE.jar:/home/stbenjam/.m2/repository/org/springframework/spring-test/4.3.14.RELEASE/spring-test-4.3.14.RELEASE.jar:/home/stbenjam/.m2/repository/org/springframework/restdocs/spring-restdocs-mockmvc/1.1.3.RELEASE/spring-restdocs-mockmvc-1.1.3.RELEASE.jar:/home/stbenjam/.m2/repository/org/springframework/restdocs/spring-restdocs-core/1.1.3.RELEASE/spring-restdocs-core-1.1.3.RELEASE.jar:/home/stbenjam/.m2/repository/javax/servlet/javax.servlet-api/3.1.0/javax.servlet-api-3.1.0.jar:/home/stbenjam/.m2/repository/org/springframework/boot/spring-boot-starter-data-jpa/1.5.10.RELEASE/spring-boot-starter-data-jpa-1.5.10.RELEASE.jar:/home/stbenjam/.m2/repository/org/springframework/boot/spring-boot-starter-aop/1.5.10.RELEASE/spring-boot-starter-aop-1.5.10.RELEASE.jar:/home/stbenjam/.m2/repository/org/aspectj/aspectjweaver/1.8.13/aspectjweaver-1.8.13.jar:/home/stbenjam/.m2/repository/org/springframework/boot/spring-boot-starter-jdbc/1.5.10.RELEASE/spring-boot-starter-jdbc-1.5.10.RELEASE.jar:/home/stbenjam/.m2/repository/org/apache/tomcat/tomcat-jdbc/8.5.27/tomcat-jdbc-8.5.27.jar:/home/stbenjam/.m2/repository/org/apache/tomcat/tomcat-juli/8.5.27/tomcat-juli-8.5.27.jar:/home/stbenjam/.m2/repository/org/springframework/spring-jdbc/4.3.14.RELEASE/spring-jdbc-4.3.14.RELEASE.jar:/home/stbenjam/.m2/repository/org/hibernate/hibernate-core/5.0.12.Final/hibernate-core-5.0.12.Final.jar:/home/stbenjam/.m2/repository/org/hibernate/javax/persistence/hibernate-jpa-2.1-api/1.0.0.Final/hibernate-jpa-2.1-api-1.0.0.Final.jar:/home/stbenjam/.m2/repository/org/javassist/javassist/3.21.0-GA/javassist-3.21.0-GA.jar:/home/stbenjam/.m2/repository/antlr/antlr/2.7.7/antlr-2.7.7.jar:/home/stbenjam/.m2/repository/org/jboss/jandex/2.0.0.Final/jandex-2.0.0.Final.jar:/home/stbenjam/.m2/repository/dom4j/dom4j/1.6.1/dom4j-1.6.1.jar:/home/stbenjam/.m2/repository/org/hibernate/common/hibernate-commons-annotations/5.0.1.Final/hibernate-commons-annotations-5.0.1.Final.jar:/home/stbenjam/.m2/repository/org/hibernate/hibernate-entitymanager/5.0.12.Final/hibernate-entitymanager-5.0.12.Final.jar:/home/stbenjam/.m2/repository/javax/transaction/javax.transaction-api/1.2/javax.transaction-api-1.2.jar:/home/stbenjam/.m2/repository/org/springframework/data/spring-data-jpa/1.11.10.RELEASE/spring-data-jpa-1.11.10.RELEASE.jar:/home/stbenjam/.m2/repository/org/springframework/data/spring-data-commons/1.13.10.RELEASE/spring-data-commons-1.13.10.RELEASE.jar:/home/stbenjam/.m2/repository/org/springframework/spring-orm/4.3.14.RELEASE/spring-orm-4.3.14.RELEASE.jar:/home/stbenjam/.m2/repository/org/springframework/spring-tx/4.3.14.RELEASE/spring-tx-4.3.14.RELEASE.jar:/home/stbenjam/.m2/repository/org/springframework/spring-aspects/4.3.14.RELEASE/spring-aspects-4.3.14.RELEASE.jar:/home/stbenjam/.m2/repository/com/h2database/h2/1.4.196/h2-1.4.196.jar:/home/stbenjam/.m2/repository/org/postgresql/postgresql/9.4-1206-jdbc42/postgresql-9.4-1206-jdbc42.jar:/home/stbenjam/.m2/repository/log4j/log4j/1.2.17/log4j-1.2.17.jar:/home/stbenjam/.m2/repository/com/google/guava/guava/19.0/guava-19.0.jar:/home/stbenjam/.m2/repository/javax/mail/mail/1.4/mail-1.4.jar:/home/stbenjam/.m2/repository/javax/activation/activation/1.1/activation-1.1.jar:/home/stbenjam/.m2/repository/org/springframework/boot/spring-boot-starter-security/1.5.10.RELEASE/spring-boot-starter-security-1.5.10.RELEASE.jar:/home/stbenjam/.m2/repository/org/springframework/spring-aop/4.3.14.RELEASE/spring-aop-4.3.14.RELEASE.jar:/home/stbenjam/.m2/repository/org/springframework/security/spring-security-config/4.2.4.RELEASE/spring-security-config-4.2.4.RELEASE.jar:/home/stbenjam/.m2/repository/org/springframework/security/spring-security-web/4.2.4.RELEASE/spring-security-web-4.2.4.RELEASE.jar:/home/stbenjam/.m2/repository/org/springframework/boot/spring-boot-starter-mail/1.4.3.RELEASE/spring-boot-starter-mail-1.4.3.RELEASE.jar:/home/stbenjam/.m2/repository/org/springframework/spring-context/4.3.14.RELEASE/spring-context-4.3.14.RELEASE.jar:/home/stbenjam/.m2/repository/com/sun/mail/javax.mail/1.5.6/javax.mail-1.5.6.jar:/home/stbenjam/.m2/repository/com/icegreen/greenmail/1.5.5/greenmail-1.5.5.jar:/home/stbenjam/.m2/repository/org/slf4j/slf4j-api/1.7.25/slf4j-api-1.7.25.jar:/home/stbenjam/.m2/repository/org/springframework/security/spring-security-test/4.2.4.RELEASE/spring-security-test-4.2.4.RELEASE.jar:/home/stbenjam/.m2/repository/org/springframework/security/spring-security-core/4.2.4.RELEASE/spring-security-core-4.2.4.RELEASE.jar:/home/stbenjam/.m2/repository/aopalliance/aopalliance/1.0/aopalliance-1.0.jar:/home/stbenjam/.m2/repository/org/springframework/security/oauth/spring-security-oauth2/2.0.14.RELEASE/spring-security-oauth2-2.0.14.RELEASE.jar:/home/stbenjam/.m2/repository/org/springframework/spring-beans/4.3.14.RELEASE/spring-beans-4.3.14.RELEASE.jar:/home/stbenjam/.m2/repository/commons-codec/commons-codec/1.10/commons-codec-1.10.jar:/home/stbenjam/.m2/repository/org/codehaus/jackson/jackson-mapper-asl/1.9.13/jackson-mapper-asl-1.9.13.jar:/home/stbenjam/.m2/repository/org/codehaus/jackson/jackson-core-asl/1.9.13/jackson-core-asl-1.9.13.jar:/home/stbenjam/.m2/repository/io/springfox/springfox-swagger2/2.8.0/springfox-swagger2-2.8.0.jar:/home/stbenjam/.m2/repository/io/swagger/swagger-annotations/1.5.14/swagger-annotations-1.5.14.jar:/home/stbenjam/.m2/repository/io/swagger/swagger-models/1.5.14/swagger-models-1.5.14.jar:/home/stbenjam/.m2/repository/io/springfox/springfox-spi/2.8.0/springfox-spi-2.8.0.jar:/home/stbenjam/.m2/repository/io/springfox/springfox-core/2.8.0/springfox-core-2.8.0.jar:/home/stbenjam/.m2/repository/net/bytebuddy/byte-buddy/1.7.9/byte-buddy-1.7.9.jar:/home/stbenjam/.m2/repository/io/springfox/springfox-schema/2.8.0/springfox-schema-2.8.0.jar:/home/stbenjam/.m2/repository/io/springfox/springfox-swagger-common/2.8.0/springfox-swagger-common-2.8.0.jar:/home/stbenjam/.m2/repository/io/springfox/springfox-spring-web/2.8.0/springfox-spring-web-2.8.0.jar:/home/stbenjam/.m2/repository/org/reflections/reflections/0.9.11/reflections-0.9.11.jar:/home/stbenjam/.m2/repository/com/fasterxml/classmate/1.3.4/classmate-1.3.4.jar:/home/stbenjam/.m2/repository/org/springframework/plugin/spring-plugin-core/1.2.0.RELEASE/spring-plugin-core-1.2.0.RELEASE.jar:/home/stbenjam/.m2/repository/org/springframework/plugin/spring-plugin-metadata/1.2.0.RELEASE/spring-plugin-metadata-1.2.0.RELEASE.jar:/home/stbenjam/.m2/repository/org/mapstruct/mapstruct/1.2.0.Final/mapstruct-1.2.0.Final.jar:/home/stbenjam/.m2/repository/io/springfox/springfox-swagger-ui/2.8.0/springfox-swagger-ui-2.8.0.jar:/home/stbenjam/.m2/repository/io/springfox/springfox-data-rest/2.8.0/springfox-data-rest-2.8.0.jar:/home/stbenjam/.m2/repository/org/springframework/hateoas/spring-hateoas/0.23.0.RELEASE/spring-hateoas-0.23.0.RELEASE.jar:/home/stbenjam/.m2/repository/org/usb4java/usb4java-javax/1.2.0/usb4java-javax-1.2.0.jar:/home/stbenjam/.m2/repository/javax/usb/usb-api/1.0.2/usb-api-1.0.2.jar:/home/stbenjam/.m2/repository/org/apache/commons/commons-lang3/3.2.1/commons-lang3-3.2.1.jar:/home/stbenjam/.m2/repository/org/usb4java/usb4java/1.2.0/usb4java-1.2.0.jar:/home/stbenjam/.m2/repository/org/usb4java/libusb4java/1.2.0/libusb4java-1.2.0-linux-x86.jar:/home/stbenjam/.m2/repository/org/usb4java/libusb4java/1.2.0/libusb4java-1.2.0-linux-x86_64.jar:/home/stbenjam/.m2/repository/org/usb4java/libusb4java/1.2.0/libusb4java-1.2.0-linux-arm.jar:/home/stbenjam/.m2/repository/org/usb4java/libusb4java/1.2.0/libusb4java-1.2.0-windows-x86.jar:/home/stbenjam/.m2/repository/org/usb4java/libusb4java/1.2.0/libusb4java-1.2.0-windows-x86_64.jar:/home/stbenjam/.m2/repository/org/usb4java/libusb4java/1.2.0/libusb4java-1.2.0-osx-x86.jar:/home/stbenjam/.m2/repository/org/usb4java/libusb4java/1.2.0/libusb4java-1.2.0-osx-x86_64.jar:/home/stbenjam/.m2/repository/org/mockito/mockito-all/1.9.5/mockito-all-1.9.5.jar:/home/stbenjam/.m2/repository/com/fasterxml/jackson/core/jackson-databind/2.5.0/jackson-databind-2.5.0.jar:/home/stbenjam/.m2/repository/com/fasterxml/jackson/core/jackson-core/2.8.10/jackson-core-2.8.10.jar:/home/stbenjam/.m2/repository/com/vaadin/external/google/android-json/0.0.20131108.vaadin1/android-json-0.0.20131108.vaadin1.jar:/home/stbenjam/.m2/repository/com/tngtech/java/junit-dataprovider/1.13.1/junit-dataprovider-1.13.1.jar:/home/stbenjam/.m2/repository/org/springframework/spring-context-support/3.2.0.RELEASE/spring-context-support-3.2.0.RELEASE.jar:, user.name=stbenjam, java.vm.specification.version=1.8, sun.java.command=/home/stbenjam/git/h2ms/target/surefire/surefirebooter4923085358408019683.jar /home/stbenjam/git/h2ms/target/surefire/surefire6384590864609753023tmp /home/stbenjam/git/h2ms/target/surefire/surefire_07365849549389595586tmp, java.home=/usr/lib/jvm/java-1.8.0-openjdk-1.8.0.161-0.b14.fc27.x86_64/jre, sun.arch.data.model=64, user.language=en, java.specification.vendor=Oracle Corporation, awt.toolkit=sun.awt.X11.XToolkit, java.vm.info=mixed mode, java.version=1.8.0_161, java.ext.dirs=/usr/lib/jvm/java-1.8.0-openjdk-1.8.0.161-0.b14.fc27.x86_64/jre/lib/ext:/usr/java/packages/lib/ext, sun.boot.class.path=/usr/lib/jvm/java-1.8.0-openjdk-1.8.0.161-0.b14.fc27.x86_64/jre/lib/resources.jar:/usr/lib/jvm/java-1.8.0-openjdk-1.8.0.161-0.b14.fc27.x86_64/jre/lib/rt.jar:/usr/lib/jvm/java-1.8.0-openjdk-1.8.0.161-0.b14.fc27.x86_64/jre/lib/sunrsasign.jar:/usr/lib/jvm/java-1.8.0-openjdk-1.8.0.161-0.b14.fc27.x86_64/jre/lib/jsse.jar:/usr/lib/jvm/java-1.8.0-openjdk-1.8.0.161-0.b14.fc27.x86_64/jre/lib/jce.jar:/usr/lib/jvm/java-1.8.0-openjdk-1.8.0.161-0.b14.fc27.x86_64/jre/lib/charsets.jar:/usr/lib/jvm/java-1.8.0-openjdk-1.8.0.161-0.b14.fc27.x86_64/jre/lib/jfr.jar:/usr/lib/jvm/java-1.8.0-openjdk-1.8.0.161-0.b14.fc27.x86_64/jre/classes, java.vendor=Oracle Corporation, localRepository=/home/stbenjam/.m2/repository, file.separator=/, java.vendor.url.bug=http://bugreport.sun.com/bugreport/, sun.io.unicode.encoding=UnicodeLittle, sun.cpu.endian=little, sun.desktop=gnome, sun.cpu.isalist=}}, SystemEnvironmentPropertySource@38262958 {name='systemEnvironment', properties={IRBRC=/home/stbenjam/.rvm/rubies/ruby-2.3.3/.irbrc, PATH=/home/stbenjam/.rvm/gems/ruby-2.3.3/bin:/home/stbenjam/.rvm/gems/ruby-2.3.3@global/bin:/home/stbenjam/.rvm/rubies/ruby-2.3.3/bin:/usr/local/bin:/usr/bin:/bin:/usr/local/sbin:/usr/sbin:/home/stbenjam/.local/bin:/home/stbenjam/bin:/home/stbenjam/.rvm/bin, rvm_silent_flag=, HISTCONTROL=ignoredups, XMODIFIERS=@im=ibus, GDMSESSION=gnome-xorg, rvm_quiet_flag=, GUESTFISH_RESTORE=\e[0m, DBUS_SESSION_BUS_ADDRESS=unix:path=/run/user/1000/bus,guid=0ff0c73f492cc1dc3846ae835aac7cd0, COLORTERM=truecolor, rvm_ruby_make_install=, rvm_niceness=, SESSION_MANAGER=local/unix:@/tmp/.ICE-unix/1818,unix/unix:/tmp/.ICE-unix/1818, USERNAME=stbenjam, rvm_version=1.29.1 (latest), PWD=/home/stbenjam/git/h2ms, MANAGERPID=1759, LESSOPEN=||/usr/bin/lesspipe.sh %s, PAGER=less, QTINC=/usr/lib64/qt-3.3/include, rvm_hook=, rvm_wrapper_name=, MY_RUBY_HOME=/home/stbenjam/.rvm/rubies/ruby-2.3.3, rvm_nightly_flag=, ZSH=/home/stbenjam/.oh-my-zsh, rvm_path=/home/stbenjam/.rvm, GUESTFISH_INIT=\e[1;34m, GNOME_DESKTOP_SESSION_ID=this-is-deprecated, SYSTEMD_NSS_BYPASS_BUS=1, DBUS_STARTER_ADDRESS=unix:path=/run/user/1000/bus,guid=0ff0c73f492cc1dc3846ae835aac7cd0, LC_CTYPE=en_US.UTF-8, SHLVL=2, LOADEDMODULES=, HISTSIZE=10000, JAVA_HOME=/usr/lib/jvm/java-1.8.0-openjdk-1.8.0.161-0.b14.fc27.x86_64, TERM=xterm-256color, XDG_SESSION_ID=2, rvm_script_name=, rvm_ruby_make=, rvm_docs_type=, _=/usr/lib/jvm/java-1.8.0-openjdk-1.8.0.161-0.b14.fc27.x86_64/jre/bin/java, MAVEN_PROJECTBASEDIR=/home/stbenjam/git/h2ms, DESKTOP_SESSION=gnome-xorg, XDG_MENU_PREFIX=gnome-, VTE_VERSION=5002, rvm_alias_expanded=, rvm_ruby_bits=, GEM_PATH=/home/stbenjam/.rvm/gems/ruby-2.3.3:/home/stbenjam/.rvm/gems/ruby-2.3.3@global, TILIX_ID=df6230d2-2679-42ab-bd7f-667d05988153, XAUTHORITY=/run/user/1000/gdm/Xauthority, INVOCATION_ID=2a8a59bd24d3424f8a519125eeaea755, XDG_DATA_DIRS=/home/stbenjam/.local/share/flatpak/exports/share/:/var/lib/flatpak/exports/share/:/usr/local/share/:/usr/share/, MODULEPATH=/etc/scl/modulefiles:/etc/scl/modulefiles:/usr/share/Modules/modulefiles:/etc/modulefiles:/usr/share/modulefiles, rvm_bin_flag=, VAGRANT_DEFAULT_PROVIDER=libvirt, XDG_CURRENT_DESKTOP=GNOME, JOURNAL_STREAM=9:35277, MAIL=/var/spool/mail/stbenjam, rvm_ruby_mode=, LOGNAME=stbenjam, rvm_proxy=, SHELL=/bin/zsh, rvm_sdk=, OLDPWD=/home/stbenjam/git/h2ms, GEM_HOME=/home/stbenjam/.rvm/gems/ruby-2.3.3, rvm_use_flag=, GIT=/bin/git, RUBY_VERSION=ruby-2.3.3, _system_name=Fedora, LESS=-R, XDG_SESSION_DESKTOP=gnome-xorg, LS_COLORS=rs=0:di=38;5;33:ln=38;5;51:mh=00:pi=40;38;5;11:so=38;5;13:do=38;5;5:bd=48;5;232;38;5;11:cd=48;5;232;38;5;3:or=48;5;232;38;5;9:mi=01;05;37;41:su=48;5;196;38;5;15:sg=48;5;11;38;5;16:ca=48;5;196;38;5;226:tw=48;5;10;38;5;16:ow=48;5;10;38;5;21:st=48;5;21;38;5;15:ex=38;5;40:*.tar=38;5;9:*.tgz=38;5;9:*.arc=38;5;9:*.arj=38;5;9:*.taz=38;5;9:*.lha=38;5;9:*.lz4=38;5;9:*.lzh=38;5;9:*.lzma=38;5;9:*.tlz=38;5;9:*.txz=38;5;9:*.tzo=38;5;9:*.t7z=38;5;9:*.zip=38;5;9:*.z=38;5;9:*.Z=38;5;9:*.dz=38;5;9:*.gz=38;5;9:*.lrz=38;5;9:*.lz=38;5;9:*.lzo=38;5;9:*.xz=38;5;9:*.zst=38;5;9:*.tzst=38;5;9:*.bz2=38;5;9:*.bz=38;5;9:*.tbz=38;5;9:*.tbz2=38;5;9:*.tz=38;5;9:*.deb=38;5;9:*.rpm=38;5;9:*.jar=38;5;9:*.war=38;5;9:*.ear=38;5;9:*.sar=38;5;9:*.rar=38;5;9:*.alz=38;5;9:*.ace=38;5;9:*.zoo=38;5;9:*.cpio=38;5;9:*.7z=38;5;9:*.rz=38;5;9:*.cab=38;5;9:*.wim=38;5;9:*.swm=38;5;9:*.dwm=38;5;9:*.esd=38;5;9:*.jpg=38;5;13:*.jpeg=38;5;13:*.mjpg=38;5;13:*.mjpeg=38;5;13:*.gif=38;5;13:*.bmp=38;5;13:*.pbm=38;5;13:*.pgm=38;5;13:*.ppm=38;5;13:*.tga=38;5;13:*.xbm=38;5;13:*.xpm=38;5;13:*.tif=38;5;13:*.tiff=38;5;13:*.png=38;5;13:*.svg=38;5;13:*.svgz=38;5;13:*.mng=38;5;13:*.pcx=38;5;13:*.mov=38;5;13:*.mpg=38;5;13:*.mpeg=38;5;13:*.m2v=38;5;13:*.mkv=38;5;13:*.webm=38;5;13:*.ogm=38;5;13:*.mp4=38;5;13:*.m4v=38;5;13:*.mp4v=38;5;13:*.vob=38;5;13:*.qt=38;5;13:*.nuv=38;5;13:*.wmv=38;5;13:*.asf=38;5;13:*.rm=38;5;13:*.rmvb=38;5;13:*.flc=38;5;13:*.avi=38;5;13:*.fli=38;5;13:*.flv=38;5;13:*.gl=38;5;13:*.dl=38;5;13:*.xcf=38;5;13:*.xwd=38;5;13:*.yuv=38;5;13:*.cgm=38;5;13:*.emf=38;5;13:*.ogv=38;5;13:*.ogx=38;5;13:*.aac=38;5;45:*.au=38;5;45:*.flac=38;5;45:*.m4a=38;5;45:*.mid=38;5;45:*.midi=38;5;45:*.mka=38;5;45:*.mp3=38;5;45:*.mpc=38;5;45:*.ogg=38;5;45:*.ra=38;5;45:*.wav=38;5;45:*.oga=38;5;45:*.opus=38;5;45:*.spx=38;5;45:*.xspf=38;5;45:, rvm_gemstone_package_file=, _system_arch=x86_64, rvm_bin_path=/home/stbenjam/.rvm/bin, QT_IM_MODULE=ibus, rvm_only_path_flag=, rvm_prefix=/home/stbenjam, LANG=en_US.UTF-8, XDG_SESSION_TYPE=x11, DISPLAY=:0, rvm_gemstone_url=, GDM_LANG=en_US.UTF-8, GUESTFISH_PS1=\[\e[1;32m\]><fs>\[\e[0;31m\] , LSCOLORS=Gxfxcxdxbxegedabagacad, _system_type=Linux, _system_version=27, GPG_TTY=/dev/pts/1, USER=stbenjam, rvm_ruby_file=, WINDOWPATH=2, XDG_SEAT=seat0, SSH_AUTH_SOCK=/run/user/1000/keyring/ssh, EDITOR=vim, HOSTNAME=ancient.bitbin.de, MODULESHOME=/usr/share/Modules, QTDIR=/usr/lib64/qt-3.3, XDG_RUNTIME_DIR=/run/user/1000, XDG_VTNR=2, GUESTFISH_OUTPUT=\e[0m, DBUS_STARTER_BUS_TYPE=session, QTLIB=/usr/lib64/qt-3.3/lib, HOME=/home/stbenjam}}]
21:06:43.311 [main] INFO org.springframework.boot.test.context.SpringBootTestContextBootstrapper - Found @SpringBootConfiguration edu.harvard.h2ms.H2MSRestAppInitializer for test class edu.harvard.h2ms.controllers.UserControllerTests
21:06:43.318 [main] DEBUG org.springframework.boot.test.context.SpringBootTestContextBootstrapper - @TestExecutionListeners is not present for class [edu.harvard.h2ms.controllers.UserControllerTests]: using defaults.
21:06:43.321 [main] INFO org.springframework.boot.test.context.SpringBootTestContextBootstrapper - Loaded default TestExecutionListener class names from location [META-INF/spring.factories]: [org.springframework.boot.test.mock.mockito.MockitoTestExecutionListener, org.springframework.boot.test.mock.mockito.ResetMocksTestExecutionListener, org.springframework.boot.test.autoconfigure.restdocs.RestDocsTestExecutionListener, org.springframework.boot.test.autoconfigure.web.client.MockRestServiceServerResetTestExecutionListener, org.springframework.boot.test.autoconfigure.web.servlet.MockMvcPrintOnlyOnFailureTestExecutionListener, org.springframework.boot.test.autoconfigure.web.servlet.WebDriverTestExecutionListener, org.springframework.test.context.web.ServletTestExecutionListener, org.springframework.test.context.support.DirtiesContextBeforeModesTestExecutionListener, org.springframework.test.context.support.DependencyInjectionTestExecutionListener, org.springframework.test.context.support.DirtiesContextTestExecutionListener, org.springframework.test.context.transaction.TransactionalTestExecutionListener, org.springframework.test.context.jdbc.SqlScriptsTestExecutionListener, org.springframework.security.test.context.support.WithSecurityContextTestExecutionListener]
21:06:43.323 [main] INFO org.springframework.boot.test.context.SpringBootTestContextBootstrapper - Using TestExecutionListeners: [org.springframework.test.context.web.ServletTestExecutionListener@581ac8a8, org.springframework.test.context.support.DirtiesContextBeforeModesTestExecutionListener@6d4e5011, org.springframework.boot.test.autoconfigure.SpringBootDependencyInjectionTestExecutionListener@57d7f8ca, org.springframework.test.context.support.DirtiesContextTestExecutionListener@76c3e77a, org.springframework.test.context.transaction.TransactionalTestExecutionListener@78123e82, org.springframework.test.context.jdbc.SqlScriptsTestExecutionListener@67c33749, org.springframework.security.test.context.support.WithSecurityContextTestExecutionListener@fba92d3, org.springframework.boot.test.mock.mockito.MockitoTestExecutionListener@662b4c69, org.springframework.boot.test.mock.mockito.ResetMocksTestExecutionListener@fa49800, org.springframework.boot.test.autoconfigure.restdocs.RestDocsTestExecutionListener@71238fc2, org.springframework.boot.test.autoconfigure.web.client.MockRestServiceServerResetTestExecutionListener@2a54a73f, org.springframework.boot.test.autoconfigure.web.servlet.MockMvcPrintOnlyOnFailureTestExecutionListener@16a0ee18, org.springframework.boot.test.autoconfigure.web.servlet.WebDriverTestExecutionListener@3d6f0054]
21:06:43.324 [main] DEBUG org.springframework.test.context.junit4.SpringJUnit4ClassRunner - SpringJUnit4ClassRunner constructor called with [class edu.harvard.h2ms.controllers.LocationControllerTests]
21:06:43.324 [main] DEBUG org.springframework.test.context.BootstrapUtils - Instantiating CacheAwareContextLoaderDelegate from class [org.springframework.test.context.cache.DefaultCacheAwareContextLoaderDelegate]
21:06:43.324 [main] DEBUG org.springframework.test.context.BootstrapUtils - Instantiating BootstrapContext using constructor [public org.springframework.test.context.support.DefaultBootstrapContext(java.lang.Class,org.springframework.test.context.CacheAwareContextLoaderDelegate)]
21:06:43.325 [main] DEBUG org.springframework.test.context.BootstrapUtils - Instantiating TestContextBootstrapper for test class [edu.harvard.h2ms.controllers.LocationControllerTests] from class [org.springframework.boot.test.context.SpringBootTestContextBootstrapper]
21:06:43.325 [main] INFO org.springframework.boot.test.context.SpringBootTestContextBootstrapper - Neither @ContextConfiguration nor @ContextHierarchy found for test class [edu.harvard.h2ms.controllers.LocationControllerTests], using SpringBootContextLoader
21:06:43.326 [main] DEBUG org.springframework.test.context.support.AbstractContextLoader - Did not detect default resource location for test class [edu.harvard.h2ms.controllers.LocationControllerTests]: class path resource [edu/harvard/h2ms/controllers/LocationControllerTests-context.xml] does not exist
21:06:43.327 [main] DEBUG org.springframework.test.context.support.AbstractContextLoader - Did not detect default resource location for test class [edu.harvard.h2ms.controllers.LocationControllerTests]: class path resource [edu/harvard/h2ms/controllers/LocationControllerTestsContext.groovy] does not exist
21:06:43.327 [main] INFO org.springframework.test.context.support.AbstractContextLoader - Could not detect default resource locations for test class [edu.harvard.h2ms.controllers.LocationControllerTests]: no resource found for suffixes {-context.xml, Context.groovy}.
21:06:43.327 [main] INFO org.springframework.test.context.support.AnnotationConfigContextLoaderUtils - Could not detect default configuration classes for test class [edu.harvard.h2ms.controllers.LocationControllerTests]: LocationControllerTests does not declare any static, non-private, non-final, nested classes annotated with @Configuration.
21:06:43.331 [main] DEBUG org.springframework.test.context.support.ActiveProfilesUtils - Could not find an 'annotation declaring class' for annotation type [org.springframework.test.context.ActiveProfiles] and class [edu.harvard.h2ms.controllers.LocationControllerTests]
21:06:43.331 [main] DEBUG org.springframework.core.env.StandardEnvironment - Adding PropertySource 'systemProperties' with lowest search precedence
21:06:43.331 [main] DEBUG org.springframework.core.env.StandardEnvironment - Adding PropertySource 'systemEnvironment' with lowest search precedence
21:06:43.332 [main] DEBUG org.springframework.core.env.StandardEnvironment - Initialized StandardEnvironment with PropertySources [MapPropertySource@1912960603 {name='systemProperties', properties={java.runtime.name=OpenJDK Runtime Environment, sun.boot.library.path=/usr/lib/jvm/java-1.8.0-openjdk-1.8.0.161-0.b14.fc27.x86_64/jre/lib/amd64, java.vm.version=25.161-b14, java.vm.vendor=Oracle Corporation, java.vendor.url=http://java.oracle.com/, path.separator=:, java.vm.name=OpenJDK 64-Bit Server VM, file.encoding.pkg=sun.io, user.country=US, sun.java.launcher=SUN_STANDARD, sun.os.patch.level=unknown, java.vm.specification.name=Java Virtual Machine Specification, user.dir=/home/stbenjam/git/h2ms, java.runtime.version=1.8.0_161-b14, basedir=/home/stbenjam/git/h2ms, java.awt.graphicsenv=sun.awt.X11GraphicsEnvironment, java.endorsed.dirs=/usr/lib/jvm/java-1.8.0-openjdk-1.8.0.161-0.b14.fc27.x86_64/jre/lib/endorsed, os.arch=amd64, surefire.real.class.path=/home/stbenjam/git/h2ms/target/surefire/surefirebooter4923085358408019683.jar, java.io.tmpdir=/tmp, line.separator=
, java.vm.specification.vendor=Oracle Corporation, os.name=Linux, sun.jnu.encoding=UTF-8, java.library.path=/usr/java/packages/lib/amd64:/usr/lib64:/lib64:/lib:/usr/lib, surefire.test.class.path=/home/stbenjam/git/h2ms/target/test-classes:/home/stbenjam/git/h2ms/target/classes:/home/stbenjam/.m2/repository/org/springframework/boot/spring-boot-starter-data-rest/1.5.10.RELEASE/spring-boot-starter-data-rest-1.5.10.RELEASE.jar:/home/stbenjam/.m2/repository/org/springframework/boot/spring-boot-starter/1.5.10.RELEASE/spring-boot-starter-1.5.10.RELEASE.jar:/home/stbenjam/.m2/repository/org/springframework/boot/spring-boot/1.5.10.RELEASE/spring-boot-1.5.10.RELEASE.jar:/home/stbenjam/.m2/repository/org/springframework/boot/spring-boot-autoconfigure/1.5.10.RELEASE/spring-boot-autoconfigure-1.5.10.RELEASE.jar:/home/stbenjam/.m2/repository/org/springframework/boot/spring-boot-starter-logging/1.5.10.RELEASE/spring-boot-starter-logging-1.5.10.RELEASE.jar:/home/stbenjam/.m2/repository/ch/qos/logback/logback-classic/1.1.11/logback-classic-1.1.11.jar:/home/stbenjam/.m2/repository/ch/qos/logback/logback-core/1.1.11/logback-core-1.1.11.jar:/home/stbenjam/.m2/repository/org/slf4j/jul-to-slf4j/1.7.25/jul-to-slf4j-1.7.25.jar:/home/stbenjam/.m2/repository/org/slf4j/log4j-over-slf4j/1.7.25/log4j-over-slf4j-1.7.25.jar:/home/stbenjam/.m2/repository/org/yaml/snakeyaml/1.17/snakeyaml-1.17.jar:/home/stbenjam/.m2/repository/com/fasterxml/jackson/core/jackson-annotations/2.8.0/jackson-annotations-2.8.0.jar:/home/stbenjam/.m2/repository/org/springframework/data/spring-data-rest-webmvc/2.6.10.RELEASE/spring-data-rest-webmvc-2.6.10.RELEASE.jar:/home/stbenjam/.m2/repository/org/springframework/data/spring-data-rest-core/2.6.10.RELEASE/spring-data-rest-core-2.6.10.RELEASE.jar:/home/stbenjam/.m2/repository/org/atteo/evo-inflector/1.2.2/evo-inflector-1.2.2.jar:/home/stbenjam/.m2/repository/org/slf4j/jcl-over-slf4j/1.7.25/jcl-over-slf4j-1.7.25.jar:/home/stbenjam/.m2/repository/org/springframework/boot/spring-boot-starter-web/1.5.10.RELEASE/spring-boot-starter-web-1.5.10.RELEASE.jar:/home/stbenjam/.m2/repository/org/springframework/boot/spring-boot-starter-tomcat/1.5.10.RELEASE/spring-boot-starter-tomcat-1.5.10.RELEASE.jar:/home/stbenjam/.m2/repository/org/apache/tomcat/embed/tomcat-embed-core/8.5.27/tomcat-embed-core-8.5.27.jar:/home/stbenjam/.m2/repository/org/apache/tomcat/tomcat-annotations-api/8.5.27/tomcat-annotations-api-8.5.27.jar:/home/stbenjam/.m2/repository/org/apache/tomcat/embed/tomcat-embed-el/8.5.27/tomcat-embed-el-8.5.27.jar:/home/stbenjam/.m2/repository/org/apache/tomcat/embed/tomcat-embed-websocket/8.5.27/tomcat-embed-websocket-8.5.27.jar:/home/stbenjam/.m2/repository/org/hibernate/hibernate-validator/5.3.6.Final/hibernate-validator-5.3.6.Final.jar:/home/stbenjam/.m2/repository/javax/validation/validation-api/1.1.0.Final/validation-api-1.1.0.Final.jar:/home/stbenjam/.m2/repository/org/jboss/logging/jboss-logging/3.3.1.Final/jboss-logging-3.3.1.Final.jar:/home/stbenjam/.m2/repository/org/springframework/spring-web/4.3.14.RELEASE/spring-web-4.3.14.RELEASE.jar:/home/stbenjam/.m2/repository/org/springframework/spring-webmvc/4.3.14.RELEASE/spring-webmvc-4.3.14.RELEASE.jar:/home/stbenjam/.m2/repository/org/springframework/spring-expression/4.3.14.RELEASE/spring-expression-4.3.14.RELEASE.jar:/home/stbenjam/.m2/repository/org/springframework/boot/spring-boot-starter-thymeleaf/1.5.10.RELEASE/spring-boot-starter-thymeleaf-1.5.10.RELEASE.jar:/home/stbenjam/.m2/repository/org/thymeleaf/thymeleaf-spring4/2.1.6.RELEASE/thymeleaf-spring4-2.1.6.RELEASE.jar:/home/stbenjam/.m2/repository/org/thymeleaf/thymeleaf/2.1.6.RELEASE/thymeleaf-2.1.6.RELEASE.jar:/home/stbenjam/.m2/repository/ognl/ognl/3.0.8/ognl-3.0.8.jar:/home/stbenjam/.m2/repository/org/unbescape/unbescape/1.1.0.RELEASE/unbescape-1.1.0.RELEASE.jar:/home/stbenjam/.m2/repository/nz/net/ultraq/thymeleaf/thymeleaf-layout-dialect/1.4.0/thymeleaf-layout-dialect-1.4.0.jar:/home/stbenjam/.m2/repository/org/codehaus/groovy/groovy/2.4.13/groovy-2.4.13.jar:/home/stbenjam/.m2/repository/org/springframework/boot/spring-boot-starter-test/1.5.10.RELEASE/spring-boot-starter-test-1.5.10.RELEASE.jar:/home/stbenjam/.m2/repository/org/springframework/boot/spring-boot-test/1.5.10.RELEASE/spring-boot-test-1.5.10.RELEASE.jar:/home/stbenjam/.m2/repository/org/springframework/boot/spring-boot-test-autoconfigure/1.5.10.RELEASE/spring-boot-test-autoconfigure-1.5.10.RELEASE.jar:/home/stbenjam/.m2/repository/com/jayway/jsonpath/json-path/2.2.0/json-path-2.2.0.jar:/home/stbenjam/.m2/repository/net/minidev/json-smart/2.2.1/json-smart-2.2.1.jar:/home/stbenjam/.m2/repository/net/minidev/accessors-smart/1.1/accessors-smart-1.1.jar:/home/stbenjam/.m2/repository/org/ow2/asm/asm/5.0.3/asm-5.0.3.jar:/home/stbenjam/.m2/repository/junit/junit/4.12/junit-4.12.jar:/home/stbenjam/.m2/repository/org/assertj/assertj-core/2.6.0/assertj-core-2.6.0.jar:/home/stbenjam/.m2/repository/org/mockito/mockito-core/1.10.19/mockito-core-1.10.19.jar:/home/stbenjam/.m2/repository/org/objenesis/objenesis/2.1/objenesis-2.1.jar:/home/stbenjam/.m2/repository/org/hamcrest/hamcrest-core/1.3/hamcrest-core-1.3.jar:/home/stbenjam/.m2/repository/org/hamcrest/hamcrest-library/1.3/hamcrest-library-1.3.jar:/home/stbenjam/.m2/repository/org/skyscreamer/jsonassert/1.4.0/jsonassert-1.4.0.jar:/home/stbenjam/.m2/repository/org/springframework/spring-core/4.3.14.RELEASE/spring-core-4.3.14.RELEASE.jar:/home/stbenjam/.m2/repository/org/springframework/spring-test/4.3.14.RELEASE/spring-test-4.3.14.RELEASE.jar:/home/stbenjam/.m2/repository/org/springframework/restdocs/spring-restdocs-mockmvc/1.1.3.RELEASE/spring-restdocs-mockmvc-1.1.3.RELEASE.jar:/home/stbenjam/.m2/repository/org/springframework/restdocs/spring-restdocs-core/1.1.3.RELEASE/spring-restdocs-core-1.1.3.RELEASE.jar:/home/stbenjam/.m2/repository/javax/servlet/javax.servlet-api/3.1.0/javax.servlet-api-3.1.0.jar:/home/stbenjam/.m2/repository/org/springframework/boot/spring-boot-starter-data-jpa/1.5.10.RELEASE/spring-boot-starter-data-jpa-1.5.10.RELEASE.jar:/home/stbenjam/.m2/repository/org/springframework/boot/spring-boot-starter-aop/1.5.10.RELEASE/spring-boot-starter-aop-1.5.10.RELEASE.jar:/home/stbenjam/.m2/repository/org/aspectj/aspectjweaver/1.8.13/aspectjweaver-1.8.13.jar:/home/stbenjam/.m2/repository/org/springframework/boot/spring-boot-starter-jdbc/1.5.10.RELEASE/spring-boot-starter-jdbc-1.5.10.RELEASE.jar:/home/stbenjam/.m2/repository/org/apache/tomcat/tomcat-jdbc/8.5.27/tomcat-jdbc-8.5.27.jar:/home/stbenjam/.m2/repository/org/apache/tomcat/tomcat-juli/8.5.27/tomcat-juli-8.5.27.jar:/home/stbenjam/.m2/repository/org/springframework/spring-jdbc/4.3.14.RELEASE/spring-jdbc-4.3.14.RELEASE.jar:/home/stbenjam/.m2/repository/org/hibernate/hibernate-core/5.0.12.Final/hibernate-core-5.0.12.Final.jar:/home/stbenjam/.m2/repository/org/hibernate/javax/persistence/hibernate-jpa-2.1-api/1.0.0.Final/hibernate-jpa-2.1-api-1.0.0.Final.jar:/home/stbenjam/.m2/repository/org/javassist/javassist/3.21.0-GA/javassist-3.21.0-GA.jar:/home/stbenjam/.m2/repository/antlr/antlr/2.7.7/antlr-2.7.7.jar:/home/stbenjam/.m2/repository/org/jboss/jandex/2.0.0.Final/jandex-2.0.0.Final.jar:/home/stbenjam/.m2/repository/dom4j/dom4j/1.6.1/dom4j-1.6.1.jar:/home/stbenjam/.m2/repository/org/hibernate/common/hibernate-commons-annotations/5.0.1.Final/hibernate-commons-annotations-5.0.1.Final.jar:/home/stbenjam/.m2/repository/org/hibernate/hibernate-entitymanager/5.0.12.Final/hibernate-entitymanager-5.0.12.Final.jar:/home/stbenjam/.m2/repository/javax/transaction/javax.transaction-api/1.2/javax.transaction-api-1.2.jar:/home/stbenjam/.m2/repository/org/springframework/data/spring-data-jpa/1.11.10.RELEASE/spring-data-jpa-1.11.10.RELEASE.jar:/home/stbenjam/.m2/repository/org/springframework/data/spring-data-commons/1.13.10.RELEASE/spring-data-commons-1.13.10.RELEASE.jar:/home/stbenjam/.m2/repository/org/springframework/spring-orm/4.3.14.RELEASE/spring-orm-4.3.14.RELEASE.jar:/home/stbenjam/.m2/repository/org/springframework/spring-tx/4.3.14.RELEASE/spring-tx-4.3.14.RELEASE.jar:/home/stbenjam/.m2/repository/org/springframework/spring-aspects/4.3.14.RELEASE/spring-aspects-4.3.14.RELEASE.jar:/home/stbenjam/.m2/repository/com/h2database/h2/1.4.196/h2-1.4.196.jar:/home/stbenjam/.m2/repository/org/postgresql/postgresql/9.4-1206-jdbc42/postgresql-9.4-1206-jdbc42.jar:/home/stbenjam/.m2/repository/log4j/log4j/1.2.17/log4j-1.2.17.jar:/home/stbenjam/.m2/repository/com/google/guava/guava/19.0/guava-19.0.jar:/home/stbenjam/.m2/repository/javax/mail/mail/1.4/mail-1.4.jar:/home/stbenjam/.m2/repository/javax/activation/activation/1.1/activation-1.1.jar:/home/stbenjam/.m2/repository/org/springframework/boot/spring-boot-starter-security/1.5.10.RELEASE/spring-boot-starter-security-1.5.10.RELEASE.jar:/home/stbenjam/.m2/repository/org/springframework/spring-aop/4.3.14.RELEASE/spring-aop-4.3.14.RELEASE.jar:/home/stbenjam/.m2/repository/org/springframework/security/spring-security-config/4.2.4.RELEASE/spring-security-config-4.2.4.RELEASE.jar:/home/stbenjam/.m2/repository/org/springframework/security/spring-security-web/4.2.4.RELEASE/spring-security-web-4.2.4.RELEASE.jar:/home/stbenjam/.m2/repository/org/springframework/boot/spring-boot-starter-mail/1.4.3.RELEASE/spring-boot-starter-mail-1.4.3.RELEASE.jar:/home/stbenjam/.m2/repository/org/springframework/spring-context/4.3.14.RELEASE/spring-context-4.3.14.RELEASE.jar:/home/stbenjam/.m2/repository/com/sun/mail/javax.mail/1.5.6/javax.mail-1.5.6.jar:/home/stbenjam/.m2/repository/com/icegreen/greenmail/1.5.5/greenmail-1.5.5.jar:/home/stbenjam/.m2/repository/org/slf4j/slf4j-api/1.7.25/slf4j-api-1.7.25.jar:/home/stbenjam/.m2/repository/org/springframework/security/spring-security-test/4.2.4.RELEASE/spring-security-test-4.2.4.RELEASE.jar:/home/stbenjam/.m2/repository/org/springframework/security/spring-security-core/4.2.4.RELEASE/spring-security-core-4.2.4.RELEASE.jar:/home/stbenjam/.m2/repository/aopalliance/aopalliance/1.0/aopalliance-1.0.jar:/home/stbenjam/.m2/repository/org/springframework/security/oauth/spring-security-oauth2/2.0.14.RELEASE/spring-security-oauth2-2.0.14.RELEASE.jar:/home/stbenjam/.m2/repository/org/springframework/spring-beans/4.3.14.RELEASE/spring-beans-4.3.14.RELEASE.jar:/home/stbenjam/.m2/repository/commons-codec/commons-codec/1.10/commons-codec-1.10.jar:/home/stbenjam/.m2/repository/org/codehaus/jackson/jackson-mapper-asl/1.9.13/jackson-mapper-asl-1.9.13.jar:/home/stbenjam/.m2/repository/org/codehaus/jackson/jackson-core-asl/1.9.13/jackson-core-asl-1.9.13.jar:/home/stbenjam/.m2/repository/io/springfox/springfox-swagger2/2.8.0/springfox-swagger2-2.8.0.jar:/home/stbenjam/.m2/repository/io/swagger/swagger-annotations/1.5.14/swagger-annotations-1.5.14.jar:/home/stbenjam/.m2/repository/io/swagger/swagger-models/1.5.14/swagger-models-1.5.14.jar:/home/stbenjam/.m2/repository/io/springfox/springfox-spi/2.8.0/springfox-spi-2.8.0.jar:/home/stbenjam/.m2/repository/io/springfox/springfox-core/2.8.0/springfox-core-2.8.0.jar:/home/stbenjam/.m2/repository/net/bytebuddy/byte-buddy/1.7.9/byte-buddy-1.7.9.jar:/home/stbenjam/.m2/repository/io/springfox/springfox-schema/2.8.0/springfox-schema-2.8.0.jar:/home/stbenjam/.m2/repository/io/springfox/springfox-swagger-common/2.8.0/springfox-swagger-common-2.8.0.jar:/home/stbenjam/.m2/repository/io/springfox/springfox-spring-web/2.8.0/springfox-spring-web-2.8.0.jar:/home/stbenjam/.m2/repository/org/reflections/reflections/0.9.11/reflections-0.9.11.jar:/home/stbenjam/.m2/repository/com/fasterxml/classmate/1.3.4/classmate-1.3.4.jar:/home/stbenjam/.m2/repository/org/springframework/plugin/spring-plugin-core/1.2.0.RELEASE/spring-plugin-core-1.2.0.RELEASE.jar:/home/stbenjam/.m2/repository/org/springframework/plugin/spring-plugin-metadata/1.2.0.RELEASE/spring-plugin-metadata-1.2.0.RELEASE.jar:/home/stbenjam/.m2/repository/org/mapstruct/mapstruct/1.2.0.Final/mapstruct-1.2.0.Final.jar:/home/stbenjam/.m2/repository/io/springfox/springfox-swagger-ui/2.8.0/springfox-swagger-ui-2.8.0.jar:/home/stbenjam/.m2/repository/io/springfox/springfox-data-rest/2.8.0/springfox-data-rest-2.8.0.jar:/home/stbenjam/.m2/repository/org/springframework/hateoas/spring-hateoas/0.23.0.RELEASE/spring-hateoas-0.23.0.RELEASE.jar:/home/stbenjam/.m2/repository/org/usb4java/usb4java-javax/1.2.0/usb4java-javax-1.2.0.jar:/home/stbenjam/.m2/repository/javax/usb/usb-api/1.0.2/usb-api-1.0.2.jar:/home/stbenjam/.m2/repository/org/apache/commons/commons-lang3/3.2.1/commons-lang3-3.2.1.jar:/home/stbenjam/.m2/repository/org/usb4java/usb4java/1.2.0/usb4java-1.2.0.jar:/home/stbenjam/.m2/repository/org/usb4java/libusb4java/1.2.0/libusb4java-1.2.0-linux-x86.jar:/home/stbenjam/.m2/repository/org/usb4java/libusb4java/1.2.0/libusb4java-1.2.0-linux-x86_64.jar:/home/stbenjam/.m2/repository/org/usb4java/libusb4java/1.2.0/libusb4java-1.2.0-linux-arm.jar:/home/stbenjam/.m2/repository/org/usb4java/libusb4java/1.2.0/libusb4java-1.2.0-windows-x86.jar:/home/stbenjam/.m2/repository/org/usb4java/libusb4java/1.2.0/libusb4java-1.2.0-windows-x86_64.jar:/home/stbenjam/.m2/repository/org/usb4java/libusb4java/1.2.0/libusb4java-1.2.0-osx-x86.jar:/home/stbenjam/.m2/repository/org/usb4java/libusb4java/1.2.0/libusb4java-1.2.0-osx-x86_64.jar:/home/stbenjam/.m2/repository/org/mockito/mockito-all/1.9.5/mockito-all-1.9.5.jar:/home/stbenjam/.m2/repository/com/fasterxml/jackson/core/jackson-databind/2.5.0/jackson-databind-2.5.0.jar:/home/stbenjam/.m2/repository/com/fasterxml/jackson/core/jackson-core/2.8.10/jackson-core-2.8.10.jar:/home/stbenjam/.m2/repository/com/vaadin/external/google/android-json/0.0.20131108.vaadin1/android-json-0.0.20131108.vaadin1.jar:/home/stbenjam/.m2/repository/com/tngtech/java/junit-dataprovider/1.13.1/junit-dataprovider-1.13.1.jar:/home/stbenjam/.m2/repository/org/springframework/spring-context-support/3.2.0.RELEASE/spring-context-support-3.2.0.RELEASE.jar:, java.specification.name=Java Platform API Specification, java.class.version=52.0, sun.management.compiler=HotSpot 64-Bit Tiered Compilers, os.version=4.14.14-300.fc27.x86_64, user.home=/home/stbenjam, user.timezone=America/New_York, java.awt.printerjob=sun.print.PSPrinterJob, file.encoding=UTF-8, java.specification.version=1.8, java.class.path=/home/stbenjam/git/h2ms/target/test-classes:/home/stbenjam/git/h2ms/target/classes:/home/stbenjam/.m2/repository/org/springframework/boot/spring-boot-starter-data-rest/1.5.10.RELEASE/spring-boot-starter-data-rest-1.5.10.RELEASE.jar:/home/stbenjam/.m2/repository/org/springframework/boot/spring-boot-starter/1.5.10.RELEASE/spring-boot-starter-1.5.10.RELEASE.jar:/home/stbenjam/.m2/repository/org/springframework/boot/spring-boot/1.5.10.RELEASE/spring-boot-1.5.10.RELEASE.jar:/home/stbenjam/.m2/repository/org/springframework/boot/spring-boot-autoconfigure/1.5.10.RELEASE/spring-boot-autoconfigure-1.5.10.RELEASE.jar:/home/stbenjam/.m2/repository/org/springframework/boot/spring-boot-starter-logging/1.5.10.RELEASE/spring-boot-starter-logging-1.5.10.RELEASE.jar:/home/stbenjam/.m2/repository/ch/qos/logback/logback-classic/1.1.11/logback-classic-1.1.11.jar:/home/stbenjam/.m2/repository/ch/qos/logback/logback-core/1.1.11/logback-core-1.1.11.jar:/home/stbenjam/.m2/repository/org/slf4j/jul-to-slf4j/1.7.25/jul-to-slf4j-1.7.25.jar:/home/stbenjam/.m2/repository/org/slf4j/log4j-over-slf4j/1.7.25/log4j-over-slf4j-1.7.25.jar:/home/stbenjam/.m2/repository/org/yaml/snakeyaml/1.17/snakeyaml-1.17.jar:/home/stbenjam/.m2/repository/com/fasterxml/jackson/core/jackson-annotations/2.8.0/jackson-annotations-2.8.0.jar:/home/stbenjam/.m2/repository/org/springframework/data/spring-data-rest-webmvc/2.6.10.RELEASE/spring-data-rest-webmvc-2.6.10.RELEASE.jar:/home/stbenjam/.m2/repository/org/springframework/data/spring-data-rest-core/2.6.10.RELEASE/spring-data-rest-core-2.6.10.RELEASE.jar:/home/stbenjam/.m2/repository/org/atteo/evo-inflector/1.2.2/evo-inflector-1.2.2.jar:/home/stbenjam/.m2/repository/org/slf4j/jcl-over-slf4j/1.7.25/jcl-over-slf4j-1.7.25.jar:/home/stbenjam/.m2/repository/org/springframework/boot/spring-boot-starter-web/1.5.10.RELEASE/spring-boot-starter-web-1.5.10.RELEASE.jar:/home/stbenjam/.m2/repository/org/springframework/boot/spring-boot-starter-tomcat/1.5.10.RELEASE/spring-boot-starter-tomcat-1.5.10.RELEASE.jar:/home/stbenjam/.m2/repository/org/apache/tomcat/embed/tomcat-embed-core/8.5.27/tomcat-embed-core-8.5.27.jar:/home/stbenjam/.m2/repository/org/apache/tomcat/tomcat-annotations-api/8.5.27/tomcat-annotations-api-8.5.27.jar:/home/stbenjam/.m2/repository/org/apache/tomcat/embed/tomcat-embed-el/8.5.27/tomcat-embed-el-8.5.27.jar:/home/stbenjam/.m2/repository/org/apache/tomcat/embed/tomcat-embed-websocket/8.5.27/tomcat-embed-websocket-8.5.27.jar:/home/stbenjam/.m2/repository/org/hibernate/hibernate-validator/5.3.6.Final/hibernate-validator-5.3.6.Final.jar:/home/stbenjam/.m2/repository/javax/validation/validation-api/1.1.0.Final/validation-api-1.1.0.Final.jar:/home/stbenjam/.m2/repository/org/jboss/logging/jboss-logging/3.3.1.Final/jboss-logging-3.3.1.Final.jar:/home/stbenjam/.m2/repository/org/springframework/spring-web/4.3.14.RELEASE/spring-web-4.3.14.RELEASE.jar:/home/stbenjam/.m2/repository/org/springframework/spring-webmvc/4.3.14.RELEASE/spring-webmvc-4.3.14.RELEASE.jar:/home/stbenjam/.m2/repository/org/springframework/spring-expression/4.3.14.RELEASE/spring-expression-4.3.14.RELEASE.jar:/home/stbenjam/.m2/repository/org/springframework/boot/spring-boot-starter-thymeleaf/1.5.10.RELEASE/spring-boot-starter-thymeleaf-1.5.10.RELEASE.jar:/home/stbenjam/.m2/repository/org/thymeleaf/thymeleaf-spring4/2.1.6.RELEASE/thymeleaf-spring4-2.1.6.RELEASE.jar:/home/stbenjam/.m2/repository/org/thymeleaf/thymeleaf/2.1.6.RELEASE/thymeleaf-2.1.6.RELEASE.jar:/home/stbenjam/.m2/repository/ognl/ognl/3.0.8/ognl-3.0.8.jar:/home/stbenjam/.m2/repository/org/unbescape/unbescape/1.1.0.RELEASE/unbescape-1.1.0.RELEASE.jar:/home/stbenjam/.m2/repository/nz/net/ultraq/thymeleaf/thymeleaf-layout-dialect/1.4.0/thymeleaf-layout-dialect-1.4.0.jar:/home/stbenjam/.m2/repository/org/codehaus/groovy/groovy/2.4.13/groovy-2.4.13.jar:/home/stbenjam/.m2/repository/org/springframework/boot/spring-boot-starter-test/1.5.10.RELEASE/spring-boot-starter-test-1.5.10.RELEASE.jar:/home/stbenjam/.m2/repository/org/springframework/boot/spring-boot-test/1.5.10.RELEASE/spring-boot-test-1.5.10.RELEASE.jar:/home/stbenjam/.m2/repository/org/springframework/boot/spring-boot-test-autoconfigure/1.5.10.RELEASE/spring-boot-test-autoconfigure-1.5.10.RELEASE.jar:/home/stbenjam/.m2/repository/com/jayway/jsonpath/json-path/2.2.0/json-path-2.2.0.jar:/home/stbenjam/.m2/repository/net/minidev/json-smart/2.2.1/json-smart-2.2.1.jar:/home/stbenjam/.m2/repository/net/minidev/accessors-smart/1.1/accessors-smart-1.1.jar:/home/stbenjam/.m2/repository/org/ow2/asm/asm/5.0.3/asm-5.0.3.jar:/home/stbenjam/.m2/repository/junit/junit/4.12/junit-4.12.jar:/home/stbenjam/.m2/repository/org/assertj/assertj-core/2.6.0/assertj-core-2.6.0.jar:/home/stbenjam/.m2/repository/org/mockito/mockito-core/1.10.19/mockito-core-1.10.19.jar:/home/stbenjam/.m2/repository/org/objenesis/objenesis/2.1/objenesis-2.1.jar:/home/stbenjam/.m2/repository/org/hamcrest/hamcrest-core/1.3/hamcrest-core-1.3.jar:/home/stbenjam/.m2/repository/org/hamcrest/hamcrest-library/1.3/hamcrest-library-1.3.jar:/home/stbenjam/.m2/repository/org/skyscreamer/jsonassert/1.4.0/jsonassert-1.4.0.jar:/home/stbenjam/.m2/repository/org/springframework/spring-core/4.3.14.RELEASE/spring-core-4.3.14.RELEASE.jar:/home/stbenjam/.m2/repository/org/springframework/spring-test/4.3.14.RELEASE/spring-test-4.3.14.RELEASE.jar:/home/stbenjam/.m2/repository/org/springframework/restdocs/spring-restdocs-mockmvc/1.1.3.RELEASE/spring-restdocs-mockmvc-1.1.3.RELEASE.jar:/home/stbenjam/.m2/repository/org/springframework/restdocs/spring-restdocs-core/1.1.3.RELEASE/spring-restdocs-core-1.1.3.RELEASE.jar:/home/stbenjam/.m2/repository/javax/servlet/javax.servlet-api/3.1.0/javax.servlet-api-3.1.0.jar:/home/stbenjam/.m2/repository/org/springframework/boot/spring-boot-starter-data-jpa/1.5.10.RELEASE/spring-boot-starter-data-jpa-1.5.10.RELEASE.jar:/home/stbenjam/.m2/repository/org/springframework/boot/spring-boot-starter-aop/1.5.10.RELEASE/spring-boot-starter-aop-1.5.10.RELEASE.jar:/home/stbenjam/.m2/repository/org/aspectj/aspectjweaver/1.8.13/aspectjweaver-1.8.13.jar:/home/stbenjam/.m2/repository/org/springframework/boot/spring-boot-starter-jdbc/1.5.10.RELEASE/spring-boot-starter-jdbc-1.5.10.RELEASE.jar:/home/stbenjam/.m2/repository/org/apache/tomcat/tomcat-jdbc/8.5.27/tomcat-jdbc-8.5.27.jar:/home/stbenjam/.m2/repository/org/apache/tomcat/tomcat-juli/8.5.27/tomcat-juli-8.5.27.jar:/home/stbenjam/.m2/repository/org/springframework/spring-jdbc/4.3.14.RELEASE/spring-jdbc-4.3.14.RELEASE.jar:/home/stbenjam/.m2/repository/org/hibernate/hibernate-core/5.0.12.Final/hibernate-core-5.0.12.Final.jar:/home/stbenjam/.m2/repository/org/hibernate/javax/persistence/hibernate-jpa-2.1-api/1.0.0.Final/hibernate-jpa-2.1-api-1.0.0.Final.jar:/home/stbenjam/.m2/repository/org/javassist/javassist/3.21.0-GA/javassist-3.21.0-GA.jar:/home/stbenjam/.m2/repository/antlr/antlr/2.7.7/antlr-2.7.7.jar:/home/stbenjam/.m2/repository/org/jboss/jandex/2.0.0.Final/jandex-2.0.0.Final.jar:/home/stbenjam/.m2/repository/dom4j/dom4j/1.6.1/dom4j-1.6.1.jar:/home/stbenjam/.m2/repository/org/hibernate/common/hibernate-commons-annotations/5.0.1.Final/hibernate-commons-annotations-5.0.1.Final.jar:/home/stbenjam/.m2/repository/org/hibernate/hibernate-entitymanager/5.0.12.Final/hibernate-entitymanager-5.0.12.Final.jar:/home/stbenjam/.m2/repository/javax/transaction/javax.transaction-api/1.2/javax.transaction-api-1.2.jar:/home/stbenjam/.m2/repository/org/springframework/data/spring-data-jpa/1.11.10.RELEASE/spring-data-jpa-1.11.10.RELEASE.jar:/home/stbenjam/.m2/repository/org/springframework/data/spring-data-commons/1.13.10.RELEASE/spring-data-commons-1.13.10.RELEASE.jar:/home/stbenjam/.m2/repository/org/springframework/spring-orm/4.3.14.RELEASE/spring-orm-4.3.14.RELEASE.jar:/home/stbenjam/.m2/repository/org/springframework/spring-tx/4.3.14.RELEASE/spring-tx-4.3.14.RELEASE.jar:/home/stbenjam/.m2/repository/org/springframework/spring-aspects/4.3.14.RELEASE/spring-aspects-4.3.14.RELEASE.jar:/home/stbenjam/.m2/repository/com/h2database/h2/1.4.196/h2-1.4.196.jar:/home/stbenjam/.m2/repository/org/postgresql/postgresql/9.4-1206-jdbc42/postgresql-9.4-1206-jdbc42.jar:/home/stbenjam/.m2/repository/log4j/log4j/1.2.17/log4j-1.2.17.jar:/home/stbenjam/.m2/repository/com/google/guava/guava/19.0/guava-19.0.jar:/home/stbenjam/.m2/repository/javax/mail/mail/1.4/mail-1.4.jar:/home/stbenjam/.m2/repository/javax/activation/activation/1.1/activation-1.1.jar:/home/stbenjam/.m2/repository/org/springframework/boot/spring-boot-starter-security/1.5.10.RELEASE/spring-boot-starter-security-1.5.10.RELEASE.jar:/home/stbenjam/.m2/repository/org/springframework/spring-aop/4.3.14.RELEASE/spring-aop-4.3.14.RELEASE.jar:/home/stbenjam/.m2/repository/org/springframework/security/spring-security-config/4.2.4.RELEASE/spring-security-config-4.2.4.RELEASE.jar:/home/stbenjam/.m2/repository/org/springframework/security/spring-security-web/4.2.4.RELEASE/spring-security-web-4.2.4.RELEASE.jar:/home/stbenjam/.m2/repository/org/springframework/boot/spring-boot-starter-mail/1.4.3.RELEASE/spring-boot-starter-mail-1.4.3.RELEASE.jar:/home/stbenjam/.m2/repository/org/springframework/spring-context/4.3.14.RELEASE/spring-context-4.3.14.RELEASE.jar:/home/stbenjam/.m2/repository/com/sun/mail/javax.mail/1.5.6/javax.mail-1.5.6.jar:/home/stbenjam/.m2/repository/com/icegreen/greenmail/1.5.5/greenmail-1.5.5.jar:/home/stbenjam/.m2/repository/org/slf4j/slf4j-api/1.7.25/slf4j-api-1.7.25.jar:/home/stbenjam/.m2/repository/org/springframework/security/spring-security-test/4.2.4.RELEASE/spring-security-test-4.2.4.RELEASE.jar:/home/stbenjam/.m2/repository/org/springframework/security/spring-security-core/4.2.4.RELEASE/spring-security-core-4.2.4.RELEASE.jar:/home/stbenjam/.m2/repository/aopalliance/aopalliance/1.0/aopalliance-1.0.jar:/home/stbenjam/.m2/repository/org/springframework/security/oauth/spring-security-oauth2/2.0.14.RELEASE/spring-security-oauth2-2.0.14.RELEASE.jar:/home/stbenjam/.m2/repository/org/springframework/spring-beans/4.3.14.RELEASE/spring-beans-4.3.14.RELEASE.jar:/home/stbenjam/.m2/repository/commons-codec/commons-codec/1.10/commons-codec-1.10.jar:/home/stbenjam/.m2/repository/org/codehaus/jackson/jackson-mapper-asl/1.9.13/jackson-mapper-asl-1.9.13.jar:/home/stbenjam/.m2/repository/org/codehaus/jackson/jackson-core-asl/1.9.13/jackson-core-asl-1.9.13.jar:/home/stbenjam/.m2/repository/io/springfox/springfox-swagger2/2.8.0/springfox-swagger2-2.8.0.jar:/home/stbenjam/.m2/repository/io/swagger/swagger-annotations/1.5.14/swagger-annotations-1.5.14.jar:/home/stbenjam/.m2/repository/io/swagger/swagger-models/1.5.14/swagger-models-1.5.14.jar:/home/stbenjam/.m2/repository/io/springfox/springfox-spi/2.8.0/springfox-spi-2.8.0.jar:/home/stbenjam/.m2/repository/io/springfox/springfox-core/2.8.0/springfox-core-2.8.0.jar:/home/stbenjam/.m2/repository/net/bytebuddy/byte-buddy/1.7.9/byte-buddy-1.7.9.jar:/home/stbenjam/.m2/repository/io/springfox/springfox-schema/2.8.0/springfox-schema-2.8.0.jar:/home/stbenjam/.m2/repository/io/springfox/springfox-swagger-common/2.8.0/springfox-swagger-common-2.8.0.jar:/home/stbenjam/.m2/repository/io/springfox/springfox-spring-web/2.8.0/springfox-spring-web-2.8.0.jar:/home/stbenjam/.m2/repository/org/reflections/reflections/0.9.11/reflections-0.9.11.jar:/home/stbenjam/.m2/repository/com/fasterxml/classmate/1.3.4/classmate-1.3.4.jar:/home/stbenjam/.m2/repository/org/springframework/plugin/spring-plugin-core/1.2.0.RELEASE/spring-plugin-core-1.2.0.RELEASE.jar:/home/stbenjam/.m2/repository/org/springframework/plugin/spring-plugin-metadata/1.2.0.RELEASE/spring-plugin-metadata-1.2.0.RELEASE.jar:/home/stbenjam/.m2/repository/org/mapstruct/mapstruct/1.2.0.Final/mapstruct-1.2.0.Final.jar:/home/stbenjam/.m2/repository/io/springfox/springfox-swagger-ui/2.8.0/springfox-swagger-ui-2.8.0.jar:/home/stbenjam/.m2/repository/io/springfox/springfox-data-rest/2.8.0/springfox-data-rest-2.8.0.jar:/home/stbenjam/.m2/repository/org/springframework/hateoas/spring-hateoas/0.23.0.RELEASE/spring-hateoas-0.23.0.RELEASE.jar:/home/stbenjam/.m2/repository/org/usb4java/usb4java-javax/1.2.0/usb4java-javax-1.2.0.jar:/home/stbenjam/.m2/repository/javax/usb/usb-api/1.0.2/usb-api-1.0.2.jar:/home/stbenjam/.m2/repository/org/apache/commons/commons-lang3/3.2.1/commons-lang3-3.2.1.jar:/home/stbenjam/.m2/repository/org/usb4java/usb4java/1.2.0/usb4java-1.2.0.jar:/home/stbenjam/.m2/repository/org/usb4java/libusb4java/1.2.0/libusb4java-1.2.0-linux-x86.jar:/home/stbenjam/.m2/repository/org/usb4java/libusb4java/1.2.0/libusb4java-1.2.0-linux-x86_64.jar:/home/stbenjam/.m2/repository/org/usb4java/libusb4java/1.2.0/libusb4java-1.2.0-linux-arm.jar:/home/stbenjam/.m2/repository/org/usb4java/libusb4java/1.2.0/libusb4java-1.2.0-windows-x86.jar:/home/stbenjam/.m2/repository/org/usb4java/libusb4java/1.2.0/libusb4java-1.2.0-windows-x86_64.jar:/home/stbenjam/.m2/repository/org/usb4java/libusb4java/1.2.0/libusb4java-1.2.0-osx-x86.jar:/home/stbenjam/.m2/repository/org/usb4java/libusb4java/1.2.0/libusb4java-1.2.0-osx-x86_64.jar:/home/stbenjam/.m2/repository/org/mockito/mockito-all/1.9.5/mockito-all-1.9.5.jar:/home/stbenjam/.m2/repository/com/fasterxml/jackson/core/jackson-databind/2.5.0/jackson-databind-2.5.0.jar:/home/stbenjam/.m2/repository/com/fasterxml/jackson/core/jackson-core/2.8.10/jackson-core-2.8.10.jar:/home/stbenjam/.m2/repository/com/vaadin/external/google/android-json/0.0.20131108.vaadin1/android-json-0.0.20131108.vaadin1.jar:/home/stbenjam/.m2/repository/com/tngtech/java/junit-dataprovider/1.13.1/junit-dataprovider-1.13.1.jar:/home/stbenjam/.m2/repository/org/springframework/spring-context-support/3.2.0.RELEASE/spring-context-support-3.2.0.RELEASE.jar:, user.name=stbenjam, java.vm.specification.version=1.8, sun.java.command=/home/stbenjam/git/h2ms/target/surefire/surefirebooter4923085358408019683.jar /home/stbenjam/git/h2ms/target/surefire/surefire6384590864609753023tmp /home/stbenjam/git/h2ms/target/surefire/surefire_07365849549389595586tmp, java.home=/usr/lib/jvm/java-1.8.0-openjdk-1.8.0.161-0.b14.fc27.x86_64/jre, sun.arch.data.model=64, user.language=en, java.specification.vendor=Oracle Corporation, awt.toolkit=sun.awt.X11.XToolkit, java.vm.info=mixed mode, java.version=1.8.0_161, java.ext.dirs=/usr/lib/jvm/java-1.8.0-openjdk-1.8.0.161-0.b14.fc27.x86_64/jre/lib/ext:/usr/java/packages/lib/ext, sun.boot.class.path=/usr/lib/jvm/java-1.8.0-openjdk-1.8.0.161-0.b14.fc27.x86_64/jre/lib/resources.jar:/usr/lib/jvm/java-1.8.0-openjdk-1.8.0.161-0.b14.fc27.x86_64/jre/lib/rt.jar:/usr/lib/jvm/java-1.8.0-openjdk-1.8.0.161-0.b14.fc27.x86_64/jre/lib/sunrsasign.jar:/usr/lib/jvm/java-1.8.0-openjdk-1.8.0.161-0.b14.fc27.x86_64/jre/lib/jsse.jar:/usr/lib/jvm/java-1.8.0-openjdk-1.8.0.161-0.b14.fc27.x86_64/jre/lib/jce.jar:/usr/lib/jvm/java-1.8.0-openjdk-1.8.0.161-0.b14.fc27.x86_64/jre/lib/charsets.jar:/usr/lib/jvm/java-1.8.0-openjdk-1.8.0.161-0.b14.fc27.x86_64/jre/lib/jfr.jar:/usr/lib/jvm/java-1.8.0-openjdk-1.8.0.161-0.b14.fc27.x86_64/jre/classes, java.vendor=Oracle Corporation, localRepository=/home/stbenjam/.m2/repository, file.separator=/, java.vendor.url.bug=http://bugreport.sun.com/bugreport/, sun.io.unicode.encoding=UnicodeLittle, sun.cpu.endian=little, sun.desktop=gnome, sun.cpu.isalist=}}, SystemEnvironmentPropertySource@1201173334 {name='systemEnvironment', properties={IRBRC=/home/stbenjam/.rvm/rubies/ruby-2.3.3/.irbrc, PATH=/home/stbenjam/.rvm/gems/ruby-2.3.3/bin:/home/stbenjam/.rvm/gems/ruby-2.3.3@global/bin:/home/stbenjam/.rvm/rubies/ruby-2.3.3/bin:/usr/local/bin:/usr/bin:/bin:/usr/local/sbin:/usr/sbin:/home/stbenjam/.local/bin:/home/stbenjam/bin:/home/stbenjam/.rvm/bin, rvm_silent_flag=, HISTCONTROL=ignoredups, XMODIFIERS=@im=ibus, GDMSESSION=gnome-xorg, rvm_quiet_flag=, GUESTFISH_RESTORE=\e[0m, DBUS_SESSION_BUS_ADDRESS=unix:path=/run/user/1000/bus,guid=0ff0c73f492cc1dc3846ae835aac7cd0, COLORTERM=truecolor, rvm_ruby_make_install=, rvm_niceness=, SESSION_MANAGER=local/unix:@/tmp/.ICE-unix/1818,unix/unix:/tmp/.ICE-unix/1818, USERNAME=stbenjam, rvm_version=1.29.1 (latest), PWD=/home/stbenjam/git/h2ms, MANAGERPID=1759, LESSOPEN=||/usr/bin/lesspipe.sh %s, PAGER=less, QTINC=/usr/lib64/qt-3.3/include, rvm_hook=, rvm_wrapper_name=, MY_RUBY_HOME=/home/stbenjam/.rvm/rubies/ruby-2.3.3, rvm_nightly_flag=, ZSH=/home/stbenjam/.oh-my-zsh, rvm_path=/home/stbenjam/.rvm, GUESTFISH_INIT=\e[1;34m, GNOME_DESKTOP_SESSION_ID=this-is-deprecated, SYSTEMD_NSS_BYPASS_BUS=1, DBUS_STARTER_ADDRESS=unix:path=/run/user/1000/bus,guid=0ff0c73f492cc1dc3846ae835aac7cd0, LC_CTYPE=en_US.UTF-8, SHLVL=2, LOADEDMODULES=, HISTSIZE=10000, JAVA_HOME=/usr/lib/jvm/java-1.8.0-openjdk-1.8.0.161-0.b14.fc27.x86_64, TERM=xterm-256color, XDG_SESSION_ID=2, rvm_script_name=, rvm_ruby_make=, rvm_docs_type=, _=/usr/lib/jvm/java-1.8.0-openjdk-1.8.0.161-0.b14.fc27.x86_64/jre/bin/java, MAVEN_PROJECTBASEDIR=/home/stbenjam/git/h2ms, DESKTOP_SESSION=gnome-xorg, XDG_MENU_PREFIX=gnome-, VTE_VERSION=5002, rvm_alias_expanded=, rvm_ruby_bits=, GEM_PATH=/home/stbenjam/.rvm/gems/ruby-2.3.3:/home/stbenjam/.rvm/gems/ruby-2.3.3@global, TILIX_ID=df6230d2-2679-42ab-bd7f-667d05988153, XAUTHORITY=/run/user/1000/gdm/Xauthority, INVOCATION_ID=2a8a59bd24d3424f8a519125eeaea755, XDG_DATA_DIRS=/home/stbenjam/.local/share/flatpak/exports/share/:/var/lib/flatpak/exports/share/:/usr/local/share/:/usr/share/, MODULEPATH=/etc/scl/modulefiles:/etc/scl/modulefiles:/usr/share/Modules/modulefiles:/etc/modulefiles:/usr/share/modulefiles, rvm_bin_flag=, VAGRANT_DEFAULT_PROVIDER=libvirt, XDG_CURRENT_DESKTOP=GNOME, JOURNAL_STREAM=9:35277, MAIL=/var/spool/mail/stbenjam, rvm_ruby_mode=, LOGNAME=stbenjam, rvm_proxy=, SHELL=/bin/zsh, rvm_sdk=, OLDPWD=/home/stbenjam/git/h2ms, GEM_HOME=/home/stbenjam/.rvm/gems/ruby-2.3.3, rvm_use_flag=, GIT=/bin/git, RUBY_VERSION=ruby-2.3.3, _system_name=Fedora, LESS=-R, XDG_SESSION_DESKTOP=gnome-xorg, LS_COLORS=rs=0:di=38;5;33:ln=38;5;51:mh=00:pi=40;38;5;11:so=38;5;13:do=38;5;5:bd=48;5;232;38;5;11:cd=48;5;232;38;5;3:or=48;5;232;38;5;9:mi=01;05;37;41:su=48;5;196;38;5;15:sg=48;5;11;38;5;16:ca=48;5;196;38;5;226:tw=48;5;10;38;5;16:ow=48;5;10;38;5;21:st=48;5;21;38;5;15:ex=38;5;40:*.tar=38;5;9:*.tgz=38;5;9:*.arc=38;5;9:*.arj=38;5;9:*.taz=38;5;9:*.lha=38;5;9:*.lz4=38;5;9:*.lzh=38;5;9:*.lzma=38;5;9:*.tlz=38;5;9:*.txz=38;5;9:*.tzo=38;5;9:*.t7z=38;5;9:*.zip=38;5;9:*.z=38;5;9:*.Z=38;5;9:*.dz=38;5;9:*.gz=38;5;9:*.lrz=38;5;9:*.lz=38;5;9:*.lzo=38;5;9:*.xz=38;5;9:*.zst=38;5;9:*.tzst=38;5;9:*.bz2=38;5;9:*.bz=38;5;9:*.tbz=38;5;9:*.tbz2=38;5;9:*.tz=38;5;9:*.deb=38;5;9:*.rpm=38;5;9:*.jar=38;5;9:*.war=38;5;9:*.ear=38;5;9:*.sar=38;5;9:*.rar=38;5;9:*.alz=38;5;9:*.ace=38;5;9:*.zoo=38;5;9:*.cpio=38;5;9:*.7z=38;5;9:*.rz=38;5;9:*.cab=38;5;9:*.wim=38;5;9:*.swm=38;5;9:*.dwm=38;5;9:*.esd=38;5;9:*.jpg=38;5;13:*.jpeg=38;5;13:*.mjpg=38;5;13:*.mjpeg=38;5;13:*.gif=38;5;13:*.bmp=38;5;13:*.pbm=38;5;13:*.pgm=38;5;13:*.ppm=38;5;13:*.tga=38;5;13:*.xbm=38;5;13:*.xpm=38;5;13:*.tif=38;5;13:*.tiff=38;5;13:*.png=38;5;13:*.svg=38;5;13:*.svgz=38;5;13:*.mng=38;5;13:*.pcx=38;5;13:*.mov=38;5;13:*.mpg=38;5;13:*.mpeg=38;5;13:*.m2v=38;5;13:*.mkv=38;5;13:*.webm=38;5;13:*.ogm=38;5;13:*.mp4=38;5;13:*.m4v=38;5;13:*.mp4v=38;5;13:*.vob=38;5;13:*.qt=38;5;13:*.nuv=38;5;13:*.wmv=38;5;13:*.asf=38;5;13:*.rm=38;5;13:*.rmvb=38;5;13:*.flc=38;5;13:*.avi=38;5;13:*.fli=38;5;13:*.flv=38;5;13:*.gl=38;5;13:*.dl=38;5;13:*.xcf=38;5;13:*.xwd=38;5;13:*.yuv=38;5;13:*.cgm=38;5;13:*.emf=38;5;13:*.ogv=38;5;13:*.ogx=38;5;13:*.aac=38;5;45:*.au=38;5;45:*.flac=38;5;45:*.m4a=38;5;45:*.mid=38;5;45:*.midi=38;5;45:*.mka=38;5;45:*.mp3=38;5;45:*.mpc=38;5;45:*.ogg=38;5;45:*.ra=38;5;45:*.wav=38;5;45:*.oga=38;5;45:*.opus=38;5;45:*.spx=38;5;45:*.xspf=38;5;45:, rvm_gemstone_package_file=, _system_arch=x86_64, rvm_bin_path=/home/stbenjam/.rvm/bin, QT_IM_MODULE=ibus, rvm_only_path_flag=, rvm_prefix=/home/stbenjam, LANG=en_US.UTF-8, XDG_SESSION_TYPE=x11, DISPLAY=:0, rvm_gemstone_url=, GDM_LANG=en_US.UTF-8, GUESTFISH_PS1=\[\e[1;32m\]><fs>\[\e[0;31m\] , LSCOLORS=Gxfxcxdxbxegedabagacad, _system_type=Linux, _system_version=27, GPG_TTY=/dev/pts/1, USER=stbenjam, rvm_ruby_file=, WINDOWPATH=2, XDG_SEAT=seat0, SSH_AUTH_SOCK=/run/user/1000/keyring/ssh, EDITOR=vim, HOSTNAME=ancient.bitbin.de, MODULESHOME=/usr/share/Modules, QTDIR=/usr/lib64/qt-3.3, XDG_RUNTIME_DIR=/run/user/1000, XDG_VTNR=2, GUESTFISH_OUTPUT=\e[0m, DBUS_STARTER_BUS_TYPE=session, QTLIB=/usr/lib64/qt-3.3/lib, HOME=/home/stbenjam}}]
21:06:43.336 [main] INFO org.springframework.boot.test.context.SpringBootTestContextBootstrapper - Found @SpringBootConfiguration edu.harvard.h2ms.H2MSRestAppInitializer for test class edu.harvard.h2ms.controllers.LocationControllerTests
21:06:43.341 [main] DEBUG org.springframework.boot.test.context.SpringBootTestContextBootstrapper - @TestExecutionListeners is not present for class [edu.harvard.h2ms.controllers.LocationControllerTests]: using defaults.
21:06:43.348 [main] INFO org.springframework.boot.test.context.SpringBootTestContextBootstrapper - Loaded default TestExecutionListener class names from location [META-INF/spring.factories]: [org.springframework.boot.test.mock.mockito.MockitoTestExecutionListener, org.springframework.boot.test.mock.mockito.ResetMocksTestExecutionListener, org.springframework.boot.test.autoconfigure.restdocs.RestDocsTestExecutionListener, org.springframework.boot.test.autoconfigure.web.client.MockRestServiceServerResetTestExecutionListener, org.springframework.boot.test.autoconfigure.web.servlet.MockMvcPrintOnlyOnFailureTestExecutionListener, org.springframework.boot.test.autoconfigure.web.servlet.WebDriverTestExecutionListener, org.springframework.test.context.web.ServletTestExecutionListener, org.springframework.test.context.support.DirtiesContextBeforeModesTestExecutionListener, org.springframework.test.context.support.DependencyInjectionTestExecutionListener, org.springframework.test.context.support.DirtiesContextTestExecutionListener, org.springframework.test.context.transaction.TransactionalTestExecutionListener, org.springframework.test.context.jdbc.SqlScriptsTestExecutionListener, org.springframework.security.test.context.support.WithSecurityContextTestExecutionListener]
21:06:43.356 [main] INFO org.springframework.boot.test.context.SpringBootTestContextBootstrapper - Using TestExecutionListeners: [org.springframework.test.context.web.ServletTestExecutionListener@7c711375, org.springframework.test.context.support.DirtiesContextBeforeModesTestExecutionListener@57cf54e1, org.springframework.boot.test.autoconfigure.SpringBootDependencyInjectionTestExecutionListener@5b03b9fe, org.springframework.test.context.support.DirtiesContextTestExecutionListener@37d4349f, org.springframework.test.context.transaction.TransactionalTestExecutionListener@434a63ab, org.springframework.test.context.jdbc.SqlScriptsTestExecutionListener@6e0f5f7f, org.springframework.security.test.context.support.WithSecurityContextTestExecutionListener@2805d709, org.springframework.boot.test.mock.mockito.MockitoTestExecutionListener@3ee37e5a, org.springframework.boot.test.mock.mockito.ResetMocksTestExecutionListener@2ea41516, org.springframework.boot.test.autoconfigure.restdocs.RestDocsTestExecutionListener@3a44431a, org.springframework.boot.test.autoconfigure.web.client.MockRestServiceServerResetTestExecutionListener@3c7f66c4, org.springframework.boot.test.autoconfigure.web.servlet.MockMvcPrintOnlyOnFailureTestExecutionListener@194bcebf, org.springframework.boot.test.autoconfigure.web.servlet.WebDriverTestExecutionListener@17497425]
21:06:43.357 [main] DEBUG org.springframework.test.context.junit4.SpringJUnit4ClassRunner - SpringJUnit4ClassRunner constructor called with [class edu.harvard.h2ms.web.init.OAuthTest]
21:06:43.357 [main] DEBUG org.springframework.test.context.BootstrapUtils - Instantiating CacheAwareContextLoaderDelegate from class [org.springframework.test.context.cache.DefaultCacheAwareContextLoaderDelegate]
21:06:43.358 [main] DEBUG org.springframework.test.context.BootstrapUtils - Instantiating BootstrapContext using constructor [public org.springframework.test.context.support.DefaultBootstrapContext(java.lang.Class,org.springframework.test.context.CacheAwareContextLoaderDelegate)]
21:06:43.358 [main] DEBUG org.springframework.test.context.BootstrapUtils - Instantiating TestContextBootstrapper for test class [edu.harvard.h2ms.web.init.OAuthTest] from class [org.springframework.boot.test.context.SpringBootTestContextBootstrapper]
21:06:43.359 [main] INFO org.springframework.boot.test.context.SpringBootTestContextBootstrapper - Neither @ContextConfiguration nor @ContextHierarchy found for test class [edu.harvard.h2ms.web.init.OAuthTest], using SpringBootContextLoader
21:06:43.360 [main] DEBUG org.springframework.test.context.support.AbstractContextLoader - Did not detect default resource location for test class [edu.harvard.h2ms.web.init.OAuthTest]: class path resource [edu/harvard/h2ms/web/init/OAuthTest-context.xml] does not exist
21:06:43.360 [main] DEBUG org.springframework.test.context.support.AbstractContextLoader - Did not detect default resource location for test class [edu.harvard.h2ms.web.init.OAuthTest]: class path resource [edu/harvard/h2ms/web/init/OAuthTestContext.groovy] does not exist
21:06:43.360 [main] INFO org.springframework.test.context.support.AbstractContextLoader - Could not detect default resource locations for test class [edu.harvard.h2ms.web.init.OAuthTest]: no resource found for suffixes {-context.xml, Context.groovy}.
21:06:43.360 [main] INFO org.springframework.test.context.support.AnnotationConfigContextLoaderUtils - Could not detect default configuration classes for test class [edu.harvard.h2ms.web.init.OAuthTest]: OAuthTest does not declare any static, non-private, non-final, nested classes annotated with @Configuration.
21:06:43.364 [main] DEBUG org.springframework.test.context.support.ActiveProfilesUtils - Could not find an 'annotation declaring class' for annotation type [org.springframework.test.context.ActiveProfiles] and class [edu.harvard.h2ms.web.init.OAuthTest]
21:06:43.365 [main] DEBUG org.springframework.core.env.StandardEnvironment - Adding PropertySource 'systemProperties' with lowest search precedence
21:06:43.365 [main] DEBUG org.springframework.core.env.StandardEnvironment - Adding PropertySource 'systemEnvironment' with lowest search precedence
21:06:43.365 [main] DEBUG org.springframework.core.env.StandardEnvironment - Initialized StandardEnvironment with PropertySources [MapPropertySource@1704237553 {name='systemProperties', properties={java.runtime.name=OpenJDK Runtime Environment, sun.boot.library.path=/usr/lib/jvm/java-1.8.0-openjdk-1.8.0.161-0.b14.fc27.x86_64/jre/lib/amd64, java.vm.version=25.161-b14, java.vm.vendor=Oracle Corporation, java.vendor.url=http://java.oracle.com/, path.separator=:, java.vm.name=OpenJDK 64-Bit Server VM, file.encoding.pkg=sun.io, user.country=US, sun.java.launcher=SUN_STANDARD, sun.os.patch.level=unknown, java.vm.specification.name=Java Virtual Machine Specification, user.dir=/home/stbenjam/git/h2ms, java.runtime.version=1.8.0_161-b14, basedir=/home/stbenjam/git/h2ms, java.awt.graphicsenv=sun.awt.X11GraphicsEnvironment, java.endorsed.dirs=/usr/lib/jvm/java-1.8.0-openjdk-1.8.0.161-0.b14.fc27.x86_64/jre/lib/endorsed, os.arch=amd64, surefire.real.class.path=/home/stbenjam/git/h2ms/target/surefire/surefirebooter4923085358408019683.jar, java.io.tmpdir=/tmp, line.separator=
, java.vm.specification.vendor=Oracle Corporation, os.name=Linux, sun.jnu.encoding=UTF-8, java.library.path=/usr/java/packages/lib/amd64:/usr/lib64:/lib64:/lib:/usr/lib, surefire.test.class.path=/home/stbenjam/git/h2ms/target/test-classes:/home/stbenjam/git/h2ms/target/classes:/home/stbenjam/.m2/repository/org/springframework/boot/spring-boot-starter-data-rest/1.5.10.RELEASE/spring-boot-starter-data-rest-1.5.10.RELEASE.jar:/home/stbenjam/.m2/repository/org/springframework/boot/spring-boot-starter/1.5.10.RELEASE/spring-boot-starter-1.5.10.RELEASE.jar:/home/stbenjam/.m2/repository/org/springframework/boot/spring-boot/1.5.10.RELEASE/spring-boot-1.5.10.RELEASE.jar:/home/stbenjam/.m2/repository/org/springframework/boot/spring-boot-autoconfigure/1.5.10.RELEASE/spring-boot-autoconfigure-1.5.10.RELEASE.jar:/home/stbenjam/.m2/repository/org/springframework/boot/spring-boot-starter-logging/1.5.10.RELEASE/spring-boot-starter-logging-1.5.10.RELEASE.jar:/home/stbenjam/.m2/repository/ch/qos/logback/logback-classic/1.1.11/logback-classic-1.1.11.jar:/home/stbenjam/.m2/repository/ch/qos/logback/logback-core/1.1.11/logback-core-1.1.11.jar:/home/stbenjam/.m2/repository/org/slf4j/jul-to-slf4j/1.7.25/jul-to-slf4j-1.7.25.jar:/home/stbenjam/.m2/repository/org/slf4j/log4j-over-slf4j/1.7.25/log4j-over-slf4j-1.7.25.jar:/home/stbenjam/.m2/repository/org/yaml/snakeyaml/1.17/snakeyaml-1.17.jar:/home/stbenjam/.m2/repository/com/fasterxml/jackson/core/jackson-annotations/2.8.0/jackson-annotations-2.8.0.jar:/home/stbenjam/.m2/repository/org/springframework/data/spring-data-rest-webmvc/2.6.10.RELEASE/spring-data-rest-webmvc-2.6.10.RELEASE.jar:/home/stbenjam/.m2/repository/org/springframework/data/spring-data-rest-core/2.6.10.RELEASE/spring-data-rest-core-2.6.10.RELEASE.jar:/home/stbenjam/.m2/repository/org/atteo/evo-inflector/1.2.2/evo-inflector-1.2.2.jar:/home/stbenjam/.m2/repository/org/slf4j/jcl-over-slf4j/1.7.25/jcl-over-slf4j-1.7.25.jar:/home/stbenjam/.m2/repository/org/springframework/boot/spring-boot-starter-web/1.5.10.RELEASE/spring-boot-starter-web-1.5.10.RELEASE.jar:/home/stbenjam/.m2/repository/org/springframework/boot/spring-boot-starter-tomcat/1.5.10.RELEASE/spring-boot-starter-tomcat-1.5.10.RELEASE.jar:/home/stbenjam/.m2/repository/org/apache/tomcat/embed/tomcat-embed-core/8.5.27/tomcat-embed-core-8.5.27.jar:/home/stbenjam/.m2/repository/org/apache/tomcat/tomcat-annotations-api/8.5.27/tomcat-annotations-api-8.5.27.jar:/home/stbenjam/.m2/repository/org/apache/tomcat/embed/tomcat-embed-el/8.5.27/tomcat-embed-el-8.5.27.jar:/home/stbenjam/.m2/repository/org/apache/tomcat/embed/tomcat-embed-websocket/8.5.27/tomcat-embed-websocket-8.5.27.jar:/home/stbenjam/.m2/repository/org/hibernate/hibernate-validator/5.3.6.Final/hibernate-validator-5.3.6.Final.jar:/home/stbenjam/.m2/repository/javax/validation/validation-api/1.1.0.Final/validation-api-1.1.0.Final.jar:/home/stbenjam/.m2/repository/org/jboss/logging/jboss-logging/3.3.1.Final/jboss-logging-3.3.1.Final.jar:/home/stbenjam/.m2/repository/org/springframework/spring-web/4.3.14.RELEASE/spring-web-4.3.14.RELEASE.jar:/home/stbenjam/.m2/repository/org/springframework/spring-webmvc/4.3.14.RELEASE/spring-webmvc-4.3.14.RELEASE.jar:/home/stbenjam/.m2/repository/org/springframework/spring-expression/4.3.14.RELEASE/spring-expression-4.3.14.RELEASE.jar:/home/stbenjam/.m2/repository/org/springframework/boot/spring-boot-starter-thymeleaf/1.5.10.RELEASE/spring-boot-starter-thymeleaf-1.5.10.RELEASE.jar:/home/stbenjam/.m2/repository/org/thymeleaf/thymeleaf-spring4/2.1.6.RELEASE/thymeleaf-spring4-2.1.6.RELEASE.jar:/home/stbenjam/.m2/repository/org/thymeleaf/thymeleaf/2.1.6.RELEASE/thymeleaf-2.1.6.RELEASE.jar:/home/stbenjam/.m2/repository/ognl/ognl/3.0.8/ognl-3.0.8.jar:/home/stbenjam/.m2/repository/org/unbescape/unbescape/1.1.0.RELEASE/unbescape-1.1.0.RELEASE.jar:/home/stbenjam/.m2/repository/nz/net/ultraq/thymeleaf/thymeleaf-layout-dialect/1.4.0/thymeleaf-layout-dialect-1.4.0.jar:/home/stbenjam/.m2/repository/org/codehaus/groovy/groovy/2.4.13/groovy-2.4.13.jar:/home/stbenjam/.m2/repository/org/springframework/boot/spring-boot-starter-test/1.5.10.RELEASE/spring-boot-starter-test-1.5.10.RELEASE.jar:/home/stbenjam/.m2/repository/org/springframework/boot/spring-boot-test/1.5.10.RELEASE/spring-boot-test-1.5.10.RELEASE.jar:/home/stbenjam/.m2/repository/org/springframework/boot/spring-boot-test-autoconfigure/1.5.10.RELEASE/spring-boot-test-autoconfigure-1.5.10.RELEASE.jar:/home/stbenjam/.m2/repository/com/jayway/jsonpath/json-path/2.2.0/json-path-2.2.0.jar:/home/stbenjam/.m2/repository/net/minidev/json-smart/2.2.1/json-smart-2.2.1.jar:/home/stbenjam/.m2/repository/net/minidev/accessors-smart/1.1/accessors-smart-1.1.jar:/home/stbenjam/.m2/repository/org/ow2/asm/asm/5.0.3/asm-5.0.3.jar:/home/stbenjam/.m2/repository/junit/junit/4.12/junit-4.12.jar:/home/stbenjam/.m2/repository/org/assertj/assertj-core/2.6.0/assertj-core-2.6.0.jar:/home/stbenjam/.m2/repository/org/mockito/mockito-core/1.10.19/mockito-core-1.10.19.jar:/home/stbenjam/.m2/repository/org/objenesis/objenesis/2.1/objenesis-2.1.jar:/home/stbenjam/.m2/repository/org/hamcrest/hamcrest-core/1.3/hamcrest-core-1.3.jar:/home/stbenjam/.m2/repository/org/hamcrest/hamcrest-library/1.3/hamcrest-library-1.3.jar:/home/stbenjam/.m2/repository/org/skyscreamer/jsonassert/1.4.0/jsonassert-1.4.0.jar:/home/stbenjam/.m2/repository/org/springframework/spring-core/4.3.14.RELEASE/spring-core-4.3.14.RELEASE.jar:/home/stbenjam/.m2/repository/org/springframework/spring-test/4.3.14.RELEASE/spring-test-4.3.14.RELEASE.jar:/home/stbenjam/.m2/repository/org/springframework/restdocs/spring-restdocs-mockmvc/1.1.3.RELEASE/spring-restdocs-mockmvc-1.1.3.RELEASE.jar:/home/stbenjam/.m2/repository/org/springframework/restdocs/spring-restdocs-core/1.1.3.RELEASE/spring-restdocs-core-1.1.3.RELEASE.jar:/home/stbenjam/.m2/repository/javax/servlet/javax.servlet-api/3.1.0/javax.servlet-api-3.1.0.jar:/home/stbenjam/.m2/repository/org/springframework/boot/spring-boot-starter-data-jpa/1.5.10.RELEASE/spring-boot-starter-data-jpa-1.5.10.RELEASE.jar:/home/stbenjam/.m2/repository/org/springframework/boot/spring-boot-starter-aop/1.5.10.RELEASE/spring-boot-starter-aop-1.5.10.RELEASE.jar:/home/stbenjam/.m2/repository/org/aspectj/aspectjweaver/1.8.13/aspectjweaver-1.8.13.jar:/home/stbenjam/.m2/repository/org/springframework/boot/spring-boot-starter-jdbc/1.5.10.RELEASE/spring-boot-starter-jdbc-1.5.10.RELEASE.jar:/home/stbenjam/.m2/repository/org/apache/tomcat/tomcat-jdbc/8.5.27/tomcat-jdbc-8.5.27.jar:/home/stbenjam/.m2/repository/org/apache/tomcat/tomcat-juli/8.5.27/tomcat-juli-8.5.27.jar:/home/stbenjam/.m2/repository/org/springframework/spring-jdbc/4.3.14.RELEASE/spring-jdbc-4.3.14.RELEASE.jar:/home/stbenjam/.m2/repository/org/hibernate/hibernate-core/5.0.12.Final/hibernate-core-5.0.12.Final.jar:/home/stbenjam/.m2/repository/org/hibernate/javax/persistence/hibernate-jpa-2.1-api/1.0.0.Final/hibernate-jpa-2.1-api-1.0.0.Final.jar:/home/stbenjam/.m2/repository/org/javassist/javassist/3.21.0-GA/javassist-3.21.0-GA.jar:/home/stbenjam/.m2/repository/antlr/antlr/2.7.7/antlr-2.7.7.jar:/home/stbenjam/.m2/repository/org/jboss/jandex/2.0.0.Final/jandex-2.0.0.Final.jar:/home/stbenjam/.m2/repository/dom4j/dom4j/1.6.1/dom4j-1.6.1.jar:/home/stbenjam/.m2/repository/org/hibernate/common/hibernate-commons-annotations/5.0.1.Final/hibernate-commons-annotations-5.0.1.Final.jar:/home/stbenjam/.m2/repository/org/hibernate/hibernate-entitymanager/5.0.12.Final/hibernate-entitymanager-5.0.12.Final.jar:/home/stbenjam/.m2/repository/javax/transaction/javax.transaction-api/1.2/javax.transaction-api-1.2.jar:/home/stbenjam/.m2/repository/org/springframework/data/spring-data-jpa/1.11.10.RELEASE/spring-data-jpa-1.11.10.RELEASE.jar:/home/stbenjam/.m2/repository/org/springframework/data/spring-data-commons/1.13.10.RELEASE/spring-data-commons-1.13.10.RELEASE.jar:/home/stbenjam/.m2/repository/org/springframework/spring-orm/4.3.14.RELEASE/spring-orm-4.3.14.RELEASE.jar:/home/stbenjam/.m2/repository/org/springframework/spring-tx/4.3.14.RELEASE/spring-tx-4.3.14.RELEASE.jar:/home/stbenjam/.m2/repository/org/springframework/spring-aspects/4.3.14.RELEASE/spring-aspects-4.3.14.RELEASE.jar:/home/stbenjam/.m2/repository/com/h2database/h2/1.4.196/h2-1.4.196.jar:/home/stbenjam/.m2/repository/org/postgresql/postgresql/9.4-1206-jdbc42/postgresql-9.4-1206-jdbc42.jar:/home/stbenjam/.m2/repository/log4j/log4j/1.2.17/log4j-1.2.17.jar:/home/stbenjam/.m2/repository/com/google/guava/guava/19.0/guava-19.0.jar:/home/stbenjam/.m2/repository/javax/mail/mail/1.4/mail-1.4.jar:/home/stbenjam/.m2/repository/javax/activation/activation/1.1/activation-1.1.jar:/home/stbenjam/.m2/repository/org/springframework/boot/spring-boot-starter-security/1.5.10.RELEASE/spring-boot-starter-security-1.5.10.RELEASE.jar:/home/stbenjam/.m2/repository/org/springframework/spring-aop/4.3.14.RELEASE/spring-aop-4.3.14.RELEASE.jar:/home/stbenjam/.m2/repository/org/springframework/security/spring-security-config/4.2.4.RELEASE/spring-security-config-4.2.4.RELEASE.jar:/home/stbenjam/.m2/repository/org/springframework/security/spring-security-web/4.2.4.RELEASE/spring-security-web-4.2.4.RELEASE.jar:/home/stbenjam/.m2/repository/org/springframework/boot/spring-boot-starter-mail/1.4.3.RELEASE/spring-boot-starter-mail-1.4.3.RELEASE.jar:/home/stbenjam/.m2/repository/org/springframework/spring-context/4.3.14.RELEASE/spring-context-4.3.14.RELEASE.jar:/home/stbenjam/.m2/repository/com/sun/mail/javax.mail/1.5.6/javax.mail-1.5.6.jar:/home/stbenjam/.m2/repository/com/icegreen/greenmail/1.5.5/greenmail-1.5.5.jar:/home/stbenjam/.m2/repository/org/slf4j/slf4j-api/1.7.25/slf4j-api-1.7.25.jar:/home/stbenjam/.m2/repository/org/springframework/security/spring-security-test/4.2.4.RELEASE/spring-security-test-4.2.4.RELEASE.jar:/home/stbenjam/.m2/repository/org/springframework/security/spring-security-core/4.2.4.RELEASE/spring-security-core-4.2.4.RELEASE.jar:/home/stbenjam/.m2/repository/aopalliance/aopalliance/1.0/aopalliance-1.0.jar:/home/stbenjam/.m2/repository/org/springframework/security/oauth/spring-security-oauth2/2.0.14.RELEASE/spring-security-oauth2-2.0.14.RELEASE.jar:/home/stbenjam/.m2/repository/org/springframework/spring-beans/4.3.14.RELEASE/spring-beans-4.3.14.RELEASE.jar:/home/stbenjam/.m2/repository/commons-codec/commons-codec/1.10/commons-codec-1.10.jar:/home/stbenjam/.m2/repository/org/codehaus/jackson/jackson-mapper-asl/1.9.13/jackson-mapper-asl-1.9.13.jar:/home/stbenjam/.m2/repository/org/codehaus/jackson/jackson-core-asl/1.9.13/jackson-core-asl-1.9.13.jar:/home/stbenjam/.m2/repository/io/springfox/springfox-swagger2/2.8.0/springfox-swagger2-2.8.0.jar:/home/stbenjam/.m2/repository/io/swagger/swagger-annotations/1.5.14/swagger-annotations-1.5.14.jar:/home/stbenjam/.m2/repository/io/swagger/swagger-models/1.5.14/swagger-models-1.5.14.jar:/home/stbenjam/.m2/repository/io/springfox/springfox-spi/2.8.0/springfox-spi-2.8.0.jar:/home/stbenjam/.m2/repository/io/springfox/springfox-core/2.8.0/springfox-core-2.8.0.jar:/home/stbenjam/.m2/repository/net/bytebuddy/byte-buddy/1.7.9/byte-buddy-1.7.9.jar:/home/stbenjam/.m2/repository/io/springfox/springfox-schema/2.8.0/springfox-schema-2.8.0.jar:/home/stbenjam/.m2/repository/io/springfox/springfox-swagger-common/2.8.0/springfox-swagger-common-2.8.0.jar:/home/stbenjam/.m2/repository/io/springfox/springfox-spring-web/2.8.0/springfox-spring-web-2.8.0.jar:/home/stbenjam/.m2/repository/org/reflections/reflections/0.9.11/reflections-0.9.11.jar:/home/stbenjam/.m2/repository/com/fasterxml/classmate/1.3.4/classmate-1.3.4.jar:/home/stbenjam/.m2/repository/org/springframework/plugin/spring-plugin-core/1.2.0.RELEASE/spring-plugin-core-1.2.0.RELEASE.jar:/home/stbenjam/.m2/repository/org/springframework/plugin/spring-plugin-metadata/1.2.0.RELEASE/spring-plugin-metadata-1.2.0.RELEASE.jar:/home/stbenjam/.m2/repository/org/mapstruct/mapstruct/1.2.0.Final/mapstruct-1.2.0.Final.jar:/home/stbenjam/.m2/repository/io/springfox/springfox-swagger-ui/2.8.0/springfox-swagger-ui-2.8.0.jar:/home/stbenjam/.m2/repository/io/springfox/springfox-data-rest/2.8.0/springfox-data-rest-2.8.0.jar:/home/stbenjam/.m2/repository/org/springframework/hateoas/spring-hateoas/0.23.0.RELEASE/spring-hateoas-0.23.0.RELEASE.jar:/home/stbenjam/.m2/repository/org/usb4java/usb4java-javax/1.2.0/usb4java-javax-1.2.0.jar:/home/stbenjam/.m2/repository/javax/usb/usb-api/1.0.2/usb-api-1.0.2.jar:/home/stbenjam/.m2/repository/org/apache/commons/commons-lang3/3.2.1/commons-lang3-3.2.1.jar:/home/stbenjam/.m2/repository/org/usb4java/usb4java/1.2.0/usb4java-1.2.0.jar:/home/stbenjam/.m2/repository/org/usb4java/libusb4java/1.2.0/libusb4java-1.2.0-linux-x86.jar:/home/stbenjam/.m2/repository/org/usb4java/libusb4java/1.2.0/libusb4java-1.2.0-linux-x86_64.jar:/home/stbenjam/.m2/repository/org/usb4java/libusb4java/1.2.0/libusb4java-1.2.0-linux-arm.jar:/home/stbenjam/.m2/repository/org/usb4java/libusb4java/1.2.0/libusb4java-1.2.0-windows-x86.jar:/home/stbenjam/.m2/repository/org/usb4java/libusb4java/1.2.0/libusb4java-1.2.0-windows-x86_64.jar:/home/stbenjam/.m2/repository/org/usb4java/libusb4java/1.2.0/libusb4java-1.2.0-osx-x86.jar:/home/stbenjam/.m2/repository/org/usb4java/libusb4java/1.2.0/libusb4java-1.2.0-osx-x86_64.jar:/home/stbenjam/.m2/repository/org/mockito/mockito-all/1.9.5/mockito-all-1.9.5.jar:/home/stbenjam/.m2/repository/com/fasterxml/jackson/core/jackson-databind/2.5.0/jackson-databind-2.5.0.jar:/home/stbenjam/.m2/repository/com/fasterxml/jackson/core/jackson-core/2.8.10/jackson-core-2.8.10.jar:/home/stbenjam/.m2/repository/com/vaadin/external/google/android-json/0.0.20131108.vaadin1/android-json-0.0.20131108.vaadin1.jar:/home/stbenjam/.m2/repository/com/tngtech/java/junit-dataprovider/1.13.1/junit-dataprovider-1.13.1.jar:/home/stbenjam/.m2/repository/org/springframework/spring-context-support/3.2.0.RELEASE/spring-context-support-3.2.0.RELEASE.jar:, java.specification.name=Java Platform API Specification, java.class.version=52.0, sun.management.compiler=HotSpot 64-Bit Tiered Compilers, os.version=4.14.14-300.fc27.x86_64, user.home=/home/stbenjam, user.timezone=America/New_York, java.awt.printerjob=sun.print.PSPrinterJob, file.encoding=UTF-8, java.specification.version=1.8, java.class.path=/home/stbenjam/git/h2ms/target/test-classes:/home/stbenjam/git/h2ms/target/classes:/home/stbenjam/.m2/repository/org/springframework/boot/spring-boot-starter-data-rest/1.5.10.RELEASE/spring-boot-starter-data-rest-1.5.10.RELEASE.jar:/home/stbenjam/.m2/repository/org/springframework/boot/spring-boot-starter/1.5.10.RELEASE/spring-boot-starter-1.5.10.RELEASE.jar:/home/stbenjam/.m2/repository/org/springframework/boot/spring-boot/1.5.10.RELEASE/spring-boot-1.5.10.RELEASE.jar:/home/stbenjam/.m2/repository/org/springframework/boot/spring-boot-autoconfigure/1.5.10.RELEASE/spring-boot-autoconfigure-1.5.10.RELEASE.jar:/home/stbenjam/.m2/repository/org/springframework/boot/spring-boot-starter-logging/1.5.10.RELEASE/spring-boot-starter-logging-1.5.10.RELEASE.jar:/home/stbenjam/.m2/repository/ch/qos/logback/logback-classic/1.1.11/logback-classic-1.1.11.jar:/home/stbenjam/.m2/repository/ch/qos/logback/logback-core/1.1.11/logback-core-1.1.11.jar:/home/stbenjam/.m2/repository/org/slf4j/jul-to-slf4j/1.7.25/jul-to-slf4j-1.7.25.jar:/home/stbenjam/.m2/repository/org/slf4j/log4j-over-slf4j/1.7.25/log4j-over-slf4j-1.7.25.jar:/home/stbenjam/.m2/repository/org/yaml/snakeyaml/1.17/snakeyaml-1.17.jar:/home/stbenjam/.m2/repository/com/fasterxml/jackson/core/jackson-annotations/2.8.0/jackson-annotations-2.8.0.jar:/home/stbenjam/.m2/repository/org/springframework/data/spring-data-rest-webmvc/2.6.10.RELEASE/spring-data-rest-webmvc-2.6.10.RELEASE.jar:/home/stbenjam/.m2/repository/org/springframework/data/spring-data-rest-core/2.6.10.RELEASE/spring-data-rest-core-2.6.10.RELEASE.jar:/home/stbenjam/.m2/repository/org/atteo/evo-inflector/1.2.2/evo-inflector-1.2.2.jar:/home/stbenjam/.m2/repository/org/slf4j/jcl-over-slf4j/1.7.25/jcl-over-slf4j-1.7.25.jar:/home/stbenjam/.m2/repository/org/springframework/boot/spring-boot-starter-web/1.5.10.RELEASE/spring-boot-starter-web-1.5.10.RELEASE.jar:/home/stbenjam/.m2/repository/org/springframework/boot/spring-boot-starter-tomcat/1.5.10.RELEASE/spring-boot-starter-tomcat-1.5.10.RELEASE.jar:/home/stbenjam/.m2/repository/org/apache/tomcat/embed/tomcat-embed-core/8.5.27/tomcat-embed-core-8.5.27.jar:/home/stbenjam/.m2/repository/org/apache/tomcat/tomcat-annotations-api/8.5.27/tomcat-annotations-api-8.5.27.jar:/home/stbenjam/.m2/repository/org/apache/tomcat/embed/tomcat-embed-el/8.5.27/tomcat-embed-el-8.5.27.jar:/home/stbenjam/.m2/repository/org/apache/tomcat/embed/tomcat-embed-websocket/8.5.27/tomcat-embed-websocket-8.5.27.jar:/home/stbenjam/.m2/repository/org/hibernate/hibernate-validator/5.3.6.Final/hibernate-validator-5.3.6.Final.jar:/home/stbenjam/.m2/repository/javax/validation/validation-api/1.1.0.Final/validation-api-1.1.0.Final.jar:/home/stbenjam/.m2/repository/org/jboss/logging/jboss-logging/3.3.1.Final/jboss-logging-3.3.1.Final.jar:/home/stbenjam/.m2/repository/org/springframework/spring-web/4.3.14.RELEASE/spring-web-4.3.14.RELEASE.jar:/home/stbenjam/.m2/repository/org/springframework/spring-webmvc/4.3.14.RELEASE/spring-webmvc-4.3.14.RELEASE.jar:/home/stbenjam/.m2/repository/org/springframework/spring-expression/4.3.14.RELEASE/spring-expression-4.3.14.RELEASE.jar:/home/stbenjam/.m2/repository/org/springframework/boot/spring-boot-starter-thymeleaf/1.5.10.RELEASE/spring-boot-starter-thymeleaf-1.5.10.RELEASE.jar:/home/stbenjam/.m2/repository/org/thymeleaf/thymeleaf-spring4/2.1.6.RELEASE/thymeleaf-spring4-2.1.6.RELEASE.jar:/home/stbenjam/.m2/repository/org/thymeleaf/thymeleaf/2.1.6.RELEASE/thymeleaf-2.1.6.RELEASE.jar:/home/stbenjam/.m2/repository/ognl/ognl/3.0.8/ognl-3.0.8.jar:/home/stbenjam/.m2/repository/org/unbescape/unbescape/1.1.0.RELEASE/unbescape-1.1.0.RELEASE.jar:/home/stbenjam/.m2/repository/nz/net/ultraq/thymeleaf/thymeleaf-layout-dialect/1.4.0/thymeleaf-layout-dialect-1.4.0.jar:/home/stbenjam/.m2/repository/org/codehaus/groovy/groovy/2.4.13/groovy-2.4.13.jar:/home/stbenjam/.m2/repository/org/springframework/boot/spring-boot-starter-test/1.5.10.RELEASE/spring-boot-starter-test-1.5.10.RELEASE.jar:/home/stbenjam/.m2/repository/org/springframework/boot/spring-boot-test/1.5.10.RELEASE/spring-boot-test-1.5.10.RELEASE.jar:/home/stbenjam/.m2/repository/org/springframework/boot/spring-boot-test-autoconfigure/1.5.10.RELEASE/spring-boot-test-autoconfigure-1.5.10.RELEASE.jar:/home/stbenjam/.m2/repository/com/jayway/jsonpath/json-path/2.2.0/json-path-2.2.0.jar:/home/stbenjam/.m2/repository/net/minidev/json-smart/2.2.1/json-smart-2.2.1.jar:/home/stbenjam/.m2/repository/net/minidev/accessors-smart/1.1/accessors-smart-1.1.jar:/home/stbenjam/.m2/repository/org/ow2/asm/asm/5.0.3/asm-5.0.3.jar:/home/stbenjam/.m2/repository/junit/junit/4.12/junit-4.12.jar:/home/stbenjam/.m2/repository/org/assertj/assertj-core/2.6.0/assertj-core-2.6.0.jar:/home/stbenjam/.m2/repository/org/mockito/mockito-core/1.10.19/mockito-core-1.10.19.jar:/home/stbenjam/.m2/repository/org/objenesis/objenesis/2.1/objenesis-2.1.jar:/home/stbenjam/.m2/repository/org/hamcrest/hamcrest-core/1.3/hamcrest-core-1.3.jar:/home/stbenjam/.m2/repository/org/hamcrest/hamcrest-library/1.3/hamcrest-library-1.3.jar:/home/stbenjam/.m2/repository/org/skyscreamer/jsonassert/1.4.0/jsonassert-1.4.0.jar:/home/stbenjam/.m2/repository/org/springframework/spring-core/4.3.14.RELEASE/spring-core-4.3.14.RELEASE.jar:/home/stbenjam/.m2/repository/org/springframework/spring-test/4.3.14.RELEASE/spring-test-4.3.14.RELEASE.jar:/home/stbenjam/.m2/repository/org/springframework/restdocs/spring-restdocs-mockmvc/1.1.3.RELEASE/spring-restdocs-mockmvc-1.1.3.RELEASE.jar:/home/stbenjam/.m2/repository/org/springframework/restdocs/spring-restdocs-core/1.1.3.RELEASE/spring-restdocs-core-1.1.3.RELEASE.jar:/home/stbenjam/.m2/repository/javax/servlet/javax.servlet-api/3.1.0/javax.servlet-api-3.1.0.jar:/home/stbenjam/.m2/repository/org/springframework/boot/spring-boot-starter-data-jpa/1.5.10.RELEASE/spring-boot-starter-data-jpa-1.5.10.RELEASE.jar:/home/stbenjam/.m2/repository/org/springframework/boot/spring-boot-starter-aop/1.5.10.RELEASE/spring-boot-starter-aop-1.5.10.RELEASE.jar:/home/stbenjam/.m2/repository/org/aspectj/aspectjweaver/1.8.13/aspectjweaver-1.8.13.jar:/home/stbenjam/.m2/repository/org/springframework/boot/spring-boot-starter-jdbc/1.5.10.RELEASE/spring-boot-starter-jdbc-1.5.10.RELEASE.jar:/home/stbenjam/.m2/repository/org/apache/tomcat/tomcat-jdbc/8.5.27/tomcat-jdbc-8.5.27.jar:/home/stbenjam/.m2/repository/org/apache/tomcat/tomcat-juli/8.5.27/tomcat-juli-8.5.27.jar:/home/stbenjam/.m2/repository/org/springframework/spring-jdbc/4.3.14.RELEASE/spring-jdbc-4.3.14.RELEASE.jar:/home/stbenjam/.m2/repository/org/hibernate/hibernate-core/5.0.12.Final/hibernate-core-5.0.12.Final.jar:/home/stbenjam/.m2/repository/org/hibernate/javax/persistence/hibernate-jpa-2.1-api/1.0.0.Final/hibernate-jpa-2.1-api-1.0.0.Final.jar:/home/stbenjam/.m2/repository/org/javassist/javassist/3.21.0-GA/javassist-3.21.0-GA.jar:/home/stbenjam/.m2/repository/antlr/antlr/2.7.7/antlr-2.7.7.jar:/home/stbenjam/.m2/repository/org/jboss/jandex/2.0.0.Final/jandex-2.0.0.Final.jar:/home/stbenjam/.m2/repository/dom4j/dom4j/1.6.1/dom4j-1.6.1.jar:/home/stbenjam/.m2/repository/org/hibernate/common/hibernate-commons-annotations/5.0.1.Final/hibernate-commons-annotations-5.0.1.Final.jar:/home/stbenjam/.m2/repository/org/hibernate/hibernate-entitymanager/5.0.12.Final/hibernate-entitymanager-5.0.12.Final.jar:/home/stbenjam/.m2/repository/javax/transaction/javax.transaction-api/1.2/javax.transaction-api-1.2.jar:/home/stbenjam/.m2/repository/org/springframework/data/spring-data-jpa/1.11.10.RELEASE/spring-data-jpa-1.11.10.RELEASE.jar:/home/stbenjam/.m2/repository/org/springframework/data/spring-data-commons/1.13.10.RELEASE/spring-data-commons-1.13.10.RELEASE.jar:/home/stbenjam/.m2/repository/org/springframework/spring-orm/4.3.14.RELEASE/spring-orm-4.3.14.RELEASE.jar:/home/stbenjam/.m2/repository/org/springframework/spring-tx/4.3.14.RELEASE/spring-tx-4.3.14.RELEASE.jar:/home/stbenjam/.m2/repository/org/springframework/spring-aspects/4.3.14.RELEASE/spring-aspects-4.3.14.RELEASE.jar:/home/stbenjam/.m2/repository/com/h2database/h2/1.4.196/h2-1.4.196.jar:/home/stbenjam/.m2/repository/org/postgresql/postgresql/9.4-1206-jdbc42/postgresql-9.4-1206-jdbc42.jar:/home/stbenjam/.m2/repository/log4j/log4j/1.2.17/log4j-1.2.17.jar:/home/stbenjam/.m2/repository/com/google/guava/guava/19.0/guava-19.0.jar:/home/stbenjam/.m2/repository/javax/mail/mail/1.4/mail-1.4.jar:/home/stbenjam/.m2/repository/javax/activation/activation/1.1/activation-1.1.jar:/home/stbenjam/.m2/repository/org/springframework/boot/spring-boot-starter-security/1.5.10.RELEASE/spring-boot-starter-security-1.5.10.RELEASE.jar:/home/stbenjam/.m2/repository/org/springframework/spring-aop/4.3.14.RELEASE/spring-aop-4.3.14.RELEASE.jar:/home/stbenjam/.m2/repository/org/springframework/security/spring-security-config/4.2.4.RELEASE/spring-security-config-4.2.4.RELEASE.jar:/home/stbenjam/.m2/repository/org/springframework/security/spring-security-web/4.2.4.RELEASE/spring-security-web-4.2.4.RELEASE.jar:/home/stbenjam/.m2/repository/org/springframework/boot/spring-boot-starter-mail/1.4.3.RELEASE/spring-boot-starter-mail-1.4.3.RELEASE.jar:/home/stbenjam/.m2/repository/org/springframework/spring-context/4.3.14.RELEASE/spring-context-4.3.14.RELEASE.jar:/home/stbenjam/.m2/repository/com/sun/mail/javax.mail/1.5.6/javax.mail-1.5.6.jar:/home/stbenjam/.m2/repository/com/icegreen/greenmail/1.5.5/greenmail-1.5.5.jar:/home/stbenjam/.m2/repository/org/slf4j/slf4j-api/1.7.25/slf4j-api-1.7.25.jar:/home/stbenjam/.m2/repository/org/springframework/security/spring-security-test/4.2.4.RELEASE/spring-security-test-4.2.4.RELEASE.jar:/home/stbenjam/.m2/repository/org/springframework/security/spring-security-core/4.2.4.RELEASE/spring-security-core-4.2.4.RELEASE.jar:/home/stbenjam/.m2/repository/aopalliance/aopalliance/1.0/aopalliance-1.0.jar:/home/stbenjam/.m2/repository/org/springframework/security/oauth/spring-security-oauth2/2.0.14.RELEASE/spring-security-oauth2-2.0.14.RELEASE.jar:/home/stbenjam/.m2/repository/org/springframework/spring-beans/4.3.14.RELEASE/spring-beans-4.3.14.RELEASE.jar:/home/stbenjam/.m2/repository/commons-codec/commons-codec/1.10/commons-codec-1.10.jar:/home/stbenjam/.m2/repository/org/codehaus/jackson/jackson-mapper-asl/1.9.13/jackson-mapper-asl-1.9.13.jar:/home/stbenjam/.m2/repository/org/codehaus/jackson/jackson-core-asl/1.9.13/jackson-core-asl-1.9.13.jar:/home/stbenjam/.m2/repository/io/springfox/springfox-swagger2/2.8.0/springfox-swagger2-2.8.0.jar:/home/stbenjam/.m2/repository/io/swagger/swagger-annotations/1.5.14/swagger-annotations-1.5.14.jar:/home/stbenjam/.m2/repository/io/swagger/swagger-models/1.5.14/swagger-models-1.5.14.jar:/home/stbenjam/.m2/repository/io/springfox/springfox-spi/2.8.0/springfox-spi-2.8.0.jar:/home/stbenjam/.m2/repository/io/springfox/springfox-core/2.8.0/springfox-core-2.8.0.jar:/home/stbenjam/.m2/repository/net/bytebuddy/byte-buddy/1.7.9/byte-buddy-1.7.9.jar:/home/stbenjam/.m2/repository/io/springfox/springfox-schema/2.8.0/springfox-schema-2.8.0.jar:/home/stbenjam/.m2/repository/io/springfox/springfox-swagger-common/2.8.0/springfox-swagger-common-2.8.0.jar:/home/stbenjam/.m2/repository/io/springfox/springfox-spring-web/2.8.0/springfox-spring-web-2.8.0.jar:/home/stbenjam/.m2/repository/org/reflections/reflections/0.9.11/reflections-0.9.11.jar:/home/stbenjam/.m2/repository/com/fasterxml/classmate/1.3.4/classmate-1.3.4.jar:/home/stbenjam/.m2/repository/org/springframework/plugin/spring-plugin-core/1.2.0.RELEASE/spring-plugin-core-1.2.0.RELEASE.jar:/home/stbenjam/.m2/repository/org/springframework/plugin/spring-plugin-metadata/1.2.0.RELEASE/spring-plugin-metadata-1.2.0.RELEASE.jar:/home/stbenjam/.m2/repository/org/mapstruct/mapstruct/1.2.0.Final/mapstruct-1.2.0.Final.jar:/home/stbenjam/.m2/repository/io/springfox/springfox-swagger-ui/2.8.0/springfox-swagger-ui-2.8.0.jar:/home/stbenjam/.m2/repository/io/springfox/springfox-data-rest/2.8.0/springfox-data-rest-2.8.0.jar:/home/stbenjam/.m2/repository/org/springframework/hateoas/spring-hateoas/0.23.0.RELEASE/spring-hateoas-0.23.0.RELEASE.jar:/home/stbenjam/.m2/repository/org/usb4java/usb4java-javax/1.2.0/usb4java-javax-1.2.0.jar:/home/stbenjam/.m2/repository/javax/usb/usb-api/1.0.2/usb-api-1.0.2.jar:/home/stbenjam/.m2/repository/org/apache/commons/commons-lang3/3.2.1/commons-lang3-3.2.1.jar:/home/stbenjam/.m2/repository/org/usb4java/usb4java/1.2.0/usb4java-1.2.0.jar:/home/stbenjam/.m2/repository/org/usb4java/libusb4java/1.2.0/libusb4java-1.2.0-linux-x86.jar:/home/stbenjam/.m2/repository/org/usb4java/libusb4java/1.2.0/libusb4java-1.2.0-linux-x86_64.jar:/home/stbenjam/.m2/repository/org/usb4java/libusb4java/1.2.0/libusb4java-1.2.0-linux-arm.jar:/home/stbenjam/.m2/repository/org/usb4java/libusb4java/1.2.0/libusb4java-1.2.0-windows-x86.jar:/home/stbenjam/.m2/repository/org/usb4java/libusb4java/1.2.0/libusb4java-1.2.0-windows-x86_64.jar:/home/stbenjam/.m2/repository/org/usb4java/libusb4java/1.2.0/libusb4java-1.2.0-osx-x86.jar:/home/stbenjam/.m2/repository/org/usb4java/libusb4java/1.2.0/libusb4java-1.2.0-osx-x86_64.jar:/home/stbenjam/.m2/repository/org/mockito/mockito-all/1.9.5/mockito-all-1.9.5.jar:/home/stbenjam/.m2/repository/com/fasterxml/jackson/core/jackson-databind/2.5.0/jackson-databind-2.5.0.jar:/home/stbenjam/.m2/repository/com/fasterxml/jackson/core/jackson-core/2.8.10/jackson-core-2.8.10.jar:/home/stbenjam/.m2/repository/com/vaadin/external/google/android-json/0.0.20131108.vaadin1/android-json-0.0.20131108.vaadin1.jar:/home/stbenjam/.m2/repository/com/tngtech/java/junit-dataprovider/1.13.1/junit-dataprovider-1.13.1.jar:/home/stbenjam/.m2/repository/org/springframework/spring-context-support/3.2.0.RELEASE/spring-context-support-3.2.0.RELEASE.jar:, user.name=stbenjam, java.vm.specification.version=1.8, sun.java.command=/home/stbenjam/git/h2ms/target/surefire/surefirebooter4923085358408019683.jar /home/stbenjam/git/h2ms/target/surefire/surefire6384590864609753023tmp /home/stbenjam/git/h2ms/target/surefire/surefire_07365849549389595586tmp, java.home=/usr/lib/jvm/java-1.8.0-openjdk-1.8.0.161-0.b14.fc27.x86_64/jre, sun.arch.data.model=64, user.language=en, java.specification.vendor=Oracle Corporation, awt.toolkit=sun.awt.X11.XToolkit, java.vm.info=mixed mode, java.version=1.8.0_161, java.ext.dirs=/usr/lib/jvm/java-1.8.0-openjdk-1.8.0.161-0.b14.fc27.x86_64/jre/lib/ext:/usr/java/packages/lib/ext, sun.boot.class.path=/usr/lib/jvm/java-1.8.0-openjdk-1.8.0.161-0.b14.fc27.x86_64/jre/lib/resources.jar:/usr/lib/jvm/java-1.8.0-openjdk-1.8.0.161-0.b14.fc27.x86_64/jre/lib/rt.jar:/usr/lib/jvm/java-1.8.0-openjdk-1.8.0.161-0.b14.fc27.x86_64/jre/lib/sunrsasign.jar:/usr/lib/jvm/java-1.8.0-openjdk-1.8.0.161-0.b14.fc27.x86_64/jre/lib/jsse.jar:/usr/lib/jvm/java-1.8.0-openjdk-1.8.0.161-0.b14.fc27.x86_64/jre/lib/jce.jar:/usr/lib/jvm/java-1.8.0-openjdk-1.8.0.161-0.b14.fc27.x86_64/jre/lib/charsets.jar:/usr/lib/jvm/java-1.8.0-openjdk-1.8.0.161-0.b14.fc27.x86_64/jre/lib/jfr.jar:/usr/lib/jvm/java-1.8.0-openjdk-1.8.0.161-0.b14.fc27.x86_64/jre/classes, java.vendor=Oracle Corporation, localRepository=/home/stbenjam/.m2/repository, file.separator=/, java.vendor.url.bug=http://bugreport.sun.com/bugreport/, sun.io.unicode.encoding=UnicodeLittle, sun.cpu.endian=little, sun.desktop=gnome, sun.cpu.isalist=}}, SystemEnvironmentPropertySource@1374066265 {name='systemEnvironment', properties={IRBRC=/home/stbenjam/.rvm/rubies/ruby-2.3.3/.irbrc, PATH=/home/stbenjam/.rvm/gems/ruby-2.3.3/bin:/home/stbenjam/.rvm/gems/ruby-2.3.3@global/bin:/home/stbenjam/.rvm/rubies/ruby-2.3.3/bin:/usr/local/bin:/usr/bin:/bin:/usr/local/sbin:/usr/sbin:/home/stbenjam/.local/bin:/home/stbenjam/bin:/home/stbenjam/.rvm/bin, rvm_silent_flag=, HISTCONTROL=ignoredups, XMODIFIERS=@im=ibus, GDMSESSION=gnome-xorg, rvm_quiet_flag=, GUESTFISH_RESTORE=\e[0m, DBUS_SESSION_BUS_ADDRESS=unix:path=/run/user/1000/bus,guid=0ff0c73f492cc1dc3846ae835aac7cd0, COLORTERM=truecolor, rvm_ruby_make_install=, rvm_niceness=, SESSION_MANAGER=local/unix:@/tmp/.ICE-unix/1818,unix/unix:/tmp/.ICE-unix/1818, USERNAME=stbenjam, rvm_version=1.29.1 (latest), PWD=/home/stbenjam/git/h2ms, MANAGERPID=1759, LESSOPEN=||/usr/bin/lesspipe.sh %s, PAGER=less, QTINC=/usr/lib64/qt-3.3/include, rvm_hook=, rvm_wrapper_name=, MY_RUBY_HOME=/home/stbenjam/.rvm/rubies/ruby-2.3.3, rvm_nightly_flag=, ZSH=/home/stbenjam/.oh-my-zsh, rvm_path=/home/stbenjam/.rvm, GUESTFISH_INIT=\e[1;34m, GNOME_DESKTOP_SESSION_ID=this-is-deprecated, SYSTEMD_NSS_BYPASS_BUS=1, DBUS_STARTER_ADDRESS=unix:path=/run/user/1000/bus,guid=0ff0c73f492cc1dc3846ae835aac7cd0, LC_CTYPE=en_US.UTF-8, SHLVL=2, LOADEDMODULES=, HISTSIZE=10000, JAVA_HOME=/usr/lib/jvm/java-1.8.0-openjdk-1.8.0.161-0.b14.fc27.x86_64, TERM=xterm-256color, XDG_SESSION_ID=2, rvm_script_name=, rvm_ruby_make=, rvm_docs_type=, _=/usr/lib/jvm/java-1.8.0-openjdk-1.8.0.161-0.b14.fc27.x86_64/jre/bin/java, MAVEN_PROJECTBASEDIR=/home/stbenjam/git/h2ms, DESKTOP_SESSION=gnome-xorg, XDG_MENU_PREFIX=gnome-, VTE_VERSION=5002, rvm_alias_expanded=, rvm_ruby_bits=, GEM_PATH=/home/stbenjam/.rvm/gems/ruby-2.3.3:/home/stbenjam/.rvm/gems/ruby-2.3.3@global, TILIX_ID=df6230d2-2679-42ab-bd7f-667d05988153, XAUTHORITY=/run/user/1000/gdm/Xauthority, INVOCATION_ID=2a8a59bd24d3424f8a519125eeaea755, XDG_DATA_DIRS=/home/stbenjam/.local/share/flatpak/exports/share/:/var/lib/flatpak/exports/share/:/usr/local/share/:/usr/share/, MODULEPATH=/etc/scl/modulefiles:/etc/scl/modulefiles:/usr/share/Modules/modulefiles:/etc/modulefiles:/usr/share/modulefiles, rvm_bin_flag=, VAGRANT_DEFAULT_PROVIDER=libvirt, XDG_CURRENT_DESKTOP=GNOME, JOURNAL_STREAM=9:35277, MAIL=/var/spool/mail/stbenjam, rvm_ruby_mode=, LOGNAME=stbenjam, rvm_proxy=, SHELL=/bin/zsh, rvm_sdk=, OLDPWD=/home/stbenjam/git/h2ms, GEM_HOME=/home/stbenjam/.rvm/gems/ruby-2.3.3, rvm_use_flag=, GIT=/bin/git, RUBY_VERSION=ruby-2.3.3, _system_name=Fedora, LESS=-R, XDG_SESSION_DESKTOP=gnome-xorg, LS_COLORS=rs=0:di=38;5;33:ln=38;5;51:mh=00:pi=40;38;5;11:so=38;5;13:do=38;5;5:bd=48;5;232;38;5;11:cd=48;5;232;38;5;3:or=48;5;232;38;5;9:mi=01;05;37;41:su=48;5;196;38;5;15:sg=48;5;11;38;5;16:ca=48;5;196;38;5;226:tw=48;5;10;38;5;16:ow=48;5;10;38;5;21:st=48;5;21;38;5;15:ex=38;5;40:*.tar=38;5;9:*.tgz=38;5;9:*.arc=38;5;9:*.arj=38;5;9:*.taz=38;5;9:*.lha=38;5;9:*.lz4=38;5;9:*.lzh=38;5;9:*.lzma=38;5;9:*.tlz=38;5;9:*.txz=38;5;9:*.tzo=38;5;9:*.t7z=38;5;9:*.zip=38;5;9:*.z=38;5;9:*.Z=38;5;9:*.dz=38;5;9:*.gz=38;5;9:*.lrz=38;5;9:*.lz=38;5;9:*.lzo=38;5;9:*.xz=38;5;9:*.zst=38;5;9:*.tzst=38;5;9:*.bz2=38;5;9:*.bz=38;5;9:*.tbz=38;5;9:*.tbz2=38;5;9:*.tz=38;5;9:*.deb=38;5;9:*.rpm=38;5;9:*.jar=38;5;9:*.war=38;5;9:*.ear=38;5;9:*.sar=38;5;9:*.rar=38;5;9:*.alz=38;5;9:*.ace=38;5;9:*.zoo=38;5;9:*.cpio=38;5;9:*.7z=38;5;9:*.rz=38;5;9:*.cab=38;5;9:*.wim=38;5;9:*.swm=38;5;9:*.dwm=38;5;9:*.esd=38;5;9:*.jpg=38;5;13:*.jpeg=38;5;13:*.mjpg=38;5;13:*.mjpeg=38;5;13:*.gif=38;5;13:*.bmp=38;5;13:*.pbm=38;5;13:*.pgm=38;5;13:*.ppm=38;5;13:*.tga=38;5;13:*.xbm=38;5;13:*.xpm=38;5;13:*.tif=38;5;13:*.tiff=38;5;13:*.png=38;5;13:*.svg=38;5;13:*.svgz=38;5;13:*.mng=38;5;13:*.pcx=38;5;13:*.mov=38;5;13:*.mpg=38;5;13:*.mpeg=38;5;13:*.m2v=38;5;13:*.mkv=38;5;13:*.webm=38;5;13:*.ogm=38;5;13:*.mp4=38;5;13:*.m4v=38;5;13:*.mp4v=38;5;13:*.vob=38;5;13:*.qt=38;5;13:*.nuv=38;5;13:*.wmv=38;5;13:*.asf=38;5;13:*.rm=38;5;13:*.rmvb=38;5;13:*.flc=38;5;13:*.avi=38;5;13:*.fli=38;5;13:*.flv=38;5;13:*.gl=38;5;13:*.dl=38;5;13:*.xcf=38;5;13:*.xwd=38;5;13:*.yuv=38;5;13:*.cgm=38;5;13:*.emf=38;5;13:*.ogv=38;5;13:*.ogx=38;5;13:*.aac=38;5;45:*.au=38;5;45:*.flac=38;5;45:*.m4a=38;5;45:*.mid=38;5;45:*.midi=38;5;45:*.mka=38;5;45:*.mp3=38;5;45:*.mpc=38;5;45:*.ogg=38;5;45:*.ra=38;5;45:*.wav=38;5;45:*.oga=38;5;45:*.opus=38;5;45:*.spx=38;5;45:*.xspf=38;5;45:, rvm_gemstone_package_file=, _system_arch=x86_64, rvm_bin_path=/home/stbenjam/.rvm/bin, QT_IM_MODULE=ibus, rvm_only_path_flag=, rvm_prefix=/home/stbenjam, LANG=en_US.UTF-8, XDG_SESSION_TYPE=x11, DISPLAY=:0, rvm_gemstone_url=, GDM_LANG=en_US.UTF-8, GUESTFISH_PS1=\[\e[1;32m\]><fs>\[\e[0;31m\] , LSCOLORS=Gxfxcxdxbxegedabagacad, _system_type=Linux, _system_version=27, GPG_TTY=/dev/pts/1, USER=stbenjam, rvm_ruby_file=, WINDOWPATH=2, XDG_SEAT=seat0, SSH_AUTH_SOCK=/run/user/1000/keyring/ssh, EDITOR=vim, HOSTNAME=ancient.bitbin.de, MODULESHOME=/usr/share/Modules, QTDIR=/usr/lib64/qt-3.3, XDG_RUNTIME_DIR=/run/user/1000, XDG_VTNR=2, GUESTFISH_OUTPUT=\e[0m, DBUS_STARTER_BUS_TYPE=session, QTLIB=/usr/lib64/qt-3.3/lib, HOME=/home/stbenjam}}]
21:06:43.366 [main] DEBUG org.springframework.core.io.support.PathMatchingResourcePatternResolver - Resolved classpath location [edu/harvard/h2ms/web/init/] to resources [URL [file:/home/stbenjam/git/h2ms/target/test-classes/edu/harvard/h2ms/web/init/]]
21:06:43.366 [main] DEBUG org.springframework.core.io.support.PathMatchingResourcePatternResolver - Looking for matching resources in directory tree [/home/stbenjam/git/h2ms/target/test-classes/edu/harvard/h2ms/web/init]
21:06:43.366 [main] DEBUG org.springframework.core.io.support.PathMatchingResourcePatternResolver - Searching directory [/home/stbenjam/git/h2ms/target/test-classes/edu/harvard/h2ms/web/init] for files matching pattern [/home/stbenjam/git/h2ms/target/test-classes/edu/harvard/h2ms/web/init/*.class]
21:06:43.367 [main] DEBUG org.springframework.core.io.support.PathMatchingResourcePatternResolver - Resolved location pattern [classpath*:edu/harvard/h2ms/web/init/*.class] to resources [file [/home/stbenjam/git/h2ms/target/test-classes/edu/harvard/h2ms/web/init/H2MSRestAppInitializerTests.class], file [/home/stbenjam/git/h2ms/target/test-classes/edu/harvard/h2ms/web/init/OAuthTest.class]]
21:06:43.368 [main] DEBUG org.springframework.core.io.support.PathMatchingResourcePatternResolver - Resolved classpath location [edu/harvard/h2ms/web/] to resources [URL [file:/home/stbenjam/git/h2ms/target/test-classes/edu/harvard/h2ms/web/], URL [file:/home/stbenjam/git/h2ms/target/classes/edu/harvard/h2ms/web/]]
21:06:43.369 [main] DEBUG org.springframework.core.io.support.PathMatchingResourcePatternResolver - Looking for matching resources in directory tree [/home/stbenjam/git/h2ms/target/test-classes/edu/harvard/h2ms/web]
21:06:43.369 [main] DEBUG org.springframework.core.io.support.PathMatchingResourcePatternResolver - Searching directory [/home/stbenjam/git/h2ms/target/test-classes/edu/harvard/h2ms/web] for files matching pattern [/home/stbenjam/git/h2ms/target/test-classes/edu/harvard/h2ms/web/*.class]
21:06:43.372 [main] DEBUG org.springframework.core.io.support.PathMatchingResourcePatternResolver - Looking for matching resources in directory tree [/home/stbenjam/git/h2ms/target/classes/edu/harvard/h2ms/web]
21:06:43.372 [main] DEBUG org.springframework.core.io.support.PathMatchingResourcePatternResolver - Searching directory [/home/stbenjam/git/h2ms/target/classes/edu/harvard/h2ms/web] for files matching pattern [/home/stbenjam/git/h2ms/target/classes/edu/harvard/h2ms/web/*.class]
21:06:43.373 [main] DEBUG org.springframework.core.io.support.PathMatchingResourcePatternResolver - Resolved location pattern [classpath*:edu/harvard/h2ms/web/*.class] to resources []
21:06:43.373 [main] DEBUG org.springframework.core.io.support.PathMatchingResourcePatternResolver - Resolved classpath location [edu/harvard/h2ms/] to resources [URL [file:/home/stbenjam/git/h2ms/target/test-classes/edu/harvard/h2ms/], URL [file:/home/stbenjam/git/h2ms/target/classes/edu/harvard/h2ms/]]
21:06:43.373 [main] DEBUG org.springframework.core.io.support.PathMatchingResourcePatternResolver - Looking for matching resources in directory tree [/home/stbenjam/git/h2ms/target/test-classes/edu/harvard/h2ms]
21:06:43.373 [main] DEBUG org.springframework.core.io.support.PathMatchingResourcePatternResolver - Searching directory [/home/stbenjam/git/h2ms/target/test-classes/edu/harvard/h2ms] for files matching pattern [/home/stbenjam/git/h2ms/target/test-classes/edu/harvard/h2ms/*.class]
21:06:43.373 [main] DEBUG org.springframework.core.io.support.PathMatchingResourcePatternResolver - Looking for matching resources in directory tree [/home/stbenjam/git/h2ms/target/classes/edu/harvard/h2ms]
21:06:43.374 [main] DEBUG org.springframework.core.io.support.PathMatchingResourcePatternResolver - Searching directory [/home/stbenjam/git/h2ms/target/classes/edu/harvard/h2ms] for files matching pattern [/home/stbenjam/git/h2ms/target/classes/edu/harvard/h2ms/*.class]
21:06:43.374 [main] DEBUG org.springframework.core.io.support.PathMatchingResourcePatternResolver - Resolved location pattern [classpath*:edu/harvard/h2ms/*.class] to resources [file [/home/stbenjam/git/h2ms/target/classes/edu/harvard/h2ms/H2MSRestAppInitializer.class]]
21:06:43.376 [main] DEBUG org.springframework.context.annotation.ClassPathScanningCandidateComponentProvider - Identified candidate component class: file [/home/stbenjam/git/h2ms/target/classes/edu/harvard/h2ms/H2MSRestAppInitializer.class]
21:06:43.376 [main] INFO org.springframework.boot.test.context.SpringBootTestContextBootstrapper - Found @SpringBootConfiguration edu.harvard.h2ms.H2MSRestAppInitializer for test class edu.harvard.h2ms.web.init.OAuthTest
21:06:43.377 [main] DEBUG org.springframework.boot.test.context.SpringBootTestContextBootstrapper - @TestExecutionListeners is not present for class [edu.harvard.h2ms.web.init.OAuthTest]: using defaults.
21:06:43.379 [main] INFO org.springframework.boot.test.context.SpringBootTestContextBootstrapper - Loaded default TestExecutionListener class names from location [META-INF/spring.factories]: [org.springframework.boot.test.mock.mockito.MockitoTestExecutionListener, org.springframework.boot.test.mock.mockito.ResetMocksTestExecutionListener, org.springframework.boot.test.autoconfigure.restdocs.RestDocsTestExecutionListener, org.springframework.boot.test.autoconfigure.web.client.MockRestServiceServerResetTestExecutionListener, org.springframework.boot.test.autoconfigure.web.servlet.MockMvcPrintOnlyOnFailureTestExecutionListener, org.springframework.boot.test.autoconfigure.web.servlet.WebDriverTestExecutionListener, org.springframework.test.context.web.ServletTestExecutionListener, org.springframework.test.context.support.DirtiesContextBeforeModesTestExecutionListener, org.springframework.test.context.support.DependencyInjectionTestExecutionListener, org.springframework.test.context.support.DirtiesContextTestExecutionListener, org.springframework.test.context.transaction.TransactionalTestExecutionListener, org.springframework.test.context.jdbc.SqlScriptsTestExecutionListener, org.springframework.security.test.context.support.WithSecurityContextTestExecutionListener]
21:06:43.381 [main] INFO org.springframework.boot.test.context.SpringBootTestContextBootstrapper - Using TestExecutionListeners: [org.springframework.test.context.web.ServletTestExecutionListener@3012646b, org.springframework.test.context.support.DirtiesContextBeforeModesTestExecutionListener@4a883b15, org.springframework.boot.test.autoconfigure.SpringBootDependencyInjectionTestExecutionListener@25641d39, org.springframework.test.context.support.DirtiesContextTestExecutionListener@7b36aa0c, org.springframework.test.context.transaction.TransactionalTestExecutionListener@5824a83d, org.springframework.test.context.jdbc.SqlScriptsTestExecutionListener@537f60bf, org.springframework.security.test.context.support.WithSecurityContextTestExecutionListener@5677323c, org.springframework.boot.test.mock.mockito.MockitoTestExecutionListener@18df8434, org.springframework.boot.test.mock.mockito.ResetMocksTestExecutionListener@65c7a252, org.springframework.boot.test.autoconfigure.restdocs.RestDocsTestExecutionListener@4d154ccd, org.springframework.boot.test.autoconfigure.web.client.MockRestServiceServerResetTestExecutionListener@229c6181, org.springframework.boot.test.autoconfigure.web.servlet.MockMvcPrintOnlyOnFailureTestExecutionListener@4686afc2, org.springframework.boot.test.autoconfigure.web.servlet.WebDriverTestExecutionListener@1e0b4072]
21:06:43.382 [main] DEBUG org.springframework.test.context.junit4.SpringJUnit4ClassRunner - SpringJUnit4ClassRunner constructor called with [class edu.harvard.h2ms.web.init.H2MSRestAppInitializerTests]
21:06:43.382 [main] DEBUG org.springframework.test.context.BootstrapUtils - Instantiating CacheAwareContextLoaderDelegate from class [org.springframework.test.context.cache.DefaultCacheAwareContextLoaderDelegate]
21:06:43.382 [main] DEBUG org.springframework.test.context.BootstrapUtils - Instantiating BootstrapContext using constructor [public org.springframework.test.context.support.DefaultBootstrapContext(java.lang.Class,org.springframework.test.context.CacheAwareContextLoaderDelegate)]
21:06:43.383 [main] DEBUG org.springframework.test.context.BootstrapUtils - Instantiating TestContextBootstrapper for test class [edu.harvard.h2ms.web.init.H2MSRestAppInitializerTests] from class [org.springframework.boot.test.context.SpringBootTestContextBootstrapper]
21:06:43.383 [main] INFO org.springframework.boot.test.context.SpringBootTestContextBootstrapper - Neither @ContextConfiguration nor @ContextHierarchy found for test class [edu.harvard.h2ms.web.init.H2MSRestAppInitializerTests], using SpringBootContextLoader
21:06:43.384 [main] DEBUG org.springframework.test.context.support.AbstractContextLoader - Did not detect default resource location for test class [edu.harvard.h2ms.web.init.H2MSRestAppInitializerTests]: class path resource [edu/harvard/h2ms/web/init/H2MSRestAppInitializerTests-context.xml] does not exist
21:06:43.384 [main] DEBUG org.springframework.test.context.support.AbstractContextLoader - Did not detect default resource location for test class [edu.harvard.h2ms.web.init.H2MSRestAppInitializerTests]: class path resource [edu/harvard/h2ms/web/init/H2MSRestAppInitializerTestsContext.groovy] does not exist
21:06:43.384 [main] INFO org.springframework.test.context.support.AbstractContextLoader - Could not detect default resource locations for test class [edu.harvard.h2ms.web.init.H2MSRestAppInitializerTests]: no resource found for suffixes {-context.xml, Context.groovy}.
21:06:43.387 [main] INFO org.springframework.test.context.support.AnnotationConfigContextLoaderUtils - Could not detect default configuration classes for test class [edu.harvard.h2ms.web.init.H2MSRestAppInitializerTests]: H2MSRestAppInitializerTests does not declare any static, non-private, non-final, nested classes annotated with @Configuration.
21:06:43.389 [main] DEBUG org.springframework.test.context.support.ActiveProfilesUtils - Could not find an 'annotation declaring class' for annotation type [org.springframework.test.context.ActiveProfiles] and class [edu.harvard.h2ms.web.init.H2MSRestAppInitializerTests]
21:06:43.390 [main] DEBUG org.springframework.core.env.StandardEnvironment - Adding PropertySource 'systemProperties' with lowest search precedence
21:06:43.390 [main] DEBUG org.springframework.core.env.StandardEnvironment - Adding PropertySource 'systemEnvironment' with lowest search precedence
21:06:43.390 [main] DEBUG org.springframework.core.env.StandardEnvironment - Initialized StandardEnvironment with PropertySources [MapPropertySource@42544488 {name='systemProperties', properties={java.runtime.name=OpenJDK Runtime Environment, sun.boot.library.path=/usr/lib/jvm/java-1.8.0-openjdk-1.8.0.161-0.b14.fc27.x86_64/jre/lib/amd64, java.vm.version=25.161-b14, java.vm.vendor=Oracle Corporation, java.vendor.url=http://java.oracle.com/, path.separator=:, java.vm.name=OpenJDK 64-Bit Server VM, file.encoding.pkg=sun.io, user.country=US, sun.java.launcher=SUN_STANDARD, sun.os.patch.level=unknown, java.vm.specification.name=Java Virtual Machine Specification, user.dir=/home/stbenjam/git/h2ms, java.runtime.version=1.8.0_161-b14, basedir=/home/stbenjam/git/h2ms, java.awt.graphicsenv=sun.awt.X11GraphicsEnvironment, java.endorsed.dirs=/usr/lib/jvm/java-1.8.0-openjdk-1.8.0.161-0.b14.fc27.x86_64/jre/lib/endorsed, os.arch=amd64, surefire.real.class.path=/home/stbenjam/git/h2ms/target/surefire/surefirebooter4923085358408019683.jar, java.io.tmpdir=/tmp, line.separator=
, java.vm.specification.vendor=Oracle Corporation, os.name=Linux, sun.jnu.encoding=UTF-8, java.library.path=/usr/java/packages/lib/amd64:/usr/lib64:/lib64:/lib:/usr/lib, surefire.test.class.path=/home/stbenjam/git/h2ms/target/test-classes:/home/stbenjam/git/h2ms/target/classes:/home/stbenjam/.m2/repository/org/springframework/boot/spring-boot-starter-data-rest/1.5.10.RELEASE/spring-boot-starter-data-rest-1.5.10.RELEASE.jar:/home/stbenjam/.m2/repository/org/springframework/boot/spring-boot-starter/1.5.10.RELEASE/spring-boot-starter-1.5.10.RELEASE.jar:/home/stbenjam/.m2/repository/org/springframework/boot/spring-boot/1.5.10.RELEASE/spring-boot-1.5.10.RELEASE.jar:/home/stbenjam/.m2/repository/org/springframework/boot/spring-boot-autoconfigure/1.5.10.RELEASE/spring-boot-autoconfigure-1.5.10.RELEASE.jar:/home/stbenjam/.m2/repository/org/springframework/boot/spring-boot-starter-logging/1.5.10.RELEASE/spring-boot-starter-logging-1.5.10.RELEASE.jar:/home/stbenjam/.m2/repository/ch/qos/logback/logback-classic/1.1.11/logback-classic-1.1.11.jar:/home/stbenjam/.m2/repository/ch/qos/logback/logback-core/1.1.11/logback-core-1.1.11.jar:/home/stbenjam/.m2/repository/org/slf4j/jul-to-slf4j/1.7.25/jul-to-slf4j-1.7.25.jar:/home/stbenjam/.m2/repository/org/slf4j/log4j-over-slf4j/1.7.25/log4j-over-slf4j-1.7.25.jar:/home/stbenjam/.m2/repository/org/yaml/snakeyaml/1.17/snakeyaml-1.17.jar:/home/stbenjam/.m2/repository/com/fasterxml/jackson/core/jackson-annotations/2.8.0/jackson-annotations-2.8.0.jar:/home/stbenjam/.m2/repository/org/springframework/data/spring-data-rest-webmvc/2.6.10.RELEASE/spring-data-rest-webmvc-2.6.10.RELEASE.jar:/home/stbenjam/.m2/repository/org/springframework/data/spring-data-rest-core/2.6.10.RELEASE/spring-data-rest-core-2.6.10.RELEASE.jar:/home/stbenjam/.m2/repository/org/atteo/evo-inflector/1.2.2/evo-inflector-1.2.2.jar:/home/stbenjam/.m2/repository/org/slf4j/jcl-over-slf4j/1.7.25/jcl-over-slf4j-1.7.25.jar:/home/stbenjam/.m2/repository/org/springframework/boot/spring-boot-starter-web/1.5.10.RELEASE/spring-boot-starter-web-1.5.10.RELEASE.jar:/home/stbenjam/.m2/repository/org/springframework/boot/spring-boot-starter-tomcat/1.5.10.RELEASE/spring-boot-starter-tomcat-1.5.10.RELEASE.jar:/home/stbenjam/.m2/repository/org/apache/tomcat/embed/tomcat-embed-core/8.5.27/tomcat-embed-core-8.5.27.jar:/home/stbenjam/.m2/repository/org/apache/tomcat/tomcat-annotations-api/8.5.27/tomcat-annotations-api-8.5.27.jar:/home/stbenjam/.m2/repository/org/apache/tomcat/embed/tomcat-embed-el/8.5.27/tomcat-embed-el-8.5.27.jar:/home/stbenjam/.m2/repository/org/apache/tomcat/embed/tomcat-embed-websocket/8.5.27/tomcat-embed-websocket-8.5.27.jar:/home/stbenjam/.m2/repository/org/hibernate/hibernate-validator/5.3.6.Final/hibernate-validator-5.3.6.Final.jar:/home/stbenjam/.m2/repository/javax/validation/validation-api/1.1.0.Final/validation-api-1.1.0.Final.jar:/home/stbenjam/.m2/repository/org/jboss/logging/jboss-logging/3.3.1.Final/jboss-logging-3.3.1.Final.jar:/home/stbenjam/.m2/repository/org/springframework/spring-web/4.3.14.RELEASE/spring-web-4.3.14.RELEASE.jar:/home/stbenjam/.m2/repository/org/springframework/spring-webmvc/4.3.14.RELEASE/spring-webmvc-4.3.14.RELEASE.jar:/home/stbenjam/.m2/repository/org/springframework/spring-expression/4.3.14.RELEASE/spring-expression-4.3.14.RELEASE.jar:/home/stbenjam/.m2/repository/org/springframework/boot/spring-boot-starter-thymeleaf/1.5.10.RELEASE/spring-boot-starter-thymeleaf-1.5.10.RELEASE.jar:/home/stbenjam/.m2/repository/org/thymeleaf/thymeleaf-spring4/2.1.6.RELEASE/thymeleaf-spring4-2.1.6.RELEASE.jar:/home/stbenjam/.m2/repository/org/thymeleaf/thymeleaf/2.1.6.RELEASE/thymeleaf-2.1.6.RELEASE.jar:/home/stbenjam/.m2/repository/ognl/ognl/3.0.8/ognl-3.0.8.jar:/home/stbenjam/.m2/repository/org/unbescape/unbescape/1.1.0.RELEASE/unbescape-1.1.0.RELEASE.jar:/home/stbenjam/.m2/repository/nz/net/ultraq/thymeleaf/thymeleaf-layout-dialect/1.4.0/thymeleaf-layout-dialect-1.4.0.jar:/home/stbenjam/.m2/repository/org/codehaus/groovy/groovy/2.4.13/groovy-2.4.13.jar:/home/stbenjam/.m2/repository/org/springframework/boot/spring-boot-starter-test/1.5.10.RELEASE/spring-boot-starter-test-1.5.10.RELEASE.jar:/home/stbenjam/.m2/repository/org/springframework/boot/spring-boot-test/1.5.10.RELEASE/spring-boot-test-1.5.10.RELEASE.jar:/home/stbenjam/.m2/repository/org/springframework/boot/spring-boot-test-autoconfigure/1.5.10.RELEASE/spring-boot-test-autoconfigure-1.5.10.RELEASE.jar:/home/stbenjam/.m2/repository/com/jayway/jsonpath/json-path/2.2.0/json-path-2.2.0.jar:/home/stbenjam/.m2/repository/net/minidev/json-smart/2.2.1/json-smart-2.2.1.jar:/home/stbenjam/.m2/repository/net/minidev/accessors-smart/1.1/accessors-smart-1.1.jar:/home/stbenjam/.m2/repository/org/ow2/asm/asm/5.0.3/asm-5.0.3.jar:/home/stbenjam/.m2/repository/junit/junit/4.12/junit-4.12.jar:/home/stbenjam/.m2/repository/org/assertj/assertj-core/2.6.0/assertj-core-2.6.0.jar:/home/stbenjam/.m2/repository/org/mockito/mockito-core/1.10.19/mockito-core-1.10.19.jar:/home/stbenjam/.m2/repository/org/objenesis/objenesis/2.1/objenesis-2.1.jar:/home/stbenjam/.m2/repository/org/hamcrest/hamcrest-core/1.3/hamcrest-core-1.3.jar:/home/stbenjam/.m2/repository/org/hamcrest/hamcrest-library/1.3/hamcrest-library-1.3.jar:/home/stbenjam/.m2/repository/org/skyscreamer/jsonassert/1.4.0/jsonassert-1.4.0.jar:/home/stbenjam/.m2/repository/org/springframework/spring-core/4.3.14.RELEASE/spring-core-4.3.14.RELEASE.jar:/home/stbenjam/.m2/repository/org/springframework/spring-test/4.3.14.RELEASE/spring-test-4.3.14.RELEASE.jar:/home/stbenjam/.m2/repository/org/springframework/restdocs/spring-restdocs-mockmvc/1.1.3.RELEASE/spring-restdocs-mockmvc-1.1.3.RELEASE.jar:/home/stbenjam/.m2/repository/org/springframework/restdocs/spring-restdocs-core/1.1.3.RELEASE/spring-restdocs-core-1.1.3.RELEASE.jar:/home/stbenjam/.m2/repository/javax/servlet/javax.servlet-api/3.1.0/javax.servlet-api-3.1.0.jar:/home/stbenjam/.m2/repository/org/springframework/boot/spring-boot-starter-data-jpa/1.5.10.RELEASE/spring-boot-starter-data-jpa-1.5.10.RELEASE.jar:/home/stbenjam/.m2/repository/org/springframework/boot/spring-boot-starter-aop/1.5.10.RELEASE/spring-boot-starter-aop-1.5.10.RELEASE.jar:/home/stbenjam/.m2/repository/org/aspectj/aspectjweaver/1.8.13/aspectjweaver-1.8.13.jar:/home/stbenjam/.m2/repository/org/springframework/boot/spring-boot-starter-jdbc/1.5.10.RELEASE/spring-boot-starter-jdbc-1.5.10.RELEASE.jar:/home/stbenjam/.m2/repository/org/apache/tomcat/tomcat-jdbc/8.5.27/tomcat-jdbc-8.5.27.jar:/home/stbenjam/.m2/repository/org/apache/tomcat/tomcat-juli/8.5.27/tomcat-juli-8.5.27.jar:/home/stbenjam/.m2/repository/org/springframework/spring-jdbc/4.3.14.RELEASE/spring-jdbc-4.3.14.RELEASE.jar:/home/stbenjam/.m2/repository/org/hibernate/hibernate-core/5.0.12.Final/hibernate-core-5.0.12.Final.jar:/home/stbenjam/.m2/repository/org/hibernate/javax/persistence/hibernate-jpa-2.1-api/1.0.0.Final/hibernate-jpa-2.1-api-1.0.0.Final.jar:/home/stbenjam/.m2/repository/org/javassist/javassist/3.21.0-GA/javassist-3.21.0-GA.jar:/home/stbenjam/.m2/repository/antlr/antlr/2.7.7/antlr-2.7.7.jar:/home/stbenjam/.m2/repository/org/jboss/jandex/2.0.0.Final/jandex-2.0.0.Final.jar:/home/stbenjam/.m2/repository/dom4j/dom4j/1.6.1/dom4j-1.6.1.jar:/home/stbenjam/.m2/repository/org/hibernate/common/hibernate-commons-annotations/5.0.1.Final/hibernate-commons-annotations-5.0.1.Final.jar:/home/stbenjam/.m2/repository/org/hibernate/hibernate-entitymanager/5.0.12.Final/hibernate-entitymanager-5.0.12.Final.jar:/home/stbenjam/.m2/repository/javax/transaction/javax.transaction-api/1.2/javax.transaction-api-1.2.jar:/home/stbenjam/.m2/repository/org/springframework/data/spring-data-jpa/1.11.10.RELEASE/spring-data-jpa-1.11.10.RELEASE.jar:/home/stbenjam/.m2/repository/org/springframework/data/spring-data-commons/1.13.10.RELEASE/spring-data-commons-1.13.10.RELEASE.jar:/home/stbenjam/.m2/repository/org/springframework/spring-orm/4.3.14.RELEASE/spring-orm-4.3.14.RELEASE.jar:/home/stbenjam/.m2/repository/org/springframework/spring-tx/4.3.14.RELEASE/spring-tx-4.3.14.RELEASE.jar:/home/stbenjam/.m2/repository/org/springframework/spring-aspects/4.3.14.RELEASE/spring-aspects-4.3.14.RELEASE.jar:/home/stbenjam/.m2/repository/com/h2database/h2/1.4.196/h2-1.4.196.jar:/home/stbenjam/.m2/repository/org/postgresql/postgresql/9.4-1206-jdbc42/postgresql-9.4-1206-jdbc42.jar:/home/stbenjam/.m2/repository/log4j/log4j/1.2.17/log4j-1.2.17.jar:/home/stbenjam/.m2/repository/com/google/guava/guava/19.0/guava-19.0.jar:/home/stbenjam/.m2/repository/javax/mail/mail/1.4/mail-1.4.jar:/home/stbenjam/.m2/repository/javax/activation/activation/1.1/activation-1.1.jar:/home/stbenjam/.m2/repository/org/springframework/boot/spring-boot-starter-security/1.5.10.RELEASE/spring-boot-starter-security-1.5.10.RELEASE.jar:/home/stbenjam/.m2/repository/org/springframework/spring-aop/4.3.14.RELEASE/spring-aop-4.3.14.RELEASE.jar:/home/stbenjam/.m2/repository/org/springframework/security/spring-security-config/4.2.4.RELEASE/spring-security-config-4.2.4.RELEASE.jar:/home/stbenjam/.m2/repository/org/springframework/security/spring-security-web/4.2.4.RELEASE/spring-security-web-4.2.4.RELEASE.jar:/home/stbenjam/.m2/repository/org/springframework/boot/spring-boot-starter-mail/1.4.3.RELEASE/spring-boot-starter-mail-1.4.3.RELEASE.jar:/home/stbenjam/.m2/repository/org/springframework/spring-context/4.3.14.RELEASE/spring-context-4.3.14.RELEASE.jar:/home/stbenjam/.m2/repository/com/sun/mail/javax.mail/1.5.6/javax.mail-1.5.6.jar:/home/stbenjam/.m2/repository/com/icegreen/greenmail/1.5.5/greenmail-1.5.5.jar:/home/stbenjam/.m2/repository/org/slf4j/slf4j-api/1.7.25/slf4j-api-1.7.25.jar:/home/stbenjam/.m2/repository/org/springframework/security/spring-security-test/4.2.4.RELEASE/spring-security-test-4.2.4.RELEASE.jar:/home/stbenjam/.m2/repository/org/springframework/security/spring-security-core/4.2.4.RELEASE/spring-security-core-4.2.4.RELEASE.jar:/home/stbenjam/.m2/repository/aopalliance/aopalliance/1.0/aopalliance-1.0.jar:/home/stbenjam/.m2/repository/org/springframework/security/oauth/spring-security-oauth2/2.0.14.RELEASE/spring-security-oauth2-2.0.14.RELEASE.jar:/home/stbenjam/.m2/repository/org/springframework/spring-beans/4.3.14.RELEASE/spring-beans-4.3.14.RELEASE.jar:/home/stbenjam/.m2/repository/commons-codec/commons-codec/1.10/commons-codec-1.10.jar:/home/stbenjam/.m2/repository/org/codehaus/jackson/jackson-mapper-asl/1.9.13/jackson-mapper-asl-1.9.13.jar:/home/stbenjam/.m2/repository/org/codehaus/jackson/jackson-core-asl/1.9.13/jackson-core-asl-1.9.13.jar:/home/stbenjam/.m2/repository/io/springfox/springfox-swagger2/2.8.0/springfox-swagger2-2.8.0.jar:/home/stbenjam/.m2/repository/io/swagger/swagger-annotations/1.5.14/swagger-annotations-1.5.14.jar:/home/stbenjam/.m2/repository/io/swagger/swagger-models/1.5.14/swagger-models-1.5.14.jar:/home/stbenjam/.m2/repository/io/springfox/springfox-spi/2.8.0/springfox-spi-2.8.0.jar:/home/stbenjam/.m2/repository/io/springfox/springfox-core/2.8.0/springfox-core-2.8.0.jar:/home/stbenjam/.m2/repository/net/bytebuddy/byte-buddy/1.7.9/byte-buddy-1.7.9.jar:/home/stbenjam/.m2/repository/io/springfox/springfox-schema/2.8.0/springfox-schema-2.8.0.jar:/home/stbenjam/.m2/repository/io/springfox/springfox-swagger-common/2.8.0/springfox-swagger-common-2.8.0.jar:/home/stbenjam/.m2/repository/io/springfox/springfox-spring-web/2.8.0/springfox-spring-web-2.8.0.jar:/home/stbenjam/.m2/repository/org/reflections/reflections/0.9.11/reflections-0.9.11.jar:/home/stbenjam/.m2/repository/com/fasterxml/classmate/1.3.4/classmate-1.3.4.jar:/home/stbenjam/.m2/repository/org/springframework/plugin/spring-plugin-core/1.2.0.RELEASE/spring-plugin-core-1.2.0.RELEASE.jar:/home/stbenjam/.m2/repository/org/springframework/plugin/spring-plugin-metadata/1.2.0.RELEASE/spring-plugin-metadata-1.2.0.RELEASE.jar:/home/stbenjam/.m2/repository/org/mapstruct/mapstruct/1.2.0.Final/mapstruct-1.2.0.Final.jar:/home/stbenjam/.m2/repository/io/springfox/springfox-swagger-ui/2.8.0/springfox-swagger-ui-2.8.0.jar:/home/stbenjam/.m2/repository/io/springfox/springfox-data-rest/2.8.0/springfox-data-rest-2.8.0.jar:/home/stbenjam/.m2/repository/org/springframework/hateoas/spring-hateoas/0.23.0.RELEASE/spring-hateoas-0.23.0.RELEASE.jar:/home/stbenjam/.m2/repository/org/usb4java/usb4java-javax/1.2.0/usb4java-javax-1.2.0.jar:/home/stbenjam/.m2/repository/javax/usb/usb-api/1.0.2/usb-api-1.0.2.jar:/home/stbenjam/.m2/repository/org/apache/commons/commons-lang3/3.2.1/commons-lang3-3.2.1.jar:/home/stbenjam/.m2/repository/org/usb4java/usb4java/1.2.0/usb4java-1.2.0.jar:/home/stbenjam/.m2/repository/org/usb4java/libusb4java/1.2.0/libusb4java-1.2.0-linux-x86.jar:/home/stbenjam/.m2/repository/org/usb4java/libusb4java/1.2.0/libusb4java-1.2.0-linux-x86_64.jar:/home/stbenjam/.m2/repository/org/usb4java/libusb4java/1.2.0/libusb4java-1.2.0-linux-arm.jar:/home/stbenjam/.m2/repository/org/usb4java/libusb4java/1.2.0/libusb4java-1.2.0-windows-x86.jar:/home/stbenjam/.m2/repository/org/usb4java/libusb4java/1.2.0/libusb4java-1.2.0-windows-x86_64.jar:/home/stbenjam/.m2/repository/org/usb4java/libusb4java/1.2.0/libusb4java-1.2.0-osx-x86.jar:/home/stbenjam/.m2/repository/org/usb4java/libusb4java/1.2.0/libusb4java-1.2.0-osx-x86_64.jar:/home/stbenjam/.m2/repository/org/mockito/mockito-all/1.9.5/mockito-all-1.9.5.jar:/home/stbenjam/.m2/repository/com/fasterxml/jackson/core/jackson-databind/2.5.0/jackson-databind-2.5.0.jar:/home/stbenjam/.m2/repository/com/fasterxml/jackson/core/jackson-core/2.8.10/jackson-core-2.8.10.jar:/home/stbenjam/.m2/repository/com/vaadin/external/google/android-json/0.0.20131108.vaadin1/android-json-0.0.20131108.vaadin1.jar:/home/stbenjam/.m2/repository/com/tngtech/java/junit-dataprovider/1.13.1/junit-dataprovider-1.13.1.jar:/home/stbenjam/.m2/repository/org/springframework/spring-context-support/3.2.0.RELEASE/spring-context-support-3.2.0.RELEASE.jar:, java.specification.name=Java Platform API Specification, java.class.version=52.0, sun.management.compiler=HotSpot 64-Bit Tiered Compilers, os.version=4.14.14-300.fc27.x86_64, user.home=/home/stbenjam, user.timezone=America/New_York, java.awt.printerjob=sun.print.PSPrinterJob, file.encoding=UTF-8, java.specification.version=1.8, java.class.path=/home/stbenjam/git/h2ms/target/test-classes:/home/stbenjam/git/h2ms/target/classes:/home/stbenjam/.m2/repository/org/springframework/boot/spring-boot-starter-data-rest/1.5.10.RELEASE/spring-boot-starter-data-rest-1.5.10.RELEASE.jar:/home/stbenjam/.m2/repository/org/springframework/boot/spring-boot-starter/1.5.10.RELEASE/spring-boot-starter-1.5.10.RELEASE.jar:/home/stbenjam/.m2/repository/org/springframework/boot/spring-boot/1.5.10.RELEASE/spring-boot-1.5.10.RELEASE.jar:/home/stbenjam/.m2/repository/org/springframework/boot/spring-boot-autoconfigure/1.5.10.RELEASE/spring-boot-autoconfigure-1.5.10.RELEASE.jar:/home/stbenjam/.m2/repository/org/springframework/boot/spring-boot-starter-logging/1.5.10.RELEASE/spring-boot-starter-logging-1.5.10.RELEASE.jar:/home/stbenjam/.m2/repository/ch/qos/logback/logback-classic/1.1.11/logback-classic-1.1.11.jar:/home/stbenjam/.m2/repository/ch/qos/logback/logback-core/1.1.11/logback-core-1.1.11.jar:/home/stbenjam/.m2/repository/org/slf4j/jul-to-slf4j/1.7.25/jul-to-slf4j-1.7.25.jar:/home/stbenjam/.m2/repository/org/slf4j/log4j-over-slf4j/1.7.25/log4j-over-slf4j-1.7.25.jar:/home/stbenjam/.m2/repository/org/yaml/snakeyaml/1.17/snakeyaml-1.17.jar:/home/stbenjam/.m2/repository/com/fasterxml/jackson/core/jackson-annotations/2.8.0/jackson-annotations-2.8.0.jar:/home/stbenjam/.m2/repository/org/springframework/data/spring-data-rest-webmvc/2.6.10.RELEASE/spring-data-rest-webmvc-2.6.10.RELEASE.jar:/home/stbenjam/.m2/repository/org/springframework/data/spring-data-rest-core/2.6.10.RELEASE/spring-data-rest-core-2.6.10.RELEASE.jar:/home/stbenjam/.m2/repository/org/atteo/evo-inflector/1.2.2/evo-inflector-1.2.2.jar:/home/stbenjam/.m2/repository/org/slf4j/jcl-over-slf4j/1.7.25/jcl-over-slf4j-1.7.25.jar:/home/stbenjam/.m2/repository/org/springframework/boot/spring-boot-starter-web/1.5.10.RELEASE/spring-boot-starter-web-1.5.10.RELEASE.jar:/home/stbenjam/.m2/repository/org/springframework/boot/spring-boot-starter-tomcat/1.5.10.RELEASE/spring-boot-starter-tomcat-1.5.10.RELEASE.jar:/home/stbenjam/.m2/repository/org/apache/tomcat/embed/tomcat-embed-core/8.5.27/tomcat-embed-core-8.5.27.jar:/home/stbenjam/.m2/repository/org/apache/tomcat/tomcat-annotations-api/8.5.27/tomcat-annotations-api-8.5.27.jar:/home/stbenjam/.m2/repository/org/apache/tomcat/embed/tomcat-embed-el/8.5.27/tomcat-embed-el-8.5.27.jar:/home/stbenjam/.m2/repository/org/apache/tomcat/embed/tomcat-embed-websocket/8.5.27/tomcat-embed-websocket-8.5.27.jar:/home/stbenjam/.m2/repository/org/hibernate/hibernate-validator/5.3.6.Final/hibernate-validator-5.3.6.Final.jar:/home/stbenjam/.m2/repository/javax/validation/validation-api/1.1.0.Final/validation-api-1.1.0.Final.jar:/home/stbenjam/.m2/repository/org/jboss/logging/jboss-logging/3.3.1.Final/jboss-logging-3.3.1.Final.jar:/home/stbenjam/.m2/repository/org/springframework/spring-web/4.3.14.RELEASE/spring-web-4.3.14.RELEASE.jar:/home/stbenjam/.m2/repository/org/springframework/spring-webmvc/4.3.14.RELEASE/spring-webmvc-4.3.14.RELEASE.jar:/home/stbenjam/.m2/repository/org/springframework/spring-expression/4.3.14.RELEASE/spring-expression-4.3.14.RELEASE.jar:/home/stbenjam/.m2/repository/org/springframework/boot/spring-boot-starter-thymeleaf/1.5.10.RELEASE/spring-boot-starter-thymeleaf-1.5.10.RELEASE.jar:/home/stbenjam/.m2/repository/org/thymeleaf/thymeleaf-spring4/2.1.6.RELEASE/thymeleaf-spring4-2.1.6.RELEASE.jar:/home/stbenjam/.m2/repository/org/thymeleaf/thymeleaf/2.1.6.RELEASE/thymeleaf-2.1.6.RELEASE.jar:/home/stbenjam/.m2/repository/ognl/ognl/3.0.8/ognl-3.0.8.jar:/home/stbenjam/.m2/repository/org/unbescape/unbescape/1.1.0.RELEASE/unbescape-1.1.0.RELEASE.jar:/home/stbenjam/.m2/repository/nz/net/ultraq/thymeleaf/thymeleaf-layout-dialect/1.4.0/thymeleaf-layout-dialect-1.4.0.jar:/home/stbenjam/.m2/repository/org/codehaus/groovy/groovy/2.4.13/groovy-2.4.13.jar:/home/stbenjam/.m2/repository/org/springframework/boot/spring-boot-starter-test/1.5.10.RELEASE/spring-boot-starter-test-1.5.10.RELEASE.jar:/home/stbenjam/.m2/repository/org/springframework/boot/spring-boot-test/1.5.10.RELEASE/spring-boot-test-1.5.10.RELEASE.jar:/home/stbenjam/.m2/repository/org/springframework/boot/spring-boot-test-autoconfigure/1.5.10.RELEASE/spring-boot-test-autoconfigure-1.5.10.RELEASE.jar:/home/stbenjam/.m2/repository/com/jayway/jsonpath/json-path/2.2.0/json-path-2.2.0.jar:/home/stbenjam/.m2/repository/net/minidev/json-smart/2.2.1/json-smart-2.2.1.jar:/home/stbenjam/.m2/repository/net/minidev/accessors-smart/1.1/accessors-smart-1.1.jar:/home/stbenjam/.m2/repository/org/ow2/asm/asm/5.0.3/asm-5.0.3.jar:/home/stbenjam/.m2/repository/junit/junit/4.12/junit-4.12.jar:/home/stbenjam/.m2/repository/org/assertj/assertj-core/2.6.0/assertj-core-2.6.0.jar:/home/stbenjam/.m2/repository/org/mockito/mockito-core/1.10.19/mockito-core-1.10.19.jar:/home/stbenjam/.m2/repository/org/objenesis/objenesis/2.1/objenesis-2.1.jar:/home/stbenjam/.m2/repository/org/hamcrest/hamcrest-core/1.3/hamcrest-core-1.3.jar:/home/stbenjam/.m2/repository/org/hamcrest/hamcrest-library/1.3/hamcrest-library-1.3.jar:/home/stbenjam/.m2/repository/org/skyscreamer/jsonassert/1.4.0/jsonassert-1.4.0.jar:/home/stbenjam/.m2/repository/org/springframework/spring-core/4.3.14.RELEASE/spring-core-4.3.14.RELEASE.jar:/home/stbenjam/.m2/repository/org/springframework/spring-test/4.3.14.RELEASE/spring-test-4.3.14.RELEASE.jar:/home/stbenjam/.m2/repository/org/springframework/restdocs/spring-restdocs-mockmvc/1.1.3.RELEASE/spring-restdocs-mockmvc-1.1.3.RELEASE.jar:/home/stbenjam/.m2/repository/org/springframework/restdocs/spring-restdocs-core/1.1.3.RELEASE/spring-restdocs-core-1.1.3.RELEASE.jar:/home/stbenjam/.m2/repository/javax/servlet/javax.servlet-api/3.1.0/javax.servlet-api-3.1.0.jar:/home/stbenjam/.m2/repository/org/springframework/boot/spring-boot-starter-data-jpa/1.5.10.RELEASE/spring-boot-starter-data-jpa-1.5.10.RELEASE.jar:/home/stbenjam/.m2/repository/org/springframework/boot/spring-boot-starter-aop/1.5.10.RELEASE/spring-boot-starter-aop-1.5.10.RELEASE.jar:/home/stbenjam/.m2/repository/org/aspectj/aspectjweaver/1.8.13/aspectjweaver-1.8.13.jar:/home/stbenjam/.m2/repository/org/springframework/boot/spring-boot-starter-jdbc/1.5.10.RELEASE/spring-boot-starter-jdbc-1.5.10.RELEASE.jar:/home/stbenjam/.m2/repository/org/apache/tomcat/tomcat-jdbc/8.5.27/tomcat-jdbc-8.5.27.jar:/home/stbenjam/.m2/repository/org/apache/tomcat/tomcat-juli/8.5.27/tomcat-juli-8.5.27.jar:/home/stbenjam/.m2/repository/org/springframework/spring-jdbc/4.3.14.RELEASE/spring-jdbc-4.3.14.RELEASE.jar:/home/stbenjam/.m2/repository/org/hibernate/hibernate-core/5.0.12.Final/hibernate-core-5.0.12.Final.jar:/home/stbenjam/.m2/repository/org/hibernate/javax/persistence/hibernate-jpa-2.1-api/1.0.0.Final/hibernate-jpa-2.1-api-1.0.0.Final.jar:/home/stbenjam/.m2/repository/org/javassist/javassist/3.21.0-GA/javassist-3.21.0-GA.jar:/home/stbenjam/.m2/repository/antlr/antlr/2.7.7/antlr-2.7.7.jar:/home/stbenjam/.m2/repository/org/jboss/jandex/2.0.0.Final/jandex-2.0.0.Final.jar:/home/stbenjam/.m2/repository/dom4j/dom4j/1.6.1/dom4j-1.6.1.jar:/home/stbenjam/.m2/repository/org/hibernate/common/hibernate-commons-annotations/5.0.1.Final/hibernate-commons-annotations-5.0.1.Final.jar:/home/stbenjam/.m2/repository/org/hibernate/hibernate-entitymanager/5.0.12.Final/hibernate-entitymanager-5.0.12.Final.jar:/home/stbenjam/.m2/repository/javax/transaction/javax.transaction-api/1.2/javax.transaction-api-1.2.jar:/home/stbenjam/.m2/repository/org/springframework/data/spring-data-jpa/1.11.10.RELEASE/spring-data-jpa-1.11.10.RELEASE.jar:/home/stbenjam/.m2/repository/org/springframework/data/spring-data-commons/1.13.10.RELEASE/spring-data-commons-1.13.10.RELEASE.jar:/home/stbenjam/.m2/repository/org/springframework/spring-orm/4.3.14.RELEASE/spring-orm-4.3.14.RELEASE.jar:/home/stbenjam/.m2/repository/org/springframework/spring-tx/4.3.14.RELEASE/spring-tx-4.3.14.RELEASE.jar:/home/stbenjam/.m2/repository/org/springframework/spring-aspects/4.3.14.RELEASE/spring-aspects-4.3.14.RELEASE.jar:/home/stbenjam/.m2/repository/com/h2database/h2/1.4.196/h2-1.4.196.jar:/home/stbenjam/.m2/repository/org/postgresql/postgresql/9.4-1206-jdbc42/postgresql-9.4-1206-jdbc42.jar:/home/stbenjam/.m2/repository/log4j/log4j/1.2.17/log4j-1.2.17.jar:/home/stbenjam/.m2/repository/com/google/guava/guava/19.0/guava-19.0.jar:/home/stbenjam/.m2/repository/javax/mail/mail/1.4/mail-1.4.jar:/home/stbenjam/.m2/repository/javax/activation/activation/1.1/activation-1.1.jar:/home/stbenjam/.m2/repository/org/springframework/boot/spring-boot-starter-security/1.5.10.RELEASE/spring-boot-starter-security-1.5.10.RELEASE.jar:/home/stbenjam/.m2/repository/org/springframework/spring-aop/4.3.14.RELEASE/spring-aop-4.3.14.RELEASE.jar:/home/stbenjam/.m2/repository/org/springframework/security/spring-security-config/4.2.4.RELEASE/spring-security-config-4.2.4.RELEASE.jar:/home/stbenjam/.m2/repository/org/springframework/security/spring-security-web/4.2.4.RELEASE/spring-security-web-4.2.4.RELEASE.jar:/home/stbenjam/.m2/repository/org/springframework/boot/spring-boot-starter-mail/1.4.3.RELEASE/spring-boot-starter-mail-1.4.3.RELEASE.jar:/home/stbenjam/.m2/repository/org/springframework/spring-context/4.3.14.RELEASE/spring-context-4.3.14.RELEASE.jar:/home/stbenjam/.m2/repository/com/sun/mail/javax.mail/1.5.6/javax.mail-1.5.6.jar:/home/stbenjam/.m2/repository/com/icegreen/greenmail/1.5.5/greenmail-1.5.5.jar:/home/stbenjam/.m2/repository/org/slf4j/slf4j-api/1.7.25/slf4j-api-1.7.25.jar:/home/stbenjam/.m2/repository/org/springframework/security/spring-security-test/4.2.4.RELEASE/spring-security-test-4.2.4.RELEASE.jar:/home/stbenjam/.m2/repository/org/springframework/security/spring-security-core/4.2.4.RELEASE/spring-security-core-4.2.4.RELEASE.jar:/home/stbenjam/.m2/repository/aopalliance/aopalliance/1.0/aopalliance-1.0.jar:/home/stbenjam/.m2/repository/org/springframework/security/oauth/spring-security-oauth2/2.0.14.RELEASE/spring-security-oauth2-2.0.14.RELEASE.jar:/home/stbenjam/.m2/repository/org/springframework/spring-beans/4.3.14.RELEASE/spring-beans-4.3.14.RELEASE.jar:/home/stbenjam/.m2/repository/commons-codec/commons-codec/1.10/commons-codec-1.10.jar:/home/stbenjam/.m2/repository/org/codehaus/jackson/jackson-mapper-asl/1.9.13/jackson-mapper-asl-1.9.13.jar:/home/stbenjam/.m2/repository/org/codehaus/jackson/jackson-core-asl/1.9.13/jackson-core-asl-1.9.13.jar:/home/stbenjam/.m2/repository/io/springfox/springfox-swagger2/2.8.0/springfox-swagger2-2.8.0.jar:/home/stbenjam/.m2/repository/io/swagger/swagger-annotations/1.5.14/swagger-annotations-1.5.14.jar:/home/stbenjam/.m2/repository/io/swagger/swagger-models/1.5.14/swagger-models-1.5.14.jar:/home/stbenjam/.m2/repository/io/springfox/springfox-spi/2.8.0/springfox-spi-2.8.0.jar:/home/stbenjam/.m2/repository/io/springfox/springfox-core/2.8.0/springfox-core-2.8.0.jar:/home/stbenjam/.m2/repository/net/bytebuddy/byte-buddy/1.7.9/byte-buddy-1.7.9.jar:/home/stbenjam/.m2/repository/io/springfox/springfox-schema/2.8.0/springfox-schema-2.8.0.jar:/home/stbenjam/.m2/repository/io/springfox/springfox-swagger-common/2.8.0/springfox-swagger-common-2.8.0.jar:/home/stbenjam/.m2/repository/io/springfox/springfox-spring-web/2.8.0/springfox-spring-web-2.8.0.jar:/home/stbenjam/.m2/repository/org/reflections/reflections/0.9.11/reflections-0.9.11.jar:/home/stbenjam/.m2/repository/com/fasterxml/classmate/1.3.4/classmate-1.3.4.jar:/home/stbenjam/.m2/repository/org/springframework/plugin/spring-plugin-core/1.2.0.RELEASE/spring-plugin-core-1.2.0.RELEASE.jar:/home/stbenjam/.m2/repository/org/springframework/plugin/spring-plugin-metadata/1.2.0.RELEASE/spring-plugin-metadata-1.2.0.RELEASE.jar:/home/stbenjam/.m2/repository/org/mapstruct/mapstruct/1.2.0.Final/mapstruct-1.2.0.Final.jar:/home/stbenjam/.m2/repository/io/springfox/springfox-swagger-ui/2.8.0/springfox-swagger-ui-2.8.0.jar:/home/stbenjam/.m2/repository/io/springfox/springfox-data-rest/2.8.0/springfox-data-rest-2.8.0.jar:/home/stbenjam/.m2/repository/org/springframework/hateoas/spring-hateoas/0.23.0.RELEASE/spring-hateoas-0.23.0.RELEASE.jar:/home/stbenjam/.m2/repository/org/usb4java/usb4java-javax/1.2.0/usb4java-javax-1.2.0.jar:/home/stbenjam/.m2/repository/javax/usb/usb-api/1.0.2/usb-api-1.0.2.jar:/home/stbenjam/.m2/repository/org/apache/commons/commons-lang3/3.2.1/commons-lang3-3.2.1.jar:/home/stbenjam/.m2/repository/org/usb4java/usb4java/1.2.0/usb4java-1.2.0.jar:/home/stbenjam/.m2/repository/org/usb4java/libusb4java/1.2.0/libusb4java-1.2.0-linux-x86.jar:/home/stbenjam/.m2/repository/org/usb4java/libusb4java/1.2.0/libusb4java-1.2.0-linux-x86_64.jar:/home/stbenjam/.m2/repository/org/usb4java/libusb4java/1.2.0/libusb4java-1.2.0-linux-arm.jar:/home/stbenjam/.m2/repository/org/usb4java/libusb4java/1.2.0/libusb4java-1.2.0-windows-x86.jar:/home/stbenjam/.m2/repository/org/usb4java/libusb4java/1.2.0/libusb4java-1.2.0-windows-x86_64.jar:/home/stbenjam/.m2/repository/org/usb4java/libusb4java/1.2.0/libusb4java-1.2.0-osx-x86.jar:/home/stbenjam/.m2/repository/org/usb4java/libusb4java/1.2.0/libusb4java-1.2.0-osx-x86_64.jar:/home/stbenjam/.m2/repository/org/mockito/mockito-all/1.9.5/mockito-all-1.9.5.jar:/home/stbenjam/.m2/repository/com/fasterxml/jackson/core/jackson-databind/2.5.0/jackson-databind-2.5.0.jar:/home/stbenjam/.m2/repository/com/fasterxml/jackson/core/jackson-core/2.8.10/jackson-core-2.8.10.jar:/home/stbenjam/.m2/repository/com/vaadin/external/google/android-json/0.0.20131108.vaadin1/android-json-0.0.20131108.vaadin1.jar:/home/stbenjam/.m2/repository/com/tngtech/java/junit-dataprovider/1.13.1/junit-dataprovider-1.13.1.jar:/home/stbenjam/.m2/repository/org/springframework/spring-context-support/3.2.0.RELEASE/spring-context-support-3.2.0.RELEASE.jar:, user.name=stbenjam, java.vm.specification.version=1.8, sun.java.command=/home/stbenjam/git/h2ms/target/surefire/surefirebooter4923085358408019683.jar /home/stbenjam/git/h2ms/target/surefire/surefire6384590864609753023tmp /home/stbenjam/git/h2ms/target/surefire/surefire_07365849549389595586tmp, java.home=/usr/lib/jvm/java-1.8.0-openjdk-1.8.0.161-0.b14.fc27.x86_64/jre, sun.arch.data.model=64, user.language=en, java.specification.vendor=Oracle Corporation, awt.toolkit=sun.awt.X11.XToolkit, java.vm.info=mixed mode, java.version=1.8.0_161, java.ext.dirs=/usr/lib/jvm/java-1.8.0-openjdk-1.8.0.161-0.b14.fc27.x86_64/jre/lib/ext:/usr/java/packages/lib/ext, sun.boot.class.path=/usr/lib/jvm/java-1.8.0-openjdk-1.8.0.161-0.b14.fc27.x86_64/jre/lib/resources.jar:/usr/lib/jvm/java-1.8.0-openjdk-1.8.0.161-0.b14.fc27.x86_64/jre/lib/rt.jar:/usr/lib/jvm/java-1.8.0-openjdk-1.8.0.161-0.b14.fc27.x86_64/jre/lib/sunrsasign.jar:/usr/lib/jvm/java-1.8.0-openjdk-1.8.0.161-0.b14.fc27.x86_64/jre/lib/jsse.jar:/usr/lib/jvm/java-1.8.0-openjdk-1.8.0.161-0.b14.fc27.x86_64/jre/lib/jce.jar:/usr/lib/jvm/java-1.8.0-openjdk-1.8.0.161-0.b14.fc27.x86_64/jre/lib/charsets.jar:/usr/lib/jvm/java-1.8.0-openjdk-1.8.0.161-0.b14.fc27.x86_64/jre/lib/jfr.jar:/usr/lib/jvm/java-1.8.0-openjdk-1.8.0.161-0.b14.fc27.x86_64/jre/classes, java.vendor=Oracle Corporation, localRepository=/home/stbenjam/.m2/repository, file.separator=/, java.vendor.url.bug=http://bugreport.sun.com/bugreport/, sun.io.unicode.encoding=UnicodeLittle, sun.cpu.endian=little, sun.desktop=gnome, sun.cpu.isalist=}}, SystemEnvironmentPropertySource@1522095831 {name='systemEnvironment', properties={IRBRC=/home/stbenjam/.rvm/rubies/ruby-2.3.3/.irbrc, PATH=/home/stbenjam/.rvm/gems/ruby-2.3.3/bin:/home/stbenjam/.rvm/gems/ruby-2.3.3@global/bin:/home/stbenjam/.rvm/rubies/ruby-2.3.3/bin:/usr/local/bin:/usr/bin:/bin:/usr/local/sbin:/usr/sbin:/home/stbenjam/.local/bin:/home/stbenjam/bin:/home/stbenjam/.rvm/bin, rvm_silent_flag=, HISTCONTROL=ignoredups, XMODIFIERS=@im=ibus, GDMSESSION=gnome-xorg, rvm_quiet_flag=, GUESTFISH_RESTORE=\e[0m, DBUS_SESSION_BUS_ADDRESS=unix:path=/run/user/1000/bus,guid=0ff0c73f492cc1dc3846ae835aac7cd0, COLORTERM=truecolor, rvm_ruby_make_install=, rvm_niceness=, SESSION_MANAGER=local/unix:@/tmp/.ICE-unix/1818,unix/unix:/tmp/.ICE-unix/1818, USERNAME=stbenjam, rvm_version=1.29.1 (latest), PWD=/home/stbenjam/git/h2ms, MANAGERPID=1759, LESSOPEN=||/usr/bin/lesspipe.sh %s, PAGER=less, QTINC=/usr/lib64/qt-3.3/include, rvm_hook=, rvm_wrapper_name=, MY_RUBY_HOME=/home/stbenjam/.rvm/rubies/ruby-2.3.3, rvm_nightly_flag=, ZSH=/home/stbenjam/.oh-my-zsh, rvm_path=/home/stbenjam/.rvm, GUESTFISH_INIT=\e[1;34m, GNOME_DESKTOP_SESSION_ID=this-is-deprecated, SYSTEMD_NSS_BYPASS_BUS=1, DBUS_STARTER_ADDRESS=unix:path=/run/user/1000/bus,guid=0ff0c73f492cc1dc3846ae835aac7cd0, LC_CTYPE=en_US.UTF-8, SHLVL=2, LOADEDMODULES=, HISTSIZE=10000, JAVA_HOME=/usr/lib/jvm/java-1.8.0-openjdk-1.8.0.161-0.b14.fc27.x86_64, TERM=xterm-256color, XDG_SESSION_ID=2, rvm_script_name=, rvm_ruby_make=, rvm_docs_type=, _=/usr/lib/jvm/java-1.8.0-openjdk-1.8.0.161-0.b14.fc27.x86_64/jre/bin/java, MAVEN_PROJECTBASEDIR=/home/stbenjam/git/h2ms, DESKTOP_SESSION=gnome-xorg, XDG_MENU_PREFIX=gnome-, VTE_VERSION=5002, rvm_alias_expanded=, rvm_ruby_bits=, GEM_PATH=/home/stbenjam/.rvm/gems/ruby-2.3.3:/home/stbenjam/.rvm/gems/ruby-2.3.3@global, TILIX_ID=df6230d2-2679-42ab-bd7f-667d05988153, XAUTHORITY=/run/user/1000/gdm/Xauthority, INVOCATION_ID=2a8a59bd24d3424f8a519125eeaea755, XDG_DATA_DIRS=/home/stbenjam/.local/share/flatpak/exports/share/:/var/lib/flatpak/exports/share/:/usr/local/share/:/usr/share/, MODULEPATH=/etc/scl/modulefiles:/etc/scl/modulefiles:/usr/share/Modules/modulefiles:/etc/modulefiles:/usr/share/modulefiles, rvm_bin_flag=, VAGRANT_DEFAULT_PROVIDER=libvirt, XDG_CURRENT_DESKTOP=GNOME, JOURNAL_STREAM=9:35277, MAIL=/var/spool/mail/stbenjam, rvm_ruby_mode=, LOGNAME=stbenjam, rvm_proxy=, SHELL=/bin/zsh, rvm_sdk=, OLDPWD=/home/stbenjam/git/h2ms, GEM_HOME=/home/stbenjam/.rvm/gems/ruby-2.3.3, rvm_use_flag=, GIT=/bin/git, RUBY_VERSION=ruby-2.3.3, _system_name=Fedora, LESS=-R, XDG_SESSION_DESKTOP=gnome-xorg, LS_COLORS=rs=0:di=38;5;33:ln=38;5;51:mh=00:pi=40;38;5;11:so=38;5;13:do=38;5;5:bd=48;5;232;38;5;11:cd=48;5;232;38;5;3:or=48;5;232;38;5;9:mi=01;05;37;41:su=48;5;196;38;5;15:sg=48;5;11;38;5;16:ca=48;5;196;38;5;226:tw=48;5;10;38;5;16:ow=48;5;10;38;5;21:st=48;5;21;38;5;15:ex=38;5;40:*.tar=38;5;9:*.tgz=38;5;9:*.arc=38;5;9:*.arj=38;5;9:*.taz=38;5;9:*.lha=38;5;9:*.lz4=38;5;9:*.lzh=38;5;9:*.lzma=38;5;9:*.tlz=38;5;9:*.txz=38;5;9:*.tzo=38;5;9:*.t7z=38;5;9:*.zip=38;5;9:*.z=38;5;9:*.Z=38;5;9:*.dz=38;5;9:*.gz=38;5;9:*.lrz=38;5;9:*.lz=38;5;9:*.lzo=38;5;9:*.xz=38;5;9:*.zst=38;5;9:*.tzst=38;5;9:*.bz2=38;5;9:*.bz=38;5;9:*.tbz=38;5;9:*.tbz2=38;5;9:*.tz=38;5;9:*.deb=38;5;9:*.rpm=38;5;9:*.jar=38;5;9:*.war=38;5;9:*.ear=38;5;9:*.sar=38;5;9:*.rar=38;5;9:*.alz=38;5;9:*.ace=38;5;9:*.zoo=38;5;9:*.cpio=38;5;9:*.7z=38;5;9:*.rz=38;5;9:*.cab=38;5;9:*.wim=38;5;9:*.swm=38;5;9:*.dwm=38;5;9:*.esd=38;5;9:*.jpg=38;5;13:*.jpeg=38;5;13:*.mjpg=38;5;13:*.mjpeg=38;5;13:*.gif=38;5;13:*.bmp=38;5;13:*.pbm=38;5;13:*.pgm=38;5;13:*.ppm=38;5;13:*.tga=38;5;13:*.xbm=38;5;13:*.xpm=38;5;13:*.tif=38;5;13:*.tiff=38;5;13:*.png=38;5;13:*.svg=38;5;13:*.svgz=38;5;13:*.mng=38;5;13:*.pcx=38;5;13:*.mov=38;5;13:*.mpg=38;5;13:*.mpeg=38;5;13:*.m2v=38;5;13:*.mkv=38;5;13:*.webm=38;5;13:*.ogm=38;5;13:*.mp4=38;5;13:*.m4v=38;5;13:*.mp4v=38;5;13:*.vob=38;5;13:*.qt=38;5;13:*.nuv=38;5;13:*.wmv=38;5;13:*.asf=38;5;13:*.rm=38;5;13:*.rmvb=38;5;13:*.flc=38;5;13:*.avi=38;5;13:*.fli=38;5;13:*.flv=38;5;13:*.gl=38;5;13:*.dl=38;5;13:*.xcf=38;5;13:*.xwd=38;5;13:*.yuv=38;5;13:*.cgm=38;5;13:*.emf=38;5;13:*.ogv=38;5;13:*.ogx=38;5;13:*.aac=38;5;45:*.au=38;5;45:*.flac=38;5;45:*.m4a=38;5;45:*.mid=38;5;45:*.midi=38;5;45:*.mka=38;5;45:*.mp3=38;5;45:*.mpc=38;5;45:*.ogg=38;5;45:*.ra=38;5;45:*.wav=38;5;45:*.oga=38;5;45:*.opus=38;5;45:*.spx=38;5;45:*.xspf=38;5;45:, rvm_gemstone_package_file=, _system_arch=x86_64, rvm_bin_path=/home/stbenjam/.rvm/bin, QT_IM_MODULE=ibus, rvm_only_path_flag=, rvm_prefix=/home/stbenjam, LANG=en_US.UTF-8, XDG_SESSION_TYPE=x11, DISPLAY=:0, rvm_gemstone_url=, GDM_LANG=en_US.UTF-8, GUESTFISH_PS1=\[\e[1;32m\]><fs>\[\e[0;31m\] , LSCOLORS=Gxfxcxdxbxegedabagacad, _system_type=Linux, _system_version=27, GPG_TTY=/dev/pts/1, USER=stbenjam, rvm_ruby_file=, WINDOWPATH=2, XDG_SEAT=seat0, SSH_AUTH_SOCK=/run/user/1000/keyring/ssh, EDITOR=vim, HOSTNAME=ancient.bitbin.de, MODULESHOME=/usr/share/Modules, QTDIR=/usr/lib64/qt-3.3, XDG_RUNTIME_DIR=/run/user/1000, XDG_VTNR=2, GUESTFISH_OUTPUT=\e[0m, DBUS_STARTER_BUS_TYPE=session, QTLIB=/usr/lib64/qt-3.3/lib, HOME=/home/stbenjam}}]
21:06:43.390 [main] INFO org.springframework.boot.test.context.SpringBootTestContextBootstrapper - Found @SpringBootConfiguration edu.harvard.h2ms.H2MSRestAppInitializer for test class edu.harvard.h2ms.web.init.H2MSRestAppInitializerTests
21:06:43.391 [main] DEBUG org.springframework.boot.test.context.SpringBootTestContextBootstrapper - @TestExecutionListeners is not present for class [edu.harvard.h2ms.web.init.H2MSRestAppInitializerTests]: using defaults.
21:06:43.392 [main] INFO org.springframework.boot.test.context.SpringBootTestContextBootstrapper - Loaded default TestExecutionListener class names from location [META-INF/spring.factories]: [org.springframework.boot.test.mock.mockito.MockitoTestExecutionListener, org.springframework.boot.test.mock.mockito.ResetMocksTestExecutionListener, org.springframework.boot.test.autoconfigure.restdocs.RestDocsTestExecutionListener, org.springframework.boot.test.autoconfigure.web.client.MockRestServiceServerResetTestExecutionListener, org.springframework.boot.test.autoconfigure.web.servlet.MockMvcPrintOnlyOnFailureTestExecutionListener, org.springframework.boot.test.autoconfigure.web.servlet.WebDriverTestExecutionListener, org.springframework.test.context.web.ServletTestExecutionListener, org.springframework.test.context.support.DirtiesContextBeforeModesTestExecutionListener, org.springframework.test.context.support.DependencyInjectionTestExecutionListener, org.springframework.test.context.support.DirtiesContextTestExecutionListener, org.springframework.test.context.transaction.TransactionalTestExecutionListener, org.springframework.test.context.jdbc.SqlScriptsTestExecutionListener, org.springframework.security.test.context.support.WithSecurityContextTestExecutionListener]
21:06:43.394 [main] INFO org.springframework.boot.test.context.SpringBootTestContextBootstrapper - Using TestExecutionListeners: [org.springframework.test.context.web.ServletTestExecutionListener@7ef82753, org.springframework.test.context.support.DirtiesContextBeforeModesTestExecutionListener@3b0fe47a, org.springframework.boot.test.autoconfigure.SpringBootDependencyInjectionTestExecutionListener@202b0582, org.springframework.test.context.support.DirtiesContextTestExecutionListener@235ecd9f, org.springframework.test.context.transaction.TransactionalTestExecutionListener@1ca3b418, org.springframework.test.context.jdbc.SqlScriptsTestExecutionListener@58cbafc2, org.springframework.security.test.context.support.WithSecurityContextTestExecutionListener@2034b64c, org.springframework.boot.test.mock.mockito.MockitoTestExecutionListener@75d3a5e0, org.springframework.boot.test.mock.mockito.ResetMocksTestExecutionListener@74d1dc36, org.springframework.boot.test.autoconfigure.restdocs.RestDocsTestExecutionListener@7161d8d1, org.springframework.boot.test.autoconfigure.web.client.MockRestServiceServerResetTestExecutionListener@74e28667, org.springframework.boot.test.autoconfigure.web.servlet.MockMvcPrintOnlyOnFailureTestExecutionListener@1cf6d1be, org.springframework.boot.test.autoconfigure.web.servlet.WebDriverTestExecutionListener@663c9e7a]
21:06:43.422 [main] DEBUG org.springframework.test.annotation.ProfileValueUtils - Retrieved @ProfileValueSourceConfiguration [null] for test class [edu.harvard.h2ms.service.LocationServiceTests]
21:06:43.422 [main] DEBUG org.springframework.test.annotation.ProfileValueUtils - Retrieved ProfileValueSource type [class org.springframework.test.annotation.SystemProfileValueSource] for class [edu.harvard.h2ms.service.LocationServiceTests]
21:06:43.423 [main] DEBUG org.springframework.test.annotation.ProfileValueUtils - Retrieved @ProfileValueSourceConfiguration [null] for test class [edu.harvard.h2ms.service.UserDetailsServiceTest]
21:06:43.423 [main] DEBUG org.springframework.test.annotation.ProfileValueUtils - Retrieved ProfileValueSource type [class org.springframework.test.annotation.SystemProfileValueSource] for class [edu.harvard.h2ms.service.UserDetailsServiceTest]
21:06:43.423 [main] DEBUG org.springframework.test.annotation.ProfileValueUtils - Retrieved @ProfileValueSourceConfiguration [null] for test class [edu.harvard.h2ms.domain.core.UserTest]
21:06:43.423 [main] DEBUG org.springframework.test.annotation.ProfileValueUtils - Retrieved ProfileValueSource type [class org.springframework.test.annotation.SystemProfileValueSource] for class [edu.harvard.h2ms.domain.core.UserTest]
21:06:43.423 [main] DEBUG org.springframework.test.annotation.ProfileValueUtils - Retrieved @ProfileValueSourceConfiguration [null] for test class [edu.harvard.h2ms.controllers.EventControllerTests]
21:06:43.423 [main] DEBUG org.springframework.test.annotation.ProfileValueUtils - Retrieved ProfileValueSource type [class org.springframework.test.annotation.SystemProfileValueSource] for class [edu.harvard.h2ms.controllers.EventControllerTests]
21:06:43.424 [main] DEBUG org.springframework.test.annotation.ProfileValueUtils - Retrieved @ProfileValueSourceConfiguration [null] for test class [edu.harvard.h2ms.controllers.UserControllerTests]
21:06:43.424 [main] DEBUG org.springframework.test.annotation.ProfileValueUtils - Retrieved ProfileValueSource type [class org.springframework.test.annotation.SystemProfileValueSource] for class [edu.harvard.h2ms.controllers.UserControllerTests]
21:06:43.424 [main] DEBUG org.springframework.test.annotation.ProfileValueUtils - Retrieved @ProfileValueSourceConfiguration [null] for test class [edu.harvard.h2ms.controllers.LocationControllerTests]
21:06:43.424 [main] DEBUG org.springframework.test.annotation.ProfileValueUtils - Retrieved ProfileValueSource type [class org.springframework.test.annotation.SystemProfileValueSource] for class [edu.harvard.h2ms.controllers.LocationControllerTests]
21:06:43.424 [main] DEBUG org.springframework.test.annotation.ProfileValueUtils - Retrieved @ProfileValueSourceConfiguration [null] for test class [edu.harvard.h2ms.web.init.OAuthTest]
21:06:43.424 [main] DEBUG org.springframework.test.annotation.ProfileValueUtils - Retrieved ProfileValueSource type [class org.springframework.test.annotation.SystemProfileValueSource] for class [edu.harvard.h2ms.web.init.OAuthTest]
21:06:43.424 [main] DEBUG org.springframework.test.annotation.ProfileValueUtils - Retrieved @ProfileValueSourceConfiguration [null] for test class [edu.harvard.h2ms.web.init.H2MSRestAppInitializerTests]
21:06:43.424 [main] DEBUG org.springframework.test.annotation.ProfileValueUtils - Retrieved ProfileValueSource type [class org.springframework.test.annotation.SystemProfileValueSource] for class [edu.harvard.h2ms.web.init.H2MSRestAppInitializerTests]
Running edu.harvard.h2ms.service.LocationServiceTests
21:06:43.468 [main] DEBUG org.springframework.test.context.junit4.SpringJUnit4ClassRunner - SpringJUnit4ClassRunner constructor called with [class edu.harvard.h2ms.service.LocationServiceTests]
21:06:43.469 [main] DEBUG org.springframework.test.context.BootstrapUtils - Instantiating CacheAwareContextLoaderDelegate from class [org.springframework.test.context.cache.DefaultCacheAwareContextLoaderDelegate]
21:06:43.470 [main] DEBUG org.springframework.test.context.BootstrapUtils - Instantiating BootstrapContext using constructor [public org.springframework.test.context.support.DefaultBootstrapContext(java.lang.Class,org.springframework.test.context.CacheAwareContextLoaderDelegate)]
21:06:43.472 [main] DEBUG org.springframework.test.context.BootstrapUtils - Instantiating TestContextBootstrapper for test class [edu.harvard.h2ms.service.LocationServiceTests] from class [org.springframework.boot.test.context.SpringBootTestContextBootstrapper]
21:06:43.476 [main] INFO org.springframework.boot.test.context.SpringBootTestContextBootstrapper - Neither @ContextConfiguration nor @ContextHierarchy found for test class [edu.harvard.h2ms.service.LocationServiceTests], using SpringBootContextLoader
21:06:43.479 [main] DEBUG org.springframework.test.context.support.AbstractContextLoader - Did not detect default resource location for test class [edu.harvard.h2ms.service.LocationServiceTests]: class path resource [edu/harvard/h2ms/service/LocationServiceTests-context.xml] does not exist
21:06:43.479 [main] DEBUG org.springframework.test.context.support.AbstractContextLoader - Did not detect default resource location for test class [edu.harvard.h2ms.service.LocationServiceTests]: class path resource [edu/harvard/h2ms/service/LocationServiceTestsContext.groovy] does not exist
21:06:43.479 [main] INFO org.springframework.test.context.support.AbstractContextLoader - Could not detect default resource locations for test class [edu.harvard.h2ms.service.LocationServiceTests]: no resource found for suffixes {-context.xml, Context.groovy}.
21:06:43.480 [main] INFO org.springframework.test.context.support.AnnotationConfigContextLoaderUtils - Could not detect default configuration classes for test class [edu.harvard.h2ms.service.LocationServiceTests]: LocationServiceTests does not declare any static, non-private, non-final, nested classes annotated with @Configuration.
21:06:43.508 [main] DEBUG org.springframework.test.context.support.ActiveProfilesUtils - Could not find an 'annotation declaring class' for annotation type [org.springframework.test.context.ActiveProfiles] and class [edu.harvard.h2ms.service.LocationServiceTests]
21:06:43.508 [main] DEBUG org.springframework.core.env.StandardEnvironment - Adding PropertySource 'systemProperties' with lowest search precedence
21:06:43.508 [main] DEBUG org.springframework.core.env.StandardEnvironment - Adding PropertySource 'systemEnvironment' with lowest search precedence
21:06:43.508 [main] DEBUG org.springframework.core.env.StandardEnvironment - Initialized StandardEnvironment with PropertySources [MapPropertySource@884860061 {name='systemProperties', properties={java.runtime.name=OpenJDK Runtime Environment, sun.boot.library.path=/usr/lib/jvm/java-1.8.0-openjdk-1.8.0.161-0.b14.fc27.x86_64/jre/lib/amd64, java.vm.version=25.161-b14, java.vm.vendor=Oracle Corporation, java.vendor.url=http://java.oracle.com/, path.separator=:, java.vm.name=OpenJDK 64-Bit Server VM, file.encoding.pkg=sun.io, user.country=US, sun.java.launcher=SUN_STANDARD, sun.os.patch.level=unknown, java.vm.specification.name=Java Virtual Machine Specification, user.dir=/home/stbenjam/git/h2ms, java.runtime.version=1.8.0_161-b14, basedir=/home/stbenjam/git/h2ms, java.awt.graphicsenv=sun.awt.X11GraphicsEnvironment, java.endorsed.dirs=/usr/lib/jvm/java-1.8.0-openjdk-1.8.0.161-0.b14.fc27.x86_64/jre/lib/endorsed, os.arch=amd64, surefire.real.class.path=/home/stbenjam/git/h2ms/target/surefire/surefirebooter4923085358408019683.jar, java.io.tmpdir=/tmp, line.separator=
, java.vm.specification.vendor=Oracle Corporation, os.name=Linux, sun.jnu.encoding=UTF-8, java.library.path=/usr/java/packages/lib/amd64:/usr/lib64:/lib64:/lib:/usr/lib, surefire.test.class.path=/home/stbenjam/git/h2ms/target/test-classes:/home/stbenjam/git/h2ms/target/classes:/home/stbenjam/.m2/repository/org/springframework/boot/spring-boot-starter-data-rest/1.5.10.RELEASE/spring-boot-starter-data-rest-1.5.10.RELEASE.jar:/home/stbenjam/.m2/repository/org/springframework/boot/spring-boot-starter/1.5.10.RELEASE/spring-boot-starter-1.5.10.RELEASE.jar:/home/stbenjam/.m2/repository/org/springframework/boot/spring-boot/1.5.10.RELEASE/spring-boot-1.5.10.RELEASE.jar:/home/stbenjam/.m2/repository/org/springframework/boot/spring-boot-autoconfigure/1.5.10.RELEASE/spring-boot-autoconfigure-1.5.10.RELEASE.jar:/home/stbenjam/.m2/repository/org/springframework/boot/spring-boot-starter-logging/1.5.10.RELEASE/spring-boot-starter-logging-1.5.10.RELEASE.jar:/home/stbenjam/.m2/repository/ch/qos/logback/logback-classic/1.1.11/logback-classic-1.1.11.jar:/home/stbenjam/.m2/repository/ch/qos/logback/logback-core/1.1.11/logback-core-1.1.11.jar:/home/stbenjam/.m2/repository/org/slf4j/jul-to-slf4j/1.7.25/jul-to-slf4j-1.7.25.jar:/home/stbenjam/.m2/repository/org/slf4j/log4j-over-slf4j/1.7.25/log4j-over-slf4j-1.7.25.jar:/home/stbenjam/.m2/repository/org/yaml/snakeyaml/1.17/snakeyaml-1.17.jar:/home/stbenjam/.m2/repository/com/fasterxml/jackson/core/jackson-annotations/2.8.0/jackson-annotations-2.8.0.jar:/home/stbenjam/.m2/repository/org/springframework/data/spring-data-rest-webmvc/2.6.10.RELEASE/spring-data-rest-webmvc-2.6.10.RELEASE.jar:/home/stbenjam/.m2/repository/org/springframework/data/spring-data-rest-core/2.6.10.RELEASE/spring-data-rest-core-2.6.10.RELEASE.jar:/home/stbenjam/.m2/repository/org/atteo/evo-inflector/1.2.2/evo-inflector-1.2.2.jar:/home/stbenjam/.m2/repository/org/slf4j/jcl-over-slf4j/1.7.25/jcl-over-slf4j-1.7.25.jar:/home/stbenjam/.m2/repository/org/springframework/boot/spring-boot-starter-web/1.5.10.RELEASE/spring-boot-starter-web-1.5.10.RELEASE.jar:/home/stbenjam/.m2/repository/org/springframework/boot/spring-boot-starter-tomcat/1.5.10.RELEASE/spring-boot-starter-tomcat-1.5.10.RELEASE.jar:/home/stbenjam/.m2/repository/org/apache/tomcat/embed/tomcat-embed-core/8.5.27/tomcat-embed-core-8.5.27.jar:/home/stbenjam/.m2/repository/org/apache/tomcat/tomcat-annotations-api/8.5.27/tomcat-annotations-api-8.5.27.jar:/home/stbenjam/.m2/repository/org/apache/tomcat/embed/tomcat-embed-el/8.5.27/tomcat-embed-el-8.5.27.jar:/home/stbenjam/.m2/repository/org/apache/tomcat/embed/tomcat-embed-websocket/8.5.27/tomcat-embed-websocket-8.5.27.jar:/home/stbenjam/.m2/repository/org/hibernate/hibernate-validator/5.3.6.Final/hibernate-validator-5.3.6.Final.jar:/home/stbenjam/.m2/repository/javax/validation/validation-api/1.1.0.Final/validation-api-1.1.0.Final.jar:/home/stbenjam/.m2/repository/org/jboss/logging/jboss-logging/3.3.1.Final/jboss-logging-3.3.1.Final.jar:/home/stbenjam/.m2/repository/org/springframework/spring-web/4.3.14.RELEASE/spring-web-4.3.14.RELEASE.jar:/home/stbenjam/.m2/repository/org/springframework/spring-webmvc/4.3.14.RELEASE/spring-webmvc-4.3.14.RELEASE.jar:/home/stbenjam/.m2/repository/org/springframework/spring-expression/4.3.14.RELEASE/spring-expression-4.3.14.RELEASE.jar:/home/stbenjam/.m2/repository/org/springframework/boot/spring-boot-starter-thymeleaf/1.5.10.RELEASE/spring-boot-starter-thymeleaf-1.5.10.RELEASE.jar:/home/stbenjam/.m2/repository/org/thymeleaf/thymeleaf-spring4/2.1.6.RELEASE/thymeleaf-spring4-2.1.6.RELEASE.jar:/home/stbenjam/.m2/repository/org/thymeleaf/thymeleaf/2.1.6.RELEASE/thymeleaf-2.1.6.RELEASE.jar:/home/stbenjam/.m2/repository/ognl/ognl/3.0.8/ognl-3.0.8.jar:/home/stbenjam/.m2/repository/org/unbescape/unbescape/1.1.0.RELEASE/unbescape-1.1.0.RELEASE.jar:/home/stbenjam/.m2/repository/nz/net/ultraq/thymeleaf/thymeleaf-layout-dialect/1.4.0/thymeleaf-layout-dialect-1.4.0.jar:/home/stbenjam/.m2/repository/org/codehaus/groovy/groovy/2.4.13/groovy-2.4.13.jar:/home/stbenjam/.m2/repository/org/springframework/boot/spring-boot-starter-test/1.5.10.RELEASE/spring-boot-starter-test-1.5.10.RELEASE.jar:/home/stbenjam/.m2/repository/org/springframework/boot/spring-boot-test/1.5.10.RELEASE/spring-boot-test-1.5.10.RELEASE.jar:/home/stbenjam/.m2/repository/org/springframework/boot/spring-boot-test-autoconfigure/1.5.10.RELEASE/spring-boot-test-autoconfigure-1.5.10.RELEASE.jar:/home/stbenjam/.m2/repository/com/jayway/jsonpath/json-path/2.2.0/json-path-2.2.0.jar:/home/stbenjam/.m2/repository/net/minidev/json-smart/2.2.1/json-smart-2.2.1.jar:/home/stbenjam/.m2/repository/net/minidev/accessors-smart/1.1/accessors-smart-1.1.jar:/home/stbenjam/.m2/repository/org/ow2/asm/asm/5.0.3/asm-5.0.3.jar:/home/stbenjam/.m2/repository/junit/junit/4.12/junit-4.12.jar:/home/stbenjam/.m2/repository/org/assertj/assertj-core/2.6.0/assertj-core-2.6.0.jar:/home/stbenjam/.m2/repository/org/mockito/mockito-core/1.10.19/mockito-core-1.10.19.jar:/home/stbenjam/.m2/repository/org/objenesis/objenesis/2.1/objenesis-2.1.jar:/home/stbenjam/.m2/repository/org/hamcrest/hamcrest-core/1.3/hamcrest-core-1.3.jar:/home/stbenjam/.m2/repository/org/hamcrest/hamcrest-library/1.3/hamcrest-library-1.3.jar:/home/stbenjam/.m2/repository/org/skyscreamer/jsonassert/1.4.0/jsonassert-1.4.0.jar:/home/stbenjam/.m2/repository/org/springframework/spring-core/4.3.14.RELEASE/spring-core-4.3.14.RELEASE.jar:/home/stbenjam/.m2/repository/org/springframework/spring-test/4.3.14.RELEASE/spring-test-4.3.14.RELEASE.jar:/home/stbenjam/.m2/repository/org/springframework/restdocs/spring-restdocs-mockmvc/1.1.3.RELEASE/spring-restdocs-mockmvc-1.1.3.RELEASE.jar:/home/stbenjam/.m2/repository/org/springframework/restdocs/spring-restdocs-core/1.1.3.RELEASE/spring-restdocs-core-1.1.3.RELEASE.jar:/home/stbenjam/.m2/repository/javax/servlet/javax.servlet-api/3.1.0/javax.servlet-api-3.1.0.jar:/home/stbenjam/.m2/repository/org/springframework/boot/spring-boot-starter-data-jpa/1.5.10.RELEASE/spring-boot-starter-data-jpa-1.5.10.RELEASE.jar:/home/stbenjam/.m2/repository/org/springframework/boot/spring-boot-starter-aop/1.5.10.RELEASE/spring-boot-starter-aop-1.5.10.RELEASE.jar:/home/stbenjam/.m2/repository/org/aspectj/aspectjweaver/1.8.13/aspectjweaver-1.8.13.jar:/home/stbenjam/.m2/repository/org/springframework/boot/spring-boot-starter-jdbc/1.5.10.RELEASE/spring-boot-starter-jdbc-1.5.10.RELEASE.jar:/home/stbenjam/.m2/repository/org/apache/tomcat/tomcat-jdbc/8.5.27/tomcat-jdbc-8.5.27.jar:/home/stbenjam/.m2/repository/org/apache/tomcat/tomcat-juli/8.5.27/tomcat-juli-8.5.27.jar:/home/stbenjam/.m2/repository/org/springframework/spring-jdbc/4.3.14.RELEASE/spring-jdbc-4.3.14.RELEASE.jar:/home/stbenjam/.m2/repository/org/hibernate/hibernate-core/5.0.12.Final/hibernate-core-5.0.12.Final.jar:/home/stbenjam/.m2/repository/org/hibernate/javax/persistence/hibernate-jpa-2.1-api/1.0.0.Final/hibernate-jpa-2.1-api-1.0.0.Final.jar:/home/stbenjam/.m2/repository/org/javassist/javassist/3.21.0-GA/javassist-3.21.0-GA.jar:/home/stbenjam/.m2/repository/antlr/antlr/2.7.7/antlr-2.7.7.jar:/home/stbenjam/.m2/repository/org/jboss/jandex/2.0.0.Final/jandex-2.0.0.Final.jar:/home/stbenjam/.m2/repository/dom4j/dom4j/1.6.1/dom4j-1.6.1.jar:/home/stbenjam/.m2/repository/org/hibernate/common/hibernate-commons-annotations/5.0.1.Final/hibernate-commons-annotations-5.0.1.Final.jar:/home/stbenjam/.m2/repository/org/hibernate/hibernate-entitymanager/5.0.12.Final/hibernate-entitymanager-5.0.12.Final.jar:/home/stbenjam/.m2/repository/javax/transaction/javax.transaction-api/1.2/javax.transaction-api-1.2.jar:/home/stbenjam/.m2/repository/org/springframework/data/spring-data-jpa/1.11.10.RELEASE/spring-data-jpa-1.11.10.RELEASE.jar:/home/stbenjam/.m2/repository/org/springframework/data/spring-data-commons/1.13.10.RELEASE/spring-data-commons-1.13.10.RELEASE.jar:/home/stbenjam/.m2/repository/org/springframework/spring-orm/4.3.14.RELEASE/spring-orm-4.3.14.RELEASE.jar:/home/stbenjam/.m2/repository/org/springframework/spring-tx/4.3.14.RELEASE/spring-tx-4.3.14.RELEASE.jar:/home/stbenjam/.m2/repository/org/springframework/spring-aspects/4.3.14.RELEASE/spring-aspects-4.3.14.RELEASE.jar:/home/stbenjam/.m2/repository/com/h2database/h2/1.4.196/h2-1.4.196.jar:/home/stbenjam/.m2/repository/org/postgresql/postgresql/9.4-1206-jdbc42/postgresql-9.4-1206-jdbc42.jar:/home/stbenjam/.m2/repository/log4j/log4j/1.2.17/log4j-1.2.17.jar:/home/stbenjam/.m2/repository/com/google/guava/guava/19.0/guava-19.0.jar:/home/stbenjam/.m2/repository/javax/mail/mail/1.4/mail-1.4.jar:/home/stbenjam/.m2/repository/javax/activation/activation/1.1/activation-1.1.jar:/home/stbenjam/.m2/repository/org/springframework/boot/spring-boot-starter-security/1.5.10.RELEASE/spring-boot-starter-security-1.5.10.RELEASE.jar:/home/stbenjam/.m2/repository/org/springframework/spring-aop/4.3.14.RELEASE/spring-aop-4.3.14.RELEASE.jar:/home/stbenjam/.m2/repository/org/springframework/security/spring-security-config/4.2.4.RELEASE/spring-security-config-4.2.4.RELEASE.jar:/home/stbenjam/.m2/repository/org/springframework/security/spring-security-web/4.2.4.RELEASE/spring-security-web-4.2.4.RELEASE.jar:/home/stbenjam/.m2/repository/org/springframework/boot/spring-boot-starter-mail/1.4.3.RELEASE/spring-boot-starter-mail-1.4.3.RELEASE.jar:/home/stbenjam/.m2/repository/org/springframework/spring-context/4.3.14.RELEASE/spring-context-4.3.14.RELEASE.jar:/home/stbenjam/.m2/repository/com/sun/mail/javax.mail/1.5.6/javax.mail-1.5.6.jar:/home/stbenjam/.m2/repository/com/icegreen/greenmail/1.5.5/greenmail-1.5.5.jar:/home/stbenjam/.m2/repository/org/slf4j/slf4j-api/1.7.25/slf4j-api-1.7.25.jar:/home/stbenjam/.m2/repository/org/springframework/security/spring-security-test/4.2.4.RELEASE/spring-security-test-4.2.4.RELEASE.jar:/home/stbenjam/.m2/repository/org/springframework/security/spring-security-core/4.2.4.RELEASE/spring-security-core-4.2.4.RELEASE.jar:/home/stbenjam/.m2/repository/aopalliance/aopalliance/1.0/aopalliance-1.0.jar:/home/stbenjam/.m2/repository/org/springframework/security/oauth/spring-security-oauth2/2.0.14.RELEASE/spring-security-oauth2-2.0.14.RELEASE.jar:/home/stbenjam/.m2/repository/org/springframework/spring-beans/4.3.14.RELEASE/spring-beans-4.3.14.RELEASE.jar:/home/stbenjam/.m2/repository/commons-codec/commons-codec/1.10/commons-codec-1.10.jar:/home/stbenjam/.m2/repository/org/codehaus/jackson/jackson-mapper-asl/1.9.13/jackson-mapper-asl-1.9.13.jar:/home/stbenjam/.m2/repository/org/codehaus/jackson/jackson-core-asl/1.9.13/jackson-core-asl-1.9.13.jar:/home/stbenjam/.m2/repository/io/springfox/springfox-swagger2/2.8.0/springfox-swagger2-2.8.0.jar:/home/stbenjam/.m2/repository/io/swagger/swagger-annotations/1.5.14/swagger-annotations-1.5.14.jar:/home/stbenjam/.m2/repository/io/swagger/swagger-models/1.5.14/swagger-models-1.5.14.jar:/home/stbenjam/.m2/repository/io/springfox/springfox-spi/2.8.0/springfox-spi-2.8.0.jar:/home/stbenjam/.m2/repository/io/springfox/springfox-core/2.8.0/springfox-core-2.8.0.jar:/home/stbenjam/.m2/repository/net/bytebuddy/byte-buddy/1.7.9/byte-buddy-1.7.9.jar:/home/stbenjam/.m2/repository/io/springfox/springfox-schema/2.8.0/springfox-schema-2.8.0.jar:/home/stbenjam/.m2/repository/io/springfox/springfox-swagger-common/2.8.0/springfox-swagger-common-2.8.0.jar:/home/stbenjam/.m2/repository/io/springfox/springfox-spring-web/2.8.0/springfox-spring-web-2.8.0.jar:/home/stbenjam/.m2/repository/org/reflections/reflections/0.9.11/reflections-0.9.11.jar:/home/stbenjam/.m2/repository/com/fasterxml/classmate/1.3.4/classmate-1.3.4.jar:/home/stbenjam/.m2/repository/org/springframework/plugin/spring-plugin-core/1.2.0.RELEASE/spring-plugin-core-1.2.0.RELEASE.jar:/home/stbenjam/.m2/repository/org/springframework/plugin/spring-plugin-metadata/1.2.0.RELEASE/spring-plugin-metadata-1.2.0.RELEASE.jar:/home/stbenjam/.m2/repository/org/mapstruct/mapstruct/1.2.0.Final/mapstruct-1.2.0.Final.jar:/home/stbenjam/.m2/repository/io/springfox/springfox-swagger-ui/2.8.0/springfox-swagger-ui-2.8.0.jar:/home/stbenjam/.m2/repository/io/springfox/springfox-data-rest/2.8.0/springfox-data-rest-2.8.0.jar:/home/stbenjam/.m2/repository/org/springframework/hateoas/spring-hateoas/0.23.0.RELEASE/spring-hateoas-0.23.0.RELEASE.jar:/home/stbenjam/.m2/repository/org/usb4java/usb4java-javax/1.2.0/usb4java-javax-1.2.0.jar:/home/stbenjam/.m2/repository/javax/usb/usb-api/1.0.2/usb-api-1.0.2.jar:/home/stbenjam/.m2/repository/org/apache/commons/commons-lang3/3.2.1/commons-lang3-3.2.1.jar:/home/stbenjam/.m2/repository/org/usb4java/usb4java/1.2.0/usb4java-1.2.0.jar:/home/stbenjam/.m2/repository/org/usb4java/libusb4java/1.2.0/libusb4java-1.2.0-linux-x86.jar:/home/stbenjam/.m2/repository/org/usb4java/libusb4java/1.2.0/libusb4java-1.2.0-linux-x86_64.jar:/home/stbenjam/.m2/repository/org/usb4java/libusb4java/1.2.0/libusb4java-1.2.0-linux-arm.jar:/home/stbenjam/.m2/repository/org/usb4java/libusb4java/1.2.0/libusb4java-1.2.0-windows-x86.jar:/home/stbenjam/.m2/repository/org/usb4java/libusb4java/1.2.0/libusb4java-1.2.0-windows-x86_64.jar:/home/stbenjam/.m2/repository/org/usb4java/libusb4java/1.2.0/libusb4java-1.2.0-osx-x86.jar:/home/stbenjam/.m2/repository/org/usb4java/libusb4java/1.2.0/libusb4java-1.2.0-osx-x86_64.jar:/home/stbenjam/.m2/repository/org/mockito/mockito-all/1.9.5/mockito-all-1.9.5.jar:/home/stbenjam/.m2/repository/com/fasterxml/jackson/core/jackson-databind/2.5.0/jackson-databind-2.5.0.jar:/home/stbenjam/.m2/repository/com/fasterxml/jackson/core/jackson-core/2.8.10/jackson-core-2.8.10.jar:/home/stbenjam/.m2/repository/com/vaadin/external/google/android-json/0.0.20131108.vaadin1/android-json-0.0.20131108.vaadin1.jar:/home/stbenjam/.m2/repository/com/tngtech/java/junit-dataprovider/1.13.1/junit-dataprovider-1.13.1.jar:/home/stbenjam/.m2/repository/org/springframework/spring-context-support/3.2.0.RELEASE/spring-context-support-3.2.0.RELEASE.jar:, java.specification.name=Java Platform API Specification, java.class.version=52.0, sun.management.compiler=HotSpot 64-Bit Tiered Compilers, os.version=4.14.14-300.fc27.x86_64, user.home=/home/stbenjam, user.timezone=America/New_York, java.awt.printerjob=sun.print.PSPrinterJob, file.encoding=UTF-8, java.specification.version=1.8, java.class.path=/home/stbenjam/git/h2ms/target/test-classes:/home/stbenjam/git/h2ms/target/classes:/home/stbenjam/.m2/repository/org/springframework/boot/spring-boot-starter-data-rest/1.5.10.RELEASE/spring-boot-starter-data-rest-1.5.10.RELEASE.jar:/home/stbenjam/.m2/repository/org/springframework/boot/spring-boot-starter/1.5.10.RELEASE/spring-boot-starter-1.5.10.RELEASE.jar:/home/stbenjam/.m2/repository/org/springframework/boot/spring-boot/1.5.10.RELEASE/spring-boot-1.5.10.RELEASE.jar:/home/stbenjam/.m2/repository/org/springframework/boot/spring-boot-autoconfigure/1.5.10.RELEASE/spring-boot-autoconfigure-1.5.10.RELEASE.jar:/home/stbenjam/.m2/repository/org/springframework/boot/spring-boot-starter-logging/1.5.10.RELEASE/spring-boot-starter-logging-1.5.10.RELEASE.jar:/home/stbenjam/.m2/repository/ch/qos/logback/logback-classic/1.1.11/logback-classic-1.1.11.jar:/home/stbenjam/.m2/repository/ch/qos/logback/logback-core/1.1.11/logback-core-1.1.11.jar:/home/stbenjam/.m2/repository/org/slf4j/jul-to-slf4j/1.7.25/jul-to-slf4j-1.7.25.jar:/home/stbenjam/.m2/repository/org/slf4j/log4j-over-slf4j/1.7.25/log4j-over-slf4j-1.7.25.jar:/home/stbenjam/.m2/repository/org/yaml/snakeyaml/1.17/snakeyaml-1.17.jar:/home/stbenjam/.m2/repository/com/fasterxml/jackson/core/jackson-annotations/2.8.0/jackson-annotations-2.8.0.jar:/home/stbenjam/.m2/repository/org/springframework/data/spring-data-rest-webmvc/2.6.10.RELEASE/spring-data-rest-webmvc-2.6.10.RELEASE.jar:/home/stbenjam/.m2/repository/org/springframework/data/spring-data-rest-core/2.6.10.RELEASE/spring-data-rest-core-2.6.10.RELEASE.jar:/home/stbenjam/.m2/repository/org/atteo/evo-inflector/1.2.2/evo-inflector-1.2.2.jar:/home/stbenjam/.m2/repository/org/slf4j/jcl-over-slf4j/1.7.25/jcl-over-slf4j-1.7.25.jar:/home/stbenjam/.m2/repository/org/springframework/boot/spring-boot-starter-web/1.5.10.RELEASE/spring-boot-starter-web-1.5.10.RELEASE.jar:/home/stbenjam/.m2/repository/org/springframework/boot/spring-boot-starter-tomcat/1.5.10.RELEASE/spring-boot-starter-tomcat-1.5.10.RELEASE.jar:/home/stbenjam/.m2/repository/org/apache/tomcat/embed/tomcat-embed-core/8.5.27/tomcat-embed-core-8.5.27.jar:/home/stbenjam/.m2/repository/org/apache/tomcat/tomcat-annotations-api/8.5.27/tomcat-annotations-api-8.5.27.jar:/home/stbenjam/.m2/repository/org/apache/tomcat/embed/tomcat-embed-el/8.5.27/tomcat-embed-el-8.5.27.jar:/home/stbenjam/.m2/repository/org/apache/tomcat/embed/tomcat-embed-websocket/8.5.27/tomcat-embed-websocket-8.5.27.jar:/home/stbenjam/.m2/repository/org/hibernate/hibernate-validator/5.3.6.Final/hibernate-validator-5.3.6.Final.jar:/home/stbenjam/.m2/repository/javax/validation/validation-api/1.1.0.Final/validation-api-1.1.0.Final.jar:/home/stbenjam/.m2/repository/org/jboss/logging/jboss-logging/3.3.1.Final/jboss-logging-3.3.1.Final.jar:/home/stbenjam/.m2/repository/org/springframework/spring-web/4.3.14.RELEASE/spring-web-4.3.14.RELEASE.jar:/home/stbenjam/.m2/repository/org/springframework/spring-webmvc/4.3.14.RELEASE/spring-webmvc-4.3.14.RELEASE.jar:/home/stbenjam/.m2/repository/org/springframework/spring-expression/4.3.14.RELEASE/spring-expression-4.3.14.RELEASE.jar:/home/stbenjam/.m2/repository/org/springframework/boot/spring-boot-starter-thymeleaf/1.5.10.RELEASE/spring-boot-starter-thymeleaf-1.5.10.RELEASE.jar:/home/stbenjam/.m2/repository/org/thymeleaf/thymeleaf-spring4/2.1.6.RELEASE/thymeleaf-spring4-2.1.6.RELEASE.jar:/home/stbenjam/.m2/repository/org/thymeleaf/thymeleaf/2.1.6.RELEASE/thymeleaf-2.1.6.RELEASE.jar:/home/stbenjam/.m2/repository/ognl/ognl/3.0.8/ognl-3.0.8.jar:/home/stbenjam/.m2/repository/org/unbescape/unbescape/1.1.0.RELEASE/unbescape-1.1.0.RELEASE.jar:/home/stbenjam/.m2/repository/nz/net/ultraq/thymeleaf/thymeleaf-layout-dialect/1.4.0/thymeleaf-layout-dialect-1.4.0.jar:/home/stbenjam/.m2/repository/org/codehaus/groovy/groovy/2.4.13/groovy-2.4.13.jar:/home/stbenjam/.m2/repository/org/springframework/boot/spring-boot-starter-test/1.5.10.RELEASE/spring-boot-starter-test-1.5.10.RELEASE.jar:/home/stbenjam/.m2/repository/org/springframework/boot/spring-boot-test/1.5.10.RELEASE/spring-boot-test-1.5.10.RELEASE.jar:/home/stbenjam/.m2/repository/org/springframework/boot/spring-boot-test-autoconfigure/1.5.10.RELEASE/spring-boot-test-autoconfigure-1.5.10.RELEASE.jar:/home/stbenjam/.m2/repository/com/jayway/jsonpath/json-path/2.2.0/json-path-2.2.0.jar:/home/stbenjam/.m2/repository/net/minidev/json-smart/2.2.1/json-smart-2.2.1.jar:/home/stbenjam/.m2/repository/net/minidev/accessors-smart/1.1/accessors-smart-1.1.jar:/home/stbenjam/.m2/repository/org/ow2/asm/asm/5.0.3/asm-5.0.3.jar:/home/stbenjam/.m2/repository/junit/junit/4.12/junit-4.12.jar:/home/stbenjam/.m2/repository/org/assertj/assertj-core/2.6.0/assertj-core-2.6.0.jar:/home/stbenjam/.m2/repository/org/mockito/mockito-core/1.10.19/mockito-core-1.10.19.jar:/home/stbenjam/.m2/repository/org/objenesis/objenesis/2.1/objenesis-2.1.jar:/home/stbenjam/.m2/repository/org/hamcrest/hamcrest-core/1.3/hamcrest-core-1.3.jar:/home/stbenjam/.m2/repository/org/hamcrest/hamcrest-library/1.3/hamcrest-library-1.3.jar:/home/stbenjam/.m2/repository/org/skyscreamer/jsonassert/1.4.0/jsonassert-1.4.0.jar:/home/stbenjam/.m2/repository/org/springframework/spring-core/4.3.14.RELEASE/spring-core-4.3.14.RELEASE.jar:/home/stbenjam/.m2/repository/org/springframework/spring-test/4.3.14.RELEASE/spring-test-4.3.14.RELEASE.jar:/home/stbenjam/.m2/repository/org/springframework/restdocs/spring-restdocs-mockmvc/1.1.3.RELEASE/spring-restdocs-mockmvc-1.1.3.RELEASE.jar:/home/stbenjam/.m2/repository/org/springframework/restdocs/spring-restdocs-core/1.1.3.RELEASE/spring-restdocs-core-1.1.3.RELEASE.jar:/home/stbenjam/.m2/repository/javax/servlet/javax.servlet-api/3.1.0/javax.servlet-api-3.1.0.jar:/home/stbenjam/.m2/repository/org/springframework/boot/spring-boot-starter-data-jpa/1.5.10.RELEASE/spring-boot-starter-data-jpa-1.5.10.RELEASE.jar:/home/stbenjam/.m2/repository/org/springframework/boot/spring-boot-starter-aop/1.5.10.RELEASE/spring-boot-starter-aop-1.5.10.RELEASE.jar:/home/stbenjam/.m2/repository/org/aspectj/aspectjweaver/1.8.13/aspectjweaver-1.8.13.jar:/home/stbenjam/.m2/repository/org/springframework/boot/spring-boot-starter-jdbc/1.5.10.RELEASE/spring-boot-starter-jdbc-1.5.10.RELEASE.jar:/home/stbenjam/.m2/repository/org/apache/tomcat/tomcat-jdbc/8.5.27/tomcat-jdbc-8.5.27.jar:/home/stbenjam/.m2/repository/org/apache/tomcat/tomcat-juli/8.5.27/tomcat-juli-8.5.27.jar:/home/stbenjam/.m2/repository/org/springframework/spring-jdbc/4.3.14.RELEASE/spring-jdbc-4.3.14.RELEASE.jar:/home/stbenjam/.m2/repository/org/hibernate/hibernate-core/5.0.12.Final/hibernate-core-5.0.12.Final.jar:/home/stbenjam/.m2/repository/org/hibernate/javax/persistence/hibernate-jpa-2.1-api/1.0.0.Final/hibernate-jpa-2.1-api-1.0.0.Final.jar:/home/stbenjam/.m2/repository/org/javassist/javassist/3.21.0-GA/javassist-3.21.0-GA.jar:/home/stbenjam/.m2/repository/antlr/antlr/2.7.7/antlr-2.7.7.jar:/home/stbenjam/.m2/repository/org/jboss/jandex/2.0.0.Final/jandex-2.0.0.Final.jar:/home/stbenjam/.m2/repository/dom4j/dom4j/1.6.1/dom4j-1.6.1.jar:/home/stbenjam/.m2/repository/org/hibernate/common/hibernate-commons-annotations/5.0.1.Final/hibernate-commons-annotations-5.0.1.Final.jar:/home/stbenjam/.m2/repository/org/hibernate/hibernate-entitymanager/5.0.12.Final/hibernate-entitymanager-5.0.12.Final.jar:/home/stbenjam/.m2/repository/javax/transaction/javax.transaction-api/1.2/javax.transaction-api-1.2.jar:/home/stbenjam/.m2/repository/org/springframework/data/spring-data-jpa/1.11.10.RELEASE/spring-data-jpa-1.11.10.RELEASE.jar:/home/stbenjam/.m2/repository/org/springframework/data/spring-data-commons/1.13.10.RELEASE/spring-data-commons-1.13.10.RELEASE.jar:/home/stbenjam/.m2/repository/org/springframework/spring-orm/4.3.14.RELEASE/spring-orm-4.3.14.RELEASE.jar:/home/stbenjam/.m2/repository/org/springframework/spring-tx/4.3.14.RELEASE/spring-tx-4.3.14.RELEASE.jar:/home/stbenjam/.m2/repository/org/springframework/spring-aspects/4.3.14.RELEASE/spring-aspects-4.3.14.RELEASE.jar:/home/stbenjam/.m2/repository/com/h2database/h2/1.4.196/h2-1.4.196.jar:/home/stbenjam/.m2/repository/org/postgresql/postgresql/9.4-1206-jdbc42/postgresql-9.4-1206-jdbc42.jar:/home/stbenjam/.m2/repository/log4j/log4j/1.2.17/log4j-1.2.17.jar:/home/stbenjam/.m2/repository/com/google/guava/guava/19.0/guava-19.0.jar:/home/stbenjam/.m2/repository/javax/mail/mail/1.4/mail-1.4.jar:/home/stbenjam/.m2/repository/javax/activation/activation/1.1/activation-1.1.jar:/home/stbenjam/.m2/repository/org/springframework/boot/spring-boot-starter-security/1.5.10.RELEASE/spring-boot-starter-security-1.5.10.RELEASE.jar:/home/stbenjam/.m2/repository/org/springframework/spring-aop/4.3.14.RELEASE/spring-aop-4.3.14.RELEASE.jar:/home/stbenjam/.m2/repository/org/springframework/security/spring-security-config/4.2.4.RELEASE/spring-security-config-4.2.4.RELEASE.jar:/home/stbenjam/.m2/repository/org/springframework/security/spring-security-web/4.2.4.RELEASE/spring-security-web-4.2.4.RELEASE.jar:/home/stbenjam/.m2/repository/org/springframework/boot/spring-boot-starter-mail/1.4.3.RELEASE/spring-boot-starter-mail-1.4.3.RELEASE.jar:/home/stbenjam/.m2/repository/org/springframework/spring-context/4.3.14.RELEASE/spring-context-4.3.14.RELEASE.jar:/home/stbenjam/.m2/repository/com/sun/mail/javax.mail/1.5.6/javax.mail-1.5.6.jar:/home/stbenjam/.m2/repository/com/icegreen/greenmail/1.5.5/greenmail-1.5.5.jar:/home/stbenjam/.m2/repository/org/slf4j/slf4j-api/1.7.25/slf4j-api-1.7.25.jar:/home/stbenjam/.m2/repository/org/springframework/security/spring-security-test/4.2.4.RELEASE/spring-security-test-4.2.4.RELEASE.jar:/home/stbenjam/.m2/repository/org/springframework/security/spring-security-core/4.2.4.RELEASE/spring-security-core-4.2.4.RELEASE.jar:/home/stbenjam/.m2/repository/aopalliance/aopalliance/1.0/aopalliance-1.0.jar:/home/stbenjam/.m2/repository/org/springframework/security/oauth/spring-security-oauth2/2.0.14.RELEASE/spring-security-oauth2-2.0.14.RELEASE.jar:/home/stbenjam/.m2/repository/org/springframework/spring-beans/4.3.14.RELEASE/spring-beans-4.3.14.RELEASE.jar:/home/stbenjam/.m2/repository/commons-codec/commons-codec/1.10/commons-codec-1.10.jar:/home/stbenjam/.m2/repository/org/codehaus/jackson/jackson-mapper-asl/1.9.13/jackson-mapper-asl-1.9.13.jar:/home/stbenjam/.m2/repository/org/codehaus/jackson/jackson-core-asl/1.9.13/jackson-core-asl-1.9.13.jar:/home/stbenjam/.m2/repository/io/springfox/springfox-swagger2/2.8.0/springfox-swagger2-2.8.0.jar:/home/stbenjam/.m2/repository/io/swagger/swagger-annotations/1.5.14/swagger-annotations-1.5.14.jar:/home/stbenjam/.m2/repository/io/swagger/swagger-models/1.5.14/swagger-models-1.5.14.jar:/home/stbenjam/.m2/repository/io/springfox/springfox-spi/2.8.0/springfox-spi-2.8.0.jar:/home/stbenjam/.m2/repository/io/springfox/springfox-core/2.8.0/springfox-core-2.8.0.jar:/home/stbenjam/.m2/repository/net/bytebuddy/byte-buddy/1.7.9/byte-buddy-1.7.9.jar:/home/stbenjam/.m2/repository/io/springfox/springfox-schema/2.8.0/springfox-schema-2.8.0.jar:/home/stbenjam/.m2/repository/io/springfox/springfox-swagger-common/2.8.0/springfox-swagger-common-2.8.0.jar:/home/stbenjam/.m2/repository/io/springfox/springfox-spring-web/2.8.0/springfox-spring-web-2.8.0.jar:/home/stbenjam/.m2/repository/org/reflections/reflections/0.9.11/reflections-0.9.11.jar:/home/stbenjam/.m2/repository/com/fasterxml/classmate/1.3.4/classmate-1.3.4.jar:/home/stbenjam/.m2/repository/org/springframework/plugin/spring-plugin-core/1.2.0.RELEASE/spring-plugin-core-1.2.0.RELEASE.jar:/home/stbenjam/.m2/repository/org/springframework/plugin/spring-plugin-metadata/1.2.0.RELEASE/spring-plugin-metadata-1.2.0.RELEASE.jar:/home/stbenjam/.m2/repository/org/mapstruct/mapstruct/1.2.0.Final/mapstruct-1.2.0.Final.jar:/home/stbenjam/.m2/repository/io/springfox/springfox-swagger-ui/2.8.0/springfox-swagger-ui-2.8.0.jar:/home/stbenjam/.m2/repository/io/springfox/springfox-data-rest/2.8.0/springfox-data-rest-2.8.0.jar:/home/stbenjam/.m2/repository/org/springframework/hateoas/spring-hateoas/0.23.0.RELEASE/spring-hateoas-0.23.0.RELEASE.jar:/home/stbenjam/.m2/repository/org/usb4java/usb4java-javax/1.2.0/usb4java-javax-1.2.0.jar:/home/stbenjam/.m2/repository/javax/usb/usb-api/1.0.2/usb-api-1.0.2.jar:/home/stbenjam/.m2/repository/org/apache/commons/commons-lang3/3.2.1/commons-lang3-3.2.1.jar:/home/stbenjam/.m2/repository/org/usb4java/usb4java/1.2.0/usb4java-1.2.0.jar:/home/stbenjam/.m2/repository/org/usb4java/libusb4java/1.2.0/libusb4java-1.2.0-linux-x86.jar:/home/stbenjam/.m2/repository/org/usb4java/libusb4java/1.2.0/libusb4java-1.2.0-linux-x86_64.jar:/home/stbenjam/.m2/repository/org/usb4java/libusb4java/1.2.0/libusb4java-1.2.0-linux-arm.jar:/home/stbenjam/.m2/repository/org/usb4java/libusb4java/1.2.0/libusb4java-1.2.0-windows-x86.jar:/home/stbenjam/.m2/repository/org/usb4java/libusb4java/1.2.0/libusb4java-1.2.0-windows-x86_64.jar:/home/stbenjam/.m2/repository/org/usb4java/libusb4java/1.2.0/libusb4java-1.2.0-osx-x86.jar:/home/stbenjam/.m2/repository/org/usb4java/libusb4java/1.2.0/libusb4java-1.2.0-osx-x86_64.jar:/home/stbenjam/.m2/repository/org/mockito/mockito-all/1.9.5/mockito-all-1.9.5.jar:/home/stbenjam/.m2/repository/com/fasterxml/jackson/core/jackson-databind/2.5.0/jackson-databind-2.5.0.jar:/home/stbenjam/.m2/repository/com/fasterxml/jackson/core/jackson-core/2.8.10/jackson-core-2.8.10.jar:/home/stbenjam/.m2/repository/com/vaadin/external/google/android-json/0.0.20131108.vaadin1/android-json-0.0.20131108.vaadin1.jar:/home/stbenjam/.m2/repository/com/tngtech/java/junit-dataprovider/1.13.1/junit-dataprovider-1.13.1.jar:/home/stbenjam/.m2/repository/org/springframework/spring-context-support/3.2.0.RELEASE/spring-context-support-3.2.0.RELEASE.jar:, user.name=stbenjam, java.vm.specification.version=1.8, sun.java.command=/home/stbenjam/git/h2ms/target/surefire/surefirebooter4923085358408019683.jar /home/stbenjam/git/h2ms/target/surefire/surefire6384590864609753023tmp /home/stbenjam/git/h2ms/target/surefire/surefire_07365849549389595586tmp, java.home=/usr/lib/jvm/java-1.8.0-openjdk-1.8.0.161-0.b14.fc27.x86_64/jre, sun.arch.data.model=64, user.language=en, java.specification.vendor=Oracle Corporation, awt.toolkit=sun.awt.X11.XToolkit, java.vm.info=mixed mode, java.version=1.8.0_161, java.ext.dirs=/usr/lib/jvm/java-1.8.0-openjdk-1.8.0.161-0.b14.fc27.x86_64/jre/lib/ext:/usr/java/packages/lib/ext, sun.boot.class.path=/usr/lib/jvm/java-1.8.0-openjdk-1.8.0.161-0.b14.fc27.x86_64/jre/lib/resources.jar:/usr/lib/jvm/java-1.8.0-openjdk-1.8.0.161-0.b14.fc27.x86_64/jre/lib/rt.jar:/usr/lib/jvm/java-1.8.0-openjdk-1.8.0.161-0.b14.fc27.x86_64/jre/lib/sunrsasign.jar:/usr/lib/jvm/java-1.8.0-openjdk-1.8.0.161-0.b14.fc27.x86_64/jre/lib/jsse.jar:/usr/lib/jvm/java-1.8.0-openjdk-1.8.0.161-0.b14.fc27.x86_64/jre/lib/jce.jar:/usr/lib/jvm/java-1.8.0-openjdk-1.8.0.161-0.b14.fc27.x86_64/jre/lib/charsets.jar:/usr/lib/jvm/java-1.8.0-openjdk-1.8.0.161-0.b14.fc27.x86_64/jre/lib/jfr.jar:/usr/lib/jvm/java-1.8.0-openjdk-1.8.0.161-0.b14.fc27.x86_64/jre/classes, java.vendor=Oracle Corporation, localRepository=/home/stbenjam/.m2/repository, file.separator=/, java.vendor.url.bug=http://bugreport.sun.com/bugreport/, sun.io.unicode.encoding=UnicodeLittle, sun.cpu.endian=little, sun.desktop=gnome, sun.cpu.isalist=}}, SystemEnvironmentPropertySource@454884231 {name='systemEnvironment', properties={IRBRC=/home/stbenjam/.rvm/rubies/ruby-2.3.3/.irbrc, PATH=/home/stbenjam/.rvm/gems/ruby-2.3.3/bin:/home/stbenjam/.rvm/gems/ruby-2.3.3@global/bin:/home/stbenjam/.rvm/rubies/ruby-2.3.3/bin:/usr/local/bin:/usr/bin:/bin:/usr/local/sbin:/usr/sbin:/home/stbenjam/.local/bin:/home/stbenjam/bin:/home/stbenjam/.rvm/bin, rvm_silent_flag=, HISTCONTROL=ignoredups, XMODIFIERS=@im=ibus, GDMSESSION=gnome-xorg, rvm_quiet_flag=, GUESTFISH_RESTORE=\e[0m, DBUS_SESSION_BUS_ADDRESS=unix:path=/run/user/1000/bus,guid=0ff0c73f492cc1dc3846ae835aac7cd0, COLORTERM=truecolor, rvm_ruby_make_install=, rvm_niceness=, SESSION_MANAGER=local/unix:@/tmp/.ICE-unix/1818,unix/unix:/tmp/.ICE-unix/1818, USERNAME=stbenjam, rvm_version=1.29.1 (latest), PWD=/home/stbenjam/git/h2ms, MANAGERPID=1759, LESSOPEN=||/usr/bin/lesspipe.sh %s, PAGER=less, QTINC=/usr/lib64/qt-3.3/include, rvm_hook=, rvm_wrapper_name=, MY_RUBY_HOME=/home/stbenjam/.rvm/rubies/ruby-2.3.3, rvm_nightly_flag=, ZSH=/home/stbenjam/.oh-my-zsh, rvm_path=/home/stbenjam/.rvm, GUESTFISH_INIT=\e[1;34m, GNOME_DESKTOP_SESSION_ID=this-is-deprecated, SYSTEMD_NSS_BYPASS_BUS=1, DBUS_STARTER_ADDRESS=unix:path=/run/user/1000/bus,guid=0ff0c73f492cc1dc3846ae835aac7cd0, LC_CTYPE=en_US.UTF-8, SHLVL=2, LOADEDMODULES=, HISTSIZE=10000, JAVA_HOME=/usr/lib/jvm/java-1.8.0-openjdk-1.8.0.161-0.b14.fc27.x86_64, TERM=xterm-256color, XDG_SESSION_ID=2, rvm_script_name=, rvm_ruby_make=, rvm_docs_type=, _=/usr/lib/jvm/java-1.8.0-openjdk-1.8.0.161-0.b14.fc27.x86_64/jre/bin/java, MAVEN_PROJECTBASEDIR=/home/stbenjam/git/h2ms, DESKTOP_SESSION=gnome-xorg, XDG_MENU_PREFIX=gnome-, VTE_VERSION=5002, rvm_alias_expanded=, rvm_ruby_bits=, GEM_PATH=/home/stbenjam/.rvm/gems/ruby-2.3.3:/home/stbenjam/.rvm/gems/ruby-2.3.3@global, TILIX_ID=df6230d2-2679-42ab-bd7f-667d05988153, XAUTHORITY=/run/user/1000/gdm/Xauthority, INVOCATION_ID=2a8a59bd24d3424f8a519125eeaea755, XDG_DATA_DIRS=/home/stbenjam/.local/share/flatpak/exports/share/:/var/lib/flatpak/exports/share/:/usr/local/share/:/usr/share/, MODULEPATH=/etc/scl/modulefiles:/etc/scl/modulefiles:/usr/share/Modules/modulefiles:/etc/modulefiles:/usr/share/modulefiles, rvm_bin_flag=, VAGRANT_DEFAULT_PROVIDER=libvirt, XDG_CURRENT_DESKTOP=GNOME, JOURNAL_STREAM=9:35277, MAIL=/var/spool/mail/stbenjam, rvm_ruby_mode=, LOGNAME=stbenjam, rvm_proxy=, SHELL=/bin/zsh, rvm_sdk=, OLDPWD=/home/stbenjam/git/h2ms, GEM_HOME=/home/stbenjam/.rvm/gems/ruby-2.3.3, rvm_use_flag=, GIT=/bin/git, RUBY_VERSION=ruby-2.3.3, _system_name=Fedora, LESS=-R, XDG_SESSION_DESKTOP=gnome-xorg, LS_COLORS=rs=0:di=38;5;33:ln=38;5;51:mh=00:pi=40;38;5;11:so=38;5;13:do=38;5;5:bd=48;5;232;38;5;11:cd=48;5;232;38;5;3:or=48;5;232;38;5;9:mi=01;05;37;41:su=48;5;196;38;5;15:sg=48;5;11;38;5;16:ca=48;5;196;38;5;226:tw=48;5;10;38;5;16:ow=48;5;10;38;5;21:st=48;5;21;38;5;15:ex=38;5;40:*.tar=38;5;9:*.tgz=38;5;9:*.arc=38;5;9:*.arj=38;5;9:*.taz=38;5;9:*.lha=38;5;9:*.lz4=38;5;9:*.lzh=38;5;9:*.lzma=38;5;9:*.tlz=38;5;9:*.txz=38;5;9:*.tzo=38;5;9:*.t7z=38;5;9:*.zip=38;5;9:*.z=38;5;9:*.Z=38;5;9:*.dz=38;5;9:*.gz=38;5;9:*.lrz=38;5;9:*.lz=38;5;9:*.lzo=38;5;9:*.xz=38;5;9:*.zst=38;5;9:*.tzst=38;5;9:*.bz2=38;5;9:*.bz=38;5;9:*.tbz=38;5;9:*.tbz2=38;5;9:*.tz=38;5;9:*.deb=38;5;9:*.rpm=38;5;9:*.jar=38;5;9:*.war=38;5;9:*.ear=38;5;9:*.sar=38;5;9:*.rar=38;5;9:*.alz=38;5;9:*.ace=38;5;9:*.zoo=38;5;9:*.cpio=38;5;9:*.7z=38;5;9:*.rz=38;5;9:*.cab=38;5;9:*.wim=38;5;9:*.swm=38;5;9:*.dwm=38;5;9:*.esd=38;5;9:*.jpg=38;5;13:*.jpeg=38;5;13:*.mjpg=38;5;13:*.mjpeg=38;5;13:*.gif=38;5;13:*.bmp=38;5;13:*.pbm=38;5;13:*.pgm=38;5;13:*.ppm=38;5;13:*.tga=38;5;13:*.xbm=38;5;13:*.xpm=38;5;13:*.tif=38;5;13:*.tiff=38;5;13:*.png=38;5;13:*.svg=38;5;13:*.svgz=38;5;13:*.mng=38;5;13:*.pcx=38;5;13:*.mov=38;5;13:*.mpg=38;5;13:*.mpeg=38;5;13:*.m2v=38;5;13:*.mkv=38;5;13:*.webm=38;5;13:*.ogm=38;5;13:*.mp4=38;5;13:*.m4v=38;5;13:*.mp4v=38;5;13:*.vob=38;5;13:*.qt=38;5;13:*.nuv=38;5;13:*.wmv=38;5;13:*.asf=38;5;13:*.rm=38;5;13:*.rmvb=38;5;13:*.flc=38;5;13:*.avi=38;5;13:*.fli=38;5;13:*.flv=38;5;13:*.gl=38;5;13:*.dl=38;5;13:*.xcf=38;5;13:*.xwd=38;5;13:*.yuv=38;5;13:*.cgm=38;5;13:*.emf=38;5;13:*.ogv=38;5;13:*.ogx=38;5;13:*.aac=38;5;45:*.au=38;5;45:*.flac=38;5;45:*.m4a=38;5;45:*.mid=38;5;45:*.midi=38;5;45:*.mka=38;5;45:*.mp3=38;5;45:*.mpc=38;5;45:*.ogg=38;5;45:*.ra=38;5;45:*.wav=38;5;45:*.oga=38;5;45:*.opus=38;5;45:*.spx=38;5;45:*.xspf=38;5;45:, rvm_gemstone_package_file=, _system_arch=x86_64, rvm_bin_path=/home/stbenjam/.rvm/bin, QT_IM_MODULE=ibus, rvm_only_path_flag=, rvm_prefix=/home/stbenjam, LANG=en_US.UTF-8, XDG_SESSION_TYPE=x11, DISPLAY=:0, rvm_gemstone_url=, GDM_LANG=en_US.UTF-8, GUESTFISH_PS1=\[\e[1;32m\]><fs>\[\e[0;31m\] , LSCOLORS=Gxfxcxdxbxegedabagacad, _system_type=Linux, _system_version=27, GPG_TTY=/dev/pts/1, USER=stbenjam, rvm_ruby_file=, WINDOWPATH=2, XDG_SEAT=seat0, SSH_AUTH_SOCK=/run/user/1000/keyring/ssh, EDITOR=vim, HOSTNAME=ancient.bitbin.de, MODULESHOME=/usr/share/Modules, QTDIR=/usr/lib64/qt-3.3, XDG_RUNTIME_DIR=/run/user/1000, XDG_VTNR=2, GUESTFISH_OUTPUT=\e[0m, DBUS_STARTER_BUS_TYPE=session, QTLIB=/usr/lib64/qt-3.3/lib, HOME=/home/stbenjam}}]
21:06:43.555 [main] INFO org.springframework.boot.test.context.SpringBootTestContextBootstrapper - Found @SpringBootConfiguration edu.harvard.h2ms.H2MSRestAppInitializer for test class edu.harvard.h2ms.service.LocationServiceTests
21:06:43.556 [main] DEBUG org.springframework.boot.test.context.SpringBootTestContextBootstrapper - @TestExecutionListeners is not present for class [edu.harvard.h2ms.service.LocationServiceTests]: using defaults.
21:06:43.558 [main] INFO org.springframework.boot.test.context.SpringBootTestContextBootstrapper - Loaded default TestExecutionListener class names from location [META-INF/spring.factories]: [org.springframework.boot.test.mock.mockito.MockitoTestExecutionListener, org.springframework.boot.test.mock.mockito.ResetMocksTestExecutionListener, org.springframework.boot.test.autoconfigure.restdocs.RestDocsTestExecutionListener, org.springframework.boot.test.autoconfigure.web.client.MockRestServiceServerResetTestExecutionListener, org.springframework.boot.test.autoconfigure.web.servlet.MockMvcPrintOnlyOnFailureTestExecutionListener, org.springframework.boot.test.autoconfigure.web.servlet.WebDriverTestExecutionListener, org.springframework.test.context.web.ServletTestExecutionListener, org.springframework.test.context.support.DirtiesContextBeforeModesTestExecutionListener, org.springframework.test.context.support.DependencyInjectionTestExecutionListener, org.springframework.test.context.support.DirtiesContextTestExecutionListener, org.springframework.test.context.transaction.TransactionalTestExecutionListener, org.springframework.test.context.jdbc.SqlScriptsTestExecutionListener, org.springframework.security.test.context.support.WithSecurityContextTestExecutionListener]
21:06:43.559 [main] INFO org.springframework.boot.test.context.SpringBootTestContextBootstrapper - Using TestExecutionListeners: [org.springframework.test.context.web.ServletTestExecutionListener@d2de489, org.springframework.test.context.support.DirtiesContextBeforeModesTestExecutionListener@14bdbc74, org.springframework.boot.test.autoconfigure.SpringBootDependencyInjectionTestExecutionListener@12591ac8, org.springframework.test.context.support.DirtiesContextTestExecutionListener@5a7fe64f, org.springframework.test.context.transaction.TransactionalTestExecutionListener@38145825, org.springframework.test.context.jdbc.SqlScriptsTestExecutionListener@41330d4f, org.springframework.security.test.context.support.WithSecurityContextTestExecutionListener@1b66c0fb, org.springframework.boot.test.mock.mockito.MockitoTestExecutionListener@3e0e1046, org.springframework.boot.test.mock.mockito.ResetMocksTestExecutionListener@24c1b2d2, org.springframework.boot.test.autoconfigure.restdocs.RestDocsTestExecutionListener@7dc19a70, org.springframework.boot.test.autoconfigure.web.client.MockRestServiceServerResetTestExecutionListener@508dec2b, org.springframework.boot.test.autoconfigure.web.servlet.MockMvcPrintOnlyOnFailureTestExecutionListener@1e4f4a5c, org.springframework.boot.test.autoconfigure.web.servlet.WebDriverTestExecutionListener@37313c65]
21:06:43.560 [main] DEBUG org.springframework.test.annotation.ProfileValueUtils - Retrieved @ProfileValueSourceConfiguration [null] for test class [edu.harvard.h2ms.service.LocationServiceTests]
21:06:43.561 [main] DEBUG org.springframework.test.annotation.ProfileValueUtils - Retrieved ProfileValueSource type [class org.springframework.test.annotation.SystemProfileValueSource] for class [edu.harvard.h2ms.service.LocationServiceTests]
21:06:43.561 [main] DEBUG org.springframework.test.annotation.ProfileValueUtils - Retrieved @ProfileValueSourceConfiguration [null] for test class [edu.harvard.h2ms.service.LocationServiceTests]
21:06:43.561 [main] DEBUG org.springframework.test.annotation.ProfileValueUtils - Retrieved ProfileValueSource type [class org.springframework.test.annotation.SystemProfileValueSource] for class [edu.harvard.h2ms.service.LocationServiceTests]
21:06:43.562 [main] DEBUG org.springframework.test.context.support.AbstractDirtiesContextTestExecutionListener - Before test class: context [DefaultTestContext@7486b455 testClass = LocationServiceTests, testInstance = [null], testMethod = [null], testException = [null], mergedContextConfiguration = [MergedContextConfiguration@660acfb testClass = LocationServiceTests, locations = '{}', classes = '{class edu.harvard.h2ms.H2MSRestAppInitializer}', contextInitializerClasses = '[]', activeProfiles = '{}', propertySourceLocations = '{}', propertySourceProperties = '{org.springframework.boot.test.context.SpringBootTestContextBootstrapper=true}', contextCustomizers = set[[ImportsContextCustomizer@5d908d47 key = [org.springframework.boot.autoconfigure.cache.CacheAutoConfiguration, org.springframework.boot.autoconfigure.data.jpa.JpaRepositoriesAutoConfiguration, org.springframework.boot.autoconfigure.flyway.FlywayAutoConfiguration, org.springframework.boot.autoconfigure.jdbc.DataSourceAutoConfiguration, org.springframework.boot.autoconfigure.jdbc.DataSourceTransactionManagerAutoConfiguration, org.springframework.boot.autoconfigure.jdbc.JdbcTemplateAutoConfiguration, org.springframework.boot.autoconfigure.liquibase.LiquibaseAutoConfiguration, org.springframework.boot.autoconfigure.orm.jpa.HibernateJpaAutoConfiguration, org.springframework.boot.autoconfigure.transaction.TransactionAutoConfiguration, org.springframework.boot.test.autoconfigure.jdbc.TestDatabaseAutoConfiguration, org.springframework.boot.test.autoconfigure.orm.jpa.TestEntityManagerAutoConfiguration]], org.springframework.boot.test.context.filter.ExcludeFilterContextCustomizer@1ee807c6, org.springframework.boot.test.json.DuplicateJsonObjectContextCustomizerFactory$DuplicateJsonObjectContextCustomizer@6cc7b4de, org.springframework.boot.test.mock.mockito.MockitoContextCustomizer@0, org.springframework.boot.test.autoconfigure.OverrideAutoConfigurationContextCustomizerFactory$DisableAutoConfigurationContextCustomizer@5e25a92e, org.springframework.boot.test.autoconfigure.filter.TypeExcludeFiltersContextCustomizer@351584c0, org.springframework.boot.test.autoconfigure.properties.PropertyMappingContextCustomizer@21f6a1b6, org.springframework.boot.test.autoconfigure.web.servlet.WebDriverContextCustomizerFactory$Customizer@1c72da34], contextLoader = 'org.springframework.boot.test.context.SpringBootContextLoader', parent = [null]]], class annotated with @DirtiesContext [false] with mode [null].
21:06:43.563 [main] DEBUG org.springframework.test.annotation.ProfileValueUtils - Retrieved @ProfileValueSourceConfiguration [null] for test class [edu.harvard.h2ms.service.LocationServiceTests]
21:06:43.563 [main] DEBUG org.springframework.test.annotation.ProfileValueUtils - Retrieved ProfileValueSource type [class org.springframework.test.annotation.SystemProfileValueSource] for class [edu.harvard.h2ms.service.LocationServiceTests]
21:06:43.564 [main] DEBUG org.springframework.test.context.support.DependencyInjectionTestExecutionListener - Performing dependency injection for test context [[DefaultTestContext@7486b455 testClass = LocationServiceTests, testInstance = edu.harvard.h2ms.service.LocationServiceTests@2d29b4ee, testMethod = [null], testException = [null], mergedContextConfiguration = [MergedContextConfiguration@660acfb testClass = LocationServiceTests, locations = '{}', classes = '{class edu.harvard.h2ms.H2MSRestAppInitializer}', contextInitializerClasses = '[]', activeProfiles = '{}', propertySourceLocations = '{}', propertySourceProperties = '{org.springframework.boot.test.context.SpringBootTestContextBootstrapper=true}', contextCustomizers = set[[ImportsContextCustomizer@5d908d47 key = [org.springframework.boot.autoconfigure.cache.CacheAutoConfiguration, org.springframework.boot.autoconfigure.data.jpa.JpaRepositoriesAutoConfiguration, org.springframework.boot.autoconfigure.flyway.FlywayAutoConfiguration, org.springframework.boot.autoconfigure.jdbc.DataSourceAutoConfiguration, org.springframework.boot.autoconfigure.jdbc.DataSourceTransactionManagerAutoConfiguration, org.springframework.boot.autoconfigure.jdbc.JdbcTemplateAutoConfiguration, org.springframework.boot.autoconfigure.liquibase.LiquibaseAutoConfiguration, org.springframework.boot.autoconfigure.orm.jpa.HibernateJpaAutoConfiguration, org.springframework.boot.autoconfigure.transaction.TransactionAutoConfiguration, org.springframework.boot.test.autoconfigure.jdbc.TestDatabaseAutoConfiguration, org.springframework.boot.test.autoconfigure.orm.jpa.TestEntityManagerAutoConfiguration]], org.springframework.boot.test.context.filter.ExcludeFilterContextCustomizer@1ee807c6, org.springframework.boot.test.json.DuplicateJsonObjectContextCustomizerFactory$DuplicateJsonObjectContextCustomizer@6cc7b4de, org.springframework.boot.test.mock.mockito.MockitoContextCustomizer@0, org.springframework.boot.test.autoconfigure.OverrideAutoConfigurationContextCustomizerFactory$DisableAutoConfigurationContextCustomizer@5e25a92e, org.springframework.boot.test.autoconfigure.filter.TypeExcludeFiltersContextCustomizer@351584c0, org.springframework.boot.test.autoconfigure.properties.PropertyMappingContextCustomizer@21f6a1b6, org.springframework.boot.test.autoconfigure.web.servlet.WebDriverContextCustomizerFactory$Customizer@1c72da34], contextLoader = 'org.springframework.boot.test.context.SpringBootContextLoader', parent = [null]]]].
21:06:43.620 [main] DEBUG org.springframework.core.env.StandardEnvironment - Adding PropertySource 'systemProperties' with lowest search precedence
21:06:43.620 [main] DEBUG org.springframework.core.env.StandardEnvironment - Adding PropertySource 'systemEnvironment' with lowest search precedence
21:06:43.620 [main] DEBUG org.springframework.core.env.StandardEnvironment - Initialized StandardEnvironment with PropertySources [MapPropertySource@652176954 {name='systemProperties', properties={java.runtime.name=OpenJDK Runtime Environment, sun.boot.library.path=/usr/lib/jvm/java-1.8.0-openjdk-1.8.0.161-0.b14.fc27.x86_64/jre/lib/amd64, java.vm.version=25.161-b14, java.vm.vendor=Oracle Corporation, java.vendor.url=http://java.oracle.com/, path.separator=:, java.vm.name=OpenJDK 64-Bit Server VM, file.encoding.pkg=sun.io, user.country=US, sun.java.launcher=SUN_STANDARD, sun.os.patch.level=unknown, java.vm.specification.name=Java Virtual Machine Specification, user.dir=/home/stbenjam/git/h2ms, java.runtime.version=1.8.0_161-b14, basedir=/home/stbenjam/git/h2ms, java.awt.graphicsenv=sun.awt.X11GraphicsEnvironment, java.endorsed.dirs=/usr/lib/jvm/java-1.8.0-openjdk-1.8.0.161-0.b14.fc27.x86_64/jre/lib/endorsed, os.arch=amd64, surefire.real.class.path=/home/stbenjam/git/h2ms/target/surefire/surefirebooter4923085358408019683.jar, java.io.tmpdir=/tmp, line.separator=
, java.vm.specification.vendor=Oracle Corporation, os.name=Linux, sun.jnu.encoding=UTF-8, java.library.path=/usr/java/packages/lib/amd64:/usr/lib64:/lib64:/lib:/usr/lib, surefire.test.class.path=/home/stbenjam/git/h2ms/target/test-classes:/home/stbenjam/git/h2ms/target/classes:/home/stbenjam/.m2/repository/org/springframework/boot/spring-boot-starter-data-rest/1.5.10.RELEASE/spring-boot-starter-data-rest-1.5.10.RELEASE.jar:/home/stbenjam/.m2/repository/org/springframework/boot/spring-boot-starter/1.5.10.RELEASE/spring-boot-starter-1.5.10.RELEASE.jar:/home/stbenjam/.m2/repository/org/springframework/boot/spring-boot/1.5.10.RELEASE/spring-boot-1.5.10.RELEASE.jar:/home/stbenjam/.m2/repository/org/springframework/boot/spring-boot-autoconfigure/1.5.10.RELEASE/spring-boot-autoconfigure-1.5.10.RELEASE.jar:/home/stbenjam/.m2/repository/org/springframework/boot/spring-boot-starter-logging/1.5.10.RELEASE/spring-boot-starter-logging-1.5.10.RELEASE.jar:/home/stbenjam/.m2/repository/ch/qos/logback/logback-classic/1.1.11/logback-classic-1.1.11.jar:/home/stbenjam/.m2/repository/ch/qos/logback/logback-core/1.1.11/logback-core-1.1.11.jar:/home/stbenjam/.m2/repository/org/slf4j/jul-to-slf4j/1.7.25/jul-to-slf4j-1.7.25.jar:/home/stbenjam/.m2/repository/org/slf4j/log4j-over-slf4j/1.7.25/log4j-over-slf4j-1.7.25.jar:/home/stbenjam/.m2/repository/org/yaml/snakeyaml/1.17/snakeyaml-1.17.jar:/home/stbenjam/.m2/repository/com/fasterxml/jackson/core/jackson-annotations/2.8.0/jackson-annotations-2.8.0.jar:/home/stbenjam/.m2/repository/org/springframework/data/spring-data-rest-webmvc/2.6.10.RELEASE/spring-data-rest-webmvc-2.6.10.RELEASE.jar:/home/stbenjam/.m2/repository/org/springframework/data/spring-data-rest-core/2.6.10.RELEASE/spring-data-rest-core-2.6.10.RELEASE.jar:/home/stbenjam/.m2/repository/org/atteo/evo-inflector/1.2.2/evo-inflector-1.2.2.jar:/home/stbenjam/.m2/repository/org/slf4j/jcl-over-slf4j/1.7.25/jcl-over-slf4j-1.7.25.jar:/home/stbenjam/.m2/repository/org/springframework/boot/spring-boot-starter-web/1.5.10.RELEASE/spring-boot-starter-web-1.5.10.RELEASE.jar:/home/stbenjam/.m2/repository/org/springframework/boot/spring-boot-starter-tomcat/1.5.10.RELEASE/spring-boot-starter-tomcat-1.5.10.RELEASE.jar:/home/stbenjam/.m2/repository/org/apache/tomcat/embed/tomcat-embed-core/8.5.27/tomcat-embed-core-8.5.27.jar:/home/stbenjam/.m2/repository/org/apache/tomcat/tomcat-annotations-api/8.5.27/tomcat-annotations-api-8.5.27.jar:/home/stbenjam/.m2/repository/org/apache/tomcat/embed/tomcat-embed-el/8.5.27/tomcat-embed-el-8.5.27.jar:/home/stbenjam/.m2/repository/org/apache/tomcat/embed/tomcat-embed-websocket/8.5.27/tomcat-embed-websocket-8.5.27.jar:/home/stbenjam/.m2/repository/org/hibernate/hibernate-validator/5.3.6.Final/hibernate-validator-5.3.6.Final.jar:/home/stbenjam/.m2/repository/javax/validation/validation-api/1.1.0.Final/validation-api-1.1.0.Final.jar:/home/stbenjam/.m2/repository/org/jboss/logging/jboss-logging/3.3.1.Final/jboss-logging-3.3.1.Final.jar:/home/stbenjam/.m2/repository/org/springframework/spring-web/4.3.14.RELEASE/spring-web-4.3.14.RELEASE.jar:/home/stbenjam/.m2/repository/org/springframework/spring-webmvc/4.3.14.RELEASE/spring-webmvc-4.3.14.RELEASE.jar:/home/stbenjam/.m2/repository/org/springframework/spring-expression/4.3.14.RELEASE/spring-expression-4.3.14.RELEASE.jar:/home/stbenjam/.m2/repository/org/springframework/boot/spring-boot-starter-thymeleaf/1.5.10.RELEASE/spring-boot-starter-thymeleaf-1.5.10.RELEASE.jar:/home/stbenjam/.m2/repository/org/thymeleaf/thymeleaf-spring4/2.1.6.RELEASE/thymeleaf-spring4-2.1.6.RELEASE.jar:/home/stbenjam/.m2/repository/org/thymeleaf/thymeleaf/2.1.6.RELEASE/thymeleaf-2.1.6.RELEASE.jar:/home/stbenjam/.m2/repository/ognl/ognl/3.0.8/ognl-3.0.8.jar:/home/stbenjam/.m2/repository/org/unbescape/unbescape/1.1.0.RELEASE/unbescape-1.1.0.RELEASE.jar:/home/stbenjam/.m2/repository/nz/net/ultraq/thymeleaf/thymeleaf-layout-dialect/1.4.0/thymeleaf-layout-dialect-1.4.0.jar:/home/stbenjam/.m2/repository/org/codehaus/groovy/groovy/2.4.13/groovy-2.4.13.jar:/home/stbenjam/.m2/repository/org/springframework/boot/spring-boot-starter-test/1.5.10.RELEASE/spring-boot-starter-test-1.5.10.RELEASE.jar:/home/stbenjam/.m2/repository/org/springframework/boot/spring-boot-test/1.5.10.RELEASE/spring-boot-test-1.5.10.RELEASE.jar:/home/stbenjam/.m2/repository/org/springframework/boot/spring-boot-test-autoconfigure/1.5.10.RELEASE/spring-boot-test-autoconfigure-1.5.10.RELEASE.jar:/home/stbenjam/.m2/repository/com/jayway/jsonpath/json-path/2.2.0/json-path-2.2.0.jar:/home/stbenjam/.m2/repository/net/minidev/json-smart/2.2.1/json-smart-2.2.1.jar:/home/stbenjam/.m2/repository/net/minidev/accessors-smart/1.1/accessors-smart-1.1.jar:/home/stbenjam/.m2/repository/org/ow2/asm/asm/5.0.3/asm-5.0.3.jar:/home/stbenjam/.m2/repository/junit/junit/4.12/junit-4.12.jar:/home/stbenjam/.m2/repository/org/assertj/assertj-core/2.6.0/assertj-core-2.6.0.jar:/home/stbenjam/.m2/repository/org/mockito/mockito-core/1.10.19/mockito-core-1.10.19.jar:/home/stbenjam/.m2/repository/org/objenesis/objenesis/2.1/objenesis-2.1.jar:/home/stbenjam/.m2/repository/org/hamcrest/hamcrest-core/1.3/hamcrest-core-1.3.jar:/home/stbenjam/.m2/repository/org/hamcrest/hamcrest-library/1.3/hamcrest-library-1.3.jar:/home/stbenjam/.m2/repository/org/skyscreamer/jsonassert/1.4.0/jsonassert-1.4.0.jar:/home/stbenjam/.m2/repository/org/springframework/spring-core/4.3.14.RELEASE/spring-core-4.3.14.RELEASE.jar:/home/stbenjam/.m2/repository/org/springframework/spring-test/4.3.14.RELEASE/spring-test-4.3.14.RELEASE.jar:/home/stbenjam/.m2/repository/org/springframework/restdocs/spring-restdocs-mockmvc/1.1.3.RELEASE/spring-restdocs-mockmvc-1.1.3.RELEASE.jar:/home/stbenjam/.m2/repository/org/springframework/restdocs/spring-restdocs-core/1.1.3.RELEASE/spring-restdocs-core-1.1.3.RELEASE.jar:/home/stbenjam/.m2/repository/javax/servlet/javax.servlet-api/3.1.0/javax.servlet-api-3.1.0.jar:/home/stbenjam/.m2/repository/org/springframework/boot/spring-boot-starter-data-jpa/1.5.10.RELEASE/spring-boot-starter-data-jpa-1.5.10.RELEASE.jar:/home/stbenjam/.m2/repository/org/springframework/boot/spring-boot-starter-aop/1.5.10.RELEASE/spring-boot-starter-aop-1.5.10.RELEASE.jar:/home/stbenjam/.m2/repository/org/aspectj/aspectjweaver/1.8.13/aspectjweaver-1.8.13.jar:/home/stbenjam/.m2/repository/org/springframework/boot/spring-boot-starter-jdbc/1.5.10.RELEASE/spring-boot-starter-jdbc-1.5.10.RELEASE.jar:/home/stbenjam/.m2/repository/org/apache/tomcat/tomcat-jdbc/8.5.27/tomcat-jdbc-8.5.27.jar:/home/stbenjam/.m2/repository/org/apache/tomcat/tomcat-juli/8.5.27/tomcat-juli-8.5.27.jar:/home/stbenjam/.m2/repository/org/springframework/spring-jdbc/4.3.14.RELEASE/spring-jdbc-4.3.14.RELEASE.jar:/home/stbenjam/.m2/repository/org/hibernate/hibernate-core/5.0.12.Final/hibernate-core-5.0.12.Final.jar:/home/stbenjam/.m2/repository/org/hibernate/javax/persistence/hibernate-jpa-2.1-api/1.0.0.Final/hibernate-jpa-2.1-api-1.0.0.Final.jar:/home/stbenjam/.m2/repository/org/javassist/javassist/3.21.0-GA/javassist-3.21.0-GA.jar:/home/stbenjam/.m2/repository/antlr/antlr/2.7.7/antlr-2.7.7.jar:/home/stbenjam/.m2/repository/org/jboss/jandex/2.0.0.Final/jandex-2.0.0.Final.jar:/home/stbenjam/.m2/repository/dom4j/dom4j/1.6.1/dom4j-1.6.1.jar:/home/stbenjam/.m2/repository/org/hibernate/common/hibernate-commons-annotations/5.0.1.Final/hibernate-commons-annotations-5.0.1.Final.jar:/home/stbenjam/.m2/repository/org/hibernate/hibernate-entitymanager/5.0.12.Final/hibernate-entitymanager-5.0.12.Final.jar:/home/stbenjam/.m2/repository/javax/transaction/javax.transaction-api/1.2/javax.transaction-api-1.2.jar:/home/stbenjam/.m2/repository/org/springframework/data/spring-data-jpa/1.11.10.RELEASE/spring-data-jpa-1.11.10.RELEASE.jar:/home/stbenjam/.m2/repository/org/springframework/data/spring-data-commons/1.13.10.RELEASE/spring-data-commons-1.13.10.RELEASE.jar:/home/stbenjam/.m2/repository/org/springframework/spring-orm/4.3.14.RELEASE/spring-orm-4.3.14.RELEASE.jar:/home/stbenjam/.m2/repository/org/springframework/spring-tx/4.3.14.RELEASE/spring-tx-4.3.14.RELEASE.jar:/home/stbenjam/.m2/repository/org/springframework/spring-aspects/4.3.14.RELEASE/spring-aspects-4.3.14.RELEASE.jar:/home/stbenjam/.m2/repository/com/h2database/h2/1.4.196/h2-1.4.196.jar:/home/stbenjam/.m2/repository/org/postgresql/postgresql/9.4-1206-jdbc42/postgresql-9.4-1206-jdbc42.jar:/home/stbenjam/.m2/repository/log4j/log4j/1.2.17/log4j-1.2.17.jar:/home/stbenjam/.m2/repository/com/google/guava/guava/19.0/guava-19.0.jar:/home/stbenjam/.m2/repository/javax/mail/mail/1.4/mail-1.4.jar:/home/stbenjam/.m2/repository/javax/activation/activation/1.1/activation-1.1.jar:/home/stbenjam/.m2/repository/org/springframework/boot/spring-boot-starter-security/1.5.10.RELEASE/spring-boot-starter-security-1.5.10.RELEASE.jar:/home/stbenjam/.m2/repository/org/springframework/spring-aop/4.3.14.RELEASE/spring-aop-4.3.14.RELEASE.jar:/home/stbenjam/.m2/repository/org/springframework/security/spring-security-config/4.2.4.RELEASE/spring-security-config-4.2.4.RELEASE.jar:/home/stbenjam/.m2/repository/org/springframework/security/spring-security-web/4.2.4.RELEASE/spring-security-web-4.2.4.RELEASE.jar:/home/stbenjam/.m2/repository/org/springframework/boot/spring-boot-starter-mail/1.4.3.RELEASE/spring-boot-starter-mail-1.4.3.RELEASE.jar:/home/stbenjam/.m2/repository/org/springframework/spring-context/4.3.14.RELEASE/spring-context-4.3.14.RELEASE.jar:/home/stbenjam/.m2/repository/com/sun/mail/javax.mail/1.5.6/javax.mail-1.5.6.jar:/home/stbenjam/.m2/repository/com/icegreen/greenmail/1.5.5/greenmail-1.5.5.jar:/home/stbenjam/.m2/repository/org/slf4j/slf4j-api/1.7.25/slf4j-api-1.7.25.jar:/home/stbenjam/.m2/repository/org/springframework/security/spring-security-test/4.2.4.RELEASE/spring-security-test-4.2.4.RELEASE.jar:/home/stbenjam/.m2/repository/org/springframework/security/spring-security-core/4.2.4.RELEASE/spring-security-core-4.2.4.RELEASE.jar:/home/stbenjam/.m2/repository/aopalliance/aopalliance/1.0/aopalliance-1.0.jar:/home/stbenjam/.m2/repository/org/springframework/security/oauth/spring-security-oauth2/2.0.14.RELEASE/spring-security-oauth2-2.0.14.RELEASE.jar:/home/stbenjam/.m2/repository/org/springframework/spring-beans/4.3.14.RELEASE/spring-beans-4.3.14.RELEASE.jar:/home/stbenjam/.m2/repository/commons-codec/commons-codec/1.10/commons-codec-1.10.jar:/home/stbenjam/.m2/repository/org/codehaus/jackson/jackson-mapper-asl/1.9.13/jackson-mapper-asl-1.9.13.jar:/home/stbenjam/.m2/repository/org/codehaus/jackson/jackson-core-asl/1.9.13/jackson-core-asl-1.9.13.jar:/home/stbenjam/.m2/repository/io/springfox/springfox-swagger2/2.8.0/springfox-swagger2-2.8.0.jar:/home/stbenjam/.m2/repository/io/swagger/swagger-annotations/1.5.14/swagger-annotations-1.5.14.jar:/home/stbenjam/.m2/repository/io/swagger/swagger-models/1.5.14/swagger-models-1.5.14.jar:/home/stbenjam/.m2/repository/io/springfox/springfox-spi/2.8.0/springfox-spi-2.8.0.jar:/home/stbenjam/.m2/repository/io/springfox/springfox-core/2.8.0/springfox-core-2.8.0.jar:/home/stbenjam/.m2/repository/net/bytebuddy/byte-buddy/1.7.9/byte-buddy-1.7.9.jar:/home/stbenjam/.m2/repository/io/springfox/springfox-schema/2.8.0/springfox-schema-2.8.0.jar:/home/stbenjam/.m2/repository/io/springfox/springfox-swagger-common/2.8.0/springfox-swagger-common-2.8.0.jar:/home/stbenjam/.m2/repository/io/springfox/springfox-spring-web/2.8.0/springfox-spring-web-2.8.0.jar:/home/stbenjam/.m2/repository/org/reflections/reflections/0.9.11/reflections-0.9.11.jar:/home/stbenjam/.m2/repository/com/fasterxml/classmate/1.3.4/classmate-1.3.4.jar:/home/stbenjam/.m2/repository/org/springframework/plugin/spring-plugin-core/1.2.0.RELEASE/spring-plugin-core-1.2.0.RELEASE.jar:/home/stbenjam/.m2/repository/org/springframework/plugin/spring-plugin-metadata/1.2.0.RELEASE/spring-plugin-metadata-1.2.0.RELEASE.jar:/home/stbenjam/.m2/repository/org/mapstruct/mapstruct/1.2.0.Final/mapstruct-1.2.0.Final.jar:/home/stbenjam/.m2/repository/io/springfox/springfox-swagger-ui/2.8.0/springfox-swagger-ui-2.8.0.jar:/home/stbenjam/.m2/repository/io/springfox/springfox-data-rest/2.8.0/springfox-data-rest-2.8.0.jar:/home/stbenjam/.m2/repository/org/springframework/hateoas/spring-hateoas/0.23.0.RELEASE/spring-hateoas-0.23.0.RELEASE.jar:/home/stbenjam/.m2/repository/org/usb4java/usb4java-javax/1.2.0/usb4java-javax-1.2.0.jar:/home/stbenjam/.m2/repository/javax/usb/usb-api/1.0.2/usb-api-1.0.2.jar:/home/stbenjam/.m2/repository/org/apache/commons/commons-lang3/3.2.1/commons-lang3-3.2.1.jar:/home/stbenjam/.m2/repository/org/usb4java/usb4java/1.2.0/usb4java-1.2.0.jar:/home/stbenjam/.m2/repository/org/usb4java/libusb4java/1.2.0/libusb4java-1.2.0-linux-x86.jar:/home/stbenjam/.m2/repository/org/usb4java/libusb4java/1.2.0/libusb4java-1.2.0-linux-x86_64.jar:/home/stbenjam/.m2/repository/org/usb4java/libusb4java/1.2.0/libusb4java-1.2.0-linux-arm.jar:/home/stbenjam/.m2/repository/org/usb4java/libusb4java/1.2.0/libusb4java-1.2.0-windows-x86.jar:/home/stbenjam/.m2/repository/org/usb4java/libusb4java/1.2.0/libusb4java-1.2.0-windows-x86_64.jar:/home/stbenjam/.m2/repository/org/usb4java/libusb4java/1.2.0/libusb4java-1.2.0-osx-x86.jar:/home/stbenjam/.m2/repository/org/usb4java/libusb4java/1.2.0/libusb4java-1.2.0-osx-x86_64.jar:/home/stbenjam/.m2/repository/org/mockito/mockito-all/1.9.5/mockito-all-1.9.5.jar:/home/stbenjam/.m2/repository/com/fasterxml/jackson/core/jackson-databind/2.5.0/jackson-databind-2.5.0.jar:/home/stbenjam/.m2/repository/com/fasterxml/jackson/core/jackson-core/2.8.10/jackson-core-2.8.10.jar:/home/stbenjam/.m2/repository/com/vaadin/external/google/android-json/0.0.20131108.vaadin1/android-json-0.0.20131108.vaadin1.jar:/home/stbenjam/.m2/repository/com/tngtech/java/junit-dataprovider/1.13.1/junit-dataprovider-1.13.1.jar:/home/stbenjam/.m2/repository/org/springframework/spring-context-support/3.2.0.RELEASE/spring-context-support-3.2.0.RELEASE.jar:, java.specification.name=Java Platform API Specification, java.class.version=52.0, sun.management.compiler=HotSpot 64-Bit Tiered Compilers, os.version=4.14.14-300.fc27.x86_64, user.home=/home/stbenjam, user.timezone=America/New_York, java.awt.printerjob=sun.print.PSPrinterJob, file.encoding=UTF-8, java.specification.version=1.8, java.class.path=/home/stbenjam/git/h2ms/target/test-classes:/home/stbenjam/git/h2ms/target/classes:/home/stbenjam/.m2/repository/org/springframework/boot/spring-boot-starter-data-rest/1.5.10.RELEASE/spring-boot-starter-data-rest-1.5.10.RELEASE.jar:/home/stbenjam/.m2/repository/org/springframework/boot/spring-boot-starter/1.5.10.RELEASE/spring-boot-starter-1.5.10.RELEASE.jar:/home/stbenjam/.m2/repository/org/springframework/boot/spring-boot/1.5.10.RELEASE/spring-boot-1.5.10.RELEASE.jar:/home/stbenjam/.m2/repository/org/springframework/boot/spring-boot-autoconfigure/1.5.10.RELEASE/spring-boot-autoconfigure-1.5.10.RELEASE.jar:/home/stbenjam/.m2/repository/org/springframework/boot/spring-boot-starter-logging/1.5.10.RELEASE/spring-boot-starter-logging-1.5.10.RELEASE.jar:/home/stbenjam/.m2/repository/ch/qos/logback/logback-classic/1.1.11/logback-classic-1.1.11.jar:/home/stbenjam/.m2/repository/ch/qos/logback/logback-core/1.1.11/logback-core-1.1.11.jar:/home/stbenjam/.m2/repository/org/slf4j/jul-to-slf4j/1.7.25/jul-to-slf4j-1.7.25.jar:/home/stbenjam/.m2/repository/org/slf4j/log4j-over-slf4j/1.7.25/log4j-over-slf4j-1.7.25.jar:/home/stbenjam/.m2/repository/org/yaml/snakeyaml/1.17/snakeyaml-1.17.jar:/home/stbenjam/.m2/repository/com/fasterxml/jackson/core/jackson-annotations/2.8.0/jackson-annotations-2.8.0.jar:/home/stbenjam/.m2/repository/org/springframework/data/spring-data-rest-webmvc/2.6.10.RELEASE/spring-data-rest-webmvc-2.6.10.RELEASE.jar:/home/stbenjam/.m2/repository/org/springframework/data/spring-data-rest-core/2.6.10.RELEASE/spring-data-rest-core-2.6.10.RELEASE.jar:/home/stbenjam/.m2/repository/org/atteo/evo-inflector/1.2.2/evo-inflector-1.2.2.jar:/home/stbenjam/.m2/repository/org/slf4j/jcl-over-slf4j/1.7.25/jcl-over-slf4j-1.7.25.jar:/home/stbenjam/.m2/repository/org/springframework/boot/spring-boot-starter-web/1.5.10.RELEASE/spring-boot-starter-web-1.5.10.RELEASE.jar:/home/stbenjam/.m2/repository/org/springframework/boot/spring-boot-starter-tomcat/1.5.10.RELEASE/spring-boot-starter-tomcat-1.5.10.RELEASE.jar:/home/stbenjam/.m2/repository/org/apache/tomcat/embed/tomcat-embed-core/8.5.27/tomcat-embed-core-8.5.27.jar:/home/stbenjam/.m2/repository/org/apache/tomcat/tomcat-annotations-api/8.5.27/tomcat-annotations-api-8.5.27.jar:/home/stbenjam/.m2/repository/org/apache/tomcat/embed/tomcat-embed-el/8.5.27/tomcat-embed-el-8.5.27.jar:/home/stbenjam/.m2/repository/org/apache/tomcat/embed/tomcat-embed-websocket/8.5.27/tomcat-embed-websocket-8.5.27.jar:/home/stbenjam/.m2/repository/org/hibernate/hibernate-validator/5.3.6.Final/hibernate-validator-5.3.6.Final.jar:/home/stbenjam/.m2/repository/javax/validation/validation-api/1.1.0.Final/validation-api-1.1.0.Final.jar:/home/stbenjam/.m2/repository/org/jboss/logging/jboss-logging/3.3.1.Final/jboss-logging-3.3.1.Final.jar:/home/stbenjam/.m2/repository/org/springframework/spring-web/4.3.14.RELEASE/spring-web-4.3.14.RELEASE.jar:/home/stbenjam/.m2/repository/org/springframework/spring-webmvc/4.3.14.RELEASE/spring-webmvc-4.3.14.RELEASE.jar:/home/stbenjam/.m2/repository/org/springframework/spring-expression/4.3.14.RELEASE/spring-expression-4.3.14.RELEASE.jar:/home/stbenjam/.m2/repository/org/springframework/boot/spring-boot-starter-thymeleaf/1.5.10.RELEASE/spring-boot-starter-thymeleaf-1.5.10.RELEASE.jar:/home/stbenjam/.m2/repository/org/thymeleaf/thymeleaf-spring4/2.1.6.RELEASE/thymeleaf-spring4-2.1.6.RELEASE.jar:/home/stbenjam/.m2/repository/org/thymeleaf/thymeleaf/2.1.6.RELEASE/thymeleaf-2.1.6.RELEASE.jar:/home/stbenjam/.m2/repository/ognl/ognl/3.0.8/ognl-3.0.8.jar:/home/stbenjam/.m2/repository/org/unbescape/unbescape/1.1.0.RELEASE/unbescape-1.1.0.RELEASE.jar:/home/stbenjam/.m2/repository/nz/net/ultraq/thymeleaf/thymeleaf-layout-dialect/1.4.0/thymeleaf-layout-dialect-1.4.0.jar:/home/stbenjam/.m2/repository/org/codehaus/groovy/groovy/2.4.13/groovy-2.4.13.jar:/home/stbenjam/.m2/repository/org/springframework/boot/spring-boot-starter-test/1.5.10.RELEASE/spring-boot-starter-test-1.5.10.RELEASE.jar:/home/stbenjam/.m2/repository/org/springframework/boot/spring-boot-test/1.5.10.RELEASE/spring-boot-test-1.5.10.RELEASE.jar:/home/stbenjam/.m2/repository/org/springframework/boot/spring-boot-test-autoconfigure/1.5.10.RELEASE/spring-boot-test-autoconfigure-1.5.10.RELEASE.jar:/home/stbenjam/.m2/repository/com/jayway/jsonpath/json-path/2.2.0/json-path-2.2.0.jar:/home/stbenjam/.m2/repository/net/minidev/json-smart/2.2.1/json-smart-2.2.1.jar:/home/stbenjam/.m2/repository/net/minidev/accessors-smart/1.1/accessors-smart-1.1.jar:/home/stbenjam/.m2/repository/org/ow2/asm/asm/5.0.3/asm-5.0.3.jar:/home/stbenjam/.m2/repository/junit/junit/4.12/junit-4.12.jar:/home/stbenjam/.m2/repository/org/assertj/assertj-core/2.6.0/assertj-core-2.6.0.jar:/home/stbenjam/.m2/repository/org/mockito/mockito-core/1.10.19/mockito-core-1.10.19.jar:/home/stbenjam/.m2/repository/org/objenesis/objenesis/2.1/objenesis-2.1.jar:/home/stbenjam/.m2/repository/org/hamcrest/hamcrest-core/1.3/hamcrest-core-1.3.jar:/home/stbenjam/.m2/repository/org/hamcrest/hamcrest-library/1.3/hamcrest-library-1.3.jar:/home/stbenjam/.m2/repository/org/skyscreamer/jsonassert/1.4.0/jsonassert-1.4.0.jar:/home/stbenjam/.m2/repository/org/springframework/spring-core/4.3.14.RELEASE/spring-core-4.3.14.RELEASE.jar:/home/stbenjam/.m2/repository/org/springframework/spring-test/4.3.14.RELEASE/spring-test-4.3.14.RELEASE.jar:/home/stbenjam/.m2/repository/org/springframework/restdocs/spring-restdocs-mockmvc/1.1.3.RELEASE/spring-restdocs-mockmvc-1.1.3.RELEASE.jar:/home/stbenjam/.m2/repository/org/springframework/restdocs/spring-restdocs-core/1.1.3.RELEASE/spring-restdocs-core-1.1.3.RELEASE.jar:/home/stbenjam/.m2/repository/javax/servlet/javax.servlet-api/3.1.0/javax.servlet-api-3.1.0.jar:/home/stbenjam/.m2/repository/org/springframework/boot/spring-boot-starter-data-jpa/1.5.10.RELEASE/spring-boot-starter-data-jpa-1.5.10.RELEASE.jar:/home/stbenjam/.m2/repository/org/springframework/boot/spring-boot-starter-aop/1.5.10.RELEASE/spring-boot-starter-aop-1.5.10.RELEASE.jar:/home/stbenjam/.m2/repository/org/aspectj/aspectjweaver/1.8.13/aspectjweaver-1.8.13.jar:/home/stbenjam/.m2/repository/org/springframework/boot/spring-boot-starter-jdbc/1.5.10.RELEASE/spring-boot-starter-jdbc-1.5.10.RELEASE.jar:/home/stbenjam/.m2/repository/org/apache/tomcat/tomcat-jdbc/8.5.27/tomcat-jdbc-8.5.27.jar:/home/stbenjam/.m2/repository/org/apache/tomcat/tomcat-juli/8.5.27/tomcat-juli-8.5.27.jar:/home/stbenjam/.m2/repository/org/springframework/spring-jdbc/4.3.14.RELEASE/spring-jdbc-4.3.14.RELEASE.jar:/home/stbenjam/.m2/repository/org/hibernate/hibernate-core/5.0.12.Final/hibernate-core-5.0.12.Final.jar:/home/stbenjam/.m2/repository/org/hibernate/javax/persistence/hibernate-jpa-2.1-api/1.0.0.Final/hibernate-jpa-2.1-api-1.0.0.Final.jar:/home/stbenjam/.m2/repository/org/javassist/javassist/3.21.0-GA/javassist-3.21.0-GA.jar:/home/stbenjam/.m2/repository/antlr/antlr/2.7.7/antlr-2.7.7.jar:/home/stbenjam/.m2/repository/org/jboss/jandex/2.0.0.Final/jandex-2.0.0.Final.jar:/home/stbenjam/.m2/repository/dom4j/dom4j/1.6.1/dom4j-1.6.1.jar:/home/stbenjam/.m2/repository/org/hibernate/common/hibernate-commons-annotations/5.0.1.Final/hibernate-commons-annotations-5.0.1.Final.jar:/home/stbenjam/.m2/repository/org/hibernate/hibernate-entitymanager/5.0.12.Final/hibernate-entitymanager-5.0.12.Final.jar:/home/stbenjam/.m2/repository/javax/transaction/javax.transaction-api/1.2/javax.transaction-api-1.2.jar:/home/stbenjam/.m2/repository/org/springframework/data/spring-data-jpa/1.11.10.RELEASE/spring-data-jpa-1.11.10.RELEASE.jar:/home/stbenjam/.m2/repository/org/springframework/data/spring-data-commons/1.13.10.RELEASE/spring-data-commons-1.13.10.RELEASE.jar:/home/stbenjam/.m2/repository/org/springframework/spring-orm/4.3.14.RELEASE/spring-orm-4.3.14.RELEASE.jar:/home/stbenjam/.m2/repository/org/springframework/spring-tx/4.3.14.RELEASE/spring-tx-4.3.14.RELEASE.jar:/home/stbenjam/.m2/repository/org/springframework/spring-aspects/4.3.14.RELEASE/spring-aspects-4.3.14.RELEASE.jar:/home/stbenjam/.m2/repository/com/h2database/h2/1.4.196/h2-1.4.196.jar:/home/stbenjam/.m2/repository/org/postgresql/postgresql/9.4-1206-jdbc42/postgresql-9.4-1206-jdbc42.jar:/home/stbenjam/.m2/repository/log4j/log4j/1.2.17/log4j-1.2.17.jar:/home/stbenjam/.m2/repository/com/google/guava/guava/19.0/guava-19.0.jar:/home/stbenjam/.m2/repository/javax/mail/mail/1.4/mail-1.4.jar:/home/stbenjam/.m2/repository/javax/activation/activation/1.1/activation-1.1.jar:/home/stbenjam/.m2/repository/org/springframework/boot/spring-boot-starter-security/1.5.10.RELEASE/spring-boot-starter-security-1.5.10.RELEASE.jar:/home/stbenjam/.m2/repository/org/springframework/spring-aop/4.3.14.RELEASE/spring-aop-4.3.14.RELEASE.jar:/home/stbenjam/.m2/repository/org/springframework/security/spring-security-config/4.2.4.RELEASE/spring-security-config-4.2.4.RELEASE.jar:/home/stbenjam/.m2/repository/org/springframework/security/spring-security-web/4.2.4.RELEASE/spring-security-web-4.2.4.RELEASE.jar:/home/stbenjam/.m2/repository/org/springframework/boot/spring-boot-starter-mail/1.4.3.RELEASE/spring-boot-starter-mail-1.4.3.RELEASE.jar:/home/stbenjam/.m2/repository/org/springframework/spring-context/4.3.14.RELEASE/spring-context-4.3.14.RELEASE.jar:/home/stbenjam/.m2/repository/com/sun/mail/javax.mail/1.5.6/javax.mail-1.5.6.jar:/home/stbenjam/.m2/repository/com/icegreen/greenmail/1.5.5/greenmail-1.5.5.jar:/home/stbenjam/.m2/repository/org/slf4j/slf4j-api/1.7.25/slf4j-api-1.7.25.jar:/home/stbenjam/.m2/repository/org/springframework/security/spring-security-test/4.2.4.RELEASE/spring-security-test-4.2.4.RELEASE.jar:/home/stbenjam/.m2/repository/org/springframework/security/spring-security-core/4.2.4.RELEASE/spring-security-core-4.2.4.RELEASE.jar:/home/stbenjam/.m2/repository/aopalliance/aopalliance/1.0/aopalliance-1.0.jar:/home/stbenjam/.m2/repository/org/springframework/security/oauth/spring-security-oauth2/2.0.14.RELEASE/spring-security-oauth2-2.0.14.RELEASE.jar:/home/stbenjam/.m2/repository/org/springframework/spring-beans/4.3.14.RELEASE/spring-beans-4.3.14.RELEASE.jar:/home/stbenjam/.m2/repository/commons-codec/commons-codec/1.10/commons-codec-1.10.jar:/home/stbenjam/.m2/repository/org/codehaus/jackson/jackson-mapper-asl/1.9.13/jackson-mapper-asl-1.9.13.jar:/home/stbenjam/.m2/repository/org/codehaus/jackson/jackson-core-asl/1.9.13/jackson-core-asl-1.9.13.jar:/home/stbenjam/.m2/repository/io/springfox/springfox-swagger2/2.8.0/springfox-swagger2-2.8.0.jar:/home/stbenjam/.m2/repository/io/swagger/swagger-annotations/1.5.14/swagger-annotations-1.5.14.jar:/home/stbenjam/.m2/repository/io/swagger/swagger-models/1.5.14/swagger-models-1.5.14.jar:/home/stbenjam/.m2/repository/io/springfox/springfox-spi/2.8.0/springfox-spi-2.8.0.jar:/home/stbenjam/.m2/repository/io/springfox/springfox-core/2.8.0/springfox-core-2.8.0.jar:/home/stbenjam/.m2/repository/net/bytebuddy/byte-buddy/1.7.9/byte-buddy-1.7.9.jar:/home/stbenjam/.m2/repository/io/springfox/springfox-schema/2.8.0/springfox-schema-2.8.0.jar:/home/stbenjam/.m2/repository/io/springfox/springfox-swagger-common/2.8.0/springfox-swagger-common-2.8.0.jar:/home/stbenjam/.m2/repository/io/springfox/springfox-spring-web/2.8.0/springfox-spring-web-2.8.0.jar:/home/stbenjam/.m2/repository/org/reflections/reflections/0.9.11/reflections-0.9.11.jar:/home/stbenjam/.m2/repository/com/fasterxml/classmate/1.3.4/classmate-1.3.4.jar:/home/stbenjam/.m2/repository/org/springframework/plugin/spring-plugin-core/1.2.0.RELEASE/spring-plugin-core-1.2.0.RELEASE.jar:/home/stbenjam/.m2/repository/org/springframework/plugin/spring-plugin-metadata/1.2.0.RELEASE/spring-plugin-metadata-1.2.0.RELEASE.jar:/home/stbenjam/.m2/repository/org/mapstruct/mapstruct/1.2.0.Final/mapstruct-1.2.0.Final.jar:/home/stbenjam/.m2/repository/io/springfox/springfox-swagger-ui/2.8.0/springfox-swagger-ui-2.8.0.jar:/home/stbenjam/.m2/repository/io/springfox/springfox-data-rest/2.8.0/springfox-data-rest-2.8.0.jar:/home/stbenjam/.m2/repository/org/springframework/hateoas/spring-hateoas/0.23.0.RELEASE/spring-hateoas-0.23.0.RELEASE.jar:/home/stbenjam/.m2/repository/org/usb4java/usb4java-javax/1.2.0/usb4java-javax-1.2.0.jar:/home/stbenjam/.m2/repository/javax/usb/usb-api/1.0.2/usb-api-1.0.2.jar:/home/stbenjam/.m2/repository/org/apache/commons/commons-lang3/3.2.1/commons-lang3-3.2.1.jar:/home/stbenjam/.m2/repository/org/usb4java/usb4java/1.2.0/usb4java-1.2.0.jar:/home/stbenjam/.m2/repository/org/usb4java/libusb4java/1.2.0/libusb4java-1.2.0-linux-x86.jar:/home/stbenjam/.m2/repository/org/usb4java/libusb4java/1.2.0/libusb4java-1.2.0-linux-x86_64.jar:/home/stbenjam/.m2/repository/org/usb4java/libusb4java/1.2.0/libusb4java-1.2.0-linux-arm.jar:/home/stbenjam/.m2/repository/org/usb4java/libusb4java/1.2.0/libusb4java-1.2.0-windows-x86.jar:/home/stbenjam/.m2/repository/org/usb4java/libusb4java/1.2.0/libusb4java-1.2.0-windows-x86_64.jar:/home/stbenjam/.m2/repository/org/usb4java/libusb4java/1.2.0/libusb4java-1.2.0-osx-x86.jar:/home/stbenjam/.m2/repository/org/usb4java/libusb4java/1.2.0/libusb4java-1.2.0-osx-x86_64.jar:/home/stbenjam/.m2/repository/org/mockito/mockito-all/1.9.5/mockito-all-1.9.5.jar:/home/stbenjam/.m2/repository/com/fasterxml/jackson/core/jackson-databind/2.5.0/jackson-databind-2.5.0.jar:/home/stbenjam/.m2/repository/com/fasterxml/jackson/core/jackson-core/2.8.10/jackson-core-2.8.10.jar:/home/stbenjam/.m2/repository/com/vaadin/external/google/android-json/0.0.20131108.vaadin1/android-json-0.0.20131108.vaadin1.jar:/home/stbenjam/.m2/repository/com/tngtech/java/junit-dataprovider/1.13.1/junit-dataprovider-1.13.1.jar:/home/stbenjam/.m2/repository/org/springframework/spring-context-support/3.2.0.RELEASE/spring-context-support-3.2.0.RELEASE.jar:, user.name=stbenjam, java.vm.specification.version=1.8, sun.java.command=/home/stbenjam/git/h2ms/target/surefire/surefirebooter4923085358408019683.jar /home/stbenjam/git/h2ms/target/surefire/surefire6384590864609753023tmp /home/stbenjam/git/h2ms/target/surefire/surefire_07365849549389595586tmp, java.home=/usr/lib/jvm/java-1.8.0-openjdk-1.8.0.161-0.b14.fc27.x86_64/jre, sun.arch.data.model=64, user.language=en, java.specification.vendor=Oracle Corporation, awt.toolkit=sun.awt.X11.XToolkit, java.vm.info=mixed mode, java.version=1.8.0_161, java.ext.dirs=/usr/lib/jvm/java-1.8.0-openjdk-1.8.0.161-0.b14.fc27.x86_64/jre/lib/ext:/usr/java/packages/lib/ext, sun.boot.class.path=/usr/lib/jvm/java-1.8.0-openjdk-1.8.0.161-0.b14.fc27.x86_64/jre/lib/resources.jar:/usr/lib/jvm/java-1.8.0-openjdk-1.8.0.161-0.b14.fc27.x86_64/jre/lib/rt.jar:/usr/lib/jvm/java-1.8.0-openjdk-1.8.0.161-0.b14.fc27.x86_64/jre/lib/sunrsasign.jar:/usr/lib/jvm/java-1.8.0-openjdk-1.8.0.161-0.b14.fc27.x86_64/jre/lib/jsse.jar:/usr/lib/jvm/java-1.8.0-openjdk-1.8.0.161-0.b14.fc27.x86_64/jre/lib/jce.jar:/usr/lib/jvm/java-1.8.0-openjdk-1.8.0.161-0.b14.fc27.x86_64/jre/lib/charsets.jar:/usr/lib/jvm/java-1.8.0-openjdk-1.8.0.161-0.b14.fc27.x86_64/jre/lib/jfr.jar:/usr/lib/jvm/java-1.8.0-openjdk-1.8.0.161-0.b14.fc27.x86_64/jre/classes, java.vendor=Oracle Corporation, localRepository=/home/stbenjam/.m2/repository, file.separator=/, java.vendor.url.bug=http://bugreport.sun.com/bugreport/, sun.io.unicode.encoding=UnicodeLittle, sun.cpu.endian=little, sun.desktop=gnome, sun.cpu.isalist=}}, SystemEnvironmentPropertySource@1245065720 {name='systemEnvironment', properties={IRBRC=/home/stbenjam/.rvm/rubies/ruby-2.3.3/.irbrc, PATH=/home/stbenjam/.rvm/gems/ruby-2.3.3/bin:/home/stbenjam/.rvm/gems/ruby-2.3.3@global/bin:/home/stbenjam/.rvm/rubies/ruby-2.3.3/bin:/usr/local/bin:/usr/bin:/bin:/usr/local/sbin:/usr/sbin:/home/stbenjam/.local/bin:/home/stbenjam/bin:/home/stbenjam/.rvm/bin, rvm_silent_flag=, HISTCONTROL=ignoredups, XMODIFIERS=@im=ibus, GDMSESSION=gnome-xorg, rvm_quiet_flag=, GUESTFISH_RESTORE=\e[0m, DBUS_SESSION_BUS_ADDRESS=unix:path=/run/user/1000/bus,guid=0ff0c73f492cc1dc3846ae835aac7cd0, COLORTERM=truecolor, rvm_ruby_make_install=, rvm_niceness=, SESSION_MANAGER=local/unix:@/tmp/.ICE-unix/1818,unix/unix:/tmp/.ICE-unix/1818, USERNAME=stbenjam, rvm_version=1.29.1 (latest), PWD=/home/stbenjam/git/h2ms, MANAGERPID=1759, LESSOPEN=||/usr/bin/lesspipe.sh %s, PAGER=less, QTINC=/usr/lib64/qt-3.3/include, rvm_hook=, rvm_wrapper_name=, MY_RUBY_HOME=/home/stbenjam/.rvm/rubies/ruby-2.3.3, rvm_nightly_flag=, ZSH=/home/stbenjam/.oh-my-zsh, rvm_path=/home/stbenjam/.rvm, GUESTFISH_INIT=\e[1;34m, GNOME_DESKTOP_SESSION_ID=this-is-deprecated, SYSTEMD_NSS_BYPASS_BUS=1, DBUS_STARTER_ADDRESS=unix:path=/run/user/1000/bus,guid=0ff0c73f492cc1dc3846ae835aac7cd0, LC_CTYPE=en_US.UTF-8, SHLVL=2, LOADEDMODULES=, HISTSIZE=10000, JAVA_HOME=/usr/lib/jvm/java-1.8.0-openjdk-1.8.0.161-0.b14.fc27.x86_64, TERM=xterm-256color, XDG_SESSION_ID=2, rvm_script_name=, rvm_ruby_make=, rvm_docs_type=, _=/usr/lib/jvm/java-1.8.0-openjdk-1.8.0.161-0.b14.fc27.x86_64/jre/bin/java, MAVEN_PROJECTBASEDIR=/home/stbenjam/git/h2ms, DESKTOP_SESSION=gnome-xorg, XDG_MENU_PREFIX=gnome-, VTE_VERSION=5002, rvm_alias_expanded=, rvm_ruby_bits=, GEM_PATH=/home/stbenjam/.rvm/gems/ruby-2.3.3:/home/stbenjam/.rvm/gems/ruby-2.3.3@global, TILIX_ID=df6230d2-2679-42ab-bd7f-667d05988153, XAUTHORITY=/run/user/1000/gdm/Xauthority, INVOCATION_ID=2a8a59bd24d3424f8a519125eeaea755, XDG_DATA_DIRS=/home/stbenjam/.local/share/flatpak/exports/share/:/var/lib/flatpak/exports/share/:/usr/local/share/:/usr/share/, MODULEPATH=/etc/scl/modulefiles:/etc/scl/modulefiles:/usr/share/Modules/modulefiles:/etc/modulefiles:/usr/share/modulefiles, rvm_bin_flag=, VAGRANT_DEFAULT_PROVIDER=libvirt, XDG_CURRENT_DESKTOP=GNOME, JOURNAL_STREAM=9:35277, MAIL=/var/spool/mail/stbenjam, rvm_ruby_mode=, LOGNAME=stbenjam, rvm_proxy=, SHELL=/bin/zsh, rvm_sdk=, OLDPWD=/home/stbenjam/git/h2ms, GEM_HOME=/home/stbenjam/.rvm/gems/ruby-2.3.3, rvm_use_flag=, GIT=/bin/git, RUBY_VERSION=ruby-2.3.3, _system_name=Fedora, LESS=-R, XDG_SESSION_DESKTOP=gnome-xorg, LS_COLORS=rs=0:di=38;5;33:ln=38;5;51:mh=00:pi=40;38;5;11:so=38;5;13:do=38;5;5:bd=48;5;232;38;5;11:cd=48;5;232;38;5;3:or=48;5;232;38;5;9:mi=01;05;37;41:su=48;5;196;38;5;15:sg=48;5;11;38;5;16:ca=48;5;196;38;5;226:tw=48;5;10;38;5;16:ow=48;5;10;38;5;21:st=48;5;21;38;5;15:ex=38;5;40:*.tar=38;5;9:*.tgz=38;5;9:*.arc=38;5;9:*.arj=38;5;9:*.taz=38;5;9:*.lha=38;5;9:*.lz4=38;5;9:*.lzh=38;5;9:*.lzma=38;5;9:*.tlz=38;5;9:*.txz=38;5;9:*.tzo=38;5;9:*.t7z=38;5;9:*.zip=38;5;9:*.z=38;5;9:*.Z=38;5;9:*.dz=38;5;9:*.gz=38;5;9:*.lrz=38;5;9:*.lz=38;5;9:*.lzo=38;5;9:*.xz=38;5;9:*.zst=38;5;9:*.tzst=38;5;9:*.bz2=38;5;9:*.bz=38;5;9:*.tbz=38;5;9:*.tbz2=38;5;9:*.tz=38;5;9:*.deb=38;5;9:*.rpm=38;5;9:*.jar=38;5;9:*.war=38;5;9:*.ear=38;5;9:*.sar=38;5;9:*.rar=38;5;9:*.alz=38;5;9:*.ace=38;5;9:*.zoo=38;5;9:*.cpio=38;5;9:*.7z=38;5;9:*.rz=38;5;9:*.cab=38;5;9:*.wim=38;5;9:*.swm=38;5;9:*.dwm=38;5;9:*.esd=38;5;9:*.jpg=38;5;13:*.jpeg=38;5;13:*.mjpg=38;5;13:*.mjpeg=38;5;13:*.gif=38;5;13:*.bmp=38;5;13:*.pbm=38;5;13:*.pgm=38;5;13:*.ppm=38;5;13:*.tga=38;5;13:*.xbm=38;5;13:*.xpm=38;5;13:*.tif=38;5;13:*.tiff=38;5;13:*.png=38;5;13:*.svg=38;5;13:*.svgz=38;5;13:*.mng=38;5;13:*.pcx=38;5;13:*.mov=38;5;13:*.mpg=38;5;13:*.mpeg=38;5;13:*.m2v=38;5;13:*.mkv=38;5;13:*.webm=38;5;13:*.ogm=38;5;13:*.mp4=38;5;13:*.m4v=38;5;13:*.mp4v=38;5;13:*.vob=38;5;13:*.qt=38;5;13:*.nuv=38;5;13:*.wmv=38;5;13:*.asf=38;5;13:*.rm=38;5;13:*.rmvb=38;5;13:*.flc=38;5;13:*.avi=38;5;13:*.fli=38;5;13:*.flv=38;5;13:*.gl=38;5;13:*.dl=38;5;13:*.xcf=38;5;13:*.xwd=38;5;13:*.yuv=38;5;13:*.cgm=38;5;13:*.emf=38;5;13:*.ogv=38;5;13:*.ogx=38;5;13:*.aac=38;5;45:*.au=38;5;45:*.flac=38;5;45:*.m4a=38;5;45:*.mid=38;5;45:*.midi=38;5;45:*.mka=38;5;45:*.mp3=38;5;45:*.mpc=38;5;45:*.ogg=38;5;45:*.ra=38;5;45:*.wav=38;5;45:*.oga=38;5;45:*.opus=38;5;45:*.spx=38;5;45:*.xspf=38;5;45:, rvm_gemstone_package_file=, _system_arch=x86_64, rvm_bin_path=/home/stbenjam/.rvm/bin, QT_IM_MODULE=ibus, rvm_only_path_flag=, rvm_prefix=/home/stbenjam, LANG=en_US.UTF-8, XDG_SESSION_TYPE=x11, DISPLAY=:0, rvm_gemstone_url=, GDM_LANG=en_US.UTF-8, GUESTFISH_PS1=\[\e[1;32m\]><fs>\[\e[0;31m\] , LSCOLORS=Gxfxcxdxbxegedabagacad, _system_type=Linux, _system_version=27, GPG_TTY=/dev/pts/1, USER=stbenjam, rvm_ruby_file=, WINDOWPATH=2, XDG_SEAT=seat0, SSH_AUTH_SOCK=/run/user/1000/keyring/ssh, EDITOR=vim, HOSTNAME=ancient.bitbin.de, MODULESHOME=/usr/share/Modules, QTDIR=/usr/lib64/qt-3.3, XDG_RUNTIME_DIR=/run/user/1000, XDG_VTNR=2, GUESTFISH_OUTPUT=\e[0m, DBUS_STARTER_BUS_TYPE=session, QTLIB=/usr/lib64/qt-3.3/lib, HOME=/home/stbenjam}}]
21:06:43.621 [main] DEBUG org.springframework.core.env.MutablePropertySources - Adding PropertySource 'inline' with highest search precedence
21:06:43.625 [main] DEBUG org.springframework.test.context.support.TestPropertySourceUtils - Adding inlined properties to environment: {spring.jmx.enabled=false, org.springframework.boot.test.context.SpringBootTestContextBootstrapper=true, server.port=-1}
21:06:43.625 [main] DEBUG org.springframework.core.env.StandardEnvironment - Adding PropertySource 'Inlined Test Properties' with highest search precedence

  .   ____          _            __ _ _
 /\\ / ___'_ __ _ _(_)_ __  __ _ \ \ \ \
( ( )\___ | '_ | '_| | '_ \/ _` | \ \ \ \
 \\/  ___)| |_)| | | | | || (_| |  ) ) ) )
  '  |____| .__|_| |_|_| |_\__, | / / / /
 =========|_|==============|___/=/_/_/_/
 :: Spring Boot ::       (v1.5.10.RELEASE)

2018-03-31 21:06:43.890  INFO 15922 --- [           main] e.h.h2ms.service.LocationServiceTests    : Starting LocationServiceTests on ancient.bitbin.de with PID 15922 (started by stbenjam in /home/stbenjam/git/h2ms)
2018-03-31 21:06:43.891  INFO 15922 --- [           main] e.h.h2ms.service.LocationServiceTests    : No active profile set, falling back to default profiles: default
2018-03-31 21:06:44.081  INFO 15922 --- [           main] s.c.a.AnnotationConfigApplicationContext : Refreshing org.springframework.context.annotation.AnnotationConfigApplicationContext@76884e4b: startup date [Sat Mar 31 21:06:44 EDT 2018]; root of context hierarchy
2018-03-31 21:06:44.614  INFO 15922 --- [           main] beddedDataSourceBeanFactoryPostProcessor : Replacing 'dataSource' DataSource bean with embedded version
2018-03-31 21:06:44.615  INFO 15922 --- [           main] o.s.b.f.s.DefaultListableBeanFactory     : Overriding bean definition for bean 'dataSource' with a different definition: replacing [Root bean: class [null]; scope=; abstract=false; lazyInit=false; autowireMode=3; dependencyCheck=0; autowireCandidate=true; primary=false; factoryBeanName=org.springframework.boot.autoconfigure.jdbc.DataSourceConfiguration$Tomcat; factoryMethodName=dataSource; initMethodName=null; destroyMethodName=(inferred); defined in class path resource [org/springframework/boot/autoconfigure/jdbc/DataSourceConfiguration$Tomcat.class]] with [Root bean: class [org.springframework.boot.test.autoconfigure.jdbc.TestDatabaseAutoConfiguration$EmbeddedDataSourceFactoryBean]; scope=; abstract=false; lazyInit=false; autowireMode=0; dependencyCheck=0; autowireCandidate=true; primary=false; factoryBeanName=null; factoryMethodName=null; initMethodName=null; destroyMethodName=null]
2018-03-31 21:06:44.882  INFO 15922 --- [           main] o.s.j.d.e.EmbeddedDatabaseFactory        : Starting embedded database: url='jdbc:h2:mem:738eac39-c65d-4174-a8ef-0083693c13a2;DB_CLOSE_DELAY=-1;DB_CLOSE_ON_EXIT=false', username='sa'
2018-03-31 21:06:45.432  INFO 15922 --- [           main] j.LocalContainerEntityManagerFactoryBean : Building JPA container EntityManagerFactory for persistence unit 'default'
2018-03-31 21:06:45.461  INFO 15922 --- [           main] o.hibernate.jpa.internal.util.LogHelper  : HHH000204: Processing PersistenceUnitInfo [
	name: default
	...]
2018-03-31 21:06:45.573  INFO 15922 --- [           main] org.hibernate.Version                    : HHH000412: Hibernate Core {5.0.12.Final}
2018-03-31 21:06:45.575  INFO 15922 --- [           main] org.hibernate.cfg.Environment            : HHH000206: hibernate.properties not found
2018-03-31 21:06:45.577  INFO 15922 --- [           main] org.hibernate.cfg.Environment            : HHH000021: Bytecode provider name : javassist
2018-03-31 21:06:45.639  INFO 15922 --- [           main] o.hibernate.annotations.common.Version   : HCANN000001: Hibernate Commons Annotations {5.0.1.Final}
2018-03-31 21:06:45.771  INFO 15922 --- [           main] org.hibernate.dialect.Dialect            : HHH000400: Using dialect: org.hibernate.dialect.H2Dialect
2018-03-31 21:06:46.390  INFO 15922 --- [           main] org.hibernate.tool.hbm2ddl.SchemaExport  : HHH000227: Running hbm2ddl schema export
Hibernate: drop table answer if exists
Hibernate: drop table event if exists
Hibernate: drop table event_template if exists
Hibernate: drop table h2msrole if exists
Hibernate: drop table location if exists
Hibernate: drop table question if exists
Hibernate: drop table question_options if exists
Hibernate: drop table reader if exists
Hibernate: drop table user_role if exists
Hibernate: drop table users if exists
Hibernate: drop table wrist_band if exists
Hibernate: create table answer (id bigint generated by default as identity, answer_type varchar(255) not null, value varchar(255), event_id bigint, question_id bigint, primary key (id))
Hibernate: create table event (id bigint generated by default as identity, location varchar(255) not null, timestamp timestamp not null, event_template_id bigint not null, observer_id bigint not null, subject_id bigint not null, primary key (id))
Hibernate: create table event_template (id bigint generated by default as identity, name varchar(255) not null, primary key (id))
Hibernate: create table h2msrole (id bigint generated by default as identity, name varchar(255), primary key (id))
Hibernate: create table location (id bigint generated by default as identity, address varchar(255), country varchar(255), name varchar(255), type varchar(255), zip varchar(255), parent_id bigint, parent bigint, primary key (id))
Hibernate: create table question (id bigint generated by default as identity, answer_type varchar(255) not null, priority integer not null, question varchar(255) not null, required boolean not null, event_template_id bigint, primary key (id))
Hibernate: create table question_options (question_id bigint not null, options varchar(255))
Hibernate: create table reader (id bigint generated by default as identity, brand_name varchar(255), capacity varchar(255), charge_time varchar(255), model_number varchar(255), order_number integer, voltage varchar(255), primary key (id))
Hibernate: create table user_role (user_id bigint not null, role_id bigint not null, primary key (user_id, role_id))
Hibernate: create table users (id bigint generated by default as identity, created_on timestamp, email varchar(255) not null, enabled boolean, first_name varchar(255) not null, last_login timestamp, last_name varchar(255) not null, middle_name varchar(255), notification_frequency varchar(255), password varchar(255) not null, reset_token varchar(255), type varchar(255), primary key (id))
Hibernate: create table wrist_band (id bigint generated by default as identity, bit_format varchar(255), color varchar(255), laser_engraved boolean, order_number integer, sku varchar(255), primary key (id))
Hibernate: alter table users add constraint UK_6dotkott2kjsp8vw4d0m25fb7 unique (email)
Hibernate: alter table answer add constraint FKhyn1ywsrt6rxgi79g73fbg2h9 foreign key (event_id) references event
Hibernate: alter table answer add constraint FK8frr4bcabmmeyyu60qt7iiblo foreign key (question_id) references question
Hibernate: alter table event add constraint FKgfsn4ag41954gfg40gmrwib2q foreign key (event_template_id) references event_template
Hibernate: alter table event add constraint FKjs3rogwcqbcsduon6uvailjd6 foreign key (observer_id) references users
Hibernate: alter table event add constraint FK3niylmreok2j1hfoua3xmeydy foreign key (subject_id) references users
Hibernate: alter table location add constraint FKm5xl34yboc8re75qsac6svt6g foreign key (parent_id) references location
Hibernate: alter table location add constraint FKfansd4i9xv9x97fyq62yq3yh9 foreign key (parent) references location
Hibernate: alter table question add constraint FKmthmx291pg64rij16qshkx6o4 foreign key (event_template_id) references event_template
Hibernate: alter table question_options add constraint FKjk4v42xhyfv4ca1yyhorsg5tv foreign key (question_id) references question
Hibernate: alter table user_role add constraint FKmpa6lwndu56ekdvo6qlyudgmq foreign key (role_id) references h2msrole
Hibernate: alter table user_role add constraint FKj345gk1bovqvfame88rcx7yyx foreign key (user_id) references users
2018-03-31 21:06:46.446  INFO 15922 --- [           main] org.hibernate.tool.hbm2ddl.SchemaExport  : HHH000230: Schema export complete
2018-03-31 21:06:46.502  INFO 15922 --- [           main] j.LocalContainerEntityManagerFactoryBean : Initialized JPA EntityManagerFactory for persistence unit 'default'
2018-03-31 21:06:46.987  INFO 15922 --- [           main] e.h.h2ms.service.LocationServiceTests    : Started LocationServiceTests in 3.361 seconds (JVM running for 4.691)
2018-03-31 21:06:47.041  INFO 15922 --- [           main] o.s.t.c.transaction.TransactionContext   : Began transaction (1) for test context [DefaultTestContext@7486b455 testClass = LocationServiceTests, testInstance = edu.harvard.h2ms.service.LocationServiceTests@2d29b4ee, testMethod = whenFindByName_thenReturnLocation@LocationServiceTests, testException = [null], mergedContextConfiguration = [MergedContextConfiguration@660acfb testClass = LocationServiceTests, locations = '{}', classes = '{class edu.harvard.h2ms.H2MSRestAppInitializer}', contextInitializerClasses = '[]', activeProfiles = '{}', propertySourceLocations = '{}', propertySourceProperties = '{org.springframework.boot.test.context.SpringBootTestContextBootstrapper=true}', contextCustomizers = set[[ImportsContextCustomizer@5d908d47 key = [org.springframework.boot.autoconfigure.cache.CacheAutoConfiguration, org.springframework.boot.autoconfigure.data.jpa.JpaRepositoriesAutoConfiguration, org.springframework.boot.autoconfigure.flyway.FlywayAutoConfiguration, org.springframework.boot.autoconfigure.jdbc.DataSourceAutoConfiguration, org.springframework.boot.autoconfigure.jdbc.DataSourceTransactionManagerAutoConfiguration, org.springframework.boot.autoconfigure.jdbc.JdbcTemplateAutoConfiguration, org.springframework.boot.autoconfigure.liquibase.LiquibaseAutoConfiguration, org.springframework.boot.autoconfigure.orm.jpa.HibernateJpaAutoConfiguration, org.springframework.boot.autoconfigure.transaction.TransactionAutoConfiguration, org.springframework.boot.test.autoconfigure.jdbc.TestDatabaseAutoConfiguration, org.springframework.boot.test.autoconfigure.orm.jpa.TestEntityManagerAutoConfiguration]], org.springframework.boot.test.context.filter.ExcludeFilterContextCustomizer@1ee807c6, org.springframework.boot.test.json.DuplicateJsonObjectContextCustomizerFactory$DuplicateJsonObjectContextCustomizer@6cc7b4de, org.springframework.boot.test.mock.mockito.MockitoContextCustomizer@0, org.springframework.boot.test.autoconfigure.OverrideAutoConfigurationContextCustomizerFactory$DisableAutoConfigurationContextCustomizer@5e25a92e, org.springframework.boot.test.autoconfigure.filter.TypeExcludeFiltersContextCustomizer@351584c0, org.springframework.boot.test.autoconfigure.properties.PropertyMappingContextCustomizer@21f6a1b6, org.springframework.boot.test.autoconfigure.web.servlet.WebDriverContextCustomizerFactory$Customizer@1c72da34], contextLoader = 'org.springframework.boot.test.context.SpringBootContextLoader', parent = [null]]]; transaction manager [org.springframework.orm.jpa.JpaTransactionManager@1b7554d4]; rollback [true]
Hibernate: insert into location (id, address, country, name, parent_id, type, zip) values (null, ?, ?, ?, ?, ?, ?)
2018-03-31 21:06:47.153  INFO 15922 --- [           main] o.h.h.i.QueryTranslatorFactoryInitiator  : HHH000397: Using ASTQueryTranslatorFactory
Hibernate: select location0_.id as id1_4_, location0_.address as address2_4_, location0_.country as country3_4_, location0_.name as name4_4_, location0_.parent_id as parent_i7_4_, location0_.type as type5_4_, location0_.zip as zip6_4_ from location location0_ where location0_.name=?
Hibernate: insert into location (id, address, country, name, parent_id, type, zip) values (null, ?, ?, ?, ?, ?, ?)
Hibernate: select location0_.id as id1_4_, location0_.address as address2_4_, location0_.country as country3_4_, location0_.name as name4_4_, location0_.parent_id as parent_i7_4_, location0_.type as type5_4_, location0_.zip as zip6_4_ from location location0_ where location0_.name=?
2018-03-31 21:06:47.332  INFO 15922 --- [           main] o.s.t.c.transaction.TransactionContext   : Rolled back transaction for test context [DefaultTestContext@7486b455 testClass = LocationServiceTests, testInstance = edu.harvard.h2ms.service.LocationServiceTests@2d29b4ee, testMethod = whenFindByName_thenReturnLocation@LocationServiceTests, testException = [null], mergedContextConfiguration = [MergedContextConfiguration@660acfb testClass = LocationServiceTests, locations = '{}', classes = '{class edu.harvard.h2ms.H2MSRestAppInitializer}', contextInitializerClasses = '[]', activeProfiles = '{}', propertySourceLocations = '{}', propertySourceProperties = '{org.springframework.boot.test.context.SpringBootTestContextBootstrapper=true}', contextCustomizers = set[[ImportsContextCustomizer@5d908d47 key = [org.springframework.boot.autoconfigure.cache.CacheAutoConfiguration, org.springframework.boot.autoconfigure.data.jpa.JpaRepositoriesAutoConfiguration, org.springframework.boot.autoconfigure.flyway.FlywayAutoConfiguration, org.springframework.boot.autoconfigure.jdbc.DataSourceAutoConfiguration, org.springframework.boot.autoconfigure.jdbc.DataSourceTransactionManagerAutoConfiguration, org.springframework.boot.autoconfigure.jdbc.JdbcTemplateAutoConfiguration, org.springframework.boot.autoconfigure.liquibase.LiquibaseAutoConfiguration, org.springframework.boot.autoconfigure.orm.jpa.HibernateJpaAutoConfiguration, org.springframework.boot.autoconfigure.transaction.TransactionAutoConfiguration, org.springframework.boot.test.autoconfigure.jdbc.TestDatabaseAutoConfiguration, org.springframework.boot.test.autoconfigure.orm.jpa.TestEntityManagerAutoConfiguration]], org.springframework.boot.test.context.filter.ExcludeFilterContextCustomizer@1ee807c6, org.springframework.boot.test.json.DuplicateJsonObjectContextCustomizerFactory$DuplicateJsonObjectContextCustomizer@6cc7b4de, org.springframework.boot.test.mock.mockito.MockitoContextCustomizer@0, org.springframework.boot.test.autoconfigure.OverrideAutoConfigurationContextCustomizerFactory$DisableAutoConfigurationContextCustomizer@5e25a92e, org.springframework.boot.test.autoconfigure.filter.TypeExcludeFiltersContextCustomizer@351584c0, org.springframework.boot.test.autoconfigure.properties.PropertyMappingContextCustomizer@21f6a1b6, org.springframework.boot.test.autoconfigure.web.servlet.WebDriverContextCustomizerFactory$Customizer@1c72da34], contextLoader = 'org.springframework.boot.test.context.SpringBootContextLoader', parent = [null]]].
Tests run: 1, Failures: 0, Errors: 0, Skipped: 0, Time elapsed: 3.782 sec - in edu.harvard.h2ms.service.LocationServiceTests
Running edu.harvard.h2ms.service.UserDetailsServiceTest
2018-03-31 21:06:47.335  INFO 15922 --- [           main] o.s.t.c.s.DefaultTestContextBootstrapper : Neither @ContextConfiguration nor @ContextHierarchy found for test class [edu.harvard.h2ms.service.UserDetailsServiceTest], using DelegatingSmartContextLoader
2018-03-31 21:06:47.335  INFO 15922 --- [           main] o.s.t.c.support.AbstractContextLoader    : Could not detect default resource locations for test class [edu.harvard.h2ms.service.UserDetailsServiceTest]: no resource found for suffixes {-context.xml, Context.groovy}.
2018-03-31 21:06:47.336  INFO 15922 --- [           main] c.s.AbstractDelegatingSmartContextLoader : AnnotationConfigContextLoader detected default configuration classes for context configuration [ContextConfigurationAttributes@44abdb1f declaringClass = 'edu.harvard.h2ms.service.UserDetailsServiceTest', classes = '{class edu.harvard.h2ms.service.UserDetailsServiceTest$UserDetailsServiceContextConfiguration}', locations = '{}', inheritLocations = false, initializers = '{}', inheritInitializers = true, name = [null], contextLoaderClass = 'org.springframework.test.context.ContextLoader'].
2018-03-31 21:06:47.350  INFO 15922 --- [           main] o.s.t.c.s.DefaultTestContextBootstrapper : Loaded default TestExecutionListener class names from location [META-INF/spring.factories]: [org.springframework.boot.test.mock.mockito.MockitoTestExecutionListener, org.springframework.boot.test.mock.mockito.ResetMocksTestExecutionListener, org.springframework.boot.test.autoconfigure.restdocs.RestDocsTestExecutionListener, org.springframework.boot.test.autoconfigure.web.client.MockRestServiceServerResetTestExecutionListener, org.springframework.boot.test.autoconfigure.web.servlet.MockMvcPrintOnlyOnFailureTestExecutionListener, org.springframework.boot.test.autoconfigure.web.servlet.WebDriverTestExecutionListener, org.springframework.test.context.web.ServletTestExecutionListener, org.springframework.test.context.support.DirtiesContextBeforeModesTestExecutionListener, org.springframework.test.context.support.DependencyInjectionTestExecutionListener, org.springframework.test.context.support.DirtiesContextTestExecutionListener, org.springframework.test.context.transaction.TransactionalTestExecutionListener, org.springframework.test.context.jdbc.SqlScriptsTestExecutionListener, org.springframework.security.test.context.support.WithSecurityContextTestExecutionListener]
2018-03-31 21:06:47.351  INFO 15922 --- [           main] o.s.t.c.s.DefaultTestContextBootstrapper : Using TestExecutionListeners: [org.springframework.test.context.web.ServletTestExecutionListener@25fd6d1e, org.springframework.test.context.support.DirtiesContextBeforeModesTestExecutionListener@23396fc0, org.springframework.test.context.support.DependencyInjectionTestExecutionListener@c11332b, org.springframework.test.context.support.DirtiesContextTestExecutionListener@7e5e6573, org.springframework.test.context.transaction.TransactionalTestExecutionListener@3005623b, org.springframework.test.context.jdbc.SqlScriptsTestExecutionListener@58aa5c94, org.springframework.security.test.context.support.WithSecurityContextTestExecutionListener@5d27b4c1, org.springframework.boot.test.mock.mockito.MockitoTestExecutionListener@50df37eb, org.springframework.boot.test.mock.mockito.ResetMocksTestExecutionListener@4b508371, org.springframework.boot.test.autoconfigure.restdocs.RestDocsTestExecutionListener@41143873, org.springframework.boot.test.autoconfigure.web.client.MockRestServiceServerResetTestExecutionListener@21f50d2c, org.springframework.boot.test.autoconfigure.web.servlet.MockMvcPrintOnlyOnFailureTestExecutionListener@8bc0696, org.springframework.boot.test.autoconfigure.web.servlet.WebDriverTestExecutionListener@473847fb]
2018-03-31 21:06:47.360  INFO 15922 --- [           main] o.s.c.support.GenericApplicationContext  : Refreshing org.springframework.context.support.GenericApplicationContext@270f28cf: startup date [Sat Mar 31 21:06:47 EDT 2018]; root of context hierarchy
2018-03-31 21:06:47.665  INFO 15922 --- [           main] o.s.c.support.GenericApplicationContext  : Closing org.springframework.context.support.GenericApplicationContext@270f28cf: startup date [Sat Mar 31 21:06:47 EDT 2018]; root of context hierarchy
2018-03-31 21:06:47.667  INFO 15922 --- [           main] o.s.c.support.GenericApplicationContext  : Refreshing org.springframework.context.support.GenericApplicationContext@6caeba36: startup date [Sat Mar 31 21:06:47 EDT 2018]; root of context hierarchy
Tests run: 2, Failures: 0, Errors: 0, Skipped: 0, Time elapsed: 0.429 sec - in edu.harvard.h2ms.service.UserDetailsServiceTest
Running edu.harvard.h2ms.domain.core.UserTest
2018-03-31 21:06:47.830  INFO 15922 --- [           main] .b.t.c.SpringBootTestContextBootstrapper : Neither @ContextConfiguration nor @ContextHierarchy found for test class [edu.harvard.h2ms.domain.core.UserTest], using SpringBootContextLoader
2018-03-31 21:06:47.831  INFO 15922 --- [           main] o.s.t.c.support.AbstractContextLoader    : Could not detect default resource locations for test class [edu.harvard.h2ms.domain.core.UserTest]: no resource found for suffixes {-context.xml, Context.groovy}.
2018-03-31 21:06:47.831  INFO 15922 --- [           main] t.c.s.AnnotationConfigContextLoaderUtils : Could not detect default configuration classes for test class [edu.harvard.h2ms.domain.core.UserTest]: UserTest does not declare any static, non-private, non-final, nested classes annotated with @Configuration.
2018-03-31 21:06:47.844  INFO 15922 --- [           main] .b.t.c.SpringBootTestContextBootstrapper : Found @SpringBootConfiguration edu.harvard.h2ms.H2MSRestAppInitializer for test class edu.harvard.h2ms.domain.core.UserTest
2018-03-31 21:06:47.846  INFO 15922 --- [           main] .b.t.c.SpringBootTestContextBootstrapper : Loaded default TestExecutionListener class names from location [META-INF/spring.factories]: [org.springframework.boot.test.mock.mockito.MockitoTestExecutionListener, org.springframework.boot.test.mock.mockito.ResetMocksTestExecutionListener, org.springframework.boot.test.autoconfigure.restdocs.RestDocsTestExecutionListener, org.springframework.boot.test.autoconfigure.web.client.MockRestServiceServerResetTestExecutionListener, org.springframework.boot.test.autoconfigure.web.servlet.MockMvcPrintOnlyOnFailureTestExecutionListener, org.springframework.boot.test.autoconfigure.web.servlet.WebDriverTestExecutionListener, org.springframework.test.context.web.ServletTestExecutionListener, org.springframework.test.context.support.DirtiesContextBeforeModesTestExecutionListener, org.springframework.test.context.support.DependencyInjectionTestExecutionListener, org.springframework.test.context.support.DirtiesContextTestExecutionListener, org.springframework.test.context.transaction.TransactionalTestExecutionListener, org.springframework.test.context.jdbc.SqlScriptsTestExecutionListener, org.springframework.security.test.context.support.WithSecurityContextTestExecutionListener]
2018-03-31 21:06:47.848  INFO 15922 --- [           main] .b.t.c.SpringBootTestContextBootstrapper : Using TestExecutionListeners: [org.springframework.test.context.web.ServletTestExecutionListener@298263fa, org.springframework.test.context.support.DirtiesContextBeforeModesTestExecutionListener@466fedfa, org.springframework.boot.test.autoconfigure.SpringBootDependencyInjectionTestExecutionListener@1a7d0c9f, org.springframework.test.context.support.DirtiesContextTestExecutionListener@2b1a901d, org.springframework.test.context.transaction.TransactionalTestExecutionListener@11bdab37, org.springframework.test.context.jdbc.SqlScriptsTestExecutionListener@280484c7, org.springframework.security.test.context.support.WithSecurityContextTestExecutionListener@5a6f6cac, org.springframework.boot.test.mock.mockito.MockitoTestExecutionListener@258a8584, org.springframework.boot.test.mock.mockito.ResetMocksTestExecutionListener@59127611, org.springframework.boot.test.autoconfigure.restdocs.RestDocsTestExecutionListener@553ce348, org.springframework.boot.test.autoconfigure.web.client.MockRestServiceServerResetTestExecutionListener@7417ef4f, org.springframework.boot.test.autoconfigure.web.servlet.MockMvcPrintOnlyOnFailureTestExecutionListener@5c0e2ec, org.springframework.boot.test.autoconfigure.web.servlet.WebDriverTestExecutionListener@4fa8bebb]
2018-03-31 21:06:47.885  INFO 15922 --- [           main] o.s.t.c.transaction.TransactionContext   : Began transaction (1) for test context [DefaultTestContext@71e7830a testClass = UserTest, testInstance = edu.harvard.h2ms.domain.core.UserTest@3feebf9c, testMethod = testLastNameRequired@UserTest, testException = [null], mergedContextConfiguration = [MergedContextConfiguration@7d3c22a5 testClass = UserTest, locations = '{}', classes = '{class edu.harvard.h2ms.H2MSRestAppInitializer}', contextInitializerClasses = '[]', activeProfiles = '{}', propertySourceLocations = '{}', propertySourceProperties = '{org.springframework.boot.test.context.SpringBootTestContextBootstrapper=true}', contextCustomizers = set[[ImportsContextCustomizer@369ad7da key = [org.springframework.boot.autoconfigure.cache.CacheAutoConfiguration, org.springframework.boot.autoconfigure.data.jpa.JpaRepositoriesAutoConfiguration, org.springframework.boot.autoconfigure.flyway.FlywayAutoConfiguration, org.springframework.boot.autoconfigure.jdbc.DataSourceAutoConfiguration, org.springframework.boot.autoconfigure.jdbc.DataSourceTransactionManagerAutoConfiguration, org.springframework.boot.autoconfigure.jdbc.JdbcTemplateAutoConfiguration, org.springframework.boot.autoconfigure.liquibase.LiquibaseAutoConfiguration, org.springframework.boot.autoconfigure.orm.jpa.HibernateJpaAutoConfiguration, org.springframework.boot.autoconfigure.transaction.TransactionAutoConfiguration, org.springframework.boot.test.autoconfigure.jdbc.TestDatabaseAutoConfiguration, org.springframework.boot.test.autoconfigure.orm.jpa.TestEntityManagerAutoConfiguration]], org.springframework.boot.test.context.filter.ExcludeFilterContextCustomizer@1ee807c6, org.springframework.boot.test.json.DuplicateJsonObjectContextCustomizerFactory$DuplicateJsonObjectContextCustomizer@6cc7b4de, org.springframework.boot.test.mock.mockito.MockitoContextCustomizer@0, org.springframework.boot.test.autoconfigure.OverrideAutoConfigurationContextCustomizerFactory$DisableAutoConfigurationContextCustomizer@5e25a92e, org.springframework.boot.test.autoconfigure.filter.TypeExcludeFiltersContextCustomizer@351584c0, org.springframework.boot.test.autoconfigure.properties.PropertyMappingContextCustomizer@21f6a1b6, org.springframework.boot.test.autoconfigure.web.servlet.WebDriverContextCustomizerFactory$Customizer@1c72da34], contextLoader = 'org.springframework.boot.test.context.SpringBootContextLoader', parent = [null]]]; transaction manager [org.springframework.orm.jpa.JpaTransactionManager@1b7554d4]; rollback [true]
2018-03-31 21:06:48.027  INFO 15922 --- [           main] o.s.t.c.transaction.TransactionContext   : Rolled back transaction for test context [DefaultTestContext@71e7830a testClass = UserTest, testInstance = edu.harvard.h2ms.domain.core.UserTest@3feebf9c, testMethod = testLastNameRequired@UserTest, testException = [null], mergedContextConfiguration = [MergedContextConfiguration@7d3c22a5 testClass = UserTest, locations = '{}', classes = '{class edu.harvard.h2ms.H2MSRestAppInitializer}', contextInitializerClasses = '[]', activeProfiles = '{}', propertySourceLocations = '{}', propertySourceProperties = '{org.springframework.boot.test.context.SpringBootTestContextBootstrapper=true}', contextCustomizers = set[[ImportsContextCustomizer@369ad7da key = [org.springframework.boot.autoconfigure.cache.CacheAutoConfiguration, org.springframework.boot.autoconfigure.data.jpa.JpaRepositoriesAutoConfiguration, org.springframework.boot.autoconfigure.flyway.FlywayAutoConfiguration, org.springframework.boot.autoconfigure.jdbc.DataSourceAutoConfiguration, org.springframework.boot.autoconfigure.jdbc.DataSourceTransactionManagerAutoConfiguration, org.springframework.boot.autoconfigure.jdbc.JdbcTemplateAutoConfiguration, org.springframework.boot.autoconfigure.liquibase.LiquibaseAutoConfiguration, org.springframework.boot.autoconfigure.orm.jpa.HibernateJpaAutoConfiguration, org.springframework.boot.autoconfigure.transaction.TransactionAutoConfiguration, org.springframework.boot.test.autoconfigure.jdbc.TestDatabaseAutoConfiguration, org.springframework.boot.test.autoconfigure.orm.jpa.TestEntityManagerAutoConfiguration]], org.springframework.boot.test.context.filter.ExcludeFilterContextCustomizer@1ee807c6, org.springframework.boot.test.json.DuplicateJsonObjectContextCustomizerFactory$DuplicateJsonObjectContextCustomizer@6cc7b4de, org.springframework.boot.test.mock.mockito.MockitoContextCustomizer@0, org.springframework.boot.test.autoconfigure.OverrideAutoConfigurationContextCustomizerFactory$DisableAutoConfigurationContextCustomizer@5e25a92e, org.springframework.boot.test.autoconfigure.filter.TypeExcludeFiltersContextCustomizer@351584c0, org.springframework.boot.test.autoconfigure.properties.PropertyMappingContextCustomizer@21f6a1b6, org.springframework.boot.test.autoconfigure.web.servlet.WebDriverContextCustomizerFactory$Customizer@1c72da34], contextLoader = 'org.springframework.boot.test.context.SpringBootContextLoader', parent = [null]]].
2018-03-31 21:06:48.030  INFO 15922 --- [           main] o.s.t.c.transaction.TransactionContext   : Began transaction (1) for test context [DefaultTestContext@71e7830a testClass = UserTest, testInstance = edu.harvard.h2ms.domain.core.UserTest@5d37aa0f, testMethod = testPasswordIsHashed@UserTest, testException = [null], mergedContextConfiguration = [MergedContextConfiguration@7d3c22a5 testClass = UserTest, locations = '{}', classes = '{class edu.harvard.h2ms.H2MSRestAppInitializer}', contextInitializerClasses = '[]', activeProfiles = '{}', propertySourceLocations = '{}', propertySourceProperties = '{org.springframework.boot.test.context.SpringBootTestContextBootstrapper=true}', contextCustomizers = set[[ImportsContextCustomizer@369ad7da key = [org.springframework.boot.autoconfigure.cache.CacheAutoConfiguration, org.springframework.boot.autoconfigure.data.jpa.JpaRepositoriesAutoConfiguration, org.springframework.boot.autoconfigure.flyway.FlywayAutoConfiguration, org.springframework.boot.autoconfigure.jdbc.DataSourceAutoConfiguration, org.springframework.boot.autoconfigure.jdbc.DataSourceTransactionManagerAutoConfiguration, org.springframework.boot.autoconfigure.jdbc.JdbcTemplateAutoConfiguration, org.springframework.boot.autoconfigure.liquibase.LiquibaseAutoConfiguration, org.springframework.boot.autoconfigure.orm.jpa.HibernateJpaAutoConfiguration, org.springframework.boot.autoconfigure.transaction.TransactionAutoConfiguration, org.springframework.boot.test.autoconfigure.jdbc.TestDatabaseAutoConfiguration, org.springframework.boot.test.autoconfigure.orm.jpa.TestEntityManagerAutoConfiguration]], org.springframework.boot.test.context.filter.ExcludeFilterContextCustomizer@1ee807c6, org.springframework.boot.test.json.DuplicateJsonObjectContextCustomizerFactory$DuplicateJsonObjectContextCustomizer@6cc7b4de, org.springframework.boot.test.mock.mockito.MockitoContextCustomizer@0, org.springframework.boot.test.autoconfigure.OverrideAutoConfigurationContextCustomizerFactory$DisableAutoConfigurationContextCustomizer@5e25a92e, org.springframework.boot.test.autoconfigure.filter.TypeExcludeFiltersContextCustomizer@351584c0, org.springframework.boot.test.autoconfigure.properties.PropertyMappingContextCustomizer@21f6a1b6, org.springframework.boot.test.autoconfigure.web.servlet.WebDriverContextCustomizerFactory$Customizer@1c72da34], contextLoader = 'org.springframework.boot.test.context.SpringBootContextLoader', parent = [null]]]; transaction manager [org.springframework.orm.jpa.JpaTransactionManager@1b7554d4]; rollback [true]
Hibernate: insert into users (id, created_on, email, enabled, first_name, last_login, last_name, middle_name, notification_frequency, password, reset_token, type) values (null, ?, ?, ?, ?, ?, ?, ?, ?, ?, ?, ?)
Hibernate: select user0_.id as id1_9_, user0_.created_on as created_2_9_, user0_.email as email3_9_, user0_.enabled as enabled4_9_, user0_.first_name as first_na5_9_, user0_.last_login as last_log6_9_, user0_.last_name as last_nam7_9_, user0_.middle_name as middle_n8_9_, user0_.notification_frequency as notifica9_9_, user0_.password as passwor10_9_, user0_.reset_token as reset_t11_9_, user0_.type as type12_9_ from users user0_ where user0_.email=?
2018-03-31 21:06:48.233  INFO 15922 --- [           main] o.s.t.c.transaction.TransactionContext   : Rolled back transaction for test context [DefaultTestContext@71e7830a testClass = UserTest, testInstance = edu.harvard.h2ms.domain.core.UserTest@5d37aa0f, testMethod = testPasswordIsHashed@UserTest, testException = [null], mergedContextConfiguration = [MergedContextConfiguration@7d3c22a5 testClass = UserTest, locations = '{}', classes = '{class edu.harvard.h2ms.H2MSRestAppInitializer}', contextInitializerClasses = '[]', activeProfiles = '{}', propertySourceLocations = '{}', propertySourceProperties = '{org.springframework.boot.test.context.SpringBootTestContextBootstrapper=true}', contextCustomizers = set[[ImportsContextCustomizer@369ad7da key = [org.springframework.boot.autoconfigure.cache.CacheAutoConfiguration, org.springframework.boot.autoconfigure.data.jpa.JpaRepositoriesAutoConfiguration, org.springframework.boot.autoconfigure.flyway.FlywayAutoConfiguration, org.springframework.boot.autoconfigure.jdbc.DataSourceAutoConfiguration, org.springframework.boot.autoconfigure.jdbc.DataSourceTransactionManagerAutoConfiguration, org.springframework.boot.autoconfigure.jdbc.JdbcTemplateAutoConfiguration, org.springframework.boot.autoconfigure.liquibase.LiquibaseAutoConfiguration, org.springframework.boot.autoconfigure.orm.jpa.HibernateJpaAutoConfiguration, org.springframework.boot.autoconfigure.transaction.TransactionAutoConfiguration, org.springframework.boot.test.autoconfigure.jdbc.TestDatabaseAutoConfiguration, org.springframework.boot.test.autoconfigure.orm.jpa.TestEntityManagerAutoConfiguration]], org.springframework.boot.test.context.filter.ExcludeFilterContextCustomizer@1ee807c6, org.springframework.boot.test.json.DuplicateJsonObjectContextCustomizerFactory$DuplicateJsonObjectContextCustomizer@6cc7b4de, org.springframework.boot.test.mock.mockito.MockitoContextCustomizer@0, org.springframework.boot.test.autoconfigure.OverrideAutoConfigurationContextCustomizerFactory$DisableAutoConfigurationContextCustomizer@5e25a92e, org.springframework.boot.test.autoconfigure.filter.TypeExcludeFiltersContextCustomizer@351584c0, org.springframework.boot.test.autoconfigure.properties.PropertyMappingContextCustomizer@21f6a1b6, org.springframework.boot.test.autoconfigure.web.servlet.WebDriverContextCustomizerFactory$Customizer@1c72da34], contextLoader = 'org.springframework.boot.test.context.SpringBootContextLoader', parent = [null]]].
2018-03-31 21:06:48.236  INFO 15922 --- [           main] o.s.t.c.transaction.TransactionContext   : Began transaction (1) for test context [DefaultTestContext@71e7830a testClass = UserTest, testInstance = edu.harvard.h2ms.domain.core.UserTest@aa0dbca, testMethod = testPasswordRequired@UserTest, testException = [null], mergedContextConfiguration = [MergedContextConfiguration@7d3c22a5 testClass = UserTest, locations = '{}', classes = '{class edu.harvard.h2ms.H2MSRestAppInitializer}', contextInitializerClasses = '[]', activeProfiles = '{}', propertySourceLocations = '{}', propertySourceProperties = '{org.springframework.boot.test.context.SpringBootTestContextBootstrapper=true}', contextCustomizers = set[[ImportsContextCustomizer@369ad7da key = [org.springframework.boot.autoconfigure.cache.CacheAutoConfiguration, org.springframework.boot.autoconfigure.data.jpa.JpaRepositoriesAutoConfiguration, org.springframework.boot.autoconfigure.flyway.FlywayAutoConfiguration, org.springframework.boot.autoconfigure.jdbc.DataSourceAutoConfiguration, org.springframework.boot.autoconfigure.jdbc.DataSourceTransactionManagerAutoConfiguration, org.springframework.boot.autoconfigure.jdbc.JdbcTemplateAutoConfiguration, org.springframework.boot.autoconfigure.liquibase.LiquibaseAutoConfiguration, org.springframework.boot.autoconfigure.orm.jpa.HibernateJpaAutoConfiguration, org.springframework.boot.autoconfigure.transaction.TransactionAutoConfiguration, org.springframework.boot.test.autoconfigure.jdbc.TestDatabaseAutoConfiguration, org.springframework.boot.test.autoconfigure.orm.jpa.TestEntityManagerAutoConfiguration]], org.springframework.boot.test.context.filter.ExcludeFilterContextCustomizer@1ee807c6, org.springframework.boot.test.json.DuplicateJsonObjectContextCustomizerFactory$DuplicateJsonObjectContextCustomizer@6cc7b4de, org.springframework.boot.test.mock.mockito.MockitoContextCustomizer@0, org.springframework.boot.test.autoconfigure.OverrideAutoConfigurationContextCustomizerFactory$DisableAutoConfigurationContextCustomizer@5e25a92e, org.springframework.boot.test.autoconfigure.filter.TypeExcludeFiltersContextCustomizer@351584c0, org.springframework.boot.test.autoconfigure.properties.PropertyMappingContextCustomizer@21f6a1b6, org.springframework.boot.test.autoconfigure.web.servlet.WebDriverContextCustomizerFactory$Customizer@1c72da34], contextLoader = 'org.springframework.boot.test.context.SpringBootContextLoader', parent = [null]]]; transaction manager [org.springframework.orm.jpa.JpaTransactionManager@1b7554d4]; rollback [true]
2018-03-31 21:06:48.240  INFO 15922 --- [           main] o.s.t.c.transaction.TransactionContext   : Rolled back transaction for test context [DefaultTestContext@71e7830a testClass = UserTest, testInstance = edu.harvard.h2ms.domain.core.UserTest@aa0dbca, testMethod = testPasswordRequired@UserTest, testException = [null], mergedContextConfiguration = [MergedContextConfiguration@7d3c22a5 testClass = UserTest, locations = '{}', classes = '{class edu.harvard.h2ms.H2MSRestAppInitializer}', contextInitializerClasses = '[]', activeProfiles = '{}', propertySourceLocations = '{}', propertySourceProperties = '{org.springframework.boot.test.context.SpringBootTestContextBootstrapper=true}', contextCustomizers = set[[ImportsContextCustomizer@369ad7da key = [org.springframework.boot.autoconfigure.cache.CacheAutoConfiguration, org.springframework.boot.autoconfigure.data.jpa.JpaRepositoriesAutoConfiguration, org.springframework.boot.autoconfigure.flyway.FlywayAutoConfiguration, org.springframework.boot.autoconfigure.jdbc.DataSourceAutoConfiguration, org.springframework.boot.autoconfigure.jdbc.DataSourceTransactionManagerAutoConfiguration, org.springframework.boot.autoconfigure.jdbc.JdbcTemplateAutoConfiguration, org.springframework.boot.autoconfigure.liquibase.LiquibaseAutoConfiguration, org.springframework.boot.autoconfigure.orm.jpa.HibernateJpaAutoConfiguration, org.springframework.boot.autoconfigure.transaction.TransactionAutoConfiguration, org.springframework.boot.test.autoconfigure.jdbc.TestDatabaseAutoConfiguration, org.springframework.boot.test.autoconfigure.orm.jpa.TestEntityManagerAutoConfiguration]], org.springframework.boot.test.context.filter.ExcludeFilterContextCustomizer@1ee807c6, org.springframework.boot.test.json.DuplicateJsonObjectContextCustomizerFactory$DuplicateJsonObjectContextCustomizer@6cc7b4de, org.springframework.boot.test.mock.mockito.MockitoContextCustomizer@0, org.springframework.boot.test.autoconfigure.OverrideAutoConfigurationContextCustomizerFactory$DisableAutoConfigurationContextCustomizer@5e25a92e, org.springframework.boot.test.autoconfigure.filter.TypeExcludeFiltersContextCustomizer@351584c0, org.springframework.boot.test.autoconfigure.properties.PropertyMappingContextCustomizer@21f6a1b6, org.springframework.boot.test.autoconfigure.web.servlet.WebDriverContextCustomizerFactory$Customizer@1c72da34], contextLoader = 'org.springframework.boot.test.context.SpringBootContextLoader', parent = [null]]].
2018-03-31 21:06:48.243  INFO 15922 --- [           main] o.s.t.c.transaction.TransactionContext   : Began transaction (1) for test context [DefaultTestContext@71e7830a testClass = UserTest, testInstance = edu.harvard.h2ms.domain.core.UserTest@311a0b3e, testMethod = testFirstNameRequired@UserTest, testException = [null], mergedContextConfiguration = [MergedContextConfiguration@7d3c22a5 testClass = UserTest, locations = '{}', classes = '{class edu.harvard.h2ms.H2MSRestAppInitializer}', contextInitializerClasses = '[]', activeProfiles = '{}', propertySourceLocations = '{}', propertySourceProperties = '{org.springframework.boot.test.context.SpringBootTestContextBootstrapper=true}', contextCustomizers = set[[ImportsContextCustomizer@369ad7da key = [org.springframework.boot.autoconfigure.cache.CacheAutoConfiguration, org.springframework.boot.autoconfigure.data.jpa.JpaRepositoriesAutoConfiguration, org.springframework.boot.autoconfigure.flyway.FlywayAutoConfiguration, org.springframework.boot.autoconfigure.jdbc.DataSourceAutoConfiguration, org.springframework.boot.autoconfigure.jdbc.DataSourceTransactionManagerAutoConfiguration, org.springframework.boot.autoconfigure.jdbc.JdbcTemplateAutoConfiguration, org.springframework.boot.autoconfigure.liquibase.LiquibaseAutoConfiguration, org.springframework.boot.autoconfigure.orm.jpa.HibernateJpaAutoConfiguration, org.springframework.boot.autoconfigure.transaction.TransactionAutoConfiguration, org.springframework.boot.test.autoconfigure.jdbc.TestDatabaseAutoConfiguration, org.springframework.boot.test.autoconfigure.orm.jpa.TestEntityManagerAutoConfiguration]], org.springframework.boot.test.context.filter.ExcludeFilterContextCustomizer@1ee807c6, org.springframework.boot.test.json.DuplicateJsonObjectContextCustomizerFactory$DuplicateJsonObjectContextCustomizer@6cc7b4de, org.springframework.boot.test.mock.mockito.MockitoContextCustomizer@0, org.springframework.boot.test.autoconfigure.OverrideAutoConfigurationContextCustomizerFactory$DisableAutoConfigurationContextCustomizer@5e25a92e, org.springframework.boot.test.autoconfigure.filter.TypeExcludeFiltersContextCustomizer@351584c0, org.springframework.boot.test.autoconfigure.properties.PropertyMappingContextCustomizer@21f6a1b6, org.springframework.boot.test.autoconfigure.web.servlet.WebDriverContextCustomizerFactory$Customizer@1c72da34], contextLoader = 'org.springframework.boot.test.context.SpringBootContextLoader', parent = [null]]]; transaction manager [org.springframework.orm.jpa.JpaTransactionManager@1b7554d4]; rollback [true]
2018-03-31 21:06:48.344  INFO 15922 --- [           main] o.s.t.c.transaction.TransactionContext   : Rolled back transaction for test context [DefaultTestContext@71e7830a testClass = UserTest, testInstance = edu.harvard.h2ms.domain.core.UserTest@311a0b3e, testMethod = testFirstNameRequired@UserTest, testException = [null], mergedContextConfiguration = [MergedContextConfiguration@7d3c22a5 testClass = UserTest, locations = '{}', classes = '{class edu.harvard.h2ms.H2MSRestAppInitializer}', contextInitializerClasses = '[]', activeProfiles = '{}', propertySourceLocations = '{}', propertySourceProperties = '{org.springframework.boot.test.context.SpringBootTestContextBootstrapper=true}', contextCustomizers = set[[ImportsContextCustomizer@369ad7da key = [org.springframework.boot.autoconfigure.cache.CacheAutoConfiguration, org.springframework.boot.autoconfigure.data.jpa.JpaRepositoriesAutoConfiguration, org.springframework.boot.autoconfigure.flyway.FlywayAutoConfiguration, org.springframework.boot.autoconfigure.jdbc.DataSourceAutoConfiguration, org.springframework.boot.autoconfigure.jdbc.DataSourceTransactionManagerAutoConfiguration, org.springframework.boot.autoconfigure.jdbc.JdbcTemplateAutoConfiguration, org.springframework.boot.autoconfigure.liquibase.LiquibaseAutoConfiguration, org.springframework.boot.autoconfigure.orm.jpa.HibernateJpaAutoConfiguration, org.springframework.boot.autoconfigure.transaction.TransactionAutoConfiguration, org.springframework.boot.test.autoconfigure.jdbc.TestDatabaseAutoConfiguration, org.springframework.boot.test.autoconfigure.orm.jpa.TestEntityManagerAutoConfiguration]], org.springframework.boot.test.context.filter.ExcludeFilterContextCustomizer@1ee807c6, org.springframework.boot.test.json.DuplicateJsonObjectContextCustomizerFactory$DuplicateJsonObjectContextCustomizer@6cc7b4de, org.springframework.boot.test.mock.mockito.MockitoContextCustomizer@0, org.springframework.boot.test.autoconfigure.OverrideAutoConfigurationContextCustomizerFactory$DisableAutoConfigurationContextCustomizer@5e25a92e, org.springframework.boot.test.autoconfigure.filter.TypeExcludeFiltersContextCustomizer@351584c0, org.springframework.boot.test.autoconfigure.properties.PropertyMappingContextCustomizer@21f6a1b6, org.springframework.boot.test.autoconfigure.web.servlet.WebDriverContextCustomizerFactory$Customizer@1c72da34], contextLoader = 'org.springframework.boot.test.context.SpringBootContextLoader', parent = [null]]].
2018-03-31 21:06:48.347  INFO 15922 --- [           main] o.s.t.c.transaction.TransactionContext   : Began transaction (1) for test context [DefaultTestContext@71e7830a testClass = UserTest, testInstance = edu.harvard.h2ms.domain.core.UserTest@dd20ebc, testMethod = testEmailRequired@UserTest, testException = [null], mergedContextConfiguration = [MergedContextConfiguration@7d3c22a5 testClass = UserTest, locations = '{}', classes = '{class edu.harvard.h2ms.H2MSRestAppInitializer}', contextInitializerClasses = '[]', activeProfiles = '{}', propertySourceLocations = '{}', propertySourceProperties = '{org.springframework.boot.test.context.SpringBootTestContextBootstrapper=true}', contextCustomizers = set[[ImportsContextCustomizer@369ad7da key = [org.springframework.boot.autoconfigure.cache.CacheAutoConfiguration, org.springframework.boot.autoconfigure.data.jpa.JpaRepositoriesAutoConfiguration, org.springframework.boot.autoconfigure.flyway.FlywayAutoConfiguration, org.springframework.boot.autoconfigure.jdbc.DataSourceAutoConfiguration, org.springframework.boot.autoconfigure.jdbc.DataSourceTransactionManagerAutoConfiguration, org.springframework.boot.autoconfigure.jdbc.JdbcTemplateAutoConfiguration, org.springframework.boot.autoconfigure.liquibase.LiquibaseAutoConfiguration, org.springframework.boot.autoconfigure.orm.jpa.HibernateJpaAutoConfiguration, org.springframework.boot.autoconfigure.transaction.TransactionAutoConfiguration, org.springframework.boot.test.autoconfigure.jdbc.TestDatabaseAutoConfiguration, org.springframework.boot.test.autoconfigure.orm.jpa.TestEntityManagerAutoConfiguration]], org.springframework.boot.test.context.filter.ExcludeFilterContextCustomizer@1ee807c6, org.springframework.boot.test.json.DuplicateJsonObjectContextCustomizerFactory$DuplicateJsonObjectContextCustomizer@6cc7b4de, org.springframework.boot.test.mock.mockito.MockitoContextCustomizer@0, org.springframework.boot.test.autoconfigure.OverrideAutoConfigurationContextCustomizerFactory$DisableAutoConfigurationContextCustomizer@5e25a92e, org.springframework.boot.test.autoconfigure.filter.TypeExcludeFiltersContextCustomizer@351584c0, org.springframework.boot.test.autoconfigure.properties.PropertyMappingContextCustomizer@21f6a1b6, org.springframework.boot.test.autoconfigure.web.servlet.WebDriverContextCustomizerFactory$Customizer@1c72da34], contextLoader = 'org.springframework.boot.test.context.SpringBootContextLoader', parent = [null]]]; transaction manager [org.springframework.orm.jpa.JpaTransactionManager@1b7554d4]; rollback [true]
2018-03-31 21:06:48.445  INFO 15922 --- [           main] o.s.t.c.transaction.TransactionContext   : Rolled back transaction for test context [DefaultTestContext@71e7830a testClass = UserTest, testInstance = edu.harvard.h2ms.domain.core.UserTest@dd20ebc, testMethod = testEmailRequired@UserTest, testException = [null], mergedContextConfiguration = [MergedContextConfiguration@7d3c22a5 testClass = UserTest, locations = '{}', classes = '{class edu.harvard.h2ms.H2MSRestAppInitializer}', contextInitializerClasses = '[]', activeProfiles = '{}', propertySourceLocations = '{}', propertySourceProperties = '{org.springframework.boot.test.context.SpringBootTestContextBootstrapper=true}', contextCustomizers = set[[ImportsContextCustomizer@369ad7da key = [org.springframework.boot.autoconfigure.cache.CacheAutoConfiguration, org.springframework.boot.autoconfigure.data.jpa.JpaRepositoriesAutoConfiguration, org.springframework.boot.autoconfigure.flyway.FlywayAutoConfiguration, org.springframework.boot.autoconfigure.jdbc.DataSourceAutoConfiguration, org.springframework.boot.autoconfigure.jdbc.DataSourceTransactionManagerAutoConfiguration, org.springframework.boot.autoconfigure.jdbc.JdbcTemplateAutoConfiguration, org.springframework.boot.autoconfigure.liquibase.LiquibaseAutoConfiguration, org.springframework.boot.autoconfigure.orm.jpa.HibernateJpaAutoConfiguration, org.springframework.boot.autoconfigure.transaction.TransactionAutoConfiguration, org.springframework.boot.test.autoconfigure.jdbc.TestDatabaseAutoConfiguration, org.springframework.boot.test.autoconfigure.orm.jpa.TestEntityManagerAutoConfiguration]], org.springframework.boot.test.context.filter.ExcludeFilterContextCustomizer@1ee807c6, org.springframework.boot.test.json.DuplicateJsonObjectContextCustomizerFactory$DuplicateJsonObjectContextCustomizer@6cc7b4de, org.springframework.boot.test.mock.mockito.MockitoContextCustomizer@0, org.springframework.boot.test.autoconfigure.OverrideAutoConfigurationContextCustomizerFactory$DisableAutoConfigurationContextCustomizer@5e25a92e, org.springframework.boot.test.autoconfigure.filter.TypeExcludeFiltersContextCustomizer@351584c0, org.springframework.boot.test.autoconfigure.properties.PropertyMappingContextCustomizer@21f6a1b6, org.springframework.boot.test.autoconfigure.web.servlet.WebDriverContextCustomizerFactory$Customizer@1c72da34], contextLoader = 'org.springframework.boot.test.context.SpringBootContextLoader', parent = [null]]].
Tests run: 5, Failures: 0, Errors: 0, Skipped: 0, Time elapsed: 0.613 sec - in edu.harvard.h2ms.domain.core.UserTest
Running edu.harvard.h2ms.controllers.EventControllerTests
2018-03-31 21:06:48.446  INFO 15922 --- [           main] .b.t.c.SpringBootTestContextBootstrapper : Neither @ContextConfiguration nor @ContextHierarchy found for test class [edu.harvard.h2ms.controllers.EventControllerTests], using SpringBootContextLoader
2018-03-31 21:06:48.447  INFO 15922 --- [           main] o.s.t.c.support.AbstractContextLoader    : Could not detect default resource locations for test class [edu.harvard.h2ms.controllers.EventControllerTests]: no resource found for suffixes {-context.xml, Context.groovy}.
2018-03-31 21:06:48.447  INFO 15922 --- [           main] t.c.s.AnnotationConfigContextLoaderUtils : Could not detect default configuration classes for test class [edu.harvard.h2ms.controllers.EventControllerTests]: EventControllerTests does not declare any static, non-private, non-final, nested classes annotated with @Configuration.
2018-03-31 21:06:48.449  INFO 15922 --- [           main] .b.t.c.SpringBootTestContextBootstrapper : Found @SpringBootConfiguration edu.harvard.h2ms.H2MSRestAppInitializer for test class edu.harvard.h2ms.controllers.EventControllerTests
2018-03-31 21:06:48.451  INFO 15922 --- [           main] .b.t.c.SpringBootTestContextBootstrapper : Loaded default TestExecutionListener class names from location [META-INF/spring.factories]: [org.springframework.boot.test.mock.mockito.MockitoTestExecutionListener, org.springframework.boot.test.mock.mockito.ResetMocksTestExecutionListener, org.springframework.boot.test.autoconfigure.restdocs.RestDocsTestExecutionListener, org.springframework.boot.test.autoconfigure.web.client.MockRestServiceServerResetTestExecutionListener, org.springframework.boot.test.autoconfigure.web.servlet.MockMvcPrintOnlyOnFailureTestExecutionListener, org.springframework.boot.test.autoconfigure.web.servlet.WebDriverTestExecutionListener, org.springframework.test.context.web.ServletTestExecutionListener, org.springframework.test.context.support.DirtiesContextBeforeModesTestExecutionListener, org.springframework.test.context.support.DependencyInjectionTestExecutionListener, org.springframework.test.context.support.DirtiesContextTestExecutionListener, org.springframework.test.context.transaction.TransactionalTestExecutionListener, org.springframework.test.context.jdbc.SqlScriptsTestExecutionListener, org.springframework.security.test.context.support.WithSecurityContextTestExecutionListener]
2018-03-31 21:06:48.453  INFO 15922 --- [           main] .b.t.c.SpringBootTestContextBootstrapper : Using TestExecutionListeners: [org.springframework.test.context.web.ServletTestExecutionListener@5fe5c68b, org.springframework.test.context.support.DirtiesContextBeforeModesTestExecutionListener@2ffb0d10, org.springframework.boot.test.autoconfigure.SpringBootDependencyInjectionTestExecutionListener@3982206a, org.springframework.test.context.support.DirtiesContextTestExecutionListener@3e9fb485, org.springframework.test.context.transaction.TransactionalTestExecutionListener@4f3fec43, org.springframework.test.context.jdbc.SqlScriptsTestExecutionListener@38dbeb39, org.springframework.security.test.context.support.WithSecurityContextTestExecutionListener@10f20d38, org.springframework.boot.test.mock.mockito.MockitoTestExecutionListener@538aa83f, org.springframework.boot.test.mock.mockito.ResetMocksTestExecutionListener@63e70bf9, org.springframework.boot.test.autoconfigure.restdocs.RestDocsTestExecutionListener@402a69f, org.springframework.boot.test.autoconfigure.web.client.MockRestServiceServerResetTestExecutionListener@419f0ea, org.springframework.boot.test.autoconfigure.web.servlet.MockMvcPrintOnlyOnFailureTestExecutionListener@2d47b06, org.springframework.boot.test.autoconfigure.web.servlet.WebDriverTestExecutionListener@59371066]

  .   ____          _            __ _ _
 /\\ / ___'_ __ _ _(_)_ __  __ _ \ \ \ \
( ( )\___ | '_ | '_| | '_ \/ _` | \ \ \ \
 \\/  ___)| |_)| | | | | || (_| |  ) ) ) )
  '  |____| .__|_| |_|_| |_\__, | / / / /
 =========|_|==============|___/=/_/_/_/
 :: Spring Boot ::       (v1.5.10.RELEASE)

2018-03-31 21:06:48.516  INFO 15922 --- [           main] e.h.h.controllers.EventControllerTests   : Starting EventControllerTests on ancient.bitbin.de with PID 15922 (started by stbenjam in /home/stbenjam/git/h2ms)
2018-03-31 21:06:48.516  INFO 15922 --- [           main] e.h.h.controllers.EventControllerTests   : No active profile set, falling back to default profiles: default
2018-03-31 21:06:48.519  INFO 15922 --- [           main] o.s.w.c.s.GenericWebApplicationContext   : Refreshing org.springframework.web.context.support.GenericWebApplicationContext@1ad1b737: startup date [Sat Mar 31 21:06:48 EDT 2018]; root of context hierarchy
2018-03-31 21:06:48.601  INFO 15922 --- [           main] o.s.c.a.ConfigurationClassParser         : Properties location [classpath:mailserver.properties] not resolvable: class path resource [mailserver.properties] cannot be opened because it does not exist
2018-03-31 21:06:49.074  INFO 15922 --- [           main] o.s.b.f.s.DefaultListableBeanFactory     : Overriding bean definition for bean 'httpRequestHandlerAdapter' with a different definition: replacing [Root bean: class [null]; scope=; abstract=false; lazyInit=false; autowireMode=3; dependencyCheck=0; autowireCandidate=true; primary=false; factoryBeanName=org.springframework.boot.autoconfigure.web.WebMvcAutoConfiguration$EnableWebMvcConfiguration; factoryMethodName=httpRequestHandlerAdapter; initMethodName=null; destroyMethodName=(inferred); defined in class path resource [org/springframework/boot/autoconfigure/web/WebMvcAutoConfiguration$EnableWebMvcConfiguration.class]] with [Root bean: class [null]; scope=; abstract=false; lazyInit=false; autowireMode=3; dependencyCheck=0; autowireCandidate=true; primary=false; factoryBeanName=org.springframework.data.rest.webmvc.config.RepositoryRestMvcConfiguration; factoryMethodName=httpRequestHandlerAdapter; initMethodName=null; destroyMethodName=(inferred); defined in class path resource [org/springframework/data/rest/webmvc/config/RepositoryRestMvcConfiguration.class]]
2018-03-31 21:06:49.518  INFO 15922 --- [           main] trationDelegate$BeanPostProcessorChecker : Bean 'org.springframework.transaction.annotation.ProxyTransactionManagementConfiguration' of type [org.springframework.transaction.annotation.ProxyTransactionManagementConfiguration$$EnhancerBySpringCGLIB$$2ed2379b] is not eligible for getting processed by all BeanPostProcessors (for example: not eligible for auto-proxying)
2018-03-31 21:06:49.571  INFO 15922 --- [           main] trationDelegate$BeanPostProcessorChecker : Bean 'org.springframework.security.config.annotation.configuration.ObjectPostProcessorConfiguration' of type [org.springframework.security.config.annotation.configuration.ObjectPostProcessorConfiguration$$EnhancerBySpringCGLIB$$c77fffd5] is not eligible for getting processed by all BeanPostProcessors (for example: not eligible for auto-proxying)
2018-03-31 21:06:49.582  INFO 15922 --- [           main] trationDelegate$BeanPostProcessorChecker : Bean 'objectPostProcessor' of type [org.springframework.security.config.annotation.configuration.AutowireBeanFactoryObjectPostProcessor] is not eligible for getting processed by all BeanPostProcessors (for example: not eligible for auto-proxying)
2018-03-31 21:06:49.594  INFO 15922 --- [           main] trationDelegate$BeanPostProcessorChecker : Bean 'org.springframework.security.access.expression.method.DefaultMethodSecurityExpressionHandler@468f2a6f' of type [org.springframework.security.oauth2.provider.expression.OAuth2MethodSecurityExpressionHandler] is not eligible for getting processed by all BeanPostProcessors (for example: not eligible for auto-proxying)
2018-03-31 21:06:49.616  INFO 15922 --- [           main] trationDelegate$BeanPostProcessorChecker : Bean 'org.springframework.security.config.annotation.method.configuration.GlobalMethodSecurityConfiguration' of type [org.springframework.security.config.annotation.method.configuration.GlobalMethodSecurityConfiguration$$EnhancerBySpringCGLIB$$ec54a287] is not eligible for getting processed by all BeanPostProcessors (for example: not eligible for auto-proxying)
2018-03-31 21:06:49.636  INFO 15922 --- [           main] trationDelegate$BeanPostProcessorChecker : Bean 'methodSecurityMetadataSource' of type [org.springframework.security.access.method.DelegatingMethodSecurityMetadataSource] is not eligible for getting processed by all BeanPostProcessors (for example: not eligible for auto-proxying)
2018-03-31 21:06:49.691  INFO 15922 --- [           main] trationDelegate$BeanPostProcessorChecker : Bean 'security.oauth2.client-org.springframework.boot.autoconfigure.security.oauth2.OAuth2ClientProperties' of type [org.springframework.boot.autoconfigure.security.oauth2.OAuth2ClientProperties] is not eligible for getting processed by all BeanPostProcessors (for example: not eligible for auto-proxying)
2018-03-31 21:06:49.696  INFO 15922 --- [           main] trationDelegate$BeanPostProcessorChecker : Bean 'org.springframework.boot.autoconfigure.security.oauth2.OAuth2AutoConfiguration' of type [org.springframework.boot.autoconfigure.security.oauth2.OAuth2AutoConfiguration$$EnhancerBySpringCGLIB$$e61bf39b] is not eligible for getting processed by all BeanPostProcessors (for example: not eligible for auto-proxying)
2018-03-31 21:06:49.741  INFO 15922 --- [           main] trationDelegate$BeanPostProcessorChecker : Bean 'resourceServerProperties' of type [org.springframework.boot.autoconfigure.security.oauth2.resource.ResourceServerProperties] is not eligible for getting processed by all BeanPostProcessors (for example: not eligible for auto-proxying)
2018-03-31 21:06:50.073  INFO 15922 --- [           main] j.LocalContainerEntityManagerFactoryBean : Building JPA container EntityManagerFactory for persistence unit 'default'
2018-03-31 21:06:50.074  INFO 15922 --- [           main] o.hibernate.jpa.internal.util.LogHelper  : HHH000204: Processing PersistenceUnitInfo [
	name: default
	...]
2018-03-31 21:06:50.080  INFO 15922 --- [           main] org.hibernate.dialect.Dialect            : HHH000400: Using dialect: org.hibernate.dialect.H2Dialect
2018-03-31 21:06:50.192  INFO 15922 --- [           main] org.hibernate.tool.hbm2ddl.SchemaExport  : HHH000227: Running hbm2ddl schema export
2018-03-31 21:06:50.237  INFO 15922 --- [           main] org.hibernate.tool.hbm2ddl.SchemaExport  : HHH000230: Schema export complete
2018-03-31 21:06:50.242  WARN 15922 --- [           main] o.h.j.i.EntityManagerFactoryRegistry     : HHH000436: Entity manager factory name (default) is already registered.  If entity manager will be clustered or passivated, specify a unique value for property 'hibernate.ejb.entitymanager_factory_name'
2018-03-31 21:06:50.243  INFO 15922 --- [           main] j.LocalContainerEntityManagerFactoryBean : Initialized JPA EntityManagerFactory for persistence unit 'default'
2018-03-31 21:06:51.373  INFO 15922 --- [           main] .s.o.p.e.FrameworkEndpointHandlerMapping : Mapped "{[/oauth/authorize]}" onto public org.springframework.web.servlet.ModelAndView org.springframework.security.oauth2.provider.endpoint.AuthorizationEndpoint.authorize(java.util.Map<java.lang.String, java.lang.Object>,java.util.Map<java.lang.String, java.lang.String>,org.springframework.web.bind.support.SessionStatus,java.security.Principal)
2018-03-31 21:06:51.374  INFO 15922 --- [           main] .s.o.p.e.FrameworkEndpointHandlerMapping : Mapped "{[/oauth/authorize],methods=[POST],params=[user_oauth_approval]}" onto public org.springframework.web.servlet.View org.springframework.security.oauth2.provider.endpoint.AuthorizationEndpoint.approveOrDeny(java.util.Map<java.lang.String, java.lang.String>,java.util.Map<java.lang.String, ?>,org.springframework.web.bind.support.SessionStatus,java.security.Principal)
2018-03-31 21:06:51.375  INFO 15922 --- [           main] .s.o.p.e.FrameworkEndpointHandlerMapping : Mapped "{[/oauth/token],methods=[GET]}" onto public org.springframework.http.ResponseEntity<org.springframework.security.oauth2.common.OAuth2AccessToken> org.springframework.security.oauth2.provider.endpoint.TokenEndpoint.getAccessToken(java.security.Principal,java.util.Map<java.lang.String, java.lang.String>) throws org.springframework.web.HttpRequestMethodNotSupportedException
2018-03-31 21:06:51.375  INFO 15922 --- [           main] .s.o.p.e.FrameworkEndpointHandlerMapping : Mapped "{[/oauth/token],methods=[POST]}" onto public org.springframework.http.ResponseEntity<org.springframework.security.oauth2.common.OAuth2AccessToken> org.springframework.security.oauth2.provider.endpoint.TokenEndpoint.postAccessToken(java.security.Principal,java.util.Map<java.lang.String, java.lang.String>) throws org.springframework.web.HttpRequestMethodNotSupportedException
2018-03-31 21:06:51.376  INFO 15922 --- [           main] .s.o.p.e.FrameworkEndpointHandlerMapping : Mapped "{[/oauth/check_token]}" onto public java.util.Map<java.lang.String, ?> org.springframework.security.oauth2.provider.endpoint.CheckTokenEndpoint.checkToken(java.lang.String)
2018-03-31 21:06:51.376  INFO 15922 --- [           main] .s.o.p.e.FrameworkEndpointHandlerMapping : Mapped "{[/oauth/confirm_access]}" onto public org.springframework.web.servlet.ModelAndView org.springframework.security.oauth2.provider.endpoint.WhitelabelApprovalEndpoint.getAccessConfirmation(java.util.Map<java.lang.String, java.lang.Object>,javax.servlet.http.HttpServletRequest) throws java.lang.Exception
2018-03-31 21:06:51.376  INFO 15922 --- [           main] .s.o.p.e.FrameworkEndpointHandlerMapping : Mapped "{[/oauth/error]}" onto public org.springframework.web.servlet.ModelAndView org.springframework.security.oauth2.provider.endpoint.WhitelabelErrorEndpoint.handleError(javax.servlet.http.HttpServletRequest)
2018-03-31 21:06:51.803  INFO 15922 --- [           main] o.s.s.web.DefaultSecurityFilterChain     : Creating filter chain: Ant [pattern='/'], []
2018-03-31 21:06:51.803  INFO 15922 --- [           main] o.s.s.web.DefaultSecurityFilterChain     : Creating filter chain: Ant [pattern='/login'], []
2018-03-31 21:06:51.804  INFO 15922 --- [           main] o.s.s.web.DefaultSecurityFilterChain     : Creating filter chain: Ant [pattern='/webjars/**'], []
2018-03-31 21:06:51.804  INFO 15922 --- [           main] o.s.s.web.DefaultSecurityFilterChain     : Creating filter chain: Ant [pattern='/api/passwords/**'], []
2018-03-31 21:06:51.804  INFO 15922 --- [           main] o.s.s.web.DefaultSecurityFilterChain     : Creating filter chain: Ant [pattern='/swagger-resources'], []
2018-03-31 21:06:51.804  INFO 15922 --- [           main] o.s.s.web.DefaultSecurityFilterChain     : Creating filter chain: Ant [pattern='/swagger-resources/**'], []
2018-03-31 21:06:51.804  INFO 15922 --- [           main] o.s.s.web.DefaultSecurityFilterChain     : Creating filter chain: Ant [pattern='/swagger-ui.html'], []
2018-03-31 21:06:51.804  INFO 15922 --- [           main] o.s.s.web.DefaultSecurityFilterChain     : Creating filter chain: Ant [pattern='/v2/api-docs'], []
2018-03-31 21:06:51.804  INFO 15922 --- [           main] o.s.s.web.DefaultSecurityFilterChain     : Creating filter chain: Ant [pattern='/**', OPTIONS], []
2018-03-31 21:06:51.931  INFO 15922 --- [           main] o.s.s.web.DefaultSecurityFilterChain     : Creating filter chain: OrRequestMatcher [requestMatchers=[Ant [pattern='/oauth/token'], Ant [pattern='/oauth/token_key'], Ant [pattern='/oauth/check_token']]], [org.springframework.security.web.context.request.async.WebAsyncManagerIntegrationFilter@445f6aa7, org.springframework.security.web.context.SecurityContextPersistenceFilter@742aa00a, org.springframework.security.web.header.HeaderWriterFilter@5183131d, org.springframework.security.web.authentication.logout.LogoutFilter@775fec4, org.springframework.security.web.authentication.www.BasicAuthenticationFilter@5bfeb9ba, org.springframework.security.web.savedrequest.RequestCacheAwareFilter@5ed463b7, org.springframework.security.web.servletapi.SecurityContextHolderAwareRequestFilter@6f53295e, org.springframework.security.web.authentication.AnonymousAuthenticationFilter@6a4238ff, org.springframework.security.web.session.SessionManagementFilter@3bdc8975, org.springframework.security.web.access.ExceptionTranslationFilter@df34b01, org.springframework.security.web.access.intercept.FilterSecurityInterceptor@57f6fc09]
2018-03-31 21:06:51.955  INFO 15922 --- [           main] o.s.s.web.DefaultSecurityFilterChain     : Creating filter chain: org.springframework.security.oauth2.config.annotation.web.configuration.ResourceServerConfiguration$NotOAuthRequestMatcher@4f1aa2bc, [org.springframework.security.web.context.request.async.WebAsyncManagerIntegrationFilter@13e5c53c, org.springframework.security.web.context.SecurityContextPersistenceFilter@175c26ff, org.springframework.security.web.header.HeaderWriterFilter@1196537d, org.springframework.security.web.authentication.logout.LogoutFilter@332610ad, org.springframework.security.oauth2.provider.authentication.OAuth2AuthenticationProcessingFilter@520eb9f8, org.springframework.security.web.savedrequest.RequestCacheAwareFilter@623bdc46, org.springframework.security.web.servletapi.SecurityContextHolderAwareRequestFilter@411576c7, org.springframework.security.web.authentication.AnonymousAuthenticationFilter@5d03df76, org.springframework.security.web.session.SessionManagementFilter@267a8777, org.springframework.security.web.access.ExceptionTranslationFilter@68c3aa38, org.springframework.security.web.access.intercept.FilterSecurityInterceptor@54e3cba2]
2018-03-31 21:06:51.956  INFO 15922 --- [           main] o.s.s.web.DefaultSecurityFilterChain     : Creating filter chain: org.springframework.security.web.util.matcher.AnyRequestMatcher@1, [org.springframework.security.web.access.intercept.FilterSecurityInterceptor@5978ba12]
2018-03-31 21:06:52.427  INFO 15922 --- [           main] s.w.s.m.m.a.RequestMappingHandlerAdapter : Looking for @ControllerAdvice: org.springframework.web.context.support.GenericWebApplicationContext@1ad1b737: startup date [Sat Mar 31 21:06:48 EDT 2018]; root of context hierarchy
2018-03-31 21:06:52.519  INFO 15922 --- [           main] s.w.s.m.m.a.RequestMappingHandlerMapping : Mapped "{[/events/count/{timeframe}],methods=[GET]}" onto public org.springframework.http.ResponseEntity<?> edu.harvard.h2ms.web.controller.EventController.findEventCountByTimeframe(java.lang.String)
2018-03-31 21:06:52.519  INFO 15922 --- [           main] s.w.s.m.m.a.RequestMappingHandlerMapping : Mapped "{[/events/compliance/{questionId}/{timeframe}],methods=[GET]}" onto public org.springframework.http.ResponseEntity<?> edu.harvard.h2ms.web.controller.EventController.findComplianceByTimeframe(java.lang.String,java.lang.Long)
2018-03-31 21:06:52.521  INFO 15922 --- [           main] s.w.s.m.m.a.RequestMappingHandlerMapping : Mapped "{[/api/passwords/reset/{email:.+}],methods=[GET]}" onto public org.springframework.http.ResponseEntity<java.lang.Object> edu.harvard.h2ms.web.controller.PasswordController.getPasswordResetToken(java.lang.String)
2018-03-31 21:06:52.521  INFO 15922 --- [           main] s.w.s.m.m.a.RequestMappingHandlerMapping : Mapped "{[/api/passwords/reset/token],methods=[POST]}" onto public org.springframework.http.ResponseEntity<java.lang.Object> edu.harvard.h2ms.web.controller.PasswordController.resetPasswordViaToken(java.util.Map<java.lang.String, java.lang.String>)
2018-03-31 21:06:52.522  INFO 15922 --- [           main] s.w.s.m.m.a.RequestMappingHandlerMapping : Mapped "{[/users/avgWashed],methods=[GET]}" onto public java.util.Map<java.lang.String, java.lang.Double> edu.harvard.h2ms.web.controller.UserController.findAvgWashCompliance()
2018-03-31 21:06:52.524  INFO 15922 --- [           main] s.w.s.m.m.a.RequestMappingHandlerMapping : Mapped "{[/error],produces=[text/html]}" onto public org.springframework.web.servlet.ModelAndView org.springframework.boot.autoconfigure.web.BasicErrorController.errorHtml(javax.servlet.http.HttpServletRequest,javax.servlet.http.HttpServletResponse)
2018-03-31 21:06:52.524  INFO 15922 --- [           main] s.w.s.m.m.a.RequestMappingHandlerMapping : Mapped "{[/error]}" onto public org.springframework.http.ResponseEntity<java.util.Map<java.lang.String, java.lang.Object>> org.springframework.boot.autoconfigure.web.BasicErrorController.error(javax.servlet.http.HttpServletRequest)
2018-03-31 21:06:52.616  INFO 15922 --- [           main] o.s.w.s.handler.SimpleUrlHandlerMapping  : Mapped URL path [/webjars/**] onto handler of type [class org.springframework.web.servlet.resource.ResourceHttpRequestHandler]
2018-03-31 21:06:52.616  INFO 15922 --- [           main] o.s.w.s.handler.SimpleUrlHandlerMapping  : Mapped URL path [/**] onto handler of type [class org.springframework.web.servlet.resource.ResourceHttpRequestHandler]
2018-03-31 21:06:52.659  INFO 15922 --- [           main] .m.m.a.ExceptionHandlerExceptionResolver : Detected @ExceptionHandler methods in exceptionHandlingController
2018-03-31 21:06:52.660  INFO 15922 --- [           main] .m.m.a.ExceptionHandlerExceptionResolver : Detected @ExceptionHandler methods in repositoryRestExceptionHandler
2018-03-31 21:06:52.782  INFO 15922 --- [           main] o.s.w.s.handler.SimpleUrlHandlerMapping  : Mapped URL path [/**/favicon.ico] onto handler of type [class org.springframework.web.servlet.resource.ResourceHttpRequestHandler]
2018-03-31 21:06:53.041  WARN 15922 --- [           main] .t.AbstractTemplateResolverConfiguration : Cannot find template location: classpath:/templates/ (please add some templates or check your Thymeleaf configuration)
2018-03-31 21:06:53.373  INFO 15922 --- [           main] o.s.d.r.w.RepositoryRestHandlerAdapter   : Looking for @ControllerAdvice: org.springframework.web.context.support.GenericWebApplicationContext@1ad1b737: startup date [Sat Mar 31 21:06:48 EDT 2018]; root of context hierarchy
2018-03-31 21:06:53.415  INFO 15922 --- [           main] o.s.d.r.w.RepositoryRestHandlerMapping   : Mapped "{[/{repository}/{id}/{property}],methods=[GET],produces=[application/hal+json || application/json]}" onto public org.springframework.http.ResponseEntity<org.springframework.hateoas.ResourceSupport> org.springframework.data.rest.webmvc.RepositoryPropertyReferenceController.followPropertyReference(org.springframework.data.rest.webmvc.RootResourceInformation,java.io.Serializable,java.lang.String,org.springframework.data.rest.webmvc.PersistentEntityResourceAssembler) throws java.lang.Exception
2018-03-31 21:06:53.415  INFO 15922 --- [           main] o.s.d.r.w.RepositoryRestHandlerMapping   : Mapped "{[/{repository}/{id}/{property}/{propertyId}],methods=[GET],produces=[application/hal+json || application/json]}" onto public org.springframework.http.ResponseEntity<org.springframework.hateoas.ResourceSupport> org.springframework.data.rest.webmvc.RepositoryPropertyReferenceController.followPropertyReference(org.springframework.data.rest.webmvc.RootResourceInformation,java.io.Serializable,java.lang.String,java.lang.String,org.springframework.data.rest.webmvc.PersistentEntityResourceAssembler) throws java.lang.Exception
2018-03-31 21:06:53.416  INFO 15922 --- [           main] o.s.d.r.w.RepositoryRestHandlerMapping   : Mapped "{[/{repository}/{id}/{property}],methods=[DELETE],produces=[application/hal+json || application/json]}" onto public org.springframework.http.ResponseEntity<? extends org.springframework.hateoas.ResourceSupport> org.springframework.data.rest.webmvc.RepositoryPropertyReferenceController.deletePropertyReference(org.springframework.data.rest.webmvc.RootResourceInformation,java.io.Serializable,java.lang.String) throws java.lang.Exception
2018-03-31 21:06:53.416  INFO 15922 --- [           main] o.s.d.r.w.RepositoryRestHandlerMapping   : Mapped "{[/{repository}/{id}/{property}],methods=[GET],produces=[application/x-spring-data-compact+json || text/uri-list]}" onto public org.springframework.http.ResponseEntity<org.springframework.hateoas.ResourceSupport> org.springframework.data.rest.webmvc.RepositoryPropertyReferenceController.followPropertyReferenceCompact(org.springframework.data.rest.webmvc.RootResourceInformation,java.io.Serializable,java.lang.String,org.springframework.data.rest.webmvc.PersistentEntityResourceAssembler) throws java.lang.Exception
2018-03-31 21:06:53.416  INFO 15922 --- [           main] o.s.d.r.w.RepositoryRestHandlerMapping   : Mapped "{[/{repository}/{id}/{property}],methods=[PATCH || PUT || POST],consumes=[application/json || application/x-spring-data-compact+json || text/uri-list],produces=[application/hal+json || application/json]}" onto public org.springframework.http.ResponseEntity<? extends org.springframework.hateoas.ResourceSupport> org.springframework.data.rest.webmvc.RepositoryPropertyReferenceController.createPropertyReference(org.springframework.data.rest.webmvc.RootResourceInformation,org.springframework.http.HttpMethod,org.springframework.hateoas.Resources<java.lang.Object>,java.io.Serializable,java.lang.String) throws java.lang.Exception
2018-03-31 21:06:53.417  INFO 15922 --- [           main] o.s.d.r.w.RepositoryRestHandlerMapping   : Mapped "{[/{repository}/{id}/{property}/{propertyId}],methods=[DELETE],produces=[application/hal+json || application/json]}" onto public org.springframework.http.ResponseEntity<org.springframework.hateoas.ResourceSupport> org.springframework.data.rest.webmvc.RepositoryPropertyReferenceController.deletePropertyReferenceId(org.springframework.data.rest.webmvc.RootResourceInformation,java.io.Serializable,java.lang.String,java.lang.String) throws java.lang.Exception
2018-03-31 21:06:53.423  INFO 15922 --- [           main] o.s.d.r.w.RepositoryRestHandlerMapping   : Mapped "{[/{repository}/search/{search}],methods=[GET],produces=[application/hal+json || application/json]}" onto public org.springframework.http.ResponseEntity<?> org.springframework.data.rest.webmvc.RepositorySearchController.executeSearch(org.springframework.data.rest.webmvc.RootResourceInformation,org.springframework.util.MultiValueMap<java.lang.String, java.lang.Object>,java.lang.String,org.springframework.data.rest.webmvc.support.DefaultedPageable,org.springframework.data.domain.Sort,org.springframework.data.rest.webmvc.PersistentEntityResourceAssembler,org.springframework.http.HttpHeaders)
2018-03-31 21:06:53.423  INFO 15922 --- [           main] o.s.d.r.w.RepositoryRestHandlerMapping   : Mapped "{[/{repository}/search],methods=[OPTIONS],produces=[application/hal+json || application/json]}" onto public org.springframework.http.HttpEntity<?> org.springframework.data.rest.webmvc.RepositorySearchController.optionsForSearches(org.springframework.data.rest.webmvc.RootResourceInformation)
2018-03-31 21:06:53.424  INFO 15922 --- [           main] o.s.d.r.w.RepositoryRestHandlerMapping   : Mapped "{[/{repository}/search/{search}],methods=[GET],produces=[application/x-spring-data-compact+json]}" onto public org.springframework.hateoas.ResourceSupport org.springframework.data.rest.webmvc.RepositorySearchController.executeSearchCompact(org.springframework.data.rest.webmvc.RootResourceInformation,org.springframework.http.HttpHeaders,org.springframework.util.MultiValueMap<java.lang.String, java.lang.Object>,java.lang.String,java.lang.String,org.springframework.data.rest.webmvc.support.DefaultedPageable,org.springframework.data.domain.Sort,org.springframework.data.rest.webmvc.PersistentEntityResourceAssembler)
2018-03-31 21:06:53.424  INFO 15922 --- [           main] o.s.d.r.w.RepositoryRestHandlerMapping   : Mapped "{[/{repository}/search/{search}],methods=[OPTIONS],produces=[application/hal+json || application/json]}" onto public org.springframework.http.ResponseEntity<java.lang.Object> org.springframework.data.rest.webmvc.RepositorySearchController.optionsForSearch(org.springframework.data.rest.webmvc.RootResourceInformation,java.lang.String)
2018-03-31 21:06:53.424  INFO 15922 --- [           main] o.s.d.r.w.RepositoryRestHandlerMapping   : Mapped "{[/{repository}/search/{search}],methods=[HEAD],produces=[application/hal+json || application/json]}" onto public org.springframework.http.ResponseEntity<java.lang.Object> org.springframework.data.rest.webmvc.RepositorySearchController.headForSearch(org.springframework.data.rest.webmvc.RootResourceInformation,java.lang.String)
2018-03-31 21:06:53.424  INFO 15922 --- [           main] o.s.d.r.w.RepositoryRestHandlerMapping   : Mapped "{[/{repository}/search],methods=[GET],produces=[application/hal+json || application/json]}" onto public org.springframework.data.rest.webmvc.RepositorySearchesResource org.springframework.data.rest.webmvc.RepositorySearchController.listSearches(org.springframework.data.rest.webmvc.RootResourceInformation)
2018-03-31 21:06:53.425  INFO 15922 --- [           main] o.s.d.r.w.RepositoryRestHandlerMapping   : Mapped "{[/{repository}/search],methods=[HEAD],produces=[application/hal+json || application/json]}" onto public org.springframework.http.HttpEntity<?> org.springframework.data.rest.webmvc.RepositorySearchController.headForSearches(org.springframework.data.rest.webmvc.RootResourceInformation)
2018-03-31 21:06:53.425  INFO 15922 --- [           main] o.s.d.r.w.RepositoryRestHandlerMapping   : Mapped "{[/ || ],methods=[GET],produces=[application/hal+json || application/json]}" onto public org.springframework.http.HttpEntity<org.springframework.data.rest.webmvc.RepositoryLinksResource> org.springframework.data.rest.webmvc.RepositoryController.listRepositories()
2018-03-31 21:06:53.426  INFO 15922 --- [           main] o.s.d.r.w.RepositoryRestHandlerMapping   : Mapped "{[/ || ],methods=[OPTIONS],produces=[application/hal+json || application/json]}" onto public org.springframework.http.HttpEntity<?> org.springframework.data.rest.webmvc.RepositoryController.optionsForRepositories()
2018-03-31 21:06:53.426  INFO 15922 --- [           main] o.s.d.r.w.RepositoryRestHandlerMapping   : Mapped "{[/ || ],methods=[HEAD],produces=[application/hal+json || application/json]}" onto public org.springframework.http.ResponseEntity<?> org.springframework.data.rest.webmvc.RepositoryController.headForRepositories()
2018-03-31 21:06:53.427  INFO 15922 --- [           main] o.s.d.r.w.RepositoryRestHandlerMapping   : Mapped "{[/{repository}],methods=[OPTIONS],produces=[application/hal+json || application/json]}" onto public org.springframework.http.ResponseEntity<?> org.springframework.data.rest.webmvc.RepositoryEntityController.optionsForCollectionResource(org.springframework.data.rest.webmvc.RootResourceInformation)
2018-03-31 21:06:53.428  INFO 15922 --- [           main] o.s.d.r.w.RepositoryRestHandlerMapping   : Mapped "{[/{repository}],methods=[HEAD],produces=[application/hal+json || application/json]}" onto public org.springframework.http.ResponseEntity<?> org.springframework.data.rest.webmvc.RepositoryEntityController.headCollectionResource(org.springframework.data.rest.webmvc.RootResourceInformation,org.springframework.data.rest.webmvc.support.DefaultedPageable) throws org.springframework.web.HttpRequestMethodNotSupportedException
2018-03-31 21:06:53.428  INFO 15922 --- [           main] o.s.d.r.w.RepositoryRestHandlerMapping   : Mapped "{[/{repository}],methods=[GET],produces=[application/hal+json || application/json]}" onto public org.springframework.hateoas.Resources<?> org.springframework.data.rest.webmvc.RepositoryEntityController.getCollectionResource(org.springframework.data.rest.webmvc.RootResourceInformation,org.springframework.data.rest.webmvc.support.DefaultedPageable,org.springframework.data.domain.Sort,org.springframework.data.rest.webmvc.PersistentEntityResourceAssembler) throws org.springframework.data.rest.webmvc.ResourceNotFoundException,org.springframework.web.HttpRequestMethodNotSupportedException
2018-03-31 21:06:53.429  INFO 15922 --- [           main] o.s.d.r.w.RepositoryRestHandlerMapping   : Mapped "{[/{repository}],methods=[GET],produces=[application/x-spring-data-compact+json || text/uri-list]}" onto public org.springframework.hateoas.Resources<?> org.springframework.data.rest.webmvc.RepositoryEntityController.getCollectionResourceCompact(org.springframework.data.rest.webmvc.RootResourceInformation,org.springframework.data.rest.webmvc.support.DefaultedPageable,org.springframework.data.domain.Sort,org.springframework.data.rest.webmvc.PersistentEntityResourceAssembler) throws org.springframework.data.rest.webmvc.ResourceNotFoundException,org.springframework.web.HttpRequestMethodNotSupportedException
2018-03-31 21:06:53.429  INFO 15922 --- [           main] o.s.d.r.w.RepositoryRestHandlerMapping   : Mapped "{[/{repository}],methods=[POST],produces=[application/hal+json || application/json]}" onto public org.springframework.http.ResponseEntity<org.springframework.hateoas.ResourceSupport> org.springframework.data.rest.webmvc.RepositoryEntityController.postCollectionResource(org.springframework.data.rest.webmvc.RootResourceInformation,org.springframework.data.rest.webmvc.PersistentEntityResource,org.springframework.data.rest.webmvc.PersistentEntityResourceAssembler,java.lang.String) throws org.springframework.web.HttpRequestMethodNotSupportedException
2018-03-31 21:06:53.429  INFO 15922 --- [           main] o.s.d.r.w.RepositoryRestHandlerMapping   : Mapped "{[/{repository}/{id}],methods=[OPTIONS],produces=[application/hal+json || application/json]}" onto public org.springframework.http.ResponseEntity<?> org.springframework.data.rest.webmvc.RepositoryEntityController.optionsForItemResource(org.springframework.data.rest.webmvc.RootResourceInformation)
2018-03-31 21:06:53.430  INFO 15922 --- [           main] o.s.d.r.w.RepositoryRestHandlerMapping   : Mapped "{[/{repository}/{id}],methods=[HEAD],produces=[application/hal+json || application/json]}" onto public org.springframework.http.ResponseEntity<?> org.springframework.data.rest.webmvc.RepositoryEntityController.headForItemResource(org.springframework.data.rest.webmvc.RootResourceInformation,java.io.Serializable,org.springframework.data.rest.webmvc.PersistentEntityResourceAssembler) throws org.springframework.web.HttpRequestMethodNotSupportedException
2018-03-31 21:06:53.430  INFO 15922 --- [           main] o.s.d.r.w.RepositoryRestHandlerMapping   : Mapped "{[/{repository}/{id}],methods=[GET],produces=[application/hal+json || application/json]}" onto public org.springframework.http.ResponseEntity<org.springframework.hateoas.Resource<?>> org.springframework.data.rest.webmvc.RepositoryEntityController.getItemResource(org.springframework.data.rest.webmvc.RootResourceInformation,java.io.Serializable,org.springframework.data.rest.webmvc.PersistentEntityResourceAssembler,org.springframework.http.HttpHeaders) throws org.springframework.web.HttpRequestMethodNotSupportedException
2018-03-31 21:06:53.430  INFO 15922 --- [           main] o.s.d.r.w.RepositoryRestHandlerMapping   : Mapped "{[/{repository}/{id}],methods=[PUT],produces=[application/hal+json || application/json]}" onto public org.springframework.http.ResponseEntity<? extends org.springframework.hateoas.ResourceSupport> org.springframework.data.rest.webmvc.RepositoryEntityController.putItemResource(org.springframework.data.rest.webmvc.RootResourceInformation,org.springframework.data.rest.webmvc.PersistentEntityResource,java.io.Serializable,org.springframework.data.rest.webmvc.PersistentEntityResourceAssembler,org.springframework.data.rest.webmvc.support.ETag,java.lang.String) throws org.springframework.web.HttpRequestMethodNotSupportedException
2018-03-31 21:06:53.430  INFO 15922 --- [           main] o.s.d.r.w.RepositoryRestHandlerMapping   : Mapped "{[/{repository}/{id}],methods=[PATCH],produces=[application/hal+json || application/json]}" onto public org.springframework.http.ResponseEntity<org.springframework.hateoas.ResourceSupport> org.springframework.data.rest.webmvc.RepositoryEntityController.patchItemResource(org.springframework.data.rest.webmvc.RootResourceInformation,org.springframework.data.rest.webmvc.PersistentEntityResource,java.io.Serializable,org.springframework.data.rest.webmvc.PersistentEntityResourceAssembler,org.springframework.data.rest.webmvc.support.ETag,java.lang.String) throws org.springframework.web.HttpRequestMethodNotSupportedException,org.springframework.data.rest.webmvc.ResourceNotFoundException
2018-03-31 21:06:53.431  INFO 15922 --- [           main] o.s.d.r.w.RepositoryRestHandlerMapping   : Mapped "{[/{repository}/{id}],methods=[DELETE],produces=[application/hal+json || application/json]}" onto public org.springframework.http.ResponseEntity<?> org.springframework.data.rest.webmvc.RepositoryEntityController.deleteItemResource(org.springframework.data.rest.webmvc.RootResourceInformation,java.io.Serializable,org.springframework.data.rest.webmvc.support.ETag) throws org.springframework.data.rest.webmvc.ResourceNotFoundException,org.springframework.web.HttpRequestMethodNotSupportedException
2018-03-31 21:06:53.434  INFO 15922 --- [           main] o.s.d.r.w.BasePathAwareHandlerMapping    : Mapped "{[/profile/{repository}],methods=[OPTIONS],produces=[application/alps+json]}" onto org.springframework.http.HttpEntity<?> org.springframework.data.rest.webmvc.alps.AlpsController.alpsOptions()
2018-03-31 21:06:53.435  INFO 15922 --- [           main] o.s.d.r.w.BasePathAwareHandlerMapping    : Mapped "{[/profile/{repository}],methods=[GET],produces=[application/alps+json || */*]}" onto org.springframework.http.HttpEntity<org.springframework.data.rest.webmvc.RootResourceInformation> org.springframework.data.rest.webmvc.alps.AlpsController.descriptor(org.springframework.data.rest.webmvc.RootResourceInformation)
2018-03-31 21:06:53.435  INFO 15922 --- [           main] o.s.d.r.w.BasePathAwareHandlerMapping    : Mapped "{[/profile/{repository}],methods=[GET],produces=[application/schema+json]}" onto public org.springframework.http.HttpEntity<org.springframework.data.rest.webmvc.json.JsonSchema> org.springframework.data.rest.webmvc.RepositorySchemaController.schema(org.springframework.data.rest.webmvc.RootResourceInformation)
2018-03-31 21:06:53.436  INFO 15922 --- [           main] o.s.d.r.w.BasePathAwareHandlerMapping    : Mapped "{[/profile],methods=[OPTIONS]}" onto public org.springframework.http.HttpEntity<?> org.springframework.data.rest.webmvc.ProfileController.profileOptions()
2018-03-31 21:06:53.436  INFO 15922 --- [           main] o.s.d.r.w.BasePathAwareHandlerMapping    : Mapped "{[/profile],methods=[GET]}" onto org.springframework.http.HttpEntity<org.springframework.hateoas.ResourceSupport> org.springframework.data.rest.webmvc.ProfileController.listAllFormsOfMetadata()
2018-03-31 21:06:53.668  INFO 15922 --- [           main] o.h.h.i.QueryTranslatorFactoryInitiator  : HHH000397: Using ASTQueryTranslatorFactory
2018-03-31 21:06:53.759  INFO 15922 --- [           main] e.harvard.h2ms.service.EmailServiceImpl  : ************************STARTING GREENMAIL****************
2018-03-31 21:06:53.774  INFO 15922 --- [           main] e.h.h.controllers.EventControllerTests   : Started EventControllerTests in 5.312 seconds (JVM running for 11.477)
2018-03-31 21:06:53.843  INFO 15922 --- [           main] o.s.b.t.m.w.SpringBootMockServletContext : Initializing Spring FrameworkServlet ''
2018-03-31 21:06:53.844  INFO 15922 --- [           main] o.s.t.web.servlet.TestDispatcherServlet  : FrameworkServlet '': initialization started
2018-03-31 21:06:53.869  INFO 15922 --- [           main] o.s.t.web.servlet.TestDispatcherServlet  : FrameworkServlet '': initialization completed in 25 ms
2018-03-31 21:06:54.351 ERROR 15922 --- [           main] e.h.h2ms.web.controller.EventController  : Compliance data can only be generated for a boolean question. Question is 'Boolean.'
2018-03-31 21:06:54.356  INFO 15922 --- [           main] o.s.w.c.s.GenericWebApplicationContext   : Closing org.springframework.web.context.support.GenericWebApplicationContext@1ad1b737: startup date [Sat Mar 31 21:06:48 EDT 2018]; root of context hierarchy
2018-03-31 21:06:54.362  INFO 15922 --- [           main] j.LocalContainerEntityManagerFactoryBean : Closing JPA EntityManagerFactory for persistence unit 'default'
2018-03-31 21:06:54.363  INFO 15922 --- [           main] org.hibernate.tool.hbm2ddl.SchemaExport  : HHH000227: Running hbm2ddl schema export
2018-03-31 21:06:54.392  INFO 15922 --- [           main] org.hibernate.tool.hbm2ddl.SchemaExport  : HHH000230: Schema export complete

  .   ____          _            __ _ _
 /\\ / ___'_ __ _ _(_)_ __  __ _ \ \ \ \
( ( )\___ | '_ | '_| | '_ \/ _` | \ \ \ \
 \\/  ___)| |_)| | | | | || (_| |  ) ) ) )
  '  |____| .__|_| |_|_| |_\__, | / / / /
 =========|_|==============|___/=/_/_/_/
 :: Spring Boot ::       (v1.5.10.RELEASE)

2018-03-31 21:06:55.000  INFO 15922 --- [           main] e.h.h.controllers.EventControllerTests   : Starting EventControllerTests on ancient.bitbin.de with PID 15922 (started by stbenjam in /home/stbenjam/git/h2ms)
2018-03-31 21:06:55.000  INFO 15922 --- [           main] e.h.h.controllers.EventControllerTests   : No active profile set, falling back to default profiles: default
2018-03-31 21:06:55.002  INFO 15922 --- [           main] o.s.w.c.s.GenericWebApplicationContext   : Refreshing org.springframework.web.context.support.GenericWebApplicationContext@6e200307: startup date [Sat Mar 31 21:06:55 EDT 2018]; root of context hierarchy
2018-03-31 21:06:55.055  INFO 15922 --- [           main] o.s.c.a.ConfigurationClassParser         : Properties location [classpath:mailserver.properties] not resolvable: class path resource [mailserver.properties] cannot be opened because it does not exist
2018-03-31 21:06:55.314  INFO 15922 --- [           main] o.s.b.f.s.DefaultListableBeanFactory     : Overriding bean definition for bean 'httpRequestHandlerAdapter' with a different definition: replacing [Root bean: class [null]; scope=; abstract=false; lazyInit=false; autowireMode=3; dependencyCheck=0; autowireCandidate=true; primary=false; factoryBeanName=org.springframework.boot.autoconfigure.web.WebMvcAutoConfiguration$EnableWebMvcConfiguration; factoryMethodName=httpRequestHandlerAdapter; initMethodName=null; destroyMethodName=(inferred); defined in class path resource [org/springframework/boot/autoconfigure/web/WebMvcAutoConfiguration$EnableWebMvcConfiguration.class]] with [Root bean: class [null]; scope=; abstract=false; lazyInit=false; autowireMode=3; dependencyCheck=0; autowireCandidate=true; primary=false; factoryBeanName=org.springframework.data.rest.webmvc.config.RepositoryRestMvcConfiguration; factoryMethodName=httpRequestHandlerAdapter; initMethodName=null; destroyMethodName=(inferred); defined in class path resource [org/springframework/data/rest/webmvc/config/RepositoryRestMvcConfiguration.class]]
2018-03-31 21:06:55.463  INFO 15922 --- [           main] trationDelegate$BeanPostProcessorChecker : Bean 'org.springframework.transaction.annotation.ProxyTransactionManagementConfiguration' of type [org.springframework.transaction.annotation.ProxyTransactionManagementConfiguration$$EnhancerBySpringCGLIB$$2ed2379b] is not eligible for getting processed by all BeanPostProcessors (for example: not eligible for auto-proxying)
2018-03-31 21:06:55.487  INFO 15922 --- [           main] trationDelegate$BeanPostProcessorChecker : Bean 'org.springframework.security.config.annotation.configuration.ObjectPostProcessorConfiguration' of type [org.springframework.security.config.annotation.configuration.ObjectPostProcessorConfiguration$$EnhancerBySpringCGLIB$$c77fffd5] is not eligible for getting processed by all BeanPostProcessors (for example: not eligible for auto-proxying)
2018-03-31 21:06:55.494  INFO 15922 --- [           main] trationDelegate$BeanPostProcessorChecker : Bean 'objectPostProcessor' of type [org.springframework.security.config.annotation.configuration.AutowireBeanFactoryObjectPostProcessor] is not eligible for getting processed by all BeanPostProcessors (for example: not eligible for auto-proxying)
2018-03-31 21:06:55.499  INFO 15922 --- [           main] trationDelegate$BeanPostProcessorChecker : Bean 'org.springframework.security.access.expression.method.DefaultMethodSecurityExpressionHandler@15d2c2ca' of type [org.springframework.security.oauth2.provider.expression.OAuth2MethodSecurityExpressionHandler] is not eligible for getting processed by all BeanPostProcessors (for example: not eligible for auto-proxying)
2018-03-31 21:06:55.517  INFO 15922 --- [           main] trationDelegate$BeanPostProcessorChecker : Bean 'org.springframework.security.config.annotation.method.configuration.GlobalMethodSecurityConfiguration' of type [org.springframework.security.config.annotation.method.configuration.GlobalMethodSecurityConfiguration$$EnhancerBySpringCGLIB$$ec54a287] is not eligible for getting processed by all BeanPostProcessors (for example: not eligible for auto-proxying)
2018-03-31 21:06:55.521  INFO 15922 --- [           main] trationDelegate$BeanPostProcessorChecker : Bean 'methodSecurityMetadataSource' of type [org.springframework.security.access.method.DelegatingMethodSecurityMetadataSource] is not eligible for getting processed by all BeanPostProcessors (for example: not eligible for auto-proxying)
2018-03-31 21:06:55.558  INFO 15922 --- [           main] trationDelegate$BeanPostProcessorChecker : Bean 'security.oauth2.client-org.springframework.boot.autoconfigure.security.oauth2.OAuth2ClientProperties' of type [org.springframework.boot.autoconfigure.security.oauth2.OAuth2ClientProperties] is not eligible for getting processed by all BeanPostProcessors (for example: not eligible for auto-proxying)
2018-03-31 21:06:55.563  INFO 15922 --- [           main] trationDelegate$BeanPostProcessorChecker : Bean 'org.springframework.boot.autoconfigure.security.oauth2.OAuth2AutoConfiguration' of type [org.springframework.boot.autoconfigure.security.oauth2.OAuth2AutoConfiguration$$EnhancerBySpringCGLIB$$e61bf39b] is not eligible for getting processed by all BeanPostProcessors (for example: not eligible for auto-proxying)
2018-03-31 21:06:55.578  INFO 15922 --- [           main] trationDelegate$BeanPostProcessorChecker : Bean 'resourceServerProperties' of type [org.springframework.boot.autoconfigure.security.oauth2.resource.ResourceServerProperties] is not eligible for getting processed by all BeanPostProcessors (for example: not eligible for auto-proxying)
2018-03-31 21:06:55.817  INFO 15922 --- [           main] j.LocalContainerEntityManagerFactoryBean : Building JPA container EntityManagerFactory for persistence unit 'default'
2018-03-31 21:06:55.818  INFO 15922 --- [           main] o.hibernate.jpa.internal.util.LogHelper  : HHH000204: Processing PersistenceUnitInfo [
	name: default
	...]
2018-03-31 21:06:55.825  INFO 15922 --- [           main] org.hibernate.dialect.Dialect            : HHH000400: Using dialect: org.hibernate.dialect.H2Dialect
2018-03-31 21:06:55.948  INFO 15922 --- [           main] org.hibernate.tool.hbm2ddl.SchemaExport  : HHH000227: Running hbm2ddl schema export
2018-03-31 21:06:55.972  INFO 15922 --- [           main] org.hibernate.tool.hbm2ddl.SchemaExport  : HHH000230: Schema export complete
2018-03-31 21:06:55.980  WARN 15922 --- [           main] o.h.j.i.EntityManagerFactoryRegistry     : HHH000436: Entity manager factory name (default) is already registered.  If entity manager will be clustered or passivated, specify a unique value for property 'hibernate.ejb.entitymanager_factory_name'
2018-03-31 21:06:55.981  INFO 15922 --- [           main] j.LocalContainerEntityManagerFactoryBean : Initialized JPA EntityManagerFactory for persistence unit 'default'
2018-03-31 21:06:56.669  INFO 15922 --- [           main] .s.o.p.e.FrameworkEndpointHandlerMapping : Mapped "{[/oauth/authorize]}" onto public org.springframework.web.servlet.ModelAndView org.springframework.security.oauth2.provider.endpoint.AuthorizationEndpoint.authorize(java.util.Map<java.lang.String, java.lang.Object>,java.util.Map<java.lang.String, java.lang.String>,org.springframework.web.bind.support.SessionStatus,java.security.Principal)
2018-03-31 21:06:56.669  INFO 15922 --- [           main] .s.o.p.e.FrameworkEndpointHandlerMapping : Mapped "{[/oauth/authorize],methods=[POST],params=[user_oauth_approval]}" onto public org.springframework.web.servlet.View org.springframework.security.oauth2.provider.endpoint.AuthorizationEndpoint.approveOrDeny(java.util.Map<java.lang.String, java.lang.String>,java.util.Map<java.lang.String, ?>,org.springframework.web.bind.support.SessionStatus,java.security.Principal)
2018-03-31 21:06:56.670  INFO 15922 --- [           main] .s.o.p.e.FrameworkEndpointHandlerMapping : Mapped "{[/oauth/token],methods=[GET]}" onto public org.springframework.http.ResponseEntity<org.springframework.security.oauth2.common.OAuth2AccessToken> org.springframework.security.oauth2.provider.endpoint.TokenEndpoint.getAccessToken(java.security.Principal,java.util.Map<java.lang.String, java.lang.String>) throws org.springframework.web.HttpRequestMethodNotSupportedException
2018-03-31 21:06:56.670  INFO 15922 --- [           main] .s.o.p.e.FrameworkEndpointHandlerMapping : Mapped "{[/oauth/token],methods=[POST]}" onto public org.springframework.http.ResponseEntity<org.springframework.security.oauth2.common.OAuth2AccessToken> org.springframework.security.oauth2.provider.endpoint.TokenEndpoint.postAccessToken(java.security.Principal,java.util.Map<java.lang.String, java.lang.String>) throws org.springframework.web.HttpRequestMethodNotSupportedException
2018-03-31 21:06:56.670  INFO 15922 --- [           main] .s.o.p.e.FrameworkEndpointHandlerMapping : Mapped "{[/oauth/check_token]}" onto public java.util.Map<java.lang.String, ?> org.springframework.security.oauth2.provider.endpoint.CheckTokenEndpoint.checkToken(java.lang.String)
2018-03-31 21:06:56.671  INFO 15922 --- [           main] .s.o.p.e.FrameworkEndpointHandlerMapping : Mapped "{[/oauth/confirm_access]}" onto public org.springframework.web.servlet.ModelAndView org.springframework.security.oauth2.provider.endpoint.WhitelabelApprovalEndpoint.getAccessConfirmation(java.util.Map<java.lang.String, java.lang.Object>,javax.servlet.http.HttpServletRequest) throws java.lang.Exception
2018-03-31 21:06:56.671  INFO 15922 --- [           main] .s.o.p.e.FrameworkEndpointHandlerMapping : Mapped "{[/oauth/error]}" onto public org.springframework.web.servlet.ModelAndView org.springframework.security.oauth2.provider.endpoint.WhitelabelErrorEndpoint.handleError(javax.servlet.http.HttpServletRequest)
2018-03-31 21:06:56.925  INFO 15922 --- [           main] o.s.s.web.DefaultSecurityFilterChain     : Creating filter chain: Ant [pattern='/'], []
2018-03-31 21:06:56.925  INFO 15922 --- [           main] o.s.s.web.DefaultSecurityFilterChain     : Creating filter chain: Ant [pattern='/login'], []
2018-03-31 21:06:56.925  INFO 15922 --- [           main] o.s.s.web.DefaultSecurityFilterChain     : Creating filter chain: Ant [pattern='/webjars/**'], []
2018-03-31 21:06:56.925  INFO 15922 --- [           main] o.s.s.web.DefaultSecurityFilterChain     : Creating filter chain: Ant [pattern='/api/passwords/**'], []
2018-03-31 21:06:56.925  INFO 15922 --- [           main] o.s.s.web.DefaultSecurityFilterChain     : Creating filter chain: Ant [pattern='/swagger-resources'], []
2018-03-31 21:06:56.925  INFO 15922 --- [           main] o.s.s.web.DefaultSecurityFilterChain     : Creating filter chain: Ant [pattern='/swagger-resources/**'], []
2018-03-31 21:06:56.925  INFO 15922 --- [           main] o.s.s.web.DefaultSecurityFilterChain     : Creating filter chain: Ant [pattern='/swagger-ui.html'], []
2018-03-31 21:06:56.925  INFO 15922 --- [           main] o.s.s.web.DefaultSecurityFilterChain     : Creating filter chain: Ant [pattern='/v2/api-docs'], []
2018-03-31 21:06:56.925  INFO 15922 --- [           main] o.s.s.web.DefaultSecurityFilterChain     : Creating filter chain: Ant [pattern='/**', OPTIONS], []
2018-03-31 21:06:57.008  INFO 15922 --- [           main] o.s.s.web.DefaultSecurityFilterChain     : Creating filter chain: OrRequestMatcher [requestMatchers=[Ant [pattern='/oauth/token'], Ant [pattern='/oauth/token_key'], Ant [pattern='/oauth/check_token']]], [org.springframework.security.web.context.request.async.WebAsyncManagerIntegrationFilter@171b82ea, org.springframework.security.web.context.SecurityContextPersistenceFilter@158bd27d, org.springframework.security.web.header.HeaderWriterFilter@47f50549, org.springframework.security.web.authentication.logout.LogoutFilter@58ed5ed3, org.springframework.security.web.authentication.www.BasicAuthenticationFilter@3c657771, org.springframework.security.web.savedrequest.RequestCacheAwareFilter@30282260, org.springframework.security.web.servletapi.SecurityContextHolderAwareRequestFilter@5f18a661, org.springframework.security.web.authentication.AnonymousAuthenticationFilter@49d5db99, org.springframework.security.web.session.SessionManagementFilter@43f88150, org.springframework.security.web.access.ExceptionTranslationFilter@24a024c8, org.springframework.security.web.access.intercept.FilterSecurityInterceptor@6b5e8b3a]
2018-03-31 21:06:57.022  INFO 15922 --- [           main] o.s.s.web.DefaultSecurityFilterChain     : Creating filter chain: org.springframework.security.oauth2.config.annotation.web.configuration.ResourceServerConfiguration$NotOAuthRequestMatcher@78ded8c9, [org.springframework.security.web.context.request.async.WebAsyncManagerIntegrationFilter@5d685156, org.springframework.security.web.context.SecurityContextPersistenceFilter@115b0bf5, org.springframework.security.web.header.HeaderWriterFilter@222ebd21, org.springframework.security.web.authentication.logout.LogoutFilter@6809a461, org.springframework.security.oauth2.provider.authentication.OAuth2AuthenticationProcessingFilter@591dd039, org.springframework.security.web.savedrequest.RequestCacheAwareFilter@21f134a2, org.springframework.security.web.servletapi.SecurityContextHolderAwareRequestFilter@76e14208, org.springframework.security.web.authentication.AnonymousAuthenticationFilter@30926583, org.springframework.security.web.session.SessionManagementFilter@24c7563b, org.springframework.security.web.access.ExceptionTranslationFilter@33606f4b, org.springframework.security.web.access.intercept.FilterSecurityInterceptor@4f755506]
2018-03-31 21:06:57.022  INFO 15922 --- [           main] o.s.s.web.DefaultSecurityFilterChain     : Creating filter chain: org.springframework.security.web.util.matcher.AnyRequestMatcher@1, [org.springframework.security.web.access.intercept.FilterSecurityInterceptor@642aa8ea]
2018-03-31 21:06:57.286  INFO 15922 --- [           main] s.w.s.m.m.a.RequestMappingHandlerAdapter : Looking for @ControllerAdvice: org.springframework.web.context.support.GenericWebApplicationContext@6e200307: startup date [Sat Mar 31 21:06:55 EDT 2018]; root of context hierarchy
2018-03-31 21:06:57.339  INFO 15922 --- [           main] s.w.s.m.m.a.RequestMappingHandlerMapping : Mapped "{[/events/count/{timeframe}],methods=[GET]}" onto public org.springframework.http.ResponseEntity<?> edu.harvard.h2ms.web.controller.EventController.findEventCountByTimeframe(java.lang.String)
2018-03-31 21:06:57.340  INFO 15922 --- [           main] s.w.s.m.m.a.RequestMappingHandlerMapping : Mapped "{[/events/compliance/{questionId}/{timeframe}],methods=[GET]}" onto public org.springframework.http.ResponseEntity<?> edu.harvard.h2ms.web.controller.EventController.findComplianceByTimeframe(java.lang.String,java.lang.Long)
2018-03-31 21:06:57.340  INFO 15922 --- [           main] s.w.s.m.m.a.RequestMappingHandlerMapping : Mapped "{[/api/passwords/reset/{email:.+}],methods=[GET]}" onto public org.springframework.http.ResponseEntity<java.lang.Object> edu.harvard.h2ms.web.controller.PasswordController.getPasswordResetToken(java.lang.String)
2018-03-31 21:06:57.341  INFO 15922 --- [           main] s.w.s.m.m.a.RequestMappingHandlerMapping : Mapped "{[/api/passwords/reset/token],methods=[POST]}" onto public org.springframework.http.ResponseEntity<java.lang.Object> edu.harvard.h2ms.web.controller.PasswordController.resetPasswordViaToken(java.util.Map<java.lang.String, java.lang.String>)
2018-03-31 21:06:57.341  INFO 15922 --- [           main] s.w.s.m.m.a.RequestMappingHandlerMapping : Mapped "{[/users/avgWashed],methods=[GET]}" onto public java.util.Map<java.lang.String, java.lang.Double> edu.harvard.h2ms.web.controller.UserController.findAvgWashCompliance()
2018-03-31 21:06:57.343  INFO 15922 --- [           main] s.w.s.m.m.a.RequestMappingHandlerMapping : Mapped "{[/error],produces=[text/html]}" onto public org.springframework.web.servlet.ModelAndView org.springframework.boot.autoconfigure.web.BasicErrorController.errorHtml(javax.servlet.http.HttpServletRequest,javax.servlet.http.HttpServletResponse)
2018-03-31 21:06:57.343  INFO 15922 --- [           main] s.w.s.m.m.a.RequestMappingHandlerMapping : Mapped "{[/error]}" onto public org.springframework.http.ResponseEntity<java.util.Map<java.lang.String, java.lang.Object>> org.springframework.boot.autoconfigure.web.BasicErrorController.error(javax.servlet.http.HttpServletRequest)
2018-03-31 21:06:57.423  INFO 15922 --- [           main] o.s.w.s.handler.SimpleUrlHandlerMapping  : Mapped URL path [/webjars/**] onto handler of type [class org.springframework.web.servlet.resource.ResourceHttpRequestHandler]
2018-03-31 21:06:57.424  INFO 15922 --- [           main] o.s.w.s.handler.SimpleUrlHandlerMapping  : Mapped URL path [/**] onto handler of type [class org.springframework.web.servlet.resource.ResourceHttpRequestHandler]
2018-03-31 21:06:57.462  INFO 15922 --- [           main] .m.m.a.ExceptionHandlerExceptionResolver : Detected @ExceptionHandler methods in exceptionHandlingController
2018-03-31 21:06:57.462  INFO 15922 --- [           main] .m.m.a.ExceptionHandlerExceptionResolver : Detected @ExceptionHandler methods in repositoryRestExceptionHandler
2018-03-31 21:06:57.550  INFO 15922 --- [           main] o.s.w.s.handler.SimpleUrlHandlerMapping  : Mapped URL path [/**/favicon.ico] onto handler of type [class org.springframework.web.servlet.resource.ResourceHttpRequestHandler]
2018-03-31 21:06:57.616  WARN 15922 --- [           main] .t.AbstractTemplateResolverConfiguration : Cannot find template location: classpath:/templates/ (please add some templates or check your Thymeleaf configuration)
2018-03-31 21:06:57.774  INFO 15922 --- [           main] o.s.d.r.w.RepositoryRestHandlerAdapter   : Looking for @ControllerAdvice: org.springframework.web.context.support.GenericWebApplicationContext@6e200307: startup date [Sat Mar 31 21:06:55 EDT 2018]; root of context hierarchy
2018-03-31 21:06:57.801  INFO 15922 --- [           main] o.s.d.r.w.RepositoryRestHandlerMapping   : Mapped "{[/{repository}/{id}/{property}],methods=[GET],produces=[application/hal+json || application/json]}" onto public org.springframework.http.ResponseEntity<org.springframework.hateoas.ResourceSupport> org.springframework.data.rest.webmvc.RepositoryPropertyReferenceController.followPropertyReference(org.springframework.data.rest.webmvc.RootResourceInformation,java.io.Serializable,java.lang.String,org.springframework.data.rest.webmvc.PersistentEntityResourceAssembler) throws java.lang.Exception
2018-03-31 21:06:57.801  INFO 15922 --- [           main] o.s.d.r.w.RepositoryRestHandlerMapping   : Mapped "{[/{repository}/{id}/{property}/{propertyId}],methods=[GET],produces=[application/hal+json || application/json]}" onto public org.springframework.http.ResponseEntity<org.springframework.hateoas.ResourceSupport> org.springframework.data.rest.webmvc.RepositoryPropertyReferenceController.followPropertyReference(org.springframework.data.rest.webmvc.RootResourceInformation,java.io.Serializable,java.lang.String,java.lang.String,org.springframework.data.rest.webmvc.PersistentEntityResourceAssembler) throws java.lang.Exception
2018-03-31 21:06:57.802  INFO 15922 --- [           main] o.s.d.r.w.RepositoryRestHandlerMapping   : Mapped "{[/{repository}/{id}/{property}],methods=[DELETE],produces=[application/hal+json || application/json]}" onto public org.springframework.http.ResponseEntity<? extends org.springframework.hateoas.ResourceSupport> org.springframework.data.rest.webmvc.RepositoryPropertyReferenceController.deletePropertyReference(org.springframework.data.rest.webmvc.RootResourceInformation,java.io.Serializable,java.lang.String) throws java.lang.Exception
2018-03-31 21:06:57.802  INFO 15922 --- [           main] o.s.d.r.w.RepositoryRestHandlerMapping   : Mapped "{[/{repository}/{id}/{property}],methods=[GET],produces=[application/x-spring-data-compact+json || text/uri-list]}" onto public org.springframework.http.ResponseEntity<org.springframework.hateoas.ResourceSupport> org.springframework.data.rest.webmvc.RepositoryPropertyReferenceController.followPropertyReferenceCompact(org.springframework.data.rest.webmvc.RootResourceInformation,java.io.Serializable,java.lang.String,org.springframework.data.rest.webmvc.PersistentEntityResourceAssembler) throws java.lang.Exception
2018-03-31 21:06:57.802  INFO 15922 --- [           main] o.s.d.r.w.RepositoryRestHandlerMapping   : Mapped "{[/{repository}/{id}/{property}],methods=[PATCH || PUT || POST],consumes=[application/json || application/x-spring-data-compact+json || text/uri-list],produces=[application/hal+json || application/json]}" onto public org.springframework.http.ResponseEntity<? extends org.springframework.hateoas.ResourceSupport> org.springframework.data.rest.webmvc.RepositoryPropertyReferenceController.createPropertyReference(org.springframework.data.rest.webmvc.RootResourceInformation,org.springframework.http.HttpMethod,org.springframework.hateoas.Resources<java.lang.Object>,java.io.Serializable,java.lang.String) throws java.lang.Exception
2018-03-31 21:06:57.802  INFO 15922 --- [           main] o.s.d.r.w.RepositoryRestHandlerMapping   : Mapped "{[/{repository}/{id}/{property}/{propertyId}],methods=[DELETE],produces=[application/hal+json || application/json]}" onto public org.springframework.http.ResponseEntity<org.springframework.hateoas.ResourceSupport> org.springframework.data.rest.webmvc.RepositoryPropertyReferenceController.deletePropertyReferenceId(org.springframework.data.rest.webmvc.RootResourceInformation,java.io.Serializable,java.lang.String,java.lang.String) throws java.lang.Exception
2018-03-31 21:06:57.803  INFO 15922 --- [           main] o.s.d.r.w.RepositoryRestHandlerMapping   : Mapped "{[/{repository}/search/{search}],methods=[GET],produces=[application/hal+json || application/json]}" onto public org.springframework.http.ResponseEntity<?> org.springframework.data.rest.webmvc.RepositorySearchController.executeSearch(org.springframework.data.rest.webmvc.RootResourceInformation,org.springframework.util.MultiValueMap<java.lang.String, java.lang.Object>,java.lang.String,org.springframework.data.rest.webmvc.support.DefaultedPageable,org.springframework.data.domain.Sort,org.springframework.data.rest.webmvc.PersistentEntityResourceAssembler,org.springframework.http.HttpHeaders)
2018-03-31 21:06:57.804  INFO 15922 --- [           main] o.s.d.r.w.RepositoryRestHandlerMapping   : Mapped "{[/{repository}/search],methods=[OPTIONS],produces=[application/hal+json || application/json]}" onto public org.springframework.http.HttpEntity<?> org.springframework.data.rest.webmvc.RepositorySearchController.optionsForSearches(org.springframework.data.rest.webmvc.RootResourceInformation)
2018-03-31 21:06:57.805  INFO 15922 --- [           main] o.s.d.r.w.RepositoryRestHandlerMapping   : Mapped "{[/{repository}/search/{search}],methods=[GET],produces=[application/x-spring-data-compact+json]}" onto public org.springframework.hateoas.ResourceSupport org.springframework.data.rest.webmvc.RepositorySearchController.executeSearchCompact(org.springframework.data.rest.webmvc.RootResourceInformation,org.springframework.http.HttpHeaders,org.springframework.util.MultiValueMap<java.lang.String, java.lang.Object>,java.lang.String,java.lang.String,org.springframework.data.rest.webmvc.support.DefaultedPageable,org.springframework.data.domain.Sort,org.springframework.data.rest.webmvc.PersistentEntityResourceAssembler)
2018-03-31 21:06:57.806  INFO 15922 --- [           main] o.s.d.r.w.RepositoryRestHandlerMapping   : Mapped "{[/{repository}/search/{search}],methods=[OPTIONS],produces=[application/hal+json || application/json]}" onto public org.springframework.http.ResponseEntity<java.lang.Object> org.springframework.data.rest.webmvc.RepositorySearchController.optionsForSearch(org.springframework.data.rest.webmvc.RootResourceInformation,java.lang.String)
2018-03-31 21:06:57.806  INFO 15922 --- [           main] o.s.d.r.w.RepositoryRestHandlerMapping   : Mapped "{[/{repository}/search/{search}],methods=[HEAD],produces=[application/hal+json || application/json]}" onto public org.springframework.http.ResponseEntity<java.lang.Object> org.springframework.data.rest.webmvc.RepositorySearchController.headForSearch(org.springframework.data.rest.webmvc.RootResourceInformation,java.lang.String)
2018-03-31 21:06:57.807  INFO 15922 --- [           main] o.s.d.r.w.RepositoryRestHandlerMapping   : Mapped "{[/{repository}/search],methods=[GET],produces=[application/hal+json || application/json]}" onto public org.springframework.data.rest.webmvc.RepositorySearchesResource org.springframework.data.rest.webmvc.RepositorySearchController.listSearches(org.springframework.data.rest.webmvc.RootResourceInformation)
2018-03-31 21:06:57.807  INFO 15922 --- [           main] o.s.d.r.w.RepositoryRestHandlerMapping   : Mapped "{[/{repository}/search],methods=[HEAD],produces=[application/hal+json || application/json]}" onto public org.springframework.http.HttpEntity<?> org.springframework.data.rest.webmvc.RepositorySearchController.headForSearches(org.springframework.data.rest.webmvc.RootResourceInformation)
2018-03-31 21:06:57.809  INFO 15922 --- [           main] o.s.d.r.w.RepositoryRestHandlerMapping   : Mapped "{[/ || ],methods=[GET],produces=[application/hal+json || application/json]}" onto public org.springframework.http.HttpEntity<org.springframework.data.rest.webmvc.RepositoryLinksResource> org.springframework.data.rest.webmvc.RepositoryController.listRepositories()
2018-03-31 21:06:57.811  INFO 15922 --- [           main] o.s.d.r.w.RepositoryRestHandlerMapping   : Mapped "{[/ || ],methods=[OPTIONS],produces=[application/hal+json || application/json]}" onto public org.springframework.http.HttpEntity<?> org.springframework.data.rest.webmvc.RepositoryController.optionsForRepositories()
2018-03-31 21:06:57.812  INFO 15922 --- [           main] o.s.d.r.w.RepositoryRestHandlerMapping   : Mapped "{[/ || ],methods=[HEAD],produces=[application/hal+json || application/json]}" onto public org.springframework.http.ResponseEntity<?> org.springframework.data.rest.webmvc.RepositoryController.headForRepositories()
2018-03-31 21:06:57.813  INFO 15922 --- [           main] o.s.d.r.w.RepositoryRestHandlerMapping   : Mapped "{[/{repository}],methods=[OPTIONS],produces=[application/hal+json || application/json]}" onto public org.springframework.http.ResponseEntity<?> org.springframework.data.rest.webmvc.RepositoryEntityController.optionsForCollectionResource(org.springframework.data.rest.webmvc.RootResourceInformation)
2018-03-31 21:06:57.814  INFO 15922 --- [           main] o.s.d.r.w.RepositoryRestHandlerMapping   : Mapped "{[/{repository}],methods=[HEAD],produces=[application/hal+json || application/json]}" onto public org.springframework.http.ResponseEntity<?> org.springframework.data.rest.webmvc.RepositoryEntityController.headCollectionResource(org.springframework.data.rest.webmvc.RootResourceInformation,org.springframework.data.rest.webmvc.support.DefaultedPageable) throws org.springframework.web.HttpRequestMethodNotSupportedException
2018-03-31 21:06:57.814  INFO 15922 --- [           main] o.s.d.r.w.RepositoryRestHandlerMapping   : Mapped "{[/{repository}],methods=[GET],produces=[application/hal+json || application/json]}" onto public org.springframework.hateoas.Resources<?> org.springframework.data.rest.webmvc.RepositoryEntityController.getCollectionResource(org.springframework.data.rest.webmvc.RootResourceInformation,org.springframework.data.rest.webmvc.support.DefaultedPageable,org.springframework.data.domain.Sort,org.springframework.data.rest.webmvc.PersistentEntityResourceAssembler) throws org.springframework.data.rest.webmvc.ResourceNotFoundException,org.springframework.web.HttpRequestMethodNotSupportedException
2018-03-31 21:06:57.814  INFO 15922 --- [           main] o.s.d.r.w.RepositoryRestHandlerMapping   : Mapped "{[/{repository}],methods=[GET],produces=[application/x-spring-data-compact+json || text/uri-list]}" onto public org.springframework.hateoas.Resources<?> org.springframework.data.rest.webmvc.RepositoryEntityController.getCollectionResourceCompact(org.springframework.data.rest.webmvc.RootResourceInformation,org.springframework.data.rest.webmvc.support.DefaultedPageable,org.springframework.data.domain.Sort,org.springframework.data.rest.webmvc.PersistentEntityResourceAssembler) throws org.springframework.data.rest.webmvc.ResourceNotFoundException,org.springframework.web.HttpRequestMethodNotSupportedException
2018-03-31 21:06:57.815  INFO 15922 --- [           main] o.s.d.r.w.RepositoryRestHandlerMapping   : Mapped "{[/{repository}],methods=[POST],produces=[application/hal+json || application/json]}" onto public org.springframework.http.ResponseEntity<org.springframework.hateoas.ResourceSupport> org.springframework.data.rest.webmvc.RepositoryEntityController.postCollectionResource(org.springframework.data.rest.webmvc.RootResourceInformation,org.springframework.data.rest.webmvc.PersistentEntityResource,org.springframework.data.rest.webmvc.PersistentEntityResourceAssembler,java.lang.String) throws org.springframework.web.HttpRequestMethodNotSupportedException
2018-03-31 21:06:57.815  INFO 15922 --- [           main] o.s.d.r.w.RepositoryRestHandlerMapping   : Mapped "{[/{repository}/{id}],methods=[OPTIONS],produces=[application/hal+json || application/json]}" onto public org.springframework.http.ResponseEntity<?> org.springframework.data.rest.webmvc.RepositoryEntityController.optionsForItemResource(org.springframework.data.rest.webmvc.RootResourceInformation)
2018-03-31 21:06:57.815  INFO 15922 --- [           main] o.s.d.r.w.RepositoryRestHandlerMapping   : Mapped "{[/{repository}/{id}],methods=[HEAD],produces=[application/hal+json || application/json]}" onto public org.springframework.http.ResponseEntity<?> org.springframework.data.rest.webmvc.RepositoryEntityController.headForItemResource(org.springframework.data.rest.webmvc.RootResourceInformation,java.io.Serializable,org.springframework.data.rest.webmvc.PersistentEntityResourceAssembler) throws org.springframework.web.HttpRequestMethodNotSupportedException
2018-03-31 21:06:57.815  INFO 15922 --- [           main] o.s.d.r.w.RepositoryRestHandlerMapping   : Mapped "{[/{repository}/{id}],methods=[GET],produces=[application/hal+json || application/json]}" onto public org.springframework.http.ResponseEntity<org.springframework.hateoas.Resource<?>> org.springframework.data.rest.webmvc.RepositoryEntityController.getItemResource(org.springframework.data.rest.webmvc.RootResourceInformation,java.io.Serializable,org.springframework.data.rest.webmvc.PersistentEntityResourceAssembler,org.springframework.http.HttpHeaders) throws org.springframework.web.HttpRequestMethodNotSupportedException
2018-03-31 21:06:57.815  INFO 15922 --- [           main] o.s.d.r.w.RepositoryRestHandlerMapping   : Mapped "{[/{repository}/{id}],methods=[PUT],produces=[application/hal+json || application/json]}" onto public org.springframework.http.ResponseEntity<? extends org.springframework.hateoas.ResourceSupport> org.springframework.data.rest.webmvc.RepositoryEntityController.putItemResource(org.springframework.data.rest.webmvc.RootResourceInformation,org.springframework.data.rest.webmvc.PersistentEntityResource,java.io.Serializable,org.springframework.data.rest.webmvc.PersistentEntityResourceAssembler,org.springframework.data.rest.webmvc.support.ETag,java.lang.String) throws org.springframework.web.HttpRequestMethodNotSupportedException
2018-03-31 21:06:57.816  INFO 15922 --- [           main] o.s.d.r.w.RepositoryRestHandlerMapping   : Mapped "{[/{repository}/{id}],methods=[PATCH],produces=[application/hal+json || application/json]}" onto public org.springframework.http.ResponseEntity<org.springframework.hateoas.ResourceSupport> org.springframework.data.rest.webmvc.RepositoryEntityController.patchItemResource(org.springframework.data.rest.webmvc.RootResourceInformation,org.springframework.data.rest.webmvc.PersistentEntityResource,java.io.Serializable,org.springframework.data.rest.webmvc.PersistentEntityResourceAssembler,org.springframework.data.rest.webmvc.support.ETag,java.lang.String) throws org.springframework.web.HttpRequestMethodNotSupportedException,org.springframework.data.rest.webmvc.ResourceNotFoundException
2018-03-31 21:06:57.816  INFO 15922 --- [           main] o.s.d.r.w.RepositoryRestHandlerMapping   : Mapped "{[/{repository}/{id}],methods=[DELETE],produces=[application/hal+json || application/json]}" onto public org.springframework.http.ResponseEntity<?> org.springframework.data.rest.webmvc.RepositoryEntityController.deleteItemResource(org.springframework.data.rest.webmvc.RootResourceInformation,java.io.Serializable,org.springframework.data.rest.webmvc.support.ETag) throws org.springframework.data.rest.webmvc.ResourceNotFoundException,org.springframework.web.HttpRequestMethodNotSupportedException
2018-03-31 21:06:57.820  INFO 15922 --- [           main] o.s.d.r.w.BasePathAwareHandlerMapping    : Mapped "{[/profile/{repository}],methods=[OPTIONS],produces=[application/alps+json]}" onto org.springframework.http.HttpEntity<?> org.springframework.data.rest.webmvc.alps.AlpsController.alpsOptions()
2018-03-31 21:06:57.820  INFO 15922 --- [           main] o.s.d.r.w.BasePathAwareHandlerMapping    : Mapped "{[/profile/{repository}],methods=[GET],produces=[application/alps+json || */*]}" onto org.springframework.http.HttpEntity<org.springframework.data.rest.webmvc.RootResourceInformation> org.springframework.data.rest.webmvc.alps.AlpsController.descriptor(org.springframework.data.rest.webmvc.RootResourceInformation)
2018-03-31 21:06:57.820  INFO 15922 --- [           main] o.s.d.r.w.BasePathAwareHandlerMapping    : Mapped "{[/profile/{repository}],methods=[GET],produces=[application/schema+json]}" onto public org.springframework.http.HttpEntity<org.springframework.data.rest.webmvc.json.JsonSchema> org.springframework.data.rest.webmvc.RepositorySchemaController.schema(org.springframework.data.rest.webmvc.RootResourceInformation)
2018-03-31 21:06:57.820  INFO 15922 --- [           main] o.s.d.r.w.BasePathAwareHandlerMapping    : Mapped "{[/profile],methods=[OPTIONS]}" onto public org.springframework.http.HttpEntity<?> org.springframework.data.rest.webmvc.ProfileController.profileOptions()
2018-03-31 21:06:57.821  INFO 15922 --- [           main] o.s.d.r.w.BasePathAwareHandlerMapping    : Mapped "{[/profile],methods=[GET]}" onto org.springframework.http.HttpEntity<org.springframework.hateoas.ResourceSupport> org.springframework.data.rest.webmvc.ProfileController.listAllFormsOfMetadata()
2018-03-31 21:06:58.072  INFO 15922 --- [           main] o.h.h.i.QueryTranslatorFactoryInitiator  : HHH000397: Using ASTQueryTranslatorFactory
2018-03-31 21:06:58.177  INFO 15922 --- [           main] e.h.h.controllers.EventControllerTests   : Started EventControllerTests in 3.756 seconds (JVM running for 15.881)
2018-03-31 21:06:58.189  INFO 15922 --- [           main] o.s.b.t.m.w.SpringBootMockServletContext : Initializing Spring FrameworkServlet ''
2018-03-31 21:06:58.189  INFO 15922 --- [           main] o.s.t.web.servlet.TestDispatcherServlet  : FrameworkServlet '': initialization started
2018-03-31 21:06:58.216  INFO 15922 --- [           main] o.s.t.web.servlet.TestDispatcherServlet  : FrameworkServlet '': initialization completed in 27 ms
2018-03-31 21:06:58.514  INFO 15922 --- [           main] e.h.h2ms.web.controller.EventController  : Searching for all events grouping by week
2018-03-31 21:06:58.556  INFO 15922 --- [           main] e.harvard.h2ms.service.EventServiceImpl  : No. of events found: 1
2018-03-31 21:06:58.557  INFO 15922 --- [           main] e.harvard.h2ms.service.EventServiceImpl  : Parsed 1 timestamps by week
2018-03-31 21:06:58.585  INFO 15922 --- [           main] o.s.w.c.s.GenericWebApplicationContext   : Closing org.springframework.web.context.support.GenericWebApplicationContext@6e200307: startup date [Sat Mar 31 21:06:55 EDT 2018]; root of context hierarchy
2018-03-31 21:06:58.599  INFO 15922 --- [           main] j.LocalContainerEntityManagerFactoryBean : Closing JPA EntityManagerFactory for persistence unit 'default'
2018-03-31 21:06:58.599  INFO 15922 --- [           main] org.hibernate.tool.hbm2ddl.SchemaExport  : HHH000227: Running hbm2ddl schema export
2018-03-31 21:06:58.612  INFO 15922 --- [           main] org.hibernate.tool.hbm2ddl.SchemaExport  : HHH000230: Schema export complete
Tests run: 2, Failures: 1, Errors: 0, Skipped: 0, Time elapsed: 10.16 sec <<< FAILURE! - in edu.harvard.h2ms.controllers.EventControllerTests
test_Success_EventController_findComplianceByTimeframe(edu.harvard.h2ms.controllers.EventControllerTests)  Time elapsed: 0.594 sec  <<< FAILURE!
java.lang.AssertionError: Status expected:<200> but was:<400>
	at org.springframework.test.util.AssertionErrors.fail(AssertionErrors.java:54)
	at org.springframework.test.util.AssertionErrors.assertEquals(AssertionErrors.java:81)
	at org.springframework.test.web.servlet.result.StatusResultMatchers$10.match(StatusResultMatchers.java:665)
	at org.springframework.test.web.servlet.MockMvc$1.andExpect(MockMvc.java:171)
	at edu.harvard.h2ms.controllers.EventControllerTests.test_Success_EventController_findComplianceByTimeframe(EventControllerTests.java:165)

Running edu.harvard.h2ms.controllers.UserControllerTests
2018-03-31 21:06:58.638  INFO 15922 --- [           main] .b.t.c.SpringBootTestContextBootstrapper : Neither @ContextConfiguration nor @ContextHierarchy found for test class [edu.harvard.h2ms.controllers.UserControllerTests], using SpringBootContextLoader
2018-03-31 21:06:58.646  INFO 15922 --- [           main] o.s.t.c.support.AbstractContextLoader    : Could not detect default resource locations for test class [edu.harvard.h2ms.controllers.UserControllerTests]: no resource found for suffixes {-context.xml, Context.groovy}.
2018-03-31 21:06:58.647  INFO 15922 --- [           main] t.c.s.AnnotationConfigContextLoaderUtils : Could not detect default configuration classes for test class [edu.harvard.h2ms.controllers.UserControllerTests]: UserControllerTests does not declare any static, non-private, non-final, nested classes annotated with @Configuration.
2018-03-31 21:06:58.655  INFO 15922 --- [           main] .b.t.c.SpringBootTestContextBootstrapper : Found @SpringBootConfiguration edu.harvard.h2ms.H2MSRestAppInitializer for test class edu.harvard.h2ms.controllers.UserControllerTests
2018-03-31 21:06:58.657  INFO 15922 --- [           main] .b.t.c.SpringBootTestContextBootstrapper : Loaded default TestExecutionListener class names from location [META-INF/spring.factories]: [org.springframework.boot.test.mock.mockito.MockitoTestExecutionListener, org.springframework.boot.test.mock.mockito.ResetMocksTestExecutionListener, org.springframework.boot.test.autoconfigure.restdocs.RestDocsTestExecutionListener, org.springframework.boot.test.autoconfigure.web.client.MockRestServiceServerResetTestExecutionListener, org.springframework.boot.test.autoconfigure.web.servlet.MockMvcPrintOnlyOnFailureTestExecutionListener, org.springframework.boot.test.autoconfigure.web.servlet.WebDriverTestExecutionListener, org.springframework.test.context.web.ServletTestExecutionListener, org.springframework.test.context.support.DirtiesContextBeforeModesTestExecutionListener, org.springframework.test.context.support.DependencyInjectionTestExecutionListener, org.springframework.test.context.support.DirtiesContextTestExecutionListener, org.springframework.test.context.transaction.TransactionalTestExecutionListener, org.springframework.test.context.jdbc.SqlScriptsTestExecutionListener, org.springframework.security.test.context.support.WithSecurityContextTestExecutionListener]
2018-03-31 21:06:58.672  INFO 15922 --- [           main] .b.t.c.SpringBootTestContextBootstrapper : Using TestExecutionListeners: [org.springframework.test.context.web.ServletTestExecutionListener@34989ceb, org.springframework.test.context.support.DirtiesContextBeforeModesTestExecutionListener@61fb3dae, org.springframework.boot.test.autoconfigure.SpringBootDependencyInjectionTestExecutionListener@9c88323, org.springframework.test.context.support.DirtiesContextTestExecutionListener@6d4bdb75, org.springframework.test.context.transaction.TransactionalTestExecutionListener@1dc47df3, org.springframework.test.context.jdbc.SqlScriptsTestExecutionListener@256a25a8, org.springframework.security.test.context.support.WithSecurityContextTestExecutionListener@68f67bbd, org.springframework.boot.test.mock.mockito.MockitoTestExecutionListener@5bd585a5, org.springframework.boot.test.mock.mockito.ResetMocksTestExecutionListener@65c040c9, org.springframework.boot.test.autoconfigure.restdocs.RestDocsTestExecutionListener@11736ebc, org.springframework.boot.test.autoconfigure.web.client.MockRestServiceServerResetTestExecutionListener@4a03c4bc, org.springframework.boot.test.autoconfigure.web.servlet.MockMvcPrintOnlyOnFailureTestExecutionListener@3d0c88f4, org.springframework.boot.test.autoconfigure.web.servlet.WebDriverTestExecutionListener@5aad4194]

  .   ____          _            __ _ _
 /\\ / ___'_ __ _ _(_)_ __  __ _ \ \ \ \
( ( )\___ | '_ | '_| | '_ \/ _` | \ \ \ \
 \\/  ___)| |_)| | | | | || (_| |  ) ) ) )
  '  |____| .__|_| |_|_| |_\__, | / / / /
 =========|_|==============|___/=/_/_/_/
 :: Spring Boot ::       (v1.5.10.RELEASE)

2018-03-31 21:06:58.720  INFO 15922 --- [           main] e.h.h.controllers.UserControllerTests    : Starting UserControllerTests on ancient.bitbin.de with PID 15922 (started by stbenjam in /home/stbenjam/git/h2ms)
2018-03-31 21:06:58.720  INFO 15922 --- [           main] e.h.h.controllers.UserControllerTests    : No active profile set, falling back to default profiles: default
2018-03-31 21:06:58.722  INFO 15922 --- [           main] o.s.w.c.s.GenericWebApplicationContext   : Refreshing org.springframework.web.context.support.GenericWebApplicationContext@6701fe26: startup date [Sat Mar 31 21:06:58 EDT 2018]; root of context hierarchy
2018-03-31 21:06:58.777  INFO 15922 --- [           main] o.s.c.a.ConfigurationClassParser         : Properties location [classpath:mailserver.properties] not resolvable: class path resource [mailserver.properties] cannot be opened because it does not exist
2018-03-31 21:06:58.990  INFO 15922 --- [           main] o.s.b.f.s.DefaultListableBeanFactory     : Overriding bean definition for bean 'httpRequestHandlerAdapter' with a different definition: replacing [Root bean: class [null]; scope=; abstract=false; lazyInit=false; autowireMode=3; dependencyCheck=0; autowireCandidate=true; primary=false; factoryBeanName=org.springframework.boot.autoconfigure.web.WebMvcAutoConfiguration$EnableWebMvcConfiguration; factoryMethodName=httpRequestHandlerAdapter; initMethodName=null; destroyMethodName=(inferred); defined in class path resource [org/springframework/boot/autoconfigure/web/WebMvcAutoConfiguration$EnableWebMvcConfiguration.class]] with [Root bean: class [null]; scope=; abstract=false; lazyInit=false; autowireMode=3; dependencyCheck=0; autowireCandidate=true; primary=false; factoryBeanName=org.springframework.data.rest.webmvc.config.RepositoryRestMvcConfiguration; factoryMethodName=httpRequestHandlerAdapter; initMethodName=null; destroyMethodName=(inferred); defined in class path resource [org/springframework/data/rest/webmvc/config/RepositoryRestMvcConfiguration.class]]
2018-03-31 21:06:59.124  INFO 15922 --- [           main] trationDelegate$BeanPostProcessorChecker : Bean 'org.springframework.transaction.annotation.ProxyTransactionManagementConfiguration' of type [org.springframework.transaction.annotation.ProxyTransactionManagementConfiguration$$EnhancerBySpringCGLIB$$2ed2379b] is not eligible for getting processed by all BeanPostProcessors (for example: not eligible for auto-proxying)
2018-03-31 21:06:59.148  INFO 15922 --- [           main] trationDelegate$BeanPostProcessorChecker : Bean 'org.springframework.security.config.annotation.configuration.ObjectPostProcessorConfiguration' of type [org.springframework.security.config.annotation.configuration.ObjectPostProcessorConfiguration$$EnhancerBySpringCGLIB$$c77fffd5] is not eligible for getting processed by all BeanPostProcessors (for example: not eligible for auto-proxying)
2018-03-31 21:06:59.160  INFO 15922 --- [           main] trationDelegate$BeanPostProcessorChecker : Bean 'objectPostProcessor' of type [org.springframework.security.config.annotation.configuration.AutowireBeanFactoryObjectPostProcessor] is not eligible for getting processed by all BeanPostProcessors (for example: not eligible for auto-proxying)
2018-03-31 21:06:59.164  INFO 15922 --- [           main] trationDelegate$BeanPostProcessorChecker : Bean 'org.springframework.security.access.expression.method.DefaultMethodSecurityExpressionHandler@6b127d96' of type [org.springframework.security.oauth2.provider.expression.OAuth2MethodSecurityExpressionHandler] is not eligible for getting processed by all BeanPostProcessors (for example: not eligible for auto-proxying)
2018-03-31 21:06:59.178  INFO 15922 --- [           main] trationDelegate$BeanPostProcessorChecker : Bean 'org.springframework.security.config.annotation.method.configuration.GlobalMethodSecurityConfiguration' of type [org.springframework.security.config.annotation.method.configuration.GlobalMethodSecurityConfiguration$$EnhancerBySpringCGLIB$$ec54a287] is not eligible for getting processed by all BeanPostProcessors (for example: not eligible for auto-proxying)
2018-03-31 21:06:59.186  INFO 15922 --- [           main] trationDelegate$BeanPostProcessorChecker : Bean 'methodSecurityMetadataSource' of type [org.springframework.security.access.method.DelegatingMethodSecurityMetadataSource] is not eligible for getting processed by all BeanPostProcessors (for example: not eligible for auto-proxying)
2018-03-31 21:06:59.215  INFO 15922 --- [           main] trationDelegate$BeanPostProcessorChecker : Bean 'security.oauth2.client-org.springframework.boot.autoconfigure.security.oauth2.OAuth2ClientProperties' of type [org.springframework.boot.autoconfigure.security.oauth2.OAuth2ClientProperties] is not eligible for getting processed by all BeanPostProcessors (for example: not eligible for auto-proxying)
2018-03-31 21:06:59.220  INFO 15922 --- [           main] trationDelegate$BeanPostProcessorChecker : Bean 'org.springframework.boot.autoconfigure.security.oauth2.OAuth2AutoConfiguration' of type [org.springframework.boot.autoconfigure.security.oauth2.OAuth2AutoConfiguration$$EnhancerBySpringCGLIB$$e61bf39b] is not eligible for getting processed by all BeanPostProcessors (for example: not eligible for auto-proxying)
2018-03-31 21:06:59.236  INFO 15922 --- [           main] trationDelegate$BeanPostProcessorChecker : Bean 'resourceServerProperties' of type [org.springframework.boot.autoconfigure.security.oauth2.resource.ResourceServerProperties] is not eligible for getting processed by all BeanPostProcessors (for example: not eligible for auto-proxying)
2018-03-31 21:06:59.401  INFO 15922 --- [           main] j.LocalContainerEntityManagerFactoryBean : Building JPA container EntityManagerFactory for persistence unit 'default'
2018-03-31 21:06:59.401  INFO 15922 --- [           main] o.hibernate.jpa.internal.util.LogHelper  : HHH000204: Processing PersistenceUnitInfo [
	name: default
	...]
2018-03-31 21:06:59.407  INFO 15922 --- [           main] org.hibernate.dialect.Dialect            : HHH000400: Using dialect: org.hibernate.dialect.H2Dialect
2018-03-31 21:06:59.489  INFO 15922 --- [           main] org.hibernate.tool.hbm2ddl.SchemaExport  : HHH000227: Running hbm2ddl schema export
2018-03-31 21:06:59.507  INFO 15922 --- [           main] org.hibernate.tool.hbm2ddl.SchemaExport  : HHH000230: Schema export complete
2018-03-31 21:06:59.521  WARN 15922 --- [           main] o.h.j.i.EntityManagerFactoryRegistry     : HHH000436: Entity manager factory name (default) is already registered.  If entity manager will be clustered or passivated, specify a unique value for property 'hibernate.ejb.entitymanager_factory_name'
2018-03-31 21:06:59.521  INFO 15922 --- [           main] j.LocalContainerEntityManagerFactoryBean : Initialized JPA EntityManagerFactory for persistence unit 'default'
2018-03-31 21:07:00.202  INFO 15922 --- [           main] .s.o.p.e.FrameworkEndpointHandlerMapping : Mapped "{[/oauth/authorize]}" onto public org.springframework.web.servlet.ModelAndView org.springframework.security.oauth2.provider.endpoint.AuthorizationEndpoint.authorize(java.util.Map<java.lang.String, java.lang.Object>,java.util.Map<java.lang.String, java.lang.String>,org.springframework.web.bind.support.SessionStatus,java.security.Principal)
2018-03-31 21:07:00.202  INFO 15922 --- [           main] .s.o.p.e.FrameworkEndpointHandlerMapping : Mapped "{[/oauth/authorize],methods=[POST],params=[user_oauth_approval]}" onto public org.springframework.web.servlet.View org.springframework.security.oauth2.provider.endpoint.AuthorizationEndpoint.approveOrDeny(java.util.Map<java.lang.String, java.lang.String>,java.util.Map<java.lang.String, ?>,org.springframework.web.bind.support.SessionStatus,java.security.Principal)
2018-03-31 21:07:00.203  INFO 15922 --- [           main] .s.o.p.e.FrameworkEndpointHandlerMapping : Mapped "{[/oauth/token],methods=[GET]}" onto public org.springframework.http.ResponseEntity<org.springframework.security.oauth2.common.OAuth2AccessToken> org.springframework.security.oauth2.provider.endpoint.TokenEndpoint.getAccessToken(java.security.Principal,java.util.Map<java.lang.String, java.lang.String>) throws org.springframework.web.HttpRequestMethodNotSupportedException
2018-03-31 21:07:00.203  INFO 15922 --- [           main] .s.o.p.e.FrameworkEndpointHandlerMapping : Mapped "{[/oauth/token],methods=[POST]}" onto public org.springframework.http.ResponseEntity<org.springframework.security.oauth2.common.OAuth2AccessToken> org.springframework.security.oauth2.provider.endpoint.TokenEndpoint.postAccessToken(java.security.Principal,java.util.Map<java.lang.String, java.lang.String>) throws org.springframework.web.HttpRequestMethodNotSupportedException
2018-03-31 21:07:00.203  INFO 15922 --- [           main] .s.o.p.e.FrameworkEndpointHandlerMapping : Mapped "{[/oauth/check_token]}" onto public java.util.Map<java.lang.String, ?> org.springframework.security.oauth2.provider.endpoint.CheckTokenEndpoint.checkToken(java.lang.String)
2018-03-31 21:07:00.203  INFO 15922 --- [           main] .s.o.p.e.FrameworkEndpointHandlerMapping : Mapped "{[/oauth/confirm_access]}" onto public org.springframework.web.servlet.ModelAndView org.springframework.security.oauth2.provider.endpoint.WhitelabelApprovalEndpoint.getAccessConfirmation(java.util.Map<java.lang.String, java.lang.Object>,javax.servlet.http.HttpServletRequest) throws java.lang.Exception
2018-03-31 21:07:00.204  INFO 15922 --- [           main] .s.o.p.e.FrameworkEndpointHandlerMapping : Mapped "{[/oauth/error]}" onto public org.springframework.web.servlet.ModelAndView org.springframework.security.oauth2.provider.endpoint.WhitelabelErrorEndpoint.handleError(javax.servlet.http.HttpServletRequest)
2018-03-31 21:07:00.443  INFO 15922 --- [           main] o.s.s.web.DefaultSecurityFilterChain     : Creating filter chain: Ant [pattern='/'], []
2018-03-31 21:07:00.443  INFO 15922 --- [           main] o.s.s.web.DefaultSecurityFilterChain     : Creating filter chain: Ant [pattern='/login'], []
2018-03-31 21:07:00.443  INFO 15922 --- [           main] o.s.s.web.DefaultSecurityFilterChain     : Creating filter chain: Ant [pattern='/webjars/**'], []
2018-03-31 21:07:00.443  INFO 15922 --- [           main] o.s.s.web.DefaultSecurityFilterChain     : Creating filter chain: Ant [pattern='/api/passwords/**'], []
2018-03-31 21:07:00.443  INFO 15922 --- [           main] o.s.s.web.DefaultSecurityFilterChain     : Creating filter chain: Ant [pattern='/swagger-resources'], []
2018-03-31 21:07:00.443  INFO 15922 --- [           main] o.s.s.web.DefaultSecurityFilterChain     : Creating filter chain: Ant [pattern='/swagger-resources/**'], []
2018-03-31 21:07:00.443  INFO 15922 --- [           main] o.s.s.web.DefaultSecurityFilterChain     : Creating filter chain: Ant [pattern='/swagger-ui.html'], []
2018-03-31 21:07:00.443  INFO 15922 --- [           main] o.s.s.web.DefaultSecurityFilterChain     : Creating filter chain: Ant [pattern='/v2/api-docs'], []
2018-03-31 21:07:00.443  INFO 15922 --- [           main] o.s.s.web.DefaultSecurityFilterChain     : Creating filter chain: Ant [pattern='/**', OPTIONS], []
2018-03-31 21:07:00.519  INFO 15922 --- [           main] o.s.s.web.DefaultSecurityFilterChain     : Creating filter chain: OrRequestMatcher [requestMatchers=[Ant [pattern='/oauth/token'], Ant [pattern='/oauth/token_key'], Ant [pattern='/oauth/check_token']]], [org.springframework.security.web.context.request.async.WebAsyncManagerIntegrationFilter@5981b51, org.springframework.security.web.context.SecurityContextPersistenceFilter@e1c387e, org.springframework.security.web.header.HeaderWriterFilter@676aec4c, org.springframework.security.web.authentication.logout.LogoutFilter@25f73ef, org.springframework.security.web.authentication.www.BasicAuthenticationFilter@66b09935, org.springframework.security.web.savedrequest.RequestCacheAwareFilter@1c57a111, org.springframework.security.web.servletapi.SecurityContextHolderAwareRequestFilter@2cef365b, org.springframework.security.web.authentication.AnonymousAuthenticationFilter@39894485, org.springframework.security.web.session.SessionManagementFilter@412de677, org.springframework.security.web.access.ExceptionTranslationFilter@239629ed, org.springframework.security.web.access.intercept.FilterSecurityInterceptor@32d00eea]
2018-03-31 21:07:00.531  INFO 15922 --- [           main] o.s.s.web.DefaultSecurityFilterChain     : Creating filter chain: org.springframework.security.oauth2.config.annotation.web.configuration.ResourceServerConfiguration$NotOAuthRequestMatcher@50da96f3, [org.springframework.security.web.context.request.async.WebAsyncManagerIntegrationFilter@7f16cf71, org.springframework.security.web.context.SecurityContextPersistenceFilter@33d6886b, org.springframework.security.web.header.HeaderWriterFilter@4ae730ca, org.springframework.security.web.authentication.logout.LogoutFilter@6d8d78a, org.springframework.security.oauth2.provider.authentication.OAuth2AuthenticationProcessingFilter@7f4050f0, org.springframework.security.web.savedrequest.RequestCacheAwareFilter@6208a618, org.springframework.security.web.servletapi.SecurityContextHolderAwareRequestFilter@119aabf3, org.springframework.security.web.authentication.AnonymousAuthenticationFilter@2935042e, org.springframework.security.web.session.SessionManagementFilter@62ceb371, org.springframework.security.web.access.ExceptionTranslationFilter@6736c73e, org.springframework.security.web.access.intercept.FilterSecurityInterceptor@2d60947f]
2018-03-31 21:07:00.531  INFO 15922 --- [           main] o.s.s.web.DefaultSecurityFilterChain     : Creating filter chain: org.springframework.security.web.util.matcher.AnyRequestMatcher@1, [org.springframework.security.web.access.intercept.FilterSecurityInterceptor@31d5ce58]
2018-03-31 21:07:00.796  INFO 15922 --- [           main] s.w.s.m.m.a.RequestMappingHandlerAdapter : Looking for @ControllerAdvice: org.springframework.web.context.support.GenericWebApplicationContext@6701fe26: startup date [Sat Mar 31 21:06:58 EDT 2018]; root of context hierarchy
2018-03-31 21:07:00.888  INFO 15922 --- [           main] s.w.s.m.m.a.RequestMappingHandlerMapping : Mapped "{[/events/count/{timeframe}],methods=[GET]}" onto public org.springframework.http.ResponseEntity<?> edu.harvard.h2ms.web.controller.EventController.findEventCountByTimeframe(java.lang.String)
2018-03-31 21:07:00.889  INFO 15922 --- [           main] s.w.s.m.m.a.RequestMappingHandlerMapping : Mapped "{[/events/compliance/{questionId}/{timeframe}],methods=[GET]}" onto public org.springframework.http.ResponseEntity<?> edu.harvard.h2ms.web.controller.EventController.findComplianceByTimeframe(java.lang.String,java.lang.Long)
2018-03-31 21:07:00.889  INFO 15922 --- [           main] s.w.s.m.m.a.RequestMappingHandlerMapping : Mapped "{[/api/passwords/reset/{email:.+}],methods=[GET]}" onto public org.springframework.http.ResponseEntity<java.lang.Object> edu.harvard.h2ms.web.controller.PasswordController.getPasswordResetToken(java.lang.String)
2018-03-31 21:07:00.889  INFO 15922 --- [           main] s.w.s.m.m.a.RequestMappingHandlerMapping : Mapped "{[/api/passwords/reset/token],methods=[POST]}" onto public org.springframework.http.ResponseEntity<java.lang.Object> edu.harvard.h2ms.web.controller.PasswordController.resetPasswordViaToken(java.util.Map<java.lang.String, java.lang.String>)
2018-03-31 21:07:00.890  INFO 15922 --- [           main] s.w.s.m.m.a.RequestMappingHandlerMapping : Mapped "{[/users/avgWashed],methods=[GET]}" onto public java.util.Map<java.lang.String, java.lang.Double> edu.harvard.h2ms.web.controller.UserController.findAvgWashCompliance()
2018-03-31 21:07:00.891  INFO 15922 --- [           main] s.w.s.m.m.a.RequestMappingHandlerMapping : Mapped "{[/error],produces=[text/html]}" onto public org.springframework.web.servlet.ModelAndView org.springframework.boot.autoconfigure.web.BasicErrorController.errorHtml(javax.servlet.http.HttpServletRequest,javax.servlet.http.HttpServletResponse)
2018-03-31 21:07:00.891  INFO 15922 --- [           main] s.w.s.m.m.a.RequestMappingHandlerMapping : Mapped "{[/error]}" onto public org.springframework.http.ResponseEntity<java.util.Map<java.lang.String, java.lang.Object>> org.springframework.boot.autoconfigure.web.BasicErrorController.error(javax.servlet.http.HttpServletRequest)
2018-03-31 21:07:00.962  INFO 15922 --- [           main] o.s.w.s.handler.SimpleUrlHandlerMapping  : Mapped URL path [/webjars/**] onto handler of type [class org.springframework.web.servlet.resource.ResourceHttpRequestHandler]
2018-03-31 21:07:00.963  INFO 15922 --- [           main] o.s.w.s.handler.SimpleUrlHandlerMapping  : Mapped URL path [/**] onto handler of type [class org.springframework.web.servlet.resource.ResourceHttpRequestHandler]
2018-03-31 21:07:00.988  INFO 15922 --- [           main] .m.m.a.ExceptionHandlerExceptionResolver : Detected @ExceptionHandler methods in exceptionHandlingController
2018-03-31 21:07:00.989  INFO 15922 --- [           main] .m.m.a.ExceptionHandlerExceptionResolver : Detected @ExceptionHandler methods in repositoryRestExceptionHandler
2018-03-31 21:07:01.078  INFO 15922 --- [           main] o.s.w.s.handler.SimpleUrlHandlerMapping  : Mapped URL path [/**/favicon.ico] onto handler of type [class org.springframework.web.servlet.resource.ResourceHttpRequestHandler]
2018-03-31 21:07:01.134  WARN 15922 --- [           main] .t.AbstractTemplateResolverConfiguration : Cannot find template location: classpath:/templates/ (please add some templates or check your Thymeleaf configuration)
2018-03-31 21:07:01.278  INFO 15922 --- [           main] o.s.d.r.w.RepositoryRestHandlerAdapter   : Looking for @ControllerAdvice: org.springframework.web.context.support.GenericWebApplicationContext@6701fe26: startup date [Sat Mar 31 21:06:58 EDT 2018]; root of context hierarchy
2018-03-31 21:07:01.307  INFO 15922 --- [           main] o.s.d.r.w.RepositoryRestHandlerMapping   : Mapped "{[/{repository}/{id}/{property}],methods=[GET],produces=[application/hal+json || application/json]}" onto public org.springframework.http.ResponseEntity<org.springframework.hateoas.ResourceSupport> org.springframework.data.rest.webmvc.RepositoryPropertyReferenceController.followPropertyReference(org.springframework.data.rest.webmvc.RootResourceInformation,java.io.Serializable,java.lang.String,org.springframework.data.rest.webmvc.PersistentEntityResourceAssembler) throws java.lang.Exception
2018-03-31 21:07:01.307  INFO 15922 --- [           main] o.s.d.r.w.RepositoryRestHandlerMapping   : Mapped "{[/{repository}/{id}/{property}/{propertyId}],methods=[GET],produces=[application/hal+json || application/json]}" onto public org.springframework.http.ResponseEntity<org.springframework.hateoas.ResourceSupport> org.springframework.data.rest.webmvc.RepositoryPropertyReferenceController.followPropertyReference(org.springframework.data.rest.webmvc.RootResourceInformation,java.io.Serializable,java.lang.String,java.lang.String,org.springframework.data.rest.webmvc.PersistentEntityResourceAssembler) throws java.lang.Exception
2018-03-31 21:07:01.309  INFO 15922 --- [           main] o.s.d.r.w.RepositoryRestHandlerMapping   : Mapped "{[/{repository}/{id}/{property}],methods=[DELETE],produces=[application/hal+json || application/json]}" onto public org.springframework.http.ResponseEntity<? extends org.springframework.hateoas.ResourceSupport> org.springframework.data.rest.webmvc.RepositoryPropertyReferenceController.deletePropertyReference(org.springframework.data.rest.webmvc.RootResourceInformation,java.io.Serializable,java.lang.String) throws java.lang.Exception
2018-03-31 21:07:01.311  INFO 15922 --- [           main] o.s.d.r.w.RepositoryRestHandlerMapping   : Mapped "{[/{repository}/{id}/{property}],methods=[GET],produces=[application/x-spring-data-compact+json || text/uri-list]}" onto public org.springframework.http.ResponseEntity<org.springframework.hateoas.ResourceSupport> org.springframework.data.rest.webmvc.RepositoryPropertyReferenceController.followPropertyReferenceCompact(org.springframework.data.rest.webmvc.RootResourceInformation,java.io.Serializable,java.lang.String,org.springframework.data.rest.webmvc.PersistentEntityResourceAssembler) throws java.lang.Exception
2018-03-31 21:07:01.313  INFO 15922 --- [           main] o.s.d.r.w.RepositoryRestHandlerMapping   : Mapped "{[/{repository}/{id}/{property}],methods=[PATCH || PUT || POST],consumes=[application/json || application/x-spring-data-compact+json || text/uri-list],produces=[application/hal+json || application/json]}" onto public org.springframework.http.ResponseEntity<? extends org.springframework.hateoas.ResourceSupport> org.springframework.data.rest.webmvc.RepositoryPropertyReferenceController.createPropertyReference(org.springframework.data.rest.webmvc.RootResourceInformation,org.springframework.http.HttpMethod,org.springframework.hateoas.Resources<java.lang.Object>,java.io.Serializable,java.lang.String) throws java.lang.Exception
2018-03-31 21:07:01.314  INFO 15922 --- [           main] o.s.d.r.w.RepositoryRestHandlerMapping   : Mapped "{[/{repository}/{id}/{property}/{propertyId}],methods=[DELETE],produces=[application/hal+json || application/json]}" onto public org.springframework.http.ResponseEntity<org.springframework.hateoas.ResourceSupport> org.springframework.data.rest.webmvc.RepositoryPropertyReferenceController.deletePropertyReferenceId(org.springframework.data.rest.webmvc.RootResourceInformation,java.io.Serializable,java.lang.String,java.lang.String) throws java.lang.Exception
2018-03-31 21:07:01.315  INFO 15922 --- [           main] o.s.d.r.w.RepositoryRestHandlerMapping   : Mapped "{[/{repository}/search/{search}],methods=[GET],produces=[application/hal+json || application/json]}" onto public org.springframework.http.ResponseEntity<?> org.springframework.data.rest.webmvc.RepositorySearchController.executeSearch(org.springframework.data.rest.webmvc.RootResourceInformation,org.springframework.util.MultiValueMap<java.lang.String, java.lang.Object>,java.lang.String,org.springframework.data.rest.webmvc.support.DefaultedPageable,org.springframework.data.domain.Sort,org.springframework.data.rest.webmvc.PersistentEntityResourceAssembler,org.springframework.http.HttpHeaders)
2018-03-31 21:07:01.315  INFO 15922 --- [           main] o.s.d.r.w.RepositoryRestHandlerMapping   : Mapped "{[/{repository}/search],methods=[OPTIONS],produces=[application/hal+json || application/json]}" onto public org.springframework.http.HttpEntity<?> org.springframework.data.rest.webmvc.RepositorySearchController.optionsForSearches(org.springframework.data.rest.webmvc.RootResourceInformation)
2018-03-31 21:07:01.315  INFO 15922 --- [           main] o.s.d.r.w.RepositoryRestHandlerMapping   : Mapped "{[/{repository}/search/{search}],methods=[GET],produces=[application/x-spring-data-compact+json]}" onto public org.springframework.hateoas.ResourceSupport org.springframework.data.rest.webmvc.RepositorySearchController.executeSearchCompact(org.springframework.data.rest.webmvc.RootResourceInformation,org.springframework.http.HttpHeaders,org.springframework.util.MultiValueMap<java.lang.String, java.lang.Object>,java.lang.String,java.lang.String,org.springframework.data.rest.webmvc.support.DefaultedPageable,org.springframework.data.domain.Sort,org.springframework.data.rest.webmvc.PersistentEntityResourceAssembler)
2018-03-31 21:07:01.315  INFO 15922 --- [           main] o.s.d.r.w.RepositoryRestHandlerMapping   : Mapped "{[/{repository}/search/{search}],methods=[OPTIONS],produces=[application/hal+json || application/json]}" onto public org.springframework.http.ResponseEntity<java.lang.Object> org.springframework.data.rest.webmvc.RepositorySearchController.optionsForSearch(org.springframework.data.rest.webmvc.RootResourceInformation,java.lang.String)
2018-03-31 21:07:01.316  INFO 15922 --- [           main] o.s.d.r.w.RepositoryRestHandlerMapping   : Mapped "{[/{repository}/search/{search}],methods=[HEAD],produces=[application/hal+json || application/json]}" onto public org.springframework.http.ResponseEntity<java.lang.Object> org.springframework.data.rest.webmvc.RepositorySearchController.headForSearch(org.springframework.data.rest.webmvc.RootResourceInformation,java.lang.String)
2018-03-31 21:07:01.316  INFO 15922 --- [           main] o.s.d.r.w.RepositoryRestHandlerMapping   : Mapped "{[/{repository}/search],methods=[GET],produces=[application/hal+json || application/json]}" onto public org.springframework.data.rest.webmvc.RepositorySearchesResource org.springframework.data.rest.webmvc.RepositorySearchController.listSearches(org.springframework.data.rest.webmvc.RootResourceInformation)
2018-03-31 21:07:01.316  INFO 15922 --- [           main] o.s.d.r.w.RepositoryRestHandlerMapping   : Mapped "{[/{repository}/search],methods=[HEAD],produces=[application/hal+json || application/json]}" onto public org.springframework.http.HttpEntity<?> org.springframework.data.rest.webmvc.RepositorySearchController.headForSearches(org.springframework.data.rest.webmvc.RootResourceInformation)
2018-03-31 21:07:01.317  INFO 15922 --- [           main] o.s.d.r.w.RepositoryRestHandlerMapping   : Mapped "{[/ || ],methods=[GET],produces=[application/hal+json || application/json]}" onto public org.springframework.http.HttpEntity<org.springframework.data.rest.webmvc.RepositoryLinksResource> org.springframework.data.rest.webmvc.RepositoryController.listRepositories()
2018-03-31 21:07:01.317  INFO 15922 --- [           main] o.s.d.r.w.RepositoryRestHandlerMapping   : Mapped "{[/ || ],methods=[OPTIONS],produces=[application/hal+json || application/json]}" onto public org.springframework.http.HttpEntity<?> org.springframework.data.rest.webmvc.RepositoryController.optionsForRepositories()
2018-03-31 21:07:01.317  INFO 15922 --- [           main] o.s.d.r.w.RepositoryRestHandlerMapping   : Mapped "{[/ || ],methods=[HEAD],produces=[application/hal+json || application/json]}" onto public org.springframework.http.ResponseEntity<?> org.springframework.data.rest.webmvc.RepositoryController.headForRepositories()
2018-03-31 21:07:01.318  INFO 15922 --- [           main] o.s.d.r.w.RepositoryRestHandlerMapping   : Mapped "{[/{repository}],methods=[OPTIONS],produces=[application/hal+json || application/json]}" onto public org.springframework.http.ResponseEntity<?> org.springframework.data.rest.webmvc.RepositoryEntityController.optionsForCollectionResource(org.springframework.data.rest.webmvc.RootResourceInformation)
2018-03-31 21:07:01.318  INFO 15922 --- [           main] o.s.d.r.w.RepositoryRestHandlerMapping   : Mapped "{[/{repository}],methods=[HEAD],produces=[application/hal+json || application/json]}" onto public org.springframework.http.ResponseEntity<?> org.springframework.data.rest.webmvc.RepositoryEntityController.headCollectionResource(org.springframework.data.rest.webmvc.RootResourceInformation,org.springframework.data.rest.webmvc.support.DefaultedPageable) throws org.springframework.web.HttpRequestMethodNotSupportedException
2018-03-31 21:07:01.318  INFO 15922 --- [           main] o.s.d.r.w.RepositoryRestHandlerMapping   : Mapped "{[/{repository}],methods=[GET],produces=[application/hal+json || application/json]}" onto public org.springframework.hateoas.Resources<?> org.springframework.data.rest.webmvc.RepositoryEntityController.getCollectionResource(org.springframework.data.rest.webmvc.RootResourceInformation,org.springframework.data.rest.webmvc.support.DefaultedPageable,org.springframework.data.domain.Sort,org.springframework.data.rest.webmvc.PersistentEntityResourceAssembler) throws org.springframework.data.rest.webmvc.ResourceNotFoundException,org.springframework.web.HttpRequestMethodNotSupportedException
2018-03-31 21:07:01.319  INFO 15922 --- [           main] o.s.d.r.w.RepositoryRestHandlerMapping   : Mapped "{[/{repository}],methods=[GET],produces=[application/x-spring-data-compact+json || text/uri-list]}" onto public org.springframework.hateoas.Resources<?> org.springframework.data.rest.webmvc.RepositoryEntityController.getCollectionResourceCompact(org.springframework.data.rest.webmvc.RootResourceInformation,org.springframework.data.rest.webmvc.support.DefaultedPageable,org.springframework.data.domain.Sort,org.springframework.data.rest.webmvc.PersistentEntityResourceAssembler) throws org.springframework.data.rest.webmvc.ResourceNotFoundException,org.springframework.web.HttpRequestMethodNotSupportedException
2018-03-31 21:07:01.319  INFO 15922 --- [           main] o.s.d.r.w.RepositoryRestHandlerMapping   : Mapped "{[/{repository}],methods=[POST],produces=[application/hal+json || application/json]}" onto public org.springframework.http.ResponseEntity<org.springframework.hateoas.ResourceSupport> org.springframework.data.rest.webmvc.RepositoryEntityController.postCollectionResource(org.springframework.data.rest.webmvc.RootResourceInformation,org.springframework.data.rest.webmvc.PersistentEntityResource,org.springframework.data.rest.webmvc.PersistentEntityResourceAssembler,java.lang.String) throws org.springframework.web.HttpRequestMethodNotSupportedException
2018-03-31 21:07:01.319  INFO 15922 --- [           main] o.s.d.r.w.RepositoryRestHandlerMapping   : Mapped "{[/{repository}/{id}],methods=[OPTIONS],produces=[application/hal+json || application/json]}" onto public org.springframework.http.ResponseEntity<?> org.springframework.data.rest.webmvc.RepositoryEntityController.optionsForItemResource(org.springframework.data.rest.webmvc.RootResourceInformation)
2018-03-31 21:07:01.319  INFO 15922 --- [           main] o.s.d.r.w.RepositoryRestHandlerMapping   : Mapped "{[/{repository}/{id}],methods=[HEAD],produces=[application/hal+json || application/json]}" onto public org.springframework.http.ResponseEntity<?> org.springframework.data.rest.webmvc.RepositoryEntityController.headForItemResource(org.springframework.data.rest.webmvc.RootResourceInformation,java.io.Serializable,org.springframework.data.rest.webmvc.PersistentEntityResourceAssembler) throws org.springframework.web.HttpRequestMethodNotSupportedException
2018-03-31 21:07:01.320  INFO 15922 --- [           main] o.s.d.r.w.RepositoryRestHandlerMapping   : Mapped "{[/{repository}/{id}],methods=[GET],produces=[application/hal+json || application/json]}" onto public org.springframework.http.ResponseEntity<org.springframework.hateoas.Resource<?>> org.springframework.data.rest.webmvc.RepositoryEntityController.getItemResource(org.springframework.data.rest.webmvc.RootResourceInformation,java.io.Serializable,org.springframework.data.rest.webmvc.PersistentEntityResourceAssembler,org.springframework.http.HttpHeaders) throws org.springframework.web.HttpRequestMethodNotSupportedException
2018-03-31 21:07:01.320  INFO 15922 --- [           main] o.s.d.r.w.RepositoryRestHandlerMapping   : Mapped "{[/{repository}/{id}],methods=[PUT],produces=[application/hal+json || application/json]}" onto public org.springframework.http.ResponseEntity<? extends org.springframework.hateoas.ResourceSupport> org.springframework.data.rest.webmvc.RepositoryEntityController.putItemResource(org.springframework.data.rest.webmvc.RootResourceInformation,org.springframework.data.rest.webmvc.PersistentEntityResource,java.io.Serializable,org.springframework.data.rest.webmvc.PersistentEntityResourceAssembler,org.springframework.data.rest.webmvc.support.ETag,java.lang.String) throws org.springframework.web.HttpRequestMethodNotSupportedException
2018-03-31 21:07:01.320  INFO 15922 --- [           main] o.s.d.r.w.RepositoryRestHandlerMapping   : Mapped "{[/{repository}/{id}],methods=[PATCH],produces=[application/hal+json || application/json]}" onto public org.springframework.http.ResponseEntity<org.springframework.hateoas.ResourceSupport> org.springframework.data.rest.webmvc.RepositoryEntityController.patchItemResource(org.springframework.data.rest.webmvc.RootResourceInformation,org.springframework.data.rest.webmvc.PersistentEntityResource,java.io.Serializable,org.springframework.data.rest.webmvc.PersistentEntityResourceAssembler,org.springframework.data.rest.webmvc.support.ETag,java.lang.String) throws org.springframework.web.HttpRequestMethodNotSupportedException,org.springframework.data.rest.webmvc.ResourceNotFoundException
2018-03-31 21:07:01.320  INFO 15922 --- [           main] o.s.d.r.w.RepositoryRestHandlerMapping   : Mapped "{[/{repository}/{id}],methods=[DELETE],produces=[application/hal+json || application/json]}" onto public org.springframework.http.ResponseEntity<?> org.springframework.data.rest.webmvc.RepositoryEntityController.deleteItemResource(org.springframework.data.rest.webmvc.RootResourceInformation,java.io.Serializable,org.springframework.data.rest.webmvc.support.ETag) throws org.springframework.data.rest.webmvc.ResourceNotFoundException,org.springframework.web.HttpRequestMethodNotSupportedException
2018-03-31 21:07:01.325  INFO 15922 --- [           main] o.s.d.r.w.BasePathAwareHandlerMapping    : Mapped "{[/profile/{repository}],methods=[OPTIONS],produces=[application/alps+json]}" onto org.springframework.http.HttpEntity<?> org.springframework.data.rest.webmvc.alps.AlpsController.alpsOptions()
2018-03-31 21:07:01.326  INFO 15922 --- [           main] o.s.d.r.w.BasePathAwareHandlerMapping    : Mapped "{[/profile/{repository}],methods=[GET],produces=[application/alps+json || */*]}" onto org.springframework.http.HttpEntity<org.springframework.data.rest.webmvc.RootResourceInformation> org.springframework.data.rest.webmvc.alps.AlpsController.descriptor(org.springframework.data.rest.webmvc.RootResourceInformation)
2018-03-31 21:07:01.327  INFO 15922 --- [           main] o.s.d.r.w.BasePathAwareHandlerMapping    : Mapped "{[/profile/{repository}],methods=[GET],produces=[application/schema+json]}" onto public org.springframework.http.HttpEntity<org.springframework.data.rest.webmvc.json.JsonSchema> org.springframework.data.rest.webmvc.RepositorySchemaController.schema(org.springframework.data.rest.webmvc.RootResourceInformation)
2018-03-31 21:07:01.329  INFO 15922 --- [           main] o.s.d.r.w.BasePathAwareHandlerMapping    : Mapped "{[/profile],methods=[OPTIONS]}" onto public org.springframework.http.HttpEntity<?> org.springframework.data.rest.webmvc.ProfileController.profileOptions()
2018-03-31 21:07:01.329  INFO 15922 --- [           main] o.s.d.r.w.BasePathAwareHandlerMapping    : Mapped "{[/profile],methods=[GET]}" onto org.springframework.http.HttpEntity<org.springframework.hateoas.ResourceSupport> org.springframework.data.rest.webmvc.ProfileController.listAllFormsOfMetadata()
2018-03-31 21:07:01.543  INFO 15922 --- [           main] o.h.h.i.QueryTranslatorFactoryInitiator  : HHH000397: Using ASTQueryTranslatorFactory
2018-03-31 21:07:01.660  INFO 15922 --- [           main] e.h.h.controllers.UserControllerTests    : Started UserControllerTests in 2.965 seconds (JVM running for 19.363)
2018-03-31 21:07:01.671  INFO 15922 --- [           main] o.s.b.t.m.w.SpringBootMockServletContext : Initializing Spring FrameworkServlet ''
2018-03-31 21:07:01.671  INFO 15922 --- [           main] o.s.t.web.servlet.TestDispatcherServlet  : FrameworkServlet '': initialization started
2018-03-31 21:07:01.701  INFO 15922 --- [           main] o.s.t.web.servlet.TestDispatcherServlet  : FrameworkServlet '': initialization completed in 30 ms
2018-03-31 21:07:02.008  INFO 15922 --- [           main] e.harvard.h2ms.service.UserServiceImpl   : No. of users found: 3
2018-03-31 21:07:02.011  INFO 15922 --- [           main] e.harvard.h2ms.service.UserServiceImpl   : There are 3 distinct user types 
2018-03-31 21:07:02.015  INFO 15922 --- [           main] e.harvard.h2ms.service.UserServiceImpl   : No. of events found: 1
2018-03-31 21:07:02.047  INFO 15922 --- [           main] o.s.w.c.s.GenericWebApplicationContext   : Closing org.springframework.web.context.support.GenericWebApplicationContext@6701fe26: startup date [Sat Mar 31 21:06:58 EDT 2018]; root of context hierarchy
2018-03-31 21:07:02.053  INFO 15922 --- [           main] j.LocalContainerEntityManagerFactoryBean : Closing JPA EntityManagerFactory for persistence unit 'default'
2018-03-31 21:07:02.055  INFO 15922 --- [           main] org.hibernate.tool.hbm2ddl.SchemaExport  : HHH000227: Running hbm2ddl schema export
2018-03-31 21:07:02.062  INFO 15922 --- [           main] org.hibernate.tool.hbm2ddl.SchemaExport  : HHH000230: Schema export complete
Tests run: 1, Failures: 0, Errors: 0, Skipped: 0, Time elapsed: 3.346 sec - in edu.harvard.h2ms.controllers.UserControllerTests
Running edu.harvard.h2ms.controllers.LocationControllerTests
2018-03-31 21:07:02.067  INFO 15922 --- [           main] .b.t.c.SpringBootTestContextBootstrapper : Neither @ContextConfiguration nor @ContextHierarchy found for test class [edu.harvard.h2ms.controllers.LocationControllerTests], using SpringBootContextLoader
2018-03-31 21:07:02.068  INFO 15922 --- [           main] o.s.t.c.support.AbstractContextLoader    : Could not detect default resource locations for test class [edu.harvard.h2ms.controllers.LocationControllerTests]: no resource found for suffixes {-context.xml, Context.groovy}.
2018-03-31 21:07:02.068  INFO 15922 --- [           main] t.c.s.AnnotationConfigContextLoaderUtils : Could not detect default configuration classes for test class [edu.harvard.h2ms.controllers.LocationControllerTests]: LocationControllerTests does not declare any static, non-private, non-final, nested classes annotated with @Configuration.
2018-03-31 21:07:02.070  INFO 15922 --- [           main] .b.t.c.SpringBootTestContextBootstrapper : Found @SpringBootConfiguration edu.harvard.h2ms.H2MSRestAppInitializer for test class edu.harvard.h2ms.controllers.LocationControllerTests
2018-03-31 21:07:02.072  INFO 15922 --- [           main] .b.t.c.SpringBootTestContextBootstrapper : Loaded default TestExecutionListener class names from location [META-INF/spring.factories]: [org.springframework.boot.test.mock.mockito.MockitoTestExecutionListener, org.springframework.boot.test.mock.mockito.ResetMocksTestExecutionListener, org.springframework.boot.test.autoconfigure.restdocs.RestDocsTestExecutionListener, org.springframework.boot.test.autoconfigure.web.client.MockRestServiceServerResetTestExecutionListener, org.springframework.boot.test.autoconfigure.web.servlet.MockMvcPrintOnlyOnFailureTestExecutionListener, org.springframework.boot.test.autoconfigure.web.servlet.WebDriverTestExecutionListener, org.springframework.test.context.web.ServletTestExecutionListener, org.springframework.test.context.support.DirtiesContextBeforeModesTestExecutionListener, org.springframework.test.context.support.DependencyInjectionTestExecutionListener, org.springframework.test.context.support.DirtiesContextTestExecutionListener, org.springframework.test.context.transaction.TransactionalTestExecutionListener, org.springframework.test.context.jdbc.SqlScriptsTestExecutionListener, org.springframework.security.test.context.support.WithSecurityContextTestExecutionListener]
2018-03-31 21:07:02.073  INFO 15922 --- [           main] .b.t.c.SpringBootTestContextBootstrapper : Using TestExecutionListeners: [org.springframework.test.context.web.ServletTestExecutionListener@16b5c059, org.springframework.test.context.support.DirtiesContextBeforeModesTestExecutionListener@482b6e57, org.springframework.boot.test.autoconfigure.SpringBootDependencyInjectionTestExecutionListener@7a8d001b, org.springframework.test.context.support.DirtiesContextTestExecutionListener@3af64136, org.springframework.test.context.transaction.TransactionalTestExecutionListener@2f9f939, org.springframework.test.context.jdbc.SqlScriptsTestExecutionListener@113366e7, org.springframework.security.test.context.support.WithSecurityContextTestExecutionListener@32c3102, org.springframework.boot.test.mock.mockito.MockitoTestExecutionListener@b5b2fa0, org.springframework.boot.test.mock.mockito.ResetMocksTestExecutionListener@46262fc3, org.springframework.boot.test.autoconfigure.restdocs.RestDocsTestExecutionListener@4ca87dbe, org.springframework.boot.test.autoconfigure.web.client.MockRestServiceServerResetTestExecutionListener@2eeee108, org.springframework.boot.test.autoconfigure.web.servlet.MockMvcPrintOnlyOnFailureTestExecutionListener@7c1aed5a, org.springframework.boot.test.autoconfigure.web.servlet.WebDriverTestExecutionListener@b359d2d]

  .   ____          _            __ _ _
 /\\ / ___'_ __ _ _(_)_ __  __ _ \ \ \ \
( ( )\___ | '_ | '_| | '_ \/ _` | \ \ \ \
 \\/  ___)| |_)| | | | | || (_| |  ) ) ) )
  '  |____| .__|_| |_|_| |_\__, | / / / /
 =========|_|==============|___/=/_/_/_/
 :: Spring Boot ::       (v1.5.10.RELEASE)

2018-03-31 21:07:02.164  INFO 15922 --- [           main] e.h.h.c.LocationControllerTests          : Starting LocationControllerTests on ancient.bitbin.de with PID 15922 (started by stbenjam in /home/stbenjam/git/h2ms)
2018-03-31 21:07:02.165  INFO 15922 --- [           main] e.h.h.c.LocationControllerTests          : No active profile set, falling back to default profiles: default
2018-03-31 21:07:02.166  INFO 15922 --- [           main] o.s.w.c.s.GenericWebApplicationContext   : Refreshing org.springframework.web.context.support.GenericWebApplicationContext@1500416c: startup date [Sat Mar 31 21:07:02 EDT 2018]; root of context hierarchy
2018-03-31 21:07:02.216  INFO 15922 --- [           main] o.s.c.a.ConfigurationClassParser         : Properties location [classpath:mailserver.properties] not resolvable: class path resource [mailserver.properties] cannot be opened because it does not exist
2018-03-31 21:07:02.411  INFO 15922 --- [           main] o.s.b.f.s.DefaultListableBeanFactory     : Overriding bean definition for bean 'httpRequestHandlerAdapter' with a different definition: replacing [Root bean: class [null]; scope=; abstract=false; lazyInit=false; autowireMode=3; dependencyCheck=0; autowireCandidate=true; primary=false; factoryBeanName=org.springframework.boot.autoconfigure.web.WebMvcAutoConfiguration$EnableWebMvcConfiguration; factoryMethodName=httpRequestHandlerAdapter; initMethodName=null; destroyMethodName=(inferred); defined in class path resource [org/springframework/boot/autoconfigure/web/WebMvcAutoConfiguration$EnableWebMvcConfiguration.class]] with [Root bean: class [null]; scope=; abstract=false; lazyInit=false; autowireMode=3; dependencyCheck=0; autowireCandidate=true; primary=false; factoryBeanName=org.springframework.data.rest.webmvc.config.RepositoryRestMvcConfiguration; factoryMethodName=httpRequestHandlerAdapter; initMethodName=null; destroyMethodName=(inferred); defined in class path resource [org/springframework/data/rest/webmvc/config/RepositoryRestMvcConfiguration.class]]
2018-03-31 21:07:02.533  INFO 15922 --- [           main] trationDelegate$BeanPostProcessorChecker : Bean 'org.springframework.transaction.annotation.ProxyTransactionManagementConfiguration' of type [org.springframework.transaction.annotation.ProxyTransactionManagementConfiguration$$EnhancerBySpringCGLIB$$2ed2379b] is not eligible for getting processed by all BeanPostProcessors (for example: not eligible for auto-proxying)
2018-03-31 21:07:02.552  INFO 15922 --- [           main] trationDelegate$BeanPostProcessorChecker : Bean 'org.springframework.security.config.annotation.configuration.ObjectPostProcessorConfiguration' of type [org.springframework.security.config.annotation.configuration.ObjectPostProcessorConfiguration$$EnhancerBySpringCGLIB$$c77fffd5] is not eligible for getting processed by all BeanPostProcessors (for example: not eligible for auto-proxying)
2018-03-31 21:07:02.559  INFO 15922 --- [           main] trationDelegate$BeanPostProcessorChecker : Bean 'objectPostProcessor' of type [org.springframework.security.config.annotation.configuration.AutowireBeanFactoryObjectPostProcessor] is not eligible for getting processed by all BeanPostProcessors (for example: not eligible for auto-proxying)
2018-03-31 21:07:02.560  INFO 15922 --- [           main] trationDelegate$BeanPostProcessorChecker : Bean 'org.springframework.security.access.expression.method.DefaultMethodSecurityExpressionHandler@25712d03' of type [org.springframework.security.oauth2.provider.expression.OAuth2MethodSecurityExpressionHandler] is not eligible for getting processed by all BeanPostProcessors (for example: not eligible for auto-proxying)
2018-03-31 21:07:02.572  INFO 15922 --- [           main] trationDelegate$BeanPostProcessorChecker : Bean 'org.springframework.security.config.annotation.method.configuration.GlobalMethodSecurityConfiguration' of type [org.springframework.security.config.annotation.method.configuration.GlobalMethodSecurityConfiguration$$EnhancerBySpringCGLIB$$ec54a287] is not eligible for getting processed by all BeanPostProcessors (for example: not eligible for auto-proxying)
2018-03-31 21:07:02.583  INFO 15922 --- [           main] trationDelegate$BeanPostProcessorChecker : Bean 'methodSecurityMetadataSource' of type [org.springframework.security.access.method.DelegatingMethodSecurityMetadataSource] is not eligible for getting processed by all BeanPostProcessors (for example: not eligible for auto-proxying)
2018-03-31 21:07:02.608  INFO 15922 --- [           main] trationDelegate$BeanPostProcessorChecker : Bean 'security.oauth2.client-org.springframework.boot.autoconfigure.security.oauth2.OAuth2ClientProperties' of type [org.springframework.boot.autoconfigure.security.oauth2.OAuth2ClientProperties] is not eligible for getting processed by all BeanPostProcessors (for example: not eligible for auto-proxying)
2018-03-31 21:07:02.610  INFO 15922 --- [           main] trationDelegate$BeanPostProcessorChecker : Bean 'org.springframework.boot.autoconfigure.security.oauth2.OAuth2AutoConfiguration' of type [org.springframework.boot.autoconfigure.security.oauth2.OAuth2AutoConfiguration$$EnhancerBySpringCGLIB$$e61bf39b] is not eligible for getting processed by all BeanPostProcessors (for example: not eligible for auto-proxying)
2018-03-31 21:07:02.630  INFO 15922 --- [           main] trationDelegate$BeanPostProcessorChecker : Bean 'resourceServerProperties' of type [org.springframework.boot.autoconfigure.security.oauth2.resource.ResourceServerProperties] is not eligible for getting processed by all BeanPostProcessors (for example: not eligible for auto-proxying)
2018-03-31 21:07:02.797  INFO 15922 --- [           main] j.LocalContainerEntityManagerFactoryBean : Building JPA container EntityManagerFactory for persistence unit 'default'
2018-03-31 21:07:02.797  INFO 15922 --- [           main] o.hibernate.jpa.internal.util.LogHelper  : HHH000204: Processing PersistenceUnitInfo [
	name: default
	...]
2018-03-31 21:07:02.801  INFO 15922 --- [           main] org.hibernate.dialect.Dialect            : HHH000400: Using dialect: org.hibernate.dialect.H2Dialect
2018-03-31 21:07:02.897  INFO 15922 --- [           main] org.hibernate.tool.hbm2ddl.SchemaExport  : HHH000227: Running hbm2ddl schema export
2018-03-31 21:07:02.915  INFO 15922 --- [           main] org.hibernate.tool.hbm2ddl.SchemaExport  : HHH000230: Schema export complete
2018-03-31 21:07:02.925  WARN 15922 --- [           main] o.h.j.i.EntityManagerFactoryRegistry     : HHH000436: Entity manager factory name (default) is already registered.  If entity manager will be clustered or passivated, specify a unique value for property 'hibernate.ejb.entitymanager_factory_name'
2018-03-31 21:07:02.925  INFO 15922 --- [           main] j.LocalContainerEntityManagerFactoryBean : Initialized JPA EntityManagerFactory for persistence unit 'default'
2018-03-31 21:07:03.594  INFO 15922 --- [           main] .s.o.p.e.FrameworkEndpointHandlerMapping : Mapped "{[/oauth/authorize]}" onto public org.springframework.web.servlet.ModelAndView org.springframework.security.oauth2.provider.endpoint.AuthorizationEndpoint.authorize(java.util.Map<java.lang.String, java.lang.Object>,java.util.Map<java.lang.String, java.lang.String>,org.springframework.web.bind.support.SessionStatus,java.security.Principal)
2018-03-31 21:07:03.594  INFO 15922 --- [           main] .s.o.p.e.FrameworkEndpointHandlerMapping : Mapped "{[/oauth/authorize],methods=[POST],params=[user_oauth_approval]}" onto public org.springframework.web.servlet.View org.springframework.security.oauth2.provider.endpoint.AuthorizationEndpoint.approveOrDeny(java.util.Map<java.lang.String, java.lang.String>,java.util.Map<java.lang.String, ?>,org.springframework.web.bind.support.SessionStatus,java.security.Principal)
2018-03-31 21:07:03.595  INFO 15922 --- [           main] .s.o.p.e.FrameworkEndpointHandlerMapping : Mapped "{[/oauth/token],methods=[GET]}" onto public org.springframework.http.ResponseEntity<org.springframework.security.oauth2.common.OAuth2AccessToken> org.springframework.security.oauth2.provider.endpoint.TokenEndpoint.getAccessToken(java.security.Principal,java.util.Map<java.lang.String, java.lang.String>) throws org.springframework.web.HttpRequestMethodNotSupportedException
2018-03-31 21:07:03.595  INFO 15922 --- [           main] .s.o.p.e.FrameworkEndpointHandlerMapping : Mapped "{[/oauth/token],methods=[POST]}" onto public org.springframework.http.ResponseEntity<org.springframework.security.oauth2.common.OAuth2AccessToken> org.springframework.security.oauth2.provider.endpoint.TokenEndpoint.postAccessToken(java.security.Principal,java.util.Map<java.lang.String, java.lang.String>) throws org.springframework.web.HttpRequestMethodNotSupportedException
2018-03-31 21:07:03.595  INFO 15922 --- [           main] .s.o.p.e.FrameworkEndpointHandlerMapping : Mapped "{[/oauth/check_token]}" onto public java.util.Map<java.lang.String, ?> org.springframework.security.oauth2.provider.endpoint.CheckTokenEndpoint.checkToken(java.lang.String)
2018-03-31 21:07:03.595  INFO 15922 --- [           main] .s.o.p.e.FrameworkEndpointHandlerMapping : Mapped "{[/oauth/confirm_access]}" onto public org.springframework.web.servlet.ModelAndView org.springframework.security.oauth2.provider.endpoint.WhitelabelApprovalEndpoint.getAccessConfirmation(java.util.Map<java.lang.String, java.lang.Object>,javax.servlet.http.HttpServletRequest) throws java.lang.Exception
2018-03-31 21:07:03.596  INFO 15922 --- [           main] .s.o.p.e.FrameworkEndpointHandlerMapping : Mapped "{[/oauth/error]}" onto public org.springframework.web.servlet.ModelAndView org.springframework.security.oauth2.provider.endpoint.WhitelabelErrorEndpoint.handleError(javax.servlet.http.HttpServletRequest)
2018-03-31 21:07:03.856  INFO 15922 --- [           main] o.s.s.web.DefaultSecurityFilterChain     : Creating filter chain: Ant [pattern='/'], []
2018-03-31 21:07:03.856  INFO 15922 --- [           main] o.s.s.web.DefaultSecurityFilterChain     : Creating filter chain: Ant [pattern='/login'], []
2018-03-31 21:07:03.856  INFO 15922 --- [           main] o.s.s.web.DefaultSecurityFilterChain     : Creating filter chain: Ant [pattern='/webjars/**'], []
2018-03-31 21:07:03.856  INFO 15922 --- [           main] o.s.s.web.DefaultSecurityFilterChain     : Creating filter chain: Ant [pattern='/api/passwords/**'], []
2018-03-31 21:07:03.856  INFO 15922 --- [           main] o.s.s.web.DefaultSecurityFilterChain     : Creating filter chain: Ant [pattern='/swagger-resources'], []
2018-03-31 21:07:03.856  INFO 15922 --- [           main] o.s.s.web.DefaultSecurityFilterChain     : Creating filter chain: Ant [pattern='/swagger-resources/**'], []
2018-03-31 21:07:03.856  INFO 15922 --- [           main] o.s.s.web.DefaultSecurityFilterChain     : Creating filter chain: Ant [pattern='/swagger-ui.html'], []
2018-03-31 21:07:03.856  INFO 15922 --- [           main] o.s.s.web.DefaultSecurityFilterChain     : Creating filter chain: Ant [pattern='/v2/api-docs'], []
2018-03-31 21:07:03.856  INFO 15922 --- [           main] o.s.s.web.DefaultSecurityFilterChain     : Creating filter chain: Ant [pattern='/**', OPTIONS], []
2018-03-31 21:07:03.966  INFO 15922 --- [           main] o.s.s.web.DefaultSecurityFilterChain     : Creating filter chain: OrRequestMatcher [requestMatchers=[Ant [pattern='/oauth/token'], Ant [pattern='/oauth/token_key'], Ant [pattern='/oauth/check_token']]], [org.springframework.security.web.context.request.async.WebAsyncManagerIntegrationFilter@7de47f81, org.springframework.security.web.context.SecurityContextPersistenceFilter@202001a4, org.springframework.security.web.header.HeaderWriterFilter@29007172, org.springframework.security.web.authentication.logout.LogoutFilter@d2ce743, org.springframework.security.web.authentication.www.BasicAuthenticationFilter@4a09a4df, org.springframework.security.web.savedrequest.RequestCacheAwareFilter@536e5b21, org.springframework.security.web.servletapi.SecurityContextHolderAwareRequestFilter@794f2bdf, org.springframework.security.web.authentication.AnonymousAuthenticationFilter@68194ca4, org.springframework.security.web.session.SessionManagementFilter@76705ce1, org.springframework.security.web.access.ExceptionTranslationFilter@4426f362, org.springframework.security.web.access.intercept.FilterSecurityInterceptor@7054edda]
2018-03-31 21:07:03.980  INFO 15922 --- [           main] o.s.s.web.DefaultSecurityFilterChain     : Creating filter chain: org.springframework.security.oauth2.config.annotation.web.configuration.ResourceServerConfiguration$NotOAuthRequestMatcher@f32284d, [org.springframework.security.web.context.request.async.WebAsyncManagerIntegrationFilter@155ae856, org.springframework.security.web.context.SecurityContextPersistenceFilter@75adbfae, org.springframework.security.web.header.HeaderWriterFilter@34f3448a, org.springframework.security.web.authentication.logout.LogoutFilter@6aef91e6, org.springframework.security.oauth2.provider.authentication.OAuth2AuthenticationProcessingFilter@268206aa, org.springframework.security.web.savedrequest.RequestCacheAwareFilter@2b686050, org.springframework.security.web.servletapi.SecurityContextHolderAwareRequestFilter@511b6a3, org.springframework.security.web.authentication.AnonymousAuthenticationFilter@415b83fa, org.springframework.security.web.session.SessionManagementFilter@52e7bed1, org.springframework.security.web.access.ExceptionTranslationFilter@bd211, org.springframework.security.web.access.intercept.FilterSecurityInterceptor@39b3de87]
2018-03-31 21:07:03.980  INFO 15922 --- [           main] o.s.s.web.DefaultSecurityFilterChain     : Creating filter chain: org.springframework.security.web.util.matcher.AnyRequestMatcher@1, [org.springframework.security.web.access.intercept.FilterSecurityInterceptor@18870976]
2018-03-31 21:07:04.320  INFO 15922 --- [           main] s.w.s.m.m.a.RequestMappingHandlerAdapter : Looking for @ControllerAdvice: org.springframework.web.context.support.GenericWebApplicationContext@1500416c: startup date [Sat Mar 31 21:07:02 EDT 2018]; root of context hierarchy
2018-03-31 21:07:04.373  INFO 15922 --- [           main] s.w.s.m.m.a.RequestMappingHandlerMapping : Mapped "{[/events/count/{timeframe}],methods=[GET]}" onto public org.springframework.http.ResponseEntity<?> edu.harvard.h2ms.web.controller.EventController.findEventCountByTimeframe(java.lang.String)
2018-03-31 21:07:04.373  INFO 15922 --- [           main] s.w.s.m.m.a.RequestMappingHandlerMapping : Mapped "{[/events/compliance/{questionId}/{timeframe}],methods=[GET]}" onto public org.springframework.http.ResponseEntity<?> edu.harvard.h2ms.web.controller.EventController.findComplianceByTimeframe(java.lang.String,java.lang.Long)
2018-03-31 21:07:04.373  INFO 15922 --- [           main] s.w.s.m.m.a.RequestMappingHandlerMapping : Mapped "{[/api/passwords/reset/{email:.+}],methods=[GET]}" onto public org.springframework.http.ResponseEntity<java.lang.Object> edu.harvard.h2ms.web.controller.PasswordController.getPasswordResetToken(java.lang.String)
2018-03-31 21:07:04.374  INFO 15922 --- [           main] s.w.s.m.m.a.RequestMappingHandlerMapping : Mapped "{[/api/passwords/reset/token],methods=[POST]}" onto public org.springframework.http.ResponseEntity<java.lang.Object> edu.harvard.h2ms.web.controller.PasswordController.resetPasswordViaToken(java.util.Map<java.lang.String, java.lang.String>)
2018-03-31 21:07:04.374  INFO 15922 --- [           main] s.w.s.m.m.a.RequestMappingHandlerMapping : Mapped "{[/users/avgWashed],methods=[GET]}" onto public java.util.Map<java.lang.String, java.lang.Double> edu.harvard.h2ms.web.controller.UserController.findAvgWashCompliance()
2018-03-31 21:07:04.375  INFO 15922 --- [           main] s.w.s.m.m.a.RequestMappingHandlerMapping : Mapped "{[/error],produces=[text/html]}" onto public org.springframework.web.servlet.ModelAndView org.springframework.boot.autoconfigure.web.BasicErrorController.errorHtml(javax.servlet.http.HttpServletRequest,javax.servlet.http.HttpServletResponse)
2018-03-31 21:07:04.376  INFO 15922 --- [           main] s.w.s.m.m.a.RequestMappingHandlerMapping : Mapped "{[/error]}" onto public org.springframework.http.ResponseEntity<java.util.Map<java.lang.String, java.lang.Object>> org.springframework.boot.autoconfigure.web.BasicErrorController.error(javax.servlet.http.HttpServletRequest)
2018-03-31 21:07:04.443  INFO 15922 --- [           main] o.s.w.s.handler.SimpleUrlHandlerMapping  : Mapped URL path [/webjars/**] onto handler of type [class org.springframework.web.servlet.resource.ResourceHttpRequestHandler]
2018-03-31 21:07:04.443  INFO 15922 --- [           main] o.s.w.s.handler.SimpleUrlHandlerMapping  : Mapped URL path [/**] onto handler of type [class org.springframework.web.servlet.resource.ResourceHttpRequestHandler]
2018-03-31 21:07:04.464  INFO 15922 --- [           main] .m.m.a.ExceptionHandlerExceptionResolver : Detected @ExceptionHandler methods in exceptionHandlingController
2018-03-31 21:07:04.464  INFO 15922 --- [           main] .m.m.a.ExceptionHandlerExceptionResolver : Detected @ExceptionHandler methods in repositoryRestExceptionHandler
2018-03-31 21:07:04.545  INFO 15922 --- [           main] o.s.w.s.handler.SimpleUrlHandlerMapping  : Mapped URL path [/**/favicon.ico] onto handler of type [class org.springframework.web.servlet.resource.ResourceHttpRequestHandler]
2018-03-31 21:07:04.594  WARN 15922 --- [           main] .t.AbstractTemplateResolverConfiguration : Cannot find template location: classpath:/templates/ (please add some templates or check your Thymeleaf configuration)
2018-03-31 21:07:04.743  INFO 15922 --- [           main] o.s.d.r.w.RepositoryRestHandlerAdapter   : Looking for @ControllerAdvice: org.springframework.web.context.support.GenericWebApplicationContext@1500416c: startup date [Sat Mar 31 21:07:02 EDT 2018]; root of context hierarchy
2018-03-31 21:07:04.773  INFO 15922 --- [           main] o.s.d.r.w.RepositoryRestHandlerMapping   : Mapped "{[/{repository}/{id}/{property}],methods=[GET],produces=[application/hal+json || application/json]}" onto public org.springframework.http.ResponseEntity<org.springframework.hateoas.ResourceSupport> org.springframework.data.rest.webmvc.RepositoryPropertyReferenceController.followPropertyReference(org.springframework.data.rest.webmvc.RootResourceInformation,java.io.Serializable,java.lang.String,org.springframework.data.rest.webmvc.PersistentEntityResourceAssembler) throws java.lang.Exception
2018-03-31 21:07:04.775  INFO 15922 --- [           main] o.s.d.r.w.RepositoryRestHandlerMapping   : Mapped "{[/{repository}/{id}/{property}/{propertyId}],methods=[GET],produces=[application/hal+json || application/json]}" onto public org.springframework.http.ResponseEntity<org.springframework.hateoas.ResourceSupport> org.springframework.data.rest.webmvc.RepositoryPropertyReferenceController.followPropertyReference(org.springframework.data.rest.webmvc.RootResourceInformation,java.io.Serializable,java.lang.String,java.lang.String,org.springframework.data.rest.webmvc.PersistentEntityResourceAssembler) throws java.lang.Exception
2018-03-31 21:07:04.776  INFO 15922 --- [           main] o.s.d.r.w.RepositoryRestHandlerMapping   : Mapped "{[/{repository}/{id}/{property}],methods=[DELETE],produces=[application/hal+json || application/json]}" onto public org.springframework.http.ResponseEntity<? extends org.springframework.hateoas.ResourceSupport> org.springframework.data.rest.webmvc.RepositoryPropertyReferenceController.deletePropertyReference(org.springframework.data.rest.webmvc.RootResourceInformation,java.io.Serializable,java.lang.String) throws java.lang.Exception
2018-03-31 21:07:04.777  INFO 15922 --- [           main] o.s.d.r.w.RepositoryRestHandlerMapping   : Mapped "{[/{repository}/{id}/{property}],methods=[GET],produces=[application/x-spring-data-compact+json || text/uri-list]}" onto public org.springframework.http.ResponseEntity<org.springframework.hateoas.ResourceSupport> org.springframework.data.rest.webmvc.RepositoryPropertyReferenceController.followPropertyReferenceCompact(org.springframework.data.rest.webmvc.RootResourceInformation,java.io.Serializable,java.lang.String,org.springframework.data.rest.webmvc.PersistentEntityResourceAssembler) throws java.lang.Exception
2018-03-31 21:07:04.778  INFO 15922 --- [           main] o.s.d.r.w.RepositoryRestHandlerMapping   : Mapped "{[/{repository}/{id}/{property}],methods=[PATCH || PUT || POST],consumes=[application/json || application/x-spring-data-compact+json || text/uri-list],produces=[application/hal+json || application/json]}" onto public org.springframework.http.ResponseEntity<? extends org.springframework.hateoas.ResourceSupport> org.springframework.data.rest.webmvc.RepositoryPropertyReferenceController.createPropertyReference(org.springframework.data.rest.webmvc.RootResourceInformation,org.springframework.http.HttpMethod,org.springframework.hateoas.Resources<java.lang.Object>,java.io.Serializable,java.lang.String) throws java.lang.Exception
2018-03-31 21:07:04.780  INFO 15922 --- [           main] o.s.d.r.w.RepositoryRestHandlerMapping   : Mapped "{[/{repository}/{id}/{property}/{propertyId}],methods=[DELETE],produces=[application/hal+json || application/json]}" onto public org.springframework.http.ResponseEntity<org.springframework.hateoas.ResourceSupport> org.springframework.data.rest.webmvc.RepositoryPropertyReferenceController.deletePropertyReferenceId(org.springframework.data.rest.webmvc.RootResourceInformation,java.io.Serializable,java.lang.String,java.lang.String) throws java.lang.Exception
2018-03-31 21:07:04.783  INFO 15922 --- [           main] o.s.d.r.w.RepositoryRestHandlerMapping   : Mapped "{[/{repository}/search/{search}],methods=[GET],produces=[application/hal+json || application/json]}" onto public org.springframework.http.ResponseEntity<?> org.springframework.data.rest.webmvc.RepositorySearchController.executeSearch(org.springframework.data.rest.webmvc.RootResourceInformation,org.springframework.util.MultiValueMap<java.lang.String, java.lang.Object>,java.lang.String,org.springframework.data.rest.webmvc.support.DefaultedPageable,org.springframework.data.domain.Sort,org.springframework.data.rest.webmvc.PersistentEntityResourceAssembler,org.springframework.http.HttpHeaders)
2018-03-31 21:07:04.783  INFO 15922 --- [           main] o.s.d.r.w.RepositoryRestHandlerMapping   : Mapped "{[/{repository}/search],methods=[OPTIONS],produces=[application/hal+json || application/json]}" onto public org.springframework.http.HttpEntity<?> org.springframework.data.rest.webmvc.RepositorySearchController.optionsForSearches(org.springframework.data.rest.webmvc.RootResourceInformation)
2018-03-31 21:07:04.783  INFO 15922 --- [           main] o.s.d.r.w.RepositoryRestHandlerMapping   : Mapped "{[/{repository}/search/{search}],methods=[GET],produces=[application/x-spring-data-compact+json]}" onto public org.springframework.hateoas.ResourceSupport org.springframework.data.rest.webmvc.RepositorySearchController.executeSearchCompact(org.springframework.data.rest.webmvc.RootResourceInformation,org.springframework.http.HttpHeaders,org.springframework.util.MultiValueMap<java.lang.String, java.lang.Object>,java.lang.String,java.lang.String,org.springframework.data.rest.webmvc.support.DefaultedPageable,org.springframework.data.domain.Sort,org.springframework.data.rest.webmvc.PersistentEntityResourceAssembler)
2018-03-31 21:07:04.784  INFO 15922 --- [           main] o.s.d.r.w.RepositoryRestHandlerMapping   : Mapped "{[/{repository}/search/{search}],methods=[OPTIONS],produces=[application/hal+json || application/json]}" onto public org.springframework.http.ResponseEntity<java.lang.Object> org.springframework.data.rest.webmvc.RepositorySearchController.optionsForSearch(org.springframework.data.rest.webmvc.RootResourceInformation,java.lang.String)
2018-03-31 21:07:04.784  INFO 15922 --- [           main] o.s.d.r.w.RepositoryRestHandlerMapping   : Mapped "{[/{repository}/search/{search}],methods=[HEAD],produces=[application/hal+json || application/json]}" onto public org.springframework.http.ResponseEntity<java.lang.Object> org.springframework.data.rest.webmvc.RepositorySearchController.headForSearch(org.springframework.data.rest.webmvc.RootResourceInformation,java.lang.String)
2018-03-31 21:07:04.784  INFO 15922 --- [           main] o.s.d.r.w.RepositoryRestHandlerMapping   : Mapped "{[/{repository}/search],methods=[GET],produces=[application/hal+json || application/json]}" onto public org.springframework.data.rest.webmvc.RepositorySearchesResource org.springframework.data.rest.webmvc.RepositorySearchController.listSearches(org.springframework.data.rest.webmvc.RootResourceInformation)
2018-03-31 21:07:04.784  INFO 15922 --- [           main] o.s.d.r.w.RepositoryRestHandlerMapping   : Mapped "{[/{repository}/search],methods=[HEAD],produces=[application/hal+json || application/json]}" onto public org.springframework.http.HttpEntity<?> org.springframework.data.rest.webmvc.RepositorySearchController.headForSearches(org.springframework.data.rest.webmvc.RootResourceInformation)
2018-03-31 21:07:04.785  INFO 15922 --- [           main] o.s.d.r.w.RepositoryRestHandlerMapping   : Mapped "{[/ || ],methods=[GET],produces=[application/hal+json || application/json]}" onto public org.springframework.http.HttpEntity<org.springframework.data.rest.webmvc.RepositoryLinksResource> org.springframework.data.rest.webmvc.RepositoryController.listRepositories()
2018-03-31 21:07:04.785  INFO 15922 --- [           main] o.s.d.r.w.RepositoryRestHandlerMapping   : Mapped "{[/ || ],methods=[OPTIONS],produces=[application/hal+json || application/json]}" onto public org.springframework.http.HttpEntity<?> org.springframework.data.rest.webmvc.RepositoryController.optionsForRepositories()
2018-03-31 21:07:04.785  INFO 15922 --- [           main] o.s.d.r.w.RepositoryRestHandlerMapping   : Mapped "{[/ || ],methods=[HEAD],produces=[application/hal+json || application/json]}" onto public org.springframework.http.ResponseEntity<?> org.springframework.data.rest.webmvc.RepositoryController.headForRepositories()
2018-03-31 21:07:04.786  INFO 15922 --- [           main] o.s.d.r.w.RepositoryRestHandlerMapping   : Mapped "{[/{repository}],methods=[OPTIONS],produces=[application/hal+json || application/json]}" onto public org.springframework.http.ResponseEntity<?> org.springframework.data.rest.webmvc.RepositoryEntityController.optionsForCollectionResource(org.springframework.data.rest.webmvc.RootResourceInformation)
2018-03-31 21:07:04.786  INFO 15922 --- [           main] o.s.d.r.w.RepositoryRestHandlerMapping   : Mapped "{[/{repository}],methods=[HEAD],produces=[application/hal+json || application/json]}" onto public org.springframework.http.ResponseEntity<?> org.springframework.data.rest.webmvc.RepositoryEntityController.headCollectionResource(org.springframework.data.rest.webmvc.RootResourceInformation,org.springframework.data.rest.webmvc.support.DefaultedPageable) throws org.springframework.web.HttpRequestMethodNotSupportedException
2018-03-31 21:07:04.787  INFO 15922 --- [           main] o.s.d.r.w.RepositoryRestHandlerMapping   : Mapped "{[/{repository}],methods=[GET],produces=[application/hal+json || application/json]}" onto public org.springframework.hateoas.Resources<?> org.springframework.data.rest.webmvc.RepositoryEntityController.getCollectionResource(org.springframework.data.rest.webmvc.RootResourceInformation,org.springframework.data.rest.webmvc.support.DefaultedPageable,org.springframework.data.domain.Sort,org.springframework.data.rest.webmvc.PersistentEntityResourceAssembler) throws org.springframework.data.rest.webmvc.ResourceNotFoundException,org.springframework.web.HttpRequestMethodNotSupportedException
2018-03-31 21:07:04.787  INFO 15922 --- [           main] o.s.d.r.w.RepositoryRestHandlerMapping   : Mapped "{[/{repository}],methods=[GET],produces=[application/x-spring-data-compact+json || text/uri-list]}" onto public org.springframework.hateoas.Resources<?> org.springframework.data.rest.webmvc.RepositoryEntityController.getCollectionResourceCompact(org.springframework.data.rest.webmvc.RootResourceInformation,org.springframework.data.rest.webmvc.support.DefaultedPageable,org.springframework.data.domain.Sort,org.springframework.data.rest.webmvc.PersistentEntityResourceAssembler) throws org.springframework.data.rest.webmvc.ResourceNotFoundException,org.springframework.web.HttpRequestMethodNotSupportedException
2018-03-31 21:07:04.787  INFO 15922 --- [           main] o.s.d.r.w.RepositoryRestHandlerMapping   : Mapped "{[/{repository}],methods=[POST],produces=[application/hal+json || application/json]}" onto public org.springframework.http.ResponseEntity<org.springframework.hateoas.ResourceSupport> org.springframework.data.rest.webmvc.RepositoryEntityController.postCollectionResource(org.springframework.data.rest.webmvc.RootResourceInformation,org.springframework.data.rest.webmvc.PersistentEntityResource,org.springframework.data.rest.webmvc.PersistentEntityResourceAssembler,java.lang.String) throws org.springframework.web.HttpRequestMethodNotSupportedException
2018-03-31 21:07:04.787  INFO 15922 --- [           main] o.s.d.r.w.RepositoryRestHandlerMapping   : Mapped "{[/{repository}/{id}],methods=[OPTIONS],produces=[application/hal+json || application/json]}" onto public org.springframework.http.ResponseEntity<?> org.springframework.data.rest.webmvc.RepositoryEntityController.optionsForItemResource(org.springframework.data.rest.webmvc.RootResourceInformation)
2018-03-31 21:07:04.787  INFO 15922 --- [           main] o.s.d.r.w.RepositoryRestHandlerMapping   : Mapped "{[/{repository}/{id}],methods=[HEAD],produces=[application/hal+json || application/json]}" onto public org.springframework.http.ResponseEntity<?> org.springframework.data.rest.webmvc.RepositoryEntityController.headForItemResource(org.springframework.data.rest.webmvc.RootResourceInformation,java.io.Serializable,org.springframework.data.rest.webmvc.PersistentEntityResourceAssembler) throws org.springframework.web.HttpRequestMethodNotSupportedException
2018-03-31 21:07:04.788  INFO 15922 --- [           main] o.s.d.r.w.RepositoryRestHandlerMapping   : Mapped "{[/{repository}/{id}],methods=[GET],produces=[application/hal+json || application/json]}" onto public org.springframework.http.ResponseEntity<org.springframework.hateoas.Resource<?>> org.springframework.data.rest.webmvc.RepositoryEntityController.getItemResource(org.springframework.data.rest.webmvc.RootResourceInformation,java.io.Serializable,org.springframework.data.rest.webmvc.PersistentEntityResourceAssembler,org.springframework.http.HttpHeaders) throws org.springframework.web.HttpRequestMethodNotSupportedException
2018-03-31 21:07:04.788  INFO 15922 --- [           main] o.s.d.r.w.RepositoryRestHandlerMapping   : Mapped "{[/{repository}/{id}],methods=[PUT],produces=[application/hal+json || application/json]}" onto public org.springframework.http.ResponseEntity<? extends org.springframework.hateoas.ResourceSupport> org.springframework.data.rest.webmvc.RepositoryEntityController.putItemResource(org.springframework.data.rest.webmvc.RootResourceInformation,org.springframework.data.rest.webmvc.PersistentEntityResource,java.io.Serializable,org.springframework.data.rest.webmvc.PersistentEntityResourceAssembler,org.springframework.data.rest.webmvc.support.ETag,java.lang.String) throws org.springframework.web.HttpRequestMethodNotSupportedException
2018-03-31 21:07:04.788  INFO 15922 --- [           main] o.s.d.r.w.RepositoryRestHandlerMapping   : Mapped "{[/{repository}/{id}],methods=[PATCH],produces=[application/hal+json || application/json]}" onto public org.springframework.http.ResponseEntity<org.springframework.hateoas.ResourceSupport> org.springframework.data.rest.webmvc.RepositoryEntityController.patchItemResource(org.springframework.data.rest.webmvc.RootResourceInformation,org.springframework.data.rest.webmvc.PersistentEntityResource,java.io.Serializable,org.springframework.data.rest.webmvc.PersistentEntityResourceAssembler,org.springframework.data.rest.webmvc.support.ETag,java.lang.String) throws org.springframework.web.HttpRequestMethodNotSupportedException,org.springframework.data.rest.webmvc.ResourceNotFoundException
2018-03-31 21:07:04.788  INFO 15922 --- [           main] o.s.d.r.w.RepositoryRestHandlerMapping   : Mapped "{[/{repository}/{id}],methods=[DELETE],produces=[application/hal+json || application/json]}" onto public org.springframework.http.ResponseEntity<?> org.springframework.data.rest.webmvc.RepositoryEntityController.deleteItemResource(org.springframework.data.rest.webmvc.RootResourceInformation,java.io.Serializable,org.springframework.data.rest.webmvc.support.ETag) throws org.springframework.data.rest.webmvc.ResourceNotFoundException,org.springframework.web.HttpRequestMethodNotSupportedException
2018-03-31 21:07:04.791  INFO 15922 --- [           main] o.s.d.r.w.BasePathAwareHandlerMapping    : Mapped "{[/profile/{repository}],methods=[OPTIONS],produces=[application/alps+json]}" onto org.springframework.http.HttpEntity<?> org.springframework.data.rest.webmvc.alps.AlpsController.alpsOptions()
2018-03-31 21:07:04.791  INFO 15922 --- [           main] o.s.d.r.w.BasePathAwareHandlerMapping    : Mapped "{[/profile/{repository}],methods=[GET],produces=[application/alps+json || */*]}" onto org.springframework.http.HttpEntity<org.springframework.data.rest.webmvc.RootResourceInformation> org.springframework.data.rest.webmvc.alps.AlpsController.descriptor(org.springframework.data.rest.webmvc.RootResourceInformation)
2018-03-31 21:07:04.791  INFO 15922 --- [           main] o.s.d.r.w.BasePathAwareHandlerMapping    : Mapped "{[/profile/{repository}],methods=[GET],produces=[application/schema+json]}" onto public org.springframework.http.HttpEntity<org.springframework.data.rest.webmvc.json.JsonSchema> org.springframework.data.rest.webmvc.RepositorySchemaController.schema(org.springframework.data.rest.webmvc.RootResourceInformation)
2018-03-31 21:07:04.792  INFO 15922 --- [           main] o.s.d.r.w.BasePathAwareHandlerMapping    : Mapped "{[/profile],methods=[OPTIONS]}" onto public org.springframework.http.HttpEntity<?> org.springframework.data.rest.webmvc.ProfileController.profileOptions()
2018-03-31 21:07:04.792  INFO 15922 --- [           main] o.s.d.r.w.BasePathAwareHandlerMapping    : Mapped "{[/profile],methods=[GET]}" onto org.springframework.http.HttpEntity<org.springframework.hateoas.ResourceSupport> org.springframework.data.rest.webmvc.ProfileController.listAllFormsOfMetadata()
2018-03-31 21:07:04.990  INFO 15922 --- [           main] o.h.h.i.QueryTranslatorFactoryInitiator  : HHH000397: Using ASTQueryTranslatorFactory
2018-03-31 21:07:05.087  INFO 15922 --- [           main] e.h.h.c.LocationControllerTests          : Started LocationControllerTests in 2.998 seconds (JVM running for 22.79)
2018-03-31 21:07:05.095  INFO 15922 --- [           main] o.s.b.t.m.w.SpringBootMockServletContext : Initializing Spring FrameworkServlet ''
2018-03-31 21:07:05.095  INFO 15922 --- [           main] o.s.t.web.servlet.TestDispatcherServlet  : FrameworkServlet '': initialization started
2018-03-31 21:07:05.113  INFO 15922 --- [           main] o.s.t.web.servlet.TestDispatcherServlet  : FrameworkServlet '': initialization completed in 18 ms
2018-03-31 21:07:05.411  INFO 15922 --- [           main] o.s.w.c.s.GenericWebApplicationContext   : Closing org.springframework.web.context.support.GenericWebApplicationContext@1500416c: startup date [Sat Mar 31 21:07:02 EDT 2018]; root of context hierarchy
2018-03-31 21:07:05.414  INFO 15922 --- [           main] j.LocalContainerEntityManagerFactoryBean : Closing JPA EntityManagerFactory for persistence unit 'default'
2018-03-31 21:07:05.414  INFO 15922 --- [           main] org.hibernate.tool.hbm2ddl.SchemaExport  : HHH000227: Running hbm2ddl schema export
2018-03-31 21:07:05.420  INFO 15922 --- [           main] org.hibernate.tool.hbm2ddl.SchemaExport  : HHH000230: Schema export complete
Tests run: 1, Failures: 0, Errors: 0, Skipped: 0, Time elapsed: 3.355 sec - in edu.harvard.h2ms.controllers.LocationControllerTests
Running edu.harvard.h2ms.web.init.OAuthTest
2018-03-31 21:07:05.425  INFO 15922 --- [           main] .b.t.c.SpringBootTestContextBootstrapper : Neither @ContextConfiguration nor @ContextHierarchy found for test class [edu.harvard.h2ms.web.init.OAuthTest], using SpringBootContextLoader
2018-03-31 21:07:05.425  INFO 15922 --- [           main] o.s.t.c.support.AbstractContextLoader    : Could not detect default resource locations for test class [edu.harvard.h2ms.web.init.OAuthTest]: no resource found for suffixes {-context.xml, Context.groovy}.
2018-03-31 21:07:05.425  INFO 15922 --- [           main] t.c.s.AnnotationConfigContextLoaderUtils : Could not detect default configuration classes for test class [edu.harvard.h2ms.web.init.OAuthTest]: OAuthTest does not declare any static, non-private, non-final, nested classes annotated with @Configuration.
2018-03-31 21:07:05.428  INFO 15922 --- [           main] .b.t.c.SpringBootTestContextBootstrapper : Found @SpringBootConfiguration edu.harvard.h2ms.H2MSRestAppInitializer for test class edu.harvard.h2ms.web.init.OAuthTest
2018-03-31 21:07:05.444  INFO 15922 --- [           main] .b.t.c.SpringBootTestContextBootstrapper : Loaded default TestExecutionListener class names from location [META-INF/spring.factories]: [org.springframework.boot.test.mock.mockito.MockitoTestExecutionListener, org.springframework.boot.test.mock.mockito.ResetMocksTestExecutionListener, org.springframework.boot.test.autoconfigure.restdocs.RestDocsTestExecutionListener, org.springframework.boot.test.autoconfigure.web.client.MockRestServiceServerResetTestExecutionListener, org.springframework.boot.test.autoconfigure.web.servlet.MockMvcPrintOnlyOnFailureTestExecutionListener, org.springframework.boot.test.autoconfigure.web.servlet.WebDriverTestExecutionListener, org.springframework.test.context.web.ServletTestExecutionListener, org.springframework.test.context.support.DirtiesContextBeforeModesTestExecutionListener, org.springframework.test.context.support.DependencyInjectionTestExecutionListener, org.springframework.test.context.support.DirtiesContextTestExecutionListener, org.springframework.test.context.transaction.TransactionalTestExecutionListener, org.springframework.test.context.jdbc.SqlScriptsTestExecutionListener, org.springframework.security.test.context.support.WithSecurityContextTestExecutionListener]
2018-03-31 21:07:05.449  INFO 15922 --- [           main] .b.t.c.SpringBootTestContextBootstrapper : Using TestExecutionListeners: [org.springframework.test.context.web.ServletTestExecutionListener@5ce1ed2f, org.springframework.test.context.support.DirtiesContextBeforeModesTestExecutionListener@612a0d49, org.springframework.boot.test.autoconfigure.SpringBootDependencyInjectionTestExecutionListener@268fca0a, org.springframework.test.context.support.DirtiesContextTestExecutionListener@238ef0cc, org.springframework.test.context.transaction.TransactionalTestExecutionListener@7055f907, org.springframework.test.context.jdbc.SqlScriptsTestExecutionListener@4124e201, org.springframework.security.test.context.support.WithSecurityContextTestExecutionListener@19a3bfb5, org.springframework.boot.test.mock.mockito.MockitoTestExecutionListener@4d7f34dd, org.springframework.boot.test.mock.mockito.ResetMocksTestExecutionListener@12bd61b4, org.springframework.boot.test.autoconfigure.restdocs.RestDocsTestExecutionListener@746fbd08, org.springframework.boot.test.autoconfigure.web.client.MockRestServiceServerResetTestExecutionListener@70b5ea27, org.springframework.boot.test.autoconfigure.web.servlet.MockMvcPrintOnlyOnFailureTestExecutionListener@44d8e130, org.springframework.boot.test.autoconfigure.web.servlet.WebDriverTestExecutionListener@3d9188de]

  .   ____          _            __ _ _
 /\\ / ___'_ __ _ _(_)_ __  __ _ \ \ \ \
( ( )\___ | '_ | '_| | '_ \/ _` | \ \ \ \
 \\/  ___)| |_)| | | | | || (_| |  ) ) ) )
  '  |____| .__|_| |_|_| |_\__, | / / / /
 =========|_|==============|___/=/_/_/_/
 :: Spring Boot ::       (v1.5.10.RELEASE)

2018-03-31 21:07:05.516  INFO 15922 --- [           main] edu.harvard.h2ms.web.init.OAuthTest      : Starting OAuthTest on ancient.bitbin.de with PID 15922 (started by stbenjam in /home/stbenjam/git/h2ms)
2018-03-31 21:07:05.516  INFO 15922 --- [           main] edu.harvard.h2ms.web.init.OAuthTest      : No active profile set, falling back to default profiles: default
2018-03-31 21:07:05.520  INFO 15922 --- [           main] o.s.w.c.s.GenericWebApplicationContext   : Refreshing org.springframework.web.context.support.GenericWebApplicationContext@7a0daf3d: startup date [Sat Mar 31 21:07:05 EDT 2018]; root of context hierarchy
2018-03-31 21:07:05.579  INFO 15922 --- [           main] o.s.c.a.ConfigurationClassParser         : Properties location [classpath:mailserver.properties] not resolvable: class path resource [mailserver.properties] cannot be opened because it does not exist
2018-03-31 21:07:05.800  INFO 15922 --- [           main] o.s.b.f.s.DefaultListableBeanFactory     : Overriding bean definition for bean 'httpRequestHandlerAdapter' with a different definition: replacing [Root bean: class [null]; scope=; abstract=false; lazyInit=false; autowireMode=3; dependencyCheck=0; autowireCandidate=true; primary=false; factoryBeanName=org.springframework.boot.autoconfigure.web.WebMvcAutoConfiguration$EnableWebMvcConfiguration; factoryMethodName=httpRequestHandlerAdapter; initMethodName=null; destroyMethodName=(inferred); defined in class path resource [org/springframework/boot/autoconfigure/web/WebMvcAutoConfiguration$EnableWebMvcConfiguration.class]] with [Root bean: class [null]; scope=; abstract=false; lazyInit=false; autowireMode=3; dependencyCheck=0; autowireCandidate=true; primary=false; factoryBeanName=org.springframework.data.rest.webmvc.config.RepositoryRestMvcConfiguration; factoryMethodName=httpRequestHandlerAdapter; initMethodName=null; destroyMethodName=(inferred); defined in class path resource [org/springframework/data/rest/webmvc/config/RepositoryRestMvcConfiguration.class]]
2018-03-31 21:07:05.936  INFO 15922 --- [           main] trationDelegate$BeanPostProcessorChecker : Bean 'org.springframework.transaction.annotation.ProxyTransactionManagementConfiguration' of type [org.springframework.transaction.annotation.ProxyTransactionManagementConfiguration$$EnhancerBySpringCGLIB$$2ed2379b] is not eligible for getting processed by all BeanPostProcessors (for example: not eligible for auto-proxying)
2018-03-31 21:07:05.960  INFO 15922 --- [           main] trationDelegate$BeanPostProcessorChecker : Bean 'org.springframework.security.config.annotation.configuration.ObjectPostProcessorConfiguration' of type [org.springframework.security.config.annotation.configuration.ObjectPostProcessorConfiguration$$EnhancerBySpringCGLIB$$c77fffd5] is not eligible for getting processed by all BeanPostProcessors (for example: not eligible for auto-proxying)
2018-03-31 21:07:05.965  INFO 15922 --- [           main] trationDelegate$BeanPostProcessorChecker : Bean 'objectPostProcessor' of type [org.springframework.security.config.annotation.configuration.AutowireBeanFactoryObjectPostProcessor] is not eligible for getting processed by all BeanPostProcessors (for example: not eligible for auto-proxying)
2018-03-31 21:07:05.967  INFO 15922 --- [           main] trationDelegate$BeanPostProcessorChecker : Bean 'org.springframework.security.access.expression.method.DefaultMethodSecurityExpressionHandler@185d151b' of type [org.springframework.security.oauth2.provider.expression.OAuth2MethodSecurityExpressionHandler] is not eligible for getting processed by all BeanPostProcessors (for example: not eligible for auto-proxying)
2018-03-31 21:07:05.983  INFO 15922 --- [           main] trationDelegate$BeanPostProcessorChecker : Bean 'org.springframework.security.config.annotation.method.configuration.GlobalMethodSecurityConfiguration' of type [org.springframework.security.config.annotation.method.configuration.GlobalMethodSecurityConfiguration$$EnhancerBySpringCGLIB$$ec54a287] is not eligible for getting processed by all BeanPostProcessors (for example: not eligible for auto-proxying)
2018-03-31 21:07:05.991  INFO 15922 --- [           main] trationDelegate$BeanPostProcessorChecker : Bean 'methodSecurityMetadataSource' of type [org.springframework.security.access.method.DelegatingMethodSecurityMetadataSource] is not eligible for getting processed by all BeanPostProcessors (for example: not eligible for auto-proxying)
2018-03-31 21:07:06.019  INFO 15922 --- [           main] trationDelegate$BeanPostProcessorChecker : Bean 'security.oauth2.client-org.springframework.boot.autoconfigure.security.oauth2.OAuth2ClientProperties' of type [org.springframework.boot.autoconfigure.security.oauth2.OAuth2ClientProperties] is not eligible for getting processed by all BeanPostProcessors (for example: not eligible for auto-proxying)
2018-03-31 21:07:06.028  INFO 15922 --- [           main] trationDelegate$BeanPostProcessorChecker : Bean 'org.springframework.boot.autoconfigure.security.oauth2.OAuth2AutoConfiguration' of type [org.springframework.boot.autoconfigure.security.oauth2.OAuth2AutoConfiguration$$EnhancerBySpringCGLIB$$e61bf39b] is not eligible for getting processed by all BeanPostProcessors (for example: not eligible for auto-proxying)
2018-03-31 21:07:06.037  INFO 15922 --- [           main] trationDelegate$BeanPostProcessorChecker : Bean 'resourceServerProperties' of type [org.springframework.boot.autoconfigure.security.oauth2.resource.ResourceServerProperties] is not eligible for getting processed by all BeanPostProcessors (for example: not eligible for auto-proxying)
2018-03-31 21:07:06.232  INFO 15922 --- [           main] j.LocalContainerEntityManagerFactoryBean : Building JPA container EntityManagerFactory for persistence unit 'default'
2018-03-31 21:07:06.232  INFO 15922 --- [           main] o.hibernate.jpa.internal.util.LogHelper  : HHH000204: Processing PersistenceUnitInfo [
	name: default
	...]
2018-03-31 21:07:06.237  INFO 15922 --- [           main] org.hibernate.dialect.Dialect            : HHH000400: Using dialect: org.hibernate.dialect.H2Dialect
2018-03-31 21:07:06.311  INFO 15922 --- [           main] org.hibernate.tool.hbm2ddl.SchemaExport  : HHH000227: Running hbm2ddl schema export
2018-03-31 21:07:06.322  INFO 15922 --- [           main] org.hibernate.tool.hbm2ddl.SchemaExport  : HHH000230: Schema export complete
2018-03-31 21:07:06.329  WARN 15922 --- [           main] o.h.j.i.EntityManagerFactoryRegistry     : HHH000436: Entity manager factory name (default) is already registered.  If entity manager will be clustered or passivated, specify a unique value for property 'hibernate.ejb.entitymanager_factory_name'
2018-03-31 21:07:06.330  INFO 15922 --- [           main] j.LocalContainerEntityManagerFactoryBean : Initialized JPA EntityManagerFactory for persistence unit 'default'
2018-03-31 21:07:06.954  INFO 15922 --- [           main] .s.o.p.e.FrameworkEndpointHandlerMapping : Mapped "{[/oauth/authorize]}" onto public org.springframework.web.servlet.ModelAndView org.springframework.security.oauth2.provider.endpoint.AuthorizationEndpoint.authorize(java.util.Map<java.lang.String, java.lang.Object>,java.util.Map<java.lang.String, java.lang.String>,org.springframework.web.bind.support.SessionStatus,java.security.Principal)
2018-03-31 21:07:06.954  INFO 15922 --- [           main] .s.o.p.e.FrameworkEndpointHandlerMapping : Mapped "{[/oauth/authorize],methods=[POST],params=[user_oauth_approval]}" onto public org.springframework.web.servlet.View org.springframework.security.oauth2.provider.endpoint.AuthorizationEndpoint.approveOrDeny(java.util.Map<java.lang.String, java.lang.String>,java.util.Map<java.lang.String, ?>,org.springframework.web.bind.support.SessionStatus,java.security.Principal)
2018-03-31 21:07:06.954  INFO 15922 --- [           main] .s.o.p.e.FrameworkEndpointHandlerMapping : Mapped "{[/oauth/token],methods=[GET]}" onto public org.springframework.http.ResponseEntity<org.springframework.security.oauth2.common.OAuth2AccessToken> org.springframework.security.oauth2.provider.endpoint.TokenEndpoint.getAccessToken(java.security.Principal,java.util.Map<java.lang.String, java.lang.String>) throws org.springframework.web.HttpRequestMethodNotSupportedException
2018-03-31 21:07:06.955  INFO 15922 --- [           main] .s.o.p.e.FrameworkEndpointHandlerMapping : Mapped "{[/oauth/token],methods=[POST]}" onto public org.springframework.http.ResponseEntity<org.springframework.security.oauth2.common.OAuth2AccessToken> org.springframework.security.oauth2.provider.endpoint.TokenEndpoint.postAccessToken(java.security.Principal,java.util.Map<java.lang.String, java.lang.String>) throws org.springframework.web.HttpRequestMethodNotSupportedException
2018-03-31 21:07:06.955  INFO 15922 --- [           main] .s.o.p.e.FrameworkEndpointHandlerMapping : Mapped "{[/oauth/check_token]}" onto public java.util.Map<java.lang.String, ?> org.springframework.security.oauth2.provider.endpoint.CheckTokenEndpoint.checkToken(java.lang.String)
2018-03-31 21:07:06.955  INFO 15922 --- [           main] .s.o.p.e.FrameworkEndpointHandlerMapping : Mapped "{[/oauth/confirm_access]}" onto public org.springframework.web.servlet.ModelAndView org.springframework.security.oauth2.provider.endpoint.WhitelabelApprovalEndpoint.getAccessConfirmation(java.util.Map<java.lang.String, java.lang.Object>,javax.servlet.http.HttpServletRequest) throws java.lang.Exception
2018-03-31 21:07:06.955  INFO 15922 --- [           main] .s.o.p.e.FrameworkEndpointHandlerMapping : Mapped "{[/oauth/error]}" onto public org.springframework.web.servlet.ModelAndView org.springframework.security.oauth2.provider.endpoint.WhitelabelErrorEndpoint.handleError(javax.servlet.http.HttpServletRequest)
2018-03-31 21:07:07.194  INFO 15922 --- [           main] o.s.s.web.DefaultSecurityFilterChain     : Creating filter chain: Ant [pattern='/'], []
2018-03-31 21:07:07.195  INFO 15922 --- [           main] o.s.s.web.DefaultSecurityFilterChain     : Creating filter chain: Ant [pattern='/login'], []
2018-03-31 21:07:07.195  INFO 15922 --- [           main] o.s.s.web.DefaultSecurityFilterChain     : Creating filter chain: Ant [pattern='/webjars/**'], []
2018-03-31 21:07:07.195  INFO 15922 --- [           main] o.s.s.web.DefaultSecurityFilterChain     : Creating filter chain: Ant [pattern='/api/passwords/**'], []
2018-03-31 21:07:07.195  INFO 15922 --- [           main] o.s.s.web.DefaultSecurityFilterChain     : Creating filter chain: Ant [pattern='/swagger-resources'], []
2018-03-31 21:07:07.195  INFO 15922 --- [           main] o.s.s.web.DefaultSecurityFilterChain     : Creating filter chain: Ant [pattern='/swagger-resources/**'], []
2018-03-31 21:07:07.195  INFO 15922 --- [           main] o.s.s.web.DefaultSecurityFilterChain     : Creating filter chain: Ant [pattern='/swagger-ui.html'], []
2018-03-31 21:07:07.195  INFO 15922 --- [           main] o.s.s.web.DefaultSecurityFilterChain     : Creating filter chain: Ant [pattern='/v2/api-docs'], []
2018-03-31 21:07:07.195  INFO 15922 --- [           main] o.s.s.web.DefaultSecurityFilterChain     : Creating filter chain: Ant [pattern='/**', OPTIONS], []
2018-03-31 21:07:07.327  INFO 15922 --- [           main] o.s.s.web.DefaultSecurityFilterChain     : Creating filter chain: OrRequestMatcher [requestMatchers=[Ant [pattern='/oauth/token'], Ant [pattern='/oauth/token_key'], Ant [pattern='/oauth/check_token']]], [org.springframework.security.web.context.request.async.WebAsyncManagerIntegrationFilter@16a5bf77, org.springframework.security.web.context.SecurityContextPersistenceFilter@19e3152, org.springframework.security.web.header.HeaderWriterFilter@6fce9a60, org.springframework.security.web.authentication.logout.LogoutFilter@2a25dd46, org.springframework.security.web.authentication.www.BasicAuthenticationFilter@5f91ae3e, org.springframework.security.web.savedrequest.RequestCacheAwareFilter@5bebe912, org.springframework.security.web.servletapi.SecurityContextHolderAwareRequestFilter@406d6595, org.springframework.security.web.authentication.AnonymousAuthenticationFilter@70e8d481, org.springframework.security.web.session.SessionManagementFilter@4db4e2dc, org.springframework.security.web.access.ExceptionTranslationFilter@6497c714, org.springframework.security.web.access.intercept.FilterSecurityInterceptor@4bd3ea99]
2018-03-31 21:07:07.338  INFO 15922 --- [           main] o.s.s.web.DefaultSecurityFilterChain     : Creating filter chain: org.springframework.security.oauth2.config.annotation.web.configuration.ResourceServerConfiguration$NotOAuthRequestMatcher@89f4d09, [org.springframework.security.web.context.request.async.WebAsyncManagerIntegrationFilter@4061455, org.springframework.security.web.context.SecurityContextPersistenceFilter@298ff16, org.springframework.security.web.header.HeaderWriterFilter@15e281ee, org.springframework.security.web.authentication.logout.LogoutFilter@58b2df95, org.springframework.security.oauth2.provider.authentication.OAuth2AuthenticationProcessingFilter@7921a93, org.springframework.security.web.savedrequest.RequestCacheAwareFilter@192f28bd, org.springframework.security.web.servletapi.SecurityContextHolderAwareRequestFilter@18432787, org.springframework.security.web.authentication.AnonymousAuthenticationFilter@3bcb3510, org.springframework.security.web.session.SessionManagementFilter@5ee3ca50, org.springframework.security.web.access.ExceptionTranslationFilter@3c34e303, org.springframework.security.web.access.intercept.FilterSecurityInterceptor@1f4e8af1]
2018-03-31 21:07:07.338  INFO 15922 --- [           main] o.s.s.web.DefaultSecurityFilterChain     : Creating filter chain: org.springframework.security.web.util.matcher.AnyRequestMatcher@1, [org.springframework.security.web.access.intercept.FilterSecurityInterceptor@6d418ba9]
2018-03-31 21:07:07.602  INFO 15922 --- [           main] s.w.s.m.m.a.RequestMappingHandlerAdapter : Looking for @ControllerAdvice: org.springframework.web.context.support.GenericWebApplicationContext@7a0daf3d: startup date [Sat Mar 31 21:07:05 EDT 2018]; root of context hierarchy
2018-03-31 21:07:07.637  INFO 15922 --- [           main] s.w.s.m.m.a.RequestMappingHandlerMapping : Mapped "{[/events/count/{timeframe}],methods=[GET]}" onto public org.springframework.http.ResponseEntity<?> edu.harvard.h2ms.web.controller.EventController.findEventCountByTimeframe(java.lang.String)
2018-03-31 21:07:07.637  INFO 15922 --- [           main] s.w.s.m.m.a.RequestMappingHandlerMapping : Mapped "{[/events/compliance/{questionId}/{timeframe}],methods=[GET]}" onto public org.springframework.http.ResponseEntity<?> edu.harvard.h2ms.web.controller.EventController.findComplianceByTimeframe(java.lang.String,java.lang.Long)
2018-03-31 21:07:07.638  INFO 15922 --- [           main] s.w.s.m.m.a.RequestMappingHandlerMapping : Mapped "{[/api/passwords/reset/{email:.+}],methods=[GET]}" onto public org.springframework.http.ResponseEntity<java.lang.Object> edu.harvard.h2ms.web.controller.PasswordController.getPasswordResetToken(java.lang.String)
2018-03-31 21:07:07.638  INFO 15922 --- [           main] s.w.s.m.m.a.RequestMappingHandlerMapping : Mapped "{[/api/passwords/reset/token],methods=[POST]}" onto public org.springframework.http.ResponseEntity<java.lang.Object> edu.harvard.h2ms.web.controller.PasswordController.resetPasswordViaToken(java.util.Map<java.lang.String, java.lang.String>)
2018-03-31 21:07:07.638  INFO 15922 --- [           main] s.w.s.m.m.a.RequestMappingHandlerMapping : Mapped "{[/users/avgWashed],methods=[GET]}" onto public java.util.Map<java.lang.String, java.lang.Double> edu.harvard.h2ms.web.controller.UserController.findAvgWashCompliance()
2018-03-31 21:07:07.640  INFO 15922 --- [           main] s.w.s.m.m.a.RequestMappingHandlerMapping : Mapped "{[/error],produces=[text/html]}" onto public org.springframework.web.servlet.ModelAndView org.springframework.boot.autoconfigure.web.BasicErrorController.errorHtml(javax.servlet.http.HttpServletRequest,javax.servlet.http.HttpServletResponse)
2018-03-31 21:07:07.640  INFO 15922 --- [           main] s.w.s.m.m.a.RequestMappingHandlerMapping : Mapped "{[/error]}" onto public org.springframework.http.ResponseEntity<java.util.Map<java.lang.String, java.lang.Object>> org.springframework.boot.autoconfigure.web.BasicErrorController.error(javax.servlet.http.HttpServletRequest)
2018-03-31 21:07:07.692  INFO 15922 --- [           main] o.s.w.s.handler.SimpleUrlHandlerMapping  : Mapped URL path [/webjars/**] onto handler of type [class org.springframework.web.servlet.resource.ResourceHttpRequestHandler]
2018-03-31 21:07:07.692  INFO 15922 --- [           main] o.s.w.s.handler.SimpleUrlHandlerMapping  : Mapped URL path [/**] onto handler of type [class org.springframework.web.servlet.resource.ResourceHttpRequestHandler]
2018-03-31 21:07:07.713  INFO 15922 --- [           main] .m.m.a.ExceptionHandlerExceptionResolver : Detected @ExceptionHandler methods in exceptionHandlingController
2018-03-31 21:07:07.714  INFO 15922 --- [           main] .m.m.a.ExceptionHandlerExceptionResolver : Detected @ExceptionHandler methods in repositoryRestExceptionHandler
2018-03-31 21:07:07.774  INFO 15922 --- [           main] o.s.w.s.handler.SimpleUrlHandlerMapping  : Mapped URL path [/**/favicon.ico] onto handler of type [class org.springframework.web.servlet.resource.ResourceHttpRequestHandler]
2018-03-31 21:07:07.804  WARN 15922 --- [           main] .t.AbstractTemplateResolverConfiguration : Cannot find template location: classpath:/templates/ (please add some templates or check your Thymeleaf configuration)
2018-03-31 21:07:07.915  INFO 15922 --- [           main] o.s.d.r.w.RepositoryRestHandlerAdapter   : Looking for @ControllerAdvice: org.springframework.web.context.support.GenericWebApplicationContext@7a0daf3d: startup date [Sat Mar 31 21:07:05 EDT 2018]; root of context hierarchy
2018-03-31 21:07:07.930  INFO 15922 --- [           main] o.s.d.r.w.RepositoryRestHandlerMapping   : Mapped "{[/{repository}/{id}/{property}],methods=[GET],produces=[application/hal+json || application/json]}" onto public org.springframework.http.ResponseEntity<org.springframework.hateoas.ResourceSupport> org.springframework.data.rest.webmvc.RepositoryPropertyReferenceController.followPropertyReference(org.springframework.data.rest.webmvc.RootResourceInformation,java.io.Serializable,java.lang.String,org.springframework.data.rest.webmvc.PersistentEntityResourceAssembler) throws java.lang.Exception
2018-03-31 21:07:07.931  INFO 15922 --- [           main] o.s.d.r.w.RepositoryRestHandlerMapping   : Mapped "{[/{repository}/{id}/{property}/{propertyId}],methods=[GET],produces=[application/hal+json || application/json]}" onto public org.springframework.http.ResponseEntity<org.springframework.hateoas.ResourceSupport> org.springframework.data.rest.webmvc.RepositoryPropertyReferenceController.followPropertyReference(org.springframework.data.rest.webmvc.RootResourceInformation,java.io.Serializable,java.lang.String,java.lang.String,org.springframework.data.rest.webmvc.PersistentEntityResourceAssembler) throws java.lang.Exception
2018-03-31 21:07:07.931  INFO 15922 --- [           main] o.s.d.r.w.RepositoryRestHandlerMapping   : Mapped "{[/{repository}/{id}/{property}],methods=[DELETE],produces=[application/hal+json || application/json]}" onto public org.springframework.http.ResponseEntity<? extends org.springframework.hateoas.ResourceSupport> org.springframework.data.rest.webmvc.RepositoryPropertyReferenceController.deletePropertyReference(org.springframework.data.rest.webmvc.RootResourceInformation,java.io.Serializable,java.lang.String) throws java.lang.Exception
2018-03-31 21:07:07.931  INFO 15922 --- [           main] o.s.d.r.w.RepositoryRestHandlerMapping   : Mapped "{[/{repository}/{id}/{property}],methods=[GET],produces=[application/x-spring-data-compact+json || text/uri-list]}" onto public org.springframework.http.ResponseEntity<org.springframework.hateoas.ResourceSupport> org.springframework.data.rest.webmvc.RepositoryPropertyReferenceController.followPropertyReferenceCompact(org.springframework.data.rest.webmvc.RootResourceInformation,java.io.Serializable,java.lang.String,org.springframework.data.rest.webmvc.PersistentEntityResourceAssembler) throws java.lang.Exception
2018-03-31 21:07:07.931  INFO 15922 --- [           main] o.s.d.r.w.RepositoryRestHandlerMapping   : Mapped "{[/{repository}/{id}/{property}],methods=[PATCH || PUT || POST],consumes=[application/json || application/x-spring-data-compact+json || text/uri-list],produces=[application/hal+json || application/json]}" onto public org.springframework.http.ResponseEntity<? extends org.springframework.hateoas.ResourceSupport> org.springframework.data.rest.webmvc.RepositoryPropertyReferenceController.createPropertyReference(org.springframework.data.rest.webmvc.RootResourceInformation,org.springframework.http.HttpMethod,org.springframework.hateoas.Resources<java.lang.Object>,java.io.Serializable,java.lang.String) throws java.lang.Exception
2018-03-31 21:07:07.932  INFO 15922 --- [           main] o.s.d.r.w.RepositoryRestHandlerMapping   : Mapped "{[/{repository}/{id}/{property}/{propertyId}],methods=[DELETE],produces=[application/hal+json || application/json]}" onto public org.springframework.http.ResponseEntity<org.springframework.hateoas.ResourceSupport> org.springframework.data.rest.webmvc.RepositoryPropertyReferenceController.deletePropertyReferenceId(org.springframework.data.rest.webmvc.RootResourceInformation,java.io.Serializable,java.lang.String,java.lang.String) throws java.lang.Exception
2018-03-31 21:07:07.932  INFO 15922 --- [           main] o.s.d.r.w.RepositoryRestHandlerMapping   : Mapped "{[/{repository}/search/{search}],methods=[GET],produces=[application/hal+json || application/json]}" onto public org.springframework.http.ResponseEntity<?> org.springframework.data.rest.webmvc.RepositorySearchController.executeSearch(org.springframework.data.rest.webmvc.RootResourceInformation,org.springframework.util.MultiValueMap<java.lang.String, java.lang.Object>,java.lang.String,org.springframework.data.rest.webmvc.support.DefaultedPageable,org.springframework.data.domain.Sort,org.springframework.data.rest.webmvc.PersistentEntityResourceAssembler,org.springframework.http.HttpHeaders)
2018-03-31 21:07:07.933  INFO 15922 --- [           main] o.s.d.r.w.RepositoryRestHandlerMapping   : Mapped "{[/{repository}/search],methods=[OPTIONS],produces=[application/hal+json || application/json]}" onto public org.springframework.http.HttpEntity<?> org.springframework.data.rest.webmvc.RepositorySearchController.optionsForSearches(org.springframework.data.rest.webmvc.RootResourceInformation)
2018-03-31 21:07:07.933  INFO 15922 --- [           main] o.s.d.r.w.RepositoryRestHandlerMapping   : Mapped "{[/{repository}/search/{search}],methods=[GET],produces=[application/x-spring-data-compact+json]}" onto public org.springframework.hateoas.ResourceSupport org.springframework.data.rest.webmvc.RepositorySearchController.executeSearchCompact(org.springframework.data.rest.webmvc.RootResourceInformation,org.springframework.http.HttpHeaders,org.springframework.util.MultiValueMap<java.lang.String, java.lang.Object>,java.lang.String,java.lang.String,org.springframework.data.rest.webmvc.support.DefaultedPageable,org.springframework.data.domain.Sort,org.springframework.data.rest.webmvc.PersistentEntityResourceAssembler)
2018-03-31 21:07:07.933  INFO 15922 --- [           main] o.s.d.r.w.RepositoryRestHandlerMapping   : Mapped "{[/{repository}/search/{search}],methods=[OPTIONS],produces=[application/hal+json || application/json]}" onto public org.springframework.http.ResponseEntity<java.lang.Object> org.springframework.data.rest.webmvc.RepositorySearchController.optionsForSearch(org.springframework.data.rest.webmvc.RootResourceInformation,java.lang.String)
2018-03-31 21:07:07.933  INFO 15922 --- [           main] o.s.d.r.w.RepositoryRestHandlerMapping   : Mapped "{[/{repository}/search/{search}],methods=[HEAD],produces=[application/hal+json || application/json]}" onto public org.springframework.http.ResponseEntity<java.lang.Object> org.springframework.data.rest.webmvc.RepositorySearchController.headForSearch(org.springframework.data.rest.webmvc.RootResourceInformation,java.lang.String)
2018-03-31 21:07:07.933  INFO 15922 --- [           main] o.s.d.r.w.RepositoryRestHandlerMapping   : Mapped "{[/{repository}/search],methods=[GET],produces=[application/hal+json || application/json]}" onto public org.springframework.data.rest.webmvc.RepositorySearchesResource org.springframework.data.rest.webmvc.RepositorySearchController.listSearches(org.springframework.data.rest.webmvc.RootResourceInformation)
2018-03-31 21:07:07.933  INFO 15922 --- [           main] o.s.d.r.w.RepositoryRestHandlerMapping   : Mapped "{[/{repository}/search],methods=[HEAD],produces=[application/hal+json || application/json]}" onto public org.springframework.http.HttpEntity<?> org.springframework.data.rest.webmvc.RepositorySearchController.headForSearches(org.springframework.data.rest.webmvc.RootResourceInformation)
2018-03-31 21:07:07.934  INFO 15922 --- [           main] o.s.d.r.w.RepositoryRestHandlerMapping   : Mapped "{[/ || ],methods=[GET],produces=[application/hal+json || application/json]}" onto public org.springframework.http.HttpEntity<org.springframework.data.rest.webmvc.RepositoryLinksResource> org.springframework.data.rest.webmvc.RepositoryController.listRepositories()
2018-03-31 21:07:07.934  INFO 15922 --- [           main] o.s.d.r.w.RepositoryRestHandlerMapping   : Mapped "{[/ || ],methods=[OPTIONS],produces=[application/hal+json || application/json]}" onto public org.springframework.http.HttpEntity<?> org.springframework.data.rest.webmvc.RepositoryController.optionsForRepositories()
2018-03-31 21:07:07.934  INFO 15922 --- [           main] o.s.d.r.w.RepositoryRestHandlerMapping   : Mapped "{[/ || ],methods=[HEAD],produces=[application/hal+json || application/json]}" onto public org.springframework.http.ResponseEntity<?> org.springframework.data.rest.webmvc.RepositoryController.headForRepositories()
2018-03-31 21:07:07.935  INFO 15922 --- [           main] o.s.d.r.w.RepositoryRestHandlerMapping   : Mapped "{[/{repository}],methods=[OPTIONS],produces=[application/hal+json || application/json]}" onto public org.springframework.http.ResponseEntity<?> org.springframework.data.rest.webmvc.RepositoryEntityController.optionsForCollectionResource(org.springframework.data.rest.webmvc.RootResourceInformation)
2018-03-31 21:07:07.935  INFO 15922 --- [           main] o.s.d.r.w.RepositoryRestHandlerMapping   : Mapped "{[/{repository}],methods=[HEAD],produces=[application/hal+json || application/json]}" onto public org.springframework.http.ResponseEntity<?> org.springframework.data.rest.webmvc.RepositoryEntityController.headCollectionResource(org.springframework.data.rest.webmvc.RootResourceInformation,org.springframework.data.rest.webmvc.support.DefaultedPageable) throws org.springframework.web.HttpRequestMethodNotSupportedException
2018-03-31 21:07:07.935  INFO 15922 --- [           main] o.s.d.r.w.RepositoryRestHandlerMapping   : Mapped "{[/{repository}],methods=[GET],produces=[application/hal+json || application/json]}" onto public org.springframework.hateoas.Resources<?> org.springframework.data.rest.webmvc.RepositoryEntityController.getCollectionResource(org.springframework.data.rest.webmvc.RootResourceInformation,org.springframework.data.rest.webmvc.support.DefaultedPageable,org.springframework.data.domain.Sort,org.springframework.data.rest.webmvc.PersistentEntityResourceAssembler) throws org.springframework.data.rest.webmvc.ResourceNotFoundException,org.springframework.web.HttpRequestMethodNotSupportedException
2018-03-31 21:07:07.935  INFO 15922 --- [           main] o.s.d.r.w.RepositoryRestHandlerMapping   : Mapped "{[/{repository}],methods=[GET],produces=[application/x-spring-data-compact+json || text/uri-list]}" onto public org.springframework.hateoas.Resources<?> org.springframework.data.rest.webmvc.RepositoryEntityController.getCollectionResourceCompact(org.springframework.data.rest.webmvc.RootResourceInformation,org.springframework.data.rest.webmvc.support.DefaultedPageable,org.springframework.data.domain.Sort,org.springframework.data.rest.webmvc.PersistentEntityResourceAssembler) throws org.springframework.data.rest.webmvc.ResourceNotFoundException,org.springframework.web.HttpRequestMethodNotSupportedException
2018-03-31 21:07:07.936  INFO 15922 --- [           main] o.s.d.r.w.RepositoryRestHandlerMapping   : Mapped "{[/{repository}],methods=[POST],produces=[application/hal+json || application/json]}" onto public org.springframework.http.ResponseEntity<org.springframework.hateoas.ResourceSupport> org.springframework.data.rest.webmvc.RepositoryEntityController.postCollectionResource(org.springframework.data.rest.webmvc.RootResourceInformation,org.springframework.data.rest.webmvc.PersistentEntityResource,org.springframework.data.rest.webmvc.PersistentEntityResourceAssembler,java.lang.String) throws org.springframework.web.HttpRequestMethodNotSupportedException
2018-03-31 21:07:07.936  INFO 15922 --- [           main] o.s.d.r.w.RepositoryRestHandlerMapping   : Mapped "{[/{repository}/{id}],methods=[OPTIONS],produces=[application/hal+json || application/json]}" onto public org.springframework.http.ResponseEntity<?> org.springframework.data.rest.webmvc.RepositoryEntityController.optionsForItemResource(org.springframework.data.rest.webmvc.RootResourceInformation)
2018-03-31 21:07:07.936  INFO 15922 --- [           main] o.s.d.r.w.RepositoryRestHandlerMapping   : Mapped "{[/{repository}/{id}],methods=[HEAD],produces=[application/hal+json || application/json]}" onto public org.springframework.http.ResponseEntity<?> org.springframework.data.rest.webmvc.RepositoryEntityController.headForItemResource(org.springframework.data.rest.webmvc.RootResourceInformation,java.io.Serializable,org.springframework.data.rest.webmvc.PersistentEntityResourceAssembler) throws org.springframework.web.HttpRequestMethodNotSupportedException
2018-03-31 21:07:07.936  INFO 15922 --- [           main] o.s.d.r.w.RepositoryRestHandlerMapping   : Mapped "{[/{repository}/{id}],methods=[GET],produces=[application/hal+json || application/json]}" onto public org.springframework.http.ResponseEntity<org.springframework.hateoas.Resource<?>> org.springframework.data.rest.webmvc.RepositoryEntityController.getItemResource(org.springframework.data.rest.webmvc.RootResourceInformation,java.io.Serializable,org.springframework.data.rest.webmvc.PersistentEntityResourceAssembler,org.springframework.http.HttpHeaders) throws org.springframework.web.HttpRequestMethodNotSupportedException
2018-03-31 21:07:07.936  INFO 15922 --- [           main] o.s.d.r.w.RepositoryRestHandlerMapping   : Mapped "{[/{repository}/{id}],methods=[PUT],produces=[application/hal+json || application/json]}" onto public org.springframework.http.ResponseEntity<? extends org.springframework.hateoas.ResourceSupport> org.springframework.data.rest.webmvc.RepositoryEntityController.putItemResource(org.springframework.data.rest.webmvc.RootResourceInformation,org.springframework.data.rest.webmvc.PersistentEntityResource,java.io.Serializable,org.springframework.data.rest.webmvc.PersistentEntityResourceAssembler,org.springframework.data.rest.webmvc.support.ETag,java.lang.String) throws org.springframework.web.HttpRequestMethodNotSupportedException
2018-03-31 21:07:07.937  INFO 15922 --- [           main] o.s.d.r.w.RepositoryRestHandlerMapping   : Mapped "{[/{repository}/{id}],methods=[PATCH],produces=[application/hal+json || application/json]}" onto public org.springframework.http.ResponseEntity<org.springframework.hateoas.ResourceSupport> org.springframework.data.rest.webmvc.RepositoryEntityController.patchItemResource(org.springframework.data.rest.webmvc.RootResourceInformation,org.springframework.data.rest.webmvc.PersistentEntityResource,java.io.Serializable,org.springframework.data.rest.webmvc.PersistentEntityResourceAssembler,org.springframework.data.rest.webmvc.support.ETag,java.lang.String) throws org.springframework.web.HttpRequestMethodNotSupportedException,org.springframework.data.rest.webmvc.ResourceNotFoundException
2018-03-31 21:07:07.937  INFO 15922 --- [           main] o.s.d.r.w.RepositoryRestHandlerMapping   : Mapped "{[/{repository}/{id}],methods=[DELETE],produces=[application/hal+json || application/json]}" onto public org.springframework.http.ResponseEntity<?> org.springframework.data.rest.webmvc.RepositoryEntityController.deleteItemResource(org.springframework.data.rest.webmvc.RootResourceInformation,java.io.Serializable,org.springframework.data.rest.webmvc.support.ETag) throws org.springframework.data.rest.webmvc.ResourceNotFoundException,org.springframework.web.HttpRequestMethodNotSupportedException
2018-03-31 21:07:07.940  INFO 15922 --- [           main] o.s.d.r.w.BasePathAwareHandlerMapping    : Mapped "{[/profile/{repository}],methods=[OPTIONS],produces=[application/alps+json]}" onto org.springframework.http.HttpEntity<?> org.springframework.data.rest.webmvc.alps.AlpsController.alpsOptions()
2018-03-31 21:07:07.940  INFO 15922 --- [           main] o.s.d.r.w.BasePathAwareHandlerMapping    : Mapped "{[/profile/{repository}],methods=[GET],produces=[application/alps+json || */*]}" onto org.springframework.http.HttpEntity<org.springframework.data.rest.webmvc.RootResourceInformation> org.springframework.data.rest.webmvc.alps.AlpsController.descriptor(org.springframework.data.rest.webmvc.RootResourceInformation)
2018-03-31 21:07:07.940  INFO 15922 --- [           main] o.s.d.r.w.BasePathAwareHandlerMapping    : Mapped "{[/profile/{repository}],methods=[GET],produces=[application/schema+json]}" onto public org.springframework.http.HttpEntity<org.springframework.data.rest.webmvc.json.JsonSchema> org.springframework.data.rest.webmvc.RepositorySchemaController.schema(org.springframework.data.rest.webmvc.RootResourceInformation)
2018-03-31 21:07:07.940  INFO 15922 --- [           main] o.s.d.r.w.BasePathAwareHandlerMapping    : Mapped "{[/profile],methods=[OPTIONS]}" onto public org.springframework.http.HttpEntity<?> org.springframework.data.rest.webmvc.ProfileController.profileOptions()
2018-03-31 21:07:07.940  INFO 15922 --- [           main] o.s.d.r.w.BasePathAwareHandlerMapping    : Mapped "{[/profile],methods=[GET]}" onto org.springframework.http.HttpEntity<org.springframework.hateoas.ResourceSupport> org.springframework.data.rest.webmvc.ProfileController.listAllFormsOfMetadata()
2018-03-31 21:07:08.088  INFO 15922 --- [           main] o.h.h.i.QueryTranslatorFactoryInitiator  : HHH000397: Using ASTQueryTranslatorFactory
2018-03-31 21:07:08.171  INFO 15922 --- [           main] edu.harvard.h2ms.web.init.OAuthTest      : Started OAuthTest in 2.709 seconds (JVM running for 25.875)
2018-03-31 21:07:08.177  INFO 15922 --- [           main] o.s.b.t.m.w.SpringBootMockServletContext : Initializing Spring FrameworkServlet ''
2018-03-31 21:07:08.177  INFO 15922 --- [           main] o.s.t.web.servlet.TestDispatcherServlet  : FrameworkServlet '': initialization started
2018-03-31 21:07:08.184  INFO 15922 --- [           main] o.s.t.web.servlet.TestDispatcherServlet  : FrameworkServlet '': initialization completed in 7 ms
2018-03-31 21:07:08.273  INFO 15922 --- [           main] o.s.w.c.s.GenericWebApplicationContext   : Closing org.springframework.web.context.support.GenericWebApplicationContext@7a0daf3d: startup date [Sat Mar 31 21:07:05 EDT 2018]; root of context hierarchy
2018-03-31 21:07:08.276  INFO 15922 --- [           main] j.LocalContainerEntityManagerFactoryBean : Closing JPA EntityManagerFactory for persistence unit 'default'
2018-03-31 21:07:08.276  INFO 15922 --- [           main] org.hibernate.tool.hbm2ddl.SchemaExport  : HHH000227: Running hbm2ddl schema export
2018-03-31 21:07:08.280  INFO 15922 --- [           main] org.hibernate.tool.hbm2ddl.SchemaExport  : HHH000230: Schema export complete

  .   ____          _            __ _ _
 /\\ / ___'_ __ _ _(_)_ __  __ _ \ \ \ \
( ( )\___ | '_ | '_| | '_ \/ _` | \ \ \ \
 \\/  ___)| |_)| | | | | || (_| |  ) ) ) )
  '  |____| .__|_| |_|_| |_\__, | / / / /
 =========|_|==============|___/=/_/_/_/
 :: Spring Boot ::       (v1.5.10.RELEASE)

2018-03-31 21:07:08.334  INFO 15922 --- [           main] edu.harvard.h2ms.web.init.OAuthTest      : Starting OAuthTest on ancient.bitbin.de with PID 15922 (started by stbenjam in /home/stbenjam/git/h2ms)
2018-03-31 21:07:08.334  INFO 15922 --- [           main] edu.harvard.h2ms.web.init.OAuthTest      : No active profile set, falling back to default profiles: default
2018-03-31 21:07:08.335  INFO 15922 --- [           main] o.s.w.c.s.GenericWebApplicationContext   : Refreshing org.springframework.web.context.support.GenericWebApplicationContext@3ffac12a: startup date [Sat Mar 31 21:07:08 EDT 2018]; root of context hierarchy
2018-03-31 21:07:08.369  INFO 15922 --- [           main] o.s.c.a.ConfigurationClassParser         : Properties location [classpath:mailserver.properties] not resolvable: class path resource [mailserver.properties] cannot be opened because it does not exist
2018-03-31 21:07:08.553  INFO 15922 --- [           main] o.s.b.f.s.DefaultListableBeanFactory     : Overriding bean definition for bean 'httpRequestHandlerAdapter' with a different definition: replacing [Root bean: class [null]; scope=; abstract=false; lazyInit=false; autowireMode=3; dependencyCheck=0; autowireCandidate=true; primary=false; factoryBeanName=org.springframework.boot.autoconfigure.web.WebMvcAutoConfiguration$EnableWebMvcConfiguration; factoryMethodName=httpRequestHandlerAdapter; initMethodName=null; destroyMethodName=(inferred); defined in class path resource [org/springframework/boot/autoconfigure/web/WebMvcAutoConfiguration$EnableWebMvcConfiguration.class]] with [Root bean: class [null]; scope=; abstract=false; lazyInit=false; autowireMode=3; dependencyCheck=0; autowireCandidate=true; primary=false; factoryBeanName=org.springframework.data.rest.webmvc.config.RepositoryRestMvcConfiguration; factoryMethodName=httpRequestHandlerAdapter; initMethodName=null; destroyMethodName=(inferred); defined in class path resource [org/springframework/data/rest/webmvc/config/RepositoryRestMvcConfiguration.class]]
2018-03-31 21:07:08.652  INFO 15922 --- [           main] trationDelegate$BeanPostProcessorChecker : Bean 'org.springframework.transaction.annotation.ProxyTransactionManagementConfiguration' of type [org.springframework.transaction.annotation.ProxyTransactionManagementConfiguration$$EnhancerBySpringCGLIB$$2ed2379b] is not eligible for getting processed by all BeanPostProcessors (for example: not eligible for auto-proxying)
2018-03-31 21:07:08.669  INFO 15922 --- [           main] trationDelegate$BeanPostProcessorChecker : Bean 'org.springframework.security.config.annotation.configuration.ObjectPostProcessorConfiguration' of type [org.springframework.security.config.annotation.configuration.ObjectPostProcessorConfiguration$$EnhancerBySpringCGLIB$$c77fffd5] is not eligible for getting processed by all BeanPostProcessors (for example: not eligible for auto-proxying)
2018-03-31 21:07:08.675  INFO 15922 --- [           main] trationDelegate$BeanPostProcessorChecker : Bean 'objectPostProcessor' of type [org.springframework.security.config.annotation.configuration.AutowireBeanFactoryObjectPostProcessor] is not eligible for getting processed by all BeanPostProcessors (for example: not eligible for auto-proxying)
2018-03-31 21:07:08.678  INFO 15922 --- [           main] trationDelegate$BeanPostProcessorChecker : Bean 'org.springframework.security.access.expression.method.DefaultMethodSecurityExpressionHandler@2665ba0d' of type [org.springframework.security.oauth2.provider.expression.OAuth2MethodSecurityExpressionHandler] is not eligible for getting processed by all BeanPostProcessors (for example: not eligible for auto-proxying)
2018-03-31 21:07:08.694  INFO 15922 --- [           main] trationDelegate$BeanPostProcessorChecker : Bean 'org.springframework.security.config.annotation.method.configuration.GlobalMethodSecurityConfiguration' of type [org.springframework.security.config.annotation.method.configuration.GlobalMethodSecurityConfiguration$$EnhancerBySpringCGLIB$$ec54a287] is not eligible for getting processed by all BeanPostProcessors (for example: not eligible for auto-proxying)
2018-03-31 21:07:08.697  INFO 15922 --- [           main] trationDelegate$BeanPostProcessorChecker : Bean 'methodSecurityMetadataSource' of type [org.springframework.security.access.method.DelegatingMethodSecurityMetadataSource] is not eligible for getting processed by all BeanPostProcessors (for example: not eligible for auto-proxying)
2018-03-31 21:07:08.723  INFO 15922 --- [           main] trationDelegate$BeanPostProcessorChecker : Bean 'security.oauth2.client-org.springframework.boot.autoconfigure.security.oauth2.OAuth2ClientProperties' of type [org.springframework.boot.autoconfigure.security.oauth2.OAuth2ClientProperties] is not eligible for getting processed by all BeanPostProcessors (for example: not eligible for auto-proxying)
2018-03-31 21:07:08.735  INFO 15922 --- [           main] trationDelegate$BeanPostProcessorChecker : Bean 'org.springframework.boot.autoconfigure.security.oauth2.OAuth2AutoConfiguration' of type [org.springframework.boot.autoconfigure.security.oauth2.OAuth2AutoConfiguration$$EnhancerBySpringCGLIB$$e61bf39b] is not eligible for getting processed by all BeanPostProcessors (for example: not eligible for auto-proxying)
2018-03-31 21:07:08.747  INFO 15922 --- [           main] trationDelegate$BeanPostProcessorChecker : Bean 'resourceServerProperties' of type [org.springframework.boot.autoconfigure.security.oauth2.resource.ResourceServerProperties] is not eligible for getting processed by all BeanPostProcessors (for example: not eligible for auto-proxying)
2018-03-31 21:07:08.894  INFO 15922 --- [           main] j.LocalContainerEntityManagerFactoryBean : Building JPA container EntityManagerFactory for persistence unit 'default'
2018-03-31 21:07:08.894  INFO 15922 --- [           main] o.hibernate.jpa.internal.util.LogHelper  : HHH000204: Processing PersistenceUnitInfo [
	name: default
	...]
2018-03-31 21:07:08.899  INFO 15922 --- [           main] org.hibernate.dialect.Dialect            : HHH000400: Using dialect: org.hibernate.dialect.H2Dialect
2018-03-31 21:07:08.963  INFO 15922 --- [           main] org.hibernate.tool.hbm2ddl.SchemaExport  : HHH000227: Running hbm2ddl schema export
2018-03-31 21:07:08.975  INFO 15922 --- [           main] org.hibernate.tool.hbm2ddl.SchemaExport  : HHH000230: Schema export complete
2018-03-31 21:07:08.980  WARN 15922 --- [           main] o.h.j.i.EntityManagerFactoryRegistry     : HHH000436: Entity manager factory name (default) is already registered.  If entity manager will be clustered or passivated, specify a unique value for property 'hibernate.ejb.entitymanager_factory_name'
2018-03-31 21:07:08.981  INFO 15922 --- [           main] j.LocalContainerEntityManagerFactoryBean : Initialized JPA EntityManagerFactory for persistence unit 'default'
2018-03-31 21:07:09.578  INFO 15922 --- [           main] .s.o.p.e.FrameworkEndpointHandlerMapping : Mapped "{[/oauth/authorize]}" onto public org.springframework.web.servlet.ModelAndView org.springframework.security.oauth2.provider.endpoint.AuthorizationEndpoint.authorize(java.util.Map<java.lang.String, java.lang.Object>,java.util.Map<java.lang.String, java.lang.String>,org.springframework.web.bind.support.SessionStatus,java.security.Principal)
2018-03-31 21:07:09.578  INFO 15922 --- [           main] .s.o.p.e.FrameworkEndpointHandlerMapping : Mapped "{[/oauth/authorize],methods=[POST],params=[user_oauth_approval]}" onto public org.springframework.web.servlet.View org.springframework.security.oauth2.provider.endpoint.AuthorizationEndpoint.approveOrDeny(java.util.Map<java.lang.String, java.lang.String>,java.util.Map<java.lang.String, ?>,org.springframework.web.bind.support.SessionStatus,java.security.Principal)
2018-03-31 21:07:09.579  INFO 15922 --- [           main] .s.o.p.e.FrameworkEndpointHandlerMapping : Mapped "{[/oauth/token],methods=[GET]}" onto public org.springframework.http.ResponseEntity<org.springframework.security.oauth2.common.OAuth2AccessToken> org.springframework.security.oauth2.provider.endpoint.TokenEndpoint.getAccessToken(java.security.Principal,java.util.Map<java.lang.String, java.lang.String>) throws org.springframework.web.HttpRequestMethodNotSupportedException
2018-03-31 21:07:09.579  INFO 15922 --- [           main] .s.o.p.e.FrameworkEndpointHandlerMapping : Mapped "{[/oauth/token],methods=[POST]}" onto public org.springframework.http.ResponseEntity<org.springframework.security.oauth2.common.OAuth2AccessToken> org.springframework.security.oauth2.provider.endpoint.TokenEndpoint.postAccessToken(java.security.Principal,java.util.Map<java.lang.String, java.lang.String>) throws org.springframework.web.HttpRequestMethodNotSupportedException
2018-03-31 21:07:09.579  INFO 15922 --- [           main] .s.o.p.e.FrameworkEndpointHandlerMapping : Mapped "{[/oauth/check_token]}" onto public java.util.Map<java.lang.String, ?> org.springframework.security.oauth2.provider.endpoint.CheckTokenEndpoint.checkToken(java.lang.String)
2018-03-31 21:07:09.579  INFO 15922 --- [           main] .s.o.p.e.FrameworkEndpointHandlerMapping : Mapped "{[/oauth/confirm_access]}" onto public org.springframework.web.servlet.ModelAndView org.springframework.security.oauth2.provider.endpoint.WhitelabelApprovalEndpoint.getAccessConfirmation(java.util.Map<java.lang.String, java.lang.Object>,javax.servlet.http.HttpServletRequest) throws java.lang.Exception
2018-03-31 21:07:09.579  INFO 15922 --- [           main] .s.o.p.e.FrameworkEndpointHandlerMapping : Mapped "{[/oauth/error]}" onto public org.springframework.web.servlet.ModelAndView org.springframework.security.oauth2.provider.endpoint.WhitelabelErrorEndpoint.handleError(javax.servlet.http.HttpServletRequest)
2018-03-31 21:07:09.844  INFO 15922 --- [           main] o.s.s.web.DefaultSecurityFilterChain     : Creating filter chain: Ant [pattern='/'], []
2018-03-31 21:07:09.844  INFO 15922 --- [           main] o.s.s.web.DefaultSecurityFilterChain     : Creating filter chain: Ant [pattern='/login'], []
2018-03-31 21:07:09.844  INFO 15922 --- [           main] o.s.s.web.DefaultSecurityFilterChain     : Creating filter chain: Ant [pattern='/webjars/**'], []
2018-03-31 21:07:09.844  INFO 15922 --- [           main] o.s.s.web.DefaultSecurityFilterChain     : Creating filter chain: Ant [pattern='/api/passwords/**'], []
2018-03-31 21:07:09.844  INFO 15922 --- [           main] o.s.s.web.DefaultSecurityFilterChain     : Creating filter chain: Ant [pattern='/swagger-resources'], []
2018-03-31 21:07:09.844  INFO 15922 --- [           main] o.s.s.web.DefaultSecurityFilterChain     : Creating filter chain: Ant [pattern='/swagger-resources/**'], []
2018-03-31 21:07:09.844  INFO 15922 --- [           main] o.s.s.web.DefaultSecurityFilterChain     : Creating filter chain: Ant [pattern='/swagger-ui.html'], []
2018-03-31 21:07:09.844  INFO 15922 --- [           main] o.s.s.web.DefaultSecurityFilterChain     : Creating filter chain: Ant [pattern='/v2/api-docs'], []
2018-03-31 21:07:09.844  INFO 15922 --- [           main] o.s.s.web.DefaultSecurityFilterChain     : Creating filter chain: Ant [pattern='/**', OPTIONS], []
2018-03-31 21:07:09.899  INFO 15922 --- [           main] o.s.s.web.DefaultSecurityFilterChain     : Creating filter chain: OrRequestMatcher [requestMatchers=[Ant [pattern='/oauth/token'], Ant [pattern='/oauth/token_key'], Ant [pattern='/oauth/check_token']]], [org.springframework.security.web.context.request.async.WebAsyncManagerIntegrationFilter@39471400, org.springframework.security.web.context.SecurityContextPersistenceFilter@71d4528b, org.springframework.security.web.header.HeaderWriterFilter@14605d0d, org.springframework.security.web.authentication.logout.LogoutFilter@55947b77, org.springframework.security.web.authentication.www.BasicAuthenticationFilter@5f03144a, org.springframework.security.web.savedrequest.RequestCacheAwareFilter@48c10d3, org.springframework.security.web.servletapi.SecurityContextHolderAwareRequestFilter@1212bd7a, org.springframework.security.web.authentication.AnonymousAuthenticationFilter@726dcf2c, org.springframework.security.web.session.SessionManagementFilter@3d6f45da, org.springframework.security.web.access.ExceptionTranslationFilter@5a65e913, org.springframework.security.web.access.intercept.FilterSecurityInterceptor@344862e]
2018-03-31 21:07:09.913  INFO 15922 --- [           main] o.s.s.web.DefaultSecurityFilterChain     : Creating filter chain: org.springframework.security.oauth2.config.annotation.web.configuration.ResourceServerConfiguration$NotOAuthRequestMatcher@62b76443, [org.springframework.security.web.context.request.async.WebAsyncManagerIntegrationFilter@50738e64, org.springframework.security.web.context.SecurityContextPersistenceFilter@1461be0c, org.springframework.security.web.header.HeaderWriterFilter@1668ba45, org.springframework.security.web.authentication.logout.LogoutFilter@6ca3957a, org.springframework.security.oauth2.provider.authentication.OAuth2AuthenticationProcessingFilter@6cee43d8, org.springframework.security.web.savedrequest.RequestCacheAwareFilter@d426231, org.springframework.security.web.servletapi.SecurityContextHolderAwareRequestFilter@5e2b5b4e, org.springframework.security.web.authentication.AnonymousAuthenticationFilter@1e40d2b7, org.springframework.security.web.session.SessionManagementFilter@26428f0e, org.springframework.security.web.access.ExceptionTranslationFilter@7fdcccd5, org.springframework.security.web.access.intercept.FilterSecurityInterceptor@7c590893]
2018-03-31 21:07:09.915  INFO 15922 --- [           main] o.s.s.web.DefaultSecurityFilterChain     : Creating filter chain: org.springframework.security.web.util.matcher.AnyRequestMatcher@1, [org.springframework.security.web.access.intercept.FilterSecurityInterceptor@474e0ab4]
2018-03-31 21:07:10.161  INFO 15922 --- [           main] s.w.s.m.m.a.RequestMappingHandlerAdapter : Looking for @ControllerAdvice: org.springframework.web.context.support.GenericWebApplicationContext@3ffac12a: startup date [Sat Mar 31 21:07:08 EDT 2018]; root of context hierarchy
2018-03-31 21:07:10.186  INFO 15922 --- [           main] s.w.s.m.m.a.RequestMappingHandlerMapping : Mapped "{[/events/count/{timeframe}],methods=[GET]}" onto public org.springframework.http.ResponseEntity<?> edu.harvard.h2ms.web.controller.EventController.findEventCountByTimeframe(java.lang.String)
2018-03-31 21:07:10.186  INFO 15922 --- [           main] s.w.s.m.m.a.RequestMappingHandlerMapping : Mapped "{[/events/compliance/{questionId}/{timeframe}],methods=[GET]}" onto public org.springframework.http.ResponseEntity<?> edu.harvard.h2ms.web.controller.EventController.findComplianceByTimeframe(java.lang.String,java.lang.Long)
2018-03-31 21:07:10.187  INFO 15922 --- [           main] s.w.s.m.m.a.RequestMappingHandlerMapping : Mapped "{[/api/passwords/reset/{email:.+}],methods=[GET]}" onto public org.springframework.http.ResponseEntity<java.lang.Object> edu.harvard.h2ms.web.controller.PasswordController.getPasswordResetToken(java.lang.String)
2018-03-31 21:07:10.187  INFO 15922 --- [           main] s.w.s.m.m.a.RequestMappingHandlerMapping : Mapped "{[/api/passwords/reset/token],methods=[POST]}" onto public org.springframework.http.ResponseEntity<java.lang.Object> edu.harvard.h2ms.web.controller.PasswordController.resetPasswordViaToken(java.util.Map<java.lang.String, java.lang.String>)
2018-03-31 21:07:10.187  INFO 15922 --- [           main] s.w.s.m.m.a.RequestMappingHandlerMapping : Mapped "{[/users/avgWashed],methods=[GET]}" onto public java.util.Map<java.lang.String, java.lang.Double> edu.harvard.h2ms.web.controller.UserController.findAvgWashCompliance()
2018-03-31 21:07:10.188  INFO 15922 --- [           main] s.w.s.m.m.a.RequestMappingHandlerMapping : Mapped "{[/error],produces=[text/html]}" onto public org.springframework.web.servlet.ModelAndView org.springframework.boot.autoconfigure.web.BasicErrorController.errorHtml(javax.servlet.http.HttpServletRequest,javax.servlet.http.HttpServletResponse)
2018-03-31 21:07:10.190  INFO 15922 --- [           main] s.w.s.m.m.a.RequestMappingHandlerMapping : Mapped "{[/error]}" onto public org.springframework.http.ResponseEntity<java.util.Map<java.lang.String, java.lang.Object>> org.springframework.boot.autoconfigure.web.BasicErrorController.error(javax.servlet.http.HttpServletRequest)
2018-03-31 21:07:10.260  INFO 15922 --- [           main] o.s.w.s.handler.SimpleUrlHandlerMapping  : Mapped URL path [/webjars/**] onto handler of type [class org.springframework.web.servlet.resource.ResourceHttpRequestHandler]
2018-03-31 21:07:10.260  INFO 15922 --- [           main] o.s.w.s.handler.SimpleUrlHandlerMapping  : Mapped URL path [/**] onto handler of type [class org.springframework.web.servlet.resource.ResourceHttpRequestHandler]
2018-03-31 21:07:10.284  INFO 15922 --- [           main] .m.m.a.ExceptionHandlerExceptionResolver : Detected @ExceptionHandler methods in exceptionHandlingController
2018-03-31 21:07:10.284  INFO 15922 --- [           main] .m.m.a.ExceptionHandlerExceptionResolver : Detected @ExceptionHandler methods in repositoryRestExceptionHandler
2018-03-31 21:07:10.347  INFO 15922 --- [           main] o.s.w.s.handler.SimpleUrlHandlerMapping  : Mapped URL path [/**/favicon.ico] onto handler of type [class org.springframework.web.servlet.resource.ResourceHttpRequestHandler]
2018-03-31 21:07:10.387  WARN 15922 --- [           main] .t.AbstractTemplateResolverConfiguration : Cannot find template location: classpath:/templates/ (please add some templates or check your Thymeleaf configuration)
2018-03-31 21:07:10.508  INFO 15922 --- [           main] o.s.d.r.w.RepositoryRestHandlerAdapter   : Looking for @ControllerAdvice: org.springframework.web.context.support.GenericWebApplicationContext@3ffac12a: startup date [Sat Mar 31 21:07:08 EDT 2018]; root of context hierarchy
2018-03-31 21:07:10.544  INFO 15922 --- [           main] o.s.d.r.w.RepositoryRestHandlerMapping   : Mapped "{[/{repository}/{id}/{property}],methods=[GET],produces=[application/hal+json || application/json]}" onto public org.springframework.http.ResponseEntity<org.springframework.hateoas.ResourceSupport> org.springframework.data.rest.webmvc.RepositoryPropertyReferenceController.followPropertyReference(org.springframework.data.rest.webmvc.RootResourceInformation,java.io.Serializable,java.lang.String,org.springframework.data.rest.webmvc.PersistentEntityResourceAssembler) throws java.lang.Exception
2018-03-31 21:07:10.546  INFO 15922 --- [           main] o.s.d.r.w.RepositoryRestHandlerMapping   : Mapped "{[/{repository}/{id}/{property}/{propertyId}],methods=[GET],produces=[application/hal+json || application/json]}" onto public org.springframework.http.ResponseEntity<org.springframework.hateoas.ResourceSupport> org.springframework.data.rest.webmvc.RepositoryPropertyReferenceController.followPropertyReference(org.springframework.data.rest.webmvc.RootResourceInformation,java.io.Serializable,java.lang.String,java.lang.String,org.springframework.data.rest.webmvc.PersistentEntityResourceAssembler) throws java.lang.Exception
2018-03-31 21:07:10.546  INFO 15922 --- [           main] o.s.d.r.w.RepositoryRestHandlerMapping   : Mapped "{[/{repository}/{id}/{property}],methods=[DELETE],produces=[application/hal+json || application/json]}" onto public org.springframework.http.ResponseEntity<? extends org.springframework.hateoas.ResourceSupport> org.springframework.data.rest.webmvc.RepositoryPropertyReferenceController.deletePropertyReference(org.springframework.data.rest.webmvc.RootResourceInformation,java.io.Serializable,java.lang.String) throws java.lang.Exception
2018-03-31 21:07:10.546  INFO 15922 --- [           main] o.s.d.r.w.RepositoryRestHandlerMapping   : Mapped "{[/{repository}/{id}/{property}],methods=[GET],produces=[application/x-spring-data-compact+json || text/uri-list]}" onto public org.springframework.http.ResponseEntity<org.springframework.hateoas.ResourceSupport> org.springframework.data.rest.webmvc.RepositoryPropertyReferenceController.followPropertyReferenceCompact(org.springframework.data.rest.webmvc.RootResourceInformation,java.io.Serializable,java.lang.String,org.springframework.data.rest.webmvc.PersistentEntityResourceAssembler) throws java.lang.Exception
2018-03-31 21:07:10.546  INFO 15922 --- [           main] o.s.d.r.w.RepositoryRestHandlerMapping   : Mapped "{[/{repository}/{id}/{property}],methods=[PATCH || PUT || POST],consumes=[application/json || application/x-spring-data-compact+json || text/uri-list],produces=[application/hal+json || application/json]}" onto public org.springframework.http.ResponseEntity<? extends org.springframework.hateoas.ResourceSupport> org.springframework.data.rest.webmvc.RepositoryPropertyReferenceController.createPropertyReference(org.springframework.data.rest.webmvc.RootResourceInformation,org.springframework.http.HttpMethod,org.springframework.hateoas.Resources<java.lang.Object>,java.io.Serializable,java.lang.String) throws java.lang.Exception
2018-03-31 21:07:10.547  INFO 15922 --- [           main] o.s.d.r.w.RepositoryRestHandlerMapping   : Mapped "{[/{repository}/{id}/{property}/{propertyId}],methods=[DELETE],produces=[application/hal+json || application/json]}" onto public org.springframework.http.ResponseEntity<org.springframework.hateoas.ResourceSupport> org.springframework.data.rest.webmvc.RepositoryPropertyReferenceController.deletePropertyReferenceId(org.springframework.data.rest.webmvc.RootResourceInformation,java.io.Serializable,java.lang.String,java.lang.String) throws java.lang.Exception
2018-03-31 21:07:10.547  INFO 15922 --- [           main] o.s.d.r.w.RepositoryRestHandlerMapping   : Mapped "{[/{repository}/search/{search}],methods=[GET],produces=[application/hal+json || application/json]}" onto public org.springframework.http.ResponseEntity<?> org.springframework.data.rest.webmvc.RepositorySearchController.executeSearch(org.springframework.data.rest.webmvc.RootResourceInformation,org.springframework.util.MultiValueMap<java.lang.String, java.lang.Object>,java.lang.String,org.springframework.data.rest.webmvc.support.DefaultedPageable,org.springframework.data.domain.Sort,org.springframework.data.rest.webmvc.PersistentEntityResourceAssembler,org.springframework.http.HttpHeaders)
2018-03-31 21:07:10.548  INFO 15922 --- [           main] o.s.d.r.w.RepositoryRestHandlerMapping   : Mapped "{[/{repository}/search],methods=[OPTIONS],produces=[application/hal+json || application/json]}" onto public org.springframework.http.HttpEntity<?> org.springframework.data.rest.webmvc.RepositorySearchController.optionsForSearches(org.springframework.data.rest.webmvc.RootResourceInformation)
2018-03-31 21:07:10.548  INFO 15922 --- [           main] o.s.d.r.w.RepositoryRestHandlerMapping   : Mapped "{[/{repository}/search/{search}],methods=[GET],produces=[application/x-spring-data-compact+json]}" onto public org.springframework.hateoas.ResourceSupport org.springframework.data.rest.webmvc.RepositorySearchController.executeSearchCompact(org.springframework.data.rest.webmvc.RootResourceInformation,org.springframework.http.HttpHeaders,org.springframework.util.MultiValueMap<java.lang.String, java.lang.Object>,java.lang.String,java.lang.String,org.springframework.data.rest.webmvc.support.DefaultedPageable,org.springframework.data.domain.Sort,org.springframework.data.rest.webmvc.PersistentEntityResourceAssembler)
2018-03-31 21:07:10.548  INFO 15922 --- [           main] o.s.d.r.w.RepositoryRestHandlerMapping   : Mapped "{[/{repository}/search/{search}],methods=[OPTIONS],produces=[application/hal+json || application/json]}" onto public org.springframework.http.ResponseEntity<java.lang.Object> org.springframework.data.rest.webmvc.RepositorySearchController.optionsForSearch(org.springframework.data.rest.webmvc.RootResourceInformation,java.lang.String)
2018-03-31 21:07:10.548  INFO 15922 --- [           main] o.s.d.r.w.RepositoryRestHandlerMapping   : Mapped "{[/{repository}/search/{search}],methods=[HEAD],produces=[application/hal+json || application/json]}" onto public org.springframework.http.ResponseEntity<java.lang.Object> org.springframework.data.rest.webmvc.RepositorySearchController.headForSearch(org.springframework.data.rest.webmvc.RootResourceInformation,java.lang.String)
2018-03-31 21:07:10.548  INFO 15922 --- [           main] o.s.d.r.w.RepositoryRestHandlerMapping   : Mapped "{[/{repository}/search],methods=[GET],produces=[application/hal+json || application/json]}" onto public org.springframework.data.rest.webmvc.RepositorySearchesResource org.springframework.data.rest.webmvc.RepositorySearchController.listSearches(org.springframework.data.rest.webmvc.RootResourceInformation)
2018-03-31 21:07:10.549  INFO 15922 --- [           main] o.s.d.r.w.RepositoryRestHandlerMapping   : Mapped "{[/{repository}/search],methods=[HEAD],produces=[application/hal+json || application/json]}" onto public org.springframework.http.HttpEntity<?> org.springframework.data.rest.webmvc.RepositorySearchController.headForSearches(org.springframework.data.rest.webmvc.RootResourceInformation)
2018-03-31 21:07:10.549  INFO 15922 --- [           main] o.s.d.r.w.RepositoryRestHandlerMapping   : Mapped "{[/ || ],methods=[GET],produces=[application/hal+json || application/json]}" onto public org.springframework.http.HttpEntity<org.springframework.data.rest.webmvc.RepositoryLinksResource> org.springframework.data.rest.webmvc.RepositoryController.listRepositories()
2018-03-31 21:07:10.549  INFO 15922 --- [           main] o.s.d.r.w.RepositoryRestHandlerMapping   : Mapped "{[/ || ],methods=[OPTIONS],produces=[application/hal+json || application/json]}" onto public org.springframework.http.HttpEntity<?> org.springframework.data.rest.webmvc.RepositoryController.optionsForRepositories()
2018-03-31 21:07:10.549  INFO 15922 --- [           main] o.s.d.r.w.RepositoryRestHandlerMapping   : Mapped "{[/ || ],methods=[HEAD],produces=[application/hal+json || application/json]}" onto public org.springframework.http.ResponseEntity<?> org.springframework.data.rest.webmvc.RepositoryController.headForRepositories()
2018-03-31 21:07:10.551  INFO 15922 --- [           main] o.s.d.r.w.RepositoryRestHandlerMapping   : Mapped "{[/{repository}],methods=[OPTIONS],produces=[application/hal+json || application/json]}" onto public org.springframework.http.ResponseEntity<?> org.springframework.data.rest.webmvc.RepositoryEntityController.optionsForCollectionResource(org.springframework.data.rest.webmvc.RootResourceInformation)
2018-03-31 21:07:10.552  INFO 15922 --- [           main] o.s.d.r.w.RepositoryRestHandlerMapping   : Mapped "{[/{repository}],methods=[HEAD],produces=[application/hal+json || application/json]}" onto public org.springframework.http.ResponseEntity<?> org.springframework.data.rest.webmvc.RepositoryEntityController.headCollectionResource(org.springframework.data.rest.webmvc.RootResourceInformation,org.springframework.data.rest.webmvc.support.DefaultedPageable) throws org.springframework.web.HttpRequestMethodNotSupportedException
2018-03-31 21:07:10.553  INFO 15922 --- [           main] o.s.d.r.w.RepositoryRestHandlerMapping   : Mapped "{[/{repository}],methods=[GET],produces=[application/hal+json || application/json]}" onto public org.springframework.hateoas.Resources<?> org.springframework.data.rest.webmvc.RepositoryEntityController.getCollectionResource(org.springframework.data.rest.webmvc.RootResourceInformation,org.springframework.data.rest.webmvc.support.DefaultedPageable,org.springframework.data.domain.Sort,org.springframework.data.rest.webmvc.PersistentEntityResourceAssembler) throws org.springframework.data.rest.webmvc.ResourceNotFoundException,org.springframework.web.HttpRequestMethodNotSupportedException
2018-03-31 21:07:10.555  INFO 15922 --- [           main] o.s.d.r.w.RepositoryRestHandlerMapping   : Mapped "{[/{repository}],methods=[GET],produces=[application/x-spring-data-compact+json || text/uri-list]}" onto public org.springframework.hateoas.Resources<?> org.springframework.data.rest.webmvc.RepositoryEntityController.getCollectionResourceCompact(org.springframework.data.rest.webmvc.RootResourceInformation,org.springframework.data.rest.webmvc.support.DefaultedPageable,org.springframework.data.domain.Sort,org.springframework.data.rest.webmvc.PersistentEntityResourceAssembler) throws org.springframework.data.rest.webmvc.ResourceNotFoundException,org.springframework.web.HttpRequestMethodNotSupportedException
2018-03-31 21:07:10.557  INFO 15922 --- [           main] o.s.d.r.w.RepositoryRestHandlerMapping   : Mapped "{[/{repository}],methods=[POST],produces=[application/hal+json || application/json]}" onto public org.springframework.http.ResponseEntity<org.springframework.hateoas.ResourceSupport> org.springframework.data.rest.webmvc.RepositoryEntityController.postCollectionResource(org.springframework.data.rest.webmvc.RootResourceInformation,org.springframework.data.rest.webmvc.PersistentEntityResource,org.springframework.data.rest.webmvc.PersistentEntityResourceAssembler,java.lang.String) throws org.springframework.web.HttpRequestMethodNotSupportedException
2018-03-31 21:07:10.558  INFO 15922 --- [           main] o.s.d.r.w.RepositoryRestHandlerMapping   : Mapped "{[/{repository}/{id}],methods=[OPTIONS],produces=[application/hal+json || application/json]}" onto public org.springframework.http.ResponseEntity<?> org.springframework.data.rest.webmvc.RepositoryEntityController.optionsForItemResource(org.springframework.data.rest.webmvc.RootResourceInformation)
2018-03-31 21:07:10.558  INFO 15922 --- [           main] o.s.d.r.w.RepositoryRestHandlerMapping   : Mapped "{[/{repository}/{id}],methods=[HEAD],produces=[application/hal+json || application/json]}" onto public org.springframework.http.ResponseEntity<?> org.springframework.data.rest.webmvc.RepositoryEntityController.headForItemResource(org.springframework.data.rest.webmvc.RootResourceInformation,java.io.Serializable,org.springframework.data.rest.webmvc.PersistentEntityResourceAssembler) throws org.springframework.web.HttpRequestMethodNotSupportedException
2018-03-31 21:07:10.559  INFO 15922 --- [           main] o.s.d.r.w.RepositoryRestHandlerMapping   : Mapped "{[/{repository}/{id}],methods=[GET],produces=[application/hal+json || application/json]}" onto public org.springframework.http.ResponseEntity<org.springframework.hateoas.Resource<?>> org.springframework.data.rest.webmvc.RepositoryEntityController.getItemResource(org.springframework.data.rest.webmvc.RootResourceInformation,java.io.Serializable,org.springframework.data.rest.webmvc.PersistentEntityResourceAssembler,org.springframework.http.HttpHeaders) throws org.springframework.web.HttpRequestMethodNotSupportedException
2018-03-31 21:07:10.559  INFO 15922 --- [           main] o.s.d.r.w.RepositoryRestHandlerMapping   : Mapped "{[/{repository}/{id}],methods=[PUT],produces=[application/hal+json || application/json]}" onto public org.springframework.http.ResponseEntity<? extends org.springframework.hateoas.ResourceSupport> org.springframework.data.rest.webmvc.RepositoryEntityController.putItemResource(org.springframework.data.rest.webmvc.RootResourceInformation,org.springframework.data.rest.webmvc.PersistentEntityResource,java.io.Serializable,org.springframework.data.rest.webmvc.PersistentEntityResourceAssembler,org.springframework.data.rest.webmvc.support.ETag,java.lang.String) throws org.springframework.web.HttpRequestMethodNotSupportedException
2018-03-31 21:07:10.559  INFO 15922 --- [           main] o.s.d.r.w.RepositoryRestHandlerMapping   : Mapped "{[/{repository}/{id}],methods=[PATCH],produces=[application/hal+json || application/json]}" onto public org.springframework.http.ResponseEntity<org.springframework.hateoas.ResourceSupport> org.springframework.data.rest.webmvc.RepositoryEntityController.patchItemResource(org.springframework.data.rest.webmvc.RootResourceInformation,org.springframework.data.rest.webmvc.PersistentEntityResource,java.io.Serializable,org.springframework.data.rest.webmvc.PersistentEntityResourceAssembler,org.springframework.data.rest.webmvc.support.ETag,java.lang.String) throws org.springframework.web.HttpRequestMethodNotSupportedException,org.springframework.data.rest.webmvc.ResourceNotFoundException
2018-03-31 21:07:10.559  INFO 15922 --- [           main] o.s.d.r.w.RepositoryRestHandlerMapping   : Mapped "{[/{repository}/{id}],methods=[DELETE],produces=[application/hal+json || application/json]}" onto public org.springframework.http.ResponseEntity<?> org.springframework.data.rest.webmvc.RepositoryEntityController.deleteItemResource(org.springframework.data.rest.webmvc.RootResourceInformation,java.io.Serializable,org.springframework.data.rest.webmvc.support.ETag) throws org.springframework.data.rest.webmvc.ResourceNotFoundException,org.springframework.web.HttpRequestMethodNotSupportedException
2018-03-31 21:07:10.562  INFO 15922 --- [           main] o.s.d.r.w.BasePathAwareHandlerMapping    : Mapped "{[/profile/{repository}],methods=[OPTIONS],produces=[application/alps+json]}" onto org.springframework.http.HttpEntity<?> org.springframework.data.rest.webmvc.alps.AlpsController.alpsOptions()
2018-03-31 21:07:10.562  INFO 15922 --- [           main] o.s.d.r.w.BasePathAwareHandlerMapping    : Mapped "{[/profile/{repository}],methods=[GET],produces=[application/alps+json || */*]}" onto org.springframework.http.HttpEntity<org.springframework.data.rest.webmvc.RootResourceInformation> org.springframework.data.rest.webmvc.alps.AlpsController.descriptor(org.springframework.data.rest.webmvc.RootResourceInformation)
2018-03-31 21:07:10.562  INFO 15922 --- [           main] o.s.d.r.w.BasePathAwareHandlerMapping    : Mapped "{[/profile/{repository}],methods=[GET],produces=[application/schema+json]}" onto public org.springframework.http.HttpEntity<org.springframework.data.rest.webmvc.json.JsonSchema> org.springframework.data.rest.webmvc.RepositorySchemaController.schema(org.springframework.data.rest.webmvc.RootResourceInformation)
2018-03-31 21:07:10.562  INFO 15922 --- [           main] o.s.d.r.w.BasePathAwareHandlerMapping    : Mapped "{[/profile],methods=[OPTIONS]}" onto public org.springframework.http.HttpEntity<?> org.springframework.data.rest.webmvc.ProfileController.profileOptions()
2018-03-31 21:07:10.563  INFO 15922 --- [           main] o.s.d.r.w.BasePathAwareHandlerMapping    : Mapped "{[/profile],methods=[GET]}" onto org.springframework.http.HttpEntity<org.springframework.hateoas.ResourceSupport> org.springframework.data.rest.webmvc.ProfileController.listAllFormsOfMetadata()
2018-03-31 21:07:10.703  INFO 15922 --- [           main] o.h.h.i.QueryTranslatorFactoryInitiator  : HHH000397: Using ASTQueryTranslatorFactory
2018-03-31 21:07:10.792  INFO 15922 --- [           main] edu.harvard.h2ms.web.init.OAuthTest      : Started OAuthTest in 2.508 seconds (JVM running for 28.495)
2018-03-31 21:07:10.797  INFO 15922 --- [           main] o.s.b.t.m.w.SpringBootMockServletContext : Initializing Spring FrameworkServlet ''
2018-03-31 21:07:10.797  INFO 15922 --- [           main] o.s.t.web.servlet.TestDispatcherServlet  : FrameworkServlet '': initialization started
2018-03-31 21:07:10.805  INFO 15922 --- [           main] o.s.t.web.servlet.TestDispatcherServlet  : FrameworkServlet '': initialization completed in 8 ms
05c25c0f-64b4-426a-963b-d8709ad16032
2018-03-31 21:07:11.041  INFO 15922 --- [           main] o.s.w.c.s.GenericWebApplicationContext   : Closing org.springframework.web.context.support.GenericWebApplicationContext@3ffac12a: startup date [Sat Mar 31 21:07:08 EDT 2018]; root of context hierarchy
2018-03-31 21:07:11.043  INFO 15922 --- [           main] j.LocalContainerEntityManagerFactoryBean : Closing JPA EntityManagerFactory for persistence unit 'default'
2018-03-31 21:07:11.043  INFO 15922 --- [           main] org.hibernate.tool.hbm2ddl.SchemaExport  : HHH000227: Running hbm2ddl schema export
2018-03-31 21:07:11.047  INFO 15922 --- [           main] org.hibernate.tool.hbm2ddl.SchemaExport  : HHH000230: Schema export complete
Tests run: 2, Failures: 0, Errors: 0, Skipped: 0, Time elapsed: 5.624 sec - in edu.harvard.h2ms.web.init.OAuthTest
Running edu.harvard.h2ms.web.init.H2MSRestAppInitializerTests
2018-03-31 21:07:11.050  INFO 15922 --- [           main] .b.t.c.SpringBootTestContextBootstrapper : Neither @ContextConfiguration nor @ContextHierarchy found for test class [edu.harvard.h2ms.web.init.H2MSRestAppInitializerTests], using SpringBootContextLoader
2018-03-31 21:07:11.050  INFO 15922 --- [           main] o.s.t.c.support.AbstractContextLoader    : Could not detect default resource locations for test class [edu.harvard.h2ms.web.init.H2MSRestAppInitializerTests]: no resource found for suffixes {-context.xml, Context.groovy}.
2018-03-31 21:07:11.050  INFO 15922 --- [           main] t.c.s.AnnotationConfigContextLoaderUtils : Could not detect default configuration classes for test class [edu.harvard.h2ms.web.init.H2MSRestAppInitializerTests]: H2MSRestAppInitializerTests does not declare any static, non-private, non-final, nested classes annotated with @Configuration.
2018-03-31 21:07:11.054  INFO 15922 --- [           main] .b.t.c.SpringBootTestContextBootstrapper : Found @SpringBootConfiguration edu.harvard.h2ms.H2MSRestAppInitializer for test class edu.harvard.h2ms.web.init.H2MSRestAppInitializerTests
2018-03-31 21:07:11.056  INFO 15922 --- [           main] .b.t.c.SpringBootTestContextBootstrapper : Loaded default TestExecutionListener class names from location [META-INF/spring.factories]: [org.springframework.boot.test.mock.mockito.MockitoTestExecutionListener, org.springframework.boot.test.mock.mockito.ResetMocksTestExecutionListener, org.springframework.boot.test.autoconfigure.restdocs.RestDocsTestExecutionListener, org.springframework.boot.test.autoconfigure.web.client.MockRestServiceServerResetTestExecutionListener, org.springframework.boot.test.autoconfigure.web.servlet.MockMvcPrintOnlyOnFailureTestExecutionListener, org.springframework.boot.test.autoconfigure.web.servlet.WebDriverTestExecutionListener, org.springframework.test.context.web.ServletTestExecutionListener, org.springframework.test.context.support.DirtiesContextBeforeModesTestExecutionListener, org.springframework.test.context.support.DependencyInjectionTestExecutionListener, org.springframework.test.context.support.DirtiesContextTestExecutionListener, org.springframework.test.context.transaction.TransactionalTestExecutionListener, org.springframework.test.context.jdbc.SqlScriptsTestExecutionListener, org.springframework.security.test.context.support.WithSecurityContextTestExecutionListener]
2018-03-31 21:07:11.059  INFO 15922 --- [           main] .b.t.c.SpringBootTestContextBootstrapper : Using TestExecutionListeners: [org.springframework.test.context.web.ServletTestExecutionListener@4ebcd5dc, org.springframework.test.context.support.DirtiesContextBeforeModesTestExecutionListener@5357ce45, org.springframework.boot.test.autoconfigure.SpringBootDependencyInjectionTestExecutionListener@338e70c8, org.springframework.test.context.support.DirtiesContextTestExecutionListener@f9a4e75, org.springframework.test.context.transaction.TransactionalTestExecutionListener@2720786f, org.springframework.test.context.jdbc.SqlScriptsTestExecutionListener@4ae8bf28, org.springframework.security.test.context.support.WithSecurityContextTestExecutionListener@aa09e8d, org.springframework.boot.test.mock.mockito.MockitoTestExecutionListener@5714804a, org.springframework.boot.test.mock.mockito.ResetMocksTestExecutionListener@73d379c7, org.springframework.boot.test.autoconfigure.restdocs.RestDocsTestExecutionListener@7c4d896a, org.springframework.boot.test.autoconfigure.web.client.MockRestServiceServerResetTestExecutionListener@72972498, org.springframework.boot.test.autoconfigure.web.servlet.MockMvcPrintOnlyOnFailureTestExecutionListener@1f2fc50, org.springframework.boot.test.autoconfigure.web.servlet.WebDriverTestExecutionListener@6987b0e8]

  .   ____          _            __ _ _
 /\\ / ___'_ __ _ _(_)_ __  __ _ \ \ \ \
( ( )\___ | '_ | '_| | '_ \/ _` | \ \ \ \
 \\/  ___)| |_)| | | | | || (_| |  ) ) ) )
  '  |____| .__|_| |_|_| |_\__, | / / / /
 =========|_|==============|___/=/_/_/_/
 :: Spring Boot ::       (v1.5.10.RELEASE)

2018-03-31 21:07:11.112  INFO 15922 --- [           main] e.h.h.w.i.H2MSRestAppInitializerTests    : Starting H2MSRestAppInitializerTests on ancient.bitbin.de with PID 15922 (started by stbenjam in /home/stbenjam/git/h2ms)
2018-03-31 21:07:11.113  INFO 15922 --- [           main] e.h.h.w.i.H2MSRestAppInitializerTests    : No active profile set, falling back to default profiles: default
2018-03-31 21:07:11.119  INFO 15922 --- [           main] o.s.w.c.s.GenericWebApplicationContext   : Refreshing org.springframework.web.context.support.GenericWebApplicationContext@36721f13: startup date [Sat Mar 31 21:07:11 EDT 2018]; root of context hierarchy
2018-03-31 21:07:11.172  INFO 15922 --- [           main] o.s.c.a.ConfigurationClassParser         : Properties location [classpath:mailserver.properties] not resolvable: class path resource [mailserver.properties] cannot be opened because it does not exist
2018-03-31 21:07:11.362  INFO 15922 --- [           main] o.s.b.f.s.DefaultListableBeanFactory     : Overriding bean definition for bean 'httpRequestHandlerAdapter' with a different definition: replacing [Root bean: class [null]; scope=; abstract=false; lazyInit=false; autowireMode=3; dependencyCheck=0; autowireCandidate=true; primary=false; factoryBeanName=org.springframework.boot.autoconfigure.web.WebMvcAutoConfiguration$EnableWebMvcConfiguration; factoryMethodName=httpRequestHandlerAdapter; initMethodName=null; destroyMethodName=(inferred); defined in class path resource [org/springframework/boot/autoconfigure/web/WebMvcAutoConfiguration$EnableWebMvcConfiguration.class]] with [Root bean: class [null]; scope=; abstract=false; lazyInit=false; autowireMode=3; dependencyCheck=0; autowireCandidate=true; primary=false; factoryBeanName=org.springframework.data.rest.webmvc.config.RepositoryRestMvcConfiguration; factoryMethodName=httpRequestHandlerAdapter; initMethodName=null; destroyMethodName=(inferred); defined in class path resource [org/springframework/data/rest/webmvc/config/RepositoryRestMvcConfiguration.class]]
2018-03-31 21:07:11.464  INFO 15922 --- [           main] trationDelegate$BeanPostProcessorChecker : Bean 'org.springframework.transaction.annotation.ProxyTransactionManagementConfiguration' of type [org.springframework.transaction.annotation.ProxyTransactionManagementConfiguration$$EnhancerBySpringCGLIB$$2ed2379b] is not eligible for getting processed by all BeanPostProcessors (for example: not eligible for auto-proxying)
2018-03-31 21:07:11.474  INFO 15922 --- [           main] trationDelegate$BeanPostProcessorChecker : Bean 'org.springframework.security.config.annotation.configuration.ObjectPostProcessorConfiguration' of type [org.springframework.security.config.annotation.configuration.ObjectPostProcessorConfiguration$$EnhancerBySpringCGLIB$$c77fffd5] is not eligible for getting processed by all BeanPostProcessors (for example: not eligible for auto-proxying)
2018-03-31 21:07:11.477  INFO 15922 --- [           main] trationDelegate$BeanPostProcessorChecker : Bean 'objectPostProcessor' of type [org.springframework.security.config.annotation.configuration.AutowireBeanFactoryObjectPostProcessor] is not eligible for getting processed by all BeanPostProcessors (for example: not eligible for auto-proxying)
2018-03-31 21:07:11.478  INFO 15922 --- [           main] trationDelegate$BeanPostProcessorChecker : Bean 'org.springframework.security.access.expression.method.DefaultMethodSecurityExpressionHandler@febc56f' of type [org.springframework.security.oauth2.provider.expression.OAuth2MethodSecurityExpressionHandler] is not eligible for getting processed by all BeanPostProcessors (for example: not eligible for auto-proxying)
2018-03-31 21:07:11.486  INFO 15922 --- [           main] trationDelegate$BeanPostProcessorChecker : Bean 'org.springframework.security.config.annotation.method.configuration.GlobalMethodSecurityConfiguration' of type [org.springframework.security.config.annotation.method.configuration.GlobalMethodSecurityConfiguration$$EnhancerBySpringCGLIB$$ec54a287] is not eligible for getting processed by all BeanPostProcessors (for example: not eligible for auto-proxying)
2018-03-31 21:07:11.488  INFO 15922 --- [           main] trationDelegate$BeanPostProcessorChecker : Bean 'methodSecurityMetadataSource' of type [org.springframework.security.access.method.DelegatingMethodSecurityMetadataSource] is not eligible for getting processed by all BeanPostProcessors (for example: not eligible for auto-proxying)
2018-03-31 21:07:11.531  INFO 15922 --- [           main] trationDelegate$BeanPostProcessorChecker : Bean 'security.oauth2.client-org.springframework.boot.autoconfigure.security.oauth2.OAuth2ClientProperties' of type [org.springframework.boot.autoconfigure.security.oauth2.OAuth2ClientProperties] is not eligible for getting processed by all BeanPostProcessors (for example: not eligible for auto-proxying)
2018-03-31 21:07:11.534  INFO 15922 --- [           main] trationDelegate$BeanPostProcessorChecker : Bean 'org.springframework.boot.autoconfigure.security.oauth2.OAuth2AutoConfiguration' of type [org.springframework.boot.autoconfigure.security.oauth2.OAuth2AutoConfiguration$$EnhancerBySpringCGLIB$$e61bf39b] is not eligible for getting processed by all BeanPostProcessors (for example: not eligible for auto-proxying)
2018-03-31 21:07:11.548  INFO 15922 --- [           main] trationDelegate$BeanPostProcessorChecker : Bean 'resourceServerProperties' of type [org.springframework.boot.autoconfigure.security.oauth2.resource.ResourceServerProperties] is not eligible for getting processed by all BeanPostProcessors (for example: not eligible for auto-proxying)
2018-03-31 21:07:11.693  INFO 15922 --- [           main] j.LocalContainerEntityManagerFactoryBean : Building JPA container EntityManagerFactory for persistence unit 'default'
2018-03-31 21:07:11.694  INFO 15922 --- [           main] o.hibernate.jpa.internal.util.LogHelper  : HHH000204: Processing PersistenceUnitInfo [
	name: default
	...]
2018-03-31 21:07:11.698  INFO 15922 --- [           main] org.hibernate.dialect.Dialect            : HHH000400: Using dialect: org.hibernate.dialect.H2Dialect
2018-03-31 21:07:11.763  INFO 15922 --- [           main] org.hibernate.tool.hbm2ddl.SchemaExport  : HHH000227: Running hbm2ddl schema export
2018-03-31 21:07:11.774  INFO 15922 --- [           main] org.hibernate.tool.hbm2ddl.SchemaExport  : HHH000230: Schema export complete
2018-03-31 21:07:11.777  WARN 15922 --- [           main] o.h.j.i.EntityManagerFactoryRegistry     : HHH000436: Entity manager factory name (default) is already registered.  If entity manager will be clustered or passivated, specify a unique value for property 'hibernate.ejb.entitymanager_factory_name'
2018-03-31 21:07:11.777  INFO 15922 --- [           main] j.LocalContainerEntityManagerFactoryBean : Initialized JPA EntityManagerFactory for persistence unit 'default'
2018-03-31 21:07:12.205  INFO 15922 --- [           main] .s.o.p.e.FrameworkEndpointHandlerMapping : Mapped "{[/oauth/authorize]}" onto public org.springframework.web.servlet.ModelAndView org.springframework.security.oauth2.provider.endpoint.AuthorizationEndpoint.authorize(java.util.Map<java.lang.String, java.lang.Object>,java.util.Map<java.lang.String, java.lang.String>,org.springframework.web.bind.support.SessionStatus,java.security.Principal)
2018-03-31 21:07:12.205  INFO 15922 --- [           main] .s.o.p.e.FrameworkEndpointHandlerMapping : Mapped "{[/oauth/authorize],methods=[POST],params=[user_oauth_approval]}" onto public org.springframework.web.servlet.View org.springframework.security.oauth2.provider.endpoint.AuthorizationEndpoint.approveOrDeny(java.util.Map<java.lang.String, java.lang.String>,java.util.Map<java.lang.String, ?>,org.springframework.web.bind.support.SessionStatus,java.security.Principal)
2018-03-31 21:07:12.205  INFO 15922 --- [           main] .s.o.p.e.FrameworkEndpointHandlerMapping : Mapped "{[/oauth/token],methods=[GET]}" onto public org.springframework.http.ResponseEntity<org.springframework.security.oauth2.common.OAuth2AccessToken> org.springframework.security.oauth2.provider.endpoint.TokenEndpoint.getAccessToken(java.security.Principal,java.util.Map<java.lang.String, java.lang.String>) throws org.springframework.web.HttpRequestMethodNotSupportedException
2018-03-31 21:07:12.206  INFO 15922 --- [           main] .s.o.p.e.FrameworkEndpointHandlerMapping : Mapped "{[/oauth/token],methods=[POST]}" onto public org.springframework.http.ResponseEntity<org.springframework.security.oauth2.common.OAuth2AccessToken> org.springframework.security.oauth2.provider.endpoint.TokenEndpoint.postAccessToken(java.security.Principal,java.util.Map<java.lang.String, java.lang.String>) throws org.springframework.web.HttpRequestMethodNotSupportedException
2018-03-31 21:07:12.206  INFO 15922 --- [           main] .s.o.p.e.FrameworkEndpointHandlerMapping : Mapped "{[/oauth/check_token]}" onto public java.util.Map<java.lang.String, ?> org.springframework.security.oauth2.provider.endpoint.CheckTokenEndpoint.checkToken(java.lang.String)
2018-03-31 21:07:12.206  INFO 15922 --- [           main] .s.o.p.e.FrameworkEndpointHandlerMapping : Mapped "{[/oauth/confirm_access]}" onto public org.springframework.web.servlet.ModelAndView org.springframework.security.oauth2.provider.endpoint.WhitelabelApprovalEndpoint.getAccessConfirmation(java.util.Map<java.lang.String, java.lang.Object>,javax.servlet.http.HttpServletRequest) throws java.lang.Exception
2018-03-31 21:07:12.206  INFO 15922 --- [           main] .s.o.p.e.FrameworkEndpointHandlerMapping : Mapped "{[/oauth/error]}" onto public org.springframework.web.servlet.ModelAndView org.springframework.security.oauth2.provider.endpoint.WhitelabelErrorEndpoint.handleError(javax.servlet.http.HttpServletRequest)
2018-03-31 21:07:12.377  INFO 15922 --- [           main] o.s.s.web.DefaultSecurityFilterChain     : Creating filter chain: Ant [pattern='/'], []
2018-03-31 21:07:12.377  INFO 15922 --- [           main] o.s.s.web.DefaultSecurityFilterChain     : Creating filter chain: Ant [pattern='/login'], []
2018-03-31 21:07:12.377  INFO 15922 --- [           main] o.s.s.web.DefaultSecurityFilterChain     : Creating filter chain: Ant [pattern='/webjars/**'], []
2018-03-31 21:07:12.377  INFO 15922 --- [           main] o.s.s.web.DefaultSecurityFilterChain     : Creating filter chain: Ant [pattern='/api/passwords/**'], []
2018-03-31 21:07:12.377  INFO 15922 --- [           main] o.s.s.web.DefaultSecurityFilterChain     : Creating filter chain: Ant [pattern='/swagger-resources'], []
2018-03-31 21:07:12.377  INFO 15922 --- [           main] o.s.s.web.DefaultSecurityFilterChain     : Creating filter chain: Ant [pattern='/swagger-resources/**'], []
2018-03-31 21:07:12.377  INFO 15922 --- [           main] o.s.s.web.DefaultSecurityFilterChain     : Creating filter chain: Ant [pattern='/swagger-ui.html'], []
2018-03-31 21:07:12.377  INFO 15922 --- [           main] o.s.s.web.DefaultSecurityFilterChain     : Creating filter chain: Ant [pattern='/v2/api-docs'], []
2018-03-31 21:07:12.377  INFO 15922 --- [           main] o.s.s.web.DefaultSecurityFilterChain     : Creating filter chain: Ant [pattern='/**', OPTIONS], []
2018-03-31 21:07:12.425  INFO 15922 --- [           main] o.s.s.web.DefaultSecurityFilterChain     : Creating filter chain: OrRequestMatcher [requestMatchers=[Ant [pattern='/oauth/token'], Ant [pattern='/oauth/token_key'], Ant [pattern='/oauth/check_token']]], [org.springframework.security.web.context.request.async.WebAsyncManagerIntegrationFilter@41d0c20c, org.springframework.security.web.context.SecurityContextPersistenceFilter@66c8d520, org.springframework.security.web.header.HeaderWriterFilter@24632a82, org.springframework.security.web.authentication.logout.LogoutFilter@591027b, org.springframework.security.web.authentication.www.BasicAuthenticationFilter@635eae2e, org.springframework.security.web.savedrequest.RequestCacheAwareFilter@59609d18, org.springframework.security.web.servletapi.SecurityContextHolderAwareRequestFilter@64ea9b8c, org.springframework.security.web.authentication.AnonymousAuthenticationFilter@4ac8e2d3, org.springframework.security.web.session.SessionManagementFilter@48a537f5, org.springframework.security.web.access.ExceptionTranslationFilter@6d8a53a2, org.springframework.security.web.access.intercept.FilterSecurityInterceptor@3625134b]
2018-03-31 21:07:12.432  INFO 15922 --- [           main] o.s.s.web.DefaultSecurityFilterChain     : Creating filter chain: org.springframework.security.oauth2.config.annotation.web.configuration.ResourceServerConfiguration$NotOAuthRequestMatcher@4f8c37c1, [org.springframework.security.web.context.request.async.WebAsyncManagerIntegrationFilter@3fc04336, org.springframework.security.web.context.SecurityContextPersistenceFilter@3a245254, org.springframework.security.web.header.HeaderWriterFilter@68a1f3dd, org.springframework.security.web.authentication.logout.LogoutFilter@53d5e209, org.springframework.security.oauth2.provider.authentication.OAuth2AuthenticationProcessingFilter@3b9b3325, org.springframework.security.web.savedrequest.RequestCacheAwareFilter@15731d4f, org.springframework.security.web.servletapi.SecurityContextHolderAwareRequestFilter@722b2b27, org.springframework.security.web.authentication.AnonymousAuthenticationFilter@1d38fd4a, org.springframework.security.web.session.SessionManagementFilter@415c1063, org.springframework.security.web.access.ExceptionTranslationFilter@51bfc8ef, org.springframework.security.web.access.intercept.FilterSecurityInterceptor@2dec2b42]
2018-03-31 21:07:12.433  INFO 15922 --- [           main] o.s.s.web.DefaultSecurityFilterChain     : Creating filter chain: org.springframework.security.web.util.matcher.AnyRequestMatcher@1, [org.springframework.security.web.access.intercept.FilterSecurityInterceptor@5a2e288d]
2018-03-31 21:07:12.588  INFO 15922 --- [           main] s.w.s.m.m.a.RequestMappingHandlerAdapter : Looking for @ControllerAdvice: org.springframework.web.context.support.GenericWebApplicationContext@36721f13: startup date [Sat Mar 31 21:07:11 EDT 2018]; root of context hierarchy
2018-03-31 21:07:12.611  INFO 15922 --- [           main] s.w.s.m.m.a.RequestMappingHandlerMapping : Mapped "{[/events/count/{timeframe}],methods=[GET]}" onto public org.springframework.http.ResponseEntity<?> edu.harvard.h2ms.web.controller.EventController.findEventCountByTimeframe(java.lang.String)
2018-03-31 21:07:12.611  INFO 15922 --- [           main] s.w.s.m.m.a.RequestMappingHandlerMapping : Mapped "{[/events/compliance/{questionId}/{timeframe}],methods=[GET]}" onto public org.springframework.http.ResponseEntity<?> edu.harvard.h2ms.web.controller.EventController.findComplianceByTimeframe(java.lang.String,java.lang.Long)
2018-03-31 21:07:12.611  INFO 15922 --- [           main] s.w.s.m.m.a.RequestMappingHandlerMapping : Mapped "{[/api/passwords/reset/{email:.+}],methods=[GET]}" onto public org.springframework.http.ResponseEntity<java.lang.Object> edu.harvard.h2ms.web.controller.PasswordController.getPasswordResetToken(java.lang.String)
2018-03-31 21:07:12.611  INFO 15922 --- [           main] s.w.s.m.m.a.RequestMappingHandlerMapping : Mapped "{[/api/passwords/reset/token],methods=[POST]}" onto public org.springframework.http.ResponseEntity<java.lang.Object> edu.harvard.h2ms.web.controller.PasswordController.resetPasswordViaToken(java.util.Map<java.lang.String, java.lang.String>)
2018-03-31 21:07:12.611  INFO 15922 --- [           main] s.w.s.m.m.a.RequestMappingHandlerMapping : Mapped "{[/users/avgWashed],methods=[GET]}" onto public java.util.Map<java.lang.String, java.lang.Double> edu.harvard.h2ms.web.controller.UserController.findAvgWashCompliance()
2018-03-31 21:07:12.612  INFO 15922 --- [           main] s.w.s.m.m.a.RequestMappingHandlerMapping : Mapped "{[/error],produces=[text/html]}" onto public org.springframework.web.servlet.ModelAndView org.springframework.boot.autoconfigure.web.BasicErrorController.errorHtml(javax.servlet.http.HttpServletRequest,javax.servlet.http.HttpServletResponse)
2018-03-31 21:07:12.612  INFO 15922 --- [           main] s.w.s.m.m.a.RequestMappingHandlerMapping : Mapped "{[/error]}" onto public org.springframework.http.ResponseEntity<java.util.Map<java.lang.String, java.lang.Object>> org.springframework.boot.autoconfigure.web.BasicErrorController.error(javax.servlet.http.HttpServletRequest)
2018-03-31 21:07:12.660  INFO 15922 --- [           main] o.s.w.s.handler.SimpleUrlHandlerMapping  : Mapped URL path [/webjars/**] onto handler of type [class org.springframework.web.servlet.resource.ResourceHttpRequestHandler]
2018-03-31 21:07:12.660  INFO 15922 --- [           main] o.s.w.s.handler.SimpleUrlHandlerMapping  : Mapped URL path [/**] onto handler of type [class org.springframework.web.servlet.resource.ResourceHttpRequestHandler]
2018-03-31 21:07:12.671  INFO 15922 --- [           main] .m.m.a.ExceptionHandlerExceptionResolver : Detected @ExceptionHandler methods in exceptionHandlingController
2018-03-31 21:07:12.671  INFO 15922 --- [           main] .m.m.a.ExceptionHandlerExceptionResolver : Detected @ExceptionHandler methods in repositoryRestExceptionHandler
2018-03-31 21:07:12.732  INFO 15922 --- [           main] o.s.w.s.handler.SimpleUrlHandlerMapping  : Mapped URL path [/**/favicon.ico] onto handler of type [class org.springframework.web.servlet.resource.ResourceHttpRequestHandler]
2018-03-31 21:07:12.763  WARN 15922 --- [           main] .t.AbstractTemplateResolverConfiguration : Cannot find template location: classpath:/templates/ (please add some templates or check your Thymeleaf configuration)
2018-03-31 21:07:12.862  INFO 15922 --- [           main] o.s.d.r.w.RepositoryRestHandlerAdapter   : Looking for @ControllerAdvice: org.springframework.web.context.support.GenericWebApplicationContext@36721f13: startup date [Sat Mar 31 21:07:11 EDT 2018]; root of context hierarchy
2018-03-31 21:07:12.875  INFO 15922 --- [           main] o.s.d.r.w.RepositoryRestHandlerMapping   : Mapped "{[/{repository}/{id}/{property}],methods=[GET],produces=[application/hal+json || application/json]}" onto public org.springframework.http.ResponseEntity<org.springframework.hateoas.ResourceSupport> org.springframework.data.rest.webmvc.RepositoryPropertyReferenceController.followPropertyReference(org.springframework.data.rest.webmvc.RootResourceInformation,java.io.Serializable,java.lang.String,org.springframework.data.rest.webmvc.PersistentEntityResourceAssembler) throws java.lang.Exception
2018-03-31 21:07:12.875  INFO 15922 --- [           main] o.s.d.r.w.RepositoryRestHandlerMapping   : Mapped "{[/{repository}/{id}/{property}/{propertyId}],methods=[GET],produces=[application/hal+json || application/json]}" onto public org.springframework.http.ResponseEntity<org.springframework.hateoas.ResourceSupport> org.springframework.data.rest.webmvc.RepositoryPropertyReferenceController.followPropertyReference(org.springframework.data.rest.webmvc.RootResourceInformation,java.io.Serializable,java.lang.String,java.lang.String,org.springframework.data.rest.webmvc.PersistentEntityResourceAssembler) throws java.lang.Exception
2018-03-31 21:07:12.875  INFO 15922 --- [           main] o.s.d.r.w.RepositoryRestHandlerMapping   : Mapped "{[/{repository}/{id}/{property}],methods=[DELETE],produces=[application/hal+json || application/json]}" onto public org.springframework.http.ResponseEntity<? extends org.springframework.hateoas.ResourceSupport> org.springframework.data.rest.webmvc.RepositoryPropertyReferenceController.deletePropertyReference(org.springframework.data.rest.webmvc.RootResourceInformation,java.io.Serializable,java.lang.String) throws java.lang.Exception
2018-03-31 21:07:12.876  INFO 15922 --- [           main] o.s.d.r.w.RepositoryRestHandlerMapping   : Mapped "{[/{repository}/{id}/{property}],methods=[GET],produces=[application/x-spring-data-compact+json || text/uri-list]}" onto public org.springframework.http.ResponseEntity<org.springframework.hateoas.ResourceSupport> org.springframework.data.rest.webmvc.RepositoryPropertyReferenceController.followPropertyReferenceCompact(org.springframework.data.rest.webmvc.RootResourceInformation,java.io.Serializable,java.lang.String,org.springframework.data.rest.webmvc.PersistentEntityResourceAssembler) throws java.lang.Exception
2018-03-31 21:07:12.877  INFO 15922 --- [           main] o.s.d.r.w.RepositoryRestHandlerMapping   : Mapped "{[/{repository}/{id}/{property}],methods=[PATCH || PUT || POST],consumes=[application/json || application/x-spring-data-compact+json || text/uri-list],produces=[application/hal+json || application/json]}" onto public org.springframework.http.ResponseEntity<? extends org.springframework.hateoas.ResourceSupport> org.springframework.data.rest.webmvc.RepositoryPropertyReferenceController.createPropertyReference(org.springframework.data.rest.webmvc.RootResourceInformation,org.springframework.http.HttpMethod,org.springframework.hateoas.Resources<java.lang.Object>,java.io.Serializable,java.lang.String) throws java.lang.Exception
2018-03-31 21:07:12.878  INFO 15922 --- [           main] o.s.d.r.w.RepositoryRestHandlerMapping   : Mapped "{[/{repository}/{id}/{property}/{propertyId}],methods=[DELETE],produces=[application/hal+json || application/json]}" onto public org.springframework.http.ResponseEntity<org.springframework.hateoas.ResourceSupport> org.springframework.data.rest.webmvc.RepositoryPropertyReferenceController.deletePropertyReferenceId(org.springframework.data.rest.webmvc.RootResourceInformation,java.io.Serializable,java.lang.String,java.lang.String) throws java.lang.Exception
2018-03-31 21:07:12.880  INFO 15922 --- [           main] o.s.d.r.w.RepositoryRestHandlerMapping   : Mapped "{[/{repository}/search/{search}],methods=[GET],produces=[application/hal+json || application/json]}" onto public org.springframework.http.ResponseEntity<?> org.springframework.data.rest.webmvc.RepositorySearchController.executeSearch(org.springframework.data.rest.webmvc.RootResourceInformation,org.springframework.util.MultiValueMap<java.lang.String, java.lang.Object>,java.lang.String,org.springframework.data.rest.webmvc.support.DefaultedPageable,org.springframework.data.domain.Sort,org.springframework.data.rest.webmvc.PersistentEntityResourceAssembler,org.springframework.http.HttpHeaders)
2018-03-31 21:07:12.880  INFO 15922 --- [           main] o.s.d.r.w.RepositoryRestHandlerMapping   : Mapped "{[/{repository}/search],methods=[OPTIONS],produces=[application/hal+json || application/json]}" onto public org.springframework.http.HttpEntity<?> org.springframework.data.rest.webmvc.RepositorySearchController.optionsForSearches(org.springframework.data.rest.webmvc.RootResourceInformation)
2018-03-31 21:07:12.881  INFO 15922 --- [           main] o.s.d.r.w.RepositoryRestHandlerMapping   : Mapped "{[/{repository}/search/{search}],methods=[GET],produces=[application/x-spring-data-compact+json]}" onto public org.springframework.hateoas.ResourceSupport org.springframework.data.rest.webmvc.RepositorySearchController.executeSearchCompact(org.springframework.data.rest.webmvc.RootResourceInformation,org.springframework.http.HttpHeaders,org.springframework.util.MultiValueMap<java.lang.String, java.lang.Object>,java.lang.String,java.lang.String,org.springframework.data.rest.webmvc.support.DefaultedPageable,org.springframework.data.domain.Sort,org.springframework.data.rest.webmvc.PersistentEntityResourceAssembler)
2018-03-31 21:07:12.883  INFO 15922 --- [           main] o.s.d.r.w.RepositoryRestHandlerMapping   : Mapped "{[/{repository}/search/{search}],methods=[OPTIONS],produces=[application/hal+json || application/json]}" onto public org.springframework.http.ResponseEntity<java.lang.Object> org.springframework.data.rest.webmvc.RepositorySearchController.optionsForSearch(org.springframework.data.rest.webmvc.RootResourceInformation,java.lang.String)
2018-03-31 21:07:12.884  INFO 15922 --- [           main] o.s.d.r.w.RepositoryRestHandlerMapping   : Mapped "{[/{repository}/search/{search}],methods=[HEAD],produces=[application/hal+json || application/json]}" onto public org.springframework.http.ResponseEntity<java.lang.Object> org.springframework.data.rest.webmvc.RepositorySearchController.headForSearch(org.springframework.data.rest.webmvc.RootResourceInformation,java.lang.String)
2018-03-31 21:07:12.885  INFO 15922 --- [           main] o.s.d.r.w.RepositoryRestHandlerMapping   : Mapped "{[/{repository}/search],methods=[GET],produces=[application/hal+json || application/json]}" onto public org.springframework.data.rest.webmvc.RepositorySearchesResource org.springframework.data.rest.webmvc.RepositorySearchController.listSearches(org.springframework.data.rest.webmvc.RootResourceInformation)
2018-03-31 21:07:12.885  INFO 15922 --- [           main] o.s.d.r.w.RepositoryRestHandlerMapping   : Mapped "{[/{repository}/search],methods=[HEAD],produces=[application/hal+json || application/json]}" onto public org.springframework.http.HttpEntity<?> org.springframework.data.rest.webmvc.RepositorySearchController.headForSearches(org.springframework.data.rest.webmvc.RootResourceInformation)
2018-03-31 21:07:12.885  INFO 15922 --- [           main] o.s.d.r.w.RepositoryRestHandlerMapping   : Mapped "{[/ || ],methods=[GET],produces=[application/hal+json || application/json]}" onto public org.springframework.http.HttpEntity<org.springframework.data.rest.webmvc.RepositoryLinksResource> org.springframework.data.rest.webmvc.RepositoryController.listRepositories()
2018-03-31 21:07:12.885  INFO 15922 --- [           main] o.s.d.r.w.RepositoryRestHandlerMapping   : Mapped "{[/ || ],methods=[OPTIONS],produces=[application/hal+json || application/json]}" onto public org.springframework.http.HttpEntity<?> org.springframework.data.rest.webmvc.RepositoryController.optionsForRepositories()
2018-03-31 21:07:12.886  INFO 15922 --- [           main] o.s.d.r.w.RepositoryRestHandlerMapping   : Mapped "{[/ || ],methods=[HEAD],produces=[application/hal+json || application/json]}" onto public org.springframework.http.ResponseEntity<?> org.springframework.data.rest.webmvc.RepositoryController.headForRepositories()
2018-03-31 21:07:12.886  INFO 15922 --- [           main] o.s.d.r.w.RepositoryRestHandlerMapping   : Mapped "{[/{repository}],methods=[OPTIONS],produces=[application/hal+json || application/json]}" onto public org.springframework.http.ResponseEntity<?> org.springframework.data.rest.webmvc.RepositoryEntityController.optionsForCollectionResource(org.springframework.data.rest.webmvc.RootResourceInformation)
2018-03-31 21:07:12.886  INFO 15922 --- [           main] o.s.d.r.w.RepositoryRestHandlerMapping   : Mapped "{[/{repository}],methods=[HEAD],produces=[application/hal+json || application/json]}" onto public org.springframework.http.ResponseEntity<?> org.springframework.data.rest.webmvc.RepositoryEntityController.headCollectionResource(org.springframework.data.rest.webmvc.RootResourceInformation,org.springframework.data.rest.webmvc.support.DefaultedPageable) throws org.springframework.web.HttpRequestMethodNotSupportedException
2018-03-31 21:07:12.887  INFO 15922 --- [           main] o.s.d.r.w.RepositoryRestHandlerMapping   : Mapped "{[/{repository}],methods=[GET],produces=[application/hal+json || application/json]}" onto public org.springframework.hateoas.Resources<?> org.springframework.data.rest.webmvc.RepositoryEntityController.getCollectionResource(org.springframework.data.rest.webmvc.RootResourceInformation,org.springframework.data.rest.webmvc.support.DefaultedPageable,org.springframework.data.domain.Sort,org.springframework.data.rest.webmvc.PersistentEntityResourceAssembler) throws org.springframework.data.rest.webmvc.ResourceNotFoundException,org.springframework.web.HttpRequestMethodNotSupportedException
2018-03-31 21:07:12.887  INFO 15922 --- [           main] o.s.d.r.w.RepositoryRestHandlerMapping   : Mapped "{[/{repository}],methods=[GET],produces=[application/x-spring-data-compact+json || text/uri-list]}" onto public org.springframework.hateoas.Resources<?> org.springframework.data.rest.webmvc.RepositoryEntityController.getCollectionResourceCompact(org.springframework.data.rest.webmvc.RootResourceInformation,org.springframework.data.rest.webmvc.support.DefaultedPageable,org.springframework.data.domain.Sort,org.springframework.data.rest.webmvc.PersistentEntityResourceAssembler) throws org.springframework.data.rest.webmvc.ResourceNotFoundException,org.springframework.web.HttpRequestMethodNotSupportedException
2018-03-31 21:07:12.887  INFO 15922 --- [           main] o.s.d.r.w.RepositoryRestHandlerMapping   : Mapped "{[/{repository}],methods=[POST],produces=[application/hal+json || application/json]}" onto public org.springframework.http.ResponseEntity<org.springframework.hateoas.ResourceSupport> org.springframework.data.rest.webmvc.RepositoryEntityController.postCollectionResource(org.springframework.data.rest.webmvc.RootResourceInformation,org.springframework.data.rest.webmvc.PersistentEntityResource,org.springframework.data.rest.webmvc.PersistentEntityResourceAssembler,java.lang.String) throws org.springframework.web.HttpRequestMethodNotSupportedException
2018-03-31 21:07:12.887  INFO 15922 --- [           main] o.s.d.r.w.RepositoryRestHandlerMapping   : Mapped "{[/{repository}/{id}],methods=[OPTIONS],produces=[application/hal+json || application/json]}" onto public org.springframework.http.ResponseEntity<?> org.springframework.data.rest.webmvc.RepositoryEntityController.optionsForItemResource(org.springframework.data.rest.webmvc.RootResourceInformation)
2018-03-31 21:07:12.887  INFO 15922 --- [           main] o.s.d.r.w.RepositoryRestHandlerMapping   : Mapped "{[/{repository}/{id}],methods=[HEAD],produces=[application/hal+json || application/json]}" onto public org.springframework.http.ResponseEntity<?> org.springframework.data.rest.webmvc.RepositoryEntityController.headForItemResource(org.springframework.data.rest.webmvc.RootResourceInformation,java.io.Serializable,org.springframework.data.rest.webmvc.PersistentEntityResourceAssembler) throws org.springframework.web.HttpRequestMethodNotSupportedException
2018-03-31 21:07:12.887  INFO 15922 --- [           main] o.s.d.r.w.RepositoryRestHandlerMapping   : Mapped "{[/{repository}/{id}],methods=[GET],produces=[application/hal+json || application/json]}" onto public org.springframework.http.ResponseEntity<org.springframework.hateoas.Resource<?>> org.springframework.data.rest.webmvc.RepositoryEntityController.getItemResource(org.springframework.data.rest.webmvc.RootResourceInformation,java.io.Serializable,org.springframework.data.rest.webmvc.PersistentEntityResourceAssembler,org.springframework.http.HttpHeaders) throws org.springframework.web.HttpRequestMethodNotSupportedException
2018-03-31 21:07:12.888  INFO 15922 --- [           main] o.s.d.r.w.RepositoryRestHandlerMapping   : Mapped "{[/{repository}/{id}],methods=[PUT],produces=[application/hal+json || application/json]}" onto public org.springframework.http.ResponseEntity<? extends org.springframework.hateoas.ResourceSupport> org.springframework.data.rest.webmvc.RepositoryEntityController.putItemResource(org.springframework.data.rest.webmvc.RootResourceInformation,org.springframework.data.rest.webmvc.PersistentEntityResource,java.io.Serializable,org.springframework.data.rest.webmvc.PersistentEntityResourceAssembler,org.springframework.data.rest.webmvc.support.ETag,java.lang.String) throws org.springframework.web.HttpRequestMethodNotSupportedException
2018-03-31 21:07:12.888  INFO 15922 --- [           main] o.s.d.r.w.RepositoryRestHandlerMapping   : Mapped "{[/{repository}/{id}],methods=[PATCH],produces=[application/hal+json || application/json]}" onto public org.springframework.http.ResponseEntity<org.springframework.hateoas.ResourceSupport> org.springframework.data.rest.webmvc.RepositoryEntityController.patchItemResource(org.springframework.data.rest.webmvc.RootResourceInformation,org.springframework.data.rest.webmvc.PersistentEntityResource,java.io.Serializable,org.springframework.data.rest.webmvc.PersistentEntityResourceAssembler,org.springframework.data.rest.webmvc.support.ETag,java.lang.String) throws org.springframework.web.HttpRequestMethodNotSupportedException,org.springframework.data.rest.webmvc.ResourceNotFoundException
2018-03-31 21:07:12.888  INFO 15922 --- [           main] o.s.d.r.w.RepositoryRestHandlerMapping   : Mapped "{[/{repository}/{id}],methods=[DELETE],produces=[application/hal+json || application/json]}" onto public org.springframework.http.ResponseEntity<?> org.springframework.data.rest.webmvc.RepositoryEntityController.deleteItemResource(org.springframework.data.rest.webmvc.RootResourceInformation,java.io.Serializable,org.springframework.data.rest.webmvc.support.ETag) throws org.springframework.data.rest.webmvc.ResourceNotFoundException,org.springframework.web.HttpRequestMethodNotSupportedException
2018-03-31 21:07:12.895  INFO 15922 --- [           main] o.s.d.r.w.BasePathAwareHandlerMapping    : Mapped "{[/profile/{repository}],methods=[OPTIONS],produces=[application/alps+json]}" onto org.springframework.http.HttpEntity<?> org.springframework.data.rest.webmvc.alps.AlpsController.alpsOptions()
2018-03-31 21:07:12.895  INFO 15922 --- [           main] o.s.d.r.w.BasePathAwareHandlerMapping    : Mapped "{[/profile/{repository}],methods=[GET],produces=[application/alps+json || */*]}" onto org.springframework.http.HttpEntity<org.springframework.data.rest.webmvc.RootResourceInformation> org.springframework.data.rest.webmvc.alps.AlpsController.descriptor(org.springframework.data.rest.webmvc.RootResourceInformation)
2018-03-31 21:07:12.895  INFO 15922 --- [           main] o.s.d.r.w.BasePathAwareHandlerMapping    : Mapped "{[/profile/{repository}],methods=[GET],produces=[application/schema+json]}" onto public org.springframework.http.HttpEntity<org.springframework.data.rest.webmvc.json.JsonSchema> org.springframework.data.rest.webmvc.RepositorySchemaController.schema(org.springframework.data.rest.webmvc.RootResourceInformation)
2018-03-31 21:07:12.896  INFO 15922 --- [           main] o.s.d.r.w.BasePathAwareHandlerMapping    : Mapped "{[/profile],methods=[OPTIONS]}" onto public org.springframework.http.HttpEntity<?> org.springframework.data.rest.webmvc.ProfileController.profileOptions()
2018-03-31 21:07:12.897  INFO 15922 --- [           main] o.s.d.r.w.BasePathAwareHandlerMapping    : Mapped "{[/profile],methods=[GET]}" onto org.springframework.http.HttpEntity<org.springframework.hateoas.ResourceSupport> org.springframework.data.rest.webmvc.ProfileController.listAllFormsOfMetadata()
2018-03-31 21:07:13.036  INFO 15922 --- [           main] o.h.h.i.QueryTranslatorFactoryInitiator  : HHH000397: Using ASTQueryTranslatorFactory
2018-03-31 21:07:13.122  INFO 15922 --- [           main] e.h.h.w.i.H2MSRestAppInitializerTests    : Started H2MSRestAppInitializerTests in 2.058 seconds (JVM running for 30.825)
Tests run: 1, Failures: 0, Errors: 0, Skipped: 0, Time elapsed: 2.074 sec - in edu.harvard.h2ms.web.init.H2MSRestAppInitializerTests
Running edu.harvard.h2ms.common.H2msRestUtilsTests
2018-03-31 21:07:13.135  WARN 15922 --- [           main] e.h.h2ms.service.utils.H2msRestUtils     : There are 0 events to be grouped by timestamp.
Tests run: 82, Failures: 0, Errors: 0, Skipped: 0, Time elapsed: 0.034 sec - in edu.harvard.h2ms.common.H2msRestUtilsTests
2018-03-31 21:07:13.177  INFO 15922 --- [       Thread-2] s.c.a.AnnotationConfigApplicationContext : Closing org.springframework.context.annotation.AnnotationConfigApplicationContext@76884e4b: startup date [Sat Mar 31 21:06:44 EDT 2018]; root of context hierarchy
2018-03-31 21:07:13.178  INFO 15922 --- [       Thread-2] j.LocalContainerEntityManagerFactoryBean : Closing JPA EntityManagerFactory for persistence unit 'default'
2018-03-31 21:07:13.178  INFO 15922 --- [       Thread-2] org.hibernate.tool.hbm2ddl.SchemaExport  : HHH000227: Running hbm2ddl schema export
Hibernate: drop table answer if exists
Hibernate: drop table event if exists
Hibernate: drop table event_template if exists
Hibernate: drop table h2msrole if exists
Hibernate: drop table location if exists
Hibernate: drop table question if exists
Hibernate: drop table question_options if exists
Hibernate: drop table reader if exists
Hibernate: drop table user_role if exists
2018-03-31 21:07:13.192  INFO 15922 --- [       Thread-4] o.s.c.support.GenericApplicationContext  : Closing org.springframework.context.support.GenericApplicationContext@6caeba36: startup date [Sat Mar 31 21:06:47 EDT 2018]; root of context hierarchy
Hibernate: drop table users if exists
Hibernate: drop table wrist_band if exists
2018-03-31 21:07:13.201  INFO 15922 --- [       Thread-2] org.hibernate.tool.hbm2ddl.SchemaExport  : HHH000230: Schema export complete
2018-03-31 21:07:13.215  INFO 15922 --- [      Thread-26] o.s.w.c.s.GenericWebApplicationContext   : Closing org.springframework.web.context.support.GenericWebApplicationContext@36721f13: startup date [Sat Mar 31 21:07:11 EDT 2018]; root of context hierarchy
2018-03-31 21:07:13.223  INFO 15922 --- [      Thread-26] j.LocalContainerEntityManagerFactoryBean : Closing JPA EntityManagerFactory for persistence unit 'default'
2018-03-31 21:07:13.224  INFO 15922 --- [      Thread-26] org.hibernate.tool.hbm2ddl.SchemaExport  : HHH000227: Running hbm2ddl schema export
2018-03-31 21:07:13.245  INFO 15922 --- [      Thread-26] org.hibernate.tool.hbm2ddl.SchemaExport  : HHH000230: Schema export complete

Results :

Failed tests: 
  EventControllerTests.test_Success_EventController_findComplianceByTimeframe:165 Status expected:<200> but was:<400>

Tests run: 97, Failures: 1, Errors: 0, Skipped: 0

[INFO] ------------------------------------------------------------------------
[INFO] BUILD FAILURE
[INFO] ------------------------------------------------------------------------
[INFO] Total time: 32.994 s
[INFO] Finished at: 2018-03-31T21:07:13-04:00
[INFO] Final Memory: 23M/393M
[INFO] ------------------------------------------------------------------------
[ERROR] Failed to execute goal org.apache.maven.plugins:maven-surefire-plugin:2.18.1:test (default-test) on project h2ms: There are test failures.
[ERROR] 
[ERROR] Please refer to /home/stbenjam/git/h2ms/target/surefire-reports for the individual test results.
[ERROR] -> [Help 1]
[ERROR] 
[ERROR] To see the full stack trace of the errors, re-run Maven with the -e switch.
[ERROR] Re-run Maven using the -X switch to enable full debug logging.
[ERROR] 
[ERROR] For more information about the errors and possible solutions, please read the following articles:
[ERROR] [Help 1] http://cwiki.apache.org/confluence/display/MAVEN/MojoFailureException
/home/stbenjam/git/h2ms
[INFO] Scanning for projects...
[WARNING] 
[WARNING] Some problems were encountered while building the effective model for edu.harvard:h2ms:jar:0.0.1-SNAPSHOT
[WARNING] 'dependencies.dependency.(groupId:artifactId:type:classifier)' must be unique: org.postgresql:postgresql:jar -> version (?) vs 9.4-1206-jdbc42 @ line 139, column 21
[WARNING] 'dependencies.dependency.version' for com.vaadin.external.google:android-json:jar is either LATEST or RELEASE (both of them are being deprecated) @ line 164, column 22
[WARNING] 
[WARNING] It is highly recommended to fix these problems because they threaten the stability of your build.
[WARNING] 
[WARNING] For this reason, future Maven versions might no longer support building such malformed projects.
[WARNING] 
[INFO] 
[INFO] ------------------------------------------------------------------------
[INFO] Building h2ms 0.0.1-SNAPSHOT
[INFO] ------------------------------------------------------------------------
[INFO] 
[INFO] --- maven-resources-plugin:2.6:resources (default-resources) @ h2ms ---
[INFO] Using 'UTF-8' encoding to copy filtered resources.
[INFO] Copying 3 resources
[INFO] Copying 9 resources
[INFO] 
[INFO] --- maven-compiler-plugin:3.1:compile (default-compile) @ h2ms ---
[INFO] Nothing to compile - all classes are up to date
[INFO] 
[INFO] --- maven-resources-plugin:2.6:testResources (default-testResources) @ h2ms ---
[INFO] Using 'UTF-8' encoding to copy filtered resources.
[INFO] skip non existing resourceDirectory /home/stbenjam/git/h2ms/src/test/resources
[INFO] 
[INFO] --- maven-compiler-plugin:3.1:testCompile (default-testCompile) @ h2ms ---
[INFO] Changes detected - recompiling the module!
[INFO] Compiling 9 source files to /home/stbenjam/git/h2ms/target/test-classes
[WARNING] /home/stbenjam/git/h2ms/src/test/java/edu/harvard/h2ms/controllers/LocationControllerTests.java: Some input files use or override a deprecated API.
[WARNING] /home/stbenjam/git/h2ms/src/test/java/edu/harvard/h2ms/controllers/LocationControllerTests.java: Recompile with -Xlint:deprecation for details.
[INFO] 
[INFO] --- maven-surefire-plugin:2.18.1:test (default-test) @ h2ms ---
[INFO] Surefire report directory: /home/stbenjam/git/h2ms/target/surefire-reports

-------------------------------------------------------
 T E S T S
-------------------------------------------------------
21:07:56.806 [main] DEBUG org.springframework.test.context.junit4.SpringJUnit4ClassRunner - SpringJUnit4ClassRunner constructor called with [class edu.harvard.h2ms.service.LocationServiceTests]
21:07:56.819 [main] DEBUG org.springframework.test.context.BootstrapUtils - Instantiating CacheAwareContextLoaderDelegate from class [org.springframework.test.context.cache.DefaultCacheAwareContextLoaderDelegate]
21:07:56.825 [main] DEBUG org.springframework.test.context.BootstrapUtils - Instantiating BootstrapContext using constructor [public org.springframework.test.context.support.DefaultBootstrapContext(java.lang.Class,org.springframework.test.context.CacheAwareContextLoaderDelegate)]
21:07:56.842 [main] DEBUG org.springframework.test.context.BootstrapUtils - Instantiating TestContextBootstrapper for test class [edu.harvard.h2ms.service.LocationServiceTests] from class [org.springframework.boot.test.context.SpringBootTestContextBootstrapper]
21:07:56.885 [main] INFO org.springframework.boot.test.context.SpringBootTestContextBootstrapper - Neither @ContextConfiguration nor @ContextHierarchy found for test class [edu.harvard.h2ms.service.LocationServiceTests], using SpringBootContextLoader
21:07:56.889 [main] DEBUG org.springframework.test.context.support.AbstractContextLoader - Did not detect default resource location for test class [edu.harvard.h2ms.service.LocationServiceTests]: class path resource [edu/harvard/h2ms/service/LocationServiceTests-context.xml] does not exist
21:07:56.890 [main] DEBUG org.springframework.test.context.support.AbstractContextLoader - Did not detect default resource location for test class [edu.harvard.h2ms.service.LocationServiceTests]: class path resource [edu/harvard/h2ms/service/LocationServiceTestsContext.groovy] does not exist
21:07:56.890 [main] INFO org.springframework.test.context.support.AbstractContextLoader - Could not detect default resource locations for test class [edu.harvard.h2ms.service.LocationServiceTests]: no resource found for suffixes {-context.xml, Context.groovy}.
21:07:56.891 [main] INFO org.springframework.test.context.support.AnnotationConfigContextLoaderUtils - Could not detect default configuration classes for test class [edu.harvard.h2ms.service.LocationServiceTests]: LocationServiceTests does not declare any static, non-private, non-final, nested classes annotated with @Configuration.
21:07:56.983 [main] DEBUG org.springframework.test.context.support.ActiveProfilesUtils - Could not find an 'annotation declaring class' for annotation type [org.springframework.test.context.ActiveProfiles] and class [edu.harvard.h2ms.service.LocationServiceTests]
21:07:56.988 [main] DEBUG org.springframework.core.env.StandardEnvironment - Adding PropertySource 'systemProperties' with lowest search precedence
21:07:56.989 [main] DEBUG org.springframework.core.env.StandardEnvironment - Adding PropertySource 'systemEnvironment' with lowest search precedence
21:07:56.990 [main] DEBUG org.springframework.core.env.StandardEnvironment - Initialized StandardEnvironment with PropertySources [MapPropertySource@2011482127 {name='systemProperties', properties={java.runtime.name=OpenJDK Runtime Environment, sun.boot.library.path=/usr/lib/jvm/java-1.8.0-openjdk-1.8.0.161-0.b14.fc27.x86_64/jre/lib/amd64, java.vm.version=25.161-b14, java.vm.vendor=Oracle Corporation, java.vendor.url=http://java.oracle.com/, path.separator=:, java.vm.name=OpenJDK 64-Bit Server VM, file.encoding.pkg=sun.io, user.country=US, sun.java.launcher=SUN_STANDARD, sun.os.patch.level=unknown, java.vm.specification.name=Java Virtual Machine Specification, user.dir=/home/stbenjam/git/h2ms, java.runtime.version=1.8.0_161-b14, basedir=/home/stbenjam/git/h2ms, java.awt.graphicsenv=sun.awt.X11GraphicsEnvironment, java.endorsed.dirs=/usr/lib/jvm/java-1.8.0-openjdk-1.8.0.161-0.b14.fc27.x86_64/jre/lib/endorsed, os.arch=amd64, surefire.real.class.path=/home/stbenjam/git/h2ms/target/surefire/surefirebooter4406525892180618587.jar, java.io.tmpdir=/tmp, line.separator=
, java.vm.specification.vendor=Oracle Corporation, os.name=Linux, sun.jnu.encoding=UTF-8, java.library.path=/usr/java/packages/lib/amd64:/usr/lib64:/lib64:/lib:/usr/lib, surefire.test.class.path=/home/stbenjam/git/h2ms/target/test-classes:/home/stbenjam/git/h2ms/target/classes:/home/stbenjam/.m2/repository/org/springframework/boot/spring-boot-starter-data-rest/1.5.10.RELEASE/spring-boot-starter-data-rest-1.5.10.RELEASE.jar:/home/stbenjam/.m2/repository/org/springframework/boot/spring-boot-starter/1.5.10.RELEASE/spring-boot-starter-1.5.10.RELEASE.jar:/home/stbenjam/.m2/repository/org/springframework/boot/spring-boot/1.5.10.RELEASE/spring-boot-1.5.10.RELEASE.jar:/home/stbenjam/.m2/repository/org/springframework/boot/spring-boot-autoconfigure/1.5.10.RELEASE/spring-boot-autoconfigure-1.5.10.RELEASE.jar:/home/stbenjam/.m2/repository/org/springframework/boot/spring-boot-starter-logging/1.5.10.RELEASE/spring-boot-starter-logging-1.5.10.RELEASE.jar:/home/stbenjam/.m2/repository/ch/qos/logback/logback-classic/1.1.11/logback-classic-1.1.11.jar:/home/stbenjam/.m2/repository/ch/qos/logback/logback-core/1.1.11/logback-core-1.1.11.jar:/home/stbenjam/.m2/repository/org/slf4j/jul-to-slf4j/1.7.25/jul-to-slf4j-1.7.25.jar:/home/stbenjam/.m2/repository/org/slf4j/log4j-over-slf4j/1.7.25/log4j-over-slf4j-1.7.25.jar:/home/stbenjam/.m2/repository/org/yaml/snakeyaml/1.17/snakeyaml-1.17.jar:/home/stbenjam/.m2/repository/com/fasterxml/jackson/core/jackson-annotations/2.8.0/jackson-annotations-2.8.0.jar:/home/stbenjam/.m2/repository/org/springframework/data/spring-data-rest-webmvc/2.6.10.RELEASE/spring-data-rest-webmvc-2.6.10.RELEASE.jar:/home/stbenjam/.m2/repository/org/springframework/data/spring-data-rest-core/2.6.10.RELEASE/spring-data-rest-core-2.6.10.RELEASE.jar:/home/stbenjam/.m2/repository/org/atteo/evo-inflector/1.2.2/evo-inflector-1.2.2.jar:/home/stbenjam/.m2/repository/org/slf4j/jcl-over-slf4j/1.7.25/jcl-over-slf4j-1.7.25.jar:/home/stbenjam/.m2/repository/org/springframework/boot/spring-boot-starter-web/1.5.10.RELEASE/spring-boot-starter-web-1.5.10.RELEASE.jar:/home/stbenjam/.m2/repository/org/springframework/boot/spring-boot-starter-tomcat/1.5.10.RELEASE/spring-boot-starter-tomcat-1.5.10.RELEASE.jar:/home/stbenjam/.m2/repository/org/apache/tomcat/embed/tomcat-embed-core/8.5.27/tomcat-embed-core-8.5.27.jar:/home/stbenjam/.m2/repository/org/apache/tomcat/tomcat-annotations-api/8.5.27/tomcat-annotations-api-8.5.27.jar:/home/stbenjam/.m2/repository/org/apache/tomcat/embed/tomcat-embed-el/8.5.27/tomcat-embed-el-8.5.27.jar:/home/stbenjam/.m2/repository/org/apache/tomcat/embed/tomcat-embed-websocket/8.5.27/tomcat-embed-websocket-8.5.27.jar:/home/stbenjam/.m2/repository/org/hibernate/hibernate-validator/5.3.6.Final/hibernate-validator-5.3.6.Final.jar:/home/stbenjam/.m2/repository/javax/validation/validation-api/1.1.0.Final/validation-api-1.1.0.Final.jar:/home/stbenjam/.m2/repository/org/jboss/logging/jboss-logging/3.3.1.Final/jboss-logging-3.3.1.Final.jar:/home/stbenjam/.m2/repository/org/springframework/spring-web/4.3.14.RELEASE/spring-web-4.3.14.RELEASE.jar:/home/stbenjam/.m2/repository/org/springframework/spring-webmvc/4.3.14.RELEASE/spring-webmvc-4.3.14.RELEASE.jar:/home/stbenjam/.m2/repository/org/springframework/spring-expression/4.3.14.RELEASE/spring-expression-4.3.14.RELEASE.jar:/home/stbenjam/.m2/repository/org/springframework/boot/spring-boot-starter-thymeleaf/1.5.10.RELEASE/spring-boot-starter-thymeleaf-1.5.10.RELEASE.jar:/home/stbenjam/.m2/repository/org/thymeleaf/thymeleaf-spring4/2.1.6.RELEASE/thymeleaf-spring4-2.1.6.RELEASE.jar:/home/stbenjam/.m2/repository/org/thymeleaf/thymeleaf/2.1.6.RELEASE/thymeleaf-2.1.6.RELEASE.jar:/home/stbenjam/.m2/repository/ognl/ognl/3.0.8/ognl-3.0.8.jar:/home/stbenjam/.m2/repository/org/unbescape/unbescape/1.1.0.RELEASE/unbescape-1.1.0.RELEASE.jar:/home/stbenjam/.m2/repository/nz/net/ultraq/thymeleaf/thymeleaf-layout-dialect/1.4.0/thymeleaf-layout-dialect-1.4.0.jar:/home/stbenjam/.m2/repository/org/codehaus/groovy/groovy/2.4.13/groovy-2.4.13.jar:/home/stbenjam/.m2/repository/org/springframework/boot/spring-boot-starter-test/1.5.10.RELEASE/spring-boot-starter-test-1.5.10.RELEASE.jar:/home/stbenjam/.m2/repository/org/springframework/boot/spring-boot-test/1.5.10.RELEASE/spring-boot-test-1.5.10.RELEASE.jar:/home/stbenjam/.m2/repository/org/springframework/boot/spring-boot-test-autoconfigure/1.5.10.RELEASE/spring-boot-test-autoconfigure-1.5.10.RELEASE.jar:/home/stbenjam/.m2/repository/com/jayway/jsonpath/json-path/2.2.0/json-path-2.2.0.jar:/home/stbenjam/.m2/repository/net/minidev/json-smart/2.2.1/json-smart-2.2.1.jar:/home/stbenjam/.m2/repository/net/minidev/accessors-smart/1.1/accessors-smart-1.1.jar:/home/stbenjam/.m2/repository/org/ow2/asm/asm/5.0.3/asm-5.0.3.jar:/home/stbenjam/.m2/repository/junit/junit/4.12/junit-4.12.jar:/home/stbenjam/.m2/repository/org/assertj/assertj-core/2.6.0/assertj-core-2.6.0.jar:/home/stbenjam/.m2/repository/org/mockito/mockito-core/1.10.19/mockito-core-1.10.19.jar:/home/stbenjam/.m2/repository/org/objenesis/objenesis/2.1/objenesis-2.1.jar:/home/stbenjam/.m2/repository/org/hamcrest/hamcrest-core/1.3/hamcrest-core-1.3.jar:/home/stbenjam/.m2/repository/org/hamcrest/hamcrest-library/1.3/hamcrest-library-1.3.jar:/home/stbenjam/.m2/repository/org/skyscreamer/jsonassert/1.4.0/jsonassert-1.4.0.jar:/home/stbenjam/.m2/repository/org/springframework/spring-core/4.3.14.RELEASE/spring-core-4.3.14.RELEASE.jar:/home/stbenjam/.m2/repository/org/springframework/spring-test/4.3.14.RELEASE/spring-test-4.3.14.RELEASE.jar:/home/stbenjam/.m2/repository/org/springframework/restdocs/spring-restdocs-mockmvc/1.1.3.RELEASE/spring-restdocs-mockmvc-1.1.3.RELEASE.jar:/home/stbenjam/.m2/repository/org/springframework/restdocs/spring-restdocs-core/1.1.3.RELEASE/spring-restdocs-core-1.1.3.RELEASE.jar:/home/stbenjam/.m2/repository/javax/servlet/javax.servlet-api/3.1.0/javax.servlet-api-3.1.0.jar:/home/stbenjam/.m2/repository/org/springframework/boot/spring-boot-starter-data-jpa/1.5.10.RELEASE/spring-boot-starter-data-jpa-1.5.10.RELEASE.jar:/home/stbenjam/.m2/repository/org/springframework/boot/spring-boot-starter-aop/1.5.10.RELEASE/spring-boot-starter-aop-1.5.10.RELEASE.jar:/home/stbenjam/.m2/repository/org/aspectj/aspectjweaver/1.8.13/aspectjweaver-1.8.13.jar:/home/stbenjam/.m2/repository/org/springframework/boot/spring-boot-starter-jdbc/1.5.10.RELEASE/spring-boot-starter-jdbc-1.5.10.RELEASE.jar:/home/stbenjam/.m2/repository/org/apache/tomcat/tomcat-jdbc/8.5.27/tomcat-jdbc-8.5.27.jar:/home/stbenjam/.m2/repository/org/apache/tomcat/tomcat-juli/8.5.27/tomcat-juli-8.5.27.jar:/home/stbenjam/.m2/repository/org/springframework/spring-jdbc/4.3.14.RELEASE/spring-jdbc-4.3.14.RELEASE.jar:/home/stbenjam/.m2/repository/org/hibernate/hibernate-core/5.0.12.Final/hibernate-core-5.0.12.Final.jar:/home/stbenjam/.m2/repository/org/hibernate/javax/persistence/hibernate-jpa-2.1-api/1.0.0.Final/hibernate-jpa-2.1-api-1.0.0.Final.jar:/home/stbenjam/.m2/repository/org/javassist/javassist/3.21.0-GA/javassist-3.21.0-GA.jar:/home/stbenjam/.m2/repository/antlr/antlr/2.7.7/antlr-2.7.7.jar:/home/stbenjam/.m2/repository/org/jboss/jandex/2.0.0.Final/jandex-2.0.0.Final.jar:/home/stbenjam/.m2/repository/dom4j/dom4j/1.6.1/dom4j-1.6.1.jar:/home/stbenjam/.m2/repository/org/hibernate/common/hibernate-commons-annotations/5.0.1.Final/hibernate-commons-annotations-5.0.1.Final.jar:/home/stbenjam/.m2/repository/org/hibernate/hibernate-entitymanager/5.0.12.Final/hibernate-entitymanager-5.0.12.Final.jar:/home/stbenjam/.m2/repository/javax/transaction/javax.transaction-api/1.2/javax.transaction-api-1.2.jar:/home/stbenjam/.m2/repository/org/springframework/data/spring-data-jpa/1.11.10.RELEASE/spring-data-jpa-1.11.10.RELEASE.jar:/home/stbenjam/.m2/repository/org/springframework/data/spring-data-commons/1.13.10.RELEASE/spring-data-commons-1.13.10.RELEASE.jar:/home/stbenjam/.m2/repository/org/springframework/spring-orm/4.3.14.RELEASE/spring-orm-4.3.14.RELEASE.jar:/home/stbenjam/.m2/repository/org/springframework/spring-tx/4.3.14.RELEASE/spring-tx-4.3.14.RELEASE.jar:/home/stbenjam/.m2/repository/org/springframework/spring-aspects/4.3.14.RELEASE/spring-aspects-4.3.14.RELEASE.jar:/home/stbenjam/.m2/repository/com/h2database/h2/1.4.196/h2-1.4.196.jar:/home/stbenjam/.m2/repository/org/postgresql/postgresql/9.4-1206-jdbc42/postgresql-9.4-1206-jdbc42.jar:/home/stbenjam/.m2/repository/log4j/log4j/1.2.17/log4j-1.2.17.jar:/home/stbenjam/.m2/repository/com/google/guava/guava/19.0/guava-19.0.jar:/home/stbenjam/.m2/repository/javax/mail/mail/1.4/mail-1.4.jar:/home/stbenjam/.m2/repository/javax/activation/activation/1.1/activation-1.1.jar:/home/stbenjam/.m2/repository/org/springframework/boot/spring-boot-starter-security/1.5.10.RELEASE/spring-boot-starter-security-1.5.10.RELEASE.jar:/home/stbenjam/.m2/repository/org/springframework/spring-aop/4.3.14.RELEASE/spring-aop-4.3.14.RELEASE.jar:/home/stbenjam/.m2/repository/org/springframework/security/spring-security-config/4.2.4.RELEASE/spring-security-config-4.2.4.RELEASE.jar:/home/stbenjam/.m2/repository/org/springframework/security/spring-security-web/4.2.4.RELEASE/spring-security-web-4.2.4.RELEASE.jar:/home/stbenjam/.m2/repository/org/springframework/boot/spring-boot-starter-mail/1.4.3.RELEASE/spring-boot-starter-mail-1.4.3.RELEASE.jar:/home/stbenjam/.m2/repository/org/springframework/spring-context/4.3.14.RELEASE/spring-context-4.3.14.RELEASE.jar:/home/stbenjam/.m2/repository/com/sun/mail/javax.mail/1.5.6/javax.mail-1.5.6.jar:/home/stbenjam/.m2/repository/com/icegreen/greenmail/1.5.5/greenmail-1.5.5.jar:/home/stbenjam/.m2/repository/org/slf4j/slf4j-api/1.7.25/slf4j-api-1.7.25.jar:/home/stbenjam/.m2/repository/org/springframework/security/spring-security-test/4.2.4.RELEASE/spring-security-test-4.2.4.RELEASE.jar:/home/stbenjam/.m2/repository/org/springframework/security/spring-security-core/4.2.4.RELEASE/spring-security-core-4.2.4.RELEASE.jar:/home/stbenjam/.m2/repository/aopalliance/aopalliance/1.0/aopalliance-1.0.jar:/home/stbenjam/.m2/repository/org/springframework/security/oauth/spring-security-oauth2/2.0.14.RELEASE/spring-security-oauth2-2.0.14.RELEASE.jar:/home/stbenjam/.m2/repository/org/springframework/spring-beans/4.3.14.RELEASE/spring-beans-4.3.14.RELEASE.jar:/home/stbenjam/.m2/repository/commons-codec/commons-codec/1.10/commons-codec-1.10.jar:/home/stbenjam/.m2/repository/org/codehaus/jackson/jackson-mapper-asl/1.9.13/jackson-mapper-asl-1.9.13.jar:/home/stbenjam/.m2/repository/org/codehaus/jackson/jackson-core-asl/1.9.13/jackson-core-asl-1.9.13.jar:/home/stbenjam/.m2/repository/io/springfox/springfox-swagger2/2.8.0/springfox-swagger2-2.8.0.jar:/home/stbenjam/.m2/repository/io/swagger/swagger-annotations/1.5.14/swagger-annotations-1.5.14.jar:/home/stbenjam/.m2/repository/io/swagger/swagger-models/1.5.14/swagger-models-1.5.14.jar:/home/stbenjam/.m2/repository/io/springfox/springfox-spi/2.8.0/springfox-spi-2.8.0.jar:/home/stbenjam/.m2/repository/io/springfox/springfox-core/2.8.0/springfox-core-2.8.0.jar:/home/stbenjam/.m2/repository/net/bytebuddy/byte-buddy/1.7.9/byte-buddy-1.7.9.jar:/home/stbenjam/.m2/repository/io/springfox/springfox-schema/2.8.0/springfox-schema-2.8.0.jar:/home/stbenjam/.m2/repository/io/springfox/springfox-swagger-common/2.8.0/springfox-swagger-common-2.8.0.jar:/home/stbenjam/.m2/repository/io/springfox/springfox-spring-web/2.8.0/springfox-spring-web-2.8.0.jar:/home/stbenjam/.m2/repository/org/reflections/reflections/0.9.11/reflections-0.9.11.jar:/home/stbenjam/.m2/repository/com/fasterxml/classmate/1.3.4/classmate-1.3.4.jar:/home/stbenjam/.m2/repository/org/springframework/plugin/spring-plugin-core/1.2.0.RELEASE/spring-plugin-core-1.2.0.RELEASE.jar:/home/stbenjam/.m2/repository/org/springframework/plugin/spring-plugin-metadata/1.2.0.RELEASE/spring-plugin-metadata-1.2.0.RELEASE.jar:/home/stbenjam/.m2/repository/org/mapstruct/mapstruct/1.2.0.Final/mapstruct-1.2.0.Final.jar:/home/stbenjam/.m2/repository/io/springfox/springfox-swagger-ui/2.8.0/springfox-swagger-ui-2.8.0.jar:/home/stbenjam/.m2/repository/io/springfox/springfox-data-rest/2.8.0/springfox-data-rest-2.8.0.jar:/home/stbenjam/.m2/repository/org/springframework/hateoas/spring-hateoas/0.23.0.RELEASE/spring-hateoas-0.23.0.RELEASE.jar:/home/stbenjam/.m2/repository/org/usb4java/usb4java-javax/1.2.0/usb4java-javax-1.2.0.jar:/home/stbenjam/.m2/repository/javax/usb/usb-api/1.0.2/usb-api-1.0.2.jar:/home/stbenjam/.m2/repository/org/apache/commons/commons-lang3/3.2.1/commons-lang3-3.2.1.jar:/home/stbenjam/.m2/repository/org/usb4java/usb4java/1.2.0/usb4java-1.2.0.jar:/home/stbenjam/.m2/repository/org/usb4java/libusb4java/1.2.0/libusb4java-1.2.0-linux-x86.jar:/home/stbenjam/.m2/repository/org/usb4java/libusb4java/1.2.0/libusb4java-1.2.0-linux-x86_64.jar:/home/stbenjam/.m2/repository/org/usb4java/libusb4java/1.2.0/libusb4java-1.2.0-linux-arm.jar:/home/stbenjam/.m2/repository/org/usb4java/libusb4java/1.2.0/libusb4java-1.2.0-windows-x86.jar:/home/stbenjam/.m2/repository/org/usb4java/libusb4java/1.2.0/libusb4java-1.2.0-windows-x86_64.jar:/home/stbenjam/.m2/repository/org/usb4java/libusb4java/1.2.0/libusb4java-1.2.0-osx-x86.jar:/home/stbenjam/.m2/repository/org/usb4java/libusb4java/1.2.0/libusb4java-1.2.0-osx-x86_64.jar:/home/stbenjam/.m2/repository/org/mockito/mockito-all/1.9.5/mockito-all-1.9.5.jar:/home/stbenjam/.m2/repository/com/fasterxml/jackson/core/jackson-databind/2.5.0/jackson-databind-2.5.0.jar:/home/stbenjam/.m2/repository/com/fasterxml/jackson/core/jackson-core/2.8.10/jackson-core-2.8.10.jar:/home/stbenjam/.m2/repository/com/vaadin/external/google/android-json/0.0.20131108.vaadin1/android-json-0.0.20131108.vaadin1.jar:/home/stbenjam/.m2/repository/com/tngtech/java/junit-dataprovider/1.13.1/junit-dataprovider-1.13.1.jar:/home/stbenjam/.m2/repository/org/springframework/spring-context-support/3.2.0.RELEASE/spring-context-support-3.2.0.RELEASE.jar:, java.specification.name=Java Platform API Specification, java.class.version=52.0, sun.management.compiler=HotSpot 64-Bit Tiered Compilers, os.version=4.14.14-300.fc27.x86_64, user.home=/home/stbenjam, user.timezone=America/New_York, java.awt.printerjob=sun.print.PSPrinterJob, file.encoding=UTF-8, java.specification.version=1.8, java.class.path=/home/stbenjam/git/h2ms/target/test-classes:/home/stbenjam/git/h2ms/target/classes:/home/stbenjam/.m2/repository/org/springframework/boot/spring-boot-starter-data-rest/1.5.10.RELEASE/spring-boot-starter-data-rest-1.5.10.RELEASE.jar:/home/stbenjam/.m2/repository/org/springframework/boot/spring-boot-starter/1.5.10.RELEASE/spring-boot-starter-1.5.10.RELEASE.jar:/home/stbenjam/.m2/repository/org/springframework/boot/spring-boot/1.5.10.RELEASE/spring-boot-1.5.10.RELEASE.jar:/home/stbenjam/.m2/repository/org/springframework/boot/spring-boot-autoconfigure/1.5.10.RELEASE/spring-boot-autoconfigure-1.5.10.RELEASE.jar:/home/stbenjam/.m2/repository/org/springframework/boot/spring-boot-starter-logging/1.5.10.RELEASE/spring-boot-starter-logging-1.5.10.RELEASE.jar:/home/stbenjam/.m2/repository/ch/qos/logback/logback-classic/1.1.11/logback-classic-1.1.11.jar:/home/stbenjam/.m2/repository/ch/qos/logback/logback-core/1.1.11/logback-core-1.1.11.jar:/home/stbenjam/.m2/repository/org/slf4j/jul-to-slf4j/1.7.25/jul-to-slf4j-1.7.25.jar:/home/stbenjam/.m2/repository/org/slf4j/log4j-over-slf4j/1.7.25/log4j-over-slf4j-1.7.25.jar:/home/stbenjam/.m2/repository/org/yaml/snakeyaml/1.17/snakeyaml-1.17.jar:/home/stbenjam/.m2/repository/com/fasterxml/jackson/core/jackson-annotations/2.8.0/jackson-annotations-2.8.0.jar:/home/stbenjam/.m2/repository/org/springframework/data/spring-data-rest-webmvc/2.6.10.RELEASE/spring-data-rest-webmvc-2.6.10.RELEASE.jar:/home/stbenjam/.m2/repository/org/springframework/data/spring-data-rest-core/2.6.10.RELEASE/spring-data-rest-core-2.6.10.RELEASE.jar:/home/stbenjam/.m2/repository/org/atteo/evo-inflector/1.2.2/evo-inflector-1.2.2.jar:/home/stbenjam/.m2/repository/org/slf4j/jcl-over-slf4j/1.7.25/jcl-over-slf4j-1.7.25.jar:/home/stbenjam/.m2/repository/org/springframework/boot/spring-boot-starter-web/1.5.10.RELEASE/spring-boot-starter-web-1.5.10.RELEASE.jar:/home/stbenjam/.m2/repository/org/springframework/boot/spring-boot-starter-tomcat/1.5.10.RELEASE/spring-boot-starter-tomcat-1.5.10.RELEASE.jar:/home/stbenjam/.m2/repository/org/apache/tomcat/embed/tomcat-embed-core/8.5.27/tomcat-embed-core-8.5.27.jar:/home/stbenjam/.m2/repository/org/apache/tomcat/tomcat-annotations-api/8.5.27/tomcat-annotations-api-8.5.27.jar:/home/stbenjam/.m2/repository/org/apache/tomcat/embed/tomcat-embed-el/8.5.27/tomcat-embed-el-8.5.27.jar:/home/stbenjam/.m2/repository/org/apache/tomcat/embed/tomcat-embed-websocket/8.5.27/tomcat-embed-websocket-8.5.27.jar:/home/stbenjam/.m2/repository/org/hibernate/hibernate-validator/5.3.6.Final/hibernate-validator-5.3.6.Final.jar:/home/stbenjam/.m2/repository/javax/validation/validation-api/1.1.0.Final/validation-api-1.1.0.Final.jar:/home/stbenjam/.m2/repository/org/jboss/logging/jboss-logging/3.3.1.Final/jboss-logging-3.3.1.Final.jar:/home/stbenjam/.m2/repository/org/springframework/spring-web/4.3.14.RELEASE/spring-web-4.3.14.RELEASE.jar:/home/stbenjam/.m2/repository/org/springframework/spring-webmvc/4.3.14.RELEASE/spring-webmvc-4.3.14.RELEASE.jar:/home/stbenjam/.m2/repository/org/springframework/spring-expression/4.3.14.RELEASE/spring-expression-4.3.14.RELEASE.jar:/home/stbenjam/.m2/repository/org/springframework/boot/spring-boot-starter-thymeleaf/1.5.10.RELEASE/spring-boot-starter-thymeleaf-1.5.10.RELEASE.jar:/home/stbenjam/.m2/repository/org/thymeleaf/thymeleaf-spring4/2.1.6.RELEASE/thymeleaf-spring4-2.1.6.RELEASE.jar:/home/stbenjam/.m2/repository/org/thymeleaf/thymeleaf/2.1.6.RELEASE/thymeleaf-2.1.6.RELEASE.jar:/home/stbenjam/.m2/repository/ognl/ognl/3.0.8/ognl-3.0.8.jar:/home/stbenjam/.m2/repository/org/unbescape/unbescape/1.1.0.RELEASE/unbescape-1.1.0.RELEASE.jar:/home/stbenjam/.m2/repository/nz/net/ultraq/thymeleaf/thymeleaf-layout-dialect/1.4.0/thymeleaf-layout-dialect-1.4.0.jar:/home/stbenjam/.m2/repository/org/codehaus/groovy/groovy/2.4.13/groovy-2.4.13.jar:/home/stbenjam/.m2/repository/org/springframework/boot/spring-boot-starter-test/1.5.10.RELEASE/spring-boot-starter-test-1.5.10.RELEASE.jar:/home/stbenjam/.m2/repository/org/springframework/boot/spring-boot-test/1.5.10.RELEASE/spring-boot-test-1.5.10.RELEASE.jar:/home/stbenjam/.m2/repository/org/springframework/boot/spring-boot-test-autoconfigure/1.5.10.RELEASE/spring-boot-test-autoconfigure-1.5.10.RELEASE.jar:/home/stbenjam/.m2/repository/com/jayway/jsonpath/json-path/2.2.0/json-path-2.2.0.jar:/home/stbenjam/.m2/repository/net/minidev/json-smart/2.2.1/json-smart-2.2.1.jar:/home/stbenjam/.m2/repository/net/minidev/accessors-smart/1.1/accessors-smart-1.1.jar:/home/stbenjam/.m2/repository/org/ow2/asm/asm/5.0.3/asm-5.0.3.jar:/home/stbenjam/.m2/repository/junit/junit/4.12/junit-4.12.jar:/home/stbenjam/.m2/repository/org/assertj/assertj-core/2.6.0/assertj-core-2.6.0.jar:/home/stbenjam/.m2/repository/org/mockito/mockito-core/1.10.19/mockito-core-1.10.19.jar:/home/stbenjam/.m2/repository/org/objenesis/objenesis/2.1/objenesis-2.1.jar:/home/stbenjam/.m2/repository/org/hamcrest/hamcrest-core/1.3/hamcrest-core-1.3.jar:/home/stbenjam/.m2/repository/org/hamcrest/hamcrest-library/1.3/hamcrest-library-1.3.jar:/home/stbenjam/.m2/repository/org/skyscreamer/jsonassert/1.4.0/jsonassert-1.4.0.jar:/home/stbenjam/.m2/repository/org/springframework/spring-core/4.3.14.RELEASE/spring-core-4.3.14.RELEASE.jar:/home/stbenjam/.m2/repository/org/springframework/spring-test/4.3.14.RELEASE/spring-test-4.3.14.RELEASE.jar:/home/stbenjam/.m2/repository/org/springframework/restdocs/spring-restdocs-mockmvc/1.1.3.RELEASE/spring-restdocs-mockmvc-1.1.3.RELEASE.jar:/home/stbenjam/.m2/repository/org/springframework/restdocs/spring-restdocs-core/1.1.3.RELEASE/spring-restdocs-core-1.1.3.RELEASE.jar:/home/stbenjam/.m2/repository/javax/servlet/javax.servlet-api/3.1.0/javax.servlet-api-3.1.0.jar:/home/stbenjam/.m2/repository/org/springframework/boot/spring-boot-starter-data-jpa/1.5.10.RELEASE/spring-boot-starter-data-jpa-1.5.10.RELEASE.jar:/home/stbenjam/.m2/repository/org/springframework/boot/spring-boot-starter-aop/1.5.10.RELEASE/spring-boot-starter-aop-1.5.10.RELEASE.jar:/home/stbenjam/.m2/repository/org/aspectj/aspectjweaver/1.8.13/aspectjweaver-1.8.13.jar:/home/stbenjam/.m2/repository/org/springframework/boot/spring-boot-starter-jdbc/1.5.10.RELEASE/spring-boot-starter-jdbc-1.5.10.RELEASE.jar:/home/stbenjam/.m2/repository/org/apache/tomcat/tomcat-jdbc/8.5.27/tomcat-jdbc-8.5.27.jar:/home/stbenjam/.m2/repository/org/apache/tomcat/tomcat-juli/8.5.27/tomcat-juli-8.5.27.jar:/home/stbenjam/.m2/repository/org/springframework/spring-jdbc/4.3.14.RELEASE/spring-jdbc-4.3.14.RELEASE.jar:/home/stbenjam/.m2/repository/org/hibernate/hibernate-core/5.0.12.Final/hibernate-core-5.0.12.Final.jar:/home/stbenjam/.m2/repository/org/hibernate/javax/persistence/hibernate-jpa-2.1-api/1.0.0.Final/hibernate-jpa-2.1-api-1.0.0.Final.jar:/home/stbenjam/.m2/repository/org/javassist/javassist/3.21.0-GA/javassist-3.21.0-GA.jar:/home/stbenjam/.m2/repository/antlr/antlr/2.7.7/antlr-2.7.7.jar:/home/stbenjam/.m2/repository/org/jboss/jandex/2.0.0.Final/jandex-2.0.0.Final.jar:/home/stbenjam/.m2/repository/dom4j/dom4j/1.6.1/dom4j-1.6.1.jar:/home/stbenjam/.m2/repository/org/hibernate/common/hibernate-commons-annotations/5.0.1.Final/hibernate-commons-annotations-5.0.1.Final.jar:/home/stbenjam/.m2/repository/org/hibernate/hibernate-entitymanager/5.0.12.Final/hibernate-entitymanager-5.0.12.Final.jar:/home/stbenjam/.m2/repository/javax/transaction/javax.transaction-api/1.2/javax.transaction-api-1.2.jar:/home/stbenjam/.m2/repository/org/springframework/data/spring-data-jpa/1.11.10.RELEASE/spring-data-jpa-1.11.10.RELEASE.jar:/home/stbenjam/.m2/repository/org/springframework/data/spring-data-commons/1.13.10.RELEASE/spring-data-commons-1.13.10.RELEASE.jar:/home/stbenjam/.m2/repository/org/springframework/spring-orm/4.3.14.RELEASE/spring-orm-4.3.14.RELEASE.jar:/home/stbenjam/.m2/repository/org/springframework/spring-tx/4.3.14.RELEASE/spring-tx-4.3.14.RELEASE.jar:/home/stbenjam/.m2/repository/org/springframework/spring-aspects/4.3.14.RELEASE/spring-aspects-4.3.14.RELEASE.jar:/home/stbenjam/.m2/repository/com/h2database/h2/1.4.196/h2-1.4.196.jar:/home/stbenjam/.m2/repository/org/postgresql/postgresql/9.4-1206-jdbc42/postgresql-9.4-1206-jdbc42.jar:/home/stbenjam/.m2/repository/log4j/log4j/1.2.17/log4j-1.2.17.jar:/home/stbenjam/.m2/repository/com/google/guava/guava/19.0/guava-19.0.jar:/home/stbenjam/.m2/repository/javax/mail/mail/1.4/mail-1.4.jar:/home/stbenjam/.m2/repository/javax/activation/activation/1.1/activation-1.1.jar:/home/stbenjam/.m2/repository/org/springframework/boot/spring-boot-starter-security/1.5.10.RELEASE/spring-boot-starter-security-1.5.10.RELEASE.jar:/home/stbenjam/.m2/repository/org/springframework/spring-aop/4.3.14.RELEASE/spring-aop-4.3.14.RELEASE.jar:/home/stbenjam/.m2/repository/org/springframework/security/spring-security-config/4.2.4.RELEASE/spring-security-config-4.2.4.RELEASE.jar:/home/stbenjam/.m2/repository/org/springframework/security/spring-security-web/4.2.4.RELEASE/spring-security-web-4.2.4.RELEASE.jar:/home/stbenjam/.m2/repository/org/springframework/boot/spring-boot-starter-mail/1.4.3.RELEASE/spring-boot-starter-mail-1.4.3.RELEASE.jar:/home/stbenjam/.m2/repository/org/springframework/spring-context/4.3.14.RELEASE/spring-context-4.3.14.RELEASE.jar:/home/stbenjam/.m2/repository/com/sun/mail/javax.mail/1.5.6/javax.mail-1.5.6.jar:/home/stbenjam/.m2/repository/com/icegreen/greenmail/1.5.5/greenmail-1.5.5.jar:/home/stbenjam/.m2/repository/org/slf4j/slf4j-api/1.7.25/slf4j-api-1.7.25.jar:/home/stbenjam/.m2/repository/org/springframework/security/spring-security-test/4.2.4.RELEASE/spring-security-test-4.2.4.RELEASE.jar:/home/stbenjam/.m2/repository/org/springframework/security/spring-security-core/4.2.4.RELEASE/spring-security-core-4.2.4.RELEASE.jar:/home/stbenjam/.m2/repository/aopalliance/aopalliance/1.0/aopalliance-1.0.jar:/home/stbenjam/.m2/repository/org/springframework/security/oauth/spring-security-oauth2/2.0.14.RELEASE/spring-security-oauth2-2.0.14.RELEASE.jar:/home/stbenjam/.m2/repository/org/springframework/spring-beans/4.3.14.RELEASE/spring-beans-4.3.14.RELEASE.jar:/home/stbenjam/.m2/repository/commons-codec/commons-codec/1.10/commons-codec-1.10.jar:/home/stbenjam/.m2/repository/org/codehaus/jackson/jackson-mapper-asl/1.9.13/jackson-mapper-asl-1.9.13.jar:/home/stbenjam/.m2/repository/org/codehaus/jackson/jackson-core-asl/1.9.13/jackson-core-asl-1.9.13.jar:/home/stbenjam/.m2/repository/io/springfox/springfox-swagger2/2.8.0/springfox-swagger2-2.8.0.jar:/home/stbenjam/.m2/repository/io/swagger/swagger-annotations/1.5.14/swagger-annotations-1.5.14.jar:/home/stbenjam/.m2/repository/io/swagger/swagger-models/1.5.14/swagger-models-1.5.14.jar:/home/stbenjam/.m2/repository/io/springfox/springfox-spi/2.8.0/springfox-spi-2.8.0.jar:/home/stbenjam/.m2/repository/io/springfox/springfox-core/2.8.0/springfox-core-2.8.0.jar:/home/stbenjam/.m2/repository/net/bytebuddy/byte-buddy/1.7.9/byte-buddy-1.7.9.jar:/home/stbenjam/.m2/repository/io/springfox/springfox-schema/2.8.0/springfox-schema-2.8.0.jar:/home/stbenjam/.m2/repository/io/springfox/springfox-swagger-common/2.8.0/springfox-swagger-common-2.8.0.jar:/home/stbenjam/.m2/repository/io/springfox/springfox-spring-web/2.8.0/springfox-spring-web-2.8.0.jar:/home/stbenjam/.m2/repository/org/reflections/reflections/0.9.11/reflections-0.9.11.jar:/home/stbenjam/.m2/repository/com/fasterxml/classmate/1.3.4/classmate-1.3.4.jar:/home/stbenjam/.m2/repository/org/springframework/plugin/spring-plugin-core/1.2.0.RELEASE/spring-plugin-core-1.2.0.RELEASE.jar:/home/stbenjam/.m2/repository/org/springframework/plugin/spring-plugin-metadata/1.2.0.RELEASE/spring-plugin-metadata-1.2.0.RELEASE.jar:/home/stbenjam/.m2/repository/org/mapstruct/mapstruct/1.2.0.Final/mapstruct-1.2.0.Final.jar:/home/stbenjam/.m2/repository/io/springfox/springfox-swagger-ui/2.8.0/springfox-swagger-ui-2.8.0.jar:/home/stbenjam/.m2/repository/io/springfox/springfox-data-rest/2.8.0/springfox-data-rest-2.8.0.jar:/home/stbenjam/.m2/repository/org/springframework/hateoas/spring-hateoas/0.23.0.RELEASE/spring-hateoas-0.23.0.RELEASE.jar:/home/stbenjam/.m2/repository/org/usb4java/usb4java-javax/1.2.0/usb4java-javax-1.2.0.jar:/home/stbenjam/.m2/repository/javax/usb/usb-api/1.0.2/usb-api-1.0.2.jar:/home/stbenjam/.m2/repository/org/apache/commons/commons-lang3/3.2.1/commons-lang3-3.2.1.jar:/home/stbenjam/.m2/repository/org/usb4java/usb4java/1.2.0/usb4java-1.2.0.jar:/home/stbenjam/.m2/repository/org/usb4java/libusb4java/1.2.0/libusb4java-1.2.0-linux-x86.jar:/home/stbenjam/.m2/repository/org/usb4java/libusb4java/1.2.0/libusb4java-1.2.0-linux-x86_64.jar:/home/stbenjam/.m2/repository/org/usb4java/libusb4java/1.2.0/libusb4java-1.2.0-linux-arm.jar:/home/stbenjam/.m2/repository/org/usb4java/libusb4java/1.2.0/libusb4java-1.2.0-windows-x86.jar:/home/stbenjam/.m2/repository/org/usb4java/libusb4java/1.2.0/libusb4java-1.2.0-windows-x86_64.jar:/home/stbenjam/.m2/repository/org/usb4java/libusb4java/1.2.0/libusb4java-1.2.0-osx-x86.jar:/home/stbenjam/.m2/repository/org/usb4java/libusb4java/1.2.0/libusb4java-1.2.0-osx-x86_64.jar:/home/stbenjam/.m2/repository/org/mockito/mockito-all/1.9.5/mockito-all-1.9.5.jar:/home/stbenjam/.m2/repository/com/fasterxml/jackson/core/jackson-databind/2.5.0/jackson-databind-2.5.0.jar:/home/stbenjam/.m2/repository/com/fasterxml/jackson/core/jackson-core/2.8.10/jackson-core-2.8.10.jar:/home/stbenjam/.m2/repository/com/vaadin/external/google/android-json/0.0.20131108.vaadin1/android-json-0.0.20131108.vaadin1.jar:/home/stbenjam/.m2/repository/com/tngtech/java/junit-dataprovider/1.13.1/junit-dataprovider-1.13.1.jar:/home/stbenjam/.m2/repository/org/springframework/spring-context-support/3.2.0.RELEASE/spring-context-support-3.2.0.RELEASE.jar:, user.name=stbenjam, java.vm.specification.version=1.8, sun.java.command=/home/stbenjam/git/h2ms/target/surefire/surefirebooter4406525892180618587.jar /home/stbenjam/git/h2ms/target/surefire/surefire6178053267997541662tmp /home/stbenjam/git/h2ms/target/surefire/surefire_03387072603084303265tmp, java.home=/usr/lib/jvm/java-1.8.0-openjdk-1.8.0.161-0.b14.fc27.x86_64/jre, sun.arch.data.model=64, user.language=en, java.specification.vendor=Oracle Corporation, awt.toolkit=sun.awt.X11.XToolkit, java.vm.info=mixed mode, java.version=1.8.0_161, java.ext.dirs=/usr/lib/jvm/java-1.8.0-openjdk-1.8.0.161-0.b14.fc27.x86_64/jre/lib/ext:/usr/java/packages/lib/ext, sun.boot.class.path=/usr/lib/jvm/java-1.8.0-openjdk-1.8.0.161-0.b14.fc27.x86_64/jre/lib/resources.jar:/usr/lib/jvm/java-1.8.0-openjdk-1.8.0.161-0.b14.fc27.x86_64/jre/lib/rt.jar:/usr/lib/jvm/java-1.8.0-openjdk-1.8.0.161-0.b14.fc27.x86_64/jre/lib/sunrsasign.jar:/usr/lib/jvm/java-1.8.0-openjdk-1.8.0.161-0.b14.fc27.x86_64/jre/lib/jsse.jar:/usr/lib/jvm/java-1.8.0-openjdk-1.8.0.161-0.b14.fc27.x86_64/jre/lib/jce.jar:/usr/lib/jvm/java-1.8.0-openjdk-1.8.0.161-0.b14.fc27.x86_64/jre/lib/charsets.jar:/usr/lib/jvm/java-1.8.0-openjdk-1.8.0.161-0.b14.fc27.x86_64/jre/lib/jfr.jar:/usr/lib/jvm/java-1.8.0-openjdk-1.8.0.161-0.b14.fc27.x86_64/jre/classes, java.vendor=Oracle Corporation, localRepository=/home/stbenjam/.m2/repository, file.separator=/, java.vendor.url.bug=http://bugreport.sun.com/bugreport/, sun.io.unicode.encoding=UnicodeLittle, sun.cpu.endian=little, sun.desktop=gnome, sun.cpu.isalist=}}, SystemEnvironmentPropertySource@905735620 {name='systemEnvironment', properties={IRBRC=/home/stbenjam/.rvm/rubies/ruby-2.3.3/.irbrc, PATH=/home/stbenjam/.rvm/gems/ruby-2.3.3/bin:/home/stbenjam/.rvm/gems/ruby-2.3.3@global/bin:/home/stbenjam/.rvm/rubies/ruby-2.3.3/bin:/usr/local/bin:/usr/bin:/bin:/usr/local/sbin:/usr/sbin:/home/stbenjam/.local/bin:/home/stbenjam/bin:/home/stbenjam/.rvm/bin, rvm_silent_flag=, HISTCONTROL=ignoredups, XMODIFIERS=@im=ibus, GDMSESSION=gnome-xorg, rvm_quiet_flag=, GUESTFISH_RESTORE=\e[0m, DBUS_SESSION_BUS_ADDRESS=unix:path=/run/user/1000/bus,guid=0ff0c73f492cc1dc3846ae835aac7cd0, COLORTERM=truecolor, rvm_ruby_make_install=, rvm_niceness=, SESSION_MANAGER=local/unix:@/tmp/.ICE-unix/1818,unix/unix:/tmp/.ICE-unix/1818, USERNAME=stbenjam, rvm_version=1.29.1 (latest), PWD=/home/stbenjam/git/h2ms, MANAGERPID=1759, LESSOPEN=||/usr/bin/lesspipe.sh %s, PAGER=less, QTINC=/usr/lib64/qt-3.3/include, rvm_hook=, rvm_wrapper_name=, MY_RUBY_HOME=/home/stbenjam/.rvm/rubies/ruby-2.3.3, rvm_nightly_flag=, ZSH=/home/stbenjam/.oh-my-zsh, rvm_path=/home/stbenjam/.rvm, GUESTFISH_INIT=\e[1;34m, GNOME_DESKTOP_SESSION_ID=this-is-deprecated, SYSTEMD_NSS_BYPASS_BUS=1, DBUS_STARTER_ADDRESS=unix:path=/run/user/1000/bus,guid=0ff0c73f492cc1dc3846ae835aac7cd0, LC_CTYPE=en_US.UTF-8, SHLVL=2, LOADEDMODULES=, HISTSIZE=10000, JAVA_HOME=/usr/lib/jvm/java-1.8.0-openjdk-1.8.0.161-0.b14.fc27.x86_64, TERM=xterm-256color, XDG_SESSION_ID=2, rvm_script_name=, rvm_ruby_make=, rvm_docs_type=, _=/usr/lib/jvm/java-1.8.0-openjdk-1.8.0.161-0.b14.fc27.x86_64/jre/bin/java, MAVEN_PROJECTBASEDIR=/home/stbenjam/git/h2ms, DESKTOP_SESSION=gnome-xorg, XDG_MENU_PREFIX=gnome-, VTE_VERSION=5002, rvm_alias_expanded=, rvm_ruby_bits=, GEM_PATH=/home/stbenjam/.rvm/gems/ruby-2.3.3:/home/stbenjam/.rvm/gems/ruby-2.3.3@global, TILIX_ID=df6230d2-2679-42ab-bd7f-667d05988153, XAUTHORITY=/run/user/1000/gdm/Xauthority, INVOCATION_ID=2a8a59bd24d3424f8a519125eeaea755, XDG_DATA_DIRS=/home/stbenjam/.local/share/flatpak/exports/share/:/var/lib/flatpak/exports/share/:/usr/local/share/:/usr/share/, MODULEPATH=/etc/scl/modulefiles:/etc/scl/modulefiles:/usr/share/Modules/modulefiles:/etc/modulefiles:/usr/share/modulefiles, rvm_bin_flag=, VAGRANT_DEFAULT_PROVIDER=libvirt, XDG_CURRENT_DESKTOP=GNOME, JOURNAL_STREAM=9:35277, MAIL=/var/spool/mail/stbenjam, rvm_ruby_mode=, LOGNAME=stbenjam, rvm_proxy=, SHELL=/bin/zsh, rvm_sdk=, OLDPWD=/home/stbenjam/git/h2ms, GEM_HOME=/home/stbenjam/.rvm/gems/ruby-2.3.3, rvm_use_flag=, GIT=/bin/git, RUBY_VERSION=ruby-2.3.3, _system_name=Fedora, LESS=-R, XDG_SESSION_DESKTOP=gnome-xorg, LS_COLORS=rs=0:di=38;5;33:ln=38;5;51:mh=00:pi=40;38;5;11:so=38;5;13:do=38;5;5:bd=48;5;232;38;5;11:cd=48;5;232;38;5;3:or=48;5;232;38;5;9:mi=01;05;37;41:su=48;5;196;38;5;15:sg=48;5;11;38;5;16:ca=48;5;196;38;5;226:tw=48;5;10;38;5;16:ow=48;5;10;38;5;21:st=48;5;21;38;5;15:ex=38;5;40:*.tar=38;5;9:*.tgz=38;5;9:*.arc=38;5;9:*.arj=38;5;9:*.taz=38;5;9:*.lha=38;5;9:*.lz4=38;5;9:*.lzh=38;5;9:*.lzma=38;5;9:*.tlz=38;5;9:*.txz=38;5;9:*.tzo=38;5;9:*.t7z=38;5;9:*.zip=38;5;9:*.z=38;5;9:*.Z=38;5;9:*.dz=38;5;9:*.gz=38;5;9:*.lrz=38;5;9:*.lz=38;5;9:*.lzo=38;5;9:*.xz=38;5;9:*.zst=38;5;9:*.tzst=38;5;9:*.bz2=38;5;9:*.bz=38;5;9:*.tbz=38;5;9:*.tbz2=38;5;9:*.tz=38;5;9:*.deb=38;5;9:*.rpm=38;5;9:*.jar=38;5;9:*.war=38;5;9:*.ear=38;5;9:*.sar=38;5;9:*.rar=38;5;9:*.alz=38;5;9:*.ace=38;5;9:*.zoo=38;5;9:*.cpio=38;5;9:*.7z=38;5;9:*.rz=38;5;9:*.cab=38;5;9:*.wim=38;5;9:*.swm=38;5;9:*.dwm=38;5;9:*.esd=38;5;9:*.jpg=38;5;13:*.jpeg=38;5;13:*.mjpg=38;5;13:*.mjpeg=38;5;13:*.gif=38;5;13:*.bmp=38;5;13:*.pbm=38;5;13:*.pgm=38;5;13:*.ppm=38;5;13:*.tga=38;5;13:*.xbm=38;5;13:*.xpm=38;5;13:*.tif=38;5;13:*.tiff=38;5;13:*.png=38;5;13:*.svg=38;5;13:*.svgz=38;5;13:*.mng=38;5;13:*.pcx=38;5;13:*.mov=38;5;13:*.mpg=38;5;13:*.mpeg=38;5;13:*.m2v=38;5;13:*.mkv=38;5;13:*.webm=38;5;13:*.ogm=38;5;13:*.mp4=38;5;13:*.m4v=38;5;13:*.mp4v=38;5;13:*.vob=38;5;13:*.qt=38;5;13:*.nuv=38;5;13:*.wmv=38;5;13:*.asf=38;5;13:*.rm=38;5;13:*.rmvb=38;5;13:*.flc=38;5;13:*.avi=38;5;13:*.fli=38;5;13:*.flv=38;5;13:*.gl=38;5;13:*.dl=38;5;13:*.xcf=38;5;13:*.xwd=38;5;13:*.yuv=38;5;13:*.cgm=38;5;13:*.emf=38;5;13:*.ogv=38;5;13:*.ogx=38;5;13:*.aac=38;5;45:*.au=38;5;45:*.flac=38;5;45:*.m4a=38;5;45:*.mid=38;5;45:*.midi=38;5;45:*.mka=38;5;45:*.mp3=38;5;45:*.mpc=38;5;45:*.ogg=38;5;45:*.ra=38;5;45:*.wav=38;5;45:*.oga=38;5;45:*.opus=38;5;45:*.spx=38;5;45:*.xspf=38;5;45:, rvm_gemstone_package_file=, _system_arch=x86_64, rvm_bin_path=/home/stbenjam/.rvm/bin, QT_IM_MODULE=ibus, rvm_only_path_flag=, rvm_prefix=/home/stbenjam, LANG=en_US.UTF-8, XDG_SESSION_TYPE=x11, DISPLAY=:0, rvm_gemstone_url=, GDM_LANG=en_US.UTF-8, GUESTFISH_PS1=\[\e[1;32m\]><fs>\[\e[0;31m\] , LSCOLORS=Gxfxcxdxbxegedabagacad, _system_type=Linux, _system_version=27, GPG_TTY=/dev/pts/1, USER=stbenjam, rvm_ruby_file=, WINDOWPATH=2, XDG_SEAT=seat0, SSH_AUTH_SOCK=/run/user/1000/keyring/ssh, EDITOR=vim, HOSTNAME=ancient.bitbin.de, MODULESHOME=/usr/share/Modules, QTDIR=/usr/lib64/qt-3.3, XDG_RUNTIME_DIR=/run/user/1000, XDG_VTNR=2, GUESTFISH_OUTPUT=\e[0m, DBUS_STARTER_BUS_TYPE=session, QTLIB=/usr/lib64/qt-3.3/lib, HOME=/home/stbenjam}}]
21:07:57.001 [main] DEBUG org.springframework.core.io.support.PathMatchingResourcePatternResolver - Resolved classpath location [edu/harvard/h2ms/service/] to resources [URL [file:/home/stbenjam/git/h2ms/target/test-classes/edu/harvard/h2ms/service/], URL [file:/home/stbenjam/git/h2ms/target/classes/edu/harvard/h2ms/service/]]
21:07:57.001 [main] DEBUG org.springframework.core.io.support.PathMatchingResourcePatternResolver - Looking for matching resources in directory tree [/home/stbenjam/git/h2ms/target/test-classes/edu/harvard/h2ms/service]
21:07:57.002 [main] DEBUG org.springframework.core.io.support.PathMatchingResourcePatternResolver - Searching directory [/home/stbenjam/git/h2ms/target/test-classes/edu/harvard/h2ms/service] for files matching pattern [/home/stbenjam/git/h2ms/target/test-classes/edu/harvard/h2ms/service/*.class]
21:07:57.005 [main] DEBUG org.springframework.core.io.support.PathMatchingResourcePatternResolver - Looking for matching resources in directory tree [/home/stbenjam/git/h2ms/target/classes/edu/harvard/h2ms/service]
21:07:57.005 [main] DEBUG org.springframework.core.io.support.PathMatchingResourcePatternResolver - Searching directory [/home/stbenjam/git/h2ms/target/classes/edu/harvard/h2ms/service] for files matching pattern [/home/stbenjam/git/h2ms/target/classes/edu/harvard/h2ms/service/*.class]
21:07:57.010 [main] DEBUG org.springframework.core.io.support.PathMatchingResourcePatternResolver - Resolved location pattern [classpath*:edu/harvard/h2ms/service/*.class] to resources [file [/home/stbenjam/git/h2ms/target/test-classes/edu/harvard/h2ms/service/LocationServiceTests.class], file [/home/stbenjam/git/h2ms/target/test-classes/edu/harvard/h2ms/service/UserDetailsServiceTest$UserDetailsServiceContextConfiguration.class], file [/home/stbenjam/git/h2ms/target/test-classes/edu/harvard/h2ms/service/UserDetailsServiceTest.class], file [/home/stbenjam/git/h2ms/target/classes/edu/harvard/h2ms/service/EmailService.class], file [/home/stbenjam/git/h2ms/target/classes/edu/harvard/h2ms/service/EmailServiceImpl.class], file [/home/stbenjam/git/h2ms/target/classes/edu/harvard/h2ms/service/EventService.class], file [/home/stbenjam/git/h2ms/target/classes/edu/harvard/h2ms/service/EventServiceImpl.class], file [/home/stbenjam/git/h2ms/target/classes/edu/harvard/h2ms/service/ManagementDashboardService.class], file [/home/stbenjam/git/h2ms/target/classes/edu/harvard/h2ms/service/ManagementDashboardServiceImpl.class], file [/home/stbenjam/git/h2ms/target/classes/edu/harvard/h2ms/service/RfidScannerService.class], file [/home/stbenjam/git/h2ms/target/classes/edu/harvard/h2ms/service/RfidScannerServiceImpl.class], file [/home/stbenjam/git/h2ms/target/classes/edu/harvard/h2ms/service/UserDetailsServiceImpl.class], file [/home/stbenjam/git/h2ms/target/classes/edu/harvard/h2ms/service/UserService.class], file [/home/stbenjam/git/h2ms/target/classes/edu/harvard/h2ms/service/UserServiceImpl.class]]
21:07:57.071 [main] DEBUG org.springframework.core.io.support.PathMatchingResourcePatternResolver - Resolved classpath location [edu/harvard/h2ms/] to resources [URL [file:/home/stbenjam/git/h2ms/target/test-classes/edu/harvard/h2ms/], URL [file:/home/stbenjam/git/h2ms/target/classes/edu/harvard/h2ms/]]
21:07:57.071 [main] DEBUG org.springframework.core.io.support.PathMatchingResourcePatternResolver - Looking for matching resources in directory tree [/home/stbenjam/git/h2ms/target/test-classes/edu/harvard/h2ms]
21:07:57.071 [main] DEBUG org.springframework.core.io.support.PathMatchingResourcePatternResolver - Searching directory [/home/stbenjam/git/h2ms/target/test-classes/edu/harvard/h2ms] for files matching pattern [/home/stbenjam/git/h2ms/target/test-classes/edu/harvard/h2ms/*.class]
21:07:57.072 [main] DEBUG org.springframework.core.io.support.PathMatchingResourcePatternResolver - Looking for matching resources in directory tree [/home/stbenjam/git/h2ms/target/classes/edu/harvard/h2ms]
21:07:57.072 [main] DEBUG org.springframework.core.io.support.PathMatchingResourcePatternResolver - Searching directory [/home/stbenjam/git/h2ms/target/classes/edu/harvard/h2ms] for files matching pattern [/home/stbenjam/git/h2ms/target/classes/edu/harvard/h2ms/*.class]
21:07:57.073 [main] DEBUG org.springframework.core.io.support.PathMatchingResourcePatternResolver - Resolved location pattern [classpath*:edu/harvard/h2ms/*.class] to resources [file [/home/stbenjam/git/h2ms/target/classes/edu/harvard/h2ms/H2MSRestAppInitializer.class]]
21:07:57.112 [main] DEBUG org.springframework.context.annotation.ClassPathScanningCandidateComponentProvider - Identified candidate component class: file [/home/stbenjam/git/h2ms/target/classes/edu/harvard/h2ms/H2MSRestAppInitializer.class]
21:07:57.113 [main] INFO org.springframework.boot.test.context.SpringBootTestContextBootstrapper - Found @SpringBootConfiguration edu.harvard.h2ms.H2MSRestAppInitializer for test class edu.harvard.h2ms.service.LocationServiceTests
21:07:57.117 [main] DEBUG org.springframework.boot.test.context.SpringBootTestContextBootstrapper - @TestExecutionListeners is not present for class [edu.harvard.h2ms.service.LocationServiceTests]: using defaults.
21:07:57.120 [main] INFO org.springframework.boot.test.context.SpringBootTestContextBootstrapper - Loaded default TestExecutionListener class names from location [META-INF/spring.factories]: [org.springframework.boot.test.mock.mockito.MockitoTestExecutionListener, org.springframework.boot.test.mock.mockito.ResetMocksTestExecutionListener, org.springframework.boot.test.autoconfigure.restdocs.RestDocsTestExecutionListener, org.springframework.boot.test.autoconfigure.web.client.MockRestServiceServerResetTestExecutionListener, org.springframework.boot.test.autoconfigure.web.servlet.MockMvcPrintOnlyOnFailureTestExecutionListener, org.springframework.boot.test.autoconfigure.web.servlet.WebDriverTestExecutionListener, org.springframework.test.context.web.ServletTestExecutionListener, org.springframework.test.context.support.DirtiesContextBeforeModesTestExecutionListener, org.springframework.test.context.support.DependencyInjectionTestExecutionListener, org.springframework.test.context.support.DirtiesContextTestExecutionListener, org.springframework.test.context.transaction.TransactionalTestExecutionListener, org.springframework.test.context.jdbc.SqlScriptsTestExecutionListener, org.springframework.security.test.context.support.WithSecurityContextTestExecutionListener]
21:07:57.152 [main] INFO org.springframework.boot.test.context.SpringBootTestContextBootstrapper - Using TestExecutionListeners: [org.springframework.test.context.web.ServletTestExecutionListener@63021689, org.springframework.test.context.support.DirtiesContextBeforeModesTestExecutionListener@703580bf, org.springframework.boot.test.autoconfigure.SpringBootDependencyInjectionTestExecutionListener@3e92efc3, org.springframework.test.context.support.DirtiesContextTestExecutionListener@1622f1b, org.springframework.test.context.transaction.TransactionalTestExecutionListener@72a7c7e0, org.springframework.test.context.jdbc.SqlScriptsTestExecutionListener@2e4b8173, org.springframework.security.test.context.support.WithSecurityContextTestExecutionListener@70e8f8e, org.springframework.boot.test.mock.mockito.MockitoTestExecutionListener@17046283, org.springframework.boot.test.mock.mockito.ResetMocksTestExecutionListener@5bd03f44, org.springframework.boot.test.autoconfigure.restdocs.RestDocsTestExecutionListener@29626d54, org.springframework.boot.test.autoconfigure.web.client.MockRestServiceServerResetTestExecutionListener@5a63f509, org.springframework.boot.test.autoconfigure.web.servlet.MockMvcPrintOnlyOnFailureTestExecutionListener@6e4784bc, org.springframework.boot.test.autoconfigure.web.servlet.WebDriverTestExecutionListener@34b7ac2f]
21:07:57.195 [main] DEBUG org.springframework.test.context.junit4.SpringJUnit4ClassRunner - SpringJUnit4ClassRunner constructor called with [class edu.harvard.h2ms.service.UserDetailsServiceTest]
21:07:57.197 [main] DEBUG org.springframework.test.context.BootstrapUtils - Instantiating CacheAwareContextLoaderDelegate from class [org.springframework.test.context.cache.DefaultCacheAwareContextLoaderDelegate]
21:07:57.197 [main] DEBUG org.springframework.test.context.BootstrapUtils - Instantiating BootstrapContext using constructor [public org.springframework.test.context.support.DefaultBootstrapContext(java.lang.Class,org.springframework.test.context.CacheAwareContextLoaderDelegate)]
21:07:57.198 [main] DEBUG org.springframework.test.context.BootstrapUtils - Instantiating TestContextBootstrapper for test class [edu.harvard.h2ms.service.UserDetailsServiceTest] from class [org.springframework.test.context.support.DefaultTestContextBootstrapper]
21:07:57.209 [main] INFO org.springframework.test.context.support.DefaultTestContextBootstrapper - Neither @ContextConfiguration nor @ContextHierarchy found for test class [edu.harvard.h2ms.service.UserDetailsServiceTest], using DelegatingSmartContextLoader
21:07:57.212 [main] DEBUG org.springframework.test.context.support.AbstractDelegatingSmartContextLoader - Delegating to GenericGroovyXmlContextLoader to process context configuration [ContextConfigurationAttributes@79e2c065 declaringClass = 'edu.harvard.h2ms.service.UserDetailsServiceTest', classes = '{}', locations = '{}', inheritLocations = false, initializers = '{}', inheritInitializers = true, name = [null], contextLoaderClass = 'org.springframework.test.context.ContextLoader'].
21:07:57.212 [main] DEBUG org.springframework.test.context.support.AbstractContextLoader - Did not detect default resource location for test class [edu.harvard.h2ms.service.UserDetailsServiceTest]: class path resource [edu/harvard/h2ms/service/UserDetailsServiceTest-context.xml] does not exist
21:07:57.213 [main] DEBUG org.springframework.test.context.support.AbstractContextLoader - Did not detect default resource location for test class [edu.harvard.h2ms.service.UserDetailsServiceTest]: class path resource [edu/harvard/h2ms/service/UserDetailsServiceTestContext.groovy] does not exist
21:07:57.213 [main] INFO org.springframework.test.context.support.AbstractContextLoader - Could not detect default resource locations for test class [edu.harvard.h2ms.service.UserDetailsServiceTest]: no resource found for suffixes {-context.xml, Context.groovy}.
21:07:57.213 [main] DEBUG org.springframework.test.context.support.AbstractDelegatingSmartContextLoader - Delegating to AnnotationConfigContextLoader to process context configuration [ContextConfigurationAttributes@79e2c065 declaringClass = 'edu.harvard.h2ms.service.UserDetailsServiceTest', classes = '{}', locations = '{}', inheritLocations = false, initializers = '{}', inheritInitializers = true, name = [null], contextLoaderClass = 'org.springframework.test.context.ContextLoader'].
21:07:57.215 [main] INFO org.springframework.test.context.support.AbstractDelegatingSmartContextLoader - AnnotationConfigContextLoader detected default configuration classes for context configuration [ContextConfigurationAttributes@79e2c065 declaringClass = 'edu.harvard.h2ms.service.UserDetailsServiceTest', classes = '{class edu.harvard.h2ms.service.UserDetailsServiceTest$UserDetailsServiceContextConfiguration}', locations = '{}', inheritLocations = false, initializers = '{}', inheritInitializers = true, name = [null], contextLoaderClass = 'org.springframework.test.context.ContextLoader'].
21:07:57.236 [main] DEBUG org.springframework.test.context.support.ActiveProfilesUtils - Could not find an 'annotation declaring class' for annotation type [org.springframework.test.context.ActiveProfiles] and class [edu.harvard.h2ms.service.UserDetailsServiceTest]
21:07:57.237 [main] DEBUG org.springframework.test.context.support.DefaultTestContextBootstrapper - @TestExecutionListeners is not present for class [edu.harvard.h2ms.service.UserDetailsServiceTest]: using defaults.
21:07:57.242 [main] INFO org.springframework.test.context.support.DefaultTestContextBootstrapper - Loaded default TestExecutionListener class names from location [META-INF/spring.factories]: [org.springframework.boot.test.mock.mockito.MockitoTestExecutionListener, org.springframework.boot.test.mock.mockito.ResetMocksTestExecutionListener, org.springframework.boot.test.autoconfigure.restdocs.RestDocsTestExecutionListener, org.springframework.boot.test.autoconfigure.web.client.MockRestServiceServerResetTestExecutionListener, org.springframework.boot.test.autoconfigure.web.servlet.MockMvcPrintOnlyOnFailureTestExecutionListener, org.springframework.boot.test.autoconfigure.web.servlet.WebDriverTestExecutionListener, org.springframework.test.context.web.ServletTestExecutionListener, org.springframework.test.context.support.DirtiesContextBeforeModesTestExecutionListener, org.springframework.test.context.support.DependencyInjectionTestExecutionListener, org.springframework.test.context.support.DirtiesContextTestExecutionListener, org.springframework.test.context.transaction.TransactionalTestExecutionListener, org.springframework.test.context.jdbc.SqlScriptsTestExecutionListener, org.springframework.security.test.context.support.WithSecurityContextTestExecutionListener]
21:07:57.243 [main] INFO org.springframework.test.context.support.DefaultTestContextBootstrapper - Using TestExecutionListeners: [org.springframework.test.context.web.ServletTestExecutionListener@6302bbb1, org.springframework.test.context.support.DirtiesContextBeforeModesTestExecutionListener@31304f14, org.springframework.test.context.support.DependencyInjectionTestExecutionListener@34a3d150, org.springframework.test.context.support.DirtiesContextTestExecutionListener@2a4fb17b, org.springframework.test.context.transaction.TransactionalTestExecutionListener@5c6648b0, org.springframework.test.context.jdbc.SqlScriptsTestExecutionListener@6f1de4c7, org.springframework.security.test.context.support.WithSecurityContextTestExecutionListener@459e9125, org.springframework.boot.test.mock.mockito.MockitoTestExecutionListener@128d2484, org.springframework.boot.test.mock.mockito.ResetMocksTestExecutionListener@7cc0cdad, org.springframework.boot.test.autoconfigure.restdocs.RestDocsTestExecutionListener@7c7b252e, org.springframework.boot.test.autoconfigure.web.client.MockRestServiceServerResetTestExecutionListener@4d5d943d, org.springframework.boot.test.autoconfigure.web.servlet.MockMvcPrintOnlyOnFailureTestExecutionListener@368f2016, org.springframework.boot.test.autoconfigure.web.servlet.WebDriverTestExecutionListener@4c583ecf]
21:07:57.245 [main] DEBUG org.springframework.test.context.junit4.SpringJUnit4ClassRunner - SpringJUnit4ClassRunner constructor called with [class edu.harvard.h2ms.domain.core.UserTest]
21:07:57.246 [main] DEBUG org.springframework.test.context.BootstrapUtils - Instantiating CacheAwareContextLoaderDelegate from class [org.springframework.test.context.cache.DefaultCacheAwareContextLoaderDelegate]
21:07:57.246 [main] DEBUG org.springframework.test.context.BootstrapUtils - Instantiating BootstrapContext using constructor [public org.springframework.test.context.support.DefaultBootstrapContext(java.lang.Class,org.springframework.test.context.CacheAwareContextLoaderDelegate)]
21:07:57.246 [main] DEBUG org.springframework.test.context.BootstrapUtils - Instantiating TestContextBootstrapper for test class [edu.harvard.h2ms.domain.core.UserTest] from class [org.springframework.boot.test.context.SpringBootTestContextBootstrapper]
21:07:57.248 [main] INFO org.springframework.boot.test.context.SpringBootTestContextBootstrapper - Neither @ContextConfiguration nor @ContextHierarchy found for test class [edu.harvard.h2ms.domain.core.UserTest], using SpringBootContextLoader
21:07:57.249 [main] DEBUG org.springframework.test.context.support.AbstractContextLoader - Did not detect default resource location for test class [edu.harvard.h2ms.domain.core.UserTest]: class path resource [edu/harvard/h2ms/domain/core/UserTest-context.xml] does not exist
21:07:57.249 [main] DEBUG org.springframework.test.context.support.AbstractContextLoader - Did not detect default resource location for test class [edu.harvard.h2ms.domain.core.UserTest]: class path resource [edu/harvard/h2ms/domain/core/UserTestContext.groovy] does not exist
21:07:57.249 [main] INFO org.springframework.test.context.support.AbstractContextLoader - Could not detect default resource locations for test class [edu.harvard.h2ms.domain.core.UserTest]: no resource found for suffixes {-context.xml, Context.groovy}.
21:07:57.250 [main] INFO org.springframework.test.context.support.AnnotationConfigContextLoaderUtils - Could not detect default configuration classes for test class [edu.harvard.h2ms.domain.core.UserTest]: UserTest does not declare any static, non-private, non-final, nested classes annotated with @Configuration.
21:07:57.293 [main] DEBUG org.springframework.test.context.support.ActiveProfilesUtils - Could not find an 'annotation declaring class' for annotation type [org.springframework.test.context.ActiveProfiles] and class [edu.harvard.h2ms.domain.core.UserTest]
21:07:57.294 [main] DEBUG org.springframework.core.env.StandardEnvironment - Adding PropertySource 'systemProperties' with lowest search precedence
21:07:57.294 [main] DEBUG org.springframework.core.env.StandardEnvironment - Adding PropertySource 'systemEnvironment' with lowest search precedence
21:07:57.295 [main] DEBUG org.springframework.core.env.StandardEnvironment - Initialized StandardEnvironment with PropertySources [MapPropertySource@1276611190 {name='systemProperties', properties={java.runtime.name=OpenJDK Runtime Environment, sun.boot.library.path=/usr/lib/jvm/java-1.8.0-openjdk-1.8.0.161-0.b14.fc27.x86_64/jre/lib/amd64, java.vm.version=25.161-b14, java.vm.vendor=Oracle Corporation, java.vendor.url=http://java.oracle.com/, path.separator=:, java.vm.name=OpenJDK 64-Bit Server VM, file.encoding.pkg=sun.io, user.country=US, sun.java.launcher=SUN_STANDARD, sun.os.patch.level=unknown, java.vm.specification.name=Java Virtual Machine Specification, user.dir=/home/stbenjam/git/h2ms, java.runtime.version=1.8.0_161-b14, basedir=/home/stbenjam/git/h2ms, java.awt.graphicsenv=sun.awt.X11GraphicsEnvironment, java.endorsed.dirs=/usr/lib/jvm/java-1.8.0-openjdk-1.8.0.161-0.b14.fc27.x86_64/jre/lib/endorsed, os.arch=amd64, surefire.real.class.path=/home/stbenjam/git/h2ms/target/surefire/surefirebooter4406525892180618587.jar, java.io.tmpdir=/tmp, line.separator=
, java.vm.specification.vendor=Oracle Corporation, os.name=Linux, sun.jnu.encoding=UTF-8, java.library.path=/usr/java/packages/lib/amd64:/usr/lib64:/lib64:/lib:/usr/lib, surefire.test.class.path=/home/stbenjam/git/h2ms/target/test-classes:/home/stbenjam/git/h2ms/target/classes:/home/stbenjam/.m2/repository/org/springframework/boot/spring-boot-starter-data-rest/1.5.10.RELEASE/spring-boot-starter-data-rest-1.5.10.RELEASE.jar:/home/stbenjam/.m2/repository/org/springframework/boot/spring-boot-starter/1.5.10.RELEASE/spring-boot-starter-1.5.10.RELEASE.jar:/home/stbenjam/.m2/repository/org/springframework/boot/spring-boot/1.5.10.RELEASE/spring-boot-1.5.10.RELEASE.jar:/home/stbenjam/.m2/repository/org/springframework/boot/spring-boot-autoconfigure/1.5.10.RELEASE/spring-boot-autoconfigure-1.5.10.RELEASE.jar:/home/stbenjam/.m2/repository/org/springframework/boot/spring-boot-starter-logging/1.5.10.RELEASE/spring-boot-starter-logging-1.5.10.RELEASE.jar:/home/stbenjam/.m2/repository/ch/qos/logback/logback-classic/1.1.11/logback-classic-1.1.11.jar:/home/stbenjam/.m2/repository/ch/qos/logback/logback-core/1.1.11/logback-core-1.1.11.jar:/home/stbenjam/.m2/repository/org/slf4j/jul-to-slf4j/1.7.25/jul-to-slf4j-1.7.25.jar:/home/stbenjam/.m2/repository/org/slf4j/log4j-over-slf4j/1.7.25/log4j-over-slf4j-1.7.25.jar:/home/stbenjam/.m2/repository/org/yaml/snakeyaml/1.17/snakeyaml-1.17.jar:/home/stbenjam/.m2/repository/com/fasterxml/jackson/core/jackson-annotations/2.8.0/jackson-annotations-2.8.0.jar:/home/stbenjam/.m2/repository/org/springframework/data/spring-data-rest-webmvc/2.6.10.RELEASE/spring-data-rest-webmvc-2.6.10.RELEASE.jar:/home/stbenjam/.m2/repository/org/springframework/data/spring-data-rest-core/2.6.10.RELEASE/spring-data-rest-core-2.6.10.RELEASE.jar:/home/stbenjam/.m2/repository/org/atteo/evo-inflector/1.2.2/evo-inflector-1.2.2.jar:/home/stbenjam/.m2/repository/org/slf4j/jcl-over-slf4j/1.7.25/jcl-over-slf4j-1.7.25.jar:/home/stbenjam/.m2/repository/org/springframework/boot/spring-boot-starter-web/1.5.10.RELEASE/spring-boot-starter-web-1.5.10.RELEASE.jar:/home/stbenjam/.m2/repository/org/springframework/boot/spring-boot-starter-tomcat/1.5.10.RELEASE/spring-boot-starter-tomcat-1.5.10.RELEASE.jar:/home/stbenjam/.m2/repository/org/apache/tomcat/embed/tomcat-embed-core/8.5.27/tomcat-embed-core-8.5.27.jar:/home/stbenjam/.m2/repository/org/apache/tomcat/tomcat-annotations-api/8.5.27/tomcat-annotations-api-8.5.27.jar:/home/stbenjam/.m2/repository/org/apache/tomcat/embed/tomcat-embed-el/8.5.27/tomcat-embed-el-8.5.27.jar:/home/stbenjam/.m2/repository/org/apache/tomcat/embed/tomcat-embed-websocket/8.5.27/tomcat-embed-websocket-8.5.27.jar:/home/stbenjam/.m2/repository/org/hibernate/hibernate-validator/5.3.6.Final/hibernate-validator-5.3.6.Final.jar:/home/stbenjam/.m2/repository/javax/validation/validation-api/1.1.0.Final/validation-api-1.1.0.Final.jar:/home/stbenjam/.m2/repository/org/jboss/logging/jboss-logging/3.3.1.Final/jboss-logging-3.3.1.Final.jar:/home/stbenjam/.m2/repository/org/springframework/spring-web/4.3.14.RELEASE/spring-web-4.3.14.RELEASE.jar:/home/stbenjam/.m2/repository/org/springframework/spring-webmvc/4.3.14.RELEASE/spring-webmvc-4.3.14.RELEASE.jar:/home/stbenjam/.m2/repository/org/springframework/spring-expression/4.3.14.RELEASE/spring-expression-4.3.14.RELEASE.jar:/home/stbenjam/.m2/repository/org/springframework/boot/spring-boot-starter-thymeleaf/1.5.10.RELEASE/spring-boot-starter-thymeleaf-1.5.10.RELEASE.jar:/home/stbenjam/.m2/repository/org/thymeleaf/thymeleaf-spring4/2.1.6.RELEASE/thymeleaf-spring4-2.1.6.RELEASE.jar:/home/stbenjam/.m2/repository/org/thymeleaf/thymeleaf/2.1.6.RELEASE/thymeleaf-2.1.6.RELEASE.jar:/home/stbenjam/.m2/repository/ognl/ognl/3.0.8/ognl-3.0.8.jar:/home/stbenjam/.m2/repository/org/unbescape/unbescape/1.1.0.RELEASE/unbescape-1.1.0.RELEASE.jar:/home/stbenjam/.m2/repository/nz/net/ultraq/thymeleaf/thymeleaf-layout-dialect/1.4.0/thymeleaf-layout-dialect-1.4.0.jar:/home/stbenjam/.m2/repository/org/codehaus/groovy/groovy/2.4.13/groovy-2.4.13.jar:/home/stbenjam/.m2/repository/org/springframework/boot/spring-boot-starter-test/1.5.10.RELEASE/spring-boot-starter-test-1.5.10.RELEASE.jar:/home/stbenjam/.m2/repository/org/springframework/boot/spring-boot-test/1.5.10.RELEASE/spring-boot-test-1.5.10.RELEASE.jar:/home/stbenjam/.m2/repository/org/springframework/boot/spring-boot-test-autoconfigure/1.5.10.RELEASE/spring-boot-test-autoconfigure-1.5.10.RELEASE.jar:/home/stbenjam/.m2/repository/com/jayway/jsonpath/json-path/2.2.0/json-path-2.2.0.jar:/home/stbenjam/.m2/repository/net/minidev/json-smart/2.2.1/json-smart-2.2.1.jar:/home/stbenjam/.m2/repository/net/minidev/accessors-smart/1.1/accessors-smart-1.1.jar:/home/stbenjam/.m2/repository/org/ow2/asm/asm/5.0.3/asm-5.0.3.jar:/home/stbenjam/.m2/repository/junit/junit/4.12/junit-4.12.jar:/home/stbenjam/.m2/repository/org/assertj/assertj-core/2.6.0/assertj-core-2.6.0.jar:/home/stbenjam/.m2/repository/org/mockito/mockito-core/1.10.19/mockito-core-1.10.19.jar:/home/stbenjam/.m2/repository/org/objenesis/objenesis/2.1/objenesis-2.1.jar:/home/stbenjam/.m2/repository/org/hamcrest/hamcrest-core/1.3/hamcrest-core-1.3.jar:/home/stbenjam/.m2/repository/org/hamcrest/hamcrest-library/1.3/hamcrest-library-1.3.jar:/home/stbenjam/.m2/repository/org/skyscreamer/jsonassert/1.4.0/jsonassert-1.4.0.jar:/home/stbenjam/.m2/repository/org/springframework/spring-core/4.3.14.RELEASE/spring-core-4.3.14.RELEASE.jar:/home/stbenjam/.m2/repository/org/springframework/spring-test/4.3.14.RELEASE/spring-test-4.3.14.RELEASE.jar:/home/stbenjam/.m2/repository/org/springframework/restdocs/spring-restdocs-mockmvc/1.1.3.RELEASE/spring-restdocs-mockmvc-1.1.3.RELEASE.jar:/home/stbenjam/.m2/repository/org/springframework/restdocs/spring-restdocs-core/1.1.3.RELEASE/spring-restdocs-core-1.1.3.RELEASE.jar:/home/stbenjam/.m2/repository/javax/servlet/javax.servlet-api/3.1.0/javax.servlet-api-3.1.0.jar:/home/stbenjam/.m2/repository/org/springframework/boot/spring-boot-starter-data-jpa/1.5.10.RELEASE/spring-boot-starter-data-jpa-1.5.10.RELEASE.jar:/home/stbenjam/.m2/repository/org/springframework/boot/spring-boot-starter-aop/1.5.10.RELEASE/spring-boot-starter-aop-1.5.10.RELEASE.jar:/home/stbenjam/.m2/repository/org/aspectj/aspectjweaver/1.8.13/aspectjweaver-1.8.13.jar:/home/stbenjam/.m2/repository/org/springframework/boot/spring-boot-starter-jdbc/1.5.10.RELEASE/spring-boot-starter-jdbc-1.5.10.RELEASE.jar:/home/stbenjam/.m2/repository/org/apache/tomcat/tomcat-jdbc/8.5.27/tomcat-jdbc-8.5.27.jar:/home/stbenjam/.m2/repository/org/apache/tomcat/tomcat-juli/8.5.27/tomcat-juli-8.5.27.jar:/home/stbenjam/.m2/repository/org/springframework/spring-jdbc/4.3.14.RELEASE/spring-jdbc-4.3.14.RELEASE.jar:/home/stbenjam/.m2/repository/org/hibernate/hibernate-core/5.0.12.Final/hibernate-core-5.0.12.Final.jar:/home/stbenjam/.m2/repository/org/hibernate/javax/persistence/hibernate-jpa-2.1-api/1.0.0.Final/hibernate-jpa-2.1-api-1.0.0.Final.jar:/home/stbenjam/.m2/repository/org/javassist/javassist/3.21.0-GA/javassist-3.21.0-GA.jar:/home/stbenjam/.m2/repository/antlr/antlr/2.7.7/antlr-2.7.7.jar:/home/stbenjam/.m2/repository/org/jboss/jandex/2.0.0.Final/jandex-2.0.0.Final.jar:/home/stbenjam/.m2/repository/dom4j/dom4j/1.6.1/dom4j-1.6.1.jar:/home/stbenjam/.m2/repository/org/hibernate/common/hibernate-commons-annotations/5.0.1.Final/hibernate-commons-annotations-5.0.1.Final.jar:/home/stbenjam/.m2/repository/org/hibernate/hibernate-entitymanager/5.0.12.Final/hibernate-entitymanager-5.0.12.Final.jar:/home/stbenjam/.m2/repository/javax/transaction/javax.transaction-api/1.2/javax.transaction-api-1.2.jar:/home/stbenjam/.m2/repository/org/springframework/data/spring-data-jpa/1.11.10.RELEASE/spring-data-jpa-1.11.10.RELEASE.jar:/home/stbenjam/.m2/repository/org/springframework/data/spring-data-commons/1.13.10.RELEASE/spring-data-commons-1.13.10.RELEASE.jar:/home/stbenjam/.m2/repository/org/springframework/spring-orm/4.3.14.RELEASE/spring-orm-4.3.14.RELEASE.jar:/home/stbenjam/.m2/repository/org/springframework/spring-tx/4.3.14.RELEASE/spring-tx-4.3.14.RELEASE.jar:/home/stbenjam/.m2/repository/org/springframework/spring-aspects/4.3.14.RELEASE/spring-aspects-4.3.14.RELEASE.jar:/home/stbenjam/.m2/repository/com/h2database/h2/1.4.196/h2-1.4.196.jar:/home/stbenjam/.m2/repository/org/postgresql/postgresql/9.4-1206-jdbc42/postgresql-9.4-1206-jdbc42.jar:/home/stbenjam/.m2/repository/log4j/log4j/1.2.17/log4j-1.2.17.jar:/home/stbenjam/.m2/repository/com/google/guava/guava/19.0/guava-19.0.jar:/home/stbenjam/.m2/repository/javax/mail/mail/1.4/mail-1.4.jar:/home/stbenjam/.m2/repository/javax/activation/activation/1.1/activation-1.1.jar:/home/stbenjam/.m2/repository/org/springframework/boot/spring-boot-starter-security/1.5.10.RELEASE/spring-boot-starter-security-1.5.10.RELEASE.jar:/home/stbenjam/.m2/repository/org/springframework/spring-aop/4.3.14.RELEASE/spring-aop-4.3.14.RELEASE.jar:/home/stbenjam/.m2/repository/org/springframework/security/spring-security-config/4.2.4.RELEASE/spring-security-config-4.2.4.RELEASE.jar:/home/stbenjam/.m2/repository/org/springframework/security/spring-security-web/4.2.4.RELEASE/spring-security-web-4.2.4.RELEASE.jar:/home/stbenjam/.m2/repository/org/springframework/boot/spring-boot-starter-mail/1.4.3.RELEASE/spring-boot-starter-mail-1.4.3.RELEASE.jar:/home/stbenjam/.m2/repository/org/springframework/spring-context/4.3.14.RELEASE/spring-context-4.3.14.RELEASE.jar:/home/stbenjam/.m2/repository/com/sun/mail/javax.mail/1.5.6/javax.mail-1.5.6.jar:/home/stbenjam/.m2/repository/com/icegreen/greenmail/1.5.5/greenmail-1.5.5.jar:/home/stbenjam/.m2/repository/org/slf4j/slf4j-api/1.7.25/slf4j-api-1.7.25.jar:/home/stbenjam/.m2/repository/org/springframework/security/spring-security-test/4.2.4.RELEASE/spring-security-test-4.2.4.RELEASE.jar:/home/stbenjam/.m2/repository/org/springframework/security/spring-security-core/4.2.4.RELEASE/spring-security-core-4.2.4.RELEASE.jar:/home/stbenjam/.m2/repository/aopalliance/aopalliance/1.0/aopalliance-1.0.jar:/home/stbenjam/.m2/repository/org/springframework/security/oauth/spring-security-oauth2/2.0.14.RELEASE/spring-security-oauth2-2.0.14.RELEASE.jar:/home/stbenjam/.m2/repository/org/springframework/spring-beans/4.3.14.RELEASE/spring-beans-4.3.14.RELEASE.jar:/home/stbenjam/.m2/repository/commons-codec/commons-codec/1.10/commons-codec-1.10.jar:/home/stbenjam/.m2/repository/org/codehaus/jackson/jackson-mapper-asl/1.9.13/jackson-mapper-asl-1.9.13.jar:/home/stbenjam/.m2/repository/org/codehaus/jackson/jackson-core-asl/1.9.13/jackson-core-asl-1.9.13.jar:/home/stbenjam/.m2/repository/io/springfox/springfox-swagger2/2.8.0/springfox-swagger2-2.8.0.jar:/home/stbenjam/.m2/repository/io/swagger/swagger-annotations/1.5.14/swagger-annotations-1.5.14.jar:/home/stbenjam/.m2/repository/io/swagger/swagger-models/1.5.14/swagger-models-1.5.14.jar:/home/stbenjam/.m2/repository/io/springfox/springfox-spi/2.8.0/springfox-spi-2.8.0.jar:/home/stbenjam/.m2/repository/io/springfox/springfox-core/2.8.0/springfox-core-2.8.0.jar:/home/stbenjam/.m2/repository/net/bytebuddy/byte-buddy/1.7.9/byte-buddy-1.7.9.jar:/home/stbenjam/.m2/repository/io/springfox/springfox-schema/2.8.0/springfox-schema-2.8.0.jar:/home/stbenjam/.m2/repository/io/springfox/springfox-swagger-common/2.8.0/springfox-swagger-common-2.8.0.jar:/home/stbenjam/.m2/repository/io/springfox/springfox-spring-web/2.8.0/springfox-spring-web-2.8.0.jar:/home/stbenjam/.m2/repository/org/reflections/reflections/0.9.11/reflections-0.9.11.jar:/home/stbenjam/.m2/repository/com/fasterxml/classmate/1.3.4/classmate-1.3.4.jar:/home/stbenjam/.m2/repository/org/springframework/plugin/spring-plugin-core/1.2.0.RELEASE/spring-plugin-core-1.2.0.RELEASE.jar:/home/stbenjam/.m2/repository/org/springframework/plugin/spring-plugin-metadata/1.2.0.RELEASE/spring-plugin-metadata-1.2.0.RELEASE.jar:/home/stbenjam/.m2/repository/org/mapstruct/mapstruct/1.2.0.Final/mapstruct-1.2.0.Final.jar:/home/stbenjam/.m2/repository/io/springfox/springfox-swagger-ui/2.8.0/springfox-swagger-ui-2.8.0.jar:/home/stbenjam/.m2/repository/io/springfox/springfox-data-rest/2.8.0/springfox-data-rest-2.8.0.jar:/home/stbenjam/.m2/repository/org/springframework/hateoas/spring-hateoas/0.23.0.RELEASE/spring-hateoas-0.23.0.RELEASE.jar:/home/stbenjam/.m2/repository/org/usb4java/usb4java-javax/1.2.0/usb4java-javax-1.2.0.jar:/home/stbenjam/.m2/repository/javax/usb/usb-api/1.0.2/usb-api-1.0.2.jar:/home/stbenjam/.m2/repository/org/apache/commons/commons-lang3/3.2.1/commons-lang3-3.2.1.jar:/home/stbenjam/.m2/repository/org/usb4java/usb4java/1.2.0/usb4java-1.2.0.jar:/home/stbenjam/.m2/repository/org/usb4java/libusb4java/1.2.0/libusb4java-1.2.0-linux-x86.jar:/home/stbenjam/.m2/repository/org/usb4java/libusb4java/1.2.0/libusb4java-1.2.0-linux-x86_64.jar:/home/stbenjam/.m2/repository/org/usb4java/libusb4java/1.2.0/libusb4java-1.2.0-linux-arm.jar:/home/stbenjam/.m2/repository/org/usb4java/libusb4java/1.2.0/libusb4java-1.2.0-windows-x86.jar:/home/stbenjam/.m2/repository/org/usb4java/libusb4java/1.2.0/libusb4java-1.2.0-windows-x86_64.jar:/home/stbenjam/.m2/repository/org/usb4java/libusb4java/1.2.0/libusb4java-1.2.0-osx-x86.jar:/home/stbenjam/.m2/repository/org/usb4java/libusb4java/1.2.0/libusb4java-1.2.0-osx-x86_64.jar:/home/stbenjam/.m2/repository/org/mockito/mockito-all/1.9.5/mockito-all-1.9.5.jar:/home/stbenjam/.m2/repository/com/fasterxml/jackson/core/jackson-databind/2.5.0/jackson-databind-2.5.0.jar:/home/stbenjam/.m2/repository/com/fasterxml/jackson/core/jackson-core/2.8.10/jackson-core-2.8.10.jar:/home/stbenjam/.m2/repository/com/vaadin/external/google/android-json/0.0.20131108.vaadin1/android-json-0.0.20131108.vaadin1.jar:/home/stbenjam/.m2/repository/com/tngtech/java/junit-dataprovider/1.13.1/junit-dataprovider-1.13.1.jar:/home/stbenjam/.m2/repository/org/springframework/spring-context-support/3.2.0.RELEASE/spring-context-support-3.2.0.RELEASE.jar:, java.specification.name=Java Platform API Specification, java.class.version=52.0, sun.management.compiler=HotSpot 64-Bit Tiered Compilers, os.version=4.14.14-300.fc27.x86_64, user.home=/home/stbenjam, user.timezone=America/New_York, java.awt.printerjob=sun.print.PSPrinterJob, file.encoding=UTF-8, java.specification.version=1.8, java.class.path=/home/stbenjam/git/h2ms/target/test-classes:/home/stbenjam/git/h2ms/target/classes:/home/stbenjam/.m2/repository/org/springframework/boot/spring-boot-starter-data-rest/1.5.10.RELEASE/spring-boot-starter-data-rest-1.5.10.RELEASE.jar:/home/stbenjam/.m2/repository/org/springframework/boot/spring-boot-starter/1.5.10.RELEASE/spring-boot-starter-1.5.10.RELEASE.jar:/home/stbenjam/.m2/repository/org/springframework/boot/spring-boot/1.5.10.RELEASE/spring-boot-1.5.10.RELEASE.jar:/home/stbenjam/.m2/repository/org/springframework/boot/spring-boot-autoconfigure/1.5.10.RELEASE/spring-boot-autoconfigure-1.5.10.RELEASE.jar:/home/stbenjam/.m2/repository/org/springframework/boot/spring-boot-starter-logging/1.5.10.RELEASE/spring-boot-starter-logging-1.5.10.RELEASE.jar:/home/stbenjam/.m2/repository/ch/qos/logback/logback-classic/1.1.11/logback-classic-1.1.11.jar:/home/stbenjam/.m2/repository/ch/qos/logback/logback-core/1.1.11/logback-core-1.1.11.jar:/home/stbenjam/.m2/repository/org/slf4j/jul-to-slf4j/1.7.25/jul-to-slf4j-1.7.25.jar:/home/stbenjam/.m2/repository/org/slf4j/log4j-over-slf4j/1.7.25/log4j-over-slf4j-1.7.25.jar:/home/stbenjam/.m2/repository/org/yaml/snakeyaml/1.17/snakeyaml-1.17.jar:/home/stbenjam/.m2/repository/com/fasterxml/jackson/core/jackson-annotations/2.8.0/jackson-annotations-2.8.0.jar:/home/stbenjam/.m2/repository/org/springframework/data/spring-data-rest-webmvc/2.6.10.RELEASE/spring-data-rest-webmvc-2.6.10.RELEASE.jar:/home/stbenjam/.m2/repository/org/springframework/data/spring-data-rest-core/2.6.10.RELEASE/spring-data-rest-core-2.6.10.RELEASE.jar:/home/stbenjam/.m2/repository/org/atteo/evo-inflector/1.2.2/evo-inflector-1.2.2.jar:/home/stbenjam/.m2/repository/org/slf4j/jcl-over-slf4j/1.7.25/jcl-over-slf4j-1.7.25.jar:/home/stbenjam/.m2/repository/org/springframework/boot/spring-boot-starter-web/1.5.10.RELEASE/spring-boot-starter-web-1.5.10.RELEASE.jar:/home/stbenjam/.m2/repository/org/springframework/boot/spring-boot-starter-tomcat/1.5.10.RELEASE/spring-boot-starter-tomcat-1.5.10.RELEASE.jar:/home/stbenjam/.m2/repository/org/apache/tomcat/embed/tomcat-embed-core/8.5.27/tomcat-embed-core-8.5.27.jar:/home/stbenjam/.m2/repository/org/apache/tomcat/tomcat-annotations-api/8.5.27/tomcat-annotations-api-8.5.27.jar:/home/stbenjam/.m2/repository/org/apache/tomcat/embed/tomcat-embed-el/8.5.27/tomcat-embed-el-8.5.27.jar:/home/stbenjam/.m2/repository/org/apache/tomcat/embed/tomcat-embed-websocket/8.5.27/tomcat-embed-websocket-8.5.27.jar:/home/stbenjam/.m2/repository/org/hibernate/hibernate-validator/5.3.6.Final/hibernate-validator-5.3.6.Final.jar:/home/stbenjam/.m2/repository/javax/validation/validation-api/1.1.0.Final/validation-api-1.1.0.Final.jar:/home/stbenjam/.m2/repository/org/jboss/logging/jboss-logging/3.3.1.Final/jboss-logging-3.3.1.Final.jar:/home/stbenjam/.m2/repository/org/springframework/spring-web/4.3.14.RELEASE/spring-web-4.3.14.RELEASE.jar:/home/stbenjam/.m2/repository/org/springframework/spring-webmvc/4.3.14.RELEASE/spring-webmvc-4.3.14.RELEASE.jar:/home/stbenjam/.m2/repository/org/springframework/spring-expression/4.3.14.RELEASE/spring-expression-4.3.14.RELEASE.jar:/home/stbenjam/.m2/repository/org/springframework/boot/spring-boot-starter-thymeleaf/1.5.10.RELEASE/spring-boot-starter-thymeleaf-1.5.10.RELEASE.jar:/home/stbenjam/.m2/repository/org/thymeleaf/thymeleaf-spring4/2.1.6.RELEASE/thymeleaf-spring4-2.1.6.RELEASE.jar:/home/stbenjam/.m2/repository/org/thymeleaf/thymeleaf/2.1.6.RELEASE/thymeleaf-2.1.6.RELEASE.jar:/home/stbenjam/.m2/repository/ognl/ognl/3.0.8/ognl-3.0.8.jar:/home/stbenjam/.m2/repository/org/unbescape/unbescape/1.1.0.RELEASE/unbescape-1.1.0.RELEASE.jar:/home/stbenjam/.m2/repository/nz/net/ultraq/thymeleaf/thymeleaf-layout-dialect/1.4.0/thymeleaf-layout-dialect-1.4.0.jar:/home/stbenjam/.m2/repository/org/codehaus/groovy/groovy/2.4.13/groovy-2.4.13.jar:/home/stbenjam/.m2/repository/org/springframework/boot/spring-boot-starter-test/1.5.10.RELEASE/spring-boot-starter-test-1.5.10.RELEASE.jar:/home/stbenjam/.m2/repository/org/springframework/boot/spring-boot-test/1.5.10.RELEASE/spring-boot-test-1.5.10.RELEASE.jar:/home/stbenjam/.m2/repository/org/springframework/boot/spring-boot-test-autoconfigure/1.5.10.RELEASE/spring-boot-test-autoconfigure-1.5.10.RELEASE.jar:/home/stbenjam/.m2/repository/com/jayway/jsonpath/json-path/2.2.0/json-path-2.2.0.jar:/home/stbenjam/.m2/repository/net/minidev/json-smart/2.2.1/json-smart-2.2.1.jar:/home/stbenjam/.m2/repository/net/minidev/accessors-smart/1.1/accessors-smart-1.1.jar:/home/stbenjam/.m2/repository/org/ow2/asm/asm/5.0.3/asm-5.0.3.jar:/home/stbenjam/.m2/repository/junit/junit/4.12/junit-4.12.jar:/home/stbenjam/.m2/repository/org/assertj/assertj-core/2.6.0/assertj-core-2.6.0.jar:/home/stbenjam/.m2/repository/org/mockito/mockito-core/1.10.19/mockito-core-1.10.19.jar:/home/stbenjam/.m2/repository/org/objenesis/objenesis/2.1/objenesis-2.1.jar:/home/stbenjam/.m2/repository/org/hamcrest/hamcrest-core/1.3/hamcrest-core-1.3.jar:/home/stbenjam/.m2/repository/org/hamcrest/hamcrest-library/1.3/hamcrest-library-1.3.jar:/home/stbenjam/.m2/repository/org/skyscreamer/jsonassert/1.4.0/jsonassert-1.4.0.jar:/home/stbenjam/.m2/repository/org/springframework/spring-core/4.3.14.RELEASE/spring-core-4.3.14.RELEASE.jar:/home/stbenjam/.m2/repository/org/springframework/spring-test/4.3.14.RELEASE/spring-test-4.3.14.RELEASE.jar:/home/stbenjam/.m2/repository/org/springframework/restdocs/spring-restdocs-mockmvc/1.1.3.RELEASE/spring-restdocs-mockmvc-1.1.3.RELEASE.jar:/home/stbenjam/.m2/repository/org/springframework/restdocs/spring-restdocs-core/1.1.3.RELEASE/spring-restdocs-core-1.1.3.RELEASE.jar:/home/stbenjam/.m2/repository/javax/servlet/javax.servlet-api/3.1.0/javax.servlet-api-3.1.0.jar:/home/stbenjam/.m2/repository/org/springframework/boot/spring-boot-starter-data-jpa/1.5.10.RELEASE/spring-boot-starter-data-jpa-1.5.10.RELEASE.jar:/home/stbenjam/.m2/repository/org/springframework/boot/spring-boot-starter-aop/1.5.10.RELEASE/spring-boot-starter-aop-1.5.10.RELEASE.jar:/home/stbenjam/.m2/repository/org/aspectj/aspectjweaver/1.8.13/aspectjweaver-1.8.13.jar:/home/stbenjam/.m2/repository/org/springframework/boot/spring-boot-starter-jdbc/1.5.10.RELEASE/spring-boot-starter-jdbc-1.5.10.RELEASE.jar:/home/stbenjam/.m2/repository/org/apache/tomcat/tomcat-jdbc/8.5.27/tomcat-jdbc-8.5.27.jar:/home/stbenjam/.m2/repository/org/apache/tomcat/tomcat-juli/8.5.27/tomcat-juli-8.5.27.jar:/home/stbenjam/.m2/repository/org/springframework/spring-jdbc/4.3.14.RELEASE/spring-jdbc-4.3.14.RELEASE.jar:/home/stbenjam/.m2/repository/org/hibernate/hibernate-core/5.0.12.Final/hibernate-core-5.0.12.Final.jar:/home/stbenjam/.m2/repository/org/hibernate/javax/persistence/hibernate-jpa-2.1-api/1.0.0.Final/hibernate-jpa-2.1-api-1.0.0.Final.jar:/home/stbenjam/.m2/repository/org/javassist/javassist/3.21.0-GA/javassist-3.21.0-GA.jar:/home/stbenjam/.m2/repository/antlr/antlr/2.7.7/antlr-2.7.7.jar:/home/stbenjam/.m2/repository/org/jboss/jandex/2.0.0.Final/jandex-2.0.0.Final.jar:/home/stbenjam/.m2/repository/dom4j/dom4j/1.6.1/dom4j-1.6.1.jar:/home/stbenjam/.m2/repository/org/hibernate/common/hibernate-commons-annotations/5.0.1.Final/hibernate-commons-annotations-5.0.1.Final.jar:/home/stbenjam/.m2/repository/org/hibernate/hibernate-entitymanager/5.0.12.Final/hibernate-entitymanager-5.0.12.Final.jar:/home/stbenjam/.m2/repository/javax/transaction/javax.transaction-api/1.2/javax.transaction-api-1.2.jar:/home/stbenjam/.m2/repository/org/springframework/data/spring-data-jpa/1.11.10.RELEASE/spring-data-jpa-1.11.10.RELEASE.jar:/home/stbenjam/.m2/repository/org/springframework/data/spring-data-commons/1.13.10.RELEASE/spring-data-commons-1.13.10.RELEASE.jar:/home/stbenjam/.m2/repository/org/springframework/spring-orm/4.3.14.RELEASE/spring-orm-4.3.14.RELEASE.jar:/home/stbenjam/.m2/repository/org/springframework/spring-tx/4.3.14.RELEASE/spring-tx-4.3.14.RELEASE.jar:/home/stbenjam/.m2/repository/org/springframework/spring-aspects/4.3.14.RELEASE/spring-aspects-4.3.14.RELEASE.jar:/home/stbenjam/.m2/repository/com/h2database/h2/1.4.196/h2-1.4.196.jar:/home/stbenjam/.m2/repository/org/postgresql/postgresql/9.4-1206-jdbc42/postgresql-9.4-1206-jdbc42.jar:/home/stbenjam/.m2/repository/log4j/log4j/1.2.17/log4j-1.2.17.jar:/home/stbenjam/.m2/repository/com/google/guava/guava/19.0/guava-19.0.jar:/home/stbenjam/.m2/repository/javax/mail/mail/1.4/mail-1.4.jar:/home/stbenjam/.m2/repository/javax/activation/activation/1.1/activation-1.1.jar:/home/stbenjam/.m2/repository/org/springframework/boot/spring-boot-starter-security/1.5.10.RELEASE/spring-boot-starter-security-1.5.10.RELEASE.jar:/home/stbenjam/.m2/repository/org/springframework/spring-aop/4.3.14.RELEASE/spring-aop-4.3.14.RELEASE.jar:/home/stbenjam/.m2/repository/org/springframework/security/spring-security-config/4.2.4.RELEASE/spring-security-config-4.2.4.RELEASE.jar:/home/stbenjam/.m2/repository/org/springframework/security/spring-security-web/4.2.4.RELEASE/spring-security-web-4.2.4.RELEASE.jar:/home/stbenjam/.m2/repository/org/springframework/boot/spring-boot-starter-mail/1.4.3.RELEASE/spring-boot-starter-mail-1.4.3.RELEASE.jar:/home/stbenjam/.m2/repository/org/springframework/spring-context/4.3.14.RELEASE/spring-context-4.3.14.RELEASE.jar:/home/stbenjam/.m2/repository/com/sun/mail/javax.mail/1.5.6/javax.mail-1.5.6.jar:/home/stbenjam/.m2/repository/com/icegreen/greenmail/1.5.5/greenmail-1.5.5.jar:/home/stbenjam/.m2/repository/org/slf4j/slf4j-api/1.7.25/slf4j-api-1.7.25.jar:/home/stbenjam/.m2/repository/org/springframework/security/spring-security-test/4.2.4.RELEASE/spring-security-test-4.2.4.RELEASE.jar:/home/stbenjam/.m2/repository/org/springframework/security/spring-security-core/4.2.4.RELEASE/spring-security-core-4.2.4.RELEASE.jar:/home/stbenjam/.m2/repository/aopalliance/aopalliance/1.0/aopalliance-1.0.jar:/home/stbenjam/.m2/repository/org/springframework/security/oauth/spring-security-oauth2/2.0.14.RELEASE/spring-security-oauth2-2.0.14.RELEASE.jar:/home/stbenjam/.m2/repository/org/springframework/spring-beans/4.3.14.RELEASE/spring-beans-4.3.14.RELEASE.jar:/home/stbenjam/.m2/repository/commons-codec/commons-codec/1.10/commons-codec-1.10.jar:/home/stbenjam/.m2/repository/org/codehaus/jackson/jackson-mapper-asl/1.9.13/jackson-mapper-asl-1.9.13.jar:/home/stbenjam/.m2/repository/org/codehaus/jackson/jackson-core-asl/1.9.13/jackson-core-asl-1.9.13.jar:/home/stbenjam/.m2/repository/io/springfox/springfox-swagger2/2.8.0/springfox-swagger2-2.8.0.jar:/home/stbenjam/.m2/repository/io/swagger/swagger-annotations/1.5.14/swagger-annotations-1.5.14.jar:/home/stbenjam/.m2/repository/io/swagger/swagger-models/1.5.14/swagger-models-1.5.14.jar:/home/stbenjam/.m2/repository/io/springfox/springfox-spi/2.8.0/springfox-spi-2.8.0.jar:/home/stbenjam/.m2/repository/io/springfox/springfox-core/2.8.0/springfox-core-2.8.0.jar:/home/stbenjam/.m2/repository/net/bytebuddy/byte-buddy/1.7.9/byte-buddy-1.7.9.jar:/home/stbenjam/.m2/repository/io/springfox/springfox-schema/2.8.0/springfox-schema-2.8.0.jar:/home/stbenjam/.m2/repository/io/springfox/springfox-swagger-common/2.8.0/springfox-swagger-common-2.8.0.jar:/home/stbenjam/.m2/repository/io/springfox/springfox-spring-web/2.8.0/springfox-spring-web-2.8.0.jar:/home/stbenjam/.m2/repository/org/reflections/reflections/0.9.11/reflections-0.9.11.jar:/home/stbenjam/.m2/repository/com/fasterxml/classmate/1.3.4/classmate-1.3.4.jar:/home/stbenjam/.m2/repository/org/springframework/plugin/spring-plugin-core/1.2.0.RELEASE/spring-plugin-core-1.2.0.RELEASE.jar:/home/stbenjam/.m2/repository/org/springframework/plugin/spring-plugin-metadata/1.2.0.RELEASE/spring-plugin-metadata-1.2.0.RELEASE.jar:/home/stbenjam/.m2/repository/org/mapstruct/mapstruct/1.2.0.Final/mapstruct-1.2.0.Final.jar:/home/stbenjam/.m2/repository/io/springfox/springfox-swagger-ui/2.8.0/springfox-swagger-ui-2.8.0.jar:/home/stbenjam/.m2/repository/io/springfox/springfox-data-rest/2.8.0/springfox-data-rest-2.8.0.jar:/home/stbenjam/.m2/repository/org/springframework/hateoas/spring-hateoas/0.23.0.RELEASE/spring-hateoas-0.23.0.RELEASE.jar:/home/stbenjam/.m2/repository/org/usb4java/usb4java-javax/1.2.0/usb4java-javax-1.2.0.jar:/home/stbenjam/.m2/repository/javax/usb/usb-api/1.0.2/usb-api-1.0.2.jar:/home/stbenjam/.m2/repository/org/apache/commons/commons-lang3/3.2.1/commons-lang3-3.2.1.jar:/home/stbenjam/.m2/repository/org/usb4java/usb4java/1.2.0/usb4java-1.2.0.jar:/home/stbenjam/.m2/repository/org/usb4java/libusb4java/1.2.0/libusb4java-1.2.0-linux-x86.jar:/home/stbenjam/.m2/repository/org/usb4java/libusb4java/1.2.0/libusb4java-1.2.0-linux-x86_64.jar:/home/stbenjam/.m2/repository/org/usb4java/libusb4java/1.2.0/libusb4java-1.2.0-linux-arm.jar:/home/stbenjam/.m2/repository/org/usb4java/libusb4java/1.2.0/libusb4java-1.2.0-windows-x86.jar:/home/stbenjam/.m2/repository/org/usb4java/libusb4java/1.2.0/libusb4java-1.2.0-windows-x86_64.jar:/home/stbenjam/.m2/repository/org/usb4java/libusb4java/1.2.0/libusb4java-1.2.0-osx-x86.jar:/home/stbenjam/.m2/repository/org/usb4java/libusb4java/1.2.0/libusb4java-1.2.0-osx-x86_64.jar:/home/stbenjam/.m2/repository/org/mockito/mockito-all/1.9.5/mockito-all-1.9.5.jar:/home/stbenjam/.m2/repository/com/fasterxml/jackson/core/jackson-databind/2.5.0/jackson-databind-2.5.0.jar:/home/stbenjam/.m2/repository/com/fasterxml/jackson/core/jackson-core/2.8.10/jackson-core-2.8.10.jar:/home/stbenjam/.m2/repository/com/vaadin/external/google/android-json/0.0.20131108.vaadin1/android-json-0.0.20131108.vaadin1.jar:/home/stbenjam/.m2/repository/com/tngtech/java/junit-dataprovider/1.13.1/junit-dataprovider-1.13.1.jar:/home/stbenjam/.m2/repository/org/springframework/spring-context-support/3.2.0.RELEASE/spring-context-support-3.2.0.RELEASE.jar:, user.name=stbenjam, java.vm.specification.version=1.8, sun.java.command=/home/stbenjam/git/h2ms/target/surefire/surefirebooter4406525892180618587.jar /home/stbenjam/git/h2ms/target/surefire/surefire6178053267997541662tmp /home/stbenjam/git/h2ms/target/surefire/surefire_03387072603084303265tmp, java.home=/usr/lib/jvm/java-1.8.0-openjdk-1.8.0.161-0.b14.fc27.x86_64/jre, sun.arch.data.model=64, user.language=en, java.specification.vendor=Oracle Corporation, awt.toolkit=sun.awt.X11.XToolkit, java.vm.info=mixed mode, java.version=1.8.0_161, java.ext.dirs=/usr/lib/jvm/java-1.8.0-openjdk-1.8.0.161-0.b14.fc27.x86_64/jre/lib/ext:/usr/java/packages/lib/ext, sun.boot.class.path=/usr/lib/jvm/java-1.8.0-openjdk-1.8.0.161-0.b14.fc27.x86_64/jre/lib/resources.jar:/usr/lib/jvm/java-1.8.0-openjdk-1.8.0.161-0.b14.fc27.x86_64/jre/lib/rt.jar:/usr/lib/jvm/java-1.8.0-openjdk-1.8.0.161-0.b14.fc27.x86_64/jre/lib/sunrsasign.jar:/usr/lib/jvm/java-1.8.0-openjdk-1.8.0.161-0.b14.fc27.x86_64/jre/lib/jsse.jar:/usr/lib/jvm/java-1.8.0-openjdk-1.8.0.161-0.b14.fc27.x86_64/jre/lib/jce.jar:/usr/lib/jvm/java-1.8.0-openjdk-1.8.0.161-0.b14.fc27.x86_64/jre/lib/charsets.jar:/usr/lib/jvm/java-1.8.0-openjdk-1.8.0.161-0.b14.fc27.x86_64/jre/lib/jfr.jar:/usr/lib/jvm/java-1.8.0-openjdk-1.8.0.161-0.b14.fc27.x86_64/jre/classes, java.vendor=Oracle Corporation, localRepository=/home/stbenjam/.m2/repository, file.separator=/, java.vendor.url.bug=http://bugreport.sun.com/bugreport/, sun.io.unicode.encoding=UnicodeLittle, sun.cpu.endian=little, sun.desktop=gnome, sun.cpu.isalist=}}, SystemEnvironmentPropertySource@262457445 {name='systemEnvironment', properties={IRBRC=/home/stbenjam/.rvm/rubies/ruby-2.3.3/.irbrc, PATH=/home/stbenjam/.rvm/gems/ruby-2.3.3/bin:/home/stbenjam/.rvm/gems/ruby-2.3.3@global/bin:/home/stbenjam/.rvm/rubies/ruby-2.3.3/bin:/usr/local/bin:/usr/bin:/bin:/usr/local/sbin:/usr/sbin:/home/stbenjam/.local/bin:/home/stbenjam/bin:/home/stbenjam/.rvm/bin, rvm_silent_flag=, HISTCONTROL=ignoredups, XMODIFIERS=@im=ibus, GDMSESSION=gnome-xorg, rvm_quiet_flag=, GUESTFISH_RESTORE=\e[0m, DBUS_SESSION_BUS_ADDRESS=unix:path=/run/user/1000/bus,guid=0ff0c73f492cc1dc3846ae835aac7cd0, COLORTERM=truecolor, rvm_ruby_make_install=, rvm_niceness=, SESSION_MANAGER=local/unix:@/tmp/.ICE-unix/1818,unix/unix:/tmp/.ICE-unix/1818, USERNAME=stbenjam, rvm_version=1.29.1 (latest), PWD=/home/stbenjam/git/h2ms, MANAGERPID=1759, LESSOPEN=||/usr/bin/lesspipe.sh %s, PAGER=less, QTINC=/usr/lib64/qt-3.3/include, rvm_hook=, rvm_wrapper_name=, MY_RUBY_HOME=/home/stbenjam/.rvm/rubies/ruby-2.3.3, rvm_nightly_flag=, ZSH=/home/stbenjam/.oh-my-zsh, rvm_path=/home/stbenjam/.rvm, GUESTFISH_INIT=\e[1;34m, GNOME_DESKTOP_SESSION_ID=this-is-deprecated, SYSTEMD_NSS_BYPASS_BUS=1, DBUS_STARTER_ADDRESS=unix:path=/run/user/1000/bus,guid=0ff0c73f492cc1dc3846ae835aac7cd0, LC_CTYPE=en_US.UTF-8, SHLVL=2, LOADEDMODULES=, HISTSIZE=10000, JAVA_HOME=/usr/lib/jvm/java-1.8.0-openjdk-1.8.0.161-0.b14.fc27.x86_64, TERM=xterm-256color, XDG_SESSION_ID=2, rvm_script_name=, rvm_ruby_make=, rvm_docs_type=, _=/usr/lib/jvm/java-1.8.0-openjdk-1.8.0.161-0.b14.fc27.x86_64/jre/bin/java, MAVEN_PROJECTBASEDIR=/home/stbenjam/git/h2ms, DESKTOP_SESSION=gnome-xorg, XDG_MENU_PREFIX=gnome-, VTE_VERSION=5002, rvm_alias_expanded=, rvm_ruby_bits=, GEM_PATH=/home/stbenjam/.rvm/gems/ruby-2.3.3:/home/stbenjam/.rvm/gems/ruby-2.3.3@global, TILIX_ID=df6230d2-2679-42ab-bd7f-667d05988153, XAUTHORITY=/run/user/1000/gdm/Xauthority, INVOCATION_ID=2a8a59bd24d3424f8a519125eeaea755, XDG_DATA_DIRS=/home/stbenjam/.local/share/flatpak/exports/share/:/var/lib/flatpak/exports/share/:/usr/local/share/:/usr/share/, MODULEPATH=/etc/scl/modulefiles:/etc/scl/modulefiles:/usr/share/Modules/modulefiles:/etc/modulefiles:/usr/share/modulefiles, rvm_bin_flag=, VAGRANT_DEFAULT_PROVIDER=libvirt, XDG_CURRENT_DESKTOP=GNOME, JOURNAL_STREAM=9:35277, MAIL=/var/spool/mail/stbenjam, rvm_ruby_mode=, LOGNAME=stbenjam, rvm_proxy=, SHELL=/bin/zsh, rvm_sdk=, OLDPWD=/home/stbenjam/git/h2ms, GEM_HOME=/home/stbenjam/.rvm/gems/ruby-2.3.3, rvm_use_flag=, GIT=/bin/git, RUBY_VERSION=ruby-2.3.3, _system_name=Fedora, LESS=-R, XDG_SESSION_DESKTOP=gnome-xorg, LS_COLORS=rs=0:di=38;5;33:ln=38;5;51:mh=00:pi=40;38;5;11:so=38;5;13:do=38;5;5:bd=48;5;232;38;5;11:cd=48;5;232;38;5;3:or=48;5;232;38;5;9:mi=01;05;37;41:su=48;5;196;38;5;15:sg=48;5;11;38;5;16:ca=48;5;196;38;5;226:tw=48;5;10;38;5;16:ow=48;5;10;38;5;21:st=48;5;21;38;5;15:ex=38;5;40:*.tar=38;5;9:*.tgz=38;5;9:*.arc=38;5;9:*.arj=38;5;9:*.taz=38;5;9:*.lha=38;5;9:*.lz4=38;5;9:*.lzh=38;5;9:*.lzma=38;5;9:*.tlz=38;5;9:*.txz=38;5;9:*.tzo=38;5;9:*.t7z=38;5;9:*.zip=38;5;9:*.z=38;5;9:*.Z=38;5;9:*.dz=38;5;9:*.gz=38;5;9:*.lrz=38;5;9:*.lz=38;5;9:*.lzo=38;5;9:*.xz=38;5;9:*.zst=38;5;9:*.tzst=38;5;9:*.bz2=38;5;9:*.bz=38;5;9:*.tbz=38;5;9:*.tbz2=38;5;9:*.tz=38;5;9:*.deb=38;5;9:*.rpm=38;5;9:*.jar=38;5;9:*.war=38;5;9:*.ear=38;5;9:*.sar=38;5;9:*.rar=38;5;9:*.alz=38;5;9:*.ace=38;5;9:*.zoo=38;5;9:*.cpio=38;5;9:*.7z=38;5;9:*.rz=38;5;9:*.cab=38;5;9:*.wim=38;5;9:*.swm=38;5;9:*.dwm=38;5;9:*.esd=38;5;9:*.jpg=38;5;13:*.jpeg=38;5;13:*.mjpg=38;5;13:*.mjpeg=38;5;13:*.gif=38;5;13:*.bmp=38;5;13:*.pbm=38;5;13:*.pgm=38;5;13:*.ppm=38;5;13:*.tga=38;5;13:*.xbm=38;5;13:*.xpm=38;5;13:*.tif=38;5;13:*.tiff=38;5;13:*.png=38;5;13:*.svg=38;5;13:*.svgz=38;5;13:*.mng=38;5;13:*.pcx=38;5;13:*.mov=38;5;13:*.mpg=38;5;13:*.mpeg=38;5;13:*.m2v=38;5;13:*.mkv=38;5;13:*.webm=38;5;13:*.ogm=38;5;13:*.mp4=38;5;13:*.m4v=38;5;13:*.mp4v=38;5;13:*.vob=38;5;13:*.qt=38;5;13:*.nuv=38;5;13:*.wmv=38;5;13:*.asf=38;5;13:*.rm=38;5;13:*.rmvb=38;5;13:*.flc=38;5;13:*.avi=38;5;13:*.fli=38;5;13:*.flv=38;5;13:*.gl=38;5;13:*.dl=38;5;13:*.xcf=38;5;13:*.xwd=38;5;13:*.yuv=38;5;13:*.cgm=38;5;13:*.emf=38;5;13:*.ogv=38;5;13:*.ogx=38;5;13:*.aac=38;5;45:*.au=38;5;45:*.flac=38;5;45:*.m4a=38;5;45:*.mid=38;5;45:*.midi=38;5;45:*.mka=38;5;45:*.mp3=38;5;45:*.mpc=38;5;45:*.ogg=38;5;45:*.ra=38;5;45:*.wav=38;5;45:*.oga=38;5;45:*.opus=38;5;45:*.spx=38;5;45:*.xspf=38;5;45:, rvm_gemstone_package_file=, _system_arch=x86_64, rvm_bin_path=/home/stbenjam/.rvm/bin, QT_IM_MODULE=ibus, rvm_only_path_flag=, rvm_prefix=/home/stbenjam, LANG=en_US.UTF-8, XDG_SESSION_TYPE=x11, DISPLAY=:0, rvm_gemstone_url=, GDM_LANG=en_US.UTF-8, GUESTFISH_PS1=\[\e[1;32m\]><fs>\[\e[0;31m\] , LSCOLORS=Gxfxcxdxbxegedabagacad, _system_type=Linux, _system_version=27, GPG_TTY=/dev/pts/1, USER=stbenjam, rvm_ruby_file=, WINDOWPATH=2, XDG_SEAT=seat0, SSH_AUTH_SOCK=/run/user/1000/keyring/ssh, EDITOR=vim, HOSTNAME=ancient.bitbin.de, MODULESHOME=/usr/share/Modules, QTDIR=/usr/lib64/qt-3.3, XDG_RUNTIME_DIR=/run/user/1000, XDG_VTNR=2, GUESTFISH_OUTPUT=\e[0m, DBUS_STARTER_BUS_TYPE=session, QTLIB=/usr/lib64/qt-3.3/lib, HOME=/home/stbenjam}}]
21:07:57.297 [main] DEBUG org.springframework.core.io.support.PathMatchingResourcePatternResolver - Resolved classpath location [edu/harvard/h2ms/domain/core/] to resources [URL [file:/home/stbenjam/git/h2ms/target/test-classes/edu/harvard/h2ms/domain/core/], URL [file:/home/stbenjam/git/h2ms/target/classes/edu/harvard/h2ms/domain/core/]]
21:07:57.297 [main] DEBUG org.springframework.core.io.support.PathMatchingResourcePatternResolver - Looking for matching resources in directory tree [/home/stbenjam/git/h2ms/target/test-classes/edu/harvard/h2ms/domain/core]
21:07:57.297 [main] DEBUG org.springframework.core.io.support.PathMatchingResourcePatternResolver - Searching directory [/home/stbenjam/git/h2ms/target/test-classes/edu/harvard/h2ms/domain/core] for files matching pattern [/home/stbenjam/git/h2ms/target/test-classes/edu/harvard/h2ms/domain/core/*.class]
21:07:57.298 [main] DEBUG org.springframework.core.io.support.PathMatchingResourcePatternResolver - Looking for matching resources in directory tree [/home/stbenjam/git/h2ms/target/classes/edu/harvard/h2ms/domain/core]
21:07:57.298 [main] DEBUG org.springframework.core.io.support.PathMatchingResourcePatternResolver - Searching directory [/home/stbenjam/git/h2ms/target/classes/edu/harvard/h2ms/domain/core] for files matching pattern [/home/stbenjam/git/h2ms/target/classes/edu/harvard/h2ms/domain/core/*.class]
21:07:57.299 [main] DEBUG org.springframework.core.io.support.PathMatchingResourcePatternResolver - Resolved location pattern [classpath*:edu/harvard/h2ms/domain/core/*.class] to resources [file [/home/stbenjam/git/h2ms/target/test-classes/edu/harvard/h2ms/domain/core/UserTest.class], file [/home/stbenjam/git/h2ms/target/classes/edu/harvard/h2ms/domain/core/Answer.class], file [/home/stbenjam/git/h2ms/target/classes/edu/harvard/h2ms/domain/core/Event.class], file [/home/stbenjam/git/h2ms/target/classes/edu/harvard/h2ms/domain/core/EventTemplate.class], file [/home/stbenjam/git/h2ms/target/classes/edu/harvard/h2ms/domain/core/Location.class], file [/home/stbenjam/git/h2ms/target/classes/edu/harvard/h2ms/domain/core/Question.class], file [/home/stbenjam/git/h2ms/target/classes/edu/harvard/h2ms/domain/core/Reader.class], file [/home/stbenjam/git/h2ms/target/classes/edu/harvard/h2ms/domain/core/Role.class], file [/home/stbenjam/git/h2ms/target/classes/edu/harvard/h2ms/domain/core/User.class], file [/home/stbenjam/git/h2ms/target/classes/edu/harvard/h2ms/domain/core/WristBand.class]]
21:07:57.338 [main] DEBUG org.springframework.core.io.support.PathMatchingResourcePatternResolver - Resolved classpath location [edu/harvard/h2ms/domain/] to resources [URL [file:/home/stbenjam/git/h2ms/target/test-classes/edu/harvard/h2ms/domain/], URL [file:/home/stbenjam/git/h2ms/target/classes/edu/harvard/h2ms/domain/]]
21:07:57.338 [main] DEBUG org.springframework.core.io.support.PathMatchingResourcePatternResolver - Looking for matching resources in directory tree [/home/stbenjam/git/h2ms/target/test-classes/edu/harvard/h2ms/domain]
21:07:57.338 [main] DEBUG org.springframework.core.io.support.PathMatchingResourcePatternResolver - Searching directory [/home/stbenjam/git/h2ms/target/test-classes/edu/harvard/h2ms/domain] for files matching pattern [/home/stbenjam/git/h2ms/target/test-classes/edu/harvard/h2ms/domain/*.class]
21:07:57.338 [main] DEBUG org.springframework.core.io.support.PathMatchingResourcePatternResolver - Looking for matching resources in directory tree [/home/stbenjam/git/h2ms/target/classes/edu/harvard/h2ms/domain]
21:07:57.339 [main] DEBUG org.springframework.core.io.support.PathMatchingResourcePatternResolver - Searching directory [/home/stbenjam/git/h2ms/target/classes/edu/harvard/h2ms/domain] for files matching pattern [/home/stbenjam/git/h2ms/target/classes/edu/harvard/h2ms/domain/*.class]
21:07:57.339 [main] DEBUG org.springframework.core.io.support.PathMatchingResourcePatternResolver - Resolved location pattern [classpath*:edu/harvard/h2ms/domain/*.class] to resources []
21:07:57.339 [main] DEBUG org.springframework.core.io.support.PathMatchingResourcePatternResolver - Resolved classpath location [edu/harvard/h2ms/] to resources [URL [file:/home/stbenjam/git/h2ms/target/test-classes/edu/harvard/h2ms/], URL [file:/home/stbenjam/git/h2ms/target/classes/edu/harvard/h2ms/]]
21:07:57.340 [main] DEBUG org.springframework.core.io.support.PathMatchingResourcePatternResolver - Looking for matching resources in directory tree [/home/stbenjam/git/h2ms/target/test-classes/edu/harvard/h2ms]
21:07:57.340 [main] DEBUG org.springframework.core.io.support.PathMatchingResourcePatternResolver - Searching directory [/home/stbenjam/git/h2ms/target/test-classes/edu/harvard/h2ms] for files matching pattern [/home/stbenjam/git/h2ms/target/test-classes/edu/harvard/h2ms/*.class]
21:07:57.340 [main] DEBUG org.springframework.core.io.support.PathMatchingResourcePatternResolver - Looking for matching resources in directory tree [/home/stbenjam/git/h2ms/target/classes/edu/harvard/h2ms]
21:07:57.341 [main] DEBUG org.springframework.core.io.support.PathMatchingResourcePatternResolver - Searching directory [/home/stbenjam/git/h2ms/target/classes/edu/harvard/h2ms] for files matching pattern [/home/stbenjam/git/h2ms/target/classes/edu/harvard/h2ms/*.class]
21:07:57.342 [main] DEBUG org.springframework.core.io.support.PathMatchingResourcePatternResolver - Resolved location pattern [classpath*:edu/harvard/h2ms/*.class] to resources [file [/home/stbenjam/git/h2ms/target/classes/edu/harvard/h2ms/H2MSRestAppInitializer.class]]
21:07:57.343 [main] DEBUG org.springframework.context.annotation.ClassPathScanningCandidateComponentProvider - Identified candidate component class: file [/home/stbenjam/git/h2ms/target/classes/edu/harvard/h2ms/H2MSRestAppInitializer.class]
21:07:57.343 [main] INFO org.springframework.boot.test.context.SpringBootTestContextBootstrapper - Found @SpringBootConfiguration edu.harvard.h2ms.H2MSRestAppInitializer for test class edu.harvard.h2ms.domain.core.UserTest
21:07:57.345 [main] DEBUG org.springframework.boot.test.context.SpringBootTestContextBootstrapper - @TestExecutionListeners is not present for class [edu.harvard.h2ms.domain.core.UserTest]: using defaults.
21:07:57.348 [main] INFO org.springframework.boot.test.context.SpringBootTestContextBootstrapper - Loaded default TestExecutionListener class names from location [META-INF/spring.factories]: [org.springframework.boot.test.mock.mockito.MockitoTestExecutionListener, org.springframework.boot.test.mock.mockito.ResetMocksTestExecutionListener, org.springframework.boot.test.autoconfigure.restdocs.RestDocsTestExecutionListener, org.springframework.boot.test.autoconfigure.web.client.MockRestServiceServerResetTestExecutionListener, org.springframework.boot.test.autoconfigure.web.servlet.MockMvcPrintOnlyOnFailureTestExecutionListener, org.springframework.boot.test.autoconfigure.web.servlet.WebDriverTestExecutionListener, org.springframework.test.context.web.ServletTestExecutionListener, org.springframework.test.context.support.DirtiesContextBeforeModesTestExecutionListener, org.springframework.test.context.support.DependencyInjectionTestExecutionListener, org.springframework.test.context.support.DirtiesContextTestExecutionListener, org.springframework.test.context.transaction.TransactionalTestExecutionListener, org.springframework.test.context.jdbc.SqlScriptsTestExecutionListener, org.springframework.security.test.context.support.WithSecurityContextTestExecutionListener]
21:07:57.353 [main] INFO org.springframework.boot.test.context.SpringBootTestContextBootstrapper - Using TestExecutionListeners: [org.springframework.test.context.web.ServletTestExecutionListener@2b4bac49, org.springframework.test.context.support.DirtiesContextBeforeModesTestExecutionListener@fd07cbb, org.springframework.boot.test.autoconfigure.SpringBootDependencyInjectionTestExecutionListener@3571b748, org.springframework.test.context.support.DirtiesContextTestExecutionListener@3e96bacf, org.springframework.test.context.transaction.TransactionalTestExecutionListener@484970b0, org.springframework.test.context.jdbc.SqlScriptsTestExecutionListener@4470f8a6, org.springframework.security.test.context.support.WithSecurityContextTestExecutionListener@7c83dc97, org.springframework.boot.test.mock.mockito.MockitoTestExecutionListener@7748410a, org.springframework.boot.test.mock.mockito.ResetMocksTestExecutionListener@740773a3, org.springframework.boot.test.autoconfigure.restdocs.RestDocsTestExecutionListener@37f1104d, org.springframework.boot.test.autoconfigure.web.client.MockRestServiceServerResetTestExecutionListener@55740540, org.springframework.boot.test.autoconfigure.web.servlet.MockMvcPrintOnlyOnFailureTestExecutionListener@60015ef5, org.springframework.boot.test.autoconfigure.web.servlet.WebDriverTestExecutionListener@2f54a33d]
21:07:57.359 [main] DEBUG org.springframework.test.context.junit4.SpringJUnit4ClassRunner - SpringJUnit4ClassRunner constructor called with [class edu.harvard.h2ms.controllers.EventControllerTests]
21:07:57.359 [main] DEBUG org.springframework.test.context.BootstrapUtils - Instantiating CacheAwareContextLoaderDelegate from class [org.springframework.test.context.cache.DefaultCacheAwareContextLoaderDelegate]
21:07:57.360 [main] DEBUG org.springframework.test.context.BootstrapUtils - Instantiating BootstrapContext using constructor [public org.springframework.test.context.support.DefaultBootstrapContext(java.lang.Class,org.springframework.test.context.CacheAwareContextLoaderDelegate)]
21:07:57.362 [main] DEBUG org.springframework.test.context.BootstrapUtils - Instantiating TestContextBootstrapper for test class [edu.harvard.h2ms.controllers.EventControllerTests] from class [org.springframework.boot.test.context.SpringBootTestContextBootstrapper]
21:07:57.363 [main] INFO org.springframework.boot.test.context.SpringBootTestContextBootstrapper - Neither @ContextConfiguration nor @ContextHierarchy found for test class [edu.harvard.h2ms.controllers.EventControllerTests], using SpringBootContextLoader
21:07:57.382 [main] DEBUG org.springframework.test.context.support.AbstractContextLoader - Did not detect default resource location for test class [edu.harvard.h2ms.controllers.EventControllerTests]: class path resource [edu/harvard/h2ms/controllers/EventControllerTests-context.xml] does not exist
21:07:57.383 [main] DEBUG org.springframework.test.context.support.AbstractContextLoader - Did not detect default resource location for test class [edu.harvard.h2ms.controllers.EventControllerTests]: class path resource [edu/harvard/h2ms/controllers/EventControllerTestsContext.groovy] does not exist
21:07:57.383 [main] INFO org.springframework.test.context.support.AbstractContextLoader - Could not detect default resource locations for test class [edu.harvard.h2ms.controllers.EventControllerTests]: no resource found for suffixes {-context.xml, Context.groovy}.
21:07:57.384 [main] INFO org.springframework.test.context.support.AnnotationConfigContextLoaderUtils - Could not detect default configuration classes for test class [edu.harvard.h2ms.controllers.EventControllerTests]: EventControllerTests does not declare any static, non-private, non-final, nested classes annotated with @Configuration.
21:07:57.389 [main] DEBUG org.springframework.test.context.support.ActiveProfilesUtils - Could not find an 'annotation declaring class' for annotation type [org.springframework.test.context.ActiveProfiles] and class [edu.harvard.h2ms.controllers.EventControllerTests]
21:07:57.390 [main] DEBUG org.springframework.core.env.StandardEnvironment - Adding PropertySource 'systemProperties' with lowest search precedence
21:07:57.390 [main] DEBUG org.springframework.core.env.StandardEnvironment - Adding PropertySource 'systemEnvironment' with lowest search precedence
21:07:57.392 [main] DEBUG org.springframework.core.env.StandardEnvironment - Initialized StandardEnvironment with PropertySources [MapPropertySource@464676531 {name='systemProperties', properties={java.runtime.name=OpenJDK Runtime Environment, sun.boot.library.path=/usr/lib/jvm/java-1.8.0-openjdk-1.8.0.161-0.b14.fc27.x86_64/jre/lib/amd64, java.vm.version=25.161-b14, java.vm.vendor=Oracle Corporation, java.vendor.url=http://java.oracle.com/, path.separator=:, java.vm.name=OpenJDK 64-Bit Server VM, file.encoding.pkg=sun.io, user.country=US, sun.java.launcher=SUN_STANDARD, sun.os.patch.level=unknown, java.vm.specification.name=Java Virtual Machine Specification, user.dir=/home/stbenjam/git/h2ms, java.runtime.version=1.8.0_161-b14, basedir=/home/stbenjam/git/h2ms, java.awt.graphicsenv=sun.awt.X11GraphicsEnvironment, java.endorsed.dirs=/usr/lib/jvm/java-1.8.0-openjdk-1.8.0.161-0.b14.fc27.x86_64/jre/lib/endorsed, os.arch=amd64, surefire.real.class.path=/home/stbenjam/git/h2ms/target/surefire/surefirebooter4406525892180618587.jar, java.io.tmpdir=/tmp, line.separator=
, java.vm.specification.vendor=Oracle Corporation, os.name=Linux, sun.jnu.encoding=UTF-8, java.library.path=/usr/java/packages/lib/amd64:/usr/lib64:/lib64:/lib:/usr/lib, surefire.test.class.path=/home/stbenjam/git/h2ms/target/test-classes:/home/stbenjam/git/h2ms/target/classes:/home/stbenjam/.m2/repository/org/springframework/boot/spring-boot-starter-data-rest/1.5.10.RELEASE/spring-boot-starter-data-rest-1.5.10.RELEASE.jar:/home/stbenjam/.m2/repository/org/springframework/boot/spring-boot-starter/1.5.10.RELEASE/spring-boot-starter-1.5.10.RELEASE.jar:/home/stbenjam/.m2/repository/org/springframework/boot/spring-boot/1.5.10.RELEASE/spring-boot-1.5.10.RELEASE.jar:/home/stbenjam/.m2/repository/org/springframework/boot/spring-boot-autoconfigure/1.5.10.RELEASE/spring-boot-autoconfigure-1.5.10.RELEASE.jar:/home/stbenjam/.m2/repository/org/springframework/boot/spring-boot-starter-logging/1.5.10.RELEASE/spring-boot-starter-logging-1.5.10.RELEASE.jar:/home/stbenjam/.m2/repository/ch/qos/logback/logback-classic/1.1.11/logback-classic-1.1.11.jar:/home/stbenjam/.m2/repository/ch/qos/logback/logback-core/1.1.11/logback-core-1.1.11.jar:/home/stbenjam/.m2/repository/org/slf4j/jul-to-slf4j/1.7.25/jul-to-slf4j-1.7.25.jar:/home/stbenjam/.m2/repository/org/slf4j/log4j-over-slf4j/1.7.25/log4j-over-slf4j-1.7.25.jar:/home/stbenjam/.m2/repository/org/yaml/snakeyaml/1.17/snakeyaml-1.17.jar:/home/stbenjam/.m2/repository/com/fasterxml/jackson/core/jackson-annotations/2.8.0/jackson-annotations-2.8.0.jar:/home/stbenjam/.m2/repository/org/springframework/data/spring-data-rest-webmvc/2.6.10.RELEASE/spring-data-rest-webmvc-2.6.10.RELEASE.jar:/home/stbenjam/.m2/repository/org/springframework/data/spring-data-rest-core/2.6.10.RELEASE/spring-data-rest-core-2.6.10.RELEASE.jar:/home/stbenjam/.m2/repository/org/atteo/evo-inflector/1.2.2/evo-inflector-1.2.2.jar:/home/stbenjam/.m2/repository/org/slf4j/jcl-over-slf4j/1.7.25/jcl-over-slf4j-1.7.25.jar:/home/stbenjam/.m2/repository/org/springframework/boot/spring-boot-starter-web/1.5.10.RELEASE/spring-boot-starter-web-1.5.10.RELEASE.jar:/home/stbenjam/.m2/repository/org/springframework/boot/spring-boot-starter-tomcat/1.5.10.RELEASE/spring-boot-starter-tomcat-1.5.10.RELEASE.jar:/home/stbenjam/.m2/repository/org/apache/tomcat/embed/tomcat-embed-core/8.5.27/tomcat-embed-core-8.5.27.jar:/home/stbenjam/.m2/repository/org/apache/tomcat/tomcat-annotations-api/8.5.27/tomcat-annotations-api-8.5.27.jar:/home/stbenjam/.m2/repository/org/apache/tomcat/embed/tomcat-embed-el/8.5.27/tomcat-embed-el-8.5.27.jar:/home/stbenjam/.m2/repository/org/apache/tomcat/embed/tomcat-embed-websocket/8.5.27/tomcat-embed-websocket-8.5.27.jar:/home/stbenjam/.m2/repository/org/hibernate/hibernate-validator/5.3.6.Final/hibernate-validator-5.3.6.Final.jar:/home/stbenjam/.m2/repository/javax/validation/validation-api/1.1.0.Final/validation-api-1.1.0.Final.jar:/home/stbenjam/.m2/repository/org/jboss/logging/jboss-logging/3.3.1.Final/jboss-logging-3.3.1.Final.jar:/home/stbenjam/.m2/repository/org/springframework/spring-web/4.3.14.RELEASE/spring-web-4.3.14.RELEASE.jar:/home/stbenjam/.m2/repository/org/springframework/spring-webmvc/4.3.14.RELEASE/spring-webmvc-4.3.14.RELEASE.jar:/home/stbenjam/.m2/repository/org/springframework/spring-expression/4.3.14.RELEASE/spring-expression-4.3.14.RELEASE.jar:/home/stbenjam/.m2/repository/org/springframework/boot/spring-boot-starter-thymeleaf/1.5.10.RELEASE/spring-boot-starter-thymeleaf-1.5.10.RELEASE.jar:/home/stbenjam/.m2/repository/org/thymeleaf/thymeleaf-spring4/2.1.6.RELEASE/thymeleaf-spring4-2.1.6.RELEASE.jar:/home/stbenjam/.m2/repository/org/thymeleaf/thymeleaf/2.1.6.RELEASE/thymeleaf-2.1.6.RELEASE.jar:/home/stbenjam/.m2/repository/ognl/ognl/3.0.8/ognl-3.0.8.jar:/home/stbenjam/.m2/repository/org/unbescape/unbescape/1.1.0.RELEASE/unbescape-1.1.0.RELEASE.jar:/home/stbenjam/.m2/repository/nz/net/ultraq/thymeleaf/thymeleaf-layout-dialect/1.4.0/thymeleaf-layout-dialect-1.4.0.jar:/home/stbenjam/.m2/repository/org/codehaus/groovy/groovy/2.4.13/groovy-2.4.13.jar:/home/stbenjam/.m2/repository/org/springframework/boot/spring-boot-starter-test/1.5.10.RELEASE/spring-boot-starter-test-1.5.10.RELEASE.jar:/home/stbenjam/.m2/repository/org/springframework/boot/spring-boot-test/1.5.10.RELEASE/spring-boot-test-1.5.10.RELEASE.jar:/home/stbenjam/.m2/repository/org/springframework/boot/spring-boot-test-autoconfigure/1.5.10.RELEASE/spring-boot-test-autoconfigure-1.5.10.RELEASE.jar:/home/stbenjam/.m2/repository/com/jayway/jsonpath/json-path/2.2.0/json-path-2.2.0.jar:/home/stbenjam/.m2/repository/net/minidev/json-smart/2.2.1/json-smart-2.2.1.jar:/home/stbenjam/.m2/repository/net/minidev/accessors-smart/1.1/accessors-smart-1.1.jar:/home/stbenjam/.m2/repository/org/ow2/asm/asm/5.0.3/asm-5.0.3.jar:/home/stbenjam/.m2/repository/junit/junit/4.12/junit-4.12.jar:/home/stbenjam/.m2/repository/org/assertj/assertj-core/2.6.0/assertj-core-2.6.0.jar:/home/stbenjam/.m2/repository/org/mockito/mockito-core/1.10.19/mockito-core-1.10.19.jar:/home/stbenjam/.m2/repository/org/objenesis/objenesis/2.1/objenesis-2.1.jar:/home/stbenjam/.m2/repository/org/hamcrest/hamcrest-core/1.3/hamcrest-core-1.3.jar:/home/stbenjam/.m2/repository/org/hamcrest/hamcrest-library/1.3/hamcrest-library-1.3.jar:/home/stbenjam/.m2/repository/org/skyscreamer/jsonassert/1.4.0/jsonassert-1.4.0.jar:/home/stbenjam/.m2/repository/org/springframework/spring-core/4.3.14.RELEASE/spring-core-4.3.14.RELEASE.jar:/home/stbenjam/.m2/repository/org/springframework/spring-test/4.3.14.RELEASE/spring-test-4.3.14.RELEASE.jar:/home/stbenjam/.m2/repository/org/springframework/restdocs/spring-restdocs-mockmvc/1.1.3.RELEASE/spring-restdocs-mockmvc-1.1.3.RELEASE.jar:/home/stbenjam/.m2/repository/org/springframework/restdocs/spring-restdocs-core/1.1.3.RELEASE/spring-restdocs-core-1.1.3.RELEASE.jar:/home/stbenjam/.m2/repository/javax/servlet/javax.servlet-api/3.1.0/javax.servlet-api-3.1.0.jar:/home/stbenjam/.m2/repository/org/springframework/boot/spring-boot-starter-data-jpa/1.5.10.RELEASE/spring-boot-starter-data-jpa-1.5.10.RELEASE.jar:/home/stbenjam/.m2/repository/org/springframework/boot/spring-boot-starter-aop/1.5.10.RELEASE/spring-boot-starter-aop-1.5.10.RELEASE.jar:/home/stbenjam/.m2/repository/org/aspectj/aspectjweaver/1.8.13/aspectjweaver-1.8.13.jar:/home/stbenjam/.m2/repository/org/springframework/boot/spring-boot-starter-jdbc/1.5.10.RELEASE/spring-boot-starter-jdbc-1.5.10.RELEASE.jar:/home/stbenjam/.m2/repository/org/apache/tomcat/tomcat-jdbc/8.5.27/tomcat-jdbc-8.5.27.jar:/home/stbenjam/.m2/repository/org/apache/tomcat/tomcat-juli/8.5.27/tomcat-juli-8.5.27.jar:/home/stbenjam/.m2/repository/org/springframework/spring-jdbc/4.3.14.RELEASE/spring-jdbc-4.3.14.RELEASE.jar:/home/stbenjam/.m2/repository/org/hibernate/hibernate-core/5.0.12.Final/hibernate-core-5.0.12.Final.jar:/home/stbenjam/.m2/repository/org/hibernate/javax/persistence/hibernate-jpa-2.1-api/1.0.0.Final/hibernate-jpa-2.1-api-1.0.0.Final.jar:/home/stbenjam/.m2/repository/org/javassist/javassist/3.21.0-GA/javassist-3.21.0-GA.jar:/home/stbenjam/.m2/repository/antlr/antlr/2.7.7/antlr-2.7.7.jar:/home/stbenjam/.m2/repository/org/jboss/jandex/2.0.0.Final/jandex-2.0.0.Final.jar:/home/stbenjam/.m2/repository/dom4j/dom4j/1.6.1/dom4j-1.6.1.jar:/home/stbenjam/.m2/repository/org/hibernate/common/hibernate-commons-annotations/5.0.1.Final/hibernate-commons-annotations-5.0.1.Final.jar:/home/stbenjam/.m2/repository/org/hibernate/hibernate-entitymanager/5.0.12.Final/hibernate-entitymanager-5.0.12.Final.jar:/home/stbenjam/.m2/repository/javax/transaction/javax.transaction-api/1.2/javax.transaction-api-1.2.jar:/home/stbenjam/.m2/repository/org/springframework/data/spring-data-jpa/1.11.10.RELEASE/spring-data-jpa-1.11.10.RELEASE.jar:/home/stbenjam/.m2/repository/org/springframework/data/spring-data-commons/1.13.10.RELEASE/spring-data-commons-1.13.10.RELEASE.jar:/home/stbenjam/.m2/repository/org/springframework/spring-orm/4.3.14.RELEASE/spring-orm-4.3.14.RELEASE.jar:/home/stbenjam/.m2/repository/org/springframework/spring-tx/4.3.14.RELEASE/spring-tx-4.3.14.RELEASE.jar:/home/stbenjam/.m2/repository/org/springframework/spring-aspects/4.3.14.RELEASE/spring-aspects-4.3.14.RELEASE.jar:/home/stbenjam/.m2/repository/com/h2database/h2/1.4.196/h2-1.4.196.jar:/home/stbenjam/.m2/repository/org/postgresql/postgresql/9.4-1206-jdbc42/postgresql-9.4-1206-jdbc42.jar:/home/stbenjam/.m2/repository/log4j/log4j/1.2.17/log4j-1.2.17.jar:/home/stbenjam/.m2/repository/com/google/guava/guava/19.0/guava-19.0.jar:/home/stbenjam/.m2/repository/javax/mail/mail/1.4/mail-1.4.jar:/home/stbenjam/.m2/repository/javax/activation/activation/1.1/activation-1.1.jar:/home/stbenjam/.m2/repository/org/springframework/boot/spring-boot-starter-security/1.5.10.RELEASE/spring-boot-starter-security-1.5.10.RELEASE.jar:/home/stbenjam/.m2/repository/org/springframework/spring-aop/4.3.14.RELEASE/spring-aop-4.3.14.RELEASE.jar:/home/stbenjam/.m2/repository/org/springframework/security/spring-security-config/4.2.4.RELEASE/spring-security-config-4.2.4.RELEASE.jar:/home/stbenjam/.m2/repository/org/springframework/security/spring-security-web/4.2.4.RELEASE/spring-security-web-4.2.4.RELEASE.jar:/home/stbenjam/.m2/repository/org/springframework/boot/spring-boot-starter-mail/1.4.3.RELEASE/spring-boot-starter-mail-1.4.3.RELEASE.jar:/home/stbenjam/.m2/repository/org/springframework/spring-context/4.3.14.RELEASE/spring-context-4.3.14.RELEASE.jar:/home/stbenjam/.m2/repository/com/sun/mail/javax.mail/1.5.6/javax.mail-1.5.6.jar:/home/stbenjam/.m2/repository/com/icegreen/greenmail/1.5.5/greenmail-1.5.5.jar:/home/stbenjam/.m2/repository/org/slf4j/slf4j-api/1.7.25/slf4j-api-1.7.25.jar:/home/stbenjam/.m2/repository/org/springframework/security/spring-security-test/4.2.4.RELEASE/spring-security-test-4.2.4.RELEASE.jar:/home/stbenjam/.m2/repository/org/springframework/security/spring-security-core/4.2.4.RELEASE/spring-security-core-4.2.4.RELEASE.jar:/home/stbenjam/.m2/repository/aopalliance/aopalliance/1.0/aopalliance-1.0.jar:/home/stbenjam/.m2/repository/org/springframework/security/oauth/spring-security-oauth2/2.0.14.RELEASE/spring-security-oauth2-2.0.14.RELEASE.jar:/home/stbenjam/.m2/repository/org/springframework/spring-beans/4.3.14.RELEASE/spring-beans-4.3.14.RELEASE.jar:/home/stbenjam/.m2/repository/commons-codec/commons-codec/1.10/commons-codec-1.10.jar:/home/stbenjam/.m2/repository/org/codehaus/jackson/jackson-mapper-asl/1.9.13/jackson-mapper-asl-1.9.13.jar:/home/stbenjam/.m2/repository/org/codehaus/jackson/jackson-core-asl/1.9.13/jackson-core-asl-1.9.13.jar:/home/stbenjam/.m2/repository/io/springfox/springfox-swagger2/2.8.0/springfox-swagger2-2.8.0.jar:/home/stbenjam/.m2/repository/io/swagger/swagger-annotations/1.5.14/swagger-annotations-1.5.14.jar:/home/stbenjam/.m2/repository/io/swagger/swagger-models/1.5.14/swagger-models-1.5.14.jar:/home/stbenjam/.m2/repository/io/springfox/springfox-spi/2.8.0/springfox-spi-2.8.0.jar:/home/stbenjam/.m2/repository/io/springfox/springfox-core/2.8.0/springfox-core-2.8.0.jar:/home/stbenjam/.m2/repository/net/bytebuddy/byte-buddy/1.7.9/byte-buddy-1.7.9.jar:/home/stbenjam/.m2/repository/io/springfox/springfox-schema/2.8.0/springfox-schema-2.8.0.jar:/home/stbenjam/.m2/repository/io/springfox/springfox-swagger-common/2.8.0/springfox-swagger-common-2.8.0.jar:/home/stbenjam/.m2/repository/io/springfox/springfox-spring-web/2.8.0/springfox-spring-web-2.8.0.jar:/home/stbenjam/.m2/repository/org/reflections/reflections/0.9.11/reflections-0.9.11.jar:/home/stbenjam/.m2/repository/com/fasterxml/classmate/1.3.4/classmate-1.3.4.jar:/home/stbenjam/.m2/repository/org/springframework/plugin/spring-plugin-core/1.2.0.RELEASE/spring-plugin-core-1.2.0.RELEASE.jar:/home/stbenjam/.m2/repository/org/springframework/plugin/spring-plugin-metadata/1.2.0.RELEASE/spring-plugin-metadata-1.2.0.RELEASE.jar:/home/stbenjam/.m2/repository/org/mapstruct/mapstruct/1.2.0.Final/mapstruct-1.2.0.Final.jar:/home/stbenjam/.m2/repository/io/springfox/springfox-swagger-ui/2.8.0/springfox-swagger-ui-2.8.0.jar:/home/stbenjam/.m2/repository/io/springfox/springfox-data-rest/2.8.0/springfox-data-rest-2.8.0.jar:/home/stbenjam/.m2/repository/org/springframework/hateoas/spring-hateoas/0.23.0.RELEASE/spring-hateoas-0.23.0.RELEASE.jar:/home/stbenjam/.m2/repository/org/usb4java/usb4java-javax/1.2.0/usb4java-javax-1.2.0.jar:/home/stbenjam/.m2/repository/javax/usb/usb-api/1.0.2/usb-api-1.0.2.jar:/home/stbenjam/.m2/repository/org/apache/commons/commons-lang3/3.2.1/commons-lang3-3.2.1.jar:/home/stbenjam/.m2/repository/org/usb4java/usb4java/1.2.0/usb4java-1.2.0.jar:/home/stbenjam/.m2/repository/org/usb4java/libusb4java/1.2.0/libusb4java-1.2.0-linux-x86.jar:/home/stbenjam/.m2/repository/org/usb4java/libusb4java/1.2.0/libusb4java-1.2.0-linux-x86_64.jar:/home/stbenjam/.m2/repository/org/usb4java/libusb4java/1.2.0/libusb4java-1.2.0-linux-arm.jar:/home/stbenjam/.m2/repository/org/usb4java/libusb4java/1.2.0/libusb4java-1.2.0-windows-x86.jar:/home/stbenjam/.m2/repository/org/usb4java/libusb4java/1.2.0/libusb4java-1.2.0-windows-x86_64.jar:/home/stbenjam/.m2/repository/org/usb4java/libusb4java/1.2.0/libusb4java-1.2.0-osx-x86.jar:/home/stbenjam/.m2/repository/org/usb4java/libusb4java/1.2.0/libusb4java-1.2.0-osx-x86_64.jar:/home/stbenjam/.m2/repository/org/mockito/mockito-all/1.9.5/mockito-all-1.9.5.jar:/home/stbenjam/.m2/repository/com/fasterxml/jackson/core/jackson-databind/2.5.0/jackson-databind-2.5.0.jar:/home/stbenjam/.m2/repository/com/fasterxml/jackson/core/jackson-core/2.8.10/jackson-core-2.8.10.jar:/home/stbenjam/.m2/repository/com/vaadin/external/google/android-json/0.0.20131108.vaadin1/android-json-0.0.20131108.vaadin1.jar:/home/stbenjam/.m2/repository/com/tngtech/java/junit-dataprovider/1.13.1/junit-dataprovider-1.13.1.jar:/home/stbenjam/.m2/repository/org/springframework/spring-context-support/3.2.0.RELEASE/spring-context-support-3.2.0.RELEASE.jar:, java.specification.name=Java Platform API Specification, java.class.version=52.0, sun.management.compiler=HotSpot 64-Bit Tiered Compilers, os.version=4.14.14-300.fc27.x86_64, user.home=/home/stbenjam, user.timezone=America/New_York, java.awt.printerjob=sun.print.PSPrinterJob, file.encoding=UTF-8, java.specification.version=1.8, java.class.path=/home/stbenjam/git/h2ms/target/test-classes:/home/stbenjam/git/h2ms/target/classes:/home/stbenjam/.m2/repository/org/springframework/boot/spring-boot-starter-data-rest/1.5.10.RELEASE/spring-boot-starter-data-rest-1.5.10.RELEASE.jar:/home/stbenjam/.m2/repository/org/springframework/boot/spring-boot-starter/1.5.10.RELEASE/spring-boot-starter-1.5.10.RELEASE.jar:/home/stbenjam/.m2/repository/org/springframework/boot/spring-boot/1.5.10.RELEASE/spring-boot-1.5.10.RELEASE.jar:/home/stbenjam/.m2/repository/org/springframework/boot/spring-boot-autoconfigure/1.5.10.RELEASE/spring-boot-autoconfigure-1.5.10.RELEASE.jar:/home/stbenjam/.m2/repository/org/springframework/boot/spring-boot-starter-logging/1.5.10.RELEASE/spring-boot-starter-logging-1.5.10.RELEASE.jar:/home/stbenjam/.m2/repository/ch/qos/logback/logback-classic/1.1.11/logback-classic-1.1.11.jar:/home/stbenjam/.m2/repository/ch/qos/logback/logback-core/1.1.11/logback-core-1.1.11.jar:/home/stbenjam/.m2/repository/org/slf4j/jul-to-slf4j/1.7.25/jul-to-slf4j-1.7.25.jar:/home/stbenjam/.m2/repository/org/slf4j/log4j-over-slf4j/1.7.25/log4j-over-slf4j-1.7.25.jar:/home/stbenjam/.m2/repository/org/yaml/snakeyaml/1.17/snakeyaml-1.17.jar:/home/stbenjam/.m2/repository/com/fasterxml/jackson/core/jackson-annotations/2.8.0/jackson-annotations-2.8.0.jar:/home/stbenjam/.m2/repository/org/springframework/data/spring-data-rest-webmvc/2.6.10.RELEASE/spring-data-rest-webmvc-2.6.10.RELEASE.jar:/home/stbenjam/.m2/repository/org/springframework/data/spring-data-rest-core/2.6.10.RELEASE/spring-data-rest-core-2.6.10.RELEASE.jar:/home/stbenjam/.m2/repository/org/atteo/evo-inflector/1.2.2/evo-inflector-1.2.2.jar:/home/stbenjam/.m2/repository/org/slf4j/jcl-over-slf4j/1.7.25/jcl-over-slf4j-1.7.25.jar:/home/stbenjam/.m2/repository/org/springframework/boot/spring-boot-starter-web/1.5.10.RELEASE/spring-boot-starter-web-1.5.10.RELEASE.jar:/home/stbenjam/.m2/repository/org/springframework/boot/spring-boot-starter-tomcat/1.5.10.RELEASE/spring-boot-starter-tomcat-1.5.10.RELEASE.jar:/home/stbenjam/.m2/repository/org/apache/tomcat/embed/tomcat-embed-core/8.5.27/tomcat-embed-core-8.5.27.jar:/home/stbenjam/.m2/repository/org/apache/tomcat/tomcat-annotations-api/8.5.27/tomcat-annotations-api-8.5.27.jar:/home/stbenjam/.m2/repository/org/apache/tomcat/embed/tomcat-embed-el/8.5.27/tomcat-embed-el-8.5.27.jar:/home/stbenjam/.m2/repository/org/apache/tomcat/embed/tomcat-embed-websocket/8.5.27/tomcat-embed-websocket-8.5.27.jar:/home/stbenjam/.m2/repository/org/hibernate/hibernate-validator/5.3.6.Final/hibernate-validator-5.3.6.Final.jar:/home/stbenjam/.m2/repository/javax/validation/validation-api/1.1.0.Final/validation-api-1.1.0.Final.jar:/home/stbenjam/.m2/repository/org/jboss/logging/jboss-logging/3.3.1.Final/jboss-logging-3.3.1.Final.jar:/home/stbenjam/.m2/repository/org/springframework/spring-web/4.3.14.RELEASE/spring-web-4.3.14.RELEASE.jar:/home/stbenjam/.m2/repository/org/springframework/spring-webmvc/4.3.14.RELEASE/spring-webmvc-4.3.14.RELEASE.jar:/home/stbenjam/.m2/repository/org/springframework/spring-expression/4.3.14.RELEASE/spring-expression-4.3.14.RELEASE.jar:/home/stbenjam/.m2/repository/org/springframework/boot/spring-boot-starter-thymeleaf/1.5.10.RELEASE/spring-boot-starter-thymeleaf-1.5.10.RELEASE.jar:/home/stbenjam/.m2/repository/org/thymeleaf/thymeleaf-spring4/2.1.6.RELEASE/thymeleaf-spring4-2.1.6.RELEASE.jar:/home/stbenjam/.m2/repository/org/thymeleaf/thymeleaf/2.1.6.RELEASE/thymeleaf-2.1.6.RELEASE.jar:/home/stbenjam/.m2/repository/ognl/ognl/3.0.8/ognl-3.0.8.jar:/home/stbenjam/.m2/repository/org/unbescape/unbescape/1.1.0.RELEASE/unbescape-1.1.0.RELEASE.jar:/home/stbenjam/.m2/repository/nz/net/ultraq/thymeleaf/thymeleaf-layout-dialect/1.4.0/thymeleaf-layout-dialect-1.4.0.jar:/home/stbenjam/.m2/repository/org/codehaus/groovy/groovy/2.4.13/groovy-2.4.13.jar:/home/stbenjam/.m2/repository/org/springframework/boot/spring-boot-starter-test/1.5.10.RELEASE/spring-boot-starter-test-1.5.10.RELEASE.jar:/home/stbenjam/.m2/repository/org/springframework/boot/spring-boot-test/1.5.10.RELEASE/spring-boot-test-1.5.10.RELEASE.jar:/home/stbenjam/.m2/repository/org/springframework/boot/spring-boot-test-autoconfigure/1.5.10.RELEASE/spring-boot-test-autoconfigure-1.5.10.RELEASE.jar:/home/stbenjam/.m2/repository/com/jayway/jsonpath/json-path/2.2.0/json-path-2.2.0.jar:/home/stbenjam/.m2/repository/net/minidev/json-smart/2.2.1/json-smart-2.2.1.jar:/home/stbenjam/.m2/repository/net/minidev/accessors-smart/1.1/accessors-smart-1.1.jar:/home/stbenjam/.m2/repository/org/ow2/asm/asm/5.0.3/asm-5.0.3.jar:/home/stbenjam/.m2/repository/junit/junit/4.12/junit-4.12.jar:/home/stbenjam/.m2/repository/org/assertj/assertj-core/2.6.0/assertj-core-2.6.0.jar:/home/stbenjam/.m2/repository/org/mockito/mockito-core/1.10.19/mockito-core-1.10.19.jar:/home/stbenjam/.m2/repository/org/objenesis/objenesis/2.1/objenesis-2.1.jar:/home/stbenjam/.m2/repository/org/hamcrest/hamcrest-core/1.3/hamcrest-core-1.3.jar:/home/stbenjam/.m2/repository/org/hamcrest/hamcrest-library/1.3/hamcrest-library-1.3.jar:/home/stbenjam/.m2/repository/org/skyscreamer/jsonassert/1.4.0/jsonassert-1.4.0.jar:/home/stbenjam/.m2/repository/org/springframework/spring-core/4.3.14.RELEASE/spring-core-4.3.14.RELEASE.jar:/home/stbenjam/.m2/repository/org/springframework/spring-test/4.3.14.RELEASE/spring-test-4.3.14.RELEASE.jar:/home/stbenjam/.m2/repository/org/springframework/restdocs/spring-restdocs-mockmvc/1.1.3.RELEASE/spring-restdocs-mockmvc-1.1.3.RELEASE.jar:/home/stbenjam/.m2/repository/org/springframework/restdocs/spring-restdocs-core/1.1.3.RELEASE/spring-restdocs-core-1.1.3.RELEASE.jar:/home/stbenjam/.m2/repository/javax/servlet/javax.servlet-api/3.1.0/javax.servlet-api-3.1.0.jar:/home/stbenjam/.m2/repository/org/springframework/boot/spring-boot-starter-data-jpa/1.5.10.RELEASE/spring-boot-starter-data-jpa-1.5.10.RELEASE.jar:/home/stbenjam/.m2/repository/org/springframework/boot/spring-boot-starter-aop/1.5.10.RELEASE/spring-boot-starter-aop-1.5.10.RELEASE.jar:/home/stbenjam/.m2/repository/org/aspectj/aspectjweaver/1.8.13/aspectjweaver-1.8.13.jar:/home/stbenjam/.m2/repository/org/springframework/boot/spring-boot-starter-jdbc/1.5.10.RELEASE/spring-boot-starter-jdbc-1.5.10.RELEASE.jar:/home/stbenjam/.m2/repository/org/apache/tomcat/tomcat-jdbc/8.5.27/tomcat-jdbc-8.5.27.jar:/home/stbenjam/.m2/repository/org/apache/tomcat/tomcat-juli/8.5.27/tomcat-juli-8.5.27.jar:/home/stbenjam/.m2/repository/org/springframework/spring-jdbc/4.3.14.RELEASE/spring-jdbc-4.3.14.RELEASE.jar:/home/stbenjam/.m2/repository/org/hibernate/hibernate-core/5.0.12.Final/hibernate-core-5.0.12.Final.jar:/home/stbenjam/.m2/repository/org/hibernate/javax/persistence/hibernate-jpa-2.1-api/1.0.0.Final/hibernate-jpa-2.1-api-1.0.0.Final.jar:/home/stbenjam/.m2/repository/org/javassist/javassist/3.21.0-GA/javassist-3.21.0-GA.jar:/home/stbenjam/.m2/repository/antlr/antlr/2.7.7/antlr-2.7.7.jar:/home/stbenjam/.m2/repository/org/jboss/jandex/2.0.0.Final/jandex-2.0.0.Final.jar:/home/stbenjam/.m2/repository/dom4j/dom4j/1.6.1/dom4j-1.6.1.jar:/home/stbenjam/.m2/repository/org/hibernate/common/hibernate-commons-annotations/5.0.1.Final/hibernate-commons-annotations-5.0.1.Final.jar:/home/stbenjam/.m2/repository/org/hibernate/hibernate-entitymanager/5.0.12.Final/hibernate-entitymanager-5.0.12.Final.jar:/home/stbenjam/.m2/repository/javax/transaction/javax.transaction-api/1.2/javax.transaction-api-1.2.jar:/home/stbenjam/.m2/repository/org/springframework/data/spring-data-jpa/1.11.10.RELEASE/spring-data-jpa-1.11.10.RELEASE.jar:/home/stbenjam/.m2/repository/org/springframework/data/spring-data-commons/1.13.10.RELEASE/spring-data-commons-1.13.10.RELEASE.jar:/home/stbenjam/.m2/repository/org/springframework/spring-orm/4.3.14.RELEASE/spring-orm-4.3.14.RELEASE.jar:/home/stbenjam/.m2/repository/org/springframework/spring-tx/4.3.14.RELEASE/spring-tx-4.3.14.RELEASE.jar:/home/stbenjam/.m2/repository/org/springframework/spring-aspects/4.3.14.RELEASE/spring-aspects-4.3.14.RELEASE.jar:/home/stbenjam/.m2/repository/com/h2database/h2/1.4.196/h2-1.4.196.jar:/home/stbenjam/.m2/repository/org/postgresql/postgresql/9.4-1206-jdbc42/postgresql-9.4-1206-jdbc42.jar:/home/stbenjam/.m2/repository/log4j/log4j/1.2.17/log4j-1.2.17.jar:/home/stbenjam/.m2/repository/com/google/guava/guava/19.0/guava-19.0.jar:/home/stbenjam/.m2/repository/javax/mail/mail/1.4/mail-1.4.jar:/home/stbenjam/.m2/repository/javax/activation/activation/1.1/activation-1.1.jar:/home/stbenjam/.m2/repository/org/springframework/boot/spring-boot-starter-security/1.5.10.RELEASE/spring-boot-starter-security-1.5.10.RELEASE.jar:/home/stbenjam/.m2/repository/org/springframework/spring-aop/4.3.14.RELEASE/spring-aop-4.3.14.RELEASE.jar:/home/stbenjam/.m2/repository/org/springframework/security/spring-security-config/4.2.4.RELEASE/spring-security-config-4.2.4.RELEASE.jar:/home/stbenjam/.m2/repository/org/springframework/security/spring-security-web/4.2.4.RELEASE/spring-security-web-4.2.4.RELEASE.jar:/home/stbenjam/.m2/repository/org/springframework/boot/spring-boot-starter-mail/1.4.3.RELEASE/spring-boot-starter-mail-1.4.3.RELEASE.jar:/home/stbenjam/.m2/repository/org/springframework/spring-context/4.3.14.RELEASE/spring-context-4.3.14.RELEASE.jar:/home/stbenjam/.m2/repository/com/sun/mail/javax.mail/1.5.6/javax.mail-1.5.6.jar:/home/stbenjam/.m2/repository/com/icegreen/greenmail/1.5.5/greenmail-1.5.5.jar:/home/stbenjam/.m2/repository/org/slf4j/slf4j-api/1.7.25/slf4j-api-1.7.25.jar:/home/stbenjam/.m2/repository/org/springframework/security/spring-security-test/4.2.4.RELEASE/spring-security-test-4.2.4.RELEASE.jar:/home/stbenjam/.m2/repository/org/springframework/security/spring-security-core/4.2.4.RELEASE/spring-security-core-4.2.4.RELEASE.jar:/home/stbenjam/.m2/repository/aopalliance/aopalliance/1.0/aopalliance-1.0.jar:/home/stbenjam/.m2/repository/org/springframework/security/oauth/spring-security-oauth2/2.0.14.RELEASE/spring-security-oauth2-2.0.14.RELEASE.jar:/home/stbenjam/.m2/repository/org/springframework/spring-beans/4.3.14.RELEASE/spring-beans-4.3.14.RELEASE.jar:/home/stbenjam/.m2/repository/commons-codec/commons-codec/1.10/commons-codec-1.10.jar:/home/stbenjam/.m2/repository/org/codehaus/jackson/jackson-mapper-asl/1.9.13/jackson-mapper-asl-1.9.13.jar:/home/stbenjam/.m2/repository/org/codehaus/jackson/jackson-core-asl/1.9.13/jackson-core-asl-1.9.13.jar:/home/stbenjam/.m2/repository/io/springfox/springfox-swagger2/2.8.0/springfox-swagger2-2.8.0.jar:/home/stbenjam/.m2/repository/io/swagger/swagger-annotations/1.5.14/swagger-annotations-1.5.14.jar:/home/stbenjam/.m2/repository/io/swagger/swagger-models/1.5.14/swagger-models-1.5.14.jar:/home/stbenjam/.m2/repository/io/springfox/springfox-spi/2.8.0/springfox-spi-2.8.0.jar:/home/stbenjam/.m2/repository/io/springfox/springfox-core/2.8.0/springfox-core-2.8.0.jar:/home/stbenjam/.m2/repository/net/bytebuddy/byte-buddy/1.7.9/byte-buddy-1.7.9.jar:/home/stbenjam/.m2/repository/io/springfox/springfox-schema/2.8.0/springfox-schema-2.8.0.jar:/home/stbenjam/.m2/repository/io/springfox/springfox-swagger-common/2.8.0/springfox-swagger-common-2.8.0.jar:/home/stbenjam/.m2/repository/io/springfox/springfox-spring-web/2.8.0/springfox-spring-web-2.8.0.jar:/home/stbenjam/.m2/repository/org/reflections/reflections/0.9.11/reflections-0.9.11.jar:/home/stbenjam/.m2/repository/com/fasterxml/classmate/1.3.4/classmate-1.3.4.jar:/home/stbenjam/.m2/repository/org/springframework/plugin/spring-plugin-core/1.2.0.RELEASE/spring-plugin-core-1.2.0.RELEASE.jar:/home/stbenjam/.m2/repository/org/springframework/plugin/spring-plugin-metadata/1.2.0.RELEASE/spring-plugin-metadata-1.2.0.RELEASE.jar:/home/stbenjam/.m2/repository/org/mapstruct/mapstruct/1.2.0.Final/mapstruct-1.2.0.Final.jar:/home/stbenjam/.m2/repository/io/springfox/springfox-swagger-ui/2.8.0/springfox-swagger-ui-2.8.0.jar:/home/stbenjam/.m2/repository/io/springfox/springfox-data-rest/2.8.0/springfox-data-rest-2.8.0.jar:/home/stbenjam/.m2/repository/org/springframework/hateoas/spring-hateoas/0.23.0.RELEASE/spring-hateoas-0.23.0.RELEASE.jar:/home/stbenjam/.m2/repository/org/usb4java/usb4java-javax/1.2.0/usb4java-javax-1.2.0.jar:/home/stbenjam/.m2/repository/javax/usb/usb-api/1.0.2/usb-api-1.0.2.jar:/home/stbenjam/.m2/repository/org/apache/commons/commons-lang3/3.2.1/commons-lang3-3.2.1.jar:/home/stbenjam/.m2/repository/org/usb4java/usb4java/1.2.0/usb4java-1.2.0.jar:/home/stbenjam/.m2/repository/org/usb4java/libusb4java/1.2.0/libusb4java-1.2.0-linux-x86.jar:/home/stbenjam/.m2/repository/org/usb4java/libusb4java/1.2.0/libusb4java-1.2.0-linux-x86_64.jar:/home/stbenjam/.m2/repository/org/usb4java/libusb4java/1.2.0/libusb4java-1.2.0-linux-arm.jar:/home/stbenjam/.m2/repository/org/usb4java/libusb4java/1.2.0/libusb4java-1.2.0-windows-x86.jar:/home/stbenjam/.m2/repository/org/usb4java/libusb4java/1.2.0/libusb4java-1.2.0-windows-x86_64.jar:/home/stbenjam/.m2/repository/org/usb4java/libusb4java/1.2.0/libusb4java-1.2.0-osx-x86.jar:/home/stbenjam/.m2/repository/org/usb4java/libusb4java/1.2.0/libusb4java-1.2.0-osx-x86_64.jar:/home/stbenjam/.m2/repository/org/mockito/mockito-all/1.9.5/mockito-all-1.9.5.jar:/home/stbenjam/.m2/repository/com/fasterxml/jackson/core/jackson-databind/2.5.0/jackson-databind-2.5.0.jar:/home/stbenjam/.m2/repository/com/fasterxml/jackson/core/jackson-core/2.8.10/jackson-core-2.8.10.jar:/home/stbenjam/.m2/repository/com/vaadin/external/google/android-json/0.0.20131108.vaadin1/android-json-0.0.20131108.vaadin1.jar:/home/stbenjam/.m2/repository/com/tngtech/java/junit-dataprovider/1.13.1/junit-dataprovider-1.13.1.jar:/home/stbenjam/.m2/repository/org/springframework/spring-context-support/3.2.0.RELEASE/spring-context-support-3.2.0.RELEASE.jar:, user.name=stbenjam, java.vm.specification.version=1.8, sun.java.command=/home/stbenjam/git/h2ms/target/surefire/surefirebooter4406525892180618587.jar /home/stbenjam/git/h2ms/target/surefire/surefire6178053267997541662tmp /home/stbenjam/git/h2ms/target/surefire/surefire_03387072603084303265tmp, java.home=/usr/lib/jvm/java-1.8.0-openjdk-1.8.0.161-0.b14.fc27.x86_64/jre, sun.arch.data.model=64, user.language=en, java.specification.vendor=Oracle Corporation, awt.toolkit=sun.awt.X11.XToolkit, java.vm.info=mixed mode, java.version=1.8.0_161, java.ext.dirs=/usr/lib/jvm/java-1.8.0-openjdk-1.8.0.161-0.b14.fc27.x86_64/jre/lib/ext:/usr/java/packages/lib/ext, sun.boot.class.path=/usr/lib/jvm/java-1.8.0-openjdk-1.8.0.161-0.b14.fc27.x86_64/jre/lib/resources.jar:/usr/lib/jvm/java-1.8.0-openjdk-1.8.0.161-0.b14.fc27.x86_64/jre/lib/rt.jar:/usr/lib/jvm/java-1.8.0-openjdk-1.8.0.161-0.b14.fc27.x86_64/jre/lib/sunrsasign.jar:/usr/lib/jvm/java-1.8.0-openjdk-1.8.0.161-0.b14.fc27.x86_64/jre/lib/jsse.jar:/usr/lib/jvm/java-1.8.0-openjdk-1.8.0.161-0.b14.fc27.x86_64/jre/lib/jce.jar:/usr/lib/jvm/java-1.8.0-openjdk-1.8.0.161-0.b14.fc27.x86_64/jre/lib/charsets.jar:/usr/lib/jvm/java-1.8.0-openjdk-1.8.0.161-0.b14.fc27.x86_64/jre/lib/jfr.jar:/usr/lib/jvm/java-1.8.0-openjdk-1.8.0.161-0.b14.fc27.x86_64/jre/classes, java.vendor=Oracle Corporation, localRepository=/home/stbenjam/.m2/repository, file.separator=/, java.vendor.url.bug=http://bugreport.sun.com/bugreport/, sun.io.unicode.encoding=UnicodeLittle, sun.cpu.endian=little, sun.desktop=gnome, sun.cpu.isalist=}}, SystemEnvironmentPropertySource@812446698 {name='systemEnvironment', properties={IRBRC=/home/stbenjam/.rvm/rubies/ruby-2.3.3/.irbrc, PATH=/home/stbenjam/.rvm/gems/ruby-2.3.3/bin:/home/stbenjam/.rvm/gems/ruby-2.3.3@global/bin:/home/stbenjam/.rvm/rubies/ruby-2.3.3/bin:/usr/local/bin:/usr/bin:/bin:/usr/local/sbin:/usr/sbin:/home/stbenjam/.local/bin:/home/stbenjam/bin:/home/stbenjam/.rvm/bin, rvm_silent_flag=, HISTCONTROL=ignoredups, XMODIFIERS=@im=ibus, GDMSESSION=gnome-xorg, rvm_quiet_flag=, GUESTFISH_RESTORE=\e[0m, DBUS_SESSION_BUS_ADDRESS=unix:path=/run/user/1000/bus,guid=0ff0c73f492cc1dc3846ae835aac7cd0, COLORTERM=truecolor, rvm_ruby_make_install=, rvm_niceness=, SESSION_MANAGER=local/unix:@/tmp/.ICE-unix/1818,unix/unix:/tmp/.ICE-unix/1818, USERNAME=stbenjam, rvm_version=1.29.1 (latest), PWD=/home/stbenjam/git/h2ms, MANAGERPID=1759, LESSOPEN=||/usr/bin/lesspipe.sh %s, PAGER=less, QTINC=/usr/lib64/qt-3.3/include, rvm_hook=, rvm_wrapper_name=, MY_RUBY_HOME=/home/stbenjam/.rvm/rubies/ruby-2.3.3, rvm_nightly_flag=, ZSH=/home/stbenjam/.oh-my-zsh, rvm_path=/home/stbenjam/.rvm, GUESTFISH_INIT=\e[1;34m, GNOME_DESKTOP_SESSION_ID=this-is-deprecated, SYSTEMD_NSS_BYPASS_BUS=1, DBUS_STARTER_ADDRESS=unix:path=/run/user/1000/bus,guid=0ff0c73f492cc1dc3846ae835aac7cd0, LC_CTYPE=en_US.UTF-8, SHLVL=2, LOADEDMODULES=, HISTSIZE=10000, JAVA_HOME=/usr/lib/jvm/java-1.8.0-openjdk-1.8.0.161-0.b14.fc27.x86_64, TERM=xterm-256color, XDG_SESSION_ID=2, rvm_script_name=, rvm_ruby_make=, rvm_docs_type=, _=/usr/lib/jvm/java-1.8.0-openjdk-1.8.0.161-0.b14.fc27.x86_64/jre/bin/java, MAVEN_PROJECTBASEDIR=/home/stbenjam/git/h2ms, DESKTOP_SESSION=gnome-xorg, XDG_MENU_PREFIX=gnome-, VTE_VERSION=5002, rvm_alias_expanded=, rvm_ruby_bits=, GEM_PATH=/home/stbenjam/.rvm/gems/ruby-2.3.3:/home/stbenjam/.rvm/gems/ruby-2.3.3@global, TILIX_ID=df6230d2-2679-42ab-bd7f-667d05988153, XAUTHORITY=/run/user/1000/gdm/Xauthority, INVOCATION_ID=2a8a59bd24d3424f8a519125eeaea755, XDG_DATA_DIRS=/home/stbenjam/.local/share/flatpak/exports/share/:/var/lib/flatpak/exports/share/:/usr/local/share/:/usr/share/, MODULEPATH=/etc/scl/modulefiles:/etc/scl/modulefiles:/usr/share/Modules/modulefiles:/etc/modulefiles:/usr/share/modulefiles, rvm_bin_flag=, VAGRANT_DEFAULT_PROVIDER=libvirt, XDG_CURRENT_DESKTOP=GNOME, JOURNAL_STREAM=9:35277, MAIL=/var/spool/mail/stbenjam, rvm_ruby_mode=, LOGNAME=stbenjam, rvm_proxy=, SHELL=/bin/zsh, rvm_sdk=, OLDPWD=/home/stbenjam/git/h2ms, GEM_HOME=/home/stbenjam/.rvm/gems/ruby-2.3.3, rvm_use_flag=, GIT=/bin/git, RUBY_VERSION=ruby-2.3.3, _system_name=Fedora, LESS=-R, XDG_SESSION_DESKTOP=gnome-xorg, LS_COLORS=rs=0:di=38;5;33:ln=38;5;51:mh=00:pi=40;38;5;11:so=38;5;13:do=38;5;5:bd=48;5;232;38;5;11:cd=48;5;232;38;5;3:or=48;5;232;38;5;9:mi=01;05;37;41:su=48;5;196;38;5;15:sg=48;5;11;38;5;16:ca=48;5;196;38;5;226:tw=48;5;10;38;5;16:ow=48;5;10;38;5;21:st=48;5;21;38;5;15:ex=38;5;40:*.tar=38;5;9:*.tgz=38;5;9:*.arc=38;5;9:*.arj=38;5;9:*.taz=38;5;9:*.lha=38;5;9:*.lz4=38;5;9:*.lzh=38;5;9:*.lzma=38;5;9:*.tlz=38;5;9:*.txz=38;5;9:*.tzo=38;5;9:*.t7z=38;5;9:*.zip=38;5;9:*.z=38;5;9:*.Z=38;5;9:*.dz=38;5;9:*.gz=38;5;9:*.lrz=38;5;9:*.lz=38;5;9:*.lzo=38;5;9:*.xz=38;5;9:*.zst=38;5;9:*.tzst=38;5;9:*.bz2=38;5;9:*.bz=38;5;9:*.tbz=38;5;9:*.tbz2=38;5;9:*.tz=38;5;9:*.deb=38;5;9:*.rpm=38;5;9:*.jar=38;5;9:*.war=38;5;9:*.ear=38;5;9:*.sar=38;5;9:*.rar=38;5;9:*.alz=38;5;9:*.ace=38;5;9:*.zoo=38;5;9:*.cpio=38;5;9:*.7z=38;5;9:*.rz=38;5;9:*.cab=38;5;9:*.wim=38;5;9:*.swm=38;5;9:*.dwm=38;5;9:*.esd=38;5;9:*.jpg=38;5;13:*.jpeg=38;5;13:*.mjpg=38;5;13:*.mjpeg=38;5;13:*.gif=38;5;13:*.bmp=38;5;13:*.pbm=38;5;13:*.pgm=38;5;13:*.ppm=38;5;13:*.tga=38;5;13:*.xbm=38;5;13:*.xpm=38;5;13:*.tif=38;5;13:*.tiff=38;5;13:*.png=38;5;13:*.svg=38;5;13:*.svgz=38;5;13:*.mng=38;5;13:*.pcx=38;5;13:*.mov=38;5;13:*.mpg=38;5;13:*.mpeg=38;5;13:*.m2v=38;5;13:*.mkv=38;5;13:*.webm=38;5;13:*.ogm=38;5;13:*.mp4=38;5;13:*.m4v=38;5;13:*.mp4v=38;5;13:*.vob=38;5;13:*.qt=38;5;13:*.nuv=38;5;13:*.wmv=38;5;13:*.asf=38;5;13:*.rm=38;5;13:*.rmvb=38;5;13:*.flc=38;5;13:*.avi=38;5;13:*.fli=38;5;13:*.flv=38;5;13:*.gl=38;5;13:*.dl=38;5;13:*.xcf=38;5;13:*.xwd=38;5;13:*.yuv=38;5;13:*.cgm=38;5;13:*.emf=38;5;13:*.ogv=38;5;13:*.ogx=38;5;13:*.aac=38;5;45:*.au=38;5;45:*.flac=38;5;45:*.m4a=38;5;45:*.mid=38;5;45:*.midi=38;5;45:*.mka=38;5;45:*.mp3=38;5;45:*.mpc=38;5;45:*.ogg=38;5;45:*.ra=38;5;45:*.wav=38;5;45:*.oga=38;5;45:*.opus=38;5;45:*.spx=38;5;45:*.xspf=38;5;45:, rvm_gemstone_package_file=, _system_arch=x86_64, rvm_bin_path=/home/stbenjam/.rvm/bin, QT_IM_MODULE=ibus, rvm_only_path_flag=, rvm_prefix=/home/stbenjam, LANG=en_US.UTF-8, XDG_SESSION_TYPE=x11, DISPLAY=:0, rvm_gemstone_url=, GDM_LANG=en_US.UTF-8, GUESTFISH_PS1=\[\e[1;32m\]><fs>\[\e[0;31m\] , LSCOLORS=Gxfxcxdxbxegedabagacad, _system_type=Linux, _system_version=27, GPG_TTY=/dev/pts/1, USER=stbenjam, rvm_ruby_file=, WINDOWPATH=2, XDG_SEAT=seat0, SSH_AUTH_SOCK=/run/user/1000/keyring/ssh, EDITOR=vim, HOSTNAME=ancient.bitbin.de, MODULESHOME=/usr/share/Modules, QTDIR=/usr/lib64/qt-3.3, XDG_RUNTIME_DIR=/run/user/1000, XDG_VTNR=2, GUESTFISH_OUTPUT=\e[0m, DBUS_STARTER_BUS_TYPE=session, QTLIB=/usr/lib64/qt-3.3/lib, HOME=/home/stbenjam}}]
21:07:57.399 [main] DEBUG org.springframework.core.io.support.PathMatchingResourcePatternResolver - Resolved classpath location [edu/harvard/h2ms/controllers/] to resources [URL [file:/home/stbenjam/git/h2ms/target/test-classes/edu/harvard/h2ms/controllers/]]
21:07:57.399 [main] DEBUG org.springframework.core.io.support.PathMatchingResourcePatternResolver - Looking for matching resources in directory tree [/home/stbenjam/git/h2ms/target/test-classes/edu/harvard/h2ms/controllers]
21:07:57.399 [main] DEBUG org.springframework.core.io.support.PathMatchingResourcePatternResolver - Searching directory [/home/stbenjam/git/h2ms/target/test-classes/edu/harvard/h2ms/controllers] for files matching pattern [/home/stbenjam/git/h2ms/target/test-classes/edu/harvard/h2ms/controllers/*.class]
21:07:57.400 [main] DEBUG org.springframework.core.io.support.PathMatchingResourcePatternResolver - Resolved location pattern [classpath*:edu/harvard/h2ms/controllers/*.class] to resources [file [/home/stbenjam/git/h2ms/target/test-classes/edu/harvard/h2ms/controllers/EventControllerTests.class], file [/home/stbenjam/git/h2ms/target/test-classes/edu/harvard/h2ms/controllers/LocationControllerTests.class], file [/home/stbenjam/git/h2ms/target/test-classes/edu/harvard/h2ms/controllers/UserControllerTests.class]]
21:07:57.402 [main] DEBUG org.springframework.core.io.support.PathMatchingResourcePatternResolver - Resolved classpath location [edu/harvard/h2ms/] to resources [URL [file:/home/stbenjam/git/h2ms/target/test-classes/edu/harvard/h2ms/], URL [file:/home/stbenjam/git/h2ms/target/classes/edu/harvard/h2ms/]]
21:07:57.403 [main] DEBUG org.springframework.core.io.support.PathMatchingResourcePatternResolver - Looking for matching resources in directory tree [/home/stbenjam/git/h2ms/target/test-classes/edu/harvard/h2ms]
21:07:57.403 [main] DEBUG org.springframework.core.io.support.PathMatchingResourcePatternResolver - Searching directory [/home/stbenjam/git/h2ms/target/test-classes/edu/harvard/h2ms] for files matching pattern [/home/stbenjam/git/h2ms/target/test-classes/edu/harvard/h2ms/*.class]
21:07:57.403 [main] DEBUG org.springframework.core.io.support.PathMatchingResourcePatternResolver - Looking for matching resources in directory tree [/home/stbenjam/git/h2ms/target/classes/edu/harvard/h2ms]
21:07:57.404 [main] DEBUG org.springframework.core.io.support.PathMatchingResourcePatternResolver - Searching directory [/home/stbenjam/git/h2ms/target/classes/edu/harvard/h2ms] for files matching pattern [/home/stbenjam/git/h2ms/target/classes/edu/harvard/h2ms/*.class]
21:07:57.404 [main] DEBUG org.springframework.core.io.support.PathMatchingResourcePatternResolver - Resolved location pattern [classpath*:edu/harvard/h2ms/*.class] to resources [file [/home/stbenjam/git/h2ms/target/classes/edu/harvard/h2ms/H2MSRestAppInitializer.class]]
21:07:57.406 [main] DEBUG org.springframework.context.annotation.ClassPathScanningCandidateComponentProvider - Identified candidate component class: file [/home/stbenjam/git/h2ms/target/classes/edu/harvard/h2ms/H2MSRestAppInitializer.class]
21:07:57.406 [main] INFO org.springframework.boot.test.context.SpringBootTestContextBootstrapper - Found @SpringBootConfiguration edu.harvard.h2ms.H2MSRestAppInitializer for test class edu.harvard.h2ms.controllers.EventControllerTests
21:07:57.408 [main] DEBUG org.springframework.boot.test.context.SpringBootTestContextBootstrapper - @TestExecutionListeners is not present for class [edu.harvard.h2ms.controllers.EventControllerTests]: using defaults.
21:07:57.410 [main] INFO org.springframework.boot.test.context.SpringBootTestContextBootstrapper - Loaded default TestExecutionListener class names from location [META-INF/spring.factories]: [org.springframework.boot.test.mock.mockito.MockitoTestExecutionListener, org.springframework.boot.test.mock.mockito.ResetMocksTestExecutionListener, org.springframework.boot.test.autoconfigure.restdocs.RestDocsTestExecutionListener, org.springframework.boot.test.autoconfigure.web.client.MockRestServiceServerResetTestExecutionListener, org.springframework.boot.test.autoconfigure.web.servlet.MockMvcPrintOnlyOnFailureTestExecutionListener, org.springframework.boot.test.autoconfigure.web.servlet.WebDriverTestExecutionListener, org.springframework.test.context.web.ServletTestExecutionListener, org.springframework.test.context.support.DirtiesContextBeforeModesTestExecutionListener, org.springframework.test.context.support.DependencyInjectionTestExecutionListener, org.springframework.test.context.support.DirtiesContextTestExecutionListener, org.springframework.test.context.transaction.TransactionalTestExecutionListener, org.springframework.test.context.jdbc.SqlScriptsTestExecutionListener, org.springframework.security.test.context.support.WithSecurityContextTestExecutionListener]
21:07:57.413 [main] INFO org.springframework.boot.test.context.SpringBootTestContextBootstrapper - Using TestExecutionListeners: [org.springframework.test.context.web.ServletTestExecutionListener@1eb5174b, org.springframework.test.context.support.DirtiesContextBeforeModesTestExecutionListener@67080771, org.springframework.boot.test.autoconfigure.SpringBootDependencyInjectionTestExecutionListener@72cde7cc, org.springframework.test.context.support.DirtiesContextTestExecutionListener@5fd4f8f5, org.springframework.test.context.transaction.TransactionalTestExecutionListener@696da30b, org.springframework.test.context.jdbc.SqlScriptsTestExecutionListener@4e7912d8, org.springframework.security.test.context.support.WithSecurityContextTestExecutionListener@53976f5c, org.springframework.boot.test.mock.mockito.MockitoTestExecutionListener@2bfc268b, org.springframework.boot.test.mock.mockito.ResetMocksTestExecutionListener@2f8dad04, org.springframework.boot.test.autoconfigure.restdocs.RestDocsTestExecutionListener@29e495ff, org.springframework.boot.test.autoconfigure.web.client.MockRestServiceServerResetTestExecutionListener@41e1e210, org.springframework.boot.test.autoconfigure.web.servlet.MockMvcPrintOnlyOnFailureTestExecutionListener@be35cd9, org.springframework.boot.test.autoconfigure.web.servlet.WebDriverTestExecutionListener@4944252c]
21:07:57.414 [main] DEBUG org.springframework.test.context.junit4.SpringJUnit4ClassRunner - SpringJUnit4ClassRunner constructor called with [class edu.harvard.h2ms.controllers.UserControllerTests]
21:07:57.414 [main] DEBUG org.springframework.test.context.BootstrapUtils - Instantiating CacheAwareContextLoaderDelegate from class [org.springframework.test.context.cache.DefaultCacheAwareContextLoaderDelegate]
21:07:57.414 [main] DEBUG org.springframework.test.context.BootstrapUtils - Instantiating BootstrapContext using constructor [public org.springframework.test.context.support.DefaultBootstrapContext(java.lang.Class,org.springframework.test.context.CacheAwareContextLoaderDelegate)]
21:07:57.415 [main] DEBUG org.springframework.test.context.BootstrapUtils - Instantiating TestContextBootstrapper for test class [edu.harvard.h2ms.controllers.UserControllerTests] from class [org.springframework.boot.test.context.SpringBootTestContextBootstrapper]
21:07:57.415 [main] INFO org.springframework.boot.test.context.SpringBootTestContextBootstrapper - Neither @ContextConfiguration nor @ContextHierarchy found for test class [edu.harvard.h2ms.controllers.UserControllerTests], using SpringBootContextLoader
21:07:57.416 [main] DEBUG org.springframework.test.context.support.AbstractContextLoader - Did not detect default resource location for test class [edu.harvard.h2ms.controllers.UserControllerTests]: class path resource [edu/harvard/h2ms/controllers/UserControllerTests-context.xml] does not exist
21:07:57.416 [main] DEBUG org.springframework.test.context.support.AbstractContextLoader - Did not detect default resource location for test class [edu.harvard.h2ms.controllers.UserControllerTests]: class path resource [edu/harvard/h2ms/controllers/UserControllerTestsContext.groovy] does not exist
21:07:57.416 [main] INFO org.springframework.test.context.support.AbstractContextLoader - Could not detect default resource locations for test class [edu.harvard.h2ms.controllers.UserControllerTests]: no resource found for suffixes {-context.xml, Context.groovy}.
21:07:57.417 [main] INFO org.springframework.test.context.support.AnnotationConfigContextLoaderUtils - Could not detect default configuration classes for test class [edu.harvard.h2ms.controllers.UserControllerTests]: UserControllerTests does not declare any static, non-private, non-final, nested classes annotated with @Configuration.
21:07:57.436 [main] DEBUG org.springframework.test.context.support.ActiveProfilesUtils - Could not find an 'annotation declaring class' for annotation type [org.springframework.test.context.ActiveProfiles] and class [edu.harvard.h2ms.controllers.UserControllerTests]
21:07:57.436 [main] DEBUG org.springframework.core.env.StandardEnvironment - Adding PropertySource 'systemProperties' with lowest search precedence
21:07:57.436 [main] DEBUG org.springframework.core.env.StandardEnvironment - Adding PropertySource 'systemEnvironment' with lowest search precedence
21:07:57.437 [main] DEBUG org.springframework.core.env.StandardEnvironment - Initialized StandardEnvironment with PropertySources [MapPropertySource@1604002113 {name='systemProperties', properties={java.runtime.name=OpenJDK Runtime Environment, sun.boot.library.path=/usr/lib/jvm/java-1.8.0-openjdk-1.8.0.161-0.b14.fc27.x86_64/jre/lib/amd64, java.vm.version=25.161-b14, java.vm.vendor=Oracle Corporation, java.vendor.url=http://java.oracle.com/, path.separator=:, java.vm.name=OpenJDK 64-Bit Server VM, file.encoding.pkg=sun.io, user.country=US, sun.java.launcher=SUN_STANDARD, sun.os.patch.level=unknown, java.vm.specification.name=Java Virtual Machine Specification, user.dir=/home/stbenjam/git/h2ms, java.runtime.version=1.8.0_161-b14, basedir=/home/stbenjam/git/h2ms, java.awt.graphicsenv=sun.awt.X11GraphicsEnvironment, java.endorsed.dirs=/usr/lib/jvm/java-1.8.0-openjdk-1.8.0.161-0.b14.fc27.x86_64/jre/lib/endorsed, os.arch=amd64, surefire.real.class.path=/home/stbenjam/git/h2ms/target/surefire/surefirebooter4406525892180618587.jar, java.io.tmpdir=/tmp, line.separator=
, java.vm.specification.vendor=Oracle Corporation, os.name=Linux, sun.jnu.encoding=UTF-8, java.library.path=/usr/java/packages/lib/amd64:/usr/lib64:/lib64:/lib:/usr/lib, surefire.test.class.path=/home/stbenjam/git/h2ms/target/test-classes:/home/stbenjam/git/h2ms/target/classes:/home/stbenjam/.m2/repository/org/springframework/boot/spring-boot-starter-data-rest/1.5.10.RELEASE/spring-boot-starter-data-rest-1.5.10.RELEASE.jar:/home/stbenjam/.m2/repository/org/springframework/boot/spring-boot-starter/1.5.10.RELEASE/spring-boot-starter-1.5.10.RELEASE.jar:/home/stbenjam/.m2/repository/org/springframework/boot/spring-boot/1.5.10.RELEASE/spring-boot-1.5.10.RELEASE.jar:/home/stbenjam/.m2/repository/org/springframework/boot/spring-boot-autoconfigure/1.5.10.RELEASE/spring-boot-autoconfigure-1.5.10.RELEASE.jar:/home/stbenjam/.m2/repository/org/springframework/boot/spring-boot-starter-logging/1.5.10.RELEASE/spring-boot-starter-logging-1.5.10.RELEASE.jar:/home/stbenjam/.m2/repository/ch/qos/logback/logback-classic/1.1.11/logback-classic-1.1.11.jar:/home/stbenjam/.m2/repository/ch/qos/logback/logback-core/1.1.11/logback-core-1.1.11.jar:/home/stbenjam/.m2/repository/org/slf4j/jul-to-slf4j/1.7.25/jul-to-slf4j-1.7.25.jar:/home/stbenjam/.m2/repository/org/slf4j/log4j-over-slf4j/1.7.25/log4j-over-slf4j-1.7.25.jar:/home/stbenjam/.m2/repository/org/yaml/snakeyaml/1.17/snakeyaml-1.17.jar:/home/stbenjam/.m2/repository/com/fasterxml/jackson/core/jackson-annotations/2.8.0/jackson-annotations-2.8.0.jar:/home/stbenjam/.m2/repository/org/springframework/data/spring-data-rest-webmvc/2.6.10.RELEASE/spring-data-rest-webmvc-2.6.10.RELEASE.jar:/home/stbenjam/.m2/repository/org/springframework/data/spring-data-rest-core/2.6.10.RELEASE/spring-data-rest-core-2.6.10.RELEASE.jar:/home/stbenjam/.m2/repository/org/atteo/evo-inflector/1.2.2/evo-inflector-1.2.2.jar:/home/stbenjam/.m2/repository/org/slf4j/jcl-over-slf4j/1.7.25/jcl-over-slf4j-1.7.25.jar:/home/stbenjam/.m2/repository/org/springframework/boot/spring-boot-starter-web/1.5.10.RELEASE/spring-boot-starter-web-1.5.10.RELEASE.jar:/home/stbenjam/.m2/repository/org/springframework/boot/spring-boot-starter-tomcat/1.5.10.RELEASE/spring-boot-starter-tomcat-1.5.10.RELEASE.jar:/home/stbenjam/.m2/repository/org/apache/tomcat/embed/tomcat-embed-core/8.5.27/tomcat-embed-core-8.5.27.jar:/home/stbenjam/.m2/repository/org/apache/tomcat/tomcat-annotations-api/8.5.27/tomcat-annotations-api-8.5.27.jar:/home/stbenjam/.m2/repository/org/apache/tomcat/embed/tomcat-embed-el/8.5.27/tomcat-embed-el-8.5.27.jar:/home/stbenjam/.m2/repository/org/apache/tomcat/embed/tomcat-embed-websocket/8.5.27/tomcat-embed-websocket-8.5.27.jar:/home/stbenjam/.m2/repository/org/hibernate/hibernate-validator/5.3.6.Final/hibernate-validator-5.3.6.Final.jar:/home/stbenjam/.m2/repository/javax/validation/validation-api/1.1.0.Final/validation-api-1.1.0.Final.jar:/home/stbenjam/.m2/repository/org/jboss/logging/jboss-logging/3.3.1.Final/jboss-logging-3.3.1.Final.jar:/home/stbenjam/.m2/repository/org/springframework/spring-web/4.3.14.RELEASE/spring-web-4.3.14.RELEASE.jar:/home/stbenjam/.m2/repository/org/springframework/spring-webmvc/4.3.14.RELEASE/spring-webmvc-4.3.14.RELEASE.jar:/home/stbenjam/.m2/repository/org/springframework/spring-expression/4.3.14.RELEASE/spring-expression-4.3.14.RELEASE.jar:/home/stbenjam/.m2/repository/org/springframework/boot/spring-boot-starter-thymeleaf/1.5.10.RELEASE/spring-boot-starter-thymeleaf-1.5.10.RELEASE.jar:/home/stbenjam/.m2/repository/org/thymeleaf/thymeleaf-spring4/2.1.6.RELEASE/thymeleaf-spring4-2.1.6.RELEASE.jar:/home/stbenjam/.m2/repository/org/thymeleaf/thymeleaf/2.1.6.RELEASE/thymeleaf-2.1.6.RELEASE.jar:/home/stbenjam/.m2/repository/ognl/ognl/3.0.8/ognl-3.0.8.jar:/home/stbenjam/.m2/repository/org/unbescape/unbescape/1.1.0.RELEASE/unbescape-1.1.0.RELEASE.jar:/home/stbenjam/.m2/repository/nz/net/ultraq/thymeleaf/thymeleaf-layout-dialect/1.4.0/thymeleaf-layout-dialect-1.4.0.jar:/home/stbenjam/.m2/repository/org/codehaus/groovy/groovy/2.4.13/groovy-2.4.13.jar:/home/stbenjam/.m2/repository/org/springframework/boot/spring-boot-starter-test/1.5.10.RELEASE/spring-boot-starter-test-1.5.10.RELEASE.jar:/home/stbenjam/.m2/repository/org/springframework/boot/spring-boot-test/1.5.10.RELEASE/spring-boot-test-1.5.10.RELEASE.jar:/home/stbenjam/.m2/repository/org/springframework/boot/spring-boot-test-autoconfigure/1.5.10.RELEASE/spring-boot-test-autoconfigure-1.5.10.RELEASE.jar:/home/stbenjam/.m2/repository/com/jayway/jsonpath/json-path/2.2.0/json-path-2.2.0.jar:/home/stbenjam/.m2/repository/net/minidev/json-smart/2.2.1/json-smart-2.2.1.jar:/home/stbenjam/.m2/repository/net/minidev/accessors-smart/1.1/accessors-smart-1.1.jar:/home/stbenjam/.m2/repository/org/ow2/asm/asm/5.0.3/asm-5.0.3.jar:/home/stbenjam/.m2/repository/junit/junit/4.12/junit-4.12.jar:/home/stbenjam/.m2/repository/org/assertj/assertj-core/2.6.0/assertj-core-2.6.0.jar:/home/stbenjam/.m2/repository/org/mockito/mockito-core/1.10.19/mockito-core-1.10.19.jar:/home/stbenjam/.m2/repository/org/objenesis/objenesis/2.1/objenesis-2.1.jar:/home/stbenjam/.m2/repository/org/hamcrest/hamcrest-core/1.3/hamcrest-core-1.3.jar:/home/stbenjam/.m2/repository/org/hamcrest/hamcrest-library/1.3/hamcrest-library-1.3.jar:/home/stbenjam/.m2/repository/org/skyscreamer/jsonassert/1.4.0/jsonassert-1.4.0.jar:/home/stbenjam/.m2/repository/org/springframework/spring-core/4.3.14.RELEASE/spring-core-4.3.14.RELEASE.jar:/home/stbenjam/.m2/repository/org/springframework/spring-test/4.3.14.RELEASE/spring-test-4.3.14.RELEASE.jar:/home/stbenjam/.m2/repository/org/springframework/restdocs/spring-restdocs-mockmvc/1.1.3.RELEASE/spring-restdocs-mockmvc-1.1.3.RELEASE.jar:/home/stbenjam/.m2/repository/org/springframework/restdocs/spring-restdocs-core/1.1.3.RELEASE/spring-restdocs-core-1.1.3.RELEASE.jar:/home/stbenjam/.m2/repository/javax/servlet/javax.servlet-api/3.1.0/javax.servlet-api-3.1.0.jar:/home/stbenjam/.m2/repository/org/springframework/boot/spring-boot-starter-data-jpa/1.5.10.RELEASE/spring-boot-starter-data-jpa-1.5.10.RELEASE.jar:/home/stbenjam/.m2/repository/org/springframework/boot/spring-boot-starter-aop/1.5.10.RELEASE/spring-boot-starter-aop-1.5.10.RELEASE.jar:/home/stbenjam/.m2/repository/org/aspectj/aspectjweaver/1.8.13/aspectjweaver-1.8.13.jar:/home/stbenjam/.m2/repository/org/springframework/boot/spring-boot-starter-jdbc/1.5.10.RELEASE/spring-boot-starter-jdbc-1.5.10.RELEASE.jar:/home/stbenjam/.m2/repository/org/apache/tomcat/tomcat-jdbc/8.5.27/tomcat-jdbc-8.5.27.jar:/home/stbenjam/.m2/repository/org/apache/tomcat/tomcat-juli/8.5.27/tomcat-juli-8.5.27.jar:/home/stbenjam/.m2/repository/org/springframework/spring-jdbc/4.3.14.RELEASE/spring-jdbc-4.3.14.RELEASE.jar:/home/stbenjam/.m2/repository/org/hibernate/hibernate-core/5.0.12.Final/hibernate-core-5.0.12.Final.jar:/home/stbenjam/.m2/repository/org/hibernate/javax/persistence/hibernate-jpa-2.1-api/1.0.0.Final/hibernate-jpa-2.1-api-1.0.0.Final.jar:/home/stbenjam/.m2/repository/org/javassist/javassist/3.21.0-GA/javassist-3.21.0-GA.jar:/home/stbenjam/.m2/repository/antlr/antlr/2.7.7/antlr-2.7.7.jar:/home/stbenjam/.m2/repository/org/jboss/jandex/2.0.0.Final/jandex-2.0.0.Final.jar:/home/stbenjam/.m2/repository/dom4j/dom4j/1.6.1/dom4j-1.6.1.jar:/home/stbenjam/.m2/repository/org/hibernate/common/hibernate-commons-annotations/5.0.1.Final/hibernate-commons-annotations-5.0.1.Final.jar:/home/stbenjam/.m2/repository/org/hibernate/hibernate-entitymanager/5.0.12.Final/hibernate-entitymanager-5.0.12.Final.jar:/home/stbenjam/.m2/repository/javax/transaction/javax.transaction-api/1.2/javax.transaction-api-1.2.jar:/home/stbenjam/.m2/repository/org/springframework/data/spring-data-jpa/1.11.10.RELEASE/spring-data-jpa-1.11.10.RELEASE.jar:/home/stbenjam/.m2/repository/org/springframework/data/spring-data-commons/1.13.10.RELEASE/spring-data-commons-1.13.10.RELEASE.jar:/home/stbenjam/.m2/repository/org/springframework/spring-orm/4.3.14.RELEASE/spring-orm-4.3.14.RELEASE.jar:/home/stbenjam/.m2/repository/org/springframework/spring-tx/4.3.14.RELEASE/spring-tx-4.3.14.RELEASE.jar:/home/stbenjam/.m2/repository/org/springframework/spring-aspects/4.3.14.RELEASE/spring-aspects-4.3.14.RELEASE.jar:/home/stbenjam/.m2/repository/com/h2database/h2/1.4.196/h2-1.4.196.jar:/home/stbenjam/.m2/repository/org/postgresql/postgresql/9.4-1206-jdbc42/postgresql-9.4-1206-jdbc42.jar:/home/stbenjam/.m2/repository/log4j/log4j/1.2.17/log4j-1.2.17.jar:/home/stbenjam/.m2/repository/com/google/guava/guava/19.0/guava-19.0.jar:/home/stbenjam/.m2/repository/javax/mail/mail/1.4/mail-1.4.jar:/home/stbenjam/.m2/repository/javax/activation/activation/1.1/activation-1.1.jar:/home/stbenjam/.m2/repository/org/springframework/boot/spring-boot-starter-security/1.5.10.RELEASE/spring-boot-starter-security-1.5.10.RELEASE.jar:/home/stbenjam/.m2/repository/org/springframework/spring-aop/4.3.14.RELEASE/spring-aop-4.3.14.RELEASE.jar:/home/stbenjam/.m2/repository/org/springframework/security/spring-security-config/4.2.4.RELEASE/spring-security-config-4.2.4.RELEASE.jar:/home/stbenjam/.m2/repository/org/springframework/security/spring-security-web/4.2.4.RELEASE/spring-security-web-4.2.4.RELEASE.jar:/home/stbenjam/.m2/repository/org/springframework/boot/spring-boot-starter-mail/1.4.3.RELEASE/spring-boot-starter-mail-1.4.3.RELEASE.jar:/home/stbenjam/.m2/repository/org/springframework/spring-context/4.3.14.RELEASE/spring-context-4.3.14.RELEASE.jar:/home/stbenjam/.m2/repository/com/sun/mail/javax.mail/1.5.6/javax.mail-1.5.6.jar:/home/stbenjam/.m2/repository/com/icegreen/greenmail/1.5.5/greenmail-1.5.5.jar:/home/stbenjam/.m2/repository/org/slf4j/slf4j-api/1.7.25/slf4j-api-1.7.25.jar:/home/stbenjam/.m2/repository/org/springframework/security/spring-security-test/4.2.4.RELEASE/spring-security-test-4.2.4.RELEASE.jar:/home/stbenjam/.m2/repository/org/springframework/security/spring-security-core/4.2.4.RELEASE/spring-security-core-4.2.4.RELEASE.jar:/home/stbenjam/.m2/repository/aopalliance/aopalliance/1.0/aopalliance-1.0.jar:/home/stbenjam/.m2/repository/org/springframework/security/oauth/spring-security-oauth2/2.0.14.RELEASE/spring-security-oauth2-2.0.14.RELEASE.jar:/home/stbenjam/.m2/repository/org/springframework/spring-beans/4.3.14.RELEASE/spring-beans-4.3.14.RELEASE.jar:/home/stbenjam/.m2/repository/commons-codec/commons-codec/1.10/commons-codec-1.10.jar:/home/stbenjam/.m2/repository/org/codehaus/jackson/jackson-mapper-asl/1.9.13/jackson-mapper-asl-1.9.13.jar:/home/stbenjam/.m2/repository/org/codehaus/jackson/jackson-core-asl/1.9.13/jackson-core-asl-1.9.13.jar:/home/stbenjam/.m2/repository/io/springfox/springfox-swagger2/2.8.0/springfox-swagger2-2.8.0.jar:/home/stbenjam/.m2/repository/io/swagger/swagger-annotations/1.5.14/swagger-annotations-1.5.14.jar:/home/stbenjam/.m2/repository/io/swagger/swagger-models/1.5.14/swagger-models-1.5.14.jar:/home/stbenjam/.m2/repository/io/springfox/springfox-spi/2.8.0/springfox-spi-2.8.0.jar:/home/stbenjam/.m2/repository/io/springfox/springfox-core/2.8.0/springfox-core-2.8.0.jar:/home/stbenjam/.m2/repository/net/bytebuddy/byte-buddy/1.7.9/byte-buddy-1.7.9.jar:/home/stbenjam/.m2/repository/io/springfox/springfox-schema/2.8.0/springfox-schema-2.8.0.jar:/home/stbenjam/.m2/repository/io/springfox/springfox-swagger-common/2.8.0/springfox-swagger-common-2.8.0.jar:/home/stbenjam/.m2/repository/io/springfox/springfox-spring-web/2.8.0/springfox-spring-web-2.8.0.jar:/home/stbenjam/.m2/repository/org/reflections/reflections/0.9.11/reflections-0.9.11.jar:/home/stbenjam/.m2/repository/com/fasterxml/classmate/1.3.4/classmate-1.3.4.jar:/home/stbenjam/.m2/repository/org/springframework/plugin/spring-plugin-core/1.2.0.RELEASE/spring-plugin-core-1.2.0.RELEASE.jar:/home/stbenjam/.m2/repository/org/springframework/plugin/spring-plugin-metadata/1.2.0.RELEASE/spring-plugin-metadata-1.2.0.RELEASE.jar:/home/stbenjam/.m2/repository/org/mapstruct/mapstruct/1.2.0.Final/mapstruct-1.2.0.Final.jar:/home/stbenjam/.m2/repository/io/springfox/springfox-swagger-ui/2.8.0/springfox-swagger-ui-2.8.0.jar:/home/stbenjam/.m2/repository/io/springfox/springfox-data-rest/2.8.0/springfox-data-rest-2.8.0.jar:/home/stbenjam/.m2/repository/org/springframework/hateoas/spring-hateoas/0.23.0.RELEASE/spring-hateoas-0.23.0.RELEASE.jar:/home/stbenjam/.m2/repository/org/usb4java/usb4java-javax/1.2.0/usb4java-javax-1.2.0.jar:/home/stbenjam/.m2/repository/javax/usb/usb-api/1.0.2/usb-api-1.0.2.jar:/home/stbenjam/.m2/repository/org/apache/commons/commons-lang3/3.2.1/commons-lang3-3.2.1.jar:/home/stbenjam/.m2/repository/org/usb4java/usb4java/1.2.0/usb4java-1.2.0.jar:/home/stbenjam/.m2/repository/org/usb4java/libusb4java/1.2.0/libusb4java-1.2.0-linux-x86.jar:/home/stbenjam/.m2/repository/org/usb4java/libusb4java/1.2.0/libusb4java-1.2.0-linux-x86_64.jar:/home/stbenjam/.m2/repository/org/usb4java/libusb4java/1.2.0/libusb4java-1.2.0-linux-arm.jar:/home/stbenjam/.m2/repository/org/usb4java/libusb4java/1.2.0/libusb4java-1.2.0-windows-x86.jar:/home/stbenjam/.m2/repository/org/usb4java/libusb4java/1.2.0/libusb4java-1.2.0-windows-x86_64.jar:/home/stbenjam/.m2/repository/org/usb4java/libusb4java/1.2.0/libusb4java-1.2.0-osx-x86.jar:/home/stbenjam/.m2/repository/org/usb4java/libusb4java/1.2.0/libusb4java-1.2.0-osx-x86_64.jar:/home/stbenjam/.m2/repository/org/mockito/mockito-all/1.9.5/mockito-all-1.9.5.jar:/home/stbenjam/.m2/repository/com/fasterxml/jackson/core/jackson-databind/2.5.0/jackson-databind-2.5.0.jar:/home/stbenjam/.m2/repository/com/fasterxml/jackson/core/jackson-core/2.8.10/jackson-core-2.8.10.jar:/home/stbenjam/.m2/repository/com/vaadin/external/google/android-json/0.0.20131108.vaadin1/android-json-0.0.20131108.vaadin1.jar:/home/stbenjam/.m2/repository/com/tngtech/java/junit-dataprovider/1.13.1/junit-dataprovider-1.13.1.jar:/home/stbenjam/.m2/repository/org/springframework/spring-context-support/3.2.0.RELEASE/spring-context-support-3.2.0.RELEASE.jar:, java.specification.name=Java Platform API Specification, java.class.version=52.0, sun.management.compiler=HotSpot 64-Bit Tiered Compilers, os.version=4.14.14-300.fc27.x86_64, user.home=/home/stbenjam, user.timezone=America/New_York, java.awt.printerjob=sun.print.PSPrinterJob, file.encoding=UTF-8, java.specification.version=1.8, java.class.path=/home/stbenjam/git/h2ms/target/test-classes:/home/stbenjam/git/h2ms/target/classes:/home/stbenjam/.m2/repository/org/springframework/boot/spring-boot-starter-data-rest/1.5.10.RELEASE/spring-boot-starter-data-rest-1.5.10.RELEASE.jar:/home/stbenjam/.m2/repository/org/springframework/boot/spring-boot-starter/1.5.10.RELEASE/spring-boot-starter-1.5.10.RELEASE.jar:/home/stbenjam/.m2/repository/org/springframework/boot/spring-boot/1.5.10.RELEASE/spring-boot-1.5.10.RELEASE.jar:/home/stbenjam/.m2/repository/org/springframework/boot/spring-boot-autoconfigure/1.5.10.RELEASE/spring-boot-autoconfigure-1.5.10.RELEASE.jar:/home/stbenjam/.m2/repository/org/springframework/boot/spring-boot-starter-logging/1.5.10.RELEASE/spring-boot-starter-logging-1.5.10.RELEASE.jar:/home/stbenjam/.m2/repository/ch/qos/logback/logback-classic/1.1.11/logback-classic-1.1.11.jar:/home/stbenjam/.m2/repository/ch/qos/logback/logback-core/1.1.11/logback-core-1.1.11.jar:/home/stbenjam/.m2/repository/org/slf4j/jul-to-slf4j/1.7.25/jul-to-slf4j-1.7.25.jar:/home/stbenjam/.m2/repository/org/slf4j/log4j-over-slf4j/1.7.25/log4j-over-slf4j-1.7.25.jar:/home/stbenjam/.m2/repository/org/yaml/snakeyaml/1.17/snakeyaml-1.17.jar:/home/stbenjam/.m2/repository/com/fasterxml/jackson/core/jackson-annotations/2.8.0/jackson-annotations-2.8.0.jar:/home/stbenjam/.m2/repository/org/springframework/data/spring-data-rest-webmvc/2.6.10.RELEASE/spring-data-rest-webmvc-2.6.10.RELEASE.jar:/home/stbenjam/.m2/repository/org/springframework/data/spring-data-rest-core/2.6.10.RELEASE/spring-data-rest-core-2.6.10.RELEASE.jar:/home/stbenjam/.m2/repository/org/atteo/evo-inflector/1.2.2/evo-inflector-1.2.2.jar:/home/stbenjam/.m2/repository/org/slf4j/jcl-over-slf4j/1.7.25/jcl-over-slf4j-1.7.25.jar:/home/stbenjam/.m2/repository/org/springframework/boot/spring-boot-starter-web/1.5.10.RELEASE/spring-boot-starter-web-1.5.10.RELEASE.jar:/home/stbenjam/.m2/repository/org/springframework/boot/spring-boot-starter-tomcat/1.5.10.RELEASE/spring-boot-starter-tomcat-1.5.10.RELEASE.jar:/home/stbenjam/.m2/repository/org/apache/tomcat/embed/tomcat-embed-core/8.5.27/tomcat-embed-core-8.5.27.jar:/home/stbenjam/.m2/repository/org/apache/tomcat/tomcat-annotations-api/8.5.27/tomcat-annotations-api-8.5.27.jar:/home/stbenjam/.m2/repository/org/apache/tomcat/embed/tomcat-embed-el/8.5.27/tomcat-embed-el-8.5.27.jar:/home/stbenjam/.m2/repository/org/apache/tomcat/embed/tomcat-embed-websocket/8.5.27/tomcat-embed-websocket-8.5.27.jar:/home/stbenjam/.m2/repository/org/hibernate/hibernate-validator/5.3.6.Final/hibernate-validator-5.3.6.Final.jar:/home/stbenjam/.m2/repository/javax/validation/validation-api/1.1.0.Final/validation-api-1.1.0.Final.jar:/home/stbenjam/.m2/repository/org/jboss/logging/jboss-logging/3.3.1.Final/jboss-logging-3.3.1.Final.jar:/home/stbenjam/.m2/repository/org/springframework/spring-web/4.3.14.RELEASE/spring-web-4.3.14.RELEASE.jar:/home/stbenjam/.m2/repository/org/springframework/spring-webmvc/4.3.14.RELEASE/spring-webmvc-4.3.14.RELEASE.jar:/home/stbenjam/.m2/repository/org/springframework/spring-expression/4.3.14.RELEASE/spring-expression-4.3.14.RELEASE.jar:/home/stbenjam/.m2/repository/org/springframework/boot/spring-boot-starter-thymeleaf/1.5.10.RELEASE/spring-boot-starter-thymeleaf-1.5.10.RELEASE.jar:/home/stbenjam/.m2/repository/org/thymeleaf/thymeleaf-spring4/2.1.6.RELEASE/thymeleaf-spring4-2.1.6.RELEASE.jar:/home/stbenjam/.m2/repository/org/thymeleaf/thymeleaf/2.1.6.RELEASE/thymeleaf-2.1.6.RELEASE.jar:/home/stbenjam/.m2/repository/ognl/ognl/3.0.8/ognl-3.0.8.jar:/home/stbenjam/.m2/repository/org/unbescape/unbescape/1.1.0.RELEASE/unbescape-1.1.0.RELEASE.jar:/home/stbenjam/.m2/repository/nz/net/ultraq/thymeleaf/thymeleaf-layout-dialect/1.4.0/thymeleaf-layout-dialect-1.4.0.jar:/home/stbenjam/.m2/repository/org/codehaus/groovy/groovy/2.4.13/groovy-2.4.13.jar:/home/stbenjam/.m2/repository/org/springframework/boot/spring-boot-starter-test/1.5.10.RELEASE/spring-boot-starter-test-1.5.10.RELEASE.jar:/home/stbenjam/.m2/repository/org/springframework/boot/spring-boot-test/1.5.10.RELEASE/spring-boot-test-1.5.10.RELEASE.jar:/home/stbenjam/.m2/repository/org/springframework/boot/spring-boot-test-autoconfigure/1.5.10.RELEASE/spring-boot-test-autoconfigure-1.5.10.RELEASE.jar:/home/stbenjam/.m2/repository/com/jayway/jsonpath/json-path/2.2.0/json-path-2.2.0.jar:/home/stbenjam/.m2/repository/net/minidev/json-smart/2.2.1/json-smart-2.2.1.jar:/home/stbenjam/.m2/repository/net/minidev/accessors-smart/1.1/accessors-smart-1.1.jar:/home/stbenjam/.m2/repository/org/ow2/asm/asm/5.0.3/asm-5.0.3.jar:/home/stbenjam/.m2/repository/junit/junit/4.12/junit-4.12.jar:/home/stbenjam/.m2/repository/org/assertj/assertj-core/2.6.0/assertj-core-2.6.0.jar:/home/stbenjam/.m2/repository/org/mockito/mockito-core/1.10.19/mockito-core-1.10.19.jar:/home/stbenjam/.m2/repository/org/objenesis/objenesis/2.1/objenesis-2.1.jar:/home/stbenjam/.m2/repository/org/hamcrest/hamcrest-core/1.3/hamcrest-core-1.3.jar:/home/stbenjam/.m2/repository/org/hamcrest/hamcrest-library/1.3/hamcrest-library-1.3.jar:/home/stbenjam/.m2/repository/org/skyscreamer/jsonassert/1.4.0/jsonassert-1.4.0.jar:/home/stbenjam/.m2/repository/org/springframework/spring-core/4.3.14.RELEASE/spring-core-4.3.14.RELEASE.jar:/home/stbenjam/.m2/repository/org/springframework/spring-test/4.3.14.RELEASE/spring-test-4.3.14.RELEASE.jar:/home/stbenjam/.m2/repository/org/springframework/restdocs/spring-restdocs-mockmvc/1.1.3.RELEASE/spring-restdocs-mockmvc-1.1.3.RELEASE.jar:/home/stbenjam/.m2/repository/org/springframework/restdocs/spring-restdocs-core/1.1.3.RELEASE/spring-restdocs-core-1.1.3.RELEASE.jar:/home/stbenjam/.m2/repository/javax/servlet/javax.servlet-api/3.1.0/javax.servlet-api-3.1.0.jar:/home/stbenjam/.m2/repository/org/springframework/boot/spring-boot-starter-data-jpa/1.5.10.RELEASE/spring-boot-starter-data-jpa-1.5.10.RELEASE.jar:/home/stbenjam/.m2/repository/org/springframework/boot/spring-boot-starter-aop/1.5.10.RELEASE/spring-boot-starter-aop-1.5.10.RELEASE.jar:/home/stbenjam/.m2/repository/org/aspectj/aspectjweaver/1.8.13/aspectjweaver-1.8.13.jar:/home/stbenjam/.m2/repository/org/springframework/boot/spring-boot-starter-jdbc/1.5.10.RELEASE/spring-boot-starter-jdbc-1.5.10.RELEASE.jar:/home/stbenjam/.m2/repository/org/apache/tomcat/tomcat-jdbc/8.5.27/tomcat-jdbc-8.5.27.jar:/home/stbenjam/.m2/repository/org/apache/tomcat/tomcat-juli/8.5.27/tomcat-juli-8.5.27.jar:/home/stbenjam/.m2/repository/org/springframework/spring-jdbc/4.3.14.RELEASE/spring-jdbc-4.3.14.RELEASE.jar:/home/stbenjam/.m2/repository/org/hibernate/hibernate-core/5.0.12.Final/hibernate-core-5.0.12.Final.jar:/home/stbenjam/.m2/repository/org/hibernate/javax/persistence/hibernate-jpa-2.1-api/1.0.0.Final/hibernate-jpa-2.1-api-1.0.0.Final.jar:/home/stbenjam/.m2/repository/org/javassist/javassist/3.21.0-GA/javassist-3.21.0-GA.jar:/home/stbenjam/.m2/repository/antlr/antlr/2.7.7/antlr-2.7.7.jar:/home/stbenjam/.m2/repository/org/jboss/jandex/2.0.0.Final/jandex-2.0.0.Final.jar:/home/stbenjam/.m2/repository/dom4j/dom4j/1.6.1/dom4j-1.6.1.jar:/home/stbenjam/.m2/repository/org/hibernate/common/hibernate-commons-annotations/5.0.1.Final/hibernate-commons-annotations-5.0.1.Final.jar:/home/stbenjam/.m2/repository/org/hibernate/hibernate-entitymanager/5.0.12.Final/hibernate-entitymanager-5.0.12.Final.jar:/home/stbenjam/.m2/repository/javax/transaction/javax.transaction-api/1.2/javax.transaction-api-1.2.jar:/home/stbenjam/.m2/repository/org/springframework/data/spring-data-jpa/1.11.10.RELEASE/spring-data-jpa-1.11.10.RELEASE.jar:/home/stbenjam/.m2/repository/org/springframework/data/spring-data-commons/1.13.10.RELEASE/spring-data-commons-1.13.10.RELEASE.jar:/home/stbenjam/.m2/repository/org/springframework/spring-orm/4.3.14.RELEASE/spring-orm-4.3.14.RELEASE.jar:/home/stbenjam/.m2/repository/org/springframework/spring-tx/4.3.14.RELEASE/spring-tx-4.3.14.RELEASE.jar:/home/stbenjam/.m2/repository/org/springframework/spring-aspects/4.3.14.RELEASE/spring-aspects-4.3.14.RELEASE.jar:/home/stbenjam/.m2/repository/com/h2database/h2/1.4.196/h2-1.4.196.jar:/home/stbenjam/.m2/repository/org/postgresql/postgresql/9.4-1206-jdbc42/postgresql-9.4-1206-jdbc42.jar:/home/stbenjam/.m2/repository/log4j/log4j/1.2.17/log4j-1.2.17.jar:/home/stbenjam/.m2/repository/com/google/guava/guava/19.0/guava-19.0.jar:/home/stbenjam/.m2/repository/javax/mail/mail/1.4/mail-1.4.jar:/home/stbenjam/.m2/repository/javax/activation/activation/1.1/activation-1.1.jar:/home/stbenjam/.m2/repository/org/springframework/boot/spring-boot-starter-security/1.5.10.RELEASE/spring-boot-starter-security-1.5.10.RELEASE.jar:/home/stbenjam/.m2/repository/org/springframework/spring-aop/4.3.14.RELEASE/spring-aop-4.3.14.RELEASE.jar:/home/stbenjam/.m2/repository/org/springframework/security/spring-security-config/4.2.4.RELEASE/spring-security-config-4.2.4.RELEASE.jar:/home/stbenjam/.m2/repository/org/springframework/security/spring-security-web/4.2.4.RELEASE/spring-security-web-4.2.4.RELEASE.jar:/home/stbenjam/.m2/repository/org/springframework/boot/spring-boot-starter-mail/1.4.3.RELEASE/spring-boot-starter-mail-1.4.3.RELEASE.jar:/home/stbenjam/.m2/repository/org/springframework/spring-context/4.3.14.RELEASE/spring-context-4.3.14.RELEASE.jar:/home/stbenjam/.m2/repository/com/sun/mail/javax.mail/1.5.6/javax.mail-1.5.6.jar:/home/stbenjam/.m2/repository/com/icegreen/greenmail/1.5.5/greenmail-1.5.5.jar:/home/stbenjam/.m2/repository/org/slf4j/slf4j-api/1.7.25/slf4j-api-1.7.25.jar:/home/stbenjam/.m2/repository/org/springframework/security/spring-security-test/4.2.4.RELEASE/spring-security-test-4.2.4.RELEASE.jar:/home/stbenjam/.m2/repository/org/springframework/security/spring-security-core/4.2.4.RELEASE/spring-security-core-4.2.4.RELEASE.jar:/home/stbenjam/.m2/repository/aopalliance/aopalliance/1.0/aopalliance-1.0.jar:/home/stbenjam/.m2/repository/org/springframework/security/oauth/spring-security-oauth2/2.0.14.RELEASE/spring-security-oauth2-2.0.14.RELEASE.jar:/home/stbenjam/.m2/repository/org/springframework/spring-beans/4.3.14.RELEASE/spring-beans-4.3.14.RELEASE.jar:/home/stbenjam/.m2/repository/commons-codec/commons-codec/1.10/commons-codec-1.10.jar:/home/stbenjam/.m2/repository/org/codehaus/jackson/jackson-mapper-asl/1.9.13/jackson-mapper-asl-1.9.13.jar:/home/stbenjam/.m2/repository/org/codehaus/jackson/jackson-core-asl/1.9.13/jackson-core-asl-1.9.13.jar:/home/stbenjam/.m2/repository/io/springfox/springfox-swagger2/2.8.0/springfox-swagger2-2.8.0.jar:/home/stbenjam/.m2/repository/io/swagger/swagger-annotations/1.5.14/swagger-annotations-1.5.14.jar:/home/stbenjam/.m2/repository/io/swagger/swagger-models/1.5.14/swagger-models-1.5.14.jar:/home/stbenjam/.m2/repository/io/springfox/springfox-spi/2.8.0/springfox-spi-2.8.0.jar:/home/stbenjam/.m2/repository/io/springfox/springfox-core/2.8.0/springfox-core-2.8.0.jar:/home/stbenjam/.m2/repository/net/bytebuddy/byte-buddy/1.7.9/byte-buddy-1.7.9.jar:/home/stbenjam/.m2/repository/io/springfox/springfox-schema/2.8.0/springfox-schema-2.8.0.jar:/home/stbenjam/.m2/repository/io/springfox/springfox-swagger-common/2.8.0/springfox-swagger-common-2.8.0.jar:/home/stbenjam/.m2/repository/io/springfox/springfox-spring-web/2.8.0/springfox-spring-web-2.8.0.jar:/home/stbenjam/.m2/repository/org/reflections/reflections/0.9.11/reflections-0.9.11.jar:/home/stbenjam/.m2/repository/com/fasterxml/classmate/1.3.4/classmate-1.3.4.jar:/home/stbenjam/.m2/repository/org/springframework/plugin/spring-plugin-core/1.2.0.RELEASE/spring-plugin-core-1.2.0.RELEASE.jar:/home/stbenjam/.m2/repository/org/springframework/plugin/spring-plugin-metadata/1.2.0.RELEASE/spring-plugin-metadata-1.2.0.RELEASE.jar:/home/stbenjam/.m2/repository/org/mapstruct/mapstruct/1.2.0.Final/mapstruct-1.2.0.Final.jar:/home/stbenjam/.m2/repository/io/springfox/springfox-swagger-ui/2.8.0/springfox-swagger-ui-2.8.0.jar:/home/stbenjam/.m2/repository/io/springfox/springfox-data-rest/2.8.0/springfox-data-rest-2.8.0.jar:/home/stbenjam/.m2/repository/org/springframework/hateoas/spring-hateoas/0.23.0.RELEASE/spring-hateoas-0.23.0.RELEASE.jar:/home/stbenjam/.m2/repository/org/usb4java/usb4java-javax/1.2.0/usb4java-javax-1.2.0.jar:/home/stbenjam/.m2/repository/javax/usb/usb-api/1.0.2/usb-api-1.0.2.jar:/home/stbenjam/.m2/repository/org/apache/commons/commons-lang3/3.2.1/commons-lang3-3.2.1.jar:/home/stbenjam/.m2/repository/org/usb4java/usb4java/1.2.0/usb4java-1.2.0.jar:/home/stbenjam/.m2/repository/org/usb4java/libusb4java/1.2.0/libusb4java-1.2.0-linux-x86.jar:/home/stbenjam/.m2/repository/org/usb4java/libusb4java/1.2.0/libusb4java-1.2.0-linux-x86_64.jar:/home/stbenjam/.m2/repository/org/usb4java/libusb4java/1.2.0/libusb4java-1.2.0-linux-arm.jar:/home/stbenjam/.m2/repository/org/usb4java/libusb4java/1.2.0/libusb4java-1.2.0-windows-x86.jar:/home/stbenjam/.m2/repository/org/usb4java/libusb4java/1.2.0/libusb4java-1.2.0-windows-x86_64.jar:/home/stbenjam/.m2/repository/org/usb4java/libusb4java/1.2.0/libusb4java-1.2.0-osx-x86.jar:/home/stbenjam/.m2/repository/org/usb4java/libusb4java/1.2.0/libusb4java-1.2.0-osx-x86_64.jar:/home/stbenjam/.m2/repository/org/mockito/mockito-all/1.9.5/mockito-all-1.9.5.jar:/home/stbenjam/.m2/repository/com/fasterxml/jackson/core/jackson-databind/2.5.0/jackson-databind-2.5.0.jar:/home/stbenjam/.m2/repository/com/fasterxml/jackson/core/jackson-core/2.8.10/jackson-core-2.8.10.jar:/home/stbenjam/.m2/repository/com/vaadin/external/google/android-json/0.0.20131108.vaadin1/android-json-0.0.20131108.vaadin1.jar:/home/stbenjam/.m2/repository/com/tngtech/java/junit-dataprovider/1.13.1/junit-dataprovider-1.13.1.jar:/home/stbenjam/.m2/repository/org/springframework/spring-context-support/3.2.0.RELEASE/spring-context-support-3.2.0.RELEASE.jar:, user.name=stbenjam, java.vm.specification.version=1.8, sun.java.command=/home/stbenjam/git/h2ms/target/surefire/surefirebooter4406525892180618587.jar /home/stbenjam/git/h2ms/target/surefire/surefire6178053267997541662tmp /home/stbenjam/git/h2ms/target/surefire/surefire_03387072603084303265tmp, java.home=/usr/lib/jvm/java-1.8.0-openjdk-1.8.0.161-0.b14.fc27.x86_64/jre, sun.arch.data.model=64, user.language=en, java.specification.vendor=Oracle Corporation, awt.toolkit=sun.awt.X11.XToolkit, java.vm.info=mixed mode, java.version=1.8.0_161, java.ext.dirs=/usr/lib/jvm/java-1.8.0-openjdk-1.8.0.161-0.b14.fc27.x86_64/jre/lib/ext:/usr/java/packages/lib/ext, sun.boot.class.path=/usr/lib/jvm/java-1.8.0-openjdk-1.8.0.161-0.b14.fc27.x86_64/jre/lib/resources.jar:/usr/lib/jvm/java-1.8.0-openjdk-1.8.0.161-0.b14.fc27.x86_64/jre/lib/rt.jar:/usr/lib/jvm/java-1.8.0-openjdk-1.8.0.161-0.b14.fc27.x86_64/jre/lib/sunrsasign.jar:/usr/lib/jvm/java-1.8.0-openjdk-1.8.0.161-0.b14.fc27.x86_64/jre/lib/jsse.jar:/usr/lib/jvm/java-1.8.0-openjdk-1.8.0.161-0.b14.fc27.x86_64/jre/lib/jce.jar:/usr/lib/jvm/java-1.8.0-openjdk-1.8.0.161-0.b14.fc27.x86_64/jre/lib/charsets.jar:/usr/lib/jvm/java-1.8.0-openjdk-1.8.0.161-0.b14.fc27.x86_64/jre/lib/jfr.jar:/usr/lib/jvm/java-1.8.0-openjdk-1.8.0.161-0.b14.fc27.x86_64/jre/classes, java.vendor=Oracle Corporation, localRepository=/home/stbenjam/.m2/repository, file.separator=/, java.vendor.url.bug=http://bugreport.sun.com/bugreport/, sun.io.unicode.encoding=UnicodeLittle, sun.cpu.endian=little, sun.desktop=gnome, sun.cpu.isalist=}}, SystemEnvironmentPropertySource@38262958 {name='systemEnvironment', properties={IRBRC=/home/stbenjam/.rvm/rubies/ruby-2.3.3/.irbrc, PATH=/home/stbenjam/.rvm/gems/ruby-2.3.3/bin:/home/stbenjam/.rvm/gems/ruby-2.3.3@global/bin:/home/stbenjam/.rvm/rubies/ruby-2.3.3/bin:/usr/local/bin:/usr/bin:/bin:/usr/local/sbin:/usr/sbin:/home/stbenjam/.local/bin:/home/stbenjam/bin:/home/stbenjam/.rvm/bin, rvm_silent_flag=, HISTCONTROL=ignoredups, XMODIFIERS=@im=ibus, GDMSESSION=gnome-xorg, rvm_quiet_flag=, GUESTFISH_RESTORE=\e[0m, DBUS_SESSION_BUS_ADDRESS=unix:path=/run/user/1000/bus,guid=0ff0c73f492cc1dc3846ae835aac7cd0, COLORTERM=truecolor, rvm_ruby_make_install=, rvm_niceness=, SESSION_MANAGER=local/unix:@/tmp/.ICE-unix/1818,unix/unix:/tmp/.ICE-unix/1818, USERNAME=stbenjam, rvm_version=1.29.1 (latest), PWD=/home/stbenjam/git/h2ms, MANAGERPID=1759, LESSOPEN=||/usr/bin/lesspipe.sh %s, PAGER=less, QTINC=/usr/lib64/qt-3.3/include, rvm_hook=, rvm_wrapper_name=, MY_RUBY_HOME=/home/stbenjam/.rvm/rubies/ruby-2.3.3, rvm_nightly_flag=, ZSH=/home/stbenjam/.oh-my-zsh, rvm_path=/home/stbenjam/.rvm, GUESTFISH_INIT=\e[1;34m, GNOME_DESKTOP_SESSION_ID=this-is-deprecated, SYSTEMD_NSS_BYPASS_BUS=1, DBUS_STARTER_ADDRESS=unix:path=/run/user/1000/bus,guid=0ff0c73f492cc1dc3846ae835aac7cd0, LC_CTYPE=en_US.UTF-8, SHLVL=2, LOADEDMODULES=, HISTSIZE=10000, JAVA_HOME=/usr/lib/jvm/java-1.8.0-openjdk-1.8.0.161-0.b14.fc27.x86_64, TERM=xterm-256color, XDG_SESSION_ID=2, rvm_script_name=, rvm_ruby_make=, rvm_docs_type=, _=/usr/lib/jvm/java-1.8.0-openjdk-1.8.0.161-0.b14.fc27.x86_64/jre/bin/java, MAVEN_PROJECTBASEDIR=/home/stbenjam/git/h2ms, DESKTOP_SESSION=gnome-xorg, XDG_MENU_PREFIX=gnome-, VTE_VERSION=5002, rvm_alias_expanded=, rvm_ruby_bits=, GEM_PATH=/home/stbenjam/.rvm/gems/ruby-2.3.3:/home/stbenjam/.rvm/gems/ruby-2.3.3@global, TILIX_ID=df6230d2-2679-42ab-bd7f-667d05988153, XAUTHORITY=/run/user/1000/gdm/Xauthority, INVOCATION_ID=2a8a59bd24d3424f8a519125eeaea755, XDG_DATA_DIRS=/home/stbenjam/.local/share/flatpak/exports/share/:/var/lib/flatpak/exports/share/:/usr/local/share/:/usr/share/, MODULEPATH=/etc/scl/modulefiles:/etc/scl/modulefiles:/usr/share/Modules/modulefiles:/etc/modulefiles:/usr/share/modulefiles, rvm_bin_flag=, VAGRANT_DEFAULT_PROVIDER=libvirt, XDG_CURRENT_DESKTOP=GNOME, JOURNAL_STREAM=9:35277, MAIL=/var/spool/mail/stbenjam, rvm_ruby_mode=, LOGNAME=stbenjam, rvm_proxy=, SHELL=/bin/zsh, rvm_sdk=, OLDPWD=/home/stbenjam/git/h2ms, GEM_HOME=/home/stbenjam/.rvm/gems/ruby-2.3.3, rvm_use_flag=, GIT=/bin/git, RUBY_VERSION=ruby-2.3.3, _system_name=Fedora, LESS=-R, XDG_SESSION_DESKTOP=gnome-xorg, LS_COLORS=rs=0:di=38;5;33:ln=38;5;51:mh=00:pi=40;38;5;11:so=38;5;13:do=38;5;5:bd=48;5;232;38;5;11:cd=48;5;232;38;5;3:or=48;5;232;38;5;9:mi=01;05;37;41:su=48;5;196;38;5;15:sg=48;5;11;38;5;16:ca=48;5;196;38;5;226:tw=48;5;10;38;5;16:ow=48;5;10;38;5;21:st=48;5;21;38;5;15:ex=38;5;40:*.tar=38;5;9:*.tgz=38;5;9:*.arc=38;5;9:*.arj=38;5;9:*.taz=38;5;9:*.lha=38;5;9:*.lz4=38;5;9:*.lzh=38;5;9:*.lzma=38;5;9:*.tlz=38;5;9:*.txz=38;5;9:*.tzo=38;5;9:*.t7z=38;5;9:*.zip=38;5;9:*.z=38;5;9:*.Z=38;5;9:*.dz=38;5;9:*.gz=38;5;9:*.lrz=38;5;9:*.lz=38;5;9:*.lzo=38;5;9:*.xz=38;5;9:*.zst=38;5;9:*.tzst=38;5;9:*.bz2=38;5;9:*.bz=38;5;9:*.tbz=38;5;9:*.tbz2=38;5;9:*.tz=38;5;9:*.deb=38;5;9:*.rpm=38;5;9:*.jar=38;5;9:*.war=38;5;9:*.ear=38;5;9:*.sar=38;5;9:*.rar=38;5;9:*.alz=38;5;9:*.ace=38;5;9:*.zoo=38;5;9:*.cpio=38;5;9:*.7z=38;5;9:*.rz=38;5;9:*.cab=38;5;9:*.wim=38;5;9:*.swm=38;5;9:*.dwm=38;5;9:*.esd=38;5;9:*.jpg=38;5;13:*.jpeg=38;5;13:*.mjpg=38;5;13:*.mjpeg=38;5;13:*.gif=38;5;13:*.bmp=38;5;13:*.pbm=38;5;13:*.pgm=38;5;13:*.ppm=38;5;13:*.tga=38;5;13:*.xbm=38;5;13:*.xpm=38;5;13:*.tif=38;5;13:*.tiff=38;5;13:*.png=38;5;13:*.svg=38;5;13:*.svgz=38;5;13:*.mng=38;5;13:*.pcx=38;5;13:*.mov=38;5;13:*.mpg=38;5;13:*.mpeg=38;5;13:*.m2v=38;5;13:*.mkv=38;5;13:*.webm=38;5;13:*.ogm=38;5;13:*.mp4=38;5;13:*.m4v=38;5;13:*.mp4v=38;5;13:*.vob=38;5;13:*.qt=38;5;13:*.nuv=38;5;13:*.wmv=38;5;13:*.asf=38;5;13:*.rm=38;5;13:*.rmvb=38;5;13:*.flc=38;5;13:*.avi=38;5;13:*.fli=38;5;13:*.flv=38;5;13:*.gl=38;5;13:*.dl=38;5;13:*.xcf=38;5;13:*.xwd=38;5;13:*.yuv=38;5;13:*.cgm=38;5;13:*.emf=38;5;13:*.ogv=38;5;13:*.ogx=38;5;13:*.aac=38;5;45:*.au=38;5;45:*.flac=38;5;45:*.m4a=38;5;45:*.mid=38;5;45:*.midi=38;5;45:*.mka=38;5;45:*.mp3=38;5;45:*.mpc=38;5;45:*.ogg=38;5;45:*.ra=38;5;45:*.wav=38;5;45:*.oga=38;5;45:*.opus=38;5;45:*.spx=38;5;45:*.xspf=38;5;45:, rvm_gemstone_package_file=, _system_arch=x86_64, rvm_bin_path=/home/stbenjam/.rvm/bin, QT_IM_MODULE=ibus, rvm_only_path_flag=, rvm_prefix=/home/stbenjam, LANG=en_US.UTF-8, XDG_SESSION_TYPE=x11, DISPLAY=:0, rvm_gemstone_url=, GDM_LANG=en_US.UTF-8, GUESTFISH_PS1=\[\e[1;32m\]><fs>\[\e[0;31m\] , LSCOLORS=Gxfxcxdxbxegedabagacad, _system_type=Linux, _system_version=27, GPG_TTY=/dev/pts/1, USER=stbenjam, rvm_ruby_file=, WINDOWPATH=2, XDG_SEAT=seat0, SSH_AUTH_SOCK=/run/user/1000/keyring/ssh, EDITOR=vim, HOSTNAME=ancient.bitbin.de, MODULESHOME=/usr/share/Modules, QTDIR=/usr/lib64/qt-3.3, XDG_RUNTIME_DIR=/run/user/1000, XDG_VTNR=2, GUESTFISH_OUTPUT=\e[0m, DBUS_STARTER_BUS_TYPE=session, QTLIB=/usr/lib64/qt-3.3/lib, HOME=/home/stbenjam}}]
21:07:57.438 [main] INFO org.springframework.boot.test.context.SpringBootTestContextBootstrapper - Found @SpringBootConfiguration edu.harvard.h2ms.H2MSRestAppInitializer for test class edu.harvard.h2ms.controllers.UserControllerTests
21:07:57.445 [main] DEBUG org.springframework.boot.test.context.SpringBootTestContextBootstrapper - @TestExecutionListeners is not present for class [edu.harvard.h2ms.controllers.UserControllerTests]: using defaults.
21:07:57.447 [main] INFO org.springframework.boot.test.context.SpringBootTestContextBootstrapper - Loaded default TestExecutionListener class names from location [META-INF/spring.factories]: [org.springframework.boot.test.mock.mockito.MockitoTestExecutionListener, org.springframework.boot.test.mock.mockito.ResetMocksTestExecutionListener, org.springframework.boot.test.autoconfigure.restdocs.RestDocsTestExecutionListener, org.springframework.boot.test.autoconfigure.web.client.MockRestServiceServerResetTestExecutionListener, org.springframework.boot.test.autoconfigure.web.servlet.MockMvcPrintOnlyOnFailureTestExecutionListener, org.springframework.boot.test.autoconfigure.web.servlet.WebDriverTestExecutionListener, org.springframework.test.context.web.ServletTestExecutionListener, org.springframework.test.context.support.DirtiesContextBeforeModesTestExecutionListener, org.springframework.test.context.support.DependencyInjectionTestExecutionListener, org.springframework.test.context.support.DirtiesContextTestExecutionListener, org.springframework.test.context.transaction.TransactionalTestExecutionListener, org.springframework.test.context.jdbc.SqlScriptsTestExecutionListener, org.springframework.security.test.context.support.WithSecurityContextTestExecutionListener]
21:07:57.450 [main] INFO org.springframework.boot.test.context.SpringBootTestContextBootstrapper - Using TestExecutionListeners: [org.springframework.test.context.web.ServletTestExecutionListener@581ac8a8, org.springframework.test.context.support.DirtiesContextBeforeModesTestExecutionListener@6d4e5011, org.springframework.boot.test.autoconfigure.SpringBootDependencyInjectionTestExecutionListener@57d7f8ca, org.springframework.test.context.support.DirtiesContextTestExecutionListener@76c3e77a, org.springframework.test.context.transaction.TransactionalTestExecutionListener@78123e82, org.springframework.test.context.jdbc.SqlScriptsTestExecutionListener@67c33749, org.springframework.security.test.context.support.WithSecurityContextTestExecutionListener@fba92d3, org.springframework.boot.test.mock.mockito.MockitoTestExecutionListener@662b4c69, org.springframework.boot.test.mock.mockito.ResetMocksTestExecutionListener@fa49800, org.springframework.boot.test.autoconfigure.restdocs.RestDocsTestExecutionListener@71238fc2, org.springframework.boot.test.autoconfigure.web.client.MockRestServiceServerResetTestExecutionListener@2a54a73f, org.springframework.boot.test.autoconfigure.web.servlet.MockMvcPrintOnlyOnFailureTestExecutionListener@16a0ee18, org.springframework.boot.test.autoconfigure.web.servlet.WebDriverTestExecutionListener@3d6f0054]
21:07:57.451 [main] DEBUG org.springframework.test.context.junit4.SpringJUnit4ClassRunner - SpringJUnit4ClassRunner constructor called with [class edu.harvard.h2ms.controllers.LocationControllerTests]
21:07:57.451 [main] DEBUG org.springframework.test.context.BootstrapUtils - Instantiating CacheAwareContextLoaderDelegate from class [org.springframework.test.context.cache.DefaultCacheAwareContextLoaderDelegate]
21:07:57.452 [main] DEBUG org.springframework.test.context.BootstrapUtils - Instantiating BootstrapContext using constructor [public org.springframework.test.context.support.DefaultBootstrapContext(java.lang.Class,org.springframework.test.context.CacheAwareContextLoaderDelegate)]
21:07:57.453 [main] DEBUG org.springframework.test.context.BootstrapUtils - Instantiating TestContextBootstrapper for test class [edu.harvard.h2ms.controllers.LocationControllerTests] from class [org.springframework.boot.test.context.SpringBootTestContextBootstrapper]
21:07:57.453 [main] INFO org.springframework.boot.test.context.SpringBootTestContextBootstrapper - Neither @ContextConfiguration nor @ContextHierarchy found for test class [edu.harvard.h2ms.controllers.LocationControllerTests], using SpringBootContextLoader
21:07:57.454 [main] DEBUG org.springframework.test.context.support.AbstractContextLoader - Did not detect default resource location for test class [edu.harvard.h2ms.controllers.LocationControllerTests]: class path resource [edu/harvard/h2ms/controllers/LocationControllerTests-context.xml] does not exist
21:07:57.454 [main] DEBUG org.springframework.test.context.support.AbstractContextLoader - Did not detect default resource location for test class [edu.harvard.h2ms.controllers.LocationControllerTests]: class path resource [edu/harvard/h2ms/controllers/LocationControllerTestsContext.groovy] does not exist
21:07:57.454 [main] INFO org.springframework.test.context.support.AbstractContextLoader - Could not detect default resource locations for test class [edu.harvard.h2ms.controllers.LocationControllerTests]: no resource found for suffixes {-context.xml, Context.groovy}.
21:07:57.455 [main] INFO org.springframework.test.context.support.AnnotationConfigContextLoaderUtils - Could not detect default configuration classes for test class [edu.harvard.h2ms.controllers.LocationControllerTests]: LocationControllerTests does not declare any static, non-private, non-final, nested classes annotated with @Configuration.
21:07:57.458 [main] DEBUG org.springframework.test.context.support.ActiveProfilesUtils - Could not find an 'annotation declaring class' for annotation type [org.springframework.test.context.ActiveProfiles] and class [edu.harvard.h2ms.controllers.LocationControllerTests]
21:07:57.459 [main] DEBUG org.springframework.core.env.StandardEnvironment - Adding PropertySource 'systemProperties' with lowest search precedence
21:07:57.459 [main] DEBUG org.springframework.core.env.StandardEnvironment - Adding PropertySource 'systemEnvironment' with lowest search precedence
21:07:57.459 [main] DEBUG org.springframework.core.env.StandardEnvironment - Initialized StandardEnvironment with PropertySources [MapPropertySource@1912960603 {name='systemProperties', properties={java.runtime.name=OpenJDK Runtime Environment, sun.boot.library.path=/usr/lib/jvm/java-1.8.0-openjdk-1.8.0.161-0.b14.fc27.x86_64/jre/lib/amd64, java.vm.version=25.161-b14, java.vm.vendor=Oracle Corporation, java.vendor.url=http://java.oracle.com/, path.separator=:, java.vm.name=OpenJDK 64-Bit Server VM, file.encoding.pkg=sun.io, user.country=US, sun.java.launcher=SUN_STANDARD, sun.os.patch.level=unknown, java.vm.specification.name=Java Virtual Machine Specification, user.dir=/home/stbenjam/git/h2ms, java.runtime.version=1.8.0_161-b14, basedir=/home/stbenjam/git/h2ms, java.awt.graphicsenv=sun.awt.X11GraphicsEnvironment, java.endorsed.dirs=/usr/lib/jvm/java-1.8.0-openjdk-1.8.0.161-0.b14.fc27.x86_64/jre/lib/endorsed, os.arch=amd64, surefire.real.class.path=/home/stbenjam/git/h2ms/target/surefire/surefirebooter4406525892180618587.jar, java.io.tmpdir=/tmp, line.separator=
, java.vm.specification.vendor=Oracle Corporation, os.name=Linux, sun.jnu.encoding=UTF-8, java.library.path=/usr/java/packages/lib/amd64:/usr/lib64:/lib64:/lib:/usr/lib, surefire.test.class.path=/home/stbenjam/git/h2ms/target/test-classes:/home/stbenjam/git/h2ms/target/classes:/home/stbenjam/.m2/repository/org/springframework/boot/spring-boot-starter-data-rest/1.5.10.RELEASE/spring-boot-starter-data-rest-1.5.10.RELEASE.jar:/home/stbenjam/.m2/repository/org/springframework/boot/spring-boot-starter/1.5.10.RELEASE/spring-boot-starter-1.5.10.RELEASE.jar:/home/stbenjam/.m2/repository/org/springframework/boot/spring-boot/1.5.10.RELEASE/spring-boot-1.5.10.RELEASE.jar:/home/stbenjam/.m2/repository/org/springframework/boot/spring-boot-autoconfigure/1.5.10.RELEASE/spring-boot-autoconfigure-1.5.10.RELEASE.jar:/home/stbenjam/.m2/repository/org/springframework/boot/spring-boot-starter-logging/1.5.10.RELEASE/spring-boot-starter-logging-1.5.10.RELEASE.jar:/home/stbenjam/.m2/repository/ch/qos/logback/logback-classic/1.1.11/logback-classic-1.1.11.jar:/home/stbenjam/.m2/repository/ch/qos/logback/logback-core/1.1.11/logback-core-1.1.11.jar:/home/stbenjam/.m2/repository/org/slf4j/jul-to-slf4j/1.7.25/jul-to-slf4j-1.7.25.jar:/home/stbenjam/.m2/repository/org/slf4j/log4j-over-slf4j/1.7.25/log4j-over-slf4j-1.7.25.jar:/home/stbenjam/.m2/repository/org/yaml/snakeyaml/1.17/snakeyaml-1.17.jar:/home/stbenjam/.m2/repository/com/fasterxml/jackson/core/jackson-annotations/2.8.0/jackson-annotations-2.8.0.jar:/home/stbenjam/.m2/repository/org/springframework/data/spring-data-rest-webmvc/2.6.10.RELEASE/spring-data-rest-webmvc-2.6.10.RELEASE.jar:/home/stbenjam/.m2/repository/org/springframework/data/spring-data-rest-core/2.6.10.RELEASE/spring-data-rest-core-2.6.10.RELEASE.jar:/home/stbenjam/.m2/repository/org/atteo/evo-inflector/1.2.2/evo-inflector-1.2.2.jar:/home/stbenjam/.m2/repository/org/slf4j/jcl-over-slf4j/1.7.25/jcl-over-slf4j-1.7.25.jar:/home/stbenjam/.m2/repository/org/springframework/boot/spring-boot-starter-web/1.5.10.RELEASE/spring-boot-starter-web-1.5.10.RELEASE.jar:/home/stbenjam/.m2/repository/org/springframework/boot/spring-boot-starter-tomcat/1.5.10.RELEASE/spring-boot-starter-tomcat-1.5.10.RELEASE.jar:/home/stbenjam/.m2/repository/org/apache/tomcat/embed/tomcat-embed-core/8.5.27/tomcat-embed-core-8.5.27.jar:/home/stbenjam/.m2/repository/org/apache/tomcat/tomcat-annotations-api/8.5.27/tomcat-annotations-api-8.5.27.jar:/home/stbenjam/.m2/repository/org/apache/tomcat/embed/tomcat-embed-el/8.5.27/tomcat-embed-el-8.5.27.jar:/home/stbenjam/.m2/repository/org/apache/tomcat/embed/tomcat-embed-websocket/8.5.27/tomcat-embed-websocket-8.5.27.jar:/home/stbenjam/.m2/repository/org/hibernate/hibernate-validator/5.3.6.Final/hibernate-validator-5.3.6.Final.jar:/home/stbenjam/.m2/repository/javax/validation/validation-api/1.1.0.Final/validation-api-1.1.0.Final.jar:/home/stbenjam/.m2/repository/org/jboss/logging/jboss-logging/3.3.1.Final/jboss-logging-3.3.1.Final.jar:/home/stbenjam/.m2/repository/org/springframework/spring-web/4.3.14.RELEASE/spring-web-4.3.14.RELEASE.jar:/home/stbenjam/.m2/repository/org/springframework/spring-webmvc/4.3.14.RELEASE/spring-webmvc-4.3.14.RELEASE.jar:/home/stbenjam/.m2/repository/org/springframework/spring-expression/4.3.14.RELEASE/spring-expression-4.3.14.RELEASE.jar:/home/stbenjam/.m2/repository/org/springframework/boot/spring-boot-starter-thymeleaf/1.5.10.RELEASE/spring-boot-starter-thymeleaf-1.5.10.RELEASE.jar:/home/stbenjam/.m2/repository/org/thymeleaf/thymeleaf-spring4/2.1.6.RELEASE/thymeleaf-spring4-2.1.6.RELEASE.jar:/home/stbenjam/.m2/repository/org/thymeleaf/thymeleaf/2.1.6.RELEASE/thymeleaf-2.1.6.RELEASE.jar:/home/stbenjam/.m2/repository/ognl/ognl/3.0.8/ognl-3.0.8.jar:/home/stbenjam/.m2/repository/org/unbescape/unbescape/1.1.0.RELEASE/unbescape-1.1.0.RELEASE.jar:/home/stbenjam/.m2/repository/nz/net/ultraq/thymeleaf/thymeleaf-layout-dialect/1.4.0/thymeleaf-layout-dialect-1.4.0.jar:/home/stbenjam/.m2/repository/org/codehaus/groovy/groovy/2.4.13/groovy-2.4.13.jar:/home/stbenjam/.m2/repository/org/springframework/boot/spring-boot-starter-test/1.5.10.RELEASE/spring-boot-starter-test-1.5.10.RELEASE.jar:/home/stbenjam/.m2/repository/org/springframework/boot/spring-boot-test/1.5.10.RELEASE/spring-boot-test-1.5.10.RELEASE.jar:/home/stbenjam/.m2/repository/org/springframework/boot/spring-boot-test-autoconfigure/1.5.10.RELEASE/spring-boot-test-autoconfigure-1.5.10.RELEASE.jar:/home/stbenjam/.m2/repository/com/jayway/jsonpath/json-path/2.2.0/json-path-2.2.0.jar:/home/stbenjam/.m2/repository/net/minidev/json-smart/2.2.1/json-smart-2.2.1.jar:/home/stbenjam/.m2/repository/net/minidev/accessors-smart/1.1/accessors-smart-1.1.jar:/home/stbenjam/.m2/repository/org/ow2/asm/asm/5.0.3/asm-5.0.3.jar:/home/stbenjam/.m2/repository/junit/junit/4.12/junit-4.12.jar:/home/stbenjam/.m2/repository/org/assertj/assertj-core/2.6.0/assertj-core-2.6.0.jar:/home/stbenjam/.m2/repository/org/mockito/mockito-core/1.10.19/mockito-core-1.10.19.jar:/home/stbenjam/.m2/repository/org/objenesis/objenesis/2.1/objenesis-2.1.jar:/home/stbenjam/.m2/repository/org/hamcrest/hamcrest-core/1.3/hamcrest-core-1.3.jar:/home/stbenjam/.m2/repository/org/hamcrest/hamcrest-library/1.3/hamcrest-library-1.3.jar:/home/stbenjam/.m2/repository/org/skyscreamer/jsonassert/1.4.0/jsonassert-1.4.0.jar:/home/stbenjam/.m2/repository/org/springframework/spring-core/4.3.14.RELEASE/spring-core-4.3.14.RELEASE.jar:/home/stbenjam/.m2/repository/org/springframework/spring-test/4.3.14.RELEASE/spring-test-4.3.14.RELEASE.jar:/home/stbenjam/.m2/repository/org/springframework/restdocs/spring-restdocs-mockmvc/1.1.3.RELEASE/spring-restdocs-mockmvc-1.1.3.RELEASE.jar:/home/stbenjam/.m2/repository/org/springframework/restdocs/spring-restdocs-core/1.1.3.RELEASE/spring-restdocs-core-1.1.3.RELEASE.jar:/home/stbenjam/.m2/repository/javax/servlet/javax.servlet-api/3.1.0/javax.servlet-api-3.1.0.jar:/home/stbenjam/.m2/repository/org/springframework/boot/spring-boot-starter-data-jpa/1.5.10.RELEASE/spring-boot-starter-data-jpa-1.5.10.RELEASE.jar:/home/stbenjam/.m2/repository/org/springframework/boot/spring-boot-starter-aop/1.5.10.RELEASE/spring-boot-starter-aop-1.5.10.RELEASE.jar:/home/stbenjam/.m2/repository/org/aspectj/aspectjweaver/1.8.13/aspectjweaver-1.8.13.jar:/home/stbenjam/.m2/repository/org/springframework/boot/spring-boot-starter-jdbc/1.5.10.RELEASE/spring-boot-starter-jdbc-1.5.10.RELEASE.jar:/home/stbenjam/.m2/repository/org/apache/tomcat/tomcat-jdbc/8.5.27/tomcat-jdbc-8.5.27.jar:/home/stbenjam/.m2/repository/org/apache/tomcat/tomcat-juli/8.5.27/tomcat-juli-8.5.27.jar:/home/stbenjam/.m2/repository/org/springframework/spring-jdbc/4.3.14.RELEASE/spring-jdbc-4.3.14.RELEASE.jar:/home/stbenjam/.m2/repository/org/hibernate/hibernate-core/5.0.12.Final/hibernate-core-5.0.12.Final.jar:/home/stbenjam/.m2/repository/org/hibernate/javax/persistence/hibernate-jpa-2.1-api/1.0.0.Final/hibernate-jpa-2.1-api-1.0.0.Final.jar:/home/stbenjam/.m2/repository/org/javassist/javassist/3.21.0-GA/javassist-3.21.0-GA.jar:/home/stbenjam/.m2/repository/antlr/antlr/2.7.7/antlr-2.7.7.jar:/home/stbenjam/.m2/repository/org/jboss/jandex/2.0.0.Final/jandex-2.0.0.Final.jar:/home/stbenjam/.m2/repository/dom4j/dom4j/1.6.1/dom4j-1.6.1.jar:/home/stbenjam/.m2/repository/org/hibernate/common/hibernate-commons-annotations/5.0.1.Final/hibernate-commons-annotations-5.0.1.Final.jar:/home/stbenjam/.m2/repository/org/hibernate/hibernate-entitymanager/5.0.12.Final/hibernate-entitymanager-5.0.12.Final.jar:/home/stbenjam/.m2/repository/javax/transaction/javax.transaction-api/1.2/javax.transaction-api-1.2.jar:/home/stbenjam/.m2/repository/org/springframework/data/spring-data-jpa/1.11.10.RELEASE/spring-data-jpa-1.11.10.RELEASE.jar:/home/stbenjam/.m2/repository/org/springframework/data/spring-data-commons/1.13.10.RELEASE/spring-data-commons-1.13.10.RELEASE.jar:/home/stbenjam/.m2/repository/org/springframework/spring-orm/4.3.14.RELEASE/spring-orm-4.3.14.RELEASE.jar:/home/stbenjam/.m2/repository/org/springframework/spring-tx/4.3.14.RELEASE/spring-tx-4.3.14.RELEASE.jar:/home/stbenjam/.m2/repository/org/springframework/spring-aspects/4.3.14.RELEASE/spring-aspects-4.3.14.RELEASE.jar:/home/stbenjam/.m2/repository/com/h2database/h2/1.4.196/h2-1.4.196.jar:/home/stbenjam/.m2/repository/org/postgresql/postgresql/9.4-1206-jdbc42/postgresql-9.4-1206-jdbc42.jar:/home/stbenjam/.m2/repository/log4j/log4j/1.2.17/log4j-1.2.17.jar:/home/stbenjam/.m2/repository/com/google/guava/guava/19.0/guava-19.0.jar:/home/stbenjam/.m2/repository/javax/mail/mail/1.4/mail-1.4.jar:/home/stbenjam/.m2/repository/javax/activation/activation/1.1/activation-1.1.jar:/home/stbenjam/.m2/repository/org/springframework/boot/spring-boot-starter-security/1.5.10.RELEASE/spring-boot-starter-security-1.5.10.RELEASE.jar:/home/stbenjam/.m2/repository/org/springframework/spring-aop/4.3.14.RELEASE/spring-aop-4.3.14.RELEASE.jar:/home/stbenjam/.m2/repository/org/springframework/security/spring-security-config/4.2.4.RELEASE/spring-security-config-4.2.4.RELEASE.jar:/home/stbenjam/.m2/repository/org/springframework/security/spring-security-web/4.2.4.RELEASE/spring-security-web-4.2.4.RELEASE.jar:/home/stbenjam/.m2/repository/org/springframework/boot/spring-boot-starter-mail/1.4.3.RELEASE/spring-boot-starter-mail-1.4.3.RELEASE.jar:/home/stbenjam/.m2/repository/org/springframework/spring-context/4.3.14.RELEASE/spring-context-4.3.14.RELEASE.jar:/home/stbenjam/.m2/repository/com/sun/mail/javax.mail/1.5.6/javax.mail-1.5.6.jar:/home/stbenjam/.m2/repository/com/icegreen/greenmail/1.5.5/greenmail-1.5.5.jar:/home/stbenjam/.m2/repository/org/slf4j/slf4j-api/1.7.25/slf4j-api-1.7.25.jar:/home/stbenjam/.m2/repository/org/springframework/security/spring-security-test/4.2.4.RELEASE/spring-security-test-4.2.4.RELEASE.jar:/home/stbenjam/.m2/repository/org/springframework/security/spring-security-core/4.2.4.RELEASE/spring-security-core-4.2.4.RELEASE.jar:/home/stbenjam/.m2/repository/aopalliance/aopalliance/1.0/aopalliance-1.0.jar:/home/stbenjam/.m2/repository/org/springframework/security/oauth/spring-security-oauth2/2.0.14.RELEASE/spring-security-oauth2-2.0.14.RELEASE.jar:/home/stbenjam/.m2/repository/org/springframework/spring-beans/4.3.14.RELEASE/spring-beans-4.3.14.RELEASE.jar:/home/stbenjam/.m2/repository/commons-codec/commons-codec/1.10/commons-codec-1.10.jar:/home/stbenjam/.m2/repository/org/codehaus/jackson/jackson-mapper-asl/1.9.13/jackson-mapper-asl-1.9.13.jar:/home/stbenjam/.m2/repository/org/codehaus/jackson/jackson-core-asl/1.9.13/jackson-core-asl-1.9.13.jar:/home/stbenjam/.m2/repository/io/springfox/springfox-swagger2/2.8.0/springfox-swagger2-2.8.0.jar:/home/stbenjam/.m2/repository/io/swagger/swagger-annotations/1.5.14/swagger-annotations-1.5.14.jar:/home/stbenjam/.m2/repository/io/swagger/swagger-models/1.5.14/swagger-models-1.5.14.jar:/home/stbenjam/.m2/repository/io/springfox/springfox-spi/2.8.0/springfox-spi-2.8.0.jar:/home/stbenjam/.m2/repository/io/springfox/springfox-core/2.8.0/springfox-core-2.8.0.jar:/home/stbenjam/.m2/repository/net/bytebuddy/byte-buddy/1.7.9/byte-buddy-1.7.9.jar:/home/stbenjam/.m2/repository/io/springfox/springfox-schema/2.8.0/springfox-schema-2.8.0.jar:/home/stbenjam/.m2/repository/io/springfox/springfox-swagger-common/2.8.0/springfox-swagger-common-2.8.0.jar:/home/stbenjam/.m2/repository/io/springfox/springfox-spring-web/2.8.0/springfox-spring-web-2.8.0.jar:/home/stbenjam/.m2/repository/org/reflections/reflections/0.9.11/reflections-0.9.11.jar:/home/stbenjam/.m2/repository/com/fasterxml/classmate/1.3.4/classmate-1.3.4.jar:/home/stbenjam/.m2/repository/org/springframework/plugin/spring-plugin-core/1.2.0.RELEASE/spring-plugin-core-1.2.0.RELEASE.jar:/home/stbenjam/.m2/repository/org/springframework/plugin/spring-plugin-metadata/1.2.0.RELEASE/spring-plugin-metadata-1.2.0.RELEASE.jar:/home/stbenjam/.m2/repository/org/mapstruct/mapstruct/1.2.0.Final/mapstruct-1.2.0.Final.jar:/home/stbenjam/.m2/repository/io/springfox/springfox-swagger-ui/2.8.0/springfox-swagger-ui-2.8.0.jar:/home/stbenjam/.m2/repository/io/springfox/springfox-data-rest/2.8.0/springfox-data-rest-2.8.0.jar:/home/stbenjam/.m2/repository/org/springframework/hateoas/spring-hateoas/0.23.0.RELEASE/spring-hateoas-0.23.0.RELEASE.jar:/home/stbenjam/.m2/repository/org/usb4java/usb4java-javax/1.2.0/usb4java-javax-1.2.0.jar:/home/stbenjam/.m2/repository/javax/usb/usb-api/1.0.2/usb-api-1.0.2.jar:/home/stbenjam/.m2/repository/org/apache/commons/commons-lang3/3.2.1/commons-lang3-3.2.1.jar:/home/stbenjam/.m2/repository/org/usb4java/usb4java/1.2.0/usb4java-1.2.0.jar:/home/stbenjam/.m2/repository/org/usb4java/libusb4java/1.2.0/libusb4java-1.2.0-linux-x86.jar:/home/stbenjam/.m2/repository/org/usb4java/libusb4java/1.2.0/libusb4java-1.2.0-linux-x86_64.jar:/home/stbenjam/.m2/repository/org/usb4java/libusb4java/1.2.0/libusb4java-1.2.0-linux-arm.jar:/home/stbenjam/.m2/repository/org/usb4java/libusb4java/1.2.0/libusb4java-1.2.0-windows-x86.jar:/home/stbenjam/.m2/repository/org/usb4java/libusb4java/1.2.0/libusb4java-1.2.0-windows-x86_64.jar:/home/stbenjam/.m2/repository/org/usb4java/libusb4java/1.2.0/libusb4java-1.2.0-osx-x86.jar:/home/stbenjam/.m2/repository/org/usb4java/libusb4java/1.2.0/libusb4java-1.2.0-osx-x86_64.jar:/home/stbenjam/.m2/repository/org/mockito/mockito-all/1.9.5/mockito-all-1.9.5.jar:/home/stbenjam/.m2/repository/com/fasterxml/jackson/core/jackson-databind/2.5.0/jackson-databind-2.5.0.jar:/home/stbenjam/.m2/repository/com/fasterxml/jackson/core/jackson-core/2.8.10/jackson-core-2.8.10.jar:/home/stbenjam/.m2/repository/com/vaadin/external/google/android-json/0.0.20131108.vaadin1/android-json-0.0.20131108.vaadin1.jar:/home/stbenjam/.m2/repository/com/tngtech/java/junit-dataprovider/1.13.1/junit-dataprovider-1.13.1.jar:/home/stbenjam/.m2/repository/org/springframework/spring-context-support/3.2.0.RELEASE/spring-context-support-3.2.0.RELEASE.jar:, java.specification.name=Java Platform API Specification, java.class.version=52.0, sun.management.compiler=HotSpot 64-Bit Tiered Compilers, os.version=4.14.14-300.fc27.x86_64, user.home=/home/stbenjam, user.timezone=America/New_York, java.awt.printerjob=sun.print.PSPrinterJob, file.encoding=UTF-8, java.specification.version=1.8, java.class.path=/home/stbenjam/git/h2ms/target/test-classes:/home/stbenjam/git/h2ms/target/classes:/home/stbenjam/.m2/repository/org/springframework/boot/spring-boot-starter-data-rest/1.5.10.RELEASE/spring-boot-starter-data-rest-1.5.10.RELEASE.jar:/home/stbenjam/.m2/repository/org/springframework/boot/spring-boot-starter/1.5.10.RELEASE/spring-boot-starter-1.5.10.RELEASE.jar:/home/stbenjam/.m2/repository/org/springframework/boot/spring-boot/1.5.10.RELEASE/spring-boot-1.5.10.RELEASE.jar:/home/stbenjam/.m2/repository/org/springframework/boot/spring-boot-autoconfigure/1.5.10.RELEASE/spring-boot-autoconfigure-1.5.10.RELEASE.jar:/home/stbenjam/.m2/repository/org/springframework/boot/spring-boot-starter-logging/1.5.10.RELEASE/spring-boot-starter-logging-1.5.10.RELEASE.jar:/home/stbenjam/.m2/repository/ch/qos/logback/logback-classic/1.1.11/logback-classic-1.1.11.jar:/home/stbenjam/.m2/repository/ch/qos/logback/logback-core/1.1.11/logback-core-1.1.11.jar:/home/stbenjam/.m2/repository/org/slf4j/jul-to-slf4j/1.7.25/jul-to-slf4j-1.7.25.jar:/home/stbenjam/.m2/repository/org/slf4j/log4j-over-slf4j/1.7.25/log4j-over-slf4j-1.7.25.jar:/home/stbenjam/.m2/repository/org/yaml/snakeyaml/1.17/snakeyaml-1.17.jar:/home/stbenjam/.m2/repository/com/fasterxml/jackson/core/jackson-annotations/2.8.0/jackson-annotations-2.8.0.jar:/home/stbenjam/.m2/repository/org/springframework/data/spring-data-rest-webmvc/2.6.10.RELEASE/spring-data-rest-webmvc-2.6.10.RELEASE.jar:/home/stbenjam/.m2/repository/org/springframework/data/spring-data-rest-core/2.6.10.RELEASE/spring-data-rest-core-2.6.10.RELEASE.jar:/home/stbenjam/.m2/repository/org/atteo/evo-inflector/1.2.2/evo-inflector-1.2.2.jar:/home/stbenjam/.m2/repository/org/slf4j/jcl-over-slf4j/1.7.25/jcl-over-slf4j-1.7.25.jar:/home/stbenjam/.m2/repository/org/springframework/boot/spring-boot-starter-web/1.5.10.RELEASE/spring-boot-starter-web-1.5.10.RELEASE.jar:/home/stbenjam/.m2/repository/org/springframework/boot/spring-boot-starter-tomcat/1.5.10.RELEASE/spring-boot-starter-tomcat-1.5.10.RELEASE.jar:/home/stbenjam/.m2/repository/org/apache/tomcat/embed/tomcat-embed-core/8.5.27/tomcat-embed-core-8.5.27.jar:/home/stbenjam/.m2/repository/org/apache/tomcat/tomcat-annotations-api/8.5.27/tomcat-annotations-api-8.5.27.jar:/home/stbenjam/.m2/repository/org/apache/tomcat/embed/tomcat-embed-el/8.5.27/tomcat-embed-el-8.5.27.jar:/home/stbenjam/.m2/repository/org/apache/tomcat/embed/tomcat-embed-websocket/8.5.27/tomcat-embed-websocket-8.5.27.jar:/home/stbenjam/.m2/repository/org/hibernate/hibernate-validator/5.3.6.Final/hibernate-validator-5.3.6.Final.jar:/home/stbenjam/.m2/repository/javax/validation/validation-api/1.1.0.Final/validation-api-1.1.0.Final.jar:/home/stbenjam/.m2/repository/org/jboss/logging/jboss-logging/3.3.1.Final/jboss-logging-3.3.1.Final.jar:/home/stbenjam/.m2/repository/org/springframework/spring-web/4.3.14.RELEASE/spring-web-4.3.14.RELEASE.jar:/home/stbenjam/.m2/repository/org/springframework/spring-webmvc/4.3.14.RELEASE/spring-webmvc-4.3.14.RELEASE.jar:/home/stbenjam/.m2/repository/org/springframework/spring-expression/4.3.14.RELEASE/spring-expression-4.3.14.RELEASE.jar:/home/stbenjam/.m2/repository/org/springframework/boot/spring-boot-starter-thymeleaf/1.5.10.RELEASE/spring-boot-starter-thymeleaf-1.5.10.RELEASE.jar:/home/stbenjam/.m2/repository/org/thymeleaf/thymeleaf-spring4/2.1.6.RELEASE/thymeleaf-spring4-2.1.6.RELEASE.jar:/home/stbenjam/.m2/repository/org/thymeleaf/thymeleaf/2.1.6.RELEASE/thymeleaf-2.1.6.RELEASE.jar:/home/stbenjam/.m2/repository/ognl/ognl/3.0.8/ognl-3.0.8.jar:/home/stbenjam/.m2/repository/org/unbescape/unbescape/1.1.0.RELEASE/unbescape-1.1.0.RELEASE.jar:/home/stbenjam/.m2/repository/nz/net/ultraq/thymeleaf/thymeleaf-layout-dialect/1.4.0/thymeleaf-layout-dialect-1.4.0.jar:/home/stbenjam/.m2/repository/org/codehaus/groovy/groovy/2.4.13/groovy-2.4.13.jar:/home/stbenjam/.m2/repository/org/springframework/boot/spring-boot-starter-test/1.5.10.RELEASE/spring-boot-starter-test-1.5.10.RELEASE.jar:/home/stbenjam/.m2/repository/org/springframework/boot/spring-boot-test/1.5.10.RELEASE/spring-boot-test-1.5.10.RELEASE.jar:/home/stbenjam/.m2/repository/org/springframework/boot/spring-boot-test-autoconfigure/1.5.10.RELEASE/spring-boot-test-autoconfigure-1.5.10.RELEASE.jar:/home/stbenjam/.m2/repository/com/jayway/jsonpath/json-path/2.2.0/json-path-2.2.0.jar:/home/stbenjam/.m2/repository/net/minidev/json-smart/2.2.1/json-smart-2.2.1.jar:/home/stbenjam/.m2/repository/net/minidev/accessors-smart/1.1/accessors-smart-1.1.jar:/home/stbenjam/.m2/repository/org/ow2/asm/asm/5.0.3/asm-5.0.3.jar:/home/stbenjam/.m2/repository/junit/junit/4.12/junit-4.12.jar:/home/stbenjam/.m2/repository/org/assertj/assertj-core/2.6.0/assertj-core-2.6.0.jar:/home/stbenjam/.m2/repository/org/mockito/mockito-core/1.10.19/mockito-core-1.10.19.jar:/home/stbenjam/.m2/repository/org/objenesis/objenesis/2.1/objenesis-2.1.jar:/home/stbenjam/.m2/repository/org/hamcrest/hamcrest-core/1.3/hamcrest-core-1.3.jar:/home/stbenjam/.m2/repository/org/hamcrest/hamcrest-library/1.3/hamcrest-library-1.3.jar:/home/stbenjam/.m2/repository/org/skyscreamer/jsonassert/1.4.0/jsonassert-1.4.0.jar:/home/stbenjam/.m2/repository/org/springframework/spring-core/4.3.14.RELEASE/spring-core-4.3.14.RELEASE.jar:/home/stbenjam/.m2/repository/org/springframework/spring-test/4.3.14.RELEASE/spring-test-4.3.14.RELEASE.jar:/home/stbenjam/.m2/repository/org/springframework/restdocs/spring-restdocs-mockmvc/1.1.3.RELEASE/spring-restdocs-mockmvc-1.1.3.RELEASE.jar:/home/stbenjam/.m2/repository/org/springframework/restdocs/spring-restdocs-core/1.1.3.RELEASE/spring-restdocs-core-1.1.3.RELEASE.jar:/home/stbenjam/.m2/repository/javax/servlet/javax.servlet-api/3.1.0/javax.servlet-api-3.1.0.jar:/home/stbenjam/.m2/repository/org/springframework/boot/spring-boot-starter-data-jpa/1.5.10.RELEASE/spring-boot-starter-data-jpa-1.5.10.RELEASE.jar:/home/stbenjam/.m2/repository/org/springframework/boot/spring-boot-starter-aop/1.5.10.RELEASE/spring-boot-starter-aop-1.5.10.RELEASE.jar:/home/stbenjam/.m2/repository/org/aspectj/aspectjweaver/1.8.13/aspectjweaver-1.8.13.jar:/home/stbenjam/.m2/repository/org/springframework/boot/spring-boot-starter-jdbc/1.5.10.RELEASE/spring-boot-starter-jdbc-1.5.10.RELEASE.jar:/home/stbenjam/.m2/repository/org/apache/tomcat/tomcat-jdbc/8.5.27/tomcat-jdbc-8.5.27.jar:/home/stbenjam/.m2/repository/org/apache/tomcat/tomcat-juli/8.5.27/tomcat-juli-8.5.27.jar:/home/stbenjam/.m2/repository/org/springframework/spring-jdbc/4.3.14.RELEASE/spring-jdbc-4.3.14.RELEASE.jar:/home/stbenjam/.m2/repository/org/hibernate/hibernate-core/5.0.12.Final/hibernate-core-5.0.12.Final.jar:/home/stbenjam/.m2/repository/org/hibernate/javax/persistence/hibernate-jpa-2.1-api/1.0.0.Final/hibernate-jpa-2.1-api-1.0.0.Final.jar:/home/stbenjam/.m2/repository/org/javassist/javassist/3.21.0-GA/javassist-3.21.0-GA.jar:/home/stbenjam/.m2/repository/antlr/antlr/2.7.7/antlr-2.7.7.jar:/home/stbenjam/.m2/repository/org/jboss/jandex/2.0.0.Final/jandex-2.0.0.Final.jar:/home/stbenjam/.m2/repository/dom4j/dom4j/1.6.1/dom4j-1.6.1.jar:/home/stbenjam/.m2/repository/org/hibernate/common/hibernate-commons-annotations/5.0.1.Final/hibernate-commons-annotations-5.0.1.Final.jar:/home/stbenjam/.m2/repository/org/hibernate/hibernate-entitymanager/5.0.12.Final/hibernate-entitymanager-5.0.12.Final.jar:/home/stbenjam/.m2/repository/javax/transaction/javax.transaction-api/1.2/javax.transaction-api-1.2.jar:/home/stbenjam/.m2/repository/org/springframework/data/spring-data-jpa/1.11.10.RELEASE/spring-data-jpa-1.11.10.RELEASE.jar:/home/stbenjam/.m2/repository/org/springframework/data/spring-data-commons/1.13.10.RELEASE/spring-data-commons-1.13.10.RELEASE.jar:/home/stbenjam/.m2/repository/org/springframework/spring-orm/4.3.14.RELEASE/spring-orm-4.3.14.RELEASE.jar:/home/stbenjam/.m2/repository/org/springframework/spring-tx/4.3.14.RELEASE/spring-tx-4.3.14.RELEASE.jar:/home/stbenjam/.m2/repository/org/springframework/spring-aspects/4.3.14.RELEASE/spring-aspects-4.3.14.RELEASE.jar:/home/stbenjam/.m2/repository/com/h2database/h2/1.4.196/h2-1.4.196.jar:/home/stbenjam/.m2/repository/org/postgresql/postgresql/9.4-1206-jdbc42/postgresql-9.4-1206-jdbc42.jar:/home/stbenjam/.m2/repository/log4j/log4j/1.2.17/log4j-1.2.17.jar:/home/stbenjam/.m2/repository/com/google/guava/guava/19.0/guava-19.0.jar:/home/stbenjam/.m2/repository/javax/mail/mail/1.4/mail-1.4.jar:/home/stbenjam/.m2/repository/javax/activation/activation/1.1/activation-1.1.jar:/home/stbenjam/.m2/repository/org/springframework/boot/spring-boot-starter-security/1.5.10.RELEASE/spring-boot-starter-security-1.5.10.RELEASE.jar:/home/stbenjam/.m2/repository/org/springframework/spring-aop/4.3.14.RELEASE/spring-aop-4.3.14.RELEASE.jar:/home/stbenjam/.m2/repository/org/springframework/security/spring-security-config/4.2.4.RELEASE/spring-security-config-4.2.4.RELEASE.jar:/home/stbenjam/.m2/repository/org/springframework/security/spring-security-web/4.2.4.RELEASE/spring-security-web-4.2.4.RELEASE.jar:/home/stbenjam/.m2/repository/org/springframework/boot/spring-boot-starter-mail/1.4.3.RELEASE/spring-boot-starter-mail-1.4.3.RELEASE.jar:/home/stbenjam/.m2/repository/org/springframework/spring-context/4.3.14.RELEASE/spring-context-4.3.14.RELEASE.jar:/home/stbenjam/.m2/repository/com/sun/mail/javax.mail/1.5.6/javax.mail-1.5.6.jar:/home/stbenjam/.m2/repository/com/icegreen/greenmail/1.5.5/greenmail-1.5.5.jar:/home/stbenjam/.m2/repository/org/slf4j/slf4j-api/1.7.25/slf4j-api-1.7.25.jar:/home/stbenjam/.m2/repository/org/springframework/security/spring-security-test/4.2.4.RELEASE/spring-security-test-4.2.4.RELEASE.jar:/home/stbenjam/.m2/repository/org/springframework/security/spring-security-core/4.2.4.RELEASE/spring-security-core-4.2.4.RELEASE.jar:/home/stbenjam/.m2/repository/aopalliance/aopalliance/1.0/aopalliance-1.0.jar:/home/stbenjam/.m2/repository/org/springframework/security/oauth/spring-security-oauth2/2.0.14.RELEASE/spring-security-oauth2-2.0.14.RELEASE.jar:/home/stbenjam/.m2/repository/org/springframework/spring-beans/4.3.14.RELEASE/spring-beans-4.3.14.RELEASE.jar:/home/stbenjam/.m2/repository/commons-codec/commons-codec/1.10/commons-codec-1.10.jar:/home/stbenjam/.m2/repository/org/codehaus/jackson/jackson-mapper-asl/1.9.13/jackson-mapper-asl-1.9.13.jar:/home/stbenjam/.m2/repository/org/codehaus/jackson/jackson-core-asl/1.9.13/jackson-core-asl-1.9.13.jar:/home/stbenjam/.m2/repository/io/springfox/springfox-swagger2/2.8.0/springfox-swagger2-2.8.0.jar:/home/stbenjam/.m2/repository/io/swagger/swagger-annotations/1.5.14/swagger-annotations-1.5.14.jar:/home/stbenjam/.m2/repository/io/swagger/swagger-models/1.5.14/swagger-models-1.5.14.jar:/home/stbenjam/.m2/repository/io/springfox/springfox-spi/2.8.0/springfox-spi-2.8.0.jar:/home/stbenjam/.m2/repository/io/springfox/springfox-core/2.8.0/springfox-core-2.8.0.jar:/home/stbenjam/.m2/repository/net/bytebuddy/byte-buddy/1.7.9/byte-buddy-1.7.9.jar:/home/stbenjam/.m2/repository/io/springfox/springfox-schema/2.8.0/springfox-schema-2.8.0.jar:/home/stbenjam/.m2/repository/io/springfox/springfox-swagger-common/2.8.0/springfox-swagger-common-2.8.0.jar:/home/stbenjam/.m2/repository/io/springfox/springfox-spring-web/2.8.0/springfox-spring-web-2.8.0.jar:/home/stbenjam/.m2/repository/org/reflections/reflections/0.9.11/reflections-0.9.11.jar:/home/stbenjam/.m2/repository/com/fasterxml/classmate/1.3.4/classmate-1.3.4.jar:/home/stbenjam/.m2/repository/org/springframework/plugin/spring-plugin-core/1.2.0.RELEASE/spring-plugin-core-1.2.0.RELEASE.jar:/home/stbenjam/.m2/repository/org/springframework/plugin/spring-plugin-metadata/1.2.0.RELEASE/spring-plugin-metadata-1.2.0.RELEASE.jar:/home/stbenjam/.m2/repository/org/mapstruct/mapstruct/1.2.0.Final/mapstruct-1.2.0.Final.jar:/home/stbenjam/.m2/repository/io/springfox/springfox-swagger-ui/2.8.0/springfox-swagger-ui-2.8.0.jar:/home/stbenjam/.m2/repository/io/springfox/springfox-data-rest/2.8.0/springfox-data-rest-2.8.0.jar:/home/stbenjam/.m2/repository/org/springframework/hateoas/spring-hateoas/0.23.0.RELEASE/spring-hateoas-0.23.0.RELEASE.jar:/home/stbenjam/.m2/repository/org/usb4java/usb4java-javax/1.2.0/usb4java-javax-1.2.0.jar:/home/stbenjam/.m2/repository/javax/usb/usb-api/1.0.2/usb-api-1.0.2.jar:/home/stbenjam/.m2/repository/org/apache/commons/commons-lang3/3.2.1/commons-lang3-3.2.1.jar:/home/stbenjam/.m2/repository/org/usb4java/usb4java/1.2.0/usb4java-1.2.0.jar:/home/stbenjam/.m2/repository/org/usb4java/libusb4java/1.2.0/libusb4java-1.2.0-linux-x86.jar:/home/stbenjam/.m2/repository/org/usb4java/libusb4java/1.2.0/libusb4java-1.2.0-linux-x86_64.jar:/home/stbenjam/.m2/repository/org/usb4java/libusb4java/1.2.0/libusb4java-1.2.0-linux-arm.jar:/home/stbenjam/.m2/repository/org/usb4java/libusb4java/1.2.0/libusb4java-1.2.0-windows-x86.jar:/home/stbenjam/.m2/repository/org/usb4java/libusb4java/1.2.0/libusb4java-1.2.0-windows-x86_64.jar:/home/stbenjam/.m2/repository/org/usb4java/libusb4java/1.2.0/libusb4java-1.2.0-osx-x86.jar:/home/stbenjam/.m2/repository/org/usb4java/libusb4java/1.2.0/libusb4java-1.2.0-osx-x86_64.jar:/home/stbenjam/.m2/repository/org/mockito/mockito-all/1.9.5/mockito-all-1.9.5.jar:/home/stbenjam/.m2/repository/com/fasterxml/jackson/core/jackson-databind/2.5.0/jackson-databind-2.5.0.jar:/home/stbenjam/.m2/repository/com/fasterxml/jackson/core/jackson-core/2.8.10/jackson-core-2.8.10.jar:/home/stbenjam/.m2/repository/com/vaadin/external/google/android-json/0.0.20131108.vaadin1/android-json-0.0.20131108.vaadin1.jar:/home/stbenjam/.m2/repository/com/tngtech/java/junit-dataprovider/1.13.1/junit-dataprovider-1.13.1.jar:/home/stbenjam/.m2/repository/org/springframework/spring-context-support/3.2.0.RELEASE/spring-context-support-3.2.0.RELEASE.jar:, user.name=stbenjam, java.vm.specification.version=1.8, sun.java.command=/home/stbenjam/git/h2ms/target/surefire/surefirebooter4406525892180618587.jar /home/stbenjam/git/h2ms/target/surefire/surefire6178053267997541662tmp /home/stbenjam/git/h2ms/target/surefire/surefire_03387072603084303265tmp, java.home=/usr/lib/jvm/java-1.8.0-openjdk-1.8.0.161-0.b14.fc27.x86_64/jre, sun.arch.data.model=64, user.language=en, java.specification.vendor=Oracle Corporation, awt.toolkit=sun.awt.X11.XToolkit, java.vm.info=mixed mode, java.version=1.8.0_161, java.ext.dirs=/usr/lib/jvm/java-1.8.0-openjdk-1.8.0.161-0.b14.fc27.x86_64/jre/lib/ext:/usr/java/packages/lib/ext, sun.boot.class.path=/usr/lib/jvm/java-1.8.0-openjdk-1.8.0.161-0.b14.fc27.x86_64/jre/lib/resources.jar:/usr/lib/jvm/java-1.8.0-openjdk-1.8.0.161-0.b14.fc27.x86_64/jre/lib/rt.jar:/usr/lib/jvm/java-1.8.0-openjdk-1.8.0.161-0.b14.fc27.x86_64/jre/lib/sunrsasign.jar:/usr/lib/jvm/java-1.8.0-openjdk-1.8.0.161-0.b14.fc27.x86_64/jre/lib/jsse.jar:/usr/lib/jvm/java-1.8.0-openjdk-1.8.0.161-0.b14.fc27.x86_64/jre/lib/jce.jar:/usr/lib/jvm/java-1.8.0-openjdk-1.8.0.161-0.b14.fc27.x86_64/jre/lib/charsets.jar:/usr/lib/jvm/java-1.8.0-openjdk-1.8.0.161-0.b14.fc27.x86_64/jre/lib/jfr.jar:/usr/lib/jvm/java-1.8.0-openjdk-1.8.0.161-0.b14.fc27.x86_64/jre/classes, java.vendor=Oracle Corporation, localRepository=/home/stbenjam/.m2/repository, file.separator=/, java.vendor.url.bug=http://bugreport.sun.com/bugreport/, sun.io.unicode.encoding=UnicodeLittle, sun.cpu.endian=little, sun.desktop=gnome, sun.cpu.isalist=}}, SystemEnvironmentPropertySource@1201173334 {name='systemEnvironment', properties={IRBRC=/home/stbenjam/.rvm/rubies/ruby-2.3.3/.irbrc, PATH=/home/stbenjam/.rvm/gems/ruby-2.3.3/bin:/home/stbenjam/.rvm/gems/ruby-2.3.3@global/bin:/home/stbenjam/.rvm/rubies/ruby-2.3.3/bin:/usr/local/bin:/usr/bin:/bin:/usr/local/sbin:/usr/sbin:/home/stbenjam/.local/bin:/home/stbenjam/bin:/home/stbenjam/.rvm/bin, rvm_silent_flag=, HISTCONTROL=ignoredups, XMODIFIERS=@im=ibus, GDMSESSION=gnome-xorg, rvm_quiet_flag=, GUESTFISH_RESTORE=\e[0m, DBUS_SESSION_BUS_ADDRESS=unix:path=/run/user/1000/bus,guid=0ff0c73f492cc1dc3846ae835aac7cd0, COLORTERM=truecolor, rvm_ruby_make_install=, rvm_niceness=, SESSION_MANAGER=local/unix:@/tmp/.ICE-unix/1818,unix/unix:/tmp/.ICE-unix/1818, USERNAME=stbenjam, rvm_version=1.29.1 (latest), PWD=/home/stbenjam/git/h2ms, MANAGERPID=1759, LESSOPEN=||/usr/bin/lesspipe.sh %s, PAGER=less, QTINC=/usr/lib64/qt-3.3/include, rvm_hook=, rvm_wrapper_name=, MY_RUBY_HOME=/home/stbenjam/.rvm/rubies/ruby-2.3.3, rvm_nightly_flag=, ZSH=/home/stbenjam/.oh-my-zsh, rvm_path=/home/stbenjam/.rvm, GUESTFISH_INIT=\e[1;34m, GNOME_DESKTOP_SESSION_ID=this-is-deprecated, SYSTEMD_NSS_BYPASS_BUS=1, DBUS_STARTER_ADDRESS=unix:path=/run/user/1000/bus,guid=0ff0c73f492cc1dc3846ae835aac7cd0, LC_CTYPE=en_US.UTF-8, SHLVL=2, LOADEDMODULES=, HISTSIZE=10000, JAVA_HOME=/usr/lib/jvm/java-1.8.0-openjdk-1.8.0.161-0.b14.fc27.x86_64, TERM=xterm-256color, XDG_SESSION_ID=2, rvm_script_name=, rvm_ruby_make=, rvm_docs_type=, _=/usr/lib/jvm/java-1.8.0-openjdk-1.8.0.161-0.b14.fc27.x86_64/jre/bin/java, MAVEN_PROJECTBASEDIR=/home/stbenjam/git/h2ms, DESKTOP_SESSION=gnome-xorg, XDG_MENU_PREFIX=gnome-, VTE_VERSION=5002, rvm_alias_expanded=, rvm_ruby_bits=, GEM_PATH=/home/stbenjam/.rvm/gems/ruby-2.3.3:/home/stbenjam/.rvm/gems/ruby-2.3.3@global, TILIX_ID=df6230d2-2679-42ab-bd7f-667d05988153, XAUTHORITY=/run/user/1000/gdm/Xauthority, INVOCATION_ID=2a8a59bd24d3424f8a519125eeaea755, XDG_DATA_DIRS=/home/stbenjam/.local/share/flatpak/exports/share/:/var/lib/flatpak/exports/share/:/usr/local/share/:/usr/share/, MODULEPATH=/etc/scl/modulefiles:/etc/scl/modulefiles:/usr/share/Modules/modulefiles:/etc/modulefiles:/usr/share/modulefiles, rvm_bin_flag=, VAGRANT_DEFAULT_PROVIDER=libvirt, XDG_CURRENT_DESKTOP=GNOME, JOURNAL_STREAM=9:35277, MAIL=/var/spool/mail/stbenjam, rvm_ruby_mode=, LOGNAME=stbenjam, rvm_proxy=, SHELL=/bin/zsh, rvm_sdk=, OLDPWD=/home/stbenjam/git/h2ms, GEM_HOME=/home/stbenjam/.rvm/gems/ruby-2.3.3, rvm_use_flag=, GIT=/bin/git, RUBY_VERSION=ruby-2.3.3, _system_name=Fedora, LESS=-R, XDG_SESSION_DESKTOP=gnome-xorg, LS_COLORS=rs=0:di=38;5;33:ln=38;5;51:mh=00:pi=40;38;5;11:so=38;5;13:do=38;5;5:bd=48;5;232;38;5;11:cd=48;5;232;38;5;3:or=48;5;232;38;5;9:mi=01;05;37;41:su=48;5;196;38;5;15:sg=48;5;11;38;5;16:ca=48;5;196;38;5;226:tw=48;5;10;38;5;16:ow=48;5;10;38;5;21:st=48;5;21;38;5;15:ex=38;5;40:*.tar=38;5;9:*.tgz=38;5;9:*.arc=38;5;9:*.arj=38;5;9:*.taz=38;5;9:*.lha=38;5;9:*.lz4=38;5;9:*.lzh=38;5;9:*.lzma=38;5;9:*.tlz=38;5;9:*.txz=38;5;9:*.tzo=38;5;9:*.t7z=38;5;9:*.zip=38;5;9:*.z=38;5;9:*.Z=38;5;9:*.dz=38;5;9:*.gz=38;5;9:*.lrz=38;5;9:*.lz=38;5;9:*.lzo=38;5;9:*.xz=38;5;9:*.zst=38;5;9:*.tzst=38;5;9:*.bz2=38;5;9:*.bz=38;5;9:*.tbz=38;5;9:*.tbz2=38;5;9:*.tz=38;5;9:*.deb=38;5;9:*.rpm=38;5;9:*.jar=38;5;9:*.war=38;5;9:*.ear=38;5;9:*.sar=38;5;9:*.rar=38;5;9:*.alz=38;5;9:*.ace=38;5;9:*.zoo=38;5;9:*.cpio=38;5;9:*.7z=38;5;9:*.rz=38;5;9:*.cab=38;5;9:*.wim=38;5;9:*.swm=38;5;9:*.dwm=38;5;9:*.esd=38;5;9:*.jpg=38;5;13:*.jpeg=38;5;13:*.mjpg=38;5;13:*.mjpeg=38;5;13:*.gif=38;5;13:*.bmp=38;5;13:*.pbm=38;5;13:*.pgm=38;5;13:*.ppm=38;5;13:*.tga=38;5;13:*.xbm=38;5;13:*.xpm=38;5;13:*.tif=38;5;13:*.tiff=38;5;13:*.png=38;5;13:*.svg=38;5;13:*.svgz=38;5;13:*.mng=38;5;13:*.pcx=38;5;13:*.mov=38;5;13:*.mpg=38;5;13:*.mpeg=38;5;13:*.m2v=38;5;13:*.mkv=38;5;13:*.webm=38;5;13:*.ogm=38;5;13:*.mp4=38;5;13:*.m4v=38;5;13:*.mp4v=38;5;13:*.vob=38;5;13:*.qt=38;5;13:*.nuv=38;5;13:*.wmv=38;5;13:*.asf=38;5;13:*.rm=38;5;13:*.rmvb=38;5;13:*.flc=38;5;13:*.avi=38;5;13:*.fli=38;5;13:*.flv=38;5;13:*.gl=38;5;13:*.dl=38;5;13:*.xcf=38;5;13:*.xwd=38;5;13:*.yuv=38;5;13:*.cgm=38;5;13:*.emf=38;5;13:*.ogv=38;5;13:*.ogx=38;5;13:*.aac=38;5;45:*.au=38;5;45:*.flac=38;5;45:*.m4a=38;5;45:*.mid=38;5;45:*.midi=38;5;45:*.mka=38;5;45:*.mp3=38;5;45:*.mpc=38;5;45:*.ogg=38;5;45:*.ra=38;5;45:*.wav=38;5;45:*.oga=38;5;45:*.opus=38;5;45:*.spx=38;5;45:*.xspf=38;5;45:, rvm_gemstone_package_file=, _system_arch=x86_64, rvm_bin_path=/home/stbenjam/.rvm/bin, QT_IM_MODULE=ibus, rvm_only_path_flag=, rvm_prefix=/home/stbenjam, LANG=en_US.UTF-8, XDG_SESSION_TYPE=x11, DISPLAY=:0, rvm_gemstone_url=, GDM_LANG=en_US.UTF-8, GUESTFISH_PS1=\[\e[1;32m\]><fs>\[\e[0;31m\] , LSCOLORS=Gxfxcxdxbxegedabagacad, _system_type=Linux, _system_version=27, GPG_TTY=/dev/pts/1, USER=stbenjam, rvm_ruby_file=, WINDOWPATH=2, XDG_SEAT=seat0, SSH_AUTH_SOCK=/run/user/1000/keyring/ssh, EDITOR=vim, HOSTNAME=ancient.bitbin.de, MODULESHOME=/usr/share/Modules, QTDIR=/usr/lib64/qt-3.3, XDG_RUNTIME_DIR=/run/user/1000, XDG_VTNR=2, GUESTFISH_OUTPUT=\e[0m, DBUS_STARTER_BUS_TYPE=session, QTLIB=/usr/lib64/qt-3.3/lib, HOME=/home/stbenjam}}]
21:07:57.459 [main] INFO org.springframework.boot.test.context.SpringBootTestContextBootstrapper - Found @SpringBootConfiguration edu.harvard.h2ms.H2MSRestAppInitializer for test class edu.harvard.h2ms.controllers.LocationControllerTests
21:07:57.461 [main] DEBUG org.springframework.boot.test.context.SpringBootTestContextBootstrapper - @TestExecutionListeners is not present for class [edu.harvard.h2ms.controllers.LocationControllerTests]: using defaults.
21:07:57.468 [main] INFO org.springframework.boot.test.context.SpringBootTestContextBootstrapper - Loaded default TestExecutionListener class names from location [META-INF/spring.factories]: [org.springframework.boot.test.mock.mockito.MockitoTestExecutionListener, org.springframework.boot.test.mock.mockito.ResetMocksTestExecutionListener, org.springframework.boot.test.autoconfigure.restdocs.RestDocsTestExecutionListener, org.springframework.boot.test.autoconfigure.web.client.MockRestServiceServerResetTestExecutionListener, org.springframework.boot.test.autoconfigure.web.servlet.MockMvcPrintOnlyOnFailureTestExecutionListener, org.springframework.boot.test.autoconfigure.web.servlet.WebDriverTestExecutionListener, org.springframework.test.context.web.ServletTestExecutionListener, org.springframework.test.context.support.DirtiesContextBeforeModesTestExecutionListener, org.springframework.test.context.support.DependencyInjectionTestExecutionListener, org.springframework.test.context.support.DirtiesContextTestExecutionListener, org.springframework.test.context.transaction.TransactionalTestExecutionListener, org.springframework.test.context.jdbc.SqlScriptsTestExecutionListener, org.springframework.security.test.context.support.WithSecurityContextTestExecutionListener]
21:07:57.476 [main] INFO org.springframework.boot.test.context.SpringBootTestContextBootstrapper - Using TestExecutionListeners: [org.springframework.test.context.web.ServletTestExecutionListener@7c711375, org.springframework.test.context.support.DirtiesContextBeforeModesTestExecutionListener@57cf54e1, org.springframework.boot.test.autoconfigure.SpringBootDependencyInjectionTestExecutionListener@5b03b9fe, org.springframework.test.context.support.DirtiesContextTestExecutionListener@37d4349f, org.springframework.test.context.transaction.TransactionalTestExecutionListener@434a63ab, org.springframework.test.context.jdbc.SqlScriptsTestExecutionListener@6e0f5f7f, org.springframework.security.test.context.support.WithSecurityContextTestExecutionListener@2805d709, org.springframework.boot.test.mock.mockito.MockitoTestExecutionListener@3ee37e5a, org.springframework.boot.test.mock.mockito.ResetMocksTestExecutionListener@2ea41516, org.springframework.boot.test.autoconfigure.restdocs.RestDocsTestExecutionListener@3a44431a, org.springframework.boot.test.autoconfigure.web.client.MockRestServiceServerResetTestExecutionListener@3c7f66c4, org.springframework.boot.test.autoconfigure.web.servlet.MockMvcPrintOnlyOnFailureTestExecutionListener@194bcebf, org.springframework.boot.test.autoconfigure.web.servlet.WebDriverTestExecutionListener@17497425]
21:07:57.476 [main] DEBUG org.springframework.test.context.junit4.SpringJUnit4ClassRunner - SpringJUnit4ClassRunner constructor called with [class edu.harvard.h2ms.web.init.OAuthTest]
21:07:57.476 [main] DEBUG org.springframework.test.context.BootstrapUtils - Instantiating CacheAwareContextLoaderDelegate from class [org.springframework.test.context.cache.DefaultCacheAwareContextLoaderDelegate]
21:07:57.477 [main] DEBUG org.springframework.test.context.BootstrapUtils - Instantiating BootstrapContext using constructor [public org.springframework.test.context.support.DefaultBootstrapContext(java.lang.Class,org.springframework.test.context.CacheAwareContextLoaderDelegate)]
21:07:57.478 [main] DEBUG org.springframework.test.context.BootstrapUtils - Instantiating TestContextBootstrapper for test class [edu.harvard.h2ms.web.init.OAuthTest] from class [org.springframework.boot.test.context.SpringBootTestContextBootstrapper]
21:07:57.480 [main] INFO org.springframework.boot.test.context.SpringBootTestContextBootstrapper - Neither @ContextConfiguration nor @ContextHierarchy found for test class [edu.harvard.h2ms.web.init.OAuthTest], using SpringBootContextLoader
21:07:57.482 [main] DEBUG org.springframework.test.context.support.AbstractContextLoader - Did not detect default resource location for test class [edu.harvard.h2ms.web.init.OAuthTest]: class path resource [edu/harvard/h2ms/web/init/OAuthTest-context.xml] does not exist
21:07:57.483 [main] DEBUG org.springframework.test.context.support.AbstractContextLoader - Did not detect default resource location for test class [edu.harvard.h2ms.web.init.OAuthTest]: class path resource [edu/harvard/h2ms/web/init/OAuthTestContext.groovy] does not exist
21:07:57.483 [main] INFO org.springframework.test.context.support.AbstractContextLoader - Could not detect default resource locations for test class [edu.harvard.h2ms.web.init.OAuthTest]: no resource found for suffixes {-context.xml, Context.groovy}.
21:07:57.483 [main] INFO org.springframework.test.context.support.AnnotationConfigContextLoaderUtils - Could not detect default configuration classes for test class [edu.harvard.h2ms.web.init.OAuthTest]: OAuthTest does not declare any static, non-private, non-final, nested classes annotated with @Configuration.
21:07:57.486 [main] DEBUG org.springframework.test.context.support.ActiveProfilesUtils - Could not find an 'annotation declaring class' for annotation type [org.springframework.test.context.ActiveProfiles] and class [edu.harvard.h2ms.web.init.OAuthTest]
21:07:57.487 [main] DEBUG org.springframework.core.env.StandardEnvironment - Adding PropertySource 'systemProperties' with lowest search precedence
21:07:57.487 [main] DEBUG org.springframework.core.env.StandardEnvironment - Adding PropertySource 'systemEnvironment' with lowest search precedence
21:07:57.487 [main] DEBUG org.springframework.core.env.StandardEnvironment - Initialized StandardEnvironment with PropertySources [MapPropertySource@1704237553 {name='systemProperties', properties={java.runtime.name=OpenJDK Runtime Environment, sun.boot.library.path=/usr/lib/jvm/java-1.8.0-openjdk-1.8.0.161-0.b14.fc27.x86_64/jre/lib/amd64, java.vm.version=25.161-b14, java.vm.vendor=Oracle Corporation, java.vendor.url=http://java.oracle.com/, path.separator=:, java.vm.name=OpenJDK 64-Bit Server VM, file.encoding.pkg=sun.io, user.country=US, sun.java.launcher=SUN_STANDARD, sun.os.patch.level=unknown, java.vm.specification.name=Java Virtual Machine Specification, user.dir=/home/stbenjam/git/h2ms, java.runtime.version=1.8.0_161-b14, basedir=/home/stbenjam/git/h2ms, java.awt.graphicsenv=sun.awt.X11GraphicsEnvironment, java.endorsed.dirs=/usr/lib/jvm/java-1.8.0-openjdk-1.8.0.161-0.b14.fc27.x86_64/jre/lib/endorsed, os.arch=amd64, surefire.real.class.path=/home/stbenjam/git/h2ms/target/surefire/surefirebooter4406525892180618587.jar, java.io.tmpdir=/tmp, line.separator=
, java.vm.specification.vendor=Oracle Corporation, os.name=Linux, sun.jnu.encoding=UTF-8, java.library.path=/usr/java/packages/lib/amd64:/usr/lib64:/lib64:/lib:/usr/lib, surefire.test.class.path=/home/stbenjam/git/h2ms/target/test-classes:/home/stbenjam/git/h2ms/target/classes:/home/stbenjam/.m2/repository/org/springframework/boot/spring-boot-starter-data-rest/1.5.10.RELEASE/spring-boot-starter-data-rest-1.5.10.RELEASE.jar:/home/stbenjam/.m2/repository/org/springframework/boot/spring-boot-starter/1.5.10.RELEASE/spring-boot-starter-1.5.10.RELEASE.jar:/home/stbenjam/.m2/repository/org/springframework/boot/spring-boot/1.5.10.RELEASE/spring-boot-1.5.10.RELEASE.jar:/home/stbenjam/.m2/repository/org/springframework/boot/spring-boot-autoconfigure/1.5.10.RELEASE/spring-boot-autoconfigure-1.5.10.RELEASE.jar:/home/stbenjam/.m2/repository/org/springframework/boot/spring-boot-starter-logging/1.5.10.RELEASE/spring-boot-starter-logging-1.5.10.RELEASE.jar:/home/stbenjam/.m2/repository/ch/qos/logback/logback-classic/1.1.11/logback-classic-1.1.11.jar:/home/stbenjam/.m2/repository/ch/qos/logback/logback-core/1.1.11/logback-core-1.1.11.jar:/home/stbenjam/.m2/repository/org/slf4j/jul-to-slf4j/1.7.25/jul-to-slf4j-1.7.25.jar:/home/stbenjam/.m2/repository/org/slf4j/log4j-over-slf4j/1.7.25/log4j-over-slf4j-1.7.25.jar:/home/stbenjam/.m2/repository/org/yaml/snakeyaml/1.17/snakeyaml-1.17.jar:/home/stbenjam/.m2/repository/com/fasterxml/jackson/core/jackson-annotations/2.8.0/jackson-annotations-2.8.0.jar:/home/stbenjam/.m2/repository/org/springframework/data/spring-data-rest-webmvc/2.6.10.RELEASE/spring-data-rest-webmvc-2.6.10.RELEASE.jar:/home/stbenjam/.m2/repository/org/springframework/data/spring-data-rest-core/2.6.10.RELEASE/spring-data-rest-core-2.6.10.RELEASE.jar:/home/stbenjam/.m2/repository/org/atteo/evo-inflector/1.2.2/evo-inflector-1.2.2.jar:/home/stbenjam/.m2/repository/org/slf4j/jcl-over-slf4j/1.7.25/jcl-over-slf4j-1.7.25.jar:/home/stbenjam/.m2/repository/org/springframework/boot/spring-boot-starter-web/1.5.10.RELEASE/spring-boot-starter-web-1.5.10.RELEASE.jar:/home/stbenjam/.m2/repository/org/springframework/boot/spring-boot-starter-tomcat/1.5.10.RELEASE/spring-boot-starter-tomcat-1.5.10.RELEASE.jar:/home/stbenjam/.m2/repository/org/apache/tomcat/embed/tomcat-embed-core/8.5.27/tomcat-embed-core-8.5.27.jar:/home/stbenjam/.m2/repository/org/apache/tomcat/tomcat-annotations-api/8.5.27/tomcat-annotations-api-8.5.27.jar:/home/stbenjam/.m2/repository/org/apache/tomcat/embed/tomcat-embed-el/8.5.27/tomcat-embed-el-8.5.27.jar:/home/stbenjam/.m2/repository/org/apache/tomcat/embed/tomcat-embed-websocket/8.5.27/tomcat-embed-websocket-8.5.27.jar:/home/stbenjam/.m2/repository/org/hibernate/hibernate-validator/5.3.6.Final/hibernate-validator-5.3.6.Final.jar:/home/stbenjam/.m2/repository/javax/validation/validation-api/1.1.0.Final/validation-api-1.1.0.Final.jar:/home/stbenjam/.m2/repository/org/jboss/logging/jboss-logging/3.3.1.Final/jboss-logging-3.3.1.Final.jar:/home/stbenjam/.m2/repository/org/springframework/spring-web/4.3.14.RELEASE/spring-web-4.3.14.RELEASE.jar:/home/stbenjam/.m2/repository/org/springframework/spring-webmvc/4.3.14.RELEASE/spring-webmvc-4.3.14.RELEASE.jar:/home/stbenjam/.m2/repository/org/springframework/spring-expression/4.3.14.RELEASE/spring-expression-4.3.14.RELEASE.jar:/home/stbenjam/.m2/repository/org/springframework/boot/spring-boot-starter-thymeleaf/1.5.10.RELEASE/spring-boot-starter-thymeleaf-1.5.10.RELEASE.jar:/home/stbenjam/.m2/repository/org/thymeleaf/thymeleaf-spring4/2.1.6.RELEASE/thymeleaf-spring4-2.1.6.RELEASE.jar:/home/stbenjam/.m2/repository/org/thymeleaf/thymeleaf/2.1.6.RELEASE/thymeleaf-2.1.6.RELEASE.jar:/home/stbenjam/.m2/repository/ognl/ognl/3.0.8/ognl-3.0.8.jar:/home/stbenjam/.m2/repository/org/unbescape/unbescape/1.1.0.RELEASE/unbescape-1.1.0.RELEASE.jar:/home/stbenjam/.m2/repository/nz/net/ultraq/thymeleaf/thymeleaf-layout-dialect/1.4.0/thymeleaf-layout-dialect-1.4.0.jar:/home/stbenjam/.m2/repository/org/codehaus/groovy/groovy/2.4.13/groovy-2.4.13.jar:/home/stbenjam/.m2/repository/org/springframework/boot/spring-boot-starter-test/1.5.10.RELEASE/spring-boot-starter-test-1.5.10.RELEASE.jar:/home/stbenjam/.m2/repository/org/springframework/boot/spring-boot-test/1.5.10.RELEASE/spring-boot-test-1.5.10.RELEASE.jar:/home/stbenjam/.m2/repository/org/springframework/boot/spring-boot-test-autoconfigure/1.5.10.RELEASE/spring-boot-test-autoconfigure-1.5.10.RELEASE.jar:/home/stbenjam/.m2/repository/com/jayway/jsonpath/json-path/2.2.0/json-path-2.2.0.jar:/home/stbenjam/.m2/repository/net/minidev/json-smart/2.2.1/json-smart-2.2.1.jar:/home/stbenjam/.m2/repository/net/minidev/accessors-smart/1.1/accessors-smart-1.1.jar:/home/stbenjam/.m2/repository/org/ow2/asm/asm/5.0.3/asm-5.0.3.jar:/home/stbenjam/.m2/repository/junit/junit/4.12/junit-4.12.jar:/home/stbenjam/.m2/repository/org/assertj/assertj-core/2.6.0/assertj-core-2.6.0.jar:/home/stbenjam/.m2/repository/org/mockito/mockito-core/1.10.19/mockito-core-1.10.19.jar:/home/stbenjam/.m2/repository/org/objenesis/objenesis/2.1/objenesis-2.1.jar:/home/stbenjam/.m2/repository/org/hamcrest/hamcrest-core/1.3/hamcrest-core-1.3.jar:/home/stbenjam/.m2/repository/org/hamcrest/hamcrest-library/1.3/hamcrest-library-1.3.jar:/home/stbenjam/.m2/repository/org/skyscreamer/jsonassert/1.4.0/jsonassert-1.4.0.jar:/home/stbenjam/.m2/repository/org/springframework/spring-core/4.3.14.RELEASE/spring-core-4.3.14.RELEASE.jar:/home/stbenjam/.m2/repository/org/springframework/spring-test/4.3.14.RELEASE/spring-test-4.3.14.RELEASE.jar:/home/stbenjam/.m2/repository/org/springframework/restdocs/spring-restdocs-mockmvc/1.1.3.RELEASE/spring-restdocs-mockmvc-1.1.3.RELEASE.jar:/home/stbenjam/.m2/repository/org/springframework/restdocs/spring-restdocs-core/1.1.3.RELEASE/spring-restdocs-core-1.1.3.RELEASE.jar:/home/stbenjam/.m2/repository/javax/servlet/javax.servlet-api/3.1.0/javax.servlet-api-3.1.0.jar:/home/stbenjam/.m2/repository/org/springframework/boot/spring-boot-starter-data-jpa/1.5.10.RELEASE/spring-boot-starter-data-jpa-1.5.10.RELEASE.jar:/home/stbenjam/.m2/repository/org/springframework/boot/spring-boot-starter-aop/1.5.10.RELEASE/spring-boot-starter-aop-1.5.10.RELEASE.jar:/home/stbenjam/.m2/repository/org/aspectj/aspectjweaver/1.8.13/aspectjweaver-1.8.13.jar:/home/stbenjam/.m2/repository/org/springframework/boot/spring-boot-starter-jdbc/1.5.10.RELEASE/spring-boot-starter-jdbc-1.5.10.RELEASE.jar:/home/stbenjam/.m2/repository/org/apache/tomcat/tomcat-jdbc/8.5.27/tomcat-jdbc-8.5.27.jar:/home/stbenjam/.m2/repository/org/apache/tomcat/tomcat-juli/8.5.27/tomcat-juli-8.5.27.jar:/home/stbenjam/.m2/repository/org/springframework/spring-jdbc/4.3.14.RELEASE/spring-jdbc-4.3.14.RELEASE.jar:/home/stbenjam/.m2/repository/org/hibernate/hibernate-core/5.0.12.Final/hibernate-core-5.0.12.Final.jar:/home/stbenjam/.m2/repository/org/hibernate/javax/persistence/hibernate-jpa-2.1-api/1.0.0.Final/hibernate-jpa-2.1-api-1.0.0.Final.jar:/home/stbenjam/.m2/repository/org/javassist/javassist/3.21.0-GA/javassist-3.21.0-GA.jar:/home/stbenjam/.m2/repository/antlr/antlr/2.7.7/antlr-2.7.7.jar:/home/stbenjam/.m2/repository/org/jboss/jandex/2.0.0.Final/jandex-2.0.0.Final.jar:/home/stbenjam/.m2/repository/dom4j/dom4j/1.6.1/dom4j-1.6.1.jar:/home/stbenjam/.m2/repository/org/hibernate/common/hibernate-commons-annotations/5.0.1.Final/hibernate-commons-annotations-5.0.1.Final.jar:/home/stbenjam/.m2/repository/org/hibernate/hibernate-entitymanager/5.0.12.Final/hibernate-entitymanager-5.0.12.Final.jar:/home/stbenjam/.m2/repository/javax/transaction/javax.transaction-api/1.2/javax.transaction-api-1.2.jar:/home/stbenjam/.m2/repository/org/springframework/data/spring-data-jpa/1.11.10.RELEASE/spring-data-jpa-1.11.10.RELEASE.jar:/home/stbenjam/.m2/repository/org/springframework/data/spring-data-commons/1.13.10.RELEASE/spring-data-commons-1.13.10.RELEASE.jar:/home/stbenjam/.m2/repository/org/springframework/spring-orm/4.3.14.RELEASE/spring-orm-4.3.14.RELEASE.jar:/home/stbenjam/.m2/repository/org/springframework/spring-tx/4.3.14.RELEASE/spring-tx-4.3.14.RELEASE.jar:/home/stbenjam/.m2/repository/org/springframework/spring-aspects/4.3.14.RELEASE/spring-aspects-4.3.14.RELEASE.jar:/home/stbenjam/.m2/repository/com/h2database/h2/1.4.196/h2-1.4.196.jar:/home/stbenjam/.m2/repository/org/postgresql/postgresql/9.4-1206-jdbc42/postgresql-9.4-1206-jdbc42.jar:/home/stbenjam/.m2/repository/log4j/log4j/1.2.17/log4j-1.2.17.jar:/home/stbenjam/.m2/repository/com/google/guava/guava/19.0/guava-19.0.jar:/home/stbenjam/.m2/repository/javax/mail/mail/1.4/mail-1.4.jar:/home/stbenjam/.m2/repository/javax/activation/activation/1.1/activation-1.1.jar:/home/stbenjam/.m2/repository/org/springframework/boot/spring-boot-starter-security/1.5.10.RELEASE/spring-boot-starter-security-1.5.10.RELEASE.jar:/home/stbenjam/.m2/repository/org/springframework/spring-aop/4.3.14.RELEASE/spring-aop-4.3.14.RELEASE.jar:/home/stbenjam/.m2/repository/org/springframework/security/spring-security-config/4.2.4.RELEASE/spring-security-config-4.2.4.RELEASE.jar:/home/stbenjam/.m2/repository/org/springframework/security/spring-security-web/4.2.4.RELEASE/spring-security-web-4.2.4.RELEASE.jar:/home/stbenjam/.m2/repository/org/springframework/boot/spring-boot-starter-mail/1.4.3.RELEASE/spring-boot-starter-mail-1.4.3.RELEASE.jar:/home/stbenjam/.m2/repository/org/springframework/spring-context/4.3.14.RELEASE/spring-context-4.3.14.RELEASE.jar:/home/stbenjam/.m2/repository/com/sun/mail/javax.mail/1.5.6/javax.mail-1.5.6.jar:/home/stbenjam/.m2/repository/com/icegreen/greenmail/1.5.5/greenmail-1.5.5.jar:/home/stbenjam/.m2/repository/org/slf4j/slf4j-api/1.7.25/slf4j-api-1.7.25.jar:/home/stbenjam/.m2/repository/org/springframework/security/spring-security-test/4.2.4.RELEASE/spring-security-test-4.2.4.RELEASE.jar:/home/stbenjam/.m2/repository/org/springframework/security/spring-security-core/4.2.4.RELEASE/spring-security-core-4.2.4.RELEASE.jar:/home/stbenjam/.m2/repository/aopalliance/aopalliance/1.0/aopalliance-1.0.jar:/home/stbenjam/.m2/repository/org/springframework/security/oauth/spring-security-oauth2/2.0.14.RELEASE/spring-security-oauth2-2.0.14.RELEASE.jar:/home/stbenjam/.m2/repository/org/springframework/spring-beans/4.3.14.RELEASE/spring-beans-4.3.14.RELEASE.jar:/home/stbenjam/.m2/repository/commons-codec/commons-codec/1.10/commons-codec-1.10.jar:/home/stbenjam/.m2/repository/org/codehaus/jackson/jackson-mapper-asl/1.9.13/jackson-mapper-asl-1.9.13.jar:/home/stbenjam/.m2/repository/org/codehaus/jackson/jackson-core-asl/1.9.13/jackson-core-asl-1.9.13.jar:/home/stbenjam/.m2/repository/io/springfox/springfox-swagger2/2.8.0/springfox-swagger2-2.8.0.jar:/home/stbenjam/.m2/repository/io/swagger/swagger-annotations/1.5.14/swagger-annotations-1.5.14.jar:/home/stbenjam/.m2/repository/io/swagger/swagger-models/1.5.14/swagger-models-1.5.14.jar:/home/stbenjam/.m2/repository/io/springfox/springfox-spi/2.8.0/springfox-spi-2.8.0.jar:/home/stbenjam/.m2/repository/io/springfox/springfox-core/2.8.0/springfox-core-2.8.0.jar:/home/stbenjam/.m2/repository/net/bytebuddy/byte-buddy/1.7.9/byte-buddy-1.7.9.jar:/home/stbenjam/.m2/repository/io/springfox/springfox-schema/2.8.0/springfox-schema-2.8.0.jar:/home/stbenjam/.m2/repository/io/springfox/springfox-swagger-common/2.8.0/springfox-swagger-common-2.8.0.jar:/home/stbenjam/.m2/repository/io/springfox/springfox-spring-web/2.8.0/springfox-spring-web-2.8.0.jar:/home/stbenjam/.m2/repository/org/reflections/reflections/0.9.11/reflections-0.9.11.jar:/home/stbenjam/.m2/repository/com/fasterxml/classmate/1.3.4/classmate-1.3.4.jar:/home/stbenjam/.m2/repository/org/springframework/plugin/spring-plugin-core/1.2.0.RELEASE/spring-plugin-core-1.2.0.RELEASE.jar:/home/stbenjam/.m2/repository/org/springframework/plugin/spring-plugin-metadata/1.2.0.RELEASE/spring-plugin-metadata-1.2.0.RELEASE.jar:/home/stbenjam/.m2/repository/org/mapstruct/mapstruct/1.2.0.Final/mapstruct-1.2.0.Final.jar:/home/stbenjam/.m2/repository/io/springfox/springfox-swagger-ui/2.8.0/springfox-swagger-ui-2.8.0.jar:/home/stbenjam/.m2/repository/io/springfox/springfox-data-rest/2.8.0/springfox-data-rest-2.8.0.jar:/home/stbenjam/.m2/repository/org/springframework/hateoas/spring-hateoas/0.23.0.RELEASE/spring-hateoas-0.23.0.RELEASE.jar:/home/stbenjam/.m2/repository/org/usb4java/usb4java-javax/1.2.0/usb4java-javax-1.2.0.jar:/home/stbenjam/.m2/repository/javax/usb/usb-api/1.0.2/usb-api-1.0.2.jar:/home/stbenjam/.m2/repository/org/apache/commons/commons-lang3/3.2.1/commons-lang3-3.2.1.jar:/home/stbenjam/.m2/repository/org/usb4java/usb4java/1.2.0/usb4java-1.2.0.jar:/home/stbenjam/.m2/repository/org/usb4java/libusb4java/1.2.0/libusb4java-1.2.0-linux-x86.jar:/home/stbenjam/.m2/repository/org/usb4java/libusb4java/1.2.0/libusb4java-1.2.0-linux-x86_64.jar:/home/stbenjam/.m2/repository/org/usb4java/libusb4java/1.2.0/libusb4java-1.2.0-linux-arm.jar:/home/stbenjam/.m2/repository/org/usb4java/libusb4java/1.2.0/libusb4java-1.2.0-windows-x86.jar:/home/stbenjam/.m2/repository/org/usb4java/libusb4java/1.2.0/libusb4java-1.2.0-windows-x86_64.jar:/home/stbenjam/.m2/repository/org/usb4java/libusb4java/1.2.0/libusb4java-1.2.0-osx-x86.jar:/home/stbenjam/.m2/repository/org/usb4java/libusb4java/1.2.0/libusb4java-1.2.0-osx-x86_64.jar:/home/stbenjam/.m2/repository/org/mockito/mockito-all/1.9.5/mockito-all-1.9.5.jar:/home/stbenjam/.m2/repository/com/fasterxml/jackson/core/jackson-databind/2.5.0/jackson-databind-2.5.0.jar:/home/stbenjam/.m2/repository/com/fasterxml/jackson/core/jackson-core/2.8.10/jackson-core-2.8.10.jar:/home/stbenjam/.m2/repository/com/vaadin/external/google/android-json/0.0.20131108.vaadin1/android-json-0.0.20131108.vaadin1.jar:/home/stbenjam/.m2/repository/com/tngtech/java/junit-dataprovider/1.13.1/junit-dataprovider-1.13.1.jar:/home/stbenjam/.m2/repository/org/springframework/spring-context-support/3.2.0.RELEASE/spring-context-support-3.2.0.RELEASE.jar:, java.specification.name=Java Platform API Specification, java.class.version=52.0, sun.management.compiler=HotSpot 64-Bit Tiered Compilers, os.version=4.14.14-300.fc27.x86_64, user.home=/home/stbenjam, user.timezone=America/New_York, java.awt.printerjob=sun.print.PSPrinterJob, file.encoding=UTF-8, java.specification.version=1.8, java.class.path=/home/stbenjam/git/h2ms/target/test-classes:/home/stbenjam/git/h2ms/target/classes:/home/stbenjam/.m2/repository/org/springframework/boot/spring-boot-starter-data-rest/1.5.10.RELEASE/spring-boot-starter-data-rest-1.5.10.RELEASE.jar:/home/stbenjam/.m2/repository/org/springframework/boot/spring-boot-starter/1.5.10.RELEASE/spring-boot-starter-1.5.10.RELEASE.jar:/home/stbenjam/.m2/repository/org/springframework/boot/spring-boot/1.5.10.RELEASE/spring-boot-1.5.10.RELEASE.jar:/home/stbenjam/.m2/repository/org/springframework/boot/spring-boot-autoconfigure/1.5.10.RELEASE/spring-boot-autoconfigure-1.5.10.RELEASE.jar:/home/stbenjam/.m2/repository/org/springframework/boot/spring-boot-starter-logging/1.5.10.RELEASE/spring-boot-starter-logging-1.5.10.RELEASE.jar:/home/stbenjam/.m2/repository/ch/qos/logback/logback-classic/1.1.11/logback-classic-1.1.11.jar:/home/stbenjam/.m2/repository/ch/qos/logback/logback-core/1.1.11/logback-core-1.1.11.jar:/home/stbenjam/.m2/repository/org/slf4j/jul-to-slf4j/1.7.25/jul-to-slf4j-1.7.25.jar:/home/stbenjam/.m2/repository/org/slf4j/log4j-over-slf4j/1.7.25/log4j-over-slf4j-1.7.25.jar:/home/stbenjam/.m2/repository/org/yaml/snakeyaml/1.17/snakeyaml-1.17.jar:/home/stbenjam/.m2/repository/com/fasterxml/jackson/core/jackson-annotations/2.8.0/jackson-annotations-2.8.0.jar:/home/stbenjam/.m2/repository/org/springframework/data/spring-data-rest-webmvc/2.6.10.RELEASE/spring-data-rest-webmvc-2.6.10.RELEASE.jar:/home/stbenjam/.m2/repository/org/springframework/data/spring-data-rest-core/2.6.10.RELEASE/spring-data-rest-core-2.6.10.RELEASE.jar:/home/stbenjam/.m2/repository/org/atteo/evo-inflector/1.2.2/evo-inflector-1.2.2.jar:/home/stbenjam/.m2/repository/org/slf4j/jcl-over-slf4j/1.7.25/jcl-over-slf4j-1.7.25.jar:/home/stbenjam/.m2/repository/org/springframework/boot/spring-boot-starter-web/1.5.10.RELEASE/spring-boot-starter-web-1.5.10.RELEASE.jar:/home/stbenjam/.m2/repository/org/springframework/boot/spring-boot-starter-tomcat/1.5.10.RELEASE/spring-boot-starter-tomcat-1.5.10.RELEASE.jar:/home/stbenjam/.m2/repository/org/apache/tomcat/embed/tomcat-embed-core/8.5.27/tomcat-embed-core-8.5.27.jar:/home/stbenjam/.m2/repository/org/apache/tomcat/tomcat-annotations-api/8.5.27/tomcat-annotations-api-8.5.27.jar:/home/stbenjam/.m2/repository/org/apache/tomcat/embed/tomcat-embed-el/8.5.27/tomcat-embed-el-8.5.27.jar:/home/stbenjam/.m2/repository/org/apache/tomcat/embed/tomcat-embed-websocket/8.5.27/tomcat-embed-websocket-8.5.27.jar:/home/stbenjam/.m2/repository/org/hibernate/hibernate-validator/5.3.6.Final/hibernate-validator-5.3.6.Final.jar:/home/stbenjam/.m2/repository/javax/validation/validation-api/1.1.0.Final/validation-api-1.1.0.Final.jar:/home/stbenjam/.m2/repository/org/jboss/logging/jboss-logging/3.3.1.Final/jboss-logging-3.3.1.Final.jar:/home/stbenjam/.m2/repository/org/springframework/spring-web/4.3.14.RELEASE/spring-web-4.3.14.RELEASE.jar:/home/stbenjam/.m2/repository/org/springframework/spring-webmvc/4.3.14.RELEASE/spring-webmvc-4.3.14.RELEASE.jar:/home/stbenjam/.m2/repository/org/springframework/spring-expression/4.3.14.RELEASE/spring-expression-4.3.14.RELEASE.jar:/home/stbenjam/.m2/repository/org/springframework/boot/spring-boot-starter-thymeleaf/1.5.10.RELEASE/spring-boot-starter-thymeleaf-1.5.10.RELEASE.jar:/home/stbenjam/.m2/repository/org/thymeleaf/thymeleaf-spring4/2.1.6.RELEASE/thymeleaf-spring4-2.1.6.RELEASE.jar:/home/stbenjam/.m2/repository/org/thymeleaf/thymeleaf/2.1.6.RELEASE/thymeleaf-2.1.6.RELEASE.jar:/home/stbenjam/.m2/repository/ognl/ognl/3.0.8/ognl-3.0.8.jar:/home/stbenjam/.m2/repository/org/unbescape/unbescape/1.1.0.RELEASE/unbescape-1.1.0.RELEASE.jar:/home/stbenjam/.m2/repository/nz/net/ultraq/thymeleaf/thymeleaf-layout-dialect/1.4.0/thymeleaf-layout-dialect-1.4.0.jar:/home/stbenjam/.m2/repository/org/codehaus/groovy/groovy/2.4.13/groovy-2.4.13.jar:/home/stbenjam/.m2/repository/org/springframework/boot/spring-boot-starter-test/1.5.10.RELEASE/spring-boot-starter-test-1.5.10.RELEASE.jar:/home/stbenjam/.m2/repository/org/springframework/boot/spring-boot-test/1.5.10.RELEASE/spring-boot-test-1.5.10.RELEASE.jar:/home/stbenjam/.m2/repository/org/springframework/boot/spring-boot-test-autoconfigure/1.5.10.RELEASE/spring-boot-test-autoconfigure-1.5.10.RELEASE.jar:/home/stbenjam/.m2/repository/com/jayway/jsonpath/json-path/2.2.0/json-path-2.2.0.jar:/home/stbenjam/.m2/repository/net/minidev/json-smart/2.2.1/json-smart-2.2.1.jar:/home/stbenjam/.m2/repository/net/minidev/accessors-smart/1.1/accessors-smart-1.1.jar:/home/stbenjam/.m2/repository/org/ow2/asm/asm/5.0.3/asm-5.0.3.jar:/home/stbenjam/.m2/repository/junit/junit/4.12/junit-4.12.jar:/home/stbenjam/.m2/repository/org/assertj/assertj-core/2.6.0/assertj-core-2.6.0.jar:/home/stbenjam/.m2/repository/org/mockito/mockito-core/1.10.19/mockito-core-1.10.19.jar:/home/stbenjam/.m2/repository/org/objenesis/objenesis/2.1/objenesis-2.1.jar:/home/stbenjam/.m2/repository/org/hamcrest/hamcrest-core/1.3/hamcrest-core-1.3.jar:/home/stbenjam/.m2/repository/org/hamcrest/hamcrest-library/1.3/hamcrest-library-1.3.jar:/home/stbenjam/.m2/repository/org/skyscreamer/jsonassert/1.4.0/jsonassert-1.4.0.jar:/home/stbenjam/.m2/repository/org/springframework/spring-core/4.3.14.RELEASE/spring-core-4.3.14.RELEASE.jar:/home/stbenjam/.m2/repository/org/springframework/spring-test/4.3.14.RELEASE/spring-test-4.3.14.RELEASE.jar:/home/stbenjam/.m2/repository/org/springframework/restdocs/spring-restdocs-mockmvc/1.1.3.RELEASE/spring-restdocs-mockmvc-1.1.3.RELEASE.jar:/home/stbenjam/.m2/repository/org/springframework/restdocs/spring-restdocs-core/1.1.3.RELEASE/spring-restdocs-core-1.1.3.RELEASE.jar:/home/stbenjam/.m2/repository/javax/servlet/javax.servlet-api/3.1.0/javax.servlet-api-3.1.0.jar:/home/stbenjam/.m2/repository/org/springframework/boot/spring-boot-starter-data-jpa/1.5.10.RELEASE/spring-boot-starter-data-jpa-1.5.10.RELEASE.jar:/home/stbenjam/.m2/repository/org/springframework/boot/spring-boot-starter-aop/1.5.10.RELEASE/spring-boot-starter-aop-1.5.10.RELEASE.jar:/home/stbenjam/.m2/repository/org/aspectj/aspectjweaver/1.8.13/aspectjweaver-1.8.13.jar:/home/stbenjam/.m2/repository/org/springframework/boot/spring-boot-starter-jdbc/1.5.10.RELEASE/spring-boot-starter-jdbc-1.5.10.RELEASE.jar:/home/stbenjam/.m2/repository/org/apache/tomcat/tomcat-jdbc/8.5.27/tomcat-jdbc-8.5.27.jar:/home/stbenjam/.m2/repository/org/apache/tomcat/tomcat-juli/8.5.27/tomcat-juli-8.5.27.jar:/home/stbenjam/.m2/repository/org/springframework/spring-jdbc/4.3.14.RELEASE/spring-jdbc-4.3.14.RELEASE.jar:/home/stbenjam/.m2/repository/org/hibernate/hibernate-core/5.0.12.Final/hibernate-core-5.0.12.Final.jar:/home/stbenjam/.m2/repository/org/hibernate/javax/persistence/hibernate-jpa-2.1-api/1.0.0.Final/hibernate-jpa-2.1-api-1.0.0.Final.jar:/home/stbenjam/.m2/repository/org/javassist/javassist/3.21.0-GA/javassist-3.21.0-GA.jar:/home/stbenjam/.m2/repository/antlr/antlr/2.7.7/antlr-2.7.7.jar:/home/stbenjam/.m2/repository/org/jboss/jandex/2.0.0.Final/jandex-2.0.0.Final.jar:/home/stbenjam/.m2/repository/dom4j/dom4j/1.6.1/dom4j-1.6.1.jar:/home/stbenjam/.m2/repository/org/hibernate/common/hibernate-commons-annotations/5.0.1.Final/hibernate-commons-annotations-5.0.1.Final.jar:/home/stbenjam/.m2/repository/org/hibernate/hibernate-entitymanager/5.0.12.Final/hibernate-entitymanager-5.0.12.Final.jar:/home/stbenjam/.m2/repository/javax/transaction/javax.transaction-api/1.2/javax.transaction-api-1.2.jar:/home/stbenjam/.m2/repository/org/springframework/data/spring-data-jpa/1.11.10.RELEASE/spring-data-jpa-1.11.10.RELEASE.jar:/home/stbenjam/.m2/repository/org/springframework/data/spring-data-commons/1.13.10.RELEASE/spring-data-commons-1.13.10.RELEASE.jar:/home/stbenjam/.m2/repository/org/springframework/spring-orm/4.3.14.RELEASE/spring-orm-4.3.14.RELEASE.jar:/home/stbenjam/.m2/repository/org/springframework/spring-tx/4.3.14.RELEASE/spring-tx-4.3.14.RELEASE.jar:/home/stbenjam/.m2/repository/org/springframework/spring-aspects/4.3.14.RELEASE/spring-aspects-4.3.14.RELEASE.jar:/home/stbenjam/.m2/repository/com/h2database/h2/1.4.196/h2-1.4.196.jar:/home/stbenjam/.m2/repository/org/postgresql/postgresql/9.4-1206-jdbc42/postgresql-9.4-1206-jdbc42.jar:/home/stbenjam/.m2/repository/log4j/log4j/1.2.17/log4j-1.2.17.jar:/home/stbenjam/.m2/repository/com/google/guava/guava/19.0/guava-19.0.jar:/home/stbenjam/.m2/repository/javax/mail/mail/1.4/mail-1.4.jar:/home/stbenjam/.m2/repository/javax/activation/activation/1.1/activation-1.1.jar:/home/stbenjam/.m2/repository/org/springframework/boot/spring-boot-starter-security/1.5.10.RELEASE/spring-boot-starter-security-1.5.10.RELEASE.jar:/home/stbenjam/.m2/repository/org/springframework/spring-aop/4.3.14.RELEASE/spring-aop-4.3.14.RELEASE.jar:/home/stbenjam/.m2/repository/org/springframework/security/spring-security-config/4.2.4.RELEASE/spring-security-config-4.2.4.RELEASE.jar:/home/stbenjam/.m2/repository/org/springframework/security/spring-security-web/4.2.4.RELEASE/spring-security-web-4.2.4.RELEASE.jar:/home/stbenjam/.m2/repository/org/springframework/boot/spring-boot-starter-mail/1.4.3.RELEASE/spring-boot-starter-mail-1.4.3.RELEASE.jar:/home/stbenjam/.m2/repository/org/springframework/spring-context/4.3.14.RELEASE/spring-context-4.3.14.RELEASE.jar:/home/stbenjam/.m2/repository/com/sun/mail/javax.mail/1.5.6/javax.mail-1.5.6.jar:/home/stbenjam/.m2/repository/com/icegreen/greenmail/1.5.5/greenmail-1.5.5.jar:/home/stbenjam/.m2/repository/org/slf4j/slf4j-api/1.7.25/slf4j-api-1.7.25.jar:/home/stbenjam/.m2/repository/org/springframework/security/spring-security-test/4.2.4.RELEASE/spring-security-test-4.2.4.RELEASE.jar:/home/stbenjam/.m2/repository/org/springframework/security/spring-security-core/4.2.4.RELEASE/spring-security-core-4.2.4.RELEASE.jar:/home/stbenjam/.m2/repository/aopalliance/aopalliance/1.0/aopalliance-1.0.jar:/home/stbenjam/.m2/repository/org/springframework/security/oauth/spring-security-oauth2/2.0.14.RELEASE/spring-security-oauth2-2.0.14.RELEASE.jar:/home/stbenjam/.m2/repository/org/springframework/spring-beans/4.3.14.RELEASE/spring-beans-4.3.14.RELEASE.jar:/home/stbenjam/.m2/repository/commons-codec/commons-codec/1.10/commons-codec-1.10.jar:/home/stbenjam/.m2/repository/org/codehaus/jackson/jackson-mapper-asl/1.9.13/jackson-mapper-asl-1.9.13.jar:/home/stbenjam/.m2/repository/org/codehaus/jackson/jackson-core-asl/1.9.13/jackson-core-asl-1.9.13.jar:/home/stbenjam/.m2/repository/io/springfox/springfox-swagger2/2.8.0/springfox-swagger2-2.8.0.jar:/home/stbenjam/.m2/repository/io/swagger/swagger-annotations/1.5.14/swagger-annotations-1.5.14.jar:/home/stbenjam/.m2/repository/io/swagger/swagger-models/1.5.14/swagger-models-1.5.14.jar:/home/stbenjam/.m2/repository/io/springfox/springfox-spi/2.8.0/springfox-spi-2.8.0.jar:/home/stbenjam/.m2/repository/io/springfox/springfox-core/2.8.0/springfox-core-2.8.0.jar:/home/stbenjam/.m2/repository/net/bytebuddy/byte-buddy/1.7.9/byte-buddy-1.7.9.jar:/home/stbenjam/.m2/repository/io/springfox/springfox-schema/2.8.0/springfox-schema-2.8.0.jar:/home/stbenjam/.m2/repository/io/springfox/springfox-swagger-common/2.8.0/springfox-swagger-common-2.8.0.jar:/home/stbenjam/.m2/repository/io/springfox/springfox-spring-web/2.8.0/springfox-spring-web-2.8.0.jar:/home/stbenjam/.m2/repository/org/reflections/reflections/0.9.11/reflections-0.9.11.jar:/home/stbenjam/.m2/repository/com/fasterxml/classmate/1.3.4/classmate-1.3.4.jar:/home/stbenjam/.m2/repository/org/springframework/plugin/spring-plugin-core/1.2.0.RELEASE/spring-plugin-core-1.2.0.RELEASE.jar:/home/stbenjam/.m2/repository/org/springframework/plugin/spring-plugin-metadata/1.2.0.RELEASE/spring-plugin-metadata-1.2.0.RELEASE.jar:/home/stbenjam/.m2/repository/org/mapstruct/mapstruct/1.2.0.Final/mapstruct-1.2.0.Final.jar:/home/stbenjam/.m2/repository/io/springfox/springfox-swagger-ui/2.8.0/springfox-swagger-ui-2.8.0.jar:/home/stbenjam/.m2/repository/io/springfox/springfox-data-rest/2.8.0/springfox-data-rest-2.8.0.jar:/home/stbenjam/.m2/repository/org/springframework/hateoas/spring-hateoas/0.23.0.RELEASE/spring-hateoas-0.23.0.RELEASE.jar:/home/stbenjam/.m2/repository/org/usb4java/usb4java-javax/1.2.0/usb4java-javax-1.2.0.jar:/home/stbenjam/.m2/repository/javax/usb/usb-api/1.0.2/usb-api-1.0.2.jar:/home/stbenjam/.m2/repository/org/apache/commons/commons-lang3/3.2.1/commons-lang3-3.2.1.jar:/home/stbenjam/.m2/repository/org/usb4java/usb4java/1.2.0/usb4java-1.2.0.jar:/home/stbenjam/.m2/repository/org/usb4java/libusb4java/1.2.0/libusb4java-1.2.0-linux-x86.jar:/home/stbenjam/.m2/repository/org/usb4java/libusb4java/1.2.0/libusb4java-1.2.0-linux-x86_64.jar:/home/stbenjam/.m2/repository/org/usb4java/libusb4java/1.2.0/libusb4java-1.2.0-linux-arm.jar:/home/stbenjam/.m2/repository/org/usb4java/libusb4java/1.2.0/libusb4java-1.2.0-windows-x86.jar:/home/stbenjam/.m2/repository/org/usb4java/libusb4java/1.2.0/libusb4java-1.2.0-windows-x86_64.jar:/home/stbenjam/.m2/repository/org/usb4java/libusb4java/1.2.0/libusb4java-1.2.0-osx-x86.jar:/home/stbenjam/.m2/repository/org/usb4java/libusb4java/1.2.0/libusb4java-1.2.0-osx-x86_64.jar:/home/stbenjam/.m2/repository/org/mockito/mockito-all/1.9.5/mockito-all-1.9.5.jar:/home/stbenjam/.m2/repository/com/fasterxml/jackson/core/jackson-databind/2.5.0/jackson-databind-2.5.0.jar:/home/stbenjam/.m2/repository/com/fasterxml/jackson/core/jackson-core/2.8.10/jackson-core-2.8.10.jar:/home/stbenjam/.m2/repository/com/vaadin/external/google/android-json/0.0.20131108.vaadin1/android-json-0.0.20131108.vaadin1.jar:/home/stbenjam/.m2/repository/com/tngtech/java/junit-dataprovider/1.13.1/junit-dataprovider-1.13.1.jar:/home/stbenjam/.m2/repository/org/springframework/spring-context-support/3.2.0.RELEASE/spring-context-support-3.2.0.RELEASE.jar:, user.name=stbenjam, java.vm.specification.version=1.8, sun.java.command=/home/stbenjam/git/h2ms/target/surefire/surefirebooter4406525892180618587.jar /home/stbenjam/git/h2ms/target/surefire/surefire6178053267997541662tmp /home/stbenjam/git/h2ms/target/surefire/surefire_03387072603084303265tmp, java.home=/usr/lib/jvm/java-1.8.0-openjdk-1.8.0.161-0.b14.fc27.x86_64/jre, sun.arch.data.model=64, user.language=en, java.specification.vendor=Oracle Corporation, awt.toolkit=sun.awt.X11.XToolkit, java.vm.info=mixed mode, java.version=1.8.0_161, java.ext.dirs=/usr/lib/jvm/java-1.8.0-openjdk-1.8.0.161-0.b14.fc27.x86_64/jre/lib/ext:/usr/java/packages/lib/ext, sun.boot.class.path=/usr/lib/jvm/java-1.8.0-openjdk-1.8.0.161-0.b14.fc27.x86_64/jre/lib/resources.jar:/usr/lib/jvm/java-1.8.0-openjdk-1.8.0.161-0.b14.fc27.x86_64/jre/lib/rt.jar:/usr/lib/jvm/java-1.8.0-openjdk-1.8.0.161-0.b14.fc27.x86_64/jre/lib/sunrsasign.jar:/usr/lib/jvm/java-1.8.0-openjdk-1.8.0.161-0.b14.fc27.x86_64/jre/lib/jsse.jar:/usr/lib/jvm/java-1.8.0-openjdk-1.8.0.161-0.b14.fc27.x86_64/jre/lib/jce.jar:/usr/lib/jvm/java-1.8.0-openjdk-1.8.0.161-0.b14.fc27.x86_64/jre/lib/charsets.jar:/usr/lib/jvm/java-1.8.0-openjdk-1.8.0.161-0.b14.fc27.x86_64/jre/lib/jfr.jar:/usr/lib/jvm/java-1.8.0-openjdk-1.8.0.161-0.b14.fc27.x86_64/jre/classes, java.vendor=Oracle Corporation, localRepository=/home/stbenjam/.m2/repository, file.separator=/, java.vendor.url.bug=http://bugreport.sun.com/bugreport/, sun.io.unicode.encoding=UnicodeLittle, sun.cpu.endian=little, sun.desktop=gnome, sun.cpu.isalist=}}, SystemEnvironmentPropertySource@1374066265 {name='systemEnvironment', properties={IRBRC=/home/stbenjam/.rvm/rubies/ruby-2.3.3/.irbrc, PATH=/home/stbenjam/.rvm/gems/ruby-2.3.3/bin:/home/stbenjam/.rvm/gems/ruby-2.3.3@global/bin:/home/stbenjam/.rvm/rubies/ruby-2.3.3/bin:/usr/local/bin:/usr/bin:/bin:/usr/local/sbin:/usr/sbin:/home/stbenjam/.local/bin:/home/stbenjam/bin:/home/stbenjam/.rvm/bin, rvm_silent_flag=, HISTCONTROL=ignoredups, XMODIFIERS=@im=ibus, GDMSESSION=gnome-xorg, rvm_quiet_flag=, GUESTFISH_RESTORE=\e[0m, DBUS_SESSION_BUS_ADDRESS=unix:path=/run/user/1000/bus,guid=0ff0c73f492cc1dc3846ae835aac7cd0, COLORTERM=truecolor, rvm_ruby_make_install=, rvm_niceness=, SESSION_MANAGER=local/unix:@/tmp/.ICE-unix/1818,unix/unix:/tmp/.ICE-unix/1818, USERNAME=stbenjam, rvm_version=1.29.1 (latest), PWD=/home/stbenjam/git/h2ms, MANAGERPID=1759, LESSOPEN=||/usr/bin/lesspipe.sh %s, PAGER=less, QTINC=/usr/lib64/qt-3.3/include, rvm_hook=, rvm_wrapper_name=, MY_RUBY_HOME=/home/stbenjam/.rvm/rubies/ruby-2.3.3, rvm_nightly_flag=, ZSH=/home/stbenjam/.oh-my-zsh, rvm_path=/home/stbenjam/.rvm, GUESTFISH_INIT=\e[1;34m, GNOME_DESKTOP_SESSION_ID=this-is-deprecated, SYSTEMD_NSS_BYPASS_BUS=1, DBUS_STARTER_ADDRESS=unix:path=/run/user/1000/bus,guid=0ff0c73f492cc1dc3846ae835aac7cd0, LC_CTYPE=en_US.UTF-8, SHLVL=2, LOADEDMODULES=, HISTSIZE=10000, JAVA_HOME=/usr/lib/jvm/java-1.8.0-openjdk-1.8.0.161-0.b14.fc27.x86_64, TERM=xterm-256color, XDG_SESSION_ID=2, rvm_script_name=, rvm_ruby_make=, rvm_docs_type=, _=/usr/lib/jvm/java-1.8.0-openjdk-1.8.0.161-0.b14.fc27.x86_64/jre/bin/java, MAVEN_PROJECTBASEDIR=/home/stbenjam/git/h2ms, DESKTOP_SESSION=gnome-xorg, XDG_MENU_PREFIX=gnome-, VTE_VERSION=5002, rvm_alias_expanded=, rvm_ruby_bits=, GEM_PATH=/home/stbenjam/.rvm/gems/ruby-2.3.3:/home/stbenjam/.rvm/gems/ruby-2.3.3@global, TILIX_ID=df6230d2-2679-42ab-bd7f-667d05988153, XAUTHORITY=/run/user/1000/gdm/Xauthority, INVOCATION_ID=2a8a59bd24d3424f8a519125eeaea755, XDG_DATA_DIRS=/home/stbenjam/.local/share/flatpak/exports/share/:/var/lib/flatpak/exports/share/:/usr/local/share/:/usr/share/, MODULEPATH=/etc/scl/modulefiles:/etc/scl/modulefiles:/usr/share/Modules/modulefiles:/etc/modulefiles:/usr/share/modulefiles, rvm_bin_flag=, VAGRANT_DEFAULT_PROVIDER=libvirt, XDG_CURRENT_DESKTOP=GNOME, JOURNAL_STREAM=9:35277, MAIL=/var/spool/mail/stbenjam, rvm_ruby_mode=, LOGNAME=stbenjam, rvm_proxy=, SHELL=/bin/zsh, rvm_sdk=, OLDPWD=/home/stbenjam/git/h2ms, GEM_HOME=/home/stbenjam/.rvm/gems/ruby-2.3.3, rvm_use_flag=, GIT=/bin/git, RUBY_VERSION=ruby-2.3.3, _system_name=Fedora, LESS=-R, XDG_SESSION_DESKTOP=gnome-xorg, LS_COLORS=rs=0:di=38;5;33:ln=38;5;51:mh=00:pi=40;38;5;11:so=38;5;13:do=38;5;5:bd=48;5;232;38;5;11:cd=48;5;232;38;5;3:or=48;5;232;38;5;9:mi=01;05;37;41:su=48;5;196;38;5;15:sg=48;5;11;38;5;16:ca=48;5;196;38;5;226:tw=48;5;10;38;5;16:ow=48;5;10;38;5;21:st=48;5;21;38;5;15:ex=38;5;40:*.tar=38;5;9:*.tgz=38;5;9:*.arc=38;5;9:*.arj=38;5;9:*.taz=38;5;9:*.lha=38;5;9:*.lz4=38;5;9:*.lzh=38;5;9:*.lzma=38;5;9:*.tlz=38;5;9:*.txz=38;5;9:*.tzo=38;5;9:*.t7z=38;5;9:*.zip=38;5;9:*.z=38;5;9:*.Z=38;5;9:*.dz=38;5;9:*.gz=38;5;9:*.lrz=38;5;9:*.lz=38;5;9:*.lzo=38;5;9:*.xz=38;5;9:*.zst=38;5;9:*.tzst=38;5;9:*.bz2=38;5;9:*.bz=38;5;9:*.tbz=38;5;9:*.tbz2=38;5;9:*.tz=38;5;9:*.deb=38;5;9:*.rpm=38;5;9:*.jar=38;5;9:*.war=38;5;9:*.ear=38;5;9:*.sar=38;5;9:*.rar=38;5;9:*.alz=38;5;9:*.ace=38;5;9:*.zoo=38;5;9:*.cpio=38;5;9:*.7z=38;5;9:*.rz=38;5;9:*.cab=38;5;9:*.wim=38;5;9:*.swm=38;5;9:*.dwm=38;5;9:*.esd=38;5;9:*.jpg=38;5;13:*.jpeg=38;5;13:*.mjpg=38;5;13:*.mjpeg=38;5;13:*.gif=38;5;13:*.bmp=38;5;13:*.pbm=38;5;13:*.pgm=38;5;13:*.ppm=38;5;13:*.tga=38;5;13:*.xbm=38;5;13:*.xpm=38;5;13:*.tif=38;5;13:*.tiff=38;5;13:*.png=38;5;13:*.svg=38;5;13:*.svgz=38;5;13:*.mng=38;5;13:*.pcx=38;5;13:*.mov=38;5;13:*.mpg=38;5;13:*.mpeg=38;5;13:*.m2v=38;5;13:*.mkv=38;5;13:*.webm=38;5;13:*.ogm=38;5;13:*.mp4=38;5;13:*.m4v=38;5;13:*.mp4v=38;5;13:*.vob=38;5;13:*.qt=38;5;13:*.nuv=38;5;13:*.wmv=38;5;13:*.asf=38;5;13:*.rm=38;5;13:*.rmvb=38;5;13:*.flc=38;5;13:*.avi=38;5;13:*.fli=38;5;13:*.flv=38;5;13:*.gl=38;5;13:*.dl=38;5;13:*.xcf=38;5;13:*.xwd=38;5;13:*.yuv=38;5;13:*.cgm=38;5;13:*.emf=38;5;13:*.ogv=38;5;13:*.ogx=38;5;13:*.aac=38;5;45:*.au=38;5;45:*.flac=38;5;45:*.m4a=38;5;45:*.mid=38;5;45:*.midi=38;5;45:*.mka=38;5;45:*.mp3=38;5;45:*.mpc=38;5;45:*.ogg=38;5;45:*.ra=38;5;45:*.wav=38;5;45:*.oga=38;5;45:*.opus=38;5;45:*.spx=38;5;45:*.xspf=38;5;45:, rvm_gemstone_package_file=, _system_arch=x86_64, rvm_bin_path=/home/stbenjam/.rvm/bin, QT_IM_MODULE=ibus, rvm_only_path_flag=, rvm_prefix=/home/stbenjam, LANG=en_US.UTF-8, XDG_SESSION_TYPE=x11, DISPLAY=:0, rvm_gemstone_url=, GDM_LANG=en_US.UTF-8, GUESTFISH_PS1=\[\e[1;32m\]><fs>\[\e[0;31m\] , LSCOLORS=Gxfxcxdxbxegedabagacad, _system_type=Linux, _system_version=27, GPG_TTY=/dev/pts/1, USER=stbenjam, rvm_ruby_file=, WINDOWPATH=2, XDG_SEAT=seat0, SSH_AUTH_SOCK=/run/user/1000/keyring/ssh, EDITOR=vim, HOSTNAME=ancient.bitbin.de, MODULESHOME=/usr/share/Modules, QTDIR=/usr/lib64/qt-3.3, XDG_RUNTIME_DIR=/run/user/1000, XDG_VTNR=2, GUESTFISH_OUTPUT=\e[0m, DBUS_STARTER_BUS_TYPE=session, QTLIB=/usr/lib64/qt-3.3/lib, HOME=/home/stbenjam}}]
21:07:57.488 [main] DEBUG org.springframework.core.io.support.PathMatchingResourcePatternResolver - Resolved classpath location [edu/harvard/h2ms/web/init/] to resources [URL [file:/home/stbenjam/git/h2ms/target/test-classes/edu/harvard/h2ms/web/init/]]
21:07:57.488 [main] DEBUG org.springframework.core.io.support.PathMatchingResourcePatternResolver - Looking for matching resources in directory tree [/home/stbenjam/git/h2ms/target/test-classes/edu/harvard/h2ms/web/init]
21:07:57.488 [main] DEBUG org.springframework.core.io.support.PathMatchingResourcePatternResolver - Searching directory [/home/stbenjam/git/h2ms/target/test-classes/edu/harvard/h2ms/web/init] for files matching pattern [/home/stbenjam/git/h2ms/target/test-classes/edu/harvard/h2ms/web/init/*.class]
21:07:57.489 [main] DEBUG org.springframework.core.io.support.PathMatchingResourcePatternResolver - Resolved location pattern [classpath*:edu/harvard/h2ms/web/init/*.class] to resources [file [/home/stbenjam/git/h2ms/target/test-classes/edu/harvard/h2ms/web/init/H2MSRestAppInitializerTests.class], file [/home/stbenjam/git/h2ms/target/test-classes/edu/harvard/h2ms/web/init/OAuthTest.class]]
21:07:57.490 [main] DEBUG org.springframework.core.io.support.PathMatchingResourcePatternResolver - Resolved classpath location [edu/harvard/h2ms/web/] to resources [URL [file:/home/stbenjam/git/h2ms/target/test-classes/edu/harvard/h2ms/web/], URL [file:/home/stbenjam/git/h2ms/target/classes/edu/harvard/h2ms/web/]]
21:07:57.490 [main] DEBUG org.springframework.core.io.support.PathMatchingResourcePatternResolver - Looking for matching resources in directory tree [/home/stbenjam/git/h2ms/target/test-classes/edu/harvard/h2ms/web]
21:07:57.490 [main] DEBUG org.springframework.core.io.support.PathMatchingResourcePatternResolver - Searching directory [/home/stbenjam/git/h2ms/target/test-classes/edu/harvard/h2ms/web] for files matching pattern [/home/stbenjam/git/h2ms/target/test-classes/edu/harvard/h2ms/web/*.class]
21:07:57.491 [main] DEBUG org.springframework.core.io.support.PathMatchingResourcePatternResolver - Looking for matching resources in directory tree [/home/stbenjam/git/h2ms/target/classes/edu/harvard/h2ms/web]
21:07:57.491 [main] DEBUG org.springframework.core.io.support.PathMatchingResourcePatternResolver - Searching directory [/home/stbenjam/git/h2ms/target/classes/edu/harvard/h2ms/web] for files matching pattern [/home/stbenjam/git/h2ms/target/classes/edu/harvard/h2ms/web/*.class]
21:07:57.491 [main] DEBUG org.springframework.core.io.support.PathMatchingResourcePatternResolver - Resolved location pattern [classpath*:edu/harvard/h2ms/web/*.class] to resources []
21:07:57.491 [main] DEBUG org.springframework.core.io.support.PathMatchingResourcePatternResolver - Resolved classpath location [edu/harvard/h2ms/] to resources [URL [file:/home/stbenjam/git/h2ms/target/test-classes/edu/harvard/h2ms/], URL [file:/home/stbenjam/git/h2ms/target/classes/edu/harvard/h2ms/]]
21:07:57.491 [main] DEBUG org.springframework.core.io.support.PathMatchingResourcePatternResolver - Looking for matching resources in directory tree [/home/stbenjam/git/h2ms/target/test-classes/edu/harvard/h2ms]
21:07:57.492 [main] DEBUG org.springframework.core.io.support.PathMatchingResourcePatternResolver - Searching directory [/home/stbenjam/git/h2ms/target/test-classes/edu/harvard/h2ms] for files matching pattern [/home/stbenjam/git/h2ms/target/test-classes/edu/harvard/h2ms/*.class]
21:07:57.492 [main] DEBUG org.springframework.core.io.support.PathMatchingResourcePatternResolver - Looking for matching resources in directory tree [/home/stbenjam/git/h2ms/target/classes/edu/harvard/h2ms]
21:07:57.492 [main] DEBUG org.springframework.core.io.support.PathMatchingResourcePatternResolver - Searching directory [/home/stbenjam/git/h2ms/target/classes/edu/harvard/h2ms] for files matching pattern [/home/stbenjam/git/h2ms/target/classes/edu/harvard/h2ms/*.class]
21:07:57.493 [main] DEBUG org.springframework.core.io.support.PathMatchingResourcePatternResolver - Resolved location pattern [classpath*:edu/harvard/h2ms/*.class] to resources [file [/home/stbenjam/git/h2ms/target/classes/edu/harvard/h2ms/H2MSRestAppInitializer.class]]
21:07:57.495 [main] DEBUG org.springframework.context.annotation.ClassPathScanningCandidateComponentProvider - Identified candidate component class: file [/home/stbenjam/git/h2ms/target/classes/edu/harvard/h2ms/H2MSRestAppInitializer.class]
21:07:57.496 [main] INFO org.springframework.boot.test.context.SpringBootTestContextBootstrapper - Found @SpringBootConfiguration edu.harvard.h2ms.H2MSRestAppInitializer for test class edu.harvard.h2ms.web.init.OAuthTest
21:07:57.496 [main] DEBUG org.springframework.boot.test.context.SpringBootTestContextBootstrapper - @TestExecutionListeners is not present for class [edu.harvard.h2ms.web.init.OAuthTest]: using defaults.
21:07:57.498 [main] INFO org.springframework.boot.test.context.SpringBootTestContextBootstrapper - Loaded default TestExecutionListener class names from location [META-INF/spring.factories]: [org.springframework.boot.test.mock.mockito.MockitoTestExecutionListener, org.springframework.boot.test.mock.mockito.ResetMocksTestExecutionListener, org.springframework.boot.test.autoconfigure.restdocs.RestDocsTestExecutionListener, org.springframework.boot.test.autoconfigure.web.client.MockRestServiceServerResetTestExecutionListener, org.springframework.boot.test.autoconfigure.web.servlet.MockMvcPrintOnlyOnFailureTestExecutionListener, org.springframework.boot.test.autoconfigure.web.servlet.WebDriverTestExecutionListener, org.springframework.test.context.web.ServletTestExecutionListener, org.springframework.test.context.support.DirtiesContextBeforeModesTestExecutionListener, org.springframework.test.context.support.DependencyInjectionTestExecutionListener, org.springframework.test.context.support.DirtiesContextTestExecutionListener, org.springframework.test.context.transaction.TransactionalTestExecutionListener, org.springframework.test.context.jdbc.SqlScriptsTestExecutionListener, org.springframework.security.test.context.support.WithSecurityContextTestExecutionListener]
21:07:57.500 [main] INFO org.springframework.boot.test.context.SpringBootTestContextBootstrapper - Using TestExecutionListeners: [org.springframework.test.context.web.ServletTestExecutionListener@3012646b, org.springframework.test.context.support.DirtiesContextBeforeModesTestExecutionListener@4a883b15, org.springframework.boot.test.autoconfigure.SpringBootDependencyInjectionTestExecutionListener@25641d39, org.springframework.test.context.support.DirtiesContextTestExecutionListener@7b36aa0c, org.springframework.test.context.transaction.TransactionalTestExecutionListener@5824a83d, org.springframework.test.context.jdbc.SqlScriptsTestExecutionListener@537f60bf, org.springframework.security.test.context.support.WithSecurityContextTestExecutionListener@5677323c, org.springframework.boot.test.mock.mockito.MockitoTestExecutionListener@18df8434, org.springframework.boot.test.mock.mockito.ResetMocksTestExecutionListener@65c7a252, org.springframework.boot.test.autoconfigure.restdocs.RestDocsTestExecutionListener@4d154ccd, org.springframework.boot.test.autoconfigure.web.client.MockRestServiceServerResetTestExecutionListener@229c6181, org.springframework.boot.test.autoconfigure.web.servlet.MockMvcPrintOnlyOnFailureTestExecutionListener@4686afc2, org.springframework.boot.test.autoconfigure.web.servlet.WebDriverTestExecutionListener@1e0b4072]
21:07:57.501 [main] DEBUG org.springframework.test.context.junit4.SpringJUnit4ClassRunner - SpringJUnit4ClassRunner constructor called with [class edu.harvard.h2ms.web.init.H2MSRestAppInitializerTests]
21:07:57.501 [main] DEBUG org.springframework.test.context.BootstrapUtils - Instantiating CacheAwareContextLoaderDelegate from class [org.springframework.test.context.cache.DefaultCacheAwareContextLoaderDelegate]
21:07:57.501 [main] DEBUG org.springframework.test.context.BootstrapUtils - Instantiating BootstrapContext using constructor [public org.springframework.test.context.support.DefaultBootstrapContext(java.lang.Class,org.springframework.test.context.CacheAwareContextLoaderDelegate)]
21:07:57.501 [main] DEBUG org.springframework.test.context.BootstrapUtils - Instantiating TestContextBootstrapper for test class [edu.harvard.h2ms.web.init.H2MSRestAppInitializerTests] from class [org.springframework.boot.test.context.SpringBootTestContextBootstrapper]
21:07:57.502 [main] INFO org.springframework.boot.test.context.SpringBootTestContextBootstrapper - Neither @ContextConfiguration nor @ContextHierarchy found for test class [edu.harvard.h2ms.web.init.H2MSRestAppInitializerTests], using SpringBootContextLoader
21:07:57.502 [main] DEBUG org.springframework.test.context.support.AbstractContextLoader - Did not detect default resource location for test class [edu.harvard.h2ms.web.init.H2MSRestAppInitializerTests]: class path resource [edu/harvard/h2ms/web/init/H2MSRestAppInitializerTests-context.xml] does not exist
21:07:57.503 [main] DEBUG org.springframework.test.context.support.AbstractContextLoader - Did not detect default resource location for test class [edu.harvard.h2ms.web.init.H2MSRestAppInitializerTests]: class path resource [edu/harvard/h2ms/web/init/H2MSRestAppInitializerTestsContext.groovy] does not exist
21:07:57.503 [main] INFO org.springframework.test.context.support.AbstractContextLoader - Could not detect default resource locations for test class [edu.harvard.h2ms.web.init.H2MSRestAppInitializerTests]: no resource found for suffixes {-context.xml, Context.groovy}.
21:07:57.503 [main] INFO org.springframework.test.context.support.AnnotationConfigContextLoaderUtils - Could not detect default configuration classes for test class [edu.harvard.h2ms.web.init.H2MSRestAppInitializerTests]: H2MSRestAppInitializerTests does not declare any static, non-private, non-final, nested classes annotated with @Configuration.
21:07:57.505 [main] DEBUG org.springframework.test.context.support.ActiveProfilesUtils - Could not find an 'annotation declaring class' for annotation type [org.springframework.test.context.ActiveProfiles] and class [edu.harvard.h2ms.web.init.H2MSRestAppInitializerTests]
21:07:57.505 [main] DEBUG org.springframework.core.env.StandardEnvironment - Adding PropertySource 'systemProperties' with lowest search precedence
21:07:57.505 [main] DEBUG org.springframework.core.env.StandardEnvironment - Adding PropertySource 'systemEnvironment' with lowest search precedence
21:07:57.505 [main] DEBUG org.springframework.core.env.StandardEnvironment - Initialized StandardEnvironment with PropertySources [MapPropertySource@42544488 {name='systemProperties', properties={java.runtime.name=OpenJDK Runtime Environment, sun.boot.library.path=/usr/lib/jvm/java-1.8.0-openjdk-1.8.0.161-0.b14.fc27.x86_64/jre/lib/amd64, java.vm.version=25.161-b14, java.vm.vendor=Oracle Corporation, java.vendor.url=http://java.oracle.com/, path.separator=:, java.vm.name=OpenJDK 64-Bit Server VM, file.encoding.pkg=sun.io, user.country=US, sun.java.launcher=SUN_STANDARD, sun.os.patch.level=unknown, java.vm.specification.name=Java Virtual Machine Specification, user.dir=/home/stbenjam/git/h2ms, java.runtime.version=1.8.0_161-b14, basedir=/home/stbenjam/git/h2ms, java.awt.graphicsenv=sun.awt.X11GraphicsEnvironment, java.endorsed.dirs=/usr/lib/jvm/java-1.8.0-openjdk-1.8.0.161-0.b14.fc27.x86_64/jre/lib/endorsed, os.arch=amd64, surefire.real.class.path=/home/stbenjam/git/h2ms/target/surefire/surefirebooter4406525892180618587.jar, java.io.tmpdir=/tmp, line.separator=
, java.vm.specification.vendor=Oracle Corporation, os.name=Linux, sun.jnu.encoding=UTF-8, java.library.path=/usr/java/packages/lib/amd64:/usr/lib64:/lib64:/lib:/usr/lib, surefire.test.class.path=/home/stbenjam/git/h2ms/target/test-classes:/home/stbenjam/git/h2ms/target/classes:/home/stbenjam/.m2/repository/org/springframework/boot/spring-boot-starter-data-rest/1.5.10.RELEASE/spring-boot-starter-data-rest-1.5.10.RELEASE.jar:/home/stbenjam/.m2/repository/org/springframework/boot/spring-boot-starter/1.5.10.RELEASE/spring-boot-starter-1.5.10.RELEASE.jar:/home/stbenjam/.m2/repository/org/springframework/boot/spring-boot/1.5.10.RELEASE/spring-boot-1.5.10.RELEASE.jar:/home/stbenjam/.m2/repository/org/springframework/boot/spring-boot-autoconfigure/1.5.10.RELEASE/spring-boot-autoconfigure-1.5.10.RELEASE.jar:/home/stbenjam/.m2/repository/org/springframework/boot/spring-boot-starter-logging/1.5.10.RELEASE/spring-boot-starter-logging-1.5.10.RELEASE.jar:/home/stbenjam/.m2/repository/ch/qos/logback/logback-classic/1.1.11/logback-classic-1.1.11.jar:/home/stbenjam/.m2/repository/ch/qos/logback/logback-core/1.1.11/logback-core-1.1.11.jar:/home/stbenjam/.m2/repository/org/slf4j/jul-to-slf4j/1.7.25/jul-to-slf4j-1.7.25.jar:/home/stbenjam/.m2/repository/org/slf4j/log4j-over-slf4j/1.7.25/log4j-over-slf4j-1.7.25.jar:/home/stbenjam/.m2/repository/org/yaml/snakeyaml/1.17/snakeyaml-1.17.jar:/home/stbenjam/.m2/repository/com/fasterxml/jackson/core/jackson-annotations/2.8.0/jackson-annotations-2.8.0.jar:/home/stbenjam/.m2/repository/org/springframework/data/spring-data-rest-webmvc/2.6.10.RELEASE/spring-data-rest-webmvc-2.6.10.RELEASE.jar:/home/stbenjam/.m2/repository/org/springframework/data/spring-data-rest-core/2.6.10.RELEASE/spring-data-rest-core-2.6.10.RELEASE.jar:/home/stbenjam/.m2/repository/org/atteo/evo-inflector/1.2.2/evo-inflector-1.2.2.jar:/home/stbenjam/.m2/repository/org/slf4j/jcl-over-slf4j/1.7.25/jcl-over-slf4j-1.7.25.jar:/home/stbenjam/.m2/repository/org/springframework/boot/spring-boot-starter-web/1.5.10.RELEASE/spring-boot-starter-web-1.5.10.RELEASE.jar:/home/stbenjam/.m2/repository/org/springframework/boot/spring-boot-starter-tomcat/1.5.10.RELEASE/spring-boot-starter-tomcat-1.5.10.RELEASE.jar:/home/stbenjam/.m2/repository/org/apache/tomcat/embed/tomcat-embed-core/8.5.27/tomcat-embed-core-8.5.27.jar:/home/stbenjam/.m2/repository/org/apache/tomcat/tomcat-annotations-api/8.5.27/tomcat-annotations-api-8.5.27.jar:/home/stbenjam/.m2/repository/org/apache/tomcat/embed/tomcat-embed-el/8.5.27/tomcat-embed-el-8.5.27.jar:/home/stbenjam/.m2/repository/org/apache/tomcat/embed/tomcat-embed-websocket/8.5.27/tomcat-embed-websocket-8.5.27.jar:/home/stbenjam/.m2/repository/org/hibernate/hibernate-validator/5.3.6.Final/hibernate-validator-5.3.6.Final.jar:/home/stbenjam/.m2/repository/javax/validation/validation-api/1.1.0.Final/validation-api-1.1.0.Final.jar:/home/stbenjam/.m2/repository/org/jboss/logging/jboss-logging/3.3.1.Final/jboss-logging-3.3.1.Final.jar:/home/stbenjam/.m2/repository/org/springframework/spring-web/4.3.14.RELEASE/spring-web-4.3.14.RELEASE.jar:/home/stbenjam/.m2/repository/org/springframework/spring-webmvc/4.3.14.RELEASE/spring-webmvc-4.3.14.RELEASE.jar:/home/stbenjam/.m2/repository/org/springframework/spring-expression/4.3.14.RELEASE/spring-expression-4.3.14.RELEASE.jar:/home/stbenjam/.m2/repository/org/springframework/boot/spring-boot-starter-thymeleaf/1.5.10.RELEASE/spring-boot-starter-thymeleaf-1.5.10.RELEASE.jar:/home/stbenjam/.m2/repository/org/thymeleaf/thymeleaf-spring4/2.1.6.RELEASE/thymeleaf-spring4-2.1.6.RELEASE.jar:/home/stbenjam/.m2/repository/org/thymeleaf/thymeleaf/2.1.6.RELEASE/thymeleaf-2.1.6.RELEASE.jar:/home/stbenjam/.m2/repository/ognl/ognl/3.0.8/ognl-3.0.8.jar:/home/stbenjam/.m2/repository/org/unbescape/unbescape/1.1.0.RELEASE/unbescape-1.1.0.RELEASE.jar:/home/stbenjam/.m2/repository/nz/net/ultraq/thymeleaf/thymeleaf-layout-dialect/1.4.0/thymeleaf-layout-dialect-1.4.0.jar:/home/stbenjam/.m2/repository/org/codehaus/groovy/groovy/2.4.13/groovy-2.4.13.jar:/home/stbenjam/.m2/repository/org/springframework/boot/spring-boot-starter-test/1.5.10.RELEASE/spring-boot-starter-test-1.5.10.RELEASE.jar:/home/stbenjam/.m2/repository/org/springframework/boot/spring-boot-test/1.5.10.RELEASE/spring-boot-test-1.5.10.RELEASE.jar:/home/stbenjam/.m2/repository/org/springframework/boot/spring-boot-test-autoconfigure/1.5.10.RELEASE/spring-boot-test-autoconfigure-1.5.10.RELEASE.jar:/home/stbenjam/.m2/repository/com/jayway/jsonpath/json-path/2.2.0/json-path-2.2.0.jar:/home/stbenjam/.m2/repository/net/minidev/json-smart/2.2.1/json-smart-2.2.1.jar:/home/stbenjam/.m2/repository/net/minidev/accessors-smart/1.1/accessors-smart-1.1.jar:/home/stbenjam/.m2/repository/org/ow2/asm/asm/5.0.3/asm-5.0.3.jar:/home/stbenjam/.m2/repository/junit/junit/4.12/junit-4.12.jar:/home/stbenjam/.m2/repository/org/assertj/assertj-core/2.6.0/assertj-core-2.6.0.jar:/home/stbenjam/.m2/repository/org/mockito/mockito-core/1.10.19/mockito-core-1.10.19.jar:/home/stbenjam/.m2/repository/org/objenesis/objenesis/2.1/objenesis-2.1.jar:/home/stbenjam/.m2/repository/org/hamcrest/hamcrest-core/1.3/hamcrest-core-1.3.jar:/home/stbenjam/.m2/repository/org/hamcrest/hamcrest-library/1.3/hamcrest-library-1.3.jar:/home/stbenjam/.m2/repository/org/skyscreamer/jsonassert/1.4.0/jsonassert-1.4.0.jar:/home/stbenjam/.m2/repository/org/springframework/spring-core/4.3.14.RELEASE/spring-core-4.3.14.RELEASE.jar:/home/stbenjam/.m2/repository/org/springframework/spring-test/4.3.14.RELEASE/spring-test-4.3.14.RELEASE.jar:/home/stbenjam/.m2/repository/org/springframework/restdocs/spring-restdocs-mockmvc/1.1.3.RELEASE/spring-restdocs-mockmvc-1.1.3.RELEASE.jar:/home/stbenjam/.m2/repository/org/springframework/restdocs/spring-restdocs-core/1.1.3.RELEASE/spring-restdocs-core-1.1.3.RELEASE.jar:/home/stbenjam/.m2/repository/javax/servlet/javax.servlet-api/3.1.0/javax.servlet-api-3.1.0.jar:/home/stbenjam/.m2/repository/org/springframework/boot/spring-boot-starter-data-jpa/1.5.10.RELEASE/spring-boot-starter-data-jpa-1.5.10.RELEASE.jar:/home/stbenjam/.m2/repository/org/springframework/boot/spring-boot-starter-aop/1.5.10.RELEASE/spring-boot-starter-aop-1.5.10.RELEASE.jar:/home/stbenjam/.m2/repository/org/aspectj/aspectjweaver/1.8.13/aspectjweaver-1.8.13.jar:/home/stbenjam/.m2/repository/org/springframework/boot/spring-boot-starter-jdbc/1.5.10.RELEASE/spring-boot-starter-jdbc-1.5.10.RELEASE.jar:/home/stbenjam/.m2/repository/org/apache/tomcat/tomcat-jdbc/8.5.27/tomcat-jdbc-8.5.27.jar:/home/stbenjam/.m2/repository/org/apache/tomcat/tomcat-juli/8.5.27/tomcat-juli-8.5.27.jar:/home/stbenjam/.m2/repository/org/springframework/spring-jdbc/4.3.14.RELEASE/spring-jdbc-4.3.14.RELEASE.jar:/home/stbenjam/.m2/repository/org/hibernate/hibernate-core/5.0.12.Final/hibernate-core-5.0.12.Final.jar:/home/stbenjam/.m2/repository/org/hibernate/javax/persistence/hibernate-jpa-2.1-api/1.0.0.Final/hibernate-jpa-2.1-api-1.0.0.Final.jar:/home/stbenjam/.m2/repository/org/javassist/javassist/3.21.0-GA/javassist-3.21.0-GA.jar:/home/stbenjam/.m2/repository/antlr/antlr/2.7.7/antlr-2.7.7.jar:/home/stbenjam/.m2/repository/org/jboss/jandex/2.0.0.Final/jandex-2.0.0.Final.jar:/home/stbenjam/.m2/repository/dom4j/dom4j/1.6.1/dom4j-1.6.1.jar:/home/stbenjam/.m2/repository/org/hibernate/common/hibernate-commons-annotations/5.0.1.Final/hibernate-commons-annotations-5.0.1.Final.jar:/home/stbenjam/.m2/repository/org/hibernate/hibernate-entitymanager/5.0.12.Final/hibernate-entitymanager-5.0.12.Final.jar:/home/stbenjam/.m2/repository/javax/transaction/javax.transaction-api/1.2/javax.transaction-api-1.2.jar:/home/stbenjam/.m2/repository/org/springframework/data/spring-data-jpa/1.11.10.RELEASE/spring-data-jpa-1.11.10.RELEASE.jar:/home/stbenjam/.m2/repository/org/springframework/data/spring-data-commons/1.13.10.RELEASE/spring-data-commons-1.13.10.RELEASE.jar:/home/stbenjam/.m2/repository/org/springframework/spring-orm/4.3.14.RELEASE/spring-orm-4.3.14.RELEASE.jar:/home/stbenjam/.m2/repository/org/springframework/spring-tx/4.3.14.RELEASE/spring-tx-4.3.14.RELEASE.jar:/home/stbenjam/.m2/repository/org/springframework/spring-aspects/4.3.14.RELEASE/spring-aspects-4.3.14.RELEASE.jar:/home/stbenjam/.m2/repository/com/h2database/h2/1.4.196/h2-1.4.196.jar:/home/stbenjam/.m2/repository/org/postgresql/postgresql/9.4-1206-jdbc42/postgresql-9.4-1206-jdbc42.jar:/home/stbenjam/.m2/repository/log4j/log4j/1.2.17/log4j-1.2.17.jar:/home/stbenjam/.m2/repository/com/google/guava/guava/19.0/guava-19.0.jar:/home/stbenjam/.m2/repository/javax/mail/mail/1.4/mail-1.4.jar:/home/stbenjam/.m2/repository/javax/activation/activation/1.1/activation-1.1.jar:/home/stbenjam/.m2/repository/org/springframework/boot/spring-boot-starter-security/1.5.10.RELEASE/spring-boot-starter-security-1.5.10.RELEASE.jar:/home/stbenjam/.m2/repository/org/springframework/spring-aop/4.3.14.RELEASE/spring-aop-4.3.14.RELEASE.jar:/home/stbenjam/.m2/repository/org/springframework/security/spring-security-config/4.2.4.RELEASE/spring-security-config-4.2.4.RELEASE.jar:/home/stbenjam/.m2/repository/org/springframework/security/spring-security-web/4.2.4.RELEASE/spring-security-web-4.2.4.RELEASE.jar:/home/stbenjam/.m2/repository/org/springframework/boot/spring-boot-starter-mail/1.4.3.RELEASE/spring-boot-starter-mail-1.4.3.RELEASE.jar:/home/stbenjam/.m2/repository/org/springframework/spring-context/4.3.14.RELEASE/spring-context-4.3.14.RELEASE.jar:/home/stbenjam/.m2/repository/com/sun/mail/javax.mail/1.5.6/javax.mail-1.5.6.jar:/home/stbenjam/.m2/repository/com/icegreen/greenmail/1.5.5/greenmail-1.5.5.jar:/home/stbenjam/.m2/repository/org/slf4j/slf4j-api/1.7.25/slf4j-api-1.7.25.jar:/home/stbenjam/.m2/repository/org/springframework/security/spring-security-test/4.2.4.RELEASE/spring-security-test-4.2.4.RELEASE.jar:/home/stbenjam/.m2/repository/org/springframework/security/spring-security-core/4.2.4.RELEASE/spring-security-core-4.2.4.RELEASE.jar:/home/stbenjam/.m2/repository/aopalliance/aopalliance/1.0/aopalliance-1.0.jar:/home/stbenjam/.m2/repository/org/springframework/security/oauth/spring-security-oauth2/2.0.14.RELEASE/spring-security-oauth2-2.0.14.RELEASE.jar:/home/stbenjam/.m2/repository/org/springframework/spring-beans/4.3.14.RELEASE/spring-beans-4.3.14.RELEASE.jar:/home/stbenjam/.m2/repository/commons-codec/commons-codec/1.10/commons-codec-1.10.jar:/home/stbenjam/.m2/repository/org/codehaus/jackson/jackson-mapper-asl/1.9.13/jackson-mapper-asl-1.9.13.jar:/home/stbenjam/.m2/repository/org/codehaus/jackson/jackson-core-asl/1.9.13/jackson-core-asl-1.9.13.jar:/home/stbenjam/.m2/repository/io/springfox/springfox-swagger2/2.8.0/springfox-swagger2-2.8.0.jar:/home/stbenjam/.m2/repository/io/swagger/swagger-annotations/1.5.14/swagger-annotations-1.5.14.jar:/home/stbenjam/.m2/repository/io/swagger/swagger-models/1.5.14/swagger-models-1.5.14.jar:/home/stbenjam/.m2/repository/io/springfox/springfox-spi/2.8.0/springfox-spi-2.8.0.jar:/home/stbenjam/.m2/repository/io/springfox/springfox-core/2.8.0/springfox-core-2.8.0.jar:/home/stbenjam/.m2/repository/net/bytebuddy/byte-buddy/1.7.9/byte-buddy-1.7.9.jar:/home/stbenjam/.m2/repository/io/springfox/springfox-schema/2.8.0/springfox-schema-2.8.0.jar:/home/stbenjam/.m2/repository/io/springfox/springfox-swagger-common/2.8.0/springfox-swagger-common-2.8.0.jar:/home/stbenjam/.m2/repository/io/springfox/springfox-spring-web/2.8.0/springfox-spring-web-2.8.0.jar:/home/stbenjam/.m2/repository/org/reflections/reflections/0.9.11/reflections-0.9.11.jar:/home/stbenjam/.m2/repository/com/fasterxml/classmate/1.3.4/classmate-1.3.4.jar:/home/stbenjam/.m2/repository/org/springframework/plugin/spring-plugin-core/1.2.0.RELEASE/spring-plugin-core-1.2.0.RELEASE.jar:/home/stbenjam/.m2/repository/org/springframework/plugin/spring-plugin-metadata/1.2.0.RELEASE/spring-plugin-metadata-1.2.0.RELEASE.jar:/home/stbenjam/.m2/repository/org/mapstruct/mapstruct/1.2.0.Final/mapstruct-1.2.0.Final.jar:/home/stbenjam/.m2/repository/io/springfox/springfox-swagger-ui/2.8.0/springfox-swagger-ui-2.8.0.jar:/home/stbenjam/.m2/repository/io/springfox/springfox-data-rest/2.8.0/springfox-data-rest-2.8.0.jar:/home/stbenjam/.m2/repository/org/springframework/hateoas/spring-hateoas/0.23.0.RELEASE/spring-hateoas-0.23.0.RELEASE.jar:/home/stbenjam/.m2/repository/org/usb4java/usb4java-javax/1.2.0/usb4java-javax-1.2.0.jar:/home/stbenjam/.m2/repository/javax/usb/usb-api/1.0.2/usb-api-1.0.2.jar:/home/stbenjam/.m2/repository/org/apache/commons/commons-lang3/3.2.1/commons-lang3-3.2.1.jar:/home/stbenjam/.m2/repository/org/usb4java/usb4java/1.2.0/usb4java-1.2.0.jar:/home/stbenjam/.m2/repository/org/usb4java/libusb4java/1.2.0/libusb4java-1.2.0-linux-x86.jar:/home/stbenjam/.m2/repository/org/usb4java/libusb4java/1.2.0/libusb4java-1.2.0-linux-x86_64.jar:/home/stbenjam/.m2/repository/org/usb4java/libusb4java/1.2.0/libusb4java-1.2.0-linux-arm.jar:/home/stbenjam/.m2/repository/org/usb4java/libusb4java/1.2.0/libusb4java-1.2.0-windows-x86.jar:/home/stbenjam/.m2/repository/org/usb4java/libusb4java/1.2.0/libusb4java-1.2.0-windows-x86_64.jar:/home/stbenjam/.m2/repository/org/usb4java/libusb4java/1.2.0/libusb4java-1.2.0-osx-x86.jar:/home/stbenjam/.m2/repository/org/usb4java/libusb4java/1.2.0/libusb4java-1.2.0-osx-x86_64.jar:/home/stbenjam/.m2/repository/org/mockito/mockito-all/1.9.5/mockito-all-1.9.5.jar:/home/stbenjam/.m2/repository/com/fasterxml/jackson/core/jackson-databind/2.5.0/jackson-databind-2.5.0.jar:/home/stbenjam/.m2/repository/com/fasterxml/jackson/core/jackson-core/2.8.10/jackson-core-2.8.10.jar:/home/stbenjam/.m2/repository/com/vaadin/external/google/android-json/0.0.20131108.vaadin1/android-json-0.0.20131108.vaadin1.jar:/home/stbenjam/.m2/repository/com/tngtech/java/junit-dataprovider/1.13.1/junit-dataprovider-1.13.1.jar:/home/stbenjam/.m2/repository/org/springframework/spring-context-support/3.2.0.RELEASE/spring-context-support-3.2.0.RELEASE.jar:, java.specification.name=Java Platform API Specification, java.class.version=52.0, sun.management.compiler=HotSpot 64-Bit Tiered Compilers, os.version=4.14.14-300.fc27.x86_64, user.home=/home/stbenjam, user.timezone=America/New_York, java.awt.printerjob=sun.print.PSPrinterJob, file.encoding=UTF-8, java.specification.version=1.8, java.class.path=/home/stbenjam/git/h2ms/target/test-classes:/home/stbenjam/git/h2ms/target/classes:/home/stbenjam/.m2/repository/org/springframework/boot/spring-boot-starter-data-rest/1.5.10.RELEASE/spring-boot-starter-data-rest-1.5.10.RELEASE.jar:/home/stbenjam/.m2/repository/org/springframework/boot/spring-boot-starter/1.5.10.RELEASE/spring-boot-starter-1.5.10.RELEASE.jar:/home/stbenjam/.m2/repository/org/springframework/boot/spring-boot/1.5.10.RELEASE/spring-boot-1.5.10.RELEASE.jar:/home/stbenjam/.m2/repository/org/springframework/boot/spring-boot-autoconfigure/1.5.10.RELEASE/spring-boot-autoconfigure-1.5.10.RELEASE.jar:/home/stbenjam/.m2/repository/org/springframework/boot/spring-boot-starter-logging/1.5.10.RELEASE/spring-boot-starter-logging-1.5.10.RELEASE.jar:/home/stbenjam/.m2/repository/ch/qos/logback/logback-classic/1.1.11/logback-classic-1.1.11.jar:/home/stbenjam/.m2/repository/ch/qos/logback/logback-core/1.1.11/logback-core-1.1.11.jar:/home/stbenjam/.m2/repository/org/slf4j/jul-to-slf4j/1.7.25/jul-to-slf4j-1.7.25.jar:/home/stbenjam/.m2/repository/org/slf4j/log4j-over-slf4j/1.7.25/log4j-over-slf4j-1.7.25.jar:/home/stbenjam/.m2/repository/org/yaml/snakeyaml/1.17/snakeyaml-1.17.jar:/home/stbenjam/.m2/repository/com/fasterxml/jackson/core/jackson-annotations/2.8.0/jackson-annotations-2.8.0.jar:/home/stbenjam/.m2/repository/org/springframework/data/spring-data-rest-webmvc/2.6.10.RELEASE/spring-data-rest-webmvc-2.6.10.RELEASE.jar:/home/stbenjam/.m2/repository/org/springframework/data/spring-data-rest-core/2.6.10.RELEASE/spring-data-rest-core-2.6.10.RELEASE.jar:/home/stbenjam/.m2/repository/org/atteo/evo-inflector/1.2.2/evo-inflector-1.2.2.jar:/home/stbenjam/.m2/repository/org/slf4j/jcl-over-slf4j/1.7.25/jcl-over-slf4j-1.7.25.jar:/home/stbenjam/.m2/repository/org/springframework/boot/spring-boot-starter-web/1.5.10.RELEASE/spring-boot-starter-web-1.5.10.RELEASE.jar:/home/stbenjam/.m2/repository/org/springframework/boot/spring-boot-starter-tomcat/1.5.10.RELEASE/spring-boot-starter-tomcat-1.5.10.RELEASE.jar:/home/stbenjam/.m2/repository/org/apache/tomcat/embed/tomcat-embed-core/8.5.27/tomcat-embed-core-8.5.27.jar:/home/stbenjam/.m2/repository/org/apache/tomcat/tomcat-annotations-api/8.5.27/tomcat-annotations-api-8.5.27.jar:/home/stbenjam/.m2/repository/org/apache/tomcat/embed/tomcat-embed-el/8.5.27/tomcat-embed-el-8.5.27.jar:/home/stbenjam/.m2/repository/org/apache/tomcat/embed/tomcat-embed-websocket/8.5.27/tomcat-embed-websocket-8.5.27.jar:/home/stbenjam/.m2/repository/org/hibernate/hibernate-validator/5.3.6.Final/hibernate-validator-5.3.6.Final.jar:/home/stbenjam/.m2/repository/javax/validation/validation-api/1.1.0.Final/validation-api-1.1.0.Final.jar:/home/stbenjam/.m2/repository/org/jboss/logging/jboss-logging/3.3.1.Final/jboss-logging-3.3.1.Final.jar:/home/stbenjam/.m2/repository/org/springframework/spring-web/4.3.14.RELEASE/spring-web-4.3.14.RELEASE.jar:/home/stbenjam/.m2/repository/org/springframework/spring-webmvc/4.3.14.RELEASE/spring-webmvc-4.3.14.RELEASE.jar:/home/stbenjam/.m2/repository/org/springframework/spring-expression/4.3.14.RELEASE/spring-expression-4.3.14.RELEASE.jar:/home/stbenjam/.m2/repository/org/springframework/boot/spring-boot-starter-thymeleaf/1.5.10.RELEASE/spring-boot-starter-thymeleaf-1.5.10.RELEASE.jar:/home/stbenjam/.m2/repository/org/thymeleaf/thymeleaf-spring4/2.1.6.RELEASE/thymeleaf-spring4-2.1.6.RELEASE.jar:/home/stbenjam/.m2/repository/org/thymeleaf/thymeleaf/2.1.6.RELEASE/thymeleaf-2.1.6.RELEASE.jar:/home/stbenjam/.m2/repository/ognl/ognl/3.0.8/ognl-3.0.8.jar:/home/stbenjam/.m2/repository/org/unbescape/unbescape/1.1.0.RELEASE/unbescape-1.1.0.RELEASE.jar:/home/stbenjam/.m2/repository/nz/net/ultraq/thymeleaf/thymeleaf-layout-dialect/1.4.0/thymeleaf-layout-dialect-1.4.0.jar:/home/stbenjam/.m2/repository/org/codehaus/groovy/groovy/2.4.13/groovy-2.4.13.jar:/home/stbenjam/.m2/repository/org/springframework/boot/spring-boot-starter-test/1.5.10.RELEASE/spring-boot-starter-test-1.5.10.RELEASE.jar:/home/stbenjam/.m2/repository/org/springframework/boot/spring-boot-test/1.5.10.RELEASE/spring-boot-test-1.5.10.RELEASE.jar:/home/stbenjam/.m2/repository/org/springframework/boot/spring-boot-test-autoconfigure/1.5.10.RELEASE/spring-boot-test-autoconfigure-1.5.10.RELEASE.jar:/home/stbenjam/.m2/repository/com/jayway/jsonpath/json-path/2.2.0/json-path-2.2.0.jar:/home/stbenjam/.m2/repository/net/minidev/json-smart/2.2.1/json-smart-2.2.1.jar:/home/stbenjam/.m2/repository/net/minidev/accessors-smart/1.1/accessors-smart-1.1.jar:/home/stbenjam/.m2/repository/org/ow2/asm/asm/5.0.3/asm-5.0.3.jar:/home/stbenjam/.m2/repository/junit/junit/4.12/junit-4.12.jar:/home/stbenjam/.m2/repository/org/assertj/assertj-core/2.6.0/assertj-core-2.6.0.jar:/home/stbenjam/.m2/repository/org/mockito/mockito-core/1.10.19/mockito-core-1.10.19.jar:/home/stbenjam/.m2/repository/org/objenesis/objenesis/2.1/objenesis-2.1.jar:/home/stbenjam/.m2/repository/org/hamcrest/hamcrest-core/1.3/hamcrest-core-1.3.jar:/home/stbenjam/.m2/repository/org/hamcrest/hamcrest-library/1.3/hamcrest-library-1.3.jar:/home/stbenjam/.m2/repository/org/skyscreamer/jsonassert/1.4.0/jsonassert-1.4.0.jar:/home/stbenjam/.m2/repository/org/springframework/spring-core/4.3.14.RELEASE/spring-core-4.3.14.RELEASE.jar:/home/stbenjam/.m2/repository/org/springframework/spring-test/4.3.14.RELEASE/spring-test-4.3.14.RELEASE.jar:/home/stbenjam/.m2/repository/org/springframework/restdocs/spring-restdocs-mockmvc/1.1.3.RELEASE/spring-restdocs-mockmvc-1.1.3.RELEASE.jar:/home/stbenjam/.m2/repository/org/springframework/restdocs/spring-restdocs-core/1.1.3.RELEASE/spring-restdocs-core-1.1.3.RELEASE.jar:/home/stbenjam/.m2/repository/javax/servlet/javax.servlet-api/3.1.0/javax.servlet-api-3.1.0.jar:/home/stbenjam/.m2/repository/org/springframework/boot/spring-boot-starter-data-jpa/1.5.10.RELEASE/spring-boot-starter-data-jpa-1.5.10.RELEASE.jar:/home/stbenjam/.m2/repository/org/springframework/boot/spring-boot-starter-aop/1.5.10.RELEASE/spring-boot-starter-aop-1.5.10.RELEASE.jar:/home/stbenjam/.m2/repository/org/aspectj/aspectjweaver/1.8.13/aspectjweaver-1.8.13.jar:/home/stbenjam/.m2/repository/org/springframework/boot/spring-boot-starter-jdbc/1.5.10.RELEASE/spring-boot-starter-jdbc-1.5.10.RELEASE.jar:/home/stbenjam/.m2/repository/org/apache/tomcat/tomcat-jdbc/8.5.27/tomcat-jdbc-8.5.27.jar:/home/stbenjam/.m2/repository/org/apache/tomcat/tomcat-juli/8.5.27/tomcat-juli-8.5.27.jar:/home/stbenjam/.m2/repository/org/springframework/spring-jdbc/4.3.14.RELEASE/spring-jdbc-4.3.14.RELEASE.jar:/home/stbenjam/.m2/repository/org/hibernate/hibernate-core/5.0.12.Final/hibernate-core-5.0.12.Final.jar:/home/stbenjam/.m2/repository/org/hibernate/javax/persistence/hibernate-jpa-2.1-api/1.0.0.Final/hibernate-jpa-2.1-api-1.0.0.Final.jar:/home/stbenjam/.m2/repository/org/javassist/javassist/3.21.0-GA/javassist-3.21.0-GA.jar:/home/stbenjam/.m2/repository/antlr/antlr/2.7.7/antlr-2.7.7.jar:/home/stbenjam/.m2/repository/org/jboss/jandex/2.0.0.Final/jandex-2.0.0.Final.jar:/home/stbenjam/.m2/repository/dom4j/dom4j/1.6.1/dom4j-1.6.1.jar:/home/stbenjam/.m2/repository/org/hibernate/common/hibernate-commons-annotations/5.0.1.Final/hibernate-commons-annotations-5.0.1.Final.jar:/home/stbenjam/.m2/repository/org/hibernate/hibernate-entitymanager/5.0.12.Final/hibernate-entitymanager-5.0.12.Final.jar:/home/stbenjam/.m2/repository/javax/transaction/javax.transaction-api/1.2/javax.transaction-api-1.2.jar:/home/stbenjam/.m2/repository/org/springframework/data/spring-data-jpa/1.11.10.RELEASE/spring-data-jpa-1.11.10.RELEASE.jar:/home/stbenjam/.m2/repository/org/springframework/data/spring-data-commons/1.13.10.RELEASE/spring-data-commons-1.13.10.RELEASE.jar:/home/stbenjam/.m2/repository/org/springframework/spring-orm/4.3.14.RELEASE/spring-orm-4.3.14.RELEASE.jar:/home/stbenjam/.m2/repository/org/springframework/spring-tx/4.3.14.RELEASE/spring-tx-4.3.14.RELEASE.jar:/home/stbenjam/.m2/repository/org/springframework/spring-aspects/4.3.14.RELEASE/spring-aspects-4.3.14.RELEASE.jar:/home/stbenjam/.m2/repository/com/h2database/h2/1.4.196/h2-1.4.196.jar:/home/stbenjam/.m2/repository/org/postgresql/postgresql/9.4-1206-jdbc42/postgresql-9.4-1206-jdbc42.jar:/home/stbenjam/.m2/repository/log4j/log4j/1.2.17/log4j-1.2.17.jar:/home/stbenjam/.m2/repository/com/google/guava/guava/19.0/guava-19.0.jar:/home/stbenjam/.m2/repository/javax/mail/mail/1.4/mail-1.4.jar:/home/stbenjam/.m2/repository/javax/activation/activation/1.1/activation-1.1.jar:/home/stbenjam/.m2/repository/org/springframework/boot/spring-boot-starter-security/1.5.10.RELEASE/spring-boot-starter-security-1.5.10.RELEASE.jar:/home/stbenjam/.m2/repository/org/springframework/spring-aop/4.3.14.RELEASE/spring-aop-4.3.14.RELEASE.jar:/home/stbenjam/.m2/repository/org/springframework/security/spring-security-config/4.2.4.RELEASE/spring-security-config-4.2.4.RELEASE.jar:/home/stbenjam/.m2/repository/org/springframework/security/spring-security-web/4.2.4.RELEASE/spring-security-web-4.2.4.RELEASE.jar:/home/stbenjam/.m2/repository/org/springframework/boot/spring-boot-starter-mail/1.4.3.RELEASE/spring-boot-starter-mail-1.4.3.RELEASE.jar:/home/stbenjam/.m2/repository/org/springframework/spring-context/4.3.14.RELEASE/spring-context-4.3.14.RELEASE.jar:/home/stbenjam/.m2/repository/com/sun/mail/javax.mail/1.5.6/javax.mail-1.5.6.jar:/home/stbenjam/.m2/repository/com/icegreen/greenmail/1.5.5/greenmail-1.5.5.jar:/home/stbenjam/.m2/repository/org/slf4j/slf4j-api/1.7.25/slf4j-api-1.7.25.jar:/home/stbenjam/.m2/repository/org/springframework/security/spring-security-test/4.2.4.RELEASE/spring-security-test-4.2.4.RELEASE.jar:/home/stbenjam/.m2/repository/org/springframework/security/spring-security-core/4.2.4.RELEASE/spring-security-core-4.2.4.RELEASE.jar:/home/stbenjam/.m2/repository/aopalliance/aopalliance/1.0/aopalliance-1.0.jar:/home/stbenjam/.m2/repository/org/springframework/security/oauth/spring-security-oauth2/2.0.14.RELEASE/spring-security-oauth2-2.0.14.RELEASE.jar:/home/stbenjam/.m2/repository/org/springframework/spring-beans/4.3.14.RELEASE/spring-beans-4.3.14.RELEASE.jar:/home/stbenjam/.m2/repository/commons-codec/commons-codec/1.10/commons-codec-1.10.jar:/home/stbenjam/.m2/repository/org/codehaus/jackson/jackson-mapper-asl/1.9.13/jackson-mapper-asl-1.9.13.jar:/home/stbenjam/.m2/repository/org/codehaus/jackson/jackson-core-asl/1.9.13/jackson-core-asl-1.9.13.jar:/home/stbenjam/.m2/repository/io/springfox/springfox-swagger2/2.8.0/springfox-swagger2-2.8.0.jar:/home/stbenjam/.m2/repository/io/swagger/swagger-annotations/1.5.14/swagger-annotations-1.5.14.jar:/home/stbenjam/.m2/repository/io/swagger/swagger-models/1.5.14/swagger-models-1.5.14.jar:/home/stbenjam/.m2/repository/io/springfox/springfox-spi/2.8.0/springfox-spi-2.8.0.jar:/home/stbenjam/.m2/repository/io/springfox/springfox-core/2.8.0/springfox-core-2.8.0.jar:/home/stbenjam/.m2/repository/net/bytebuddy/byte-buddy/1.7.9/byte-buddy-1.7.9.jar:/home/stbenjam/.m2/repository/io/springfox/springfox-schema/2.8.0/springfox-schema-2.8.0.jar:/home/stbenjam/.m2/repository/io/springfox/springfox-swagger-common/2.8.0/springfox-swagger-common-2.8.0.jar:/home/stbenjam/.m2/repository/io/springfox/springfox-spring-web/2.8.0/springfox-spring-web-2.8.0.jar:/home/stbenjam/.m2/repository/org/reflections/reflections/0.9.11/reflections-0.9.11.jar:/home/stbenjam/.m2/repository/com/fasterxml/classmate/1.3.4/classmate-1.3.4.jar:/home/stbenjam/.m2/repository/org/springframework/plugin/spring-plugin-core/1.2.0.RELEASE/spring-plugin-core-1.2.0.RELEASE.jar:/home/stbenjam/.m2/repository/org/springframework/plugin/spring-plugin-metadata/1.2.0.RELEASE/spring-plugin-metadata-1.2.0.RELEASE.jar:/home/stbenjam/.m2/repository/org/mapstruct/mapstruct/1.2.0.Final/mapstruct-1.2.0.Final.jar:/home/stbenjam/.m2/repository/io/springfox/springfox-swagger-ui/2.8.0/springfox-swagger-ui-2.8.0.jar:/home/stbenjam/.m2/repository/io/springfox/springfox-data-rest/2.8.0/springfox-data-rest-2.8.0.jar:/home/stbenjam/.m2/repository/org/springframework/hateoas/spring-hateoas/0.23.0.RELEASE/spring-hateoas-0.23.0.RELEASE.jar:/home/stbenjam/.m2/repository/org/usb4java/usb4java-javax/1.2.0/usb4java-javax-1.2.0.jar:/home/stbenjam/.m2/repository/javax/usb/usb-api/1.0.2/usb-api-1.0.2.jar:/home/stbenjam/.m2/repository/org/apache/commons/commons-lang3/3.2.1/commons-lang3-3.2.1.jar:/home/stbenjam/.m2/repository/org/usb4java/usb4java/1.2.0/usb4java-1.2.0.jar:/home/stbenjam/.m2/repository/org/usb4java/libusb4java/1.2.0/libusb4java-1.2.0-linux-x86.jar:/home/stbenjam/.m2/repository/org/usb4java/libusb4java/1.2.0/libusb4java-1.2.0-linux-x86_64.jar:/home/stbenjam/.m2/repository/org/usb4java/libusb4java/1.2.0/libusb4java-1.2.0-linux-arm.jar:/home/stbenjam/.m2/repository/org/usb4java/libusb4java/1.2.0/libusb4java-1.2.0-windows-x86.jar:/home/stbenjam/.m2/repository/org/usb4java/libusb4java/1.2.0/libusb4java-1.2.0-windows-x86_64.jar:/home/stbenjam/.m2/repository/org/usb4java/libusb4java/1.2.0/libusb4java-1.2.0-osx-x86.jar:/home/stbenjam/.m2/repository/org/usb4java/libusb4java/1.2.0/libusb4java-1.2.0-osx-x86_64.jar:/home/stbenjam/.m2/repository/org/mockito/mockito-all/1.9.5/mockito-all-1.9.5.jar:/home/stbenjam/.m2/repository/com/fasterxml/jackson/core/jackson-databind/2.5.0/jackson-databind-2.5.0.jar:/home/stbenjam/.m2/repository/com/fasterxml/jackson/core/jackson-core/2.8.10/jackson-core-2.8.10.jar:/home/stbenjam/.m2/repository/com/vaadin/external/google/android-json/0.0.20131108.vaadin1/android-json-0.0.20131108.vaadin1.jar:/home/stbenjam/.m2/repository/com/tngtech/java/junit-dataprovider/1.13.1/junit-dataprovider-1.13.1.jar:/home/stbenjam/.m2/repository/org/springframework/spring-context-support/3.2.0.RELEASE/spring-context-support-3.2.0.RELEASE.jar:, user.name=stbenjam, java.vm.specification.version=1.8, sun.java.command=/home/stbenjam/git/h2ms/target/surefire/surefirebooter4406525892180618587.jar /home/stbenjam/git/h2ms/target/surefire/surefire6178053267997541662tmp /home/stbenjam/git/h2ms/target/surefire/surefire_03387072603084303265tmp, java.home=/usr/lib/jvm/java-1.8.0-openjdk-1.8.0.161-0.b14.fc27.x86_64/jre, sun.arch.data.model=64, user.language=en, java.specification.vendor=Oracle Corporation, awt.toolkit=sun.awt.X11.XToolkit, java.vm.info=mixed mode, java.version=1.8.0_161, java.ext.dirs=/usr/lib/jvm/java-1.8.0-openjdk-1.8.0.161-0.b14.fc27.x86_64/jre/lib/ext:/usr/java/packages/lib/ext, sun.boot.class.path=/usr/lib/jvm/java-1.8.0-openjdk-1.8.0.161-0.b14.fc27.x86_64/jre/lib/resources.jar:/usr/lib/jvm/java-1.8.0-openjdk-1.8.0.161-0.b14.fc27.x86_64/jre/lib/rt.jar:/usr/lib/jvm/java-1.8.0-openjdk-1.8.0.161-0.b14.fc27.x86_64/jre/lib/sunrsasign.jar:/usr/lib/jvm/java-1.8.0-openjdk-1.8.0.161-0.b14.fc27.x86_64/jre/lib/jsse.jar:/usr/lib/jvm/java-1.8.0-openjdk-1.8.0.161-0.b14.fc27.x86_64/jre/lib/jce.jar:/usr/lib/jvm/java-1.8.0-openjdk-1.8.0.161-0.b14.fc27.x86_64/jre/lib/charsets.jar:/usr/lib/jvm/java-1.8.0-openjdk-1.8.0.161-0.b14.fc27.x86_64/jre/lib/jfr.jar:/usr/lib/jvm/java-1.8.0-openjdk-1.8.0.161-0.b14.fc27.x86_64/jre/classes, java.vendor=Oracle Corporation, localRepository=/home/stbenjam/.m2/repository, file.separator=/, java.vendor.url.bug=http://bugreport.sun.com/bugreport/, sun.io.unicode.encoding=UnicodeLittle, sun.cpu.endian=little, sun.desktop=gnome, sun.cpu.isalist=}}, SystemEnvironmentPropertySource@1522095831 {name='systemEnvironment', properties={IRBRC=/home/stbenjam/.rvm/rubies/ruby-2.3.3/.irbrc, PATH=/home/stbenjam/.rvm/gems/ruby-2.3.3/bin:/home/stbenjam/.rvm/gems/ruby-2.3.3@global/bin:/home/stbenjam/.rvm/rubies/ruby-2.3.3/bin:/usr/local/bin:/usr/bin:/bin:/usr/local/sbin:/usr/sbin:/home/stbenjam/.local/bin:/home/stbenjam/bin:/home/stbenjam/.rvm/bin, rvm_silent_flag=, HISTCONTROL=ignoredups, XMODIFIERS=@im=ibus, GDMSESSION=gnome-xorg, rvm_quiet_flag=, GUESTFISH_RESTORE=\e[0m, DBUS_SESSION_BUS_ADDRESS=unix:path=/run/user/1000/bus,guid=0ff0c73f492cc1dc3846ae835aac7cd0, COLORTERM=truecolor, rvm_ruby_make_install=, rvm_niceness=, SESSION_MANAGER=local/unix:@/tmp/.ICE-unix/1818,unix/unix:/tmp/.ICE-unix/1818, USERNAME=stbenjam, rvm_version=1.29.1 (latest), PWD=/home/stbenjam/git/h2ms, MANAGERPID=1759, LESSOPEN=||/usr/bin/lesspipe.sh %s, PAGER=less, QTINC=/usr/lib64/qt-3.3/include, rvm_hook=, rvm_wrapper_name=, MY_RUBY_HOME=/home/stbenjam/.rvm/rubies/ruby-2.3.3, rvm_nightly_flag=, ZSH=/home/stbenjam/.oh-my-zsh, rvm_path=/home/stbenjam/.rvm, GUESTFISH_INIT=\e[1;34m, GNOME_DESKTOP_SESSION_ID=this-is-deprecated, SYSTEMD_NSS_BYPASS_BUS=1, DBUS_STARTER_ADDRESS=unix:path=/run/user/1000/bus,guid=0ff0c73f492cc1dc3846ae835aac7cd0, LC_CTYPE=en_US.UTF-8, SHLVL=2, LOADEDMODULES=, HISTSIZE=10000, JAVA_HOME=/usr/lib/jvm/java-1.8.0-openjdk-1.8.0.161-0.b14.fc27.x86_64, TERM=xterm-256color, XDG_SESSION_ID=2, rvm_script_name=, rvm_ruby_make=, rvm_docs_type=, _=/usr/lib/jvm/java-1.8.0-openjdk-1.8.0.161-0.b14.fc27.x86_64/jre/bin/java, MAVEN_PROJECTBASEDIR=/home/stbenjam/git/h2ms, DESKTOP_SESSION=gnome-xorg, XDG_MENU_PREFIX=gnome-, VTE_VERSION=5002, rvm_alias_expanded=, rvm_ruby_bits=, GEM_PATH=/home/stbenjam/.rvm/gems/ruby-2.3.3:/home/stbenjam/.rvm/gems/ruby-2.3.3@global, TILIX_ID=df6230d2-2679-42ab-bd7f-667d05988153, XAUTHORITY=/run/user/1000/gdm/Xauthority, INVOCATION_ID=2a8a59bd24d3424f8a519125eeaea755, XDG_DATA_DIRS=/home/stbenjam/.local/share/flatpak/exports/share/:/var/lib/flatpak/exports/share/:/usr/local/share/:/usr/share/, MODULEPATH=/etc/scl/modulefiles:/etc/scl/modulefiles:/usr/share/Modules/modulefiles:/etc/modulefiles:/usr/share/modulefiles, rvm_bin_flag=, VAGRANT_DEFAULT_PROVIDER=libvirt, XDG_CURRENT_DESKTOP=GNOME, JOURNAL_STREAM=9:35277, MAIL=/var/spool/mail/stbenjam, rvm_ruby_mode=, LOGNAME=stbenjam, rvm_proxy=, SHELL=/bin/zsh, rvm_sdk=, OLDPWD=/home/stbenjam/git/h2ms, GEM_HOME=/home/stbenjam/.rvm/gems/ruby-2.3.3, rvm_use_flag=, GIT=/bin/git, RUBY_VERSION=ruby-2.3.3, _system_name=Fedora, LESS=-R, XDG_SESSION_DESKTOP=gnome-xorg, LS_COLORS=rs=0:di=38;5;33:ln=38;5;51:mh=00:pi=40;38;5;11:so=38;5;13:do=38;5;5:bd=48;5;232;38;5;11:cd=48;5;232;38;5;3:or=48;5;232;38;5;9:mi=01;05;37;41:su=48;5;196;38;5;15:sg=48;5;11;38;5;16:ca=48;5;196;38;5;226:tw=48;5;10;38;5;16:ow=48;5;10;38;5;21:st=48;5;21;38;5;15:ex=38;5;40:*.tar=38;5;9:*.tgz=38;5;9:*.arc=38;5;9:*.arj=38;5;9:*.taz=38;5;9:*.lha=38;5;9:*.lz4=38;5;9:*.lzh=38;5;9:*.lzma=38;5;9:*.tlz=38;5;9:*.txz=38;5;9:*.tzo=38;5;9:*.t7z=38;5;9:*.zip=38;5;9:*.z=38;5;9:*.Z=38;5;9:*.dz=38;5;9:*.gz=38;5;9:*.lrz=38;5;9:*.lz=38;5;9:*.lzo=38;5;9:*.xz=38;5;9:*.zst=38;5;9:*.tzst=38;5;9:*.bz2=38;5;9:*.bz=38;5;9:*.tbz=38;5;9:*.tbz2=38;5;9:*.tz=38;5;9:*.deb=38;5;9:*.rpm=38;5;9:*.jar=38;5;9:*.war=38;5;9:*.ear=38;5;9:*.sar=38;5;9:*.rar=38;5;9:*.alz=38;5;9:*.ace=38;5;9:*.zoo=38;5;9:*.cpio=38;5;9:*.7z=38;5;9:*.rz=38;5;9:*.cab=38;5;9:*.wim=38;5;9:*.swm=38;5;9:*.dwm=38;5;9:*.esd=38;5;9:*.jpg=38;5;13:*.jpeg=38;5;13:*.mjpg=38;5;13:*.mjpeg=38;5;13:*.gif=38;5;13:*.bmp=38;5;13:*.pbm=38;5;13:*.pgm=38;5;13:*.ppm=38;5;13:*.tga=38;5;13:*.xbm=38;5;13:*.xpm=38;5;13:*.tif=38;5;13:*.tiff=38;5;13:*.png=38;5;13:*.svg=38;5;13:*.svgz=38;5;13:*.mng=38;5;13:*.pcx=38;5;13:*.mov=38;5;13:*.mpg=38;5;13:*.mpeg=38;5;13:*.m2v=38;5;13:*.mkv=38;5;13:*.webm=38;5;13:*.ogm=38;5;13:*.mp4=38;5;13:*.m4v=38;5;13:*.mp4v=38;5;13:*.vob=38;5;13:*.qt=38;5;13:*.nuv=38;5;13:*.wmv=38;5;13:*.asf=38;5;13:*.rm=38;5;13:*.rmvb=38;5;13:*.flc=38;5;13:*.avi=38;5;13:*.fli=38;5;13:*.flv=38;5;13:*.gl=38;5;13:*.dl=38;5;13:*.xcf=38;5;13:*.xwd=38;5;13:*.yuv=38;5;13:*.cgm=38;5;13:*.emf=38;5;13:*.ogv=38;5;13:*.ogx=38;5;13:*.aac=38;5;45:*.au=38;5;45:*.flac=38;5;45:*.m4a=38;5;45:*.mid=38;5;45:*.midi=38;5;45:*.mka=38;5;45:*.mp3=38;5;45:*.mpc=38;5;45:*.ogg=38;5;45:*.ra=38;5;45:*.wav=38;5;45:*.oga=38;5;45:*.opus=38;5;45:*.spx=38;5;45:*.xspf=38;5;45:, rvm_gemstone_package_file=, _system_arch=x86_64, rvm_bin_path=/home/stbenjam/.rvm/bin, QT_IM_MODULE=ibus, rvm_only_path_flag=, rvm_prefix=/home/stbenjam, LANG=en_US.UTF-8, XDG_SESSION_TYPE=x11, DISPLAY=:0, rvm_gemstone_url=, GDM_LANG=en_US.UTF-8, GUESTFISH_PS1=\[\e[1;32m\]><fs>\[\e[0;31m\] , LSCOLORS=Gxfxcxdxbxegedabagacad, _system_type=Linux, _system_version=27, GPG_TTY=/dev/pts/1, USER=stbenjam, rvm_ruby_file=, WINDOWPATH=2, XDG_SEAT=seat0, SSH_AUTH_SOCK=/run/user/1000/keyring/ssh, EDITOR=vim, HOSTNAME=ancient.bitbin.de, MODULESHOME=/usr/share/Modules, QTDIR=/usr/lib64/qt-3.3, XDG_RUNTIME_DIR=/run/user/1000, XDG_VTNR=2, GUESTFISH_OUTPUT=\e[0m, DBUS_STARTER_BUS_TYPE=session, QTLIB=/usr/lib64/qt-3.3/lib, HOME=/home/stbenjam}}]
21:07:57.505 [main] INFO org.springframework.boot.test.context.SpringBootTestContextBootstrapper - Found @SpringBootConfiguration edu.harvard.h2ms.H2MSRestAppInitializer for test class edu.harvard.h2ms.web.init.H2MSRestAppInitializerTests
21:07:57.507 [main] DEBUG org.springframework.boot.test.context.SpringBootTestContextBootstrapper - @TestExecutionListeners is not present for class [edu.harvard.h2ms.web.init.H2MSRestAppInitializerTests]: using defaults.
21:07:57.509 [main] INFO org.springframework.boot.test.context.SpringBootTestContextBootstrapper - Loaded default TestExecutionListener class names from location [META-INF/spring.factories]: [org.springframework.boot.test.mock.mockito.MockitoTestExecutionListener, org.springframework.boot.test.mock.mockito.ResetMocksTestExecutionListener, org.springframework.boot.test.autoconfigure.restdocs.RestDocsTestExecutionListener, org.springframework.boot.test.autoconfigure.web.client.MockRestServiceServerResetTestExecutionListener, org.springframework.boot.test.autoconfigure.web.servlet.MockMvcPrintOnlyOnFailureTestExecutionListener, org.springframework.boot.test.autoconfigure.web.servlet.WebDriverTestExecutionListener, org.springframework.test.context.web.ServletTestExecutionListener, org.springframework.test.context.support.DirtiesContextBeforeModesTestExecutionListener, org.springframework.test.context.support.DependencyInjectionTestExecutionListener, org.springframework.test.context.support.DirtiesContextTestExecutionListener, org.springframework.test.context.transaction.TransactionalTestExecutionListener, org.springframework.test.context.jdbc.SqlScriptsTestExecutionListener, org.springframework.security.test.context.support.WithSecurityContextTestExecutionListener]
21:07:57.523 [main] INFO org.springframework.boot.test.context.SpringBootTestContextBootstrapper - Using TestExecutionListeners: [org.springframework.test.context.web.ServletTestExecutionListener@7ef82753, org.springframework.test.context.support.DirtiesContextBeforeModesTestExecutionListener@3b0fe47a, org.springframework.boot.test.autoconfigure.SpringBootDependencyInjectionTestExecutionListener@202b0582, org.springframework.test.context.support.DirtiesContextTestExecutionListener@235ecd9f, org.springframework.test.context.transaction.TransactionalTestExecutionListener@1ca3b418, org.springframework.test.context.jdbc.SqlScriptsTestExecutionListener@58cbafc2, org.springframework.security.test.context.support.WithSecurityContextTestExecutionListener@2034b64c, org.springframework.boot.test.mock.mockito.MockitoTestExecutionListener@75d3a5e0, org.springframework.boot.test.mock.mockito.ResetMocksTestExecutionListener@74d1dc36, org.springframework.boot.test.autoconfigure.restdocs.RestDocsTestExecutionListener@7161d8d1, org.springframework.boot.test.autoconfigure.web.client.MockRestServiceServerResetTestExecutionListener@74e28667, org.springframework.boot.test.autoconfigure.web.servlet.MockMvcPrintOnlyOnFailureTestExecutionListener@1cf6d1be, org.springframework.boot.test.autoconfigure.web.servlet.WebDriverTestExecutionListener@663c9e7a]
21:07:57.547 [main] DEBUG org.springframework.test.annotation.ProfileValueUtils - Retrieved @ProfileValueSourceConfiguration [null] for test class [edu.harvard.h2ms.service.LocationServiceTests]
21:07:57.549 [main] DEBUG org.springframework.test.annotation.ProfileValueUtils - Retrieved ProfileValueSource type [class org.springframework.test.annotation.SystemProfileValueSource] for class [edu.harvard.h2ms.service.LocationServiceTests]
21:07:57.550 [main] DEBUG org.springframework.test.annotation.ProfileValueUtils - Retrieved @ProfileValueSourceConfiguration [null] for test class [edu.harvard.h2ms.service.UserDetailsServiceTest]
21:07:57.552 [main] DEBUG org.springframework.test.annotation.ProfileValueUtils - Retrieved ProfileValueSource type [class org.springframework.test.annotation.SystemProfileValueSource] for class [edu.harvard.h2ms.service.UserDetailsServiceTest]
21:07:57.554 [main] DEBUG org.springframework.test.annotation.ProfileValueUtils - Retrieved @ProfileValueSourceConfiguration [null] for test class [edu.harvard.h2ms.domain.core.UserTest]
21:07:57.554 [main] DEBUG org.springframework.test.annotation.ProfileValueUtils - Retrieved ProfileValueSource type [class org.springframework.test.annotation.SystemProfileValueSource] for class [edu.harvard.h2ms.domain.core.UserTest]
21:07:57.555 [main] DEBUG org.springframework.test.annotation.ProfileValueUtils - Retrieved @ProfileValueSourceConfiguration [null] for test class [edu.harvard.h2ms.controllers.EventControllerTests]
21:07:57.555 [main] DEBUG org.springframework.test.annotation.ProfileValueUtils - Retrieved ProfileValueSource type [class org.springframework.test.annotation.SystemProfileValueSource] for class [edu.harvard.h2ms.controllers.EventControllerTests]
21:07:57.555 [main] DEBUG org.springframework.test.annotation.ProfileValueUtils - Retrieved @ProfileValueSourceConfiguration [null] for test class [edu.harvard.h2ms.controllers.UserControllerTests]
21:07:57.555 [main] DEBUG org.springframework.test.annotation.ProfileValueUtils - Retrieved ProfileValueSource type [class org.springframework.test.annotation.SystemProfileValueSource] for class [edu.harvard.h2ms.controllers.UserControllerTests]
21:07:57.555 [main] DEBUG org.springframework.test.annotation.ProfileValueUtils - Retrieved @ProfileValueSourceConfiguration [null] for test class [edu.harvard.h2ms.controllers.LocationControllerTests]
21:07:57.556 [main] DEBUG org.springframework.test.annotation.ProfileValueUtils - Retrieved ProfileValueSource type [class org.springframework.test.annotation.SystemProfileValueSource] for class [edu.harvard.h2ms.controllers.LocationControllerTests]
21:07:57.556 [main] DEBUG org.springframework.test.annotation.ProfileValueUtils - Retrieved @ProfileValueSourceConfiguration [null] for test class [edu.harvard.h2ms.web.init.OAuthTest]
21:07:57.557 [main] DEBUG org.springframework.test.annotation.ProfileValueUtils - Retrieved ProfileValueSource type [class org.springframework.test.annotation.SystemProfileValueSource] for class [edu.harvard.h2ms.web.init.OAuthTest]
21:07:57.558 [main] DEBUG org.springframework.test.annotation.ProfileValueUtils - Retrieved @ProfileValueSourceConfiguration [null] for test class [edu.harvard.h2ms.web.init.H2MSRestAppInitializerTests]
21:07:57.559 [main] DEBUG org.springframework.test.annotation.ProfileValueUtils - Retrieved ProfileValueSource type [class org.springframework.test.annotation.SystemProfileValueSource] for class [edu.harvard.h2ms.web.init.H2MSRestAppInitializerTests]
Running edu.harvard.h2ms.service.LocationServiceTests
21:07:57.592 [main] DEBUG org.springframework.test.context.junit4.SpringJUnit4ClassRunner - SpringJUnit4ClassRunner constructor called with [class edu.harvard.h2ms.service.LocationServiceTests]
21:07:57.593 [main] DEBUG org.springframework.test.context.BootstrapUtils - Instantiating CacheAwareContextLoaderDelegate from class [org.springframework.test.context.cache.DefaultCacheAwareContextLoaderDelegate]
21:07:57.594 [main] DEBUG org.springframework.test.context.BootstrapUtils - Instantiating BootstrapContext using constructor [public org.springframework.test.context.support.DefaultBootstrapContext(java.lang.Class,org.springframework.test.context.CacheAwareContextLoaderDelegate)]
21:07:57.596 [main] DEBUG org.springframework.test.context.BootstrapUtils - Instantiating TestContextBootstrapper for test class [edu.harvard.h2ms.service.LocationServiceTests] from class [org.springframework.boot.test.context.SpringBootTestContextBootstrapper]
21:07:57.598 [main] INFO org.springframework.boot.test.context.SpringBootTestContextBootstrapper - Neither @ContextConfiguration nor @ContextHierarchy found for test class [edu.harvard.h2ms.service.LocationServiceTests], using SpringBootContextLoader
21:07:57.599 [main] DEBUG org.springframework.test.context.support.AbstractContextLoader - Did not detect default resource location for test class [edu.harvard.h2ms.service.LocationServiceTests]: class path resource [edu/harvard/h2ms/service/LocationServiceTests-context.xml] does not exist
21:07:57.601 [main] DEBUG org.springframework.test.context.support.AbstractContextLoader - Did not detect default resource location for test class [edu.harvard.h2ms.service.LocationServiceTests]: class path resource [edu/harvard/h2ms/service/LocationServiceTestsContext.groovy] does not exist
21:07:57.602 [main] INFO org.springframework.test.context.support.AbstractContextLoader - Could not detect default resource locations for test class [edu.harvard.h2ms.service.LocationServiceTests]: no resource found for suffixes {-context.xml, Context.groovy}.
21:07:57.603 [main] INFO org.springframework.test.context.support.AnnotationConfigContextLoaderUtils - Could not detect default configuration classes for test class [edu.harvard.h2ms.service.LocationServiceTests]: LocationServiceTests does not declare any static, non-private, non-final, nested classes annotated with @Configuration.
21:07:57.632 [main] DEBUG org.springframework.test.context.support.ActiveProfilesUtils - Could not find an 'annotation declaring class' for annotation type [org.springframework.test.context.ActiveProfiles] and class [edu.harvard.h2ms.service.LocationServiceTests]
21:07:57.633 [main] DEBUG org.springframework.core.env.StandardEnvironment - Adding PropertySource 'systemProperties' with lowest search precedence
21:07:57.633 [main] DEBUG org.springframework.core.env.StandardEnvironment - Adding PropertySource 'systemEnvironment' with lowest search precedence
21:07:57.633 [main] DEBUG org.springframework.core.env.StandardEnvironment - Initialized StandardEnvironment with PropertySources [MapPropertySource@884860061 {name='systemProperties', properties={java.runtime.name=OpenJDK Runtime Environment, sun.boot.library.path=/usr/lib/jvm/java-1.8.0-openjdk-1.8.0.161-0.b14.fc27.x86_64/jre/lib/amd64, java.vm.version=25.161-b14, java.vm.vendor=Oracle Corporation, java.vendor.url=http://java.oracle.com/, path.separator=:, java.vm.name=OpenJDK 64-Bit Server VM, file.encoding.pkg=sun.io, user.country=US, sun.java.launcher=SUN_STANDARD, sun.os.patch.level=unknown, java.vm.specification.name=Java Virtual Machine Specification, user.dir=/home/stbenjam/git/h2ms, java.runtime.version=1.8.0_161-b14, basedir=/home/stbenjam/git/h2ms, java.awt.graphicsenv=sun.awt.X11GraphicsEnvironment, java.endorsed.dirs=/usr/lib/jvm/java-1.8.0-openjdk-1.8.0.161-0.b14.fc27.x86_64/jre/lib/endorsed, os.arch=amd64, surefire.real.class.path=/home/stbenjam/git/h2ms/target/surefire/surefirebooter4406525892180618587.jar, java.io.tmpdir=/tmp, line.separator=
, java.vm.specification.vendor=Oracle Corporation, os.name=Linux, sun.jnu.encoding=UTF-8, java.library.path=/usr/java/packages/lib/amd64:/usr/lib64:/lib64:/lib:/usr/lib, surefire.test.class.path=/home/stbenjam/git/h2ms/target/test-classes:/home/stbenjam/git/h2ms/target/classes:/home/stbenjam/.m2/repository/org/springframework/boot/spring-boot-starter-data-rest/1.5.10.RELEASE/spring-boot-starter-data-rest-1.5.10.RELEASE.jar:/home/stbenjam/.m2/repository/org/springframework/boot/spring-boot-starter/1.5.10.RELEASE/spring-boot-starter-1.5.10.RELEASE.jar:/home/stbenjam/.m2/repository/org/springframework/boot/spring-boot/1.5.10.RELEASE/spring-boot-1.5.10.RELEASE.jar:/home/stbenjam/.m2/repository/org/springframework/boot/spring-boot-autoconfigure/1.5.10.RELEASE/spring-boot-autoconfigure-1.5.10.RELEASE.jar:/home/stbenjam/.m2/repository/org/springframework/boot/spring-boot-starter-logging/1.5.10.RELEASE/spring-boot-starter-logging-1.5.10.RELEASE.jar:/home/stbenjam/.m2/repository/ch/qos/logback/logback-classic/1.1.11/logback-classic-1.1.11.jar:/home/stbenjam/.m2/repository/ch/qos/logback/logback-core/1.1.11/logback-core-1.1.11.jar:/home/stbenjam/.m2/repository/org/slf4j/jul-to-slf4j/1.7.25/jul-to-slf4j-1.7.25.jar:/home/stbenjam/.m2/repository/org/slf4j/log4j-over-slf4j/1.7.25/log4j-over-slf4j-1.7.25.jar:/home/stbenjam/.m2/repository/org/yaml/snakeyaml/1.17/snakeyaml-1.17.jar:/home/stbenjam/.m2/repository/com/fasterxml/jackson/core/jackson-annotations/2.8.0/jackson-annotations-2.8.0.jar:/home/stbenjam/.m2/repository/org/springframework/data/spring-data-rest-webmvc/2.6.10.RELEASE/spring-data-rest-webmvc-2.6.10.RELEASE.jar:/home/stbenjam/.m2/repository/org/springframework/data/spring-data-rest-core/2.6.10.RELEASE/spring-data-rest-core-2.6.10.RELEASE.jar:/home/stbenjam/.m2/repository/org/atteo/evo-inflector/1.2.2/evo-inflector-1.2.2.jar:/home/stbenjam/.m2/repository/org/slf4j/jcl-over-slf4j/1.7.25/jcl-over-slf4j-1.7.25.jar:/home/stbenjam/.m2/repository/org/springframework/boot/spring-boot-starter-web/1.5.10.RELEASE/spring-boot-starter-web-1.5.10.RELEASE.jar:/home/stbenjam/.m2/repository/org/springframework/boot/spring-boot-starter-tomcat/1.5.10.RELEASE/spring-boot-starter-tomcat-1.5.10.RELEASE.jar:/home/stbenjam/.m2/repository/org/apache/tomcat/embed/tomcat-embed-core/8.5.27/tomcat-embed-core-8.5.27.jar:/home/stbenjam/.m2/repository/org/apache/tomcat/tomcat-annotations-api/8.5.27/tomcat-annotations-api-8.5.27.jar:/home/stbenjam/.m2/repository/org/apache/tomcat/embed/tomcat-embed-el/8.5.27/tomcat-embed-el-8.5.27.jar:/home/stbenjam/.m2/repository/org/apache/tomcat/embed/tomcat-embed-websocket/8.5.27/tomcat-embed-websocket-8.5.27.jar:/home/stbenjam/.m2/repository/org/hibernate/hibernate-validator/5.3.6.Final/hibernate-validator-5.3.6.Final.jar:/home/stbenjam/.m2/repository/javax/validation/validation-api/1.1.0.Final/validation-api-1.1.0.Final.jar:/home/stbenjam/.m2/repository/org/jboss/logging/jboss-logging/3.3.1.Final/jboss-logging-3.3.1.Final.jar:/home/stbenjam/.m2/repository/org/springframework/spring-web/4.3.14.RELEASE/spring-web-4.3.14.RELEASE.jar:/home/stbenjam/.m2/repository/org/springframework/spring-webmvc/4.3.14.RELEASE/spring-webmvc-4.3.14.RELEASE.jar:/home/stbenjam/.m2/repository/org/springframework/spring-expression/4.3.14.RELEASE/spring-expression-4.3.14.RELEASE.jar:/home/stbenjam/.m2/repository/org/springframework/boot/spring-boot-starter-thymeleaf/1.5.10.RELEASE/spring-boot-starter-thymeleaf-1.5.10.RELEASE.jar:/home/stbenjam/.m2/repository/org/thymeleaf/thymeleaf-spring4/2.1.6.RELEASE/thymeleaf-spring4-2.1.6.RELEASE.jar:/home/stbenjam/.m2/repository/org/thymeleaf/thymeleaf/2.1.6.RELEASE/thymeleaf-2.1.6.RELEASE.jar:/home/stbenjam/.m2/repository/ognl/ognl/3.0.8/ognl-3.0.8.jar:/home/stbenjam/.m2/repository/org/unbescape/unbescape/1.1.0.RELEASE/unbescape-1.1.0.RELEASE.jar:/home/stbenjam/.m2/repository/nz/net/ultraq/thymeleaf/thymeleaf-layout-dialect/1.4.0/thymeleaf-layout-dialect-1.4.0.jar:/home/stbenjam/.m2/repository/org/codehaus/groovy/groovy/2.4.13/groovy-2.4.13.jar:/home/stbenjam/.m2/repository/org/springframework/boot/spring-boot-starter-test/1.5.10.RELEASE/spring-boot-starter-test-1.5.10.RELEASE.jar:/home/stbenjam/.m2/repository/org/springframework/boot/spring-boot-test/1.5.10.RELEASE/spring-boot-test-1.5.10.RELEASE.jar:/home/stbenjam/.m2/repository/org/springframework/boot/spring-boot-test-autoconfigure/1.5.10.RELEASE/spring-boot-test-autoconfigure-1.5.10.RELEASE.jar:/home/stbenjam/.m2/repository/com/jayway/jsonpath/json-path/2.2.0/json-path-2.2.0.jar:/home/stbenjam/.m2/repository/net/minidev/json-smart/2.2.1/json-smart-2.2.1.jar:/home/stbenjam/.m2/repository/net/minidev/accessors-smart/1.1/accessors-smart-1.1.jar:/home/stbenjam/.m2/repository/org/ow2/asm/asm/5.0.3/asm-5.0.3.jar:/home/stbenjam/.m2/repository/junit/junit/4.12/junit-4.12.jar:/home/stbenjam/.m2/repository/org/assertj/assertj-core/2.6.0/assertj-core-2.6.0.jar:/home/stbenjam/.m2/repository/org/mockito/mockito-core/1.10.19/mockito-core-1.10.19.jar:/home/stbenjam/.m2/repository/org/objenesis/objenesis/2.1/objenesis-2.1.jar:/home/stbenjam/.m2/repository/org/hamcrest/hamcrest-core/1.3/hamcrest-core-1.3.jar:/home/stbenjam/.m2/repository/org/hamcrest/hamcrest-library/1.3/hamcrest-library-1.3.jar:/home/stbenjam/.m2/repository/org/skyscreamer/jsonassert/1.4.0/jsonassert-1.4.0.jar:/home/stbenjam/.m2/repository/org/springframework/spring-core/4.3.14.RELEASE/spring-core-4.3.14.RELEASE.jar:/home/stbenjam/.m2/repository/org/springframework/spring-test/4.3.14.RELEASE/spring-test-4.3.14.RELEASE.jar:/home/stbenjam/.m2/repository/org/springframework/restdocs/spring-restdocs-mockmvc/1.1.3.RELEASE/spring-restdocs-mockmvc-1.1.3.RELEASE.jar:/home/stbenjam/.m2/repository/org/springframework/restdocs/spring-restdocs-core/1.1.3.RELEASE/spring-restdocs-core-1.1.3.RELEASE.jar:/home/stbenjam/.m2/repository/javax/servlet/javax.servlet-api/3.1.0/javax.servlet-api-3.1.0.jar:/home/stbenjam/.m2/repository/org/springframework/boot/spring-boot-starter-data-jpa/1.5.10.RELEASE/spring-boot-starter-data-jpa-1.5.10.RELEASE.jar:/home/stbenjam/.m2/repository/org/springframework/boot/spring-boot-starter-aop/1.5.10.RELEASE/spring-boot-starter-aop-1.5.10.RELEASE.jar:/home/stbenjam/.m2/repository/org/aspectj/aspectjweaver/1.8.13/aspectjweaver-1.8.13.jar:/home/stbenjam/.m2/repository/org/springframework/boot/spring-boot-starter-jdbc/1.5.10.RELEASE/spring-boot-starter-jdbc-1.5.10.RELEASE.jar:/home/stbenjam/.m2/repository/org/apache/tomcat/tomcat-jdbc/8.5.27/tomcat-jdbc-8.5.27.jar:/home/stbenjam/.m2/repository/org/apache/tomcat/tomcat-juli/8.5.27/tomcat-juli-8.5.27.jar:/home/stbenjam/.m2/repository/org/springframework/spring-jdbc/4.3.14.RELEASE/spring-jdbc-4.3.14.RELEASE.jar:/home/stbenjam/.m2/repository/org/hibernate/hibernate-core/5.0.12.Final/hibernate-core-5.0.12.Final.jar:/home/stbenjam/.m2/repository/org/hibernate/javax/persistence/hibernate-jpa-2.1-api/1.0.0.Final/hibernate-jpa-2.1-api-1.0.0.Final.jar:/home/stbenjam/.m2/repository/org/javassist/javassist/3.21.0-GA/javassist-3.21.0-GA.jar:/home/stbenjam/.m2/repository/antlr/antlr/2.7.7/antlr-2.7.7.jar:/home/stbenjam/.m2/repository/org/jboss/jandex/2.0.0.Final/jandex-2.0.0.Final.jar:/home/stbenjam/.m2/repository/dom4j/dom4j/1.6.1/dom4j-1.6.1.jar:/home/stbenjam/.m2/repository/org/hibernate/common/hibernate-commons-annotations/5.0.1.Final/hibernate-commons-annotations-5.0.1.Final.jar:/home/stbenjam/.m2/repository/org/hibernate/hibernate-entitymanager/5.0.12.Final/hibernate-entitymanager-5.0.12.Final.jar:/home/stbenjam/.m2/repository/javax/transaction/javax.transaction-api/1.2/javax.transaction-api-1.2.jar:/home/stbenjam/.m2/repository/org/springframework/data/spring-data-jpa/1.11.10.RELEASE/spring-data-jpa-1.11.10.RELEASE.jar:/home/stbenjam/.m2/repository/org/springframework/data/spring-data-commons/1.13.10.RELEASE/spring-data-commons-1.13.10.RELEASE.jar:/home/stbenjam/.m2/repository/org/springframework/spring-orm/4.3.14.RELEASE/spring-orm-4.3.14.RELEASE.jar:/home/stbenjam/.m2/repository/org/springframework/spring-tx/4.3.14.RELEASE/spring-tx-4.3.14.RELEASE.jar:/home/stbenjam/.m2/repository/org/springframework/spring-aspects/4.3.14.RELEASE/spring-aspects-4.3.14.RELEASE.jar:/home/stbenjam/.m2/repository/com/h2database/h2/1.4.196/h2-1.4.196.jar:/home/stbenjam/.m2/repository/org/postgresql/postgresql/9.4-1206-jdbc42/postgresql-9.4-1206-jdbc42.jar:/home/stbenjam/.m2/repository/log4j/log4j/1.2.17/log4j-1.2.17.jar:/home/stbenjam/.m2/repository/com/google/guava/guava/19.0/guava-19.0.jar:/home/stbenjam/.m2/repository/javax/mail/mail/1.4/mail-1.4.jar:/home/stbenjam/.m2/repository/javax/activation/activation/1.1/activation-1.1.jar:/home/stbenjam/.m2/repository/org/springframework/boot/spring-boot-starter-security/1.5.10.RELEASE/spring-boot-starter-security-1.5.10.RELEASE.jar:/home/stbenjam/.m2/repository/org/springframework/spring-aop/4.3.14.RELEASE/spring-aop-4.3.14.RELEASE.jar:/home/stbenjam/.m2/repository/org/springframework/security/spring-security-config/4.2.4.RELEASE/spring-security-config-4.2.4.RELEASE.jar:/home/stbenjam/.m2/repository/org/springframework/security/spring-security-web/4.2.4.RELEASE/spring-security-web-4.2.4.RELEASE.jar:/home/stbenjam/.m2/repository/org/springframework/boot/spring-boot-starter-mail/1.4.3.RELEASE/spring-boot-starter-mail-1.4.3.RELEASE.jar:/home/stbenjam/.m2/repository/org/springframework/spring-context/4.3.14.RELEASE/spring-context-4.3.14.RELEASE.jar:/home/stbenjam/.m2/repository/com/sun/mail/javax.mail/1.5.6/javax.mail-1.5.6.jar:/home/stbenjam/.m2/repository/com/icegreen/greenmail/1.5.5/greenmail-1.5.5.jar:/home/stbenjam/.m2/repository/org/slf4j/slf4j-api/1.7.25/slf4j-api-1.7.25.jar:/home/stbenjam/.m2/repository/org/springframework/security/spring-security-test/4.2.4.RELEASE/spring-security-test-4.2.4.RELEASE.jar:/home/stbenjam/.m2/repository/org/springframework/security/spring-security-core/4.2.4.RELEASE/spring-security-core-4.2.4.RELEASE.jar:/home/stbenjam/.m2/repository/aopalliance/aopalliance/1.0/aopalliance-1.0.jar:/home/stbenjam/.m2/repository/org/springframework/security/oauth/spring-security-oauth2/2.0.14.RELEASE/spring-security-oauth2-2.0.14.RELEASE.jar:/home/stbenjam/.m2/repository/org/springframework/spring-beans/4.3.14.RELEASE/spring-beans-4.3.14.RELEASE.jar:/home/stbenjam/.m2/repository/commons-codec/commons-codec/1.10/commons-codec-1.10.jar:/home/stbenjam/.m2/repository/org/codehaus/jackson/jackson-mapper-asl/1.9.13/jackson-mapper-asl-1.9.13.jar:/home/stbenjam/.m2/repository/org/codehaus/jackson/jackson-core-asl/1.9.13/jackson-core-asl-1.9.13.jar:/home/stbenjam/.m2/repository/io/springfox/springfox-swagger2/2.8.0/springfox-swagger2-2.8.0.jar:/home/stbenjam/.m2/repository/io/swagger/swagger-annotations/1.5.14/swagger-annotations-1.5.14.jar:/home/stbenjam/.m2/repository/io/swagger/swagger-models/1.5.14/swagger-models-1.5.14.jar:/home/stbenjam/.m2/repository/io/springfox/springfox-spi/2.8.0/springfox-spi-2.8.0.jar:/home/stbenjam/.m2/repository/io/springfox/springfox-core/2.8.0/springfox-core-2.8.0.jar:/home/stbenjam/.m2/repository/net/bytebuddy/byte-buddy/1.7.9/byte-buddy-1.7.9.jar:/home/stbenjam/.m2/repository/io/springfox/springfox-schema/2.8.0/springfox-schema-2.8.0.jar:/home/stbenjam/.m2/repository/io/springfox/springfox-swagger-common/2.8.0/springfox-swagger-common-2.8.0.jar:/home/stbenjam/.m2/repository/io/springfox/springfox-spring-web/2.8.0/springfox-spring-web-2.8.0.jar:/home/stbenjam/.m2/repository/org/reflections/reflections/0.9.11/reflections-0.9.11.jar:/home/stbenjam/.m2/repository/com/fasterxml/classmate/1.3.4/classmate-1.3.4.jar:/home/stbenjam/.m2/repository/org/springframework/plugin/spring-plugin-core/1.2.0.RELEASE/spring-plugin-core-1.2.0.RELEASE.jar:/home/stbenjam/.m2/repository/org/springframework/plugin/spring-plugin-metadata/1.2.0.RELEASE/spring-plugin-metadata-1.2.0.RELEASE.jar:/home/stbenjam/.m2/repository/org/mapstruct/mapstruct/1.2.0.Final/mapstruct-1.2.0.Final.jar:/home/stbenjam/.m2/repository/io/springfox/springfox-swagger-ui/2.8.0/springfox-swagger-ui-2.8.0.jar:/home/stbenjam/.m2/repository/io/springfox/springfox-data-rest/2.8.0/springfox-data-rest-2.8.0.jar:/home/stbenjam/.m2/repository/org/springframework/hateoas/spring-hateoas/0.23.0.RELEASE/spring-hateoas-0.23.0.RELEASE.jar:/home/stbenjam/.m2/repository/org/usb4java/usb4java-javax/1.2.0/usb4java-javax-1.2.0.jar:/home/stbenjam/.m2/repository/javax/usb/usb-api/1.0.2/usb-api-1.0.2.jar:/home/stbenjam/.m2/repository/org/apache/commons/commons-lang3/3.2.1/commons-lang3-3.2.1.jar:/home/stbenjam/.m2/repository/org/usb4java/usb4java/1.2.0/usb4java-1.2.0.jar:/home/stbenjam/.m2/repository/org/usb4java/libusb4java/1.2.0/libusb4java-1.2.0-linux-x86.jar:/home/stbenjam/.m2/repository/org/usb4java/libusb4java/1.2.0/libusb4java-1.2.0-linux-x86_64.jar:/home/stbenjam/.m2/repository/org/usb4java/libusb4java/1.2.0/libusb4java-1.2.0-linux-arm.jar:/home/stbenjam/.m2/repository/org/usb4java/libusb4java/1.2.0/libusb4java-1.2.0-windows-x86.jar:/home/stbenjam/.m2/repository/org/usb4java/libusb4java/1.2.0/libusb4java-1.2.0-windows-x86_64.jar:/home/stbenjam/.m2/repository/org/usb4java/libusb4java/1.2.0/libusb4java-1.2.0-osx-x86.jar:/home/stbenjam/.m2/repository/org/usb4java/libusb4java/1.2.0/libusb4java-1.2.0-osx-x86_64.jar:/home/stbenjam/.m2/repository/org/mockito/mockito-all/1.9.5/mockito-all-1.9.5.jar:/home/stbenjam/.m2/repository/com/fasterxml/jackson/core/jackson-databind/2.5.0/jackson-databind-2.5.0.jar:/home/stbenjam/.m2/repository/com/fasterxml/jackson/core/jackson-core/2.8.10/jackson-core-2.8.10.jar:/home/stbenjam/.m2/repository/com/vaadin/external/google/android-json/0.0.20131108.vaadin1/android-json-0.0.20131108.vaadin1.jar:/home/stbenjam/.m2/repository/com/tngtech/java/junit-dataprovider/1.13.1/junit-dataprovider-1.13.1.jar:/home/stbenjam/.m2/repository/org/springframework/spring-context-support/3.2.0.RELEASE/spring-context-support-3.2.0.RELEASE.jar:, java.specification.name=Java Platform API Specification, java.class.version=52.0, sun.management.compiler=HotSpot 64-Bit Tiered Compilers, os.version=4.14.14-300.fc27.x86_64, user.home=/home/stbenjam, user.timezone=America/New_York, java.awt.printerjob=sun.print.PSPrinterJob, file.encoding=UTF-8, java.specification.version=1.8, java.class.path=/home/stbenjam/git/h2ms/target/test-classes:/home/stbenjam/git/h2ms/target/classes:/home/stbenjam/.m2/repository/org/springframework/boot/spring-boot-starter-data-rest/1.5.10.RELEASE/spring-boot-starter-data-rest-1.5.10.RELEASE.jar:/home/stbenjam/.m2/repository/org/springframework/boot/spring-boot-starter/1.5.10.RELEASE/spring-boot-starter-1.5.10.RELEASE.jar:/home/stbenjam/.m2/repository/org/springframework/boot/spring-boot/1.5.10.RELEASE/spring-boot-1.5.10.RELEASE.jar:/home/stbenjam/.m2/repository/org/springframework/boot/spring-boot-autoconfigure/1.5.10.RELEASE/spring-boot-autoconfigure-1.5.10.RELEASE.jar:/home/stbenjam/.m2/repository/org/springframework/boot/spring-boot-starter-logging/1.5.10.RELEASE/spring-boot-starter-logging-1.5.10.RELEASE.jar:/home/stbenjam/.m2/repository/ch/qos/logback/logback-classic/1.1.11/logback-classic-1.1.11.jar:/home/stbenjam/.m2/repository/ch/qos/logback/logback-core/1.1.11/logback-core-1.1.11.jar:/home/stbenjam/.m2/repository/org/slf4j/jul-to-slf4j/1.7.25/jul-to-slf4j-1.7.25.jar:/home/stbenjam/.m2/repository/org/slf4j/log4j-over-slf4j/1.7.25/log4j-over-slf4j-1.7.25.jar:/home/stbenjam/.m2/repository/org/yaml/snakeyaml/1.17/snakeyaml-1.17.jar:/home/stbenjam/.m2/repository/com/fasterxml/jackson/core/jackson-annotations/2.8.0/jackson-annotations-2.8.0.jar:/home/stbenjam/.m2/repository/org/springframework/data/spring-data-rest-webmvc/2.6.10.RELEASE/spring-data-rest-webmvc-2.6.10.RELEASE.jar:/home/stbenjam/.m2/repository/org/springframework/data/spring-data-rest-core/2.6.10.RELEASE/spring-data-rest-core-2.6.10.RELEASE.jar:/home/stbenjam/.m2/repository/org/atteo/evo-inflector/1.2.2/evo-inflector-1.2.2.jar:/home/stbenjam/.m2/repository/org/slf4j/jcl-over-slf4j/1.7.25/jcl-over-slf4j-1.7.25.jar:/home/stbenjam/.m2/repository/org/springframework/boot/spring-boot-starter-web/1.5.10.RELEASE/spring-boot-starter-web-1.5.10.RELEASE.jar:/home/stbenjam/.m2/repository/org/springframework/boot/spring-boot-starter-tomcat/1.5.10.RELEASE/spring-boot-starter-tomcat-1.5.10.RELEASE.jar:/home/stbenjam/.m2/repository/org/apache/tomcat/embed/tomcat-embed-core/8.5.27/tomcat-embed-core-8.5.27.jar:/home/stbenjam/.m2/repository/org/apache/tomcat/tomcat-annotations-api/8.5.27/tomcat-annotations-api-8.5.27.jar:/home/stbenjam/.m2/repository/org/apache/tomcat/embed/tomcat-embed-el/8.5.27/tomcat-embed-el-8.5.27.jar:/home/stbenjam/.m2/repository/org/apache/tomcat/embed/tomcat-embed-websocket/8.5.27/tomcat-embed-websocket-8.5.27.jar:/home/stbenjam/.m2/repository/org/hibernate/hibernate-validator/5.3.6.Final/hibernate-validator-5.3.6.Final.jar:/home/stbenjam/.m2/repository/javax/validation/validation-api/1.1.0.Final/validation-api-1.1.0.Final.jar:/home/stbenjam/.m2/repository/org/jboss/logging/jboss-logging/3.3.1.Final/jboss-logging-3.3.1.Final.jar:/home/stbenjam/.m2/repository/org/springframework/spring-web/4.3.14.RELEASE/spring-web-4.3.14.RELEASE.jar:/home/stbenjam/.m2/repository/org/springframework/spring-webmvc/4.3.14.RELEASE/spring-webmvc-4.3.14.RELEASE.jar:/home/stbenjam/.m2/repository/org/springframework/spring-expression/4.3.14.RELEASE/spring-expression-4.3.14.RELEASE.jar:/home/stbenjam/.m2/repository/org/springframework/boot/spring-boot-starter-thymeleaf/1.5.10.RELEASE/spring-boot-starter-thymeleaf-1.5.10.RELEASE.jar:/home/stbenjam/.m2/repository/org/thymeleaf/thymeleaf-spring4/2.1.6.RELEASE/thymeleaf-spring4-2.1.6.RELEASE.jar:/home/stbenjam/.m2/repository/org/thymeleaf/thymeleaf/2.1.6.RELEASE/thymeleaf-2.1.6.RELEASE.jar:/home/stbenjam/.m2/repository/ognl/ognl/3.0.8/ognl-3.0.8.jar:/home/stbenjam/.m2/repository/org/unbescape/unbescape/1.1.0.RELEASE/unbescape-1.1.0.RELEASE.jar:/home/stbenjam/.m2/repository/nz/net/ultraq/thymeleaf/thymeleaf-layout-dialect/1.4.0/thymeleaf-layout-dialect-1.4.0.jar:/home/stbenjam/.m2/repository/org/codehaus/groovy/groovy/2.4.13/groovy-2.4.13.jar:/home/stbenjam/.m2/repository/org/springframework/boot/spring-boot-starter-test/1.5.10.RELEASE/spring-boot-starter-test-1.5.10.RELEASE.jar:/home/stbenjam/.m2/repository/org/springframework/boot/spring-boot-test/1.5.10.RELEASE/spring-boot-test-1.5.10.RELEASE.jar:/home/stbenjam/.m2/repository/org/springframework/boot/spring-boot-test-autoconfigure/1.5.10.RELEASE/spring-boot-test-autoconfigure-1.5.10.RELEASE.jar:/home/stbenjam/.m2/repository/com/jayway/jsonpath/json-path/2.2.0/json-path-2.2.0.jar:/home/stbenjam/.m2/repository/net/minidev/json-smart/2.2.1/json-smart-2.2.1.jar:/home/stbenjam/.m2/repository/net/minidev/accessors-smart/1.1/accessors-smart-1.1.jar:/home/stbenjam/.m2/repository/org/ow2/asm/asm/5.0.3/asm-5.0.3.jar:/home/stbenjam/.m2/repository/junit/junit/4.12/junit-4.12.jar:/home/stbenjam/.m2/repository/org/assertj/assertj-core/2.6.0/assertj-core-2.6.0.jar:/home/stbenjam/.m2/repository/org/mockito/mockito-core/1.10.19/mockito-core-1.10.19.jar:/home/stbenjam/.m2/repository/org/objenesis/objenesis/2.1/objenesis-2.1.jar:/home/stbenjam/.m2/repository/org/hamcrest/hamcrest-core/1.3/hamcrest-core-1.3.jar:/home/stbenjam/.m2/repository/org/hamcrest/hamcrest-library/1.3/hamcrest-library-1.3.jar:/home/stbenjam/.m2/repository/org/skyscreamer/jsonassert/1.4.0/jsonassert-1.4.0.jar:/home/stbenjam/.m2/repository/org/springframework/spring-core/4.3.14.RELEASE/spring-core-4.3.14.RELEASE.jar:/home/stbenjam/.m2/repository/org/springframework/spring-test/4.3.14.RELEASE/spring-test-4.3.14.RELEASE.jar:/home/stbenjam/.m2/repository/org/springframework/restdocs/spring-restdocs-mockmvc/1.1.3.RELEASE/spring-restdocs-mockmvc-1.1.3.RELEASE.jar:/home/stbenjam/.m2/repository/org/springframework/restdocs/spring-restdocs-core/1.1.3.RELEASE/spring-restdocs-core-1.1.3.RELEASE.jar:/home/stbenjam/.m2/repository/javax/servlet/javax.servlet-api/3.1.0/javax.servlet-api-3.1.0.jar:/home/stbenjam/.m2/repository/org/springframework/boot/spring-boot-starter-data-jpa/1.5.10.RELEASE/spring-boot-starter-data-jpa-1.5.10.RELEASE.jar:/home/stbenjam/.m2/repository/org/springframework/boot/spring-boot-starter-aop/1.5.10.RELEASE/spring-boot-starter-aop-1.5.10.RELEASE.jar:/home/stbenjam/.m2/repository/org/aspectj/aspectjweaver/1.8.13/aspectjweaver-1.8.13.jar:/home/stbenjam/.m2/repository/org/springframework/boot/spring-boot-starter-jdbc/1.5.10.RELEASE/spring-boot-starter-jdbc-1.5.10.RELEASE.jar:/home/stbenjam/.m2/repository/org/apache/tomcat/tomcat-jdbc/8.5.27/tomcat-jdbc-8.5.27.jar:/home/stbenjam/.m2/repository/org/apache/tomcat/tomcat-juli/8.5.27/tomcat-juli-8.5.27.jar:/home/stbenjam/.m2/repository/org/springframework/spring-jdbc/4.3.14.RELEASE/spring-jdbc-4.3.14.RELEASE.jar:/home/stbenjam/.m2/repository/org/hibernate/hibernate-core/5.0.12.Final/hibernate-core-5.0.12.Final.jar:/home/stbenjam/.m2/repository/org/hibernate/javax/persistence/hibernate-jpa-2.1-api/1.0.0.Final/hibernate-jpa-2.1-api-1.0.0.Final.jar:/home/stbenjam/.m2/repository/org/javassist/javassist/3.21.0-GA/javassist-3.21.0-GA.jar:/home/stbenjam/.m2/repository/antlr/antlr/2.7.7/antlr-2.7.7.jar:/home/stbenjam/.m2/repository/org/jboss/jandex/2.0.0.Final/jandex-2.0.0.Final.jar:/home/stbenjam/.m2/repository/dom4j/dom4j/1.6.1/dom4j-1.6.1.jar:/home/stbenjam/.m2/repository/org/hibernate/common/hibernate-commons-annotations/5.0.1.Final/hibernate-commons-annotations-5.0.1.Final.jar:/home/stbenjam/.m2/repository/org/hibernate/hibernate-entitymanager/5.0.12.Final/hibernate-entitymanager-5.0.12.Final.jar:/home/stbenjam/.m2/repository/javax/transaction/javax.transaction-api/1.2/javax.transaction-api-1.2.jar:/home/stbenjam/.m2/repository/org/springframework/data/spring-data-jpa/1.11.10.RELEASE/spring-data-jpa-1.11.10.RELEASE.jar:/home/stbenjam/.m2/repository/org/springframework/data/spring-data-commons/1.13.10.RELEASE/spring-data-commons-1.13.10.RELEASE.jar:/home/stbenjam/.m2/repository/org/springframework/spring-orm/4.3.14.RELEASE/spring-orm-4.3.14.RELEASE.jar:/home/stbenjam/.m2/repository/org/springframework/spring-tx/4.3.14.RELEASE/spring-tx-4.3.14.RELEASE.jar:/home/stbenjam/.m2/repository/org/springframework/spring-aspects/4.3.14.RELEASE/spring-aspects-4.3.14.RELEASE.jar:/home/stbenjam/.m2/repository/com/h2database/h2/1.4.196/h2-1.4.196.jar:/home/stbenjam/.m2/repository/org/postgresql/postgresql/9.4-1206-jdbc42/postgresql-9.4-1206-jdbc42.jar:/home/stbenjam/.m2/repository/log4j/log4j/1.2.17/log4j-1.2.17.jar:/home/stbenjam/.m2/repository/com/google/guava/guava/19.0/guava-19.0.jar:/home/stbenjam/.m2/repository/javax/mail/mail/1.4/mail-1.4.jar:/home/stbenjam/.m2/repository/javax/activation/activation/1.1/activation-1.1.jar:/home/stbenjam/.m2/repository/org/springframework/boot/spring-boot-starter-security/1.5.10.RELEASE/spring-boot-starter-security-1.5.10.RELEASE.jar:/home/stbenjam/.m2/repository/org/springframework/spring-aop/4.3.14.RELEASE/spring-aop-4.3.14.RELEASE.jar:/home/stbenjam/.m2/repository/org/springframework/security/spring-security-config/4.2.4.RELEASE/spring-security-config-4.2.4.RELEASE.jar:/home/stbenjam/.m2/repository/org/springframework/security/spring-security-web/4.2.4.RELEASE/spring-security-web-4.2.4.RELEASE.jar:/home/stbenjam/.m2/repository/org/springframework/boot/spring-boot-starter-mail/1.4.3.RELEASE/spring-boot-starter-mail-1.4.3.RELEASE.jar:/home/stbenjam/.m2/repository/org/springframework/spring-context/4.3.14.RELEASE/spring-context-4.3.14.RELEASE.jar:/home/stbenjam/.m2/repository/com/sun/mail/javax.mail/1.5.6/javax.mail-1.5.6.jar:/home/stbenjam/.m2/repository/com/icegreen/greenmail/1.5.5/greenmail-1.5.5.jar:/home/stbenjam/.m2/repository/org/slf4j/slf4j-api/1.7.25/slf4j-api-1.7.25.jar:/home/stbenjam/.m2/repository/org/springframework/security/spring-security-test/4.2.4.RELEASE/spring-security-test-4.2.4.RELEASE.jar:/home/stbenjam/.m2/repository/org/springframework/security/spring-security-core/4.2.4.RELEASE/spring-security-core-4.2.4.RELEASE.jar:/home/stbenjam/.m2/repository/aopalliance/aopalliance/1.0/aopalliance-1.0.jar:/home/stbenjam/.m2/repository/org/springframework/security/oauth/spring-security-oauth2/2.0.14.RELEASE/spring-security-oauth2-2.0.14.RELEASE.jar:/home/stbenjam/.m2/repository/org/springframework/spring-beans/4.3.14.RELEASE/spring-beans-4.3.14.RELEASE.jar:/home/stbenjam/.m2/repository/commons-codec/commons-codec/1.10/commons-codec-1.10.jar:/home/stbenjam/.m2/repository/org/codehaus/jackson/jackson-mapper-asl/1.9.13/jackson-mapper-asl-1.9.13.jar:/home/stbenjam/.m2/repository/org/codehaus/jackson/jackson-core-asl/1.9.13/jackson-core-asl-1.9.13.jar:/home/stbenjam/.m2/repository/io/springfox/springfox-swagger2/2.8.0/springfox-swagger2-2.8.0.jar:/home/stbenjam/.m2/repository/io/swagger/swagger-annotations/1.5.14/swagger-annotations-1.5.14.jar:/home/stbenjam/.m2/repository/io/swagger/swagger-models/1.5.14/swagger-models-1.5.14.jar:/home/stbenjam/.m2/repository/io/springfox/springfox-spi/2.8.0/springfox-spi-2.8.0.jar:/home/stbenjam/.m2/repository/io/springfox/springfox-core/2.8.0/springfox-core-2.8.0.jar:/home/stbenjam/.m2/repository/net/bytebuddy/byte-buddy/1.7.9/byte-buddy-1.7.9.jar:/home/stbenjam/.m2/repository/io/springfox/springfox-schema/2.8.0/springfox-schema-2.8.0.jar:/home/stbenjam/.m2/repository/io/springfox/springfox-swagger-common/2.8.0/springfox-swagger-common-2.8.0.jar:/home/stbenjam/.m2/repository/io/springfox/springfox-spring-web/2.8.0/springfox-spring-web-2.8.0.jar:/home/stbenjam/.m2/repository/org/reflections/reflections/0.9.11/reflections-0.9.11.jar:/home/stbenjam/.m2/repository/com/fasterxml/classmate/1.3.4/classmate-1.3.4.jar:/home/stbenjam/.m2/repository/org/springframework/plugin/spring-plugin-core/1.2.0.RELEASE/spring-plugin-core-1.2.0.RELEASE.jar:/home/stbenjam/.m2/repository/org/springframework/plugin/spring-plugin-metadata/1.2.0.RELEASE/spring-plugin-metadata-1.2.0.RELEASE.jar:/home/stbenjam/.m2/repository/org/mapstruct/mapstruct/1.2.0.Final/mapstruct-1.2.0.Final.jar:/home/stbenjam/.m2/repository/io/springfox/springfox-swagger-ui/2.8.0/springfox-swagger-ui-2.8.0.jar:/home/stbenjam/.m2/repository/io/springfox/springfox-data-rest/2.8.0/springfox-data-rest-2.8.0.jar:/home/stbenjam/.m2/repository/org/springframework/hateoas/spring-hateoas/0.23.0.RELEASE/spring-hateoas-0.23.0.RELEASE.jar:/home/stbenjam/.m2/repository/org/usb4java/usb4java-javax/1.2.0/usb4java-javax-1.2.0.jar:/home/stbenjam/.m2/repository/javax/usb/usb-api/1.0.2/usb-api-1.0.2.jar:/home/stbenjam/.m2/repository/org/apache/commons/commons-lang3/3.2.1/commons-lang3-3.2.1.jar:/home/stbenjam/.m2/repository/org/usb4java/usb4java/1.2.0/usb4java-1.2.0.jar:/home/stbenjam/.m2/repository/org/usb4java/libusb4java/1.2.0/libusb4java-1.2.0-linux-x86.jar:/home/stbenjam/.m2/repository/org/usb4java/libusb4java/1.2.0/libusb4java-1.2.0-linux-x86_64.jar:/home/stbenjam/.m2/repository/org/usb4java/libusb4java/1.2.0/libusb4java-1.2.0-linux-arm.jar:/home/stbenjam/.m2/repository/org/usb4java/libusb4java/1.2.0/libusb4java-1.2.0-windows-x86.jar:/home/stbenjam/.m2/repository/org/usb4java/libusb4java/1.2.0/libusb4java-1.2.0-windows-x86_64.jar:/home/stbenjam/.m2/repository/org/usb4java/libusb4java/1.2.0/libusb4java-1.2.0-osx-x86.jar:/home/stbenjam/.m2/repository/org/usb4java/libusb4java/1.2.0/libusb4java-1.2.0-osx-x86_64.jar:/home/stbenjam/.m2/repository/org/mockito/mockito-all/1.9.5/mockito-all-1.9.5.jar:/home/stbenjam/.m2/repository/com/fasterxml/jackson/core/jackson-databind/2.5.0/jackson-databind-2.5.0.jar:/home/stbenjam/.m2/repository/com/fasterxml/jackson/core/jackson-core/2.8.10/jackson-core-2.8.10.jar:/home/stbenjam/.m2/repository/com/vaadin/external/google/android-json/0.0.20131108.vaadin1/android-json-0.0.20131108.vaadin1.jar:/home/stbenjam/.m2/repository/com/tngtech/java/junit-dataprovider/1.13.1/junit-dataprovider-1.13.1.jar:/home/stbenjam/.m2/repository/org/springframework/spring-context-support/3.2.0.RELEASE/spring-context-support-3.2.0.RELEASE.jar:, user.name=stbenjam, java.vm.specification.version=1.8, sun.java.command=/home/stbenjam/git/h2ms/target/surefire/surefirebooter4406525892180618587.jar /home/stbenjam/git/h2ms/target/surefire/surefire6178053267997541662tmp /home/stbenjam/git/h2ms/target/surefire/surefire_03387072603084303265tmp, java.home=/usr/lib/jvm/java-1.8.0-openjdk-1.8.0.161-0.b14.fc27.x86_64/jre, sun.arch.data.model=64, user.language=en, java.specification.vendor=Oracle Corporation, awt.toolkit=sun.awt.X11.XToolkit, java.vm.info=mixed mode, java.version=1.8.0_161, java.ext.dirs=/usr/lib/jvm/java-1.8.0-openjdk-1.8.0.161-0.b14.fc27.x86_64/jre/lib/ext:/usr/java/packages/lib/ext, sun.boot.class.path=/usr/lib/jvm/java-1.8.0-openjdk-1.8.0.161-0.b14.fc27.x86_64/jre/lib/resources.jar:/usr/lib/jvm/java-1.8.0-openjdk-1.8.0.161-0.b14.fc27.x86_64/jre/lib/rt.jar:/usr/lib/jvm/java-1.8.0-openjdk-1.8.0.161-0.b14.fc27.x86_64/jre/lib/sunrsasign.jar:/usr/lib/jvm/java-1.8.0-openjdk-1.8.0.161-0.b14.fc27.x86_64/jre/lib/jsse.jar:/usr/lib/jvm/java-1.8.0-openjdk-1.8.0.161-0.b14.fc27.x86_64/jre/lib/jce.jar:/usr/lib/jvm/java-1.8.0-openjdk-1.8.0.161-0.b14.fc27.x86_64/jre/lib/charsets.jar:/usr/lib/jvm/java-1.8.0-openjdk-1.8.0.161-0.b14.fc27.x86_64/jre/lib/jfr.jar:/usr/lib/jvm/java-1.8.0-openjdk-1.8.0.161-0.b14.fc27.x86_64/jre/classes, java.vendor=Oracle Corporation, localRepository=/home/stbenjam/.m2/repository, file.separator=/, java.vendor.url.bug=http://bugreport.sun.com/bugreport/, sun.io.unicode.encoding=UnicodeLittle, sun.cpu.endian=little, sun.desktop=gnome, sun.cpu.isalist=}}, SystemEnvironmentPropertySource@454884231 {name='systemEnvironment', properties={IRBRC=/home/stbenjam/.rvm/rubies/ruby-2.3.3/.irbrc, PATH=/home/stbenjam/.rvm/gems/ruby-2.3.3/bin:/home/stbenjam/.rvm/gems/ruby-2.3.3@global/bin:/home/stbenjam/.rvm/rubies/ruby-2.3.3/bin:/usr/local/bin:/usr/bin:/bin:/usr/local/sbin:/usr/sbin:/home/stbenjam/.local/bin:/home/stbenjam/bin:/home/stbenjam/.rvm/bin, rvm_silent_flag=, HISTCONTROL=ignoredups, XMODIFIERS=@im=ibus, GDMSESSION=gnome-xorg, rvm_quiet_flag=, GUESTFISH_RESTORE=\e[0m, DBUS_SESSION_BUS_ADDRESS=unix:path=/run/user/1000/bus,guid=0ff0c73f492cc1dc3846ae835aac7cd0, COLORTERM=truecolor, rvm_ruby_make_install=, rvm_niceness=, SESSION_MANAGER=local/unix:@/tmp/.ICE-unix/1818,unix/unix:/tmp/.ICE-unix/1818, USERNAME=stbenjam, rvm_version=1.29.1 (latest), PWD=/home/stbenjam/git/h2ms, MANAGERPID=1759, LESSOPEN=||/usr/bin/lesspipe.sh %s, PAGER=less, QTINC=/usr/lib64/qt-3.3/include, rvm_hook=, rvm_wrapper_name=, MY_RUBY_HOME=/home/stbenjam/.rvm/rubies/ruby-2.3.3, rvm_nightly_flag=, ZSH=/home/stbenjam/.oh-my-zsh, rvm_path=/home/stbenjam/.rvm, GUESTFISH_INIT=\e[1;34m, GNOME_DESKTOP_SESSION_ID=this-is-deprecated, SYSTEMD_NSS_BYPASS_BUS=1, DBUS_STARTER_ADDRESS=unix:path=/run/user/1000/bus,guid=0ff0c73f492cc1dc3846ae835aac7cd0, LC_CTYPE=en_US.UTF-8, SHLVL=2, LOADEDMODULES=, HISTSIZE=10000, JAVA_HOME=/usr/lib/jvm/java-1.8.0-openjdk-1.8.0.161-0.b14.fc27.x86_64, TERM=xterm-256color, XDG_SESSION_ID=2, rvm_script_name=, rvm_ruby_make=, rvm_docs_type=, _=/usr/lib/jvm/java-1.8.0-openjdk-1.8.0.161-0.b14.fc27.x86_64/jre/bin/java, MAVEN_PROJECTBASEDIR=/home/stbenjam/git/h2ms, DESKTOP_SESSION=gnome-xorg, XDG_MENU_PREFIX=gnome-, VTE_VERSION=5002, rvm_alias_expanded=, rvm_ruby_bits=, GEM_PATH=/home/stbenjam/.rvm/gems/ruby-2.3.3:/home/stbenjam/.rvm/gems/ruby-2.3.3@global, TILIX_ID=df6230d2-2679-42ab-bd7f-667d05988153, XAUTHORITY=/run/user/1000/gdm/Xauthority, INVOCATION_ID=2a8a59bd24d3424f8a519125eeaea755, XDG_DATA_DIRS=/home/stbenjam/.local/share/flatpak/exports/share/:/var/lib/flatpak/exports/share/:/usr/local/share/:/usr/share/, MODULEPATH=/etc/scl/modulefiles:/etc/scl/modulefiles:/usr/share/Modules/modulefiles:/etc/modulefiles:/usr/share/modulefiles, rvm_bin_flag=, VAGRANT_DEFAULT_PROVIDER=libvirt, XDG_CURRENT_DESKTOP=GNOME, JOURNAL_STREAM=9:35277, MAIL=/var/spool/mail/stbenjam, rvm_ruby_mode=, LOGNAME=stbenjam, rvm_proxy=, SHELL=/bin/zsh, rvm_sdk=, OLDPWD=/home/stbenjam/git/h2ms, GEM_HOME=/home/stbenjam/.rvm/gems/ruby-2.3.3, rvm_use_flag=, GIT=/bin/git, RUBY_VERSION=ruby-2.3.3, _system_name=Fedora, LESS=-R, XDG_SESSION_DESKTOP=gnome-xorg, LS_COLORS=rs=0:di=38;5;33:ln=38;5;51:mh=00:pi=40;38;5;11:so=38;5;13:do=38;5;5:bd=48;5;232;38;5;11:cd=48;5;232;38;5;3:or=48;5;232;38;5;9:mi=01;05;37;41:su=48;5;196;38;5;15:sg=48;5;11;38;5;16:ca=48;5;196;38;5;226:tw=48;5;10;38;5;16:ow=48;5;10;38;5;21:st=48;5;21;38;5;15:ex=38;5;40:*.tar=38;5;9:*.tgz=38;5;9:*.arc=38;5;9:*.arj=38;5;9:*.taz=38;5;9:*.lha=38;5;9:*.lz4=38;5;9:*.lzh=38;5;9:*.lzma=38;5;9:*.tlz=38;5;9:*.txz=38;5;9:*.tzo=38;5;9:*.t7z=38;5;9:*.zip=38;5;9:*.z=38;5;9:*.Z=38;5;9:*.dz=38;5;9:*.gz=38;5;9:*.lrz=38;5;9:*.lz=38;5;9:*.lzo=38;5;9:*.xz=38;5;9:*.zst=38;5;9:*.tzst=38;5;9:*.bz2=38;5;9:*.bz=38;5;9:*.tbz=38;5;9:*.tbz2=38;5;9:*.tz=38;5;9:*.deb=38;5;9:*.rpm=38;5;9:*.jar=38;5;9:*.war=38;5;9:*.ear=38;5;9:*.sar=38;5;9:*.rar=38;5;9:*.alz=38;5;9:*.ace=38;5;9:*.zoo=38;5;9:*.cpio=38;5;9:*.7z=38;5;9:*.rz=38;5;9:*.cab=38;5;9:*.wim=38;5;9:*.swm=38;5;9:*.dwm=38;5;9:*.esd=38;5;9:*.jpg=38;5;13:*.jpeg=38;5;13:*.mjpg=38;5;13:*.mjpeg=38;5;13:*.gif=38;5;13:*.bmp=38;5;13:*.pbm=38;5;13:*.pgm=38;5;13:*.ppm=38;5;13:*.tga=38;5;13:*.xbm=38;5;13:*.xpm=38;5;13:*.tif=38;5;13:*.tiff=38;5;13:*.png=38;5;13:*.svg=38;5;13:*.svgz=38;5;13:*.mng=38;5;13:*.pcx=38;5;13:*.mov=38;5;13:*.mpg=38;5;13:*.mpeg=38;5;13:*.m2v=38;5;13:*.mkv=38;5;13:*.webm=38;5;13:*.ogm=38;5;13:*.mp4=38;5;13:*.m4v=38;5;13:*.mp4v=38;5;13:*.vob=38;5;13:*.qt=38;5;13:*.nuv=38;5;13:*.wmv=38;5;13:*.asf=38;5;13:*.rm=38;5;13:*.rmvb=38;5;13:*.flc=38;5;13:*.avi=38;5;13:*.fli=38;5;13:*.flv=38;5;13:*.gl=38;5;13:*.dl=38;5;13:*.xcf=38;5;13:*.xwd=38;5;13:*.yuv=38;5;13:*.cgm=38;5;13:*.emf=38;5;13:*.ogv=38;5;13:*.ogx=38;5;13:*.aac=38;5;45:*.au=38;5;45:*.flac=38;5;45:*.m4a=38;5;45:*.mid=38;5;45:*.midi=38;5;45:*.mka=38;5;45:*.mp3=38;5;45:*.mpc=38;5;45:*.ogg=38;5;45:*.ra=38;5;45:*.wav=38;5;45:*.oga=38;5;45:*.opus=38;5;45:*.spx=38;5;45:*.xspf=38;5;45:, rvm_gemstone_package_file=, _system_arch=x86_64, rvm_bin_path=/home/stbenjam/.rvm/bin, QT_IM_MODULE=ibus, rvm_only_path_flag=, rvm_prefix=/home/stbenjam, LANG=en_US.UTF-8, XDG_SESSION_TYPE=x11, DISPLAY=:0, rvm_gemstone_url=, GDM_LANG=en_US.UTF-8, GUESTFISH_PS1=\[\e[1;32m\]><fs>\[\e[0;31m\] , LSCOLORS=Gxfxcxdxbxegedabagacad, _system_type=Linux, _system_version=27, GPG_TTY=/dev/pts/1, USER=stbenjam, rvm_ruby_file=, WINDOWPATH=2, XDG_SEAT=seat0, SSH_AUTH_SOCK=/run/user/1000/keyring/ssh, EDITOR=vim, HOSTNAME=ancient.bitbin.de, MODULESHOME=/usr/share/Modules, QTDIR=/usr/lib64/qt-3.3, XDG_RUNTIME_DIR=/run/user/1000, XDG_VTNR=2, GUESTFISH_OUTPUT=\e[0m, DBUS_STARTER_BUS_TYPE=session, QTLIB=/usr/lib64/qt-3.3/lib, HOME=/home/stbenjam}}]
21:07:57.635 [main] INFO org.springframework.boot.test.context.SpringBootTestContextBootstrapper - Found @SpringBootConfiguration edu.harvard.h2ms.H2MSRestAppInitializer for test class edu.harvard.h2ms.service.LocationServiceTests
21:07:57.640 [main] DEBUG org.springframework.boot.test.context.SpringBootTestContextBootstrapper - @TestExecutionListeners is not present for class [edu.harvard.h2ms.service.LocationServiceTests]: using defaults.
21:07:57.642 [main] INFO org.springframework.boot.test.context.SpringBootTestContextBootstrapper - Loaded default TestExecutionListener class names from location [META-INF/spring.factories]: [org.springframework.boot.test.mock.mockito.MockitoTestExecutionListener, org.springframework.boot.test.mock.mockito.ResetMocksTestExecutionListener, org.springframework.boot.test.autoconfigure.restdocs.RestDocsTestExecutionListener, org.springframework.boot.test.autoconfigure.web.client.MockRestServiceServerResetTestExecutionListener, org.springframework.boot.test.autoconfigure.web.servlet.MockMvcPrintOnlyOnFailureTestExecutionListener, org.springframework.boot.test.autoconfigure.web.servlet.WebDriverTestExecutionListener, org.springframework.test.context.web.ServletTestExecutionListener, org.springframework.test.context.support.DirtiesContextBeforeModesTestExecutionListener, org.springframework.test.context.support.DependencyInjectionTestExecutionListener, org.springframework.test.context.support.DirtiesContextTestExecutionListener, org.springframework.test.context.transaction.TransactionalTestExecutionListener, org.springframework.test.context.jdbc.SqlScriptsTestExecutionListener, org.springframework.security.test.context.support.WithSecurityContextTestExecutionListener]
21:07:57.644 [main] INFO org.springframework.boot.test.context.SpringBootTestContextBootstrapper - Using TestExecutionListeners: [org.springframework.test.context.web.ServletTestExecutionListener@d2de489, org.springframework.test.context.support.DirtiesContextBeforeModesTestExecutionListener@14bdbc74, org.springframework.boot.test.autoconfigure.SpringBootDependencyInjectionTestExecutionListener@12591ac8, org.springframework.test.context.support.DirtiesContextTestExecutionListener@5a7fe64f, org.springframework.test.context.transaction.TransactionalTestExecutionListener@38145825, org.springframework.test.context.jdbc.SqlScriptsTestExecutionListener@41330d4f, org.springframework.security.test.context.support.WithSecurityContextTestExecutionListener@1b66c0fb, org.springframework.boot.test.mock.mockito.MockitoTestExecutionListener@3e0e1046, org.springframework.boot.test.mock.mockito.ResetMocksTestExecutionListener@24c1b2d2, org.springframework.boot.test.autoconfigure.restdocs.RestDocsTestExecutionListener@7dc19a70, org.springframework.boot.test.autoconfigure.web.client.MockRestServiceServerResetTestExecutionListener@508dec2b, org.springframework.boot.test.autoconfigure.web.servlet.MockMvcPrintOnlyOnFailureTestExecutionListener@1e4f4a5c, org.springframework.boot.test.autoconfigure.web.servlet.WebDriverTestExecutionListener@37313c65]
21:07:57.644 [main] DEBUG org.springframework.test.annotation.ProfileValueUtils - Retrieved @ProfileValueSourceConfiguration [null] for test class [edu.harvard.h2ms.service.LocationServiceTests]
21:07:57.644 [main] DEBUG org.springframework.test.annotation.ProfileValueUtils - Retrieved ProfileValueSource type [class org.springframework.test.annotation.SystemProfileValueSource] for class [edu.harvard.h2ms.service.LocationServiceTests]
21:07:57.645 [main] DEBUG org.springframework.test.annotation.ProfileValueUtils - Retrieved @ProfileValueSourceConfiguration [null] for test class [edu.harvard.h2ms.service.LocationServiceTests]
21:07:57.645 [main] DEBUG org.springframework.test.annotation.ProfileValueUtils - Retrieved ProfileValueSource type [class org.springframework.test.annotation.SystemProfileValueSource] for class [edu.harvard.h2ms.service.LocationServiceTests]
21:07:57.646 [main] DEBUG org.springframework.test.context.support.AbstractDirtiesContextTestExecutionListener - Before test class: context [DefaultTestContext@7486b455 testClass = LocationServiceTests, testInstance = [null], testMethod = [null], testException = [null], mergedContextConfiguration = [MergedContextConfiguration@660acfb testClass = LocationServiceTests, locations = '{}', classes = '{class edu.harvard.h2ms.H2MSRestAppInitializer}', contextInitializerClasses = '[]', activeProfiles = '{}', propertySourceLocations = '{}', propertySourceProperties = '{org.springframework.boot.test.context.SpringBootTestContextBootstrapper=true}', contextCustomizers = set[[ImportsContextCustomizer@5d908d47 key = [org.springframework.boot.autoconfigure.cache.CacheAutoConfiguration, org.springframework.boot.autoconfigure.data.jpa.JpaRepositoriesAutoConfiguration, org.springframework.boot.autoconfigure.flyway.FlywayAutoConfiguration, org.springframework.boot.autoconfigure.jdbc.DataSourceAutoConfiguration, org.springframework.boot.autoconfigure.jdbc.DataSourceTransactionManagerAutoConfiguration, org.springframework.boot.autoconfigure.jdbc.JdbcTemplateAutoConfiguration, org.springframework.boot.autoconfigure.liquibase.LiquibaseAutoConfiguration, org.springframework.boot.autoconfigure.orm.jpa.HibernateJpaAutoConfiguration, org.springframework.boot.autoconfigure.transaction.TransactionAutoConfiguration, org.springframework.boot.test.autoconfigure.jdbc.TestDatabaseAutoConfiguration, org.springframework.boot.test.autoconfigure.orm.jpa.TestEntityManagerAutoConfiguration]], org.springframework.boot.test.context.filter.ExcludeFilterContextCustomizer@1ee807c6, org.springframework.boot.test.json.DuplicateJsonObjectContextCustomizerFactory$DuplicateJsonObjectContextCustomizer@6cc7b4de, org.springframework.boot.test.mock.mockito.MockitoContextCustomizer@0, org.springframework.boot.test.autoconfigure.OverrideAutoConfigurationContextCustomizerFactory$DisableAutoConfigurationContextCustomizer@5e25a92e, org.springframework.boot.test.autoconfigure.filter.TypeExcludeFiltersContextCustomizer@351584c0, org.springframework.boot.test.autoconfigure.properties.PropertyMappingContextCustomizer@21f6a1b6, org.springframework.boot.test.autoconfigure.web.servlet.WebDriverContextCustomizerFactory$Customizer@1c72da34], contextLoader = 'org.springframework.boot.test.context.SpringBootContextLoader', parent = [null]]], class annotated with @DirtiesContext [false] with mode [null].
21:07:57.647 [main] DEBUG org.springframework.test.annotation.ProfileValueUtils - Retrieved @ProfileValueSourceConfiguration [null] for test class [edu.harvard.h2ms.service.LocationServiceTests]
21:07:57.647 [main] DEBUG org.springframework.test.annotation.ProfileValueUtils - Retrieved ProfileValueSource type [class org.springframework.test.annotation.SystemProfileValueSource] for class [edu.harvard.h2ms.service.LocationServiceTests]
21:07:57.648 [main] DEBUG org.springframework.test.context.support.DependencyInjectionTestExecutionListener - Performing dependency injection for test context [[DefaultTestContext@7486b455 testClass = LocationServiceTests, testInstance = edu.harvard.h2ms.service.LocationServiceTests@2d29b4ee, testMethod = [null], testException = [null], mergedContextConfiguration = [MergedContextConfiguration@660acfb testClass = LocationServiceTests, locations = '{}', classes = '{class edu.harvard.h2ms.H2MSRestAppInitializer}', contextInitializerClasses = '[]', activeProfiles = '{}', propertySourceLocations = '{}', propertySourceProperties = '{org.springframework.boot.test.context.SpringBootTestContextBootstrapper=true}', contextCustomizers = set[[ImportsContextCustomizer@5d908d47 key = [org.springframework.boot.autoconfigure.cache.CacheAutoConfiguration, org.springframework.boot.autoconfigure.data.jpa.JpaRepositoriesAutoConfiguration, org.springframework.boot.autoconfigure.flyway.FlywayAutoConfiguration, org.springframework.boot.autoconfigure.jdbc.DataSourceAutoConfiguration, org.springframework.boot.autoconfigure.jdbc.DataSourceTransactionManagerAutoConfiguration, org.springframework.boot.autoconfigure.jdbc.JdbcTemplateAutoConfiguration, org.springframework.boot.autoconfigure.liquibase.LiquibaseAutoConfiguration, org.springframework.boot.autoconfigure.orm.jpa.HibernateJpaAutoConfiguration, org.springframework.boot.autoconfigure.transaction.TransactionAutoConfiguration, org.springframework.boot.test.autoconfigure.jdbc.TestDatabaseAutoConfiguration, org.springframework.boot.test.autoconfigure.orm.jpa.TestEntityManagerAutoConfiguration]], org.springframework.boot.test.context.filter.ExcludeFilterContextCustomizer@1ee807c6, org.springframework.boot.test.json.DuplicateJsonObjectContextCustomizerFactory$DuplicateJsonObjectContextCustomizer@6cc7b4de, org.springframework.boot.test.mock.mockito.MockitoContextCustomizer@0, org.springframework.boot.test.autoconfigure.OverrideAutoConfigurationContextCustomizerFactory$DisableAutoConfigurationContextCustomizer@5e25a92e, org.springframework.boot.test.autoconfigure.filter.TypeExcludeFiltersContextCustomizer@351584c0, org.springframework.boot.test.autoconfigure.properties.PropertyMappingContextCustomizer@21f6a1b6, org.springframework.boot.test.autoconfigure.web.servlet.WebDriverContextCustomizerFactory$Customizer@1c72da34], contextLoader = 'org.springframework.boot.test.context.SpringBootContextLoader', parent = [null]]]].
21:07:57.715 [main] DEBUG org.springframework.core.env.StandardEnvironment - Adding PropertySource 'systemProperties' with lowest search precedence
21:07:57.715 [main] DEBUG org.springframework.core.env.StandardEnvironment - Adding PropertySource 'systemEnvironment' with lowest search precedence
21:07:57.716 [main] DEBUG org.springframework.core.env.StandardEnvironment - Initialized StandardEnvironment with PropertySources [MapPropertySource@652176954 {name='systemProperties', properties={java.runtime.name=OpenJDK Runtime Environment, sun.boot.library.path=/usr/lib/jvm/java-1.8.0-openjdk-1.8.0.161-0.b14.fc27.x86_64/jre/lib/amd64, java.vm.version=25.161-b14, java.vm.vendor=Oracle Corporation, java.vendor.url=http://java.oracle.com/, path.separator=:, java.vm.name=OpenJDK 64-Bit Server VM, file.encoding.pkg=sun.io, user.country=US, sun.java.launcher=SUN_STANDARD, sun.os.patch.level=unknown, java.vm.specification.name=Java Virtual Machine Specification, user.dir=/home/stbenjam/git/h2ms, java.runtime.version=1.8.0_161-b14, basedir=/home/stbenjam/git/h2ms, java.awt.graphicsenv=sun.awt.X11GraphicsEnvironment, java.endorsed.dirs=/usr/lib/jvm/java-1.8.0-openjdk-1.8.0.161-0.b14.fc27.x86_64/jre/lib/endorsed, os.arch=amd64, surefire.real.class.path=/home/stbenjam/git/h2ms/target/surefire/surefirebooter4406525892180618587.jar, java.io.tmpdir=/tmp, line.separator=
, java.vm.specification.vendor=Oracle Corporation, os.name=Linux, sun.jnu.encoding=UTF-8, java.library.path=/usr/java/packages/lib/amd64:/usr/lib64:/lib64:/lib:/usr/lib, surefire.test.class.path=/home/stbenjam/git/h2ms/target/test-classes:/home/stbenjam/git/h2ms/target/classes:/home/stbenjam/.m2/repository/org/springframework/boot/spring-boot-starter-data-rest/1.5.10.RELEASE/spring-boot-starter-data-rest-1.5.10.RELEASE.jar:/home/stbenjam/.m2/repository/org/springframework/boot/spring-boot-starter/1.5.10.RELEASE/spring-boot-starter-1.5.10.RELEASE.jar:/home/stbenjam/.m2/repository/org/springframework/boot/spring-boot/1.5.10.RELEASE/spring-boot-1.5.10.RELEASE.jar:/home/stbenjam/.m2/repository/org/springframework/boot/spring-boot-autoconfigure/1.5.10.RELEASE/spring-boot-autoconfigure-1.5.10.RELEASE.jar:/home/stbenjam/.m2/repository/org/springframework/boot/spring-boot-starter-logging/1.5.10.RELEASE/spring-boot-starter-logging-1.5.10.RELEASE.jar:/home/stbenjam/.m2/repository/ch/qos/logback/logback-classic/1.1.11/logback-classic-1.1.11.jar:/home/stbenjam/.m2/repository/ch/qos/logback/logback-core/1.1.11/logback-core-1.1.11.jar:/home/stbenjam/.m2/repository/org/slf4j/jul-to-slf4j/1.7.25/jul-to-slf4j-1.7.25.jar:/home/stbenjam/.m2/repository/org/slf4j/log4j-over-slf4j/1.7.25/log4j-over-slf4j-1.7.25.jar:/home/stbenjam/.m2/repository/org/yaml/snakeyaml/1.17/snakeyaml-1.17.jar:/home/stbenjam/.m2/repository/com/fasterxml/jackson/core/jackson-annotations/2.8.0/jackson-annotations-2.8.0.jar:/home/stbenjam/.m2/repository/org/springframework/data/spring-data-rest-webmvc/2.6.10.RELEASE/spring-data-rest-webmvc-2.6.10.RELEASE.jar:/home/stbenjam/.m2/repository/org/springframework/data/spring-data-rest-core/2.6.10.RELEASE/spring-data-rest-core-2.6.10.RELEASE.jar:/home/stbenjam/.m2/repository/org/atteo/evo-inflector/1.2.2/evo-inflector-1.2.2.jar:/home/stbenjam/.m2/repository/org/slf4j/jcl-over-slf4j/1.7.25/jcl-over-slf4j-1.7.25.jar:/home/stbenjam/.m2/repository/org/springframework/boot/spring-boot-starter-web/1.5.10.RELEASE/spring-boot-starter-web-1.5.10.RELEASE.jar:/home/stbenjam/.m2/repository/org/springframework/boot/spring-boot-starter-tomcat/1.5.10.RELEASE/spring-boot-starter-tomcat-1.5.10.RELEASE.jar:/home/stbenjam/.m2/repository/org/apache/tomcat/embed/tomcat-embed-core/8.5.27/tomcat-embed-core-8.5.27.jar:/home/stbenjam/.m2/repository/org/apache/tomcat/tomcat-annotations-api/8.5.27/tomcat-annotations-api-8.5.27.jar:/home/stbenjam/.m2/repository/org/apache/tomcat/embed/tomcat-embed-el/8.5.27/tomcat-embed-el-8.5.27.jar:/home/stbenjam/.m2/repository/org/apache/tomcat/embed/tomcat-embed-websocket/8.5.27/tomcat-embed-websocket-8.5.27.jar:/home/stbenjam/.m2/repository/org/hibernate/hibernate-validator/5.3.6.Final/hibernate-validator-5.3.6.Final.jar:/home/stbenjam/.m2/repository/javax/validation/validation-api/1.1.0.Final/validation-api-1.1.0.Final.jar:/home/stbenjam/.m2/repository/org/jboss/logging/jboss-logging/3.3.1.Final/jboss-logging-3.3.1.Final.jar:/home/stbenjam/.m2/repository/org/springframework/spring-web/4.3.14.RELEASE/spring-web-4.3.14.RELEASE.jar:/home/stbenjam/.m2/repository/org/springframework/spring-webmvc/4.3.14.RELEASE/spring-webmvc-4.3.14.RELEASE.jar:/home/stbenjam/.m2/repository/org/springframework/spring-expression/4.3.14.RELEASE/spring-expression-4.3.14.RELEASE.jar:/home/stbenjam/.m2/repository/org/springframework/boot/spring-boot-starter-thymeleaf/1.5.10.RELEASE/spring-boot-starter-thymeleaf-1.5.10.RELEASE.jar:/home/stbenjam/.m2/repository/org/thymeleaf/thymeleaf-spring4/2.1.6.RELEASE/thymeleaf-spring4-2.1.6.RELEASE.jar:/home/stbenjam/.m2/repository/org/thymeleaf/thymeleaf/2.1.6.RELEASE/thymeleaf-2.1.6.RELEASE.jar:/home/stbenjam/.m2/repository/ognl/ognl/3.0.8/ognl-3.0.8.jar:/home/stbenjam/.m2/repository/org/unbescape/unbescape/1.1.0.RELEASE/unbescape-1.1.0.RELEASE.jar:/home/stbenjam/.m2/repository/nz/net/ultraq/thymeleaf/thymeleaf-layout-dialect/1.4.0/thymeleaf-layout-dialect-1.4.0.jar:/home/stbenjam/.m2/repository/org/codehaus/groovy/groovy/2.4.13/groovy-2.4.13.jar:/home/stbenjam/.m2/repository/org/springframework/boot/spring-boot-starter-test/1.5.10.RELEASE/spring-boot-starter-test-1.5.10.RELEASE.jar:/home/stbenjam/.m2/repository/org/springframework/boot/spring-boot-test/1.5.10.RELEASE/spring-boot-test-1.5.10.RELEASE.jar:/home/stbenjam/.m2/repository/org/springframework/boot/spring-boot-test-autoconfigure/1.5.10.RELEASE/spring-boot-test-autoconfigure-1.5.10.RELEASE.jar:/home/stbenjam/.m2/repository/com/jayway/jsonpath/json-path/2.2.0/json-path-2.2.0.jar:/home/stbenjam/.m2/repository/net/minidev/json-smart/2.2.1/json-smart-2.2.1.jar:/home/stbenjam/.m2/repository/net/minidev/accessors-smart/1.1/accessors-smart-1.1.jar:/home/stbenjam/.m2/repository/org/ow2/asm/asm/5.0.3/asm-5.0.3.jar:/home/stbenjam/.m2/repository/junit/junit/4.12/junit-4.12.jar:/home/stbenjam/.m2/repository/org/assertj/assertj-core/2.6.0/assertj-core-2.6.0.jar:/home/stbenjam/.m2/repository/org/mockito/mockito-core/1.10.19/mockito-core-1.10.19.jar:/home/stbenjam/.m2/repository/org/objenesis/objenesis/2.1/objenesis-2.1.jar:/home/stbenjam/.m2/repository/org/hamcrest/hamcrest-core/1.3/hamcrest-core-1.3.jar:/home/stbenjam/.m2/repository/org/hamcrest/hamcrest-library/1.3/hamcrest-library-1.3.jar:/home/stbenjam/.m2/repository/org/skyscreamer/jsonassert/1.4.0/jsonassert-1.4.0.jar:/home/stbenjam/.m2/repository/org/springframework/spring-core/4.3.14.RELEASE/spring-core-4.3.14.RELEASE.jar:/home/stbenjam/.m2/repository/org/springframework/spring-test/4.3.14.RELEASE/spring-test-4.3.14.RELEASE.jar:/home/stbenjam/.m2/repository/org/springframework/restdocs/spring-restdocs-mockmvc/1.1.3.RELEASE/spring-restdocs-mockmvc-1.1.3.RELEASE.jar:/home/stbenjam/.m2/repository/org/springframework/restdocs/spring-restdocs-core/1.1.3.RELEASE/spring-restdocs-core-1.1.3.RELEASE.jar:/home/stbenjam/.m2/repository/javax/servlet/javax.servlet-api/3.1.0/javax.servlet-api-3.1.0.jar:/home/stbenjam/.m2/repository/org/springframework/boot/spring-boot-starter-data-jpa/1.5.10.RELEASE/spring-boot-starter-data-jpa-1.5.10.RELEASE.jar:/home/stbenjam/.m2/repository/org/springframework/boot/spring-boot-starter-aop/1.5.10.RELEASE/spring-boot-starter-aop-1.5.10.RELEASE.jar:/home/stbenjam/.m2/repository/org/aspectj/aspectjweaver/1.8.13/aspectjweaver-1.8.13.jar:/home/stbenjam/.m2/repository/org/springframework/boot/spring-boot-starter-jdbc/1.5.10.RELEASE/spring-boot-starter-jdbc-1.5.10.RELEASE.jar:/home/stbenjam/.m2/repository/org/apache/tomcat/tomcat-jdbc/8.5.27/tomcat-jdbc-8.5.27.jar:/home/stbenjam/.m2/repository/org/apache/tomcat/tomcat-juli/8.5.27/tomcat-juli-8.5.27.jar:/home/stbenjam/.m2/repository/org/springframework/spring-jdbc/4.3.14.RELEASE/spring-jdbc-4.3.14.RELEASE.jar:/home/stbenjam/.m2/repository/org/hibernate/hibernate-core/5.0.12.Final/hibernate-core-5.0.12.Final.jar:/home/stbenjam/.m2/repository/org/hibernate/javax/persistence/hibernate-jpa-2.1-api/1.0.0.Final/hibernate-jpa-2.1-api-1.0.0.Final.jar:/home/stbenjam/.m2/repository/org/javassist/javassist/3.21.0-GA/javassist-3.21.0-GA.jar:/home/stbenjam/.m2/repository/antlr/antlr/2.7.7/antlr-2.7.7.jar:/home/stbenjam/.m2/repository/org/jboss/jandex/2.0.0.Final/jandex-2.0.0.Final.jar:/home/stbenjam/.m2/repository/dom4j/dom4j/1.6.1/dom4j-1.6.1.jar:/home/stbenjam/.m2/repository/org/hibernate/common/hibernate-commons-annotations/5.0.1.Final/hibernate-commons-annotations-5.0.1.Final.jar:/home/stbenjam/.m2/repository/org/hibernate/hibernate-entitymanager/5.0.12.Final/hibernate-entitymanager-5.0.12.Final.jar:/home/stbenjam/.m2/repository/javax/transaction/javax.transaction-api/1.2/javax.transaction-api-1.2.jar:/home/stbenjam/.m2/repository/org/springframework/data/spring-data-jpa/1.11.10.RELEASE/spring-data-jpa-1.11.10.RELEASE.jar:/home/stbenjam/.m2/repository/org/springframework/data/spring-data-commons/1.13.10.RELEASE/spring-data-commons-1.13.10.RELEASE.jar:/home/stbenjam/.m2/repository/org/springframework/spring-orm/4.3.14.RELEASE/spring-orm-4.3.14.RELEASE.jar:/home/stbenjam/.m2/repository/org/springframework/spring-tx/4.3.14.RELEASE/spring-tx-4.3.14.RELEASE.jar:/home/stbenjam/.m2/repository/org/springframework/spring-aspects/4.3.14.RELEASE/spring-aspects-4.3.14.RELEASE.jar:/home/stbenjam/.m2/repository/com/h2database/h2/1.4.196/h2-1.4.196.jar:/home/stbenjam/.m2/repository/org/postgresql/postgresql/9.4-1206-jdbc42/postgresql-9.4-1206-jdbc42.jar:/home/stbenjam/.m2/repository/log4j/log4j/1.2.17/log4j-1.2.17.jar:/home/stbenjam/.m2/repository/com/google/guava/guava/19.0/guava-19.0.jar:/home/stbenjam/.m2/repository/javax/mail/mail/1.4/mail-1.4.jar:/home/stbenjam/.m2/repository/javax/activation/activation/1.1/activation-1.1.jar:/home/stbenjam/.m2/repository/org/springframework/boot/spring-boot-starter-security/1.5.10.RELEASE/spring-boot-starter-security-1.5.10.RELEASE.jar:/home/stbenjam/.m2/repository/org/springframework/spring-aop/4.3.14.RELEASE/spring-aop-4.3.14.RELEASE.jar:/home/stbenjam/.m2/repository/org/springframework/security/spring-security-config/4.2.4.RELEASE/spring-security-config-4.2.4.RELEASE.jar:/home/stbenjam/.m2/repository/org/springframework/security/spring-security-web/4.2.4.RELEASE/spring-security-web-4.2.4.RELEASE.jar:/home/stbenjam/.m2/repository/org/springframework/boot/spring-boot-starter-mail/1.4.3.RELEASE/spring-boot-starter-mail-1.4.3.RELEASE.jar:/home/stbenjam/.m2/repository/org/springframework/spring-context/4.3.14.RELEASE/spring-context-4.3.14.RELEASE.jar:/home/stbenjam/.m2/repository/com/sun/mail/javax.mail/1.5.6/javax.mail-1.5.6.jar:/home/stbenjam/.m2/repository/com/icegreen/greenmail/1.5.5/greenmail-1.5.5.jar:/home/stbenjam/.m2/repository/org/slf4j/slf4j-api/1.7.25/slf4j-api-1.7.25.jar:/home/stbenjam/.m2/repository/org/springframework/security/spring-security-test/4.2.4.RELEASE/spring-security-test-4.2.4.RELEASE.jar:/home/stbenjam/.m2/repository/org/springframework/security/spring-security-core/4.2.4.RELEASE/spring-security-core-4.2.4.RELEASE.jar:/home/stbenjam/.m2/repository/aopalliance/aopalliance/1.0/aopalliance-1.0.jar:/home/stbenjam/.m2/repository/org/springframework/security/oauth/spring-security-oauth2/2.0.14.RELEASE/spring-security-oauth2-2.0.14.RELEASE.jar:/home/stbenjam/.m2/repository/org/springframework/spring-beans/4.3.14.RELEASE/spring-beans-4.3.14.RELEASE.jar:/home/stbenjam/.m2/repository/commons-codec/commons-codec/1.10/commons-codec-1.10.jar:/home/stbenjam/.m2/repository/org/codehaus/jackson/jackson-mapper-asl/1.9.13/jackson-mapper-asl-1.9.13.jar:/home/stbenjam/.m2/repository/org/codehaus/jackson/jackson-core-asl/1.9.13/jackson-core-asl-1.9.13.jar:/home/stbenjam/.m2/repository/io/springfox/springfox-swagger2/2.8.0/springfox-swagger2-2.8.0.jar:/home/stbenjam/.m2/repository/io/swagger/swagger-annotations/1.5.14/swagger-annotations-1.5.14.jar:/home/stbenjam/.m2/repository/io/swagger/swagger-models/1.5.14/swagger-models-1.5.14.jar:/home/stbenjam/.m2/repository/io/springfox/springfox-spi/2.8.0/springfox-spi-2.8.0.jar:/home/stbenjam/.m2/repository/io/springfox/springfox-core/2.8.0/springfox-core-2.8.0.jar:/home/stbenjam/.m2/repository/net/bytebuddy/byte-buddy/1.7.9/byte-buddy-1.7.9.jar:/home/stbenjam/.m2/repository/io/springfox/springfox-schema/2.8.0/springfox-schema-2.8.0.jar:/home/stbenjam/.m2/repository/io/springfox/springfox-swagger-common/2.8.0/springfox-swagger-common-2.8.0.jar:/home/stbenjam/.m2/repository/io/springfox/springfox-spring-web/2.8.0/springfox-spring-web-2.8.0.jar:/home/stbenjam/.m2/repository/org/reflections/reflections/0.9.11/reflections-0.9.11.jar:/home/stbenjam/.m2/repository/com/fasterxml/classmate/1.3.4/classmate-1.3.4.jar:/home/stbenjam/.m2/repository/org/springframework/plugin/spring-plugin-core/1.2.0.RELEASE/spring-plugin-core-1.2.0.RELEASE.jar:/home/stbenjam/.m2/repository/org/springframework/plugin/spring-plugin-metadata/1.2.0.RELEASE/spring-plugin-metadata-1.2.0.RELEASE.jar:/home/stbenjam/.m2/repository/org/mapstruct/mapstruct/1.2.0.Final/mapstruct-1.2.0.Final.jar:/home/stbenjam/.m2/repository/io/springfox/springfox-swagger-ui/2.8.0/springfox-swagger-ui-2.8.0.jar:/home/stbenjam/.m2/repository/io/springfox/springfox-data-rest/2.8.0/springfox-data-rest-2.8.0.jar:/home/stbenjam/.m2/repository/org/springframework/hateoas/spring-hateoas/0.23.0.RELEASE/spring-hateoas-0.23.0.RELEASE.jar:/home/stbenjam/.m2/repository/org/usb4java/usb4java-javax/1.2.0/usb4java-javax-1.2.0.jar:/home/stbenjam/.m2/repository/javax/usb/usb-api/1.0.2/usb-api-1.0.2.jar:/home/stbenjam/.m2/repository/org/apache/commons/commons-lang3/3.2.1/commons-lang3-3.2.1.jar:/home/stbenjam/.m2/repository/org/usb4java/usb4java/1.2.0/usb4java-1.2.0.jar:/home/stbenjam/.m2/repository/org/usb4java/libusb4java/1.2.0/libusb4java-1.2.0-linux-x86.jar:/home/stbenjam/.m2/repository/org/usb4java/libusb4java/1.2.0/libusb4java-1.2.0-linux-x86_64.jar:/home/stbenjam/.m2/repository/org/usb4java/libusb4java/1.2.0/libusb4java-1.2.0-linux-arm.jar:/home/stbenjam/.m2/repository/org/usb4java/libusb4java/1.2.0/libusb4java-1.2.0-windows-x86.jar:/home/stbenjam/.m2/repository/org/usb4java/libusb4java/1.2.0/libusb4java-1.2.0-windows-x86_64.jar:/home/stbenjam/.m2/repository/org/usb4java/libusb4java/1.2.0/libusb4java-1.2.0-osx-x86.jar:/home/stbenjam/.m2/repository/org/usb4java/libusb4java/1.2.0/libusb4java-1.2.0-osx-x86_64.jar:/home/stbenjam/.m2/repository/org/mockito/mockito-all/1.9.5/mockito-all-1.9.5.jar:/home/stbenjam/.m2/repository/com/fasterxml/jackson/core/jackson-databind/2.5.0/jackson-databind-2.5.0.jar:/home/stbenjam/.m2/repository/com/fasterxml/jackson/core/jackson-core/2.8.10/jackson-core-2.8.10.jar:/home/stbenjam/.m2/repository/com/vaadin/external/google/android-json/0.0.20131108.vaadin1/android-json-0.0.20131108.vaadin1.jar:/home/stbenjam/.m2/repository/com/tngtech/java/junit-dataprovider/1.13.1/junit-dataprovider-1.13.1.jar:/home/stbenjam/.m2/repository/org/springframework/spring-context-support/3.2.0.RELEASE/spring-context-support-3.2.0.RELEASE.jar:, java.specification.name=Java Platform API Specification, java.class.version=52.0, sun.management.compiler=HotSpot 64-Bit Tiered Compilers, os.version=4.14.14-300.fc27.x86_64, user.home=/home/stbenjam, user.timezone=America/New_York, java.awt.printerjob=sun.print.PSPrinterJob, file.encoding=UTF-8, java.specification.version=1.8, java.class.path=/home/stbenjam/git/h2ms/target/test-classes:/home/stbenjam/git/h2ms/target/classes:/home/stbenjam/.m2/repository/org/springframework/boot/spring-boot-starter-data-rest/1.5.10.RELEASE/spring-boot-starter-data-rest-1.5.10.RELEASE.jar:/home/stbenjam/.m2/repository/org/springframework/boot/spring-boot-starter/1.5.10.RELEASE/spring-boot-starter-1.5.10.RELEASE.jar:/home/stbenjam/.m2/repository/org/springframework/boot/spring-boot/1.5.10.RELEASE/spring-boot-1.5.10.RELEASE.jar:/home/stbenjam/.m2/repository/org/springframework/boot/spring-boot-autoconfigure/1.5.10.RELEASE/spring-boot-autoconfigure-1.5.10.RELEASE.jar:/home/stbenjam/.m2/repository/org/springframework/boot/spring-boot-starter-logging/1.5.10.RELEASE/spring-boot-starter-logging-1.5.10.RELEASE.jar:/home/stbenjam/.m2/repository/ch/qos/logback/logback-classic/1.1.11/logback-classic-1.1.11.jar:/home/stbenjam/.m2/repository/ch/qos/logback/logback-core/1.1.11/logback-core-1.1.11.jar:/home/stbenjam/.m2/repository/org/slf4j/jul-to-slf4j/1.7.25/jul-to-slf4j-1.7.25.jar:/home/stbenjam/.m2/repository/org/slf4j/log4j-over-slf4j/1.7.25/log4j-over-slf4j-1.7.25.jar:/home/stbenjam/.m2/repository/org/yaml/snakeyaml/1.17/snakeyaml-1.17.jar:/home/stbenjam/.m2/repository/com/fasterxml/jackson/core/jackson-annotations/2.8.0/jackson-annotations-2.8.0.jar:/home/stbenjam/.m2/repository/org/springframework/data/spring-data-rest-webmvc/2.6.10.RELEASE/spring-data-rest-webmvc-2.6.10.RELEASE.jar:/home/stbenjam/.m2/repository/org/springframework/data/spring-data-rest-core/2.6.10.RELEASE/spring-data-rest-core-2.6.10.RELEASE.jar:/home/stbenjam/.m2/repository/org/atteo/evo-inflector/1.2.2/evo-inflector-1.2.2.jar:/home/stbenjam/.m2/repository/org/slf4j/jcl-over-slf4j/1.7.25/jcl-over-slf4j-1.7.25.jar:/home/stbenjam/.m2/repository/org/springframework/boot/spring-boot-starter-web/1.5.10.RELEASE/spring-boot-starter-web-1.5.10.RELEASE.jar:/home/stbenjam/.m2/repository/org/springframework/boot/spring-boot-starter-tomcat/1.5.10.RELEASE/spring-boot-starter-tomcat-1.5.10.RELEASE.jar:/home/stbenjam/.m2/repository/org/apache/tomcat/embed/tomcat-embed-core/8.5.27/tomcat-embed-core-8.5.27.jar:/home/stbenjam/.m2/repository/org/apache/tomcat/tomcat-annotations-api/8.5.27/tomcat-annotations-api-8.5.27.jar:/home/stbenjam/.m2/repository/org/apache/tomcat/embed/tomcat-embed-el/8.5.27/tomcat-embed-el-8.5.27.jar:/home/stbenjam/.m2/repository/org/apache/tomcat/embed/tomcat-embed-websocket/8.5.27/tomcat-embed-websocket-8.5.27.jar:/home/stbenjam/.m2/repository/org/hibernate/hibernate-validator/5.3.6.Final/hibernate-validator-5.3.6.Final.jar:/home/stbenjam/.m2/repository/javax/validation/validation-api/1.1.0.Final/validation-api-1.1.0.Final.jar:/home/stbenjam/.m2/repository/org/jboss/logging/jboss-logging/3.3.1.Final/jboss-logging-3.3.1.Final.jar:/home/stbenjam/.m2/repository/org/springframework/spring-web/4.3.14.RELEASE/spring-web-4.3.14.RELEASE.jar:/home/stbenjam/.m2/repository/org/springframework/spring-webmvc/4.3.14.RELEASE/spring-webmvc-4.3.14.RELEASE.jar:/home/stbenjam/.m2/repository/org/springframework/spring-expression/4.3.14.RELEASE/spring-expression-4.3.14.RELEASE.jar:/home/stbenjam/.m2/repository/org/springframework/boot/spring-boot-starter-thymeleaf/1.5.10.RELEASE/spring-boot-starter-thymeleaf-1.5.10.RELEASE.jar:/home/stbenjam/.m2/repository/org/thymeleaf/thymeleaf-spring4/2.1.6.RELEASE/thymeleaf-spring4-2.1.6.RELEASE.jar:/home/stbenjam/.m2/repository/org/thymeleaf/thymeleaf/2.1.6.RELEASE/thymeleaf-2.1.6.RELEASE.jar:/home/stbenjam/.m2/repository/ognl/ognl/3.0.8/ognl-3.0.8.jar:/home/stbenjam/.m2/repository/org/unbescape/unbescape/1.1.0.RELEASE/unbescape-1.1.0.RELEASE.jar:/home/stbenjam/.m2/repository/nz/net/ultraq/thymeleaf/thymeleaf-layout-dialect/1.4.0/thymeleaf-layout-dialect-1.4.0.jar:/home/stbenjam/.m2/repository/org/codehaus/groovy/groovy/2.4.13/groovy-2.4.13.jar:/home/stbenjam/.m2/repository/org/springframework/boot/spring-boot-starter-test/1.5.10.RELEASE/spring-boot-starter-test-1.5.10.RELEASE.jar:/home/stbenjam/.m2/repository/org/springframework/boot/spring-boot-test/1.5.10.RELEASE/spring-boot-test-1.5.10.RELEASE.jar:/home/stbenjam/.m2/repository/org/springframework/boot/spring-boot-test-autoconfigure/1.5.10.RELEASE/spring-boot-test-autoconfigure-1.5.10.RELEASE.jar:/home/stbenjam/.m2/repository/com/jayway/jsonpath/json-path/2.2.0/json-path-2.2.0.jar:/home/stbenjam/.m2/repository/net/minidev/json-smart/2.2.1/json-smart-2.2.1.jar:/home/stbenjam/.m2/repository/net/minidev/accessors-smart/1.1/accessors-smart-1.1.jar:/home/stbenjam/.m2/repository/org/ow2/asm/asm/5.0.3/asm-5.0.3.jar:/home/stbenjam/.m2/repository/junit/junit/4.12/junit-4.12.jar:/home/stbenjam/.m2/repository/org/assertj/assertj-core/2.6.0/assertj-core-2.6.0.jar:/home/stbenjam/.m2/repository/org/mockito/mockito-core/1.10.19/mockito-core-1.10.19.jar:/home/stbenjam/.m2/repository/org/objenesis/objenesis/2.1/objenesis-2.1.jar:/home/stbenjam/.m2/repository/org/hamcrest/hamcrest-core/1.3/hamcrest-core-1.3.jar:/home/stbenjam/.m2/repository/org/hamcrest/hamcrest-library/1.3/hamcrest-library-1.3.jar:/home/stbenjam/.m2/repository/org/skyscreamer/jsonassert/1.4.0/jsonassert-1.4.0.jar:/home/stbenjam/.m2/repository/org/springframework/spring-core/4.3.14.RELEASE/spring-core-4.3.14.RELEASE.jar:/home/stbenjam/.m2/repository/org/springframework/spring-test/4.3.14.RELEASE/spring-test-4.3.14.RELEASE.jar:/home/stbenjam/.m2/repository/org/springframework/restdocs/spring-restdocs-mockmvc/1.1.3.RELEASE/spring-restdocs-mockmvc-1.1.3.RELEASE.jar:/home/stbenjam/.m2/repository/org/springframework/restdocs/spring-restdocs-core/1.1.3.RELEASE/spring-restdocs-core-1.1.3.RELEASE.jar:/home/stbenjam/.m2/repository/javax/servlet/javax.servlet-api/3.1.0/javax.servlet-api-3.1.0.jar:/home/stbenjam/.m2/repository/org/springframework/boot/spring-boot-starter-data-jpa/1.5.10.RELEASE/spring-boot-starter-data-jpa-1.5.10.RELEASE.jar:/home/stbenjam/.m2/repository/org/springframework/boot/spring-boot-starter-aop/1.5.10.RELEASE/spring-boot-starter-aop-1.5.10.RELEASE.jar:/home/stbenjam/.m2/repository/org/aspectj/aspectjweaver/1.8.13/aspectjweaver-1.8.13.jar:/home/stbenjam/.m2/repository/org/springframework/boot/spring-boot-starter-jdbc/1.5.10.RELEASE/spring-boot-starter-jdbc-1.5.10.RELEASE.jar:/home/stbenjam/.m2/repository/org/apache/tomcat/tomcat-jdbc/8.5.27/tomcat-jdbc-8.5.27.jar:/home/stbenjam/.m2/repository/org/apache/tomcat/tomcat-juli/8.5.27/tomcat-juli-8.5.27.jar:/home/stbenjam/.m2/repository/org/springframework/spring-jdbc/4.3.14.RELEASE/spring-jdbc-4.3.14.RELEASE.jar:/home/stbenjam/.m2/repository/org/hibernate/hibernate-core/5.0.12.Final/hibernate-core-5.0.12.Final.jar:/home/stbenjam/.m2/repository/org/hibernate/javax/persistence/hibernate-jpa-2.1-api/1.0.0.Final/hibernate-jpa-2.1-api-1.0.0.Final.jar:/home/stbenjam/.m2/repository/org/javassist/javassist/3.21.0-GA/javassist-3.21.0-GA.jar:/home/stbenjam/.m2/repository/antlr/antlr/2.7.7/antlr-2.7.7.jar:/home/stbenjam/.m2/repository/org/jboss/jandex/2.0.0.Final/jandex-2.0.0.Final.jar:/home/stbenjam/.m2/repository/dom4j/dom4j/1.6.1/dom4j-1.6.1.jar:/home/stbenjam/.m2/repository/org/hibernate/common/hibernate-commons-annotations/5.0.1.Final/hibernate-commons-annotations-5.0.1.Final.jar:/home/stbenjam/.m2/repository/org/hibernate/hibernate-entitymanager/5.0.12.Final/hibernate-entitymanager-5.0.12.Final.jar:/home/stbenjam/.m2/repository/javax/transaction/javax.transaction-api/1.2/javax.transaction-api-1.2.jar:/home/stbenjam/.m2/repository/org/springframework/data/spring-data-jpa/1.11.10.RELEASE/spring-data-jpa-1.11.10.RELEASE.jar:/home/stbenjam/.m2/repository/org/springframework/data/spring-data-commons/1.13.10.RELEASE/spring-data-commons-1.13.10.RELEASE.jar:/home/stbenjam/.m2/repository/org/springframework/spring-orm/4.3.14.RELEASE/spring-orm-4.3.14.RELEASE.jar:/home/stbenjam/.m2/repository/org/springframework/spring-tx/4.3.14.RELEASE/spring-tx-4.3.14.RELEASE.jar:/home/stbenjam/.m2/repository/org/springframework/spring-aspects/4.3.14.RELEASE/spring-aspects-4.3.14.RELEASE.jar:/home/stbenjam/.m2/repository/com/h2database/h2/1.4.196/h2-1.4.196.jar:/home/stbenjam/.m2/repository/org/postgresql/postgresql/9.4-1206-jdbc42/postgresql-9.4-1206-jdbc42.jar:/home/stbenjam/.m2/repository/log4j/log4j/1.2.17/log4j-1.2.17.jar:/home/stbenjam/.m2/repository/com/google/guava/guava/19.0/guava-19.0.jar:/home/stbenjam/.m2/repository/javax/mail/mail/1.4/mail-1.4.jar:/home/stbenjam/.m2/repository/javax/activation/activation/1.1/activation-1.1.jar:/home/stbenjam/.m2/repository/org/springframework/boot/spring-boot-starter-security/1.5.10.RELEASE/spring-boot-starter-security-1.5.10.RELEASE.jar:/home/stbenjam/.m2/repository/org/springframework/spring-aop/4.3.14.RELEASE/spring-aop-4.3.14.RELEASE.jar:/home/stbenjam/.m2/repository/org/springframework/security/spring-security-config/4.2.4.RELEASE/spring-security-config-4.2.4.RELEASE.jar:/home/stbenjam/.m2/repository/org/springframework/security/spring-security-web/4.2.4.RELEASE/spring-security-web-4.2.4.RELEASE.jar:/home/stbenjam/.m2/repository/org/springframework/boot/spring-boot-starter-mail/1.4.3.RELEASE/spring-boot-starter-mail-1.4.3.RELEASE.jar:/home/stbenjam/.m2/repository/org/springframework/spring-context/4.3.14.RELEASE/spring-context-4.3.14.RELEASE.jar:/home/stbenjam/.m2/repository/com/sun/mail/javax.mail/1.5.6/javax.mail-1.5.6.jar:/home/stbenjam/.m2/repository/com/icegreen/greenmail/1.5.5/greenmail-1.5.5.jar:/home/stbenjam/.m2/repository/org/slf4j/slf4j-api/1.7.25/slf4j-api-1.7.25.jar:/home/stbenjam/.m2/repository/org/springframework/security/spring-security-test/4.2.4.RELEASE/spring-security-test-4.2.4.RELEASE.jar:/home/stbenjam/.m2/repository/org/springframework/security/spring-security-core/4.2.4.RELEASE/spring-security-core-4.2.4.RELEASE.jar:/home/stbenjam/.m2/repository/aopalliance/aopalliance/1.0/aopalliance-1.0.jar:/home/stbenjam/.m2/repository/org/springframework/security/oauth/spring-security-oauth2/2.0.14.RELEASE/spring-security-oauth2-2.0.14.RELEASE.jar:/home/stbenjam/.m2/repository/org/springframework/spring-beans/4.3.14.RELEASE/spring-beans-4.3.14.RELEASE.jar:/home/stbenjam/.m2/repository/commons-codec/commons-codec/1.10/commons-codec-1.10.jar:/home/stbenjam/.m2/repository/org/codehaus/jackson/jackson-mapper-asl/1.9.13/jackson-mapper-asl-1.9.13.jar:/home/stbenjam/.m2/repository/org/codehaus/jackson/jackson-core-asl/1.9.13/jackson-core-asl-1.9.13.jar:/home/stbenjam/.m2/repository/io/springfox/springfox-swagger2/2.8.0/springfox-swagger2-2.8.0.jar:/home/stbenjam/.m2/repository/io/swagger/swagger-annotations/1.5.14/swagger-annotations-1.5.14.jar:/home/stbenjam/.m2/repository/io/swagger/swagger-models/1.5.14/swagger-models-1.5.14.jar:/home/stbenjam/.m2/repository/io/springfox/springfox-spi/2.8.0/springfox-spi-2.8.0.jar:/home/stbenjam/.m2/repository/io/springfox/springfox-core/2.8.0/springfox-core-2.8.0.jar:/home/stbenjam/.m2/repository/net/bytebuddy/byte-buddy/1.7.9/byte-buddy-1.7.9.jar:/home/stbenjam/.m2/repository/io/springfox/springfox-schema/2.8.0/springfox-schema-2.8.0.jar:/home/stbenjam/.m2/repository/io/springfox/springfox-swagger-common/2.8.0/springfox-swagger-common-2.8.0.jar:/home/stbenjam/.m2/repository/io/springfox/springfox-spring-web/2.8.0/springfox-spring-web-2.8.0.jar:/home/stbenjam/.m2/repository/org/reflections/reflections/0.9.11/reflections-0.9.11.jar:/home/stbenjam/.m2/repository/com/fasterxml/classmate/1.3.4/classmate-1.3.4.jar:/home/stbenjam/.m2/repository/org/springframework/plugin/spring-plugin-core/1.2.0.RELEASE/spring-plugin-core-1.2.0.RELEASE.jar:/home/stbenjam/.m2/repository/org/springframework/plugin/spring-plugin-metadata/1.2.0.RELEASE/spring-plugin-metadata-1.2.0.RELEASE.jar:/home/stbenjam/.m2/repository/org/mapstruct/mapstruct/1.2.0.Final/mapstruct-1.2.0.Final.jar:/home/stbenjam/.m2/repository/io/springfox/springfox-swagger-ui/2.8.0/springfox-swagger-ui-2.8.0.jar:/home/stbenjam/.m2/repository/io/springfox/springfox-data-rest/2.8.0/springfox-data-rest-2.8.0.jar:/home/stbenjam/.m2/repository/org/springframework/hateoas/spring-hateoas/0.23.0.RELEASE/spring-hateoas-0.23.0.RELEASE.jar:/home/stbenjam/.m2/repository/org/usb4java/usb4java-javax/1.2.0/usb4java-javax-1.2.0.jar:/home/stbenjam/.m2/repository/javax/usb/usb-api/1.0.2/usb-api-1.0.2.jar:/home/stbenjam/.m2/repository/org/apache/commons/commons-lang3/3.2.1/commons-lang3-3.2.1.jar:/home/stbenjam/.m2/repository/org/usb4java/usb4java/1.2.0/usb4java-1.2.0.jar:/home/stbenjam/.m2/repository/org/usb4java/libusb4java/1.2.0/libusb4java-1.2.0-linux-x86.jar:/home/stbenjam/.m2/repository/org/usb4java/libusb4java/1.2.0/libusb4java-1.2.0-linux-x86_64.jar:/home/stbenjam/.m2/repository/org/usb4java/libusb4java/1.2.0/libusb4java-1.2.0-linux-arm.jar:/home/stbenjam/.m2/repository/org/usb4java/libusb4java/1.2.0/libusb4java-1.2.0-windows-x86.jar:/home/stbenjam/.m2/repository/org/usb4java/libusb4java/1.2.0/libusb4java-1.2.0-windows-x86_64.jar:/home/stbenjam/.m2/repository/org/usb4java/libusb4java/1.2.0/libusb4java-1.2.0-osx-x86.jar:/home/stbenjam/.m2/repository/org/usb4java/libusb4java/1.2.0/libusb4java-1.2.0-osx-x86_64.jar:/home/stbenjam/.m2/repository/org/mockito/mockito-all/1.9.5/mockito-all-1.9.5.jar:/home/stbenjam/.m2/repository/com/fasterxml/jackson/core/jackson-databind/2.5.0/jackson-databind-2.5.0.jar:/home/stbenjam/.m2/repository/com/fasterxml/jackson/core/jackson-core/2.8.10/jackson-core-2.8.10.jar:/home/stbenjam/.m2/repository/com/vaadin/external/google/android-json/0.0.20131108.vaadin1/android-json-0.0.20131108.vaadin1.jar:/home/stbenjam/.m2/repository/com/tngtech/java/junit-dataprovider/1.13.1/junit-dataprovider-1.13.1.jar:/home/stbenjam/.m2/repository/org/springframework/spring-context-support/3.2.0.RELEASE/spring-context-support-3.2.0.RELEASE.jar:, user.name=stbenjam, java.vm.specification.version=1.8, sun.java.command=/home/stbenjam/git/h2ms/target/surefire/surefirebooter4406525892180618587.jar /home/stbenjam/git/h2ms/target/surefire/surefire6178053267997541662tmp /home/stbenjam/git/h2ms/target/surefire/surefire_03387072603084303265tmp, java.home=/usr/lib/jvm/java-1.8.0-openjdk-1.8.0.161-0.b14.fc27.x86_64/jre, sun.arch.data.model=64, user.language=en, java.specification.vendor=Oracle Corporation, awt.toolkit=sun.awt.X11.XToolkit, java.vm.info=mixed mode, java.version=1.8.0_161, java.ext.dirs=/usr/lib/jvm/java-1.8.0-openjdk-1.8.0.161-0.b14.fc27.x86_64/jre/lib/ext:/usr/java/packages/lib/ext, sun.boot.class.path=/usr/lib/jvm/java-1.8.0-openjdk-1.8.0.161-0.b14.fc27.x86_64/jre/lib/resources.jar:/usr/lib/jvm/java-1.8.0-openjdk-1.8.0.161-0.b14.fc27.x86_64/jre/lib/rt.jar:/usr/lib/jvm/java-1.8.0-openjdk-1.8.0.161-0.b14.fc27.x86_64/jre/lib/sunrsasign.jar:/usr/lib/jvm/java-1.8.0-openjdk-1.8.0.161-0.b14.fc27.x86_64/jre/lib/jsse.jar:/usr/lib/jvm/java-1.8.0-openjdk-1.8.0.161-0.b14.fc27.x86_64/jre/lib/jce.jar:/usr/lib/jvm/java-1.8.0-openjdk-1.8.0.161-0.b14.fc27.x86_64/jre/lib/charsets.jar:/usr/lib/jvm/java-1.8.0-openjdk-1.8.0.161-0.b14.fc27.x86_64/jre/lib/jfr.jar:/usr/lib/jvm/java-1.8.0-openjdk-1.8.0.161-0.b14.fc27.x86_64/jre/classes, java.vendor=Oracle Corporation, localRepository=/home/stbenjam/.m2/repository, file.separator=/, java.vendor.url.bug=http://bugreport.sun.com/bugreport/, sun.io.unicode.encoding=UnicodeLittle, sun.cpu.endian=little, sun.desktop=gnome, sun.cpu.isalist=}}, SystemEnvironmentPropertySource@1245065720 {name='systemEnvironment', properties={IRBRC=/home/stbenjam/.rvm/rubies/ruby-2.3.3/.irbrc, PATH=/home/stbenjam/.rvm/gems/ruby-2.3.3/bin:/home/stbenjam/.rvm/gems/ruby-2.3.3@global/bin:/home/stbenjam/.rvm/rubies/ruby-2.3.3/bin:/usr/local/bin:/usr/bin:/bin:/usr/local/sbin:/usr/sbin:/home/stbenjam/.local/bin:/home/stbenjam/bin:/home/stbenjam/.rvm/bin, rvm_silent_flag=, HISTCONTROL=ignoredups, XMODIFIERS=@im=ibus, GDMSESSION=gnome-xorg, rvm_quiet_flag=, GUESTFISH_RESTORE=\e[0m, DBUS_SESSION_BUS_ADDRESS=unix:path=/run/user/1000/bus,guid=0ff0c73f492cc1dc3846ae835aac7cd0, COLORTERM=truecolor, rvm_ruby_make_install=, rvm_niceness=, SESSION_MANAGER=local/unix:@/tmp/.ICE-unix/1818,unix/unix:/tmp/.ICE-unix/1818, USERNAME=stbenjam, rvm_version=1.29.1 (latest), PWD=/home/stbenjam/git/h2ms, MANAGERPID=1759, LESSOPEN=||/usr/bin/lesspipe.sh %s, PAGER=less, QTINC=/usr/lib64/qt-3.3/include, rvm_hook=, rvm_wrapper_name=, MY_RUBY_HOME=/home/stbenjam/.rvm/rubies/ruby-2.3.3, rvm_nightly_flag=, ZSH=/home/stbenjam/.oh-my-zsh, rvm_path=/home/stbenjam/.rvm, GUESTFISH_INIT=\e[1;34m, GNOME_DESKTOP_SESSION_ID=this-is-deprecated, SYSTEMD_NSS_BYPASS_BUS=1, DBUS_STARTER_ADDRESS=unix:path=/run/user/1000/bus,guid=0ff0c73f492cc1dc3846ae835aac7cd0, LC_CTYPE=en_US.UTF-8, SHLVL=2, LOADEDMODULES=, HISTSIZE=10000, JAVA_HOME=/usr/lib/jvm/java-1.8.0-openjdk-1.8.0.161-0.b14.fc27.x86_64, TERM=xterm-256color, XDG_SESSION_ID=2, rvm_script_name=, rvm_ruby_make=, rvm_docs_type=, _=/usr/lib/jvm/java-1.8.0-openjdk-1.8.0.161-0.b14.fc27.x86_64/jre/bin/java, MAVEN_PROJECTBASEDIR=/home/stbenjam/git/h2ms, DESKTOP_SESSION=gnome-xorg, XDG_MENU_PREFIX=gnome-, VTE_VERSION=5002, rvm_alias_expanded=, rvm_ruby_bits=, GEM_PATH=/home/stbenjam/.rvm/gems/ruby-2.3.3:/home/stbenjam/.rvm/gems/ruby-2.3.3@global, TILIX_ID=df6230d2-2679-42ab-bd7f-667d05988153, XAUTHORITY=/run/user/1000/gdm/Xauthority, INVOCATION_ID=2a8a59bd24d3424f8a519125eeaea755, XDG_DATA_DIRS=/home/stbenjam/.local/share/flatpak/exports/share/:/var/lib/flatpak/exports/share/:/usr/local/share/:/usr/share/, MODULEPATH=/etc/scl/modulefiles:/etc/scl/modulefiles:/usr/share/Modules/modulefiles:/etc/modulefiles:/usr/share/modulefiles, rvm_bin_flag=, VAGRANT_DEFAULT_PROVIDER=libvirt, XDG_CURRENT_DESKTOP=GNOME, JOURNAL_STREAM=9:35277, MAIL=/var/spool/mail/stbenjam, rvm_ruby_mode=, LOGNAME=stbenjam, rvm_proxy=, SHELL=/bin/zsh, rvm_sdk=, OLDPWD=/home/stbenjam/git/h2ms, GEM_HOME=/home/stbenjam/.rvm/gems/ruby-2.3.3, rvm_use_flag=, GIT=/bin/git, RUBY_VERSION=ruby-2.3.3, _system_name=Fedora, LESS=-R, XDG_SESSION_DESKTOP=gnome-xorg, LS_COLORS=rs=0:di=38;5;33:ln=38;5;51:mh=00:pi=40;38;5;11:so=38;5;13:do=38;5;5:bd=48;5;232;38;5;11:cd=48;5;232;38;5;3:or=48;5;232;38;5;9:mi=01;05;37;41:su=48;5;196;38;5;15:sg=48;5;11;38;5;16:ca=48;5;196;38;5;226:tw=48;5;10;38;5;16:ow=48;5;10;38;5;21:st=48;5;21;38;5;15:ex=38;5;40:*.tar=38;5;9:*.tgz=38;5;9:*.arc=38;5;9:*.arj=38;5;9:*.taz=38;5;9:*.lha=38;5;9:*.lz4=38;5;9:*.lzh=38;5;9:*.lzma=38;5;9:*.tlz=38;5;9:*.txz=38;5;9:*.tzo=38;5;9:*.t7z=38;5;9:*.zip=38;5;9:*.z=38;5;9:*.Z=38;5;9:*.dz=38;5;9:*.gz=38;5;9:*.lrz=38;5;9:*.lz=38;5;9:*.lzo=38;5;9:*.xz=38;5;9:*.zst=38;5;9:*.tzst=38;5;9:*.bz2=38;5;9:*.bz=38;5;9:*.tbz=38;5;9:*.tbz2=38;5;9:*.tz=38;5;9:*.deb=38;5;9:*.rpm=38;5;9:*.jar=38;5;9:*.war=38;5;9:*.ear=38;5;9:*.sar=38;5;9:*.rar=38;5;9:*.alz=38;5;9:*.ace=38;5;9:*.zoo=38;5;9:*.cpio=38;5;9:*.7z=38;5;9:*.rz=38;5;9:*.cab=38;5;9:*.wim=38;5;9:*.swm=38;5;9:*.dwm=38;5;9:*.esd=38;5;9:*.jpg=38;5;13:*.jpeg=38;5;13:*.mjpg=38;5;13:*.mjpeg=38;5;13:*.gif=38;5;13:*.bmp=38;5;13:*.pbm=38;5;13:*.pgm=38;5;13:*.ppm=38;5;13:*.tga=38;5;13:*.xbm=38;5;13:*.xpm=38;5;13:*.tif=38;5;13:*.tiff=38;5;13:*.png=38;5;13:*.svg=38;5;13:*.svgz=38;5;13:*.mng=38;5;13:*.pcx=38;5;13:*.mov=38;5;13:*.mpg=38;5;13:*.mpeg=38;5;13:*.m2v=38;5;13:*.mkv=38;5;13:*.webm=38;5;13:*.ogm=38;5;13:*.mp4=38;5;13:*.m4v=38;5;13:*.mp4v=38;5;13:*.vob=38;5;13:*.qt=38;5;13:*.nuv=38;5;13:*.wmv=38;5;13:*.asf=38;5;13:*.rm=38;5;13:*.rmvb=38;5;13:*.flc=38;5;13:*.avi=38;5;13:*.fli=38;5;13:*.flv=38;5;13:*.gl=38;5;13:*.dl=38;5;13:*.xcf=38;5;13:*.xwd=38;5;13:*.yuv=38;5;13:*.cgm=38;5;13:*.emf=38;5;13:*.ogv=38;5;13:*.ogx=38;5;13:*.aac=38;5;45:*.au=38;5;45:*.flac=38;5;45:*.m4a=38;5;45:*.mid=38;5;45:*.midi=38;5;45:*.mka=38;5;45:*.mp3=38;5;45:*.mpc=38;5;45:*.ogg=38;5;45:*.ra=38;5;45:*.wav=38;5;45:*.oga=38;5;45:*.opus=38;5;45:*.spx=38;5;45:*.xspf=38;5;45:, rvm_gemstone_package_file=, _system_arch=x86_64, rvm_bin_path=/home/stbenjam/.rvm/bin, QT_IM_MODULE=ibus, rvm_only_path_flag=, rvm_prefix=/home/stbenjam, LANG=en_US.UTF-8, XDG_SESSION_TYPE=x11, DISPLAY=:0, rvm_gemstone_url=, GDM_LANG=en_US.UTF-8, GUESTFISH_PS1=\[\e[1;32m\]><fs>\[\e[0;31m\] , LSCOLORS=Gxfxcxdxbxegedabagacad, _system_type=Linux, _system_version=27, GPG_TTY=/dev/pts/1, USER=stbenjam, rvm_ruby_file=, WINDOWPATH=2, XDG_SEAT=seat0, SSH_AUTH_SOCK=/run/user/1000/keyring/ssh, EDITOR=vim, HOSTNAME=ancient.bitbin.de, MODULESHOME=/usr/share/Modules, QTDIR=/usr/lib64/qt-3.3, XDG_RUNTIME_DIR=/run/user/1000, XDG_VTNR=2, GUESTFISH_OUTPUT=\e[0m, DBUS_STARTER_BUS_TYPE=session, QTLIB=/usr/lib64/qt-3.3/lib, HOME=/home/stbenjam}}]
21:07:57.720 [main] DEBUG org.springframework.core.env.MutablePropertySources - Adding PropertySource 'inline' with highest search precedence
21:07:57.722 [main] DEBUG org.springframework.test.context.support.TestPropertySourceUtils - Adding inlined properties to environment: {spring.jmx.enabled=false, org.springframework.boot.test.context.SpringBootTestContextBootstrapper=true, server.port=-1}
21:07:57.723 [main] DEBUG org.springframework.core.env.StandardEnvironment - Adding PropertySource 'Inlined Test Properties' with highest search precedence

  .   ____          _            __ _ _
 /\\ / ___'_ __ _ _(_)_ __  __ _ \ \ \ \
( ( )\___ | '_ | '_| | '_ \/ _` | \ \ \ \
 \\/  ___)| |_)| | | | | || (_| |  ) ) ) )
  '  |____| .__|_| |_|_| |_\__, | / / / /
 =========|_|==============|___/=/_/_/_/
 :: Spring Boot ::       (v1.5.10.RELEASE)

2018-03-31 21:07:58.007  INFO 16041 --- [           main] e.h.h2ms.service.LocationServiceTests    : Starting LocationServiceTests on ancient.bitbin.de with PID 16041 (started by stbenjam in /home/stbenjam/git/h2ms)
2018-03-31 21:07:58.008  INFO 16041 --- [           main] e.h.h2ms.service.LocationServiceTests    : No active profile set, falling back to default profiles: default
2018-03-31 21:07:58.190  INFO 16041 --- [           main] s.c.a.AnnotationConfigApplicationContext : Refreshing org.springframework.context.annotation.AnnotationConfigApplicationContext@76884e4b: startup date [Sat Mar 31 21:07:58 EDT 2018]; root of context hierarchy
2018-03-31 21:07:58.689  INFO 16041 --- [           main] beddedDataSourceBeanFactoryPostProcessor : Replacing 'dataSource' DataSource bean with embedded version
2018-03-31 21:07:58.690  INFO 16041 --- [           main] o.s.b.f.s.DefaultListableBeanFactory     : Overriding bean definition for bean 'dataSource' with a different definition: replacing [Root bean: class [null]; scope=; abstract=false; lazyInit=false; autowireMode=3; dependencyCheck=0; autowireCandidate=true; primary=false; factoryBeanName=org.springframework.boot.autoconfigure.jdbc.DataSourceConfiguration$Tomcat; factoryMethodName=dataSource; initMethodName=null; destroyMethodName=(inferred); defined in class path resource [org/springframework/boot/autoconfigure/jdbc/DataSourceConfiguration$Tomcat.class]] with [Root bean: class [org.springframework.boot.test.autoconfigure.jdbc.TestDatabaseAutoConfiguration$EmbeddedDataSourceFactoryBean]; scope=; abstract=false; lazyInit=false; autowireMode=0; dependencyCheck=0; autowireCandidate=true; primary=false; factoryBeanName=null; factoryMethodName=null; initMethodName=null; destroyMethodName=null]
2018-03-31 21:07:58.924  INFO 16041 --- [           main] o.s.j.d.e.EmbeddedDatabaseFactory        : Starting embedded database: url='jdbc:h2:mem:091d2c63-9bb8-4b9d-8ba8-c18ec294d5f4;DB_CLOSE_DELAY=-1;DB_CLOSE_ON_EXIT=false', username='sa'
2018-03-31 21:07:59.440  INFO 16041 --- [           main] j.LocalContainerEntityManagerFactoryBean : Building JPA container EntityManagerFactory for persistence unit 'default'
2018-03-31 21:07:59.466  INFO 16041 --- [           main] o.hibernate.jpa.internal.util.LogHelper  : HHH000204: Processing PersistenceUnitInfo [
	name: default
	...]
2018-03-31 21:07:59.547  INFO 16041 --- [           main] org.hibernate.Version                    : HHH000412: Hibernate Core {5.0.12.Final}
2018-03-31 21:07:59.548  INFO 16041 --- [           main] org.hibernate.cfg.Environment            : HHH000206: hibernate.properties not found
2018-03-31 21:07:59.550  INFO 16041 --- [           main] org.hibernate.cfg.Environment            : HHH000021: Bytecode provider name : javassist
2018-03-31 21:07:59.598  INFO 16041 --- [           main] o.hibernate.annotations.common.Version   : HCANN000001: Hibernate Commons Annotations {5.0.1.Final}
2018-03-31 21:07:59.750  INFO 16041 --- [           main] org.hibernate.dialect.Dialect            : HHH000400: Using dialect: org.hibernate.dialect.H2Dialect
2018-03-31 21:08:00.471  INFO 16041 --- [           main] org.hibernate.tool.hbm2ddl.SchemaExport  : HHH000227: Running hbm2ddl schema export
Hibernate: drop table answer if exists
Hibernate: drop table event if exists
Hibernate: drop table event_template if exists
Hibernate: drop table h2msrole if exists
Hibernate: drop table location if exists
Hibernate: drop table question if exists
Hibernate: drop table question_options if exists
Hibernate: drop table reader if exists
Hibernate: drop table user_role if exists
Hibernate: drop table users if exists
Hibernate: drop table wrist_band if exists
Hibernate: create table answer (id bigint generated by default as identity, answer_type varchar(255) not null, value varchar(255), event_id bigint, question_id bigint, primary key (id))
Hibernate: create table event (id bigint generated by default as identity, location varchar(255) not null, timestamp timestamp not null, event_template_id bigint not null, observer_id bigint not null, subject_id bigint not null, primary key (id))
Hibernate: create table event_template (id bigint generated by default as identity, name varchar(255) not null, primary key (id))
Hibernate: create table h2msrole (id bigint generated by default as identity, name varchar(255), primary key (id))
Hibernate: create table location (id bigint generated by default as identity, address varchar(255), country varchar(255), name varchar(255), type varchar(255), zip varchar(255), parent_id bigint, parent bigint, primary key (id))
Hibernate: create table question (id bigint generated by default as identity, answer_type varchar(255) not null, priority integer not null, question varchar(255) not null, required boolean not null, event_template_id bigint, primary key (id))
Hibernate: create table question_options (question_id bigint not null, options varchar(255))
Hibernate: create table reader (id bigint generated by default as identity, brand_name varchar(255), capacity varchar(255), charge_time varchar(255), model_number varchar(255), order_number integer, voltage varchar(255), primary key (id))
Hibernate: create table user_role (user_id bigint not null, role_id bigint not null, primary key (user_id, role_id))
Hibernate: create table users (id bigint generated by default as identity, created_on timestamp, email varchar(255) not null, enabled boolean, first_name varchar(255) not null, last_login timestamp, last_name varchar(255) not null, middle_name varchar(255), notification_frequency varchar(255), password varchar(255) not null, reset_token varchar(255), type varchar(255), primary key (id))
Hibernate: create table wrist_band (id bigint generated by default as identity, bit_format varchar(255), color varchar(255), laser_engraved boolean, order_number integer, sku varchar(255), primary key (id))
Hibernate: alter table users add constraint UK_6dotkott2kjsp8vw4d0m25fb7 unique (email)
Hibernate: alter table answer add constraint FKhyn1ywsrt6rxgi79g73fbg2h9 foreign key (event_id) references event
Hibernate: alter table answer add constraint FK8frr4bcabmmeyyu60qt7iiblo foreign key (question_id) references question
Hibernate: alter table event add constraint FKgfsn4ag41954gfg40gmrwib2q foreign key (event_template_id) references event_template
Hibernate: alter table event add constraint FKjs3rogwcqbcsduon6uvailjd6 foreign key (observer_id) references users
Hibernate: alter table event add constraint FK3niylmreok2j1hfoua3xmeydy foreign key (subject_id) references users
Hibernate: alter table location add constraint FKm5xl34yboc8re75qsac6svt6g foreign key (parent_id) references location
Hibernate: alter table location add constraint FKfansd4i9xv9x97fyq62yq3yh9 foreign key (parent) references location
Hibernate: alter table question add constraint FKmthmx291pg64rij16qshkx6o4 foreign key (event_template_id) references event_template
Hibernate: alter table question_options add constraint FKjk4v42xhyfv4ca1yyhorsg5tv foreign key (question_id) references question
Hibernate: alter table user_role add constraint FKmpa6lwndu56ekdvo6qlyudgmq foreign key (role_id) references h2msrole
Hibernate: alter table user_role add constraint FKj345gk1bovqvfame88rcx7yyx foreign key (user_id) references users
2018-03-31 21:08:00.539  INFO 16041 --- [           main] org.hibernate.tool.hbm2ddl.SchemaExport  : HHH000230: Schema export complete
2018-03-31 21:08:00.616  INFO 16041 --- [           main] j.LocalContainerEntityManagerFactoryBean : Initialized JPA EntityManagerFactory for persistence unit 'default'
2018-03-31 21:08:01.076  INFO 16041 --- [           main] e.h.h2ms.service.LocationServiceTests    : Started LocationServiceTests in 3.351 seconds (JVM running for 4.56)
2018-03-31 21:08:01.134  INFO 16041 --- [           main] o.s.t.c.transaction.TransactionContext   : Began transaction (1) for test context [DefaultTestContext@7486b455 testClass = LocationServiceTests, testInstance = edu.harvard.h2ms.service.LocationServiceTests@2d29b4ee, testMethod = whenFindByName_thenReturnLocation@LocationServiceTests, testException = [null], mergedContextConfiguration = [MergedContextConfiguration@660acfb testClass = LocationServiceTests, locations = '{}', classes = '{class edu.harvard.h2ms.H2MSRestAppInitializer}', contextInitializerClasses = '[]', activeProfiles = '{}', propertySourceLocations = '{}', propertySourceProperties = '{org.springframework.boot.test.context.SpringBootTestContextBootstrapper=true}', contextCustomizers = set[[ImportsContextCustomizer@5d908d47 key = [org.springframework.boot.autoconfigure.cache.CacheAutoConfiguration, org.springframework.boot.autoconfigure.data.jpa.JpaRepositoriesAutoConfiguration, org.springframework.boot.autoconfigure.flyway.FlywayAutoConfiguration, org.springframework.boot.autoconfigure.jdbc.DataSourceAutoConfiguration, org.springframework.boot.autoconfigure.jdbc.DataSourceTransactionManagerAutoConfiguration, org.springframework.boot.autoconfigure.jdbc.JdbcTemplateAutoConfiguration, org.springframework.boot.autoconfigure.liquibase.LiquibaseAutoConfiguration, org.springframework.boot.autoconfigure.orm.jpa.HibernateJpaAutoConfiguration, org.springframework.boot.autoconfigure.transaction.TransactionAutoConfiguration, org.springframework.boot.test.autoconfigure.jdbc.TestDatabaseAutoConfiguration, org.springframework.boot.test.autoconfigure.orm.jpa.TestEntityManagerAutoConfiguration]], org.springframework.boot.test.context.filter.ExcludeFilterContextCustomizer@1ee807c6, org.springframework.boot.test.json.DuplicateJsonObjectContextCustomizerFactory$DuplicateJsonObjectContextCustomizer@6cc7b4de, org.springframework.boot.test.mock.mockito.MockitoContextCustomizer@0, org.springframework.boot.test.autoconfigure.OverrideAutoConfigurationContextCustomizerFactory$DisableAutoConfigurationContextCustomizer@5e25a92e, org.springframework.boot.test.autoconfigure.filter.TypeExcludeFiltersContextCustomizer@351584c0, org.springframework.boot.test.autoconfigure.properties.PropertyMappingContextCustomizer@21f6a1b6, org.springframework.boot.test.autoconfigure.web.servlet.WebDriverContextCustomizerFactory$Customizer@1c72da34], contextLoader = 'org.springframework.boot.test.context.SpringBootContextLoader', parent = [null]]]; transaction manager [org.springframework.orm.jpa.JpaTransactionManager@57ce2898]; rollback [true]
Hibernate: insert into location (id, address, country, name, parent_id, type, zip) values (null, ?, ?, ?, ?, ?, ?)
2018-03-31 21:08:01.229  INFO 16041 --- [           main] o.h.h.i.QueryTranslatorFactoryInitiator  : HHH000397: Using ASTQueryTranslatorFactory
Hibernate: select location0_.id as id1_4_, location0_.address as address2_4_, location0_.country as country3_4_, location0_.name as name4_4_, location0_.parent_id as parent_i7_4_, location0_.type as type5_4_, location0_.zip as zip6_4_ from location location0_ where location0_.name=?
Hibernate: insert into location (id, address, country, name, parent_id, type, zip) values (null, ?, ?, ?, ?, ?, ?)
Hibernate: select location0_.id as id1_4_, location0_.address as address2_4_, location0_.country as country3_4_, location0_.name as name4_4_, location0_.parent_id as parent_i7_4_, location0_.type as type5_4_, location0_.zip as zip6_4_ from location location0_ where location0_.name=?
2018-03-31 21:08:01.409  INFO 16041 --- [           main] o.s.t.c.transaction.TransactionContext   : Rolled back transaction for test context [DefaultTestContext@7486b455 testClass = LocationServiceTests, testInstance = edu.harvard.h2ms.service.LocationServiceTests@2d29b4ee, testMethod = whenFindByName_thenReturnLocation@LocationServiceTests, testException = [null], mergedContextConfiguration = [MergedContextConfiguration@660acfb testClass = LocationServiceTests, locations = '{}', classes = '{class edu.harvard.h2ms.H2MSRestAppInitializer}', contextInitializerClasses = '[]', activeProfiles = '{}', propertySourceLocations = '{}', propertySourceProperties = '{org.springframework.boot.test.context.SpringBootTestContextBootstrapper=true}', contextCustomizers = set[[ImportsContextCustomizer@5d908d47 key = [org.springframework.boot.autoconfigure.cache.CacheAutoConfiguration, org.springframework.boot.autoconfigure.data.jpa.JpaRepositoriesAutoConfiguration, org.springframework.boot.autoconfigure.flyway.FlywayAutoConfiguration, org.springframework.boot.autoconfigure.jdbc.DataSourceAutoConfiguration, org.springframework.boot.autoconfigure.jdbc.DataSourceTransactionManagerAutoConfiguration, org.springframework.boot.autoconfigure.jdbc.JdbcTemplateAutoConfiguration, org.springframework.boot.autoconfigure.liquibase.LiquibaseAutoConfiguration, org.springframework.boot.autoconfigure.orm.jpa.HibernateJpaAutoConfiguration, org.springframework.boot.autoconfigure.transaction.TransactionAutoConfiguration, org.springframework.boot.test.autoconfigure.jdbc.TestDatabaseAutoConfiguration, org.springframework.boot.test.autoconfigure.orm.jpa.TestEntityManagerAutoConfiguration]], org.springframework.boot.test.context.filter.ExcludeFilterContextCustomizer@1ee807c6, org.springframework.boot.test.json.DuplicateJsonObjectContextCustomizerFactory$DuplicateJsonObjectContextCustomizer@6cc7b4de, org.springframework.boot.test.mock.mockito.MockitoContextCustomizer@0, org.springframework.boot.test.autoconfigure.OverrideAutoConfigurationContextCustomizerFactory$DisableAutoConfigurationContextCustomizer@5e25a92e, org.springframework.boot.test.autoconfigure.filter.TypeExcludeFiltersContextCustomizer@351584c0, org.springframework.boot.test.autoconfigure.properties.PropertyMappingContextCustomizer@21f6a1b6, org.springframework.boot.test.autoconfigure.web.servlet.WebDriverContextCustomizerFactory$Customizer@1c72da34], contextLoader = 'org.springframework.boot.test.context.SpringBootContextLoader', parent = [null]]].
Tests run: 1, Failures: 0, Errors: 0, Skipped: 0, Time elapsed: 3.823 sec - in edu.harvard.h2ms.service.LocationServiceTests
Running edu.harvard.h2ms.service.UserDetailsServiceTest
2018-03-31 21:08:01.412  INFO 16041 --- [           main] o.s.t.c.s.DefaultTestContextBootstrapper : Neither @ContextConfiguration nor @ContextHierarchy found for test class [edu.harvard.h2ms.service.UserDetailsServiceTest], using DelegatingSmartContextLoader
2018-03-31 21:08:01.412  INFO 16041 --- [           main] o.s.t.c.support.AbstractContextLoader    : Could not detect default resource locations for test class [edu.harvard.h2ms.service.UserDetailsServiceTest]: no resource found for suffixes {-context.xml, Context.groovy}.
2018-03-31 21:08:01.413  INFO 16041 --- [           main] c.s.AbstractDelegatingSmartContextLoader : AnnotationConfigContextLoader detected default configuration classes for context configuration [ContextConfigurationAttributes@62108cd3 declaringClass = 'edu.harvard.h2ms.service.UserDetailsServiceTest', classes = '{class edu.harvard.h2ms.service.UserDetailsServiceTest$UserDetailsServiceContextConfiguration}', locations = '{}', inheritLocations = false, initializers = '{}', inheritInitializers = true, name = [null], contextLoaderClass = 'org.springframework.test.context.ContextLoader'].
2018-03-31 21:08:01.418  INFO 16041 --- [           main] o.s.t.c.s.DefaultTestContextBootstrapper : Loaded default TestExecutionListener class names from location [META-INF/spring.factories]: [org.springframework.boot.test.mock.mockito.MockitoTestExecutionListener, org.springframework.boot.test.mock.mockito.ResetMocksTestExecutionListener, org.springframework.boot.test.autoconfigure.restdocs.RestDocsTestExecutionListener, org.springframework.boot.test.autoconfigure.web.client.MockRestServiceServerResetTestExecutionListener, org.springframework.boot.test.autoconfigure.web.servlet.MockMvcPrintOnlyOnFailureTestExecutionListener, org.springframework.boot.test.autoconfigure.web.servlet.WebDriverTestExecutionListener, org.springframework.test.context.web.ServletTestExecutionListener, org.springframework.test.context.support.DirtiesContextBeforeModesTestExecutionListener, org.springframework.test.context.support.DependencyInjectionTestExecutionListener, org.springframework.test.context.support.DirtiesContextTestExecutionListener, org.springframework.test.context.transaction.TransactionalTestExecutionListener, org.springframework.test.context.jdbc.SqlScriptsTestExecutionListener, org.springframework.security.test.context.support.WithSecurityContextTestExecutionListener]
2018-03-31 21:08:01.418  INFO 16041 --- [           main] o.s.t.c.s.DefaultTestContextBootstrapper : Using TestExecutionListeners: [org.springframework.test.context.web.ServletTestExecutionListener@23396fc0, org.springframework.test.context.support.DirtiesContextBeforeModesTestExecutionListener@c11332b, org.springframework.test.context.support.DependencyInjectionTestExecutionListener@7e5e6573, org.springframework.test.context.support.DirtiesContextTestExecutionListener@3005623b, org.springframework.test.context.transaction.TransactionalTestExecutionListener@58aa5c94, org.springframework.test.context.jdbc.SqlScriptsTestExecutionListener@5d27b4c1, org.springframework.security.test.context.support.WithSecurityContextTestExecutionListener@50df37eb, org.springframework.boot.test.mock.mockito.MockitoTestExecutionListener@4b508371, org.springframework.boot.test.mock.mockito.ResetMocksTestExecutionListener@41143873, org.springframework.boot.test.autoconfigure.restdocs.RestDocsTestExecutionListener@21f50d2c, org.springframework.boot.test.autoconfigure.web.client.MockRestServiceServerResetTestExecutionListener@8bc0696, org.springframework.boot.test.autoconfigure.web.servlet.MockMvcPrintOnlyOnFailureTestExecutionListener@473847fb, org.springframework.boot.test.autoconfigure.web.servlet.WebDriverTestExecutionListener@270f28cf]
2018-03-31 21:08:01.421  INFO 16041 --- [           main] o.s.c.support.GenericApplicationContext  : Refreshing org.springframework.context.support.GenericApplicationContext@2e1add6f: startup date [Sat Mar 31 21:08:01 EDT 2018]; root of context hierarchy
2018-03-31 21:08:01.684  INFO 16041 --- [           main] o.s.c.support.GenericApplicationContext  : Closing org.springframework.context.support.GenericApplicationContext@2e1add6f: startup date [Sat Mar 31 21:08:01 EDT 2018]; root of context hierarchy
2018-03-31 21:08:01.686  INFO 16041 --- [           main] o.s.c.support.GenericApplicationContext  : Refreshing org.springframework.context.support.GenericApplicationContext@8ac512e: startup date [Sat Mar 31 21:08:01 EDT 2018]; root of context hierarchy
Tests run: 2, Failures: 0, Errors: 0, Skipped: 0, Time elapsed: 0.381 sec - in edu.harvard.h2ms.service.UserDetailsServiceTest
Running edu.harvard.h2ms.domain.core.UserTest
2018-03-31 21:08:01.841  INFO 16041 --- [           main] .b.t.c.SpringBootTestContextBootstrapper : Neither @ContextConfiguration nor @ContextHierarchy found for test class [edu.harvard.h2ms.domain.core.UserTest], using SpringBootContextLoader
2018-03-31 21:08:01.843  INFO 16041 --- [           main] o.s.t.c.support.AbstractContextLoader    : Could not detect default resource locations for test class [edu.harvard.h2ms.domain.core.UserTest]: no resource found for suffixes {-context.xml, Context.groovy}.
2018-03-31 21:08:01.843  INFO 16041 --- [           main] t.c.s.AnnotationConfigContextLoaderUtils : Could not detect default configuration classes for test class [edu.harvard.h2ms.domain.core.UserTest]: UserTest does not declare any static, non-private, non-final, nested classes annotated with @Configuration.
2018-03-31 21:08:01.855  INFO 16041 --- [           main] .b.t.c.SpringBootTestContextBootstrapper : Found @SpringBootConfiguration edu.harvard.h2ms.H2MSRestAppInitializer for test class edu.harvard.h2ms.domain.core.UserTest
2018-03-31 21:08:01.863  INFO 16041 --- [           main] .b.t.c.SpringBootTestContextBootstrapper : Loaded default TestExecutionListener class names from location [META-INF/spring.factories]: [org.springframework.boot.test.mock.mockito.MockitoTestExecutionListener, org.springframework.boot.test.mock.mockito.ResetMocksTestExecutionListener, org.springframework.boot.test.autoconfigure.restdocs.RestDocsTestExecutionListener, org.springframework.boot.test.autoconfigure.web.client.MockRestServiceServerResetTestExecutionListener, org.springframework.boot.test.autoconfigure.web.servlet.MockMvcPrintOnlyOnFailureTestExecutionListener, org.springframework.boot.test.autoconfigure.web.servlet.WebDriverTestExecutionListener, org.springframework.test.context.web.ServletTestExecutionListener, org.springframework.test.context.support.DirtiesContextBeforeModesTestExecutionListener, org.springframework.test.context.support.DependencyInjectionTestExecutionListener, org.springframework.test.context.support.DirtiesContextTestExecutionListener, org.springframework.test.context.transaction.TransactionalTestExecutionListener, org.springframework.test.context.jdbc.SqlScriptsTestExecutionListener, org.springframework.security.test.context.support.WithSecurityContextTestExecutionListener]
2018-03-31 21:08:01.869  INFO 16041 --- [           main] .b.t.c.SpringBootTestContextBootstrapper : Using TestExecutionListeners: [org.springframework.test.context.web.ServletTestExecutionListener@466fedfa, org.springframework.test.context.support.DirtiesContextBeforeModesTestExecutionListener@1a7d0c9f, org.springframework.boot.test.autoconfigure.SpringBootDependencyInjectionTestExecutionListener@2b1a901d, org.springframework.test.context.support.DirtiesContextTestExecutionListener@11bdab37, org.springframework.test.context.transaction.TransactionalTestExecutionListener@280484c7, org.springframework.test.context.jdbc.SqlScriptsTestExecutionListener@5a6f6cac, org.springframework.security.test.context.support.WithSecurityContextTestExecutionListener@258a8584, org.springframework.boot.test.mock.mockito.MockitoTestExecutionListener@59127611, org.springframework.boot.test.mock.mockito.ResetMocksTestExecutionListener@553ce348, org.springframework.boot.test.autoconfigure.restdocs.RestDocsTestExecutionListener@7417ef4f, org.springframework.boot.test.autoconfigure.web.client.MockRestServiceServerResetTestExecutionListener@5c0e2ec, org.springframework.boot.test.autoconfigure.web.servlet.MockMvcPrintOnlyOnFailureTestExecutionListener@4fa8bebb, org.springframework.boot.test.autoconfigure.web.servlet.WebDriverTestExecutionListener@7d3c22a5]
2018-03-31 21:08:01.908  INFO 16041 --- [           main] o.s.t.c.transaction.TransactionContext   : Began transaction (1) for test context [DefaultTestContext@3feebf9c testClass = UserTest, testInstance = edu.harvard.h2ms.domain.core.UserTest@305e95a4, testMethod = testLastNameRequired@UserTest, testException = [null], mergedContextConfiguration = [MergedContextConfiguration@369ad7da testClass = UserTest, locations = '{}', classes = '{class edu.harvard.h2ms.H2MSRestAppInitializer}', contextInitializerClasses = '[]', activeProfiles = '{}', propertySourceLocations = '{}', propertySourceProperties = '{org.springframework.boot.test.context.SpringBootTestContextBootstrapper=true}', contextCustomizers = set[[ImportsContextCustomizer@344f9467 key = [org.springframework.boot.autoconfigure.cache.CacheAutoConfiguration, org.springframework.boot.autoconfigure.data.jpa.JpaRepositoriesAutoConfiguration, org.springframework.boot.autoconfigure.flyway.FlywayAutoConfiguration, org.springframework.boot.autoconfigure.jdbc.DataSourceAutoConfiguration, org.springframework.boot.autoconfigure.jdbc.DataSourceTransactionManagerAutoConfiguration, org.springframework.boot.autoconfigure.jdbc.JdbcTemplateAutoConfiguration, org.springframework.boot.autoconfigure.liquibase.LiquibaseAutoConfiguration, org.springframework.boot.autoconfigure.orm.jpa.HibernateJpaAutoConfiguration, org.springframework.boot.autoconfigure.transaction.TransactionAutoConfiguration, org.springframework.boot.test.autoconfigure.jdbc.TestDatabaseAutoConfiguration, org.springframework.boot.test.autoconfigure.orm.jpa.TestEntityManagerAutoConfiguration]], org.springframework.boot.test.context.filter.ExcludeFilterContextCustomizer@1ee807c6, org.springframework.boot.test.json.DuplicateJsonObjectContextCustomizerFactory$DuplicateJsonObjectContextCustomizer@6cc7b4de, org.springframework.boot.test.mock.mockito.MockitoContextCustomizer@0, org.springframework.boot.test.autoconfigure.OverrideAutoConfigurationContextCustomizerFactory$DisableAutoConfigurationContextCustomizer@5e25a92e, org.springframework.boot.test.autoconfigure.filter.TypeExcludeFiltersContextCustomizer@351584c0, org.springframework.boot.test.autoconfigure.properties.PropertyMappingContextCustomizer@21f6a1b6, org.springframework.boot.test.autoconfigure.web.servlet.WebDriverContextCustomizerFactory$Customizer@1c72da34], contextLoader = 'org.springframework.boot.test.context.SpringBootContextLoader', parent = [null]]]; transaction manager [org.springframework.orm.jpa.JpaTransactionManager@57ce2898]; rollback [true]
2018-03-31 21:08:02.012  INFO 16041 --- [           main] o.s.t.c.transaction.TransactionContext   : Rolled back transaction for test context [DefaultTestContext@3feebf9c testClass = UserTest, testInstance = edu.harvard.h2ms.domain.core.UserTest@305e95a4, testMethod = testLastNameRequired@UserTest, testException = [null], mergedContextConfiguration = [MergedContextConfiguration@369ad7da testClass = UserTest, locations = '{}', classes = '{class edu.harvard.h2ms.H2MSRestAppInitializer}', contextInitializerClasses = '[]', activeProfiles = '{}', propertySourceLocations = '{}', propertySourceProperties = '{org.springframework.boot.test.context.SpringBootTestContextBootstrapper=true}', contextCustomizers = set[[ImportsContextCustomizer@344f9467 key = [org.springframework.boot.autoconfigure.cache.CacheAutoConfiguration, org.springframework.boot.autoconfigure.data.jpa.JpaRepositoriesAutoConfiguration, org.springframework.boot.autoconfigure.flyway.FlywayAutoConfiguration, org.springframework.boot.autoconfigure.jdbc.DataSourceAutoConfiguration, org.springframework.boot.autoconfigure.jdbc.DataSourceTransactionManagerAutoConfiguration, org.springframework.boot.autoconfigure.jdbc.JdbcTemplateAutoConfiguration, org.springframework.boot.autoconfigure.liquibase.LiquibaseAutoConfiguration, org.springframework.boot.autoconfigure.orm.jpa.HibernateJpaAutoConfiguration, org.springframework.boot.autoconfigure.transaction.TransactionAutoConfiguration, org.springframework.boot.test.autoconfigure.jdbc.TestDatabaseAutoConfiguration, org.springframework.boot.test.autoconfigure.orm.jpa.TestEntityManagerAutoConfiguration]], org.springframework.boot.test.context.filter.ExcludeFilterContextCustomizer@1ee807c6, org.springframework.boot.test.json.DuplicateJsonObjectContextCustomizerFactory$DuplicateJsonObjectContextCustomizer@6cc7b4de, org.springframework.boot.test.mock.mockito.MockitoContextCustomizer@0, org.springframework.boot.test.autoconfigure.OverrideAutoConfigurationContextCustomizerFactory$DisableAutoConfigurationContextCustomizer@5e25a92e, org.springframework.boot.test.autoconfigure.filter.TypeExcludeFiltersContextCustomizer@351584c0, org.springframework.boot.test.autoconfigure.properties.PropertyMappingContextCustomizer@21f6a1b6, org.springframework.boot.test.autoconfigure.web.servlet.WebDriverContextCustomizerFactory$Customizer@1c72da34], contextLoader = 'org.springframework.boot.test.context.SpringBootContextLoader', parent = [null]]].
2018-03-31 21:08:02.016  INFO 16041 --- [           main] o.s.t.c.transaction.TransactionContext   : Began transaction (1) for test context [DefaultTestContext@3feebf9c testClass = UserTest, testInstance = edu.harvard.h2ms.domain.core.UserTest@6076c66, testMethod = testPasswordIsHashed@UserTest, testException = [null], mergedContextConfiguration = [MergedContextConfiguration@369ad7da testClass = UserTest, locations = '{}', classes = '{class edu.harvard.h2ms.H2MSRestAppInitializer}', contextInitializerClasses = '[]', activeProfiles = '{}', propertySourceLocations = '{}', propertySourceProperties = '{org.springframework.boot.test.context.SpringBootTestContextBootstrapper=true}', contextCustomizers = set[[ImportsContextCustomizer@344f9467 key = [org.springframework.boot.autoconfigure.cache.CacheAutoConfiguration, org.springframework.boot.autoconfigure.data.jpa.JpaRepositoriesAutoConfiguration, org.springframework.boot.autoconfigure.flyway.FlywayAutoConfiguration, org.springframework.boot.autoconfigure.jdbc.DataSourceAutoConfiguration, org.springframework.boot.autoconfigure.jdbc.DataSourceTransactionManagerAutoConfiguration, org.springframework.boot.autoconfigure.jdbc.JdbcTemplateAutoConfiguration, org.springframework.boot.autoconfigure.liquibase.LiquibaseAutoConfiguration, org.springframework.boot.autoconfigure.orm.jpa.HibernateJpaAutoConfiguration, org.springframework.boot.autoconfigure.transaction.TransactionAutoConfiguration, org.springframework.boot.test.autoconfigure.jdbc.TestDatabaseAutoConfiguration, org.springframework.boot.test.autoconfigure.orm.jpa.TestEntityManagerAutoConfiguration]], org.springframework.boot.test.context.filter.ExcludeFilterContextCustomizer@1ee807c6, org.springframework.boot.test.json.DuplicateJsonObjectContextCustomizerFactory$DuplicateJsonObjectContextCustomizer@6cc7b4de, org.springframework.boot.test.mock.mockito.MockitoContextCustomizer@0, org.springframework.boot.test.autoconfigure.OverrideAutoConfigurationContextCustomizerFactory$DisableAutoConfigurationContextCustomizer@5e25a92e, org.springframework.boot.test.autoconfigure.filter.TypeExcludeFiltersContextCustomizer@351584c0, org.springframework.boot.test.autoconfigure.properties.PropertyMappingContextCustomizer@21f6a1b6, org.springframework.boot.test.autoconfigure.web.servlet.WebDriverContextCustomizerFactory$Customizer@1c72da34], contextLoader = 'org.springframework.boot.test.context.SpringBootContextLoader', parent = [null]]]; transaction manager [org.springframework.orm.jpa.JpaTransactionManager@57ce2898]; rollback [true]
Hibernate: insert into users (id, created_on, email, enabled, first_name, last_login, last_name, middle_name, notification_frequency, password, reset_token, type) values (null, ?, ?, ?, ?, ?, ?, ?, ?, ?, ?, ?)
Hibernate: select user0_.id as id1_9_, user0_.created_on as created_2_9_, user0_.email as email3_9_, user0_.enabled as enabled4_9_, user0_.first_name as first_na5_9_, user0_.last_login as last_log6_9_, user0_.last_name as last_nam7_9_, user0_.middle_name as middle_n8_9_, user0_.notification_frequency as notifica9_9_, user0_.password as passwor10_9_, user0_.reset_token as reset_t11_9_, user0_.type as type12_9_ from users user0_ where user0_.email=?
2018-03-31 21:08:02.187  INFO 16041 --- [           main] o.s.t.c.transaction.TransactionContext   : Rolled back transaction for test context [DefaultTestContext@3feebf9c testClass = UserTest, testInstance = edu.harvard.h2ms.domain.core.UserTest@6076c66, testMethod = testPasswordIsHashed@UserTest, testException = [null], mergedContextConfiguration = [MergedContextConfiguration@369ad7da testClass = UserTest, locations = '{}', classes = '{class edu.harvard.h2ms.H2MSRestAppInitializer}', contextInitializerClasses = '[]', activeProfiles = '{}', propertySourceLocations = '{}', propertySourceProperties = '{org.springframework.boot.test.context.SpringBootTestContextBootstrapper=true}', contextCustomizers = set[[ImportsContextCustomizer@344f9467 key = [org.springframework.boot.autoconfigure.cache.CacheAutoConfiguration, org.springframework.boot.autoconfigure.data.jpa.JpaRepositoriesAutoConfiguration, org.springframework.boot.autoconfigure.flyway.FlywayAutoConfiguration, org.springframework.boot.autoconfigure.jdbc.DataSourceAutoConfiguration, org.springframework.boot.autoconfigure.jdbc.DataSourceTransactionManagerAutoConfiguration, org.springframework.boot.autoconfigure.jdbc.JdbcTemplateAutoConfiguration, org.springframework.boot.autoconfigure.liquibase.LiquibaseAutoConfiguration, org.springframework.boot.autoconfigure.orm.jpa.HibernateJpaAutoConfiguration, org.springframework.boot.autoconfigure.transaction.TransactionAutoConfiguration, org.springframework.boot.test.autoconfigure.jdbc.TestDatabaseAutoConfiguration, org.springframework.boot.test.autoconfigure.orm.jpa.TestEntityManagerAutoConfiguration]], org.springframework.boot.test.context.filter.ExcludeFilterContextCustomizer@1ee807c6, org.springframework.boot.test.json.DuplicateJsonObjectContextCustomizerFactory$DuplicateJsonObjectContextCustomizer@6cc7b4de, org.springframework.boot.test.mock.mockito.MockitoContextCustomizer@0, org.springframework.boot.test.autoconfigure.OverrideAutoConfigurationContextCustomizerFactory$DisableAutoConfigurationContextCustomizer@5e25a92e, org.springframework.boot.test.autoconfigure.filter.TypeExcludeFiltersContextCustomizer@351584c0, org.springframework.boot.test.autoconfigure.properties.PropertyMappingContextCustomizer@21f6a1b6, org.springframework.boot.test.autoconfigure.web.servlet.WebDriverContextCustomizerFactory$Customizer@1c72da34], contextLoader = 'org.springframework.boot.test.context.SpringBootContextLoader', parent = [null]]].
2018-03-31 21:08:02.189  INFO 16041 --- [           main] o.s.t.c.transaction.TransactionContext   : Began transaction (1) for test context [DefaultTestContext@3feebf9c testClass = UserTest, testInstance = edu.harvard.h2ms.domain.core.UserTest@794cb26b, testMethod = testPasswordRequired@UserTest, testException = [null], mergedContextConfiguration = [MergedContextConfiguration@369ad7da testClass = UserTest, locations = '{}', classes = '{class edu.harvard.h2ms.H2MSRestAppInitializer}', contextInitializerClasses = '[]', activeProfiles = '{}', propertySourceLocations = '{}', propertySourceProperties = '{org.springframework.boot.test.context.SpringBootTestContextBootstrapper=true}', contextCustomizers = set[[ImportsContextCustomizer@344f9467 key = [org.springframework.boot.autoconfigure.cache.CacheAutoConfiguration, org.springframework.boot.autoconfigure.data.jpa.JpaRepositoriesAutoConfiguration, org.springframework.boot.autoconfigure.flyway.FlywayAutoConfiguration, org.springframework.boot.autoconfigure.jdbc.DataSourceAutoConfiguration, org.springframework.boot.autoconfigure.jdbc.DataSourceTransactionManagerAutoConfiguration, org.springframework.boot.autoconfigure.jdbc.JdbcTemplateAutoConfiguration, org.springframework.boot.autoconfigure.liquibase.LiquibaseAutoConfiguration, org.springframework.boot.autoconfigure.orm.jpa.HibernateJpaAutoConfiguration, org.springframework.boot.autoconfigure.transaction.TransactionAutoConfiguration, org.springframework.boot.test.autoconfigure.jdbc.TestDatabaseAutoConfiguration, org.springframework.boot.test.autoconfigure.orm.jpa.TestEntityManagerAutoConfiguration]], org.springframework.boot.test.context.filter.ExcludeFilterContextCustomizer@1ee807c6, org.springframework.boot.test.json.DuplicateJsonObjectContextCustomizerFactory$DuplicateJsonObjectContextCustomizer@6cc7b4de, org.springframework.boot.test.mock.mockito.MockitoContextCustomizer@0, org.springframework.boot.test.autoconfigure.OverrideAutoConfigurationContextCustomizerFactory$DisableAutoConfigurationContextCustomizer@5e25a92e, org.springframework.boot.test.autoconfigure.filter.TypeExcludeFiltersContextCustomizer@351584c0, org.springframework.boot.test.autoconfigure.properties.PropertyMappingContextCustomizer@21f6a1b6, org.springframework.boot.test.autoconfigure.web.servlet.WebDriverContextCustomizerFactory$Customizer@1c72da34], contextLoader = 'org.springframework.boot.test.context.SpringBootContextLoader', parent = [null]]]; transaction manager [org.springframework.orm.jpa.JpaTransactionManager@57ce2898]; rollback [true]
2018-03-31 21:08:02.192  INFO 16041 --- [           main] o.s.t.c.transaction.TransactionContext   : Rolled back transaction for test context [DefaultTestContext@3feebf9c testClass = UserTest, testInstance = edu.harvard.h2ms.domain.core.UserTest@794cb26b, testMethod = testPasswordRequired@UserTest, testException = [null], mergedContextConfiguration = [MergedContextConfiguration@369ad7da testClass = UserTest, locations = '{}', classes = '{class edu.harvard.h2ms.H2MSRestAppInitializer}', contextInitializerClasses = '[]', activeProfiles = '{}', propertySourceLocations = '{}', propertySourceProperties = '{org.springframework.boot.test.context.SpringBootTestContextBootstrapper=true}', contextCustomizers = set[[ImportsContextCustomizer@344f9467 key = [org.springframework.boot.autoconfigure.cache.CacheAutoConfiguration, org.springframework.boot.autoconfigure.data.jpa.JpaRepositoriesAutoConfiguration, org.springframework.boot.autoconfigure.flyway.FlywayAutoConfiguration, org.springframework.boot.autoconfigure.jdbc.DataSourceAutoConfiguration, org.springframework.boot.autoconfigure.jdbc.DataSourceTransactionManagerAutoConfiguration, org.springframework.boot.autoconfigure.jdbc.JdbcTemplateAutoConfiguration, org.springframework.boot.autoconfigure.liquibase.LiquibaseAutoConfiguration, org.springframework.boot.autoconfigure.orm.jpa.HibernateJpaAutoConfiguration, org.springframework.boot.autoconfigure.transaction.TransactionAutoConfiguration, org.springframework.boot.test.autoconfigure.jdbc.TestDatabaseAutoConfiguration, org.springframework.boot.test.autoconfigure.orm.jpa.TestEntityManagerAutoConfiguration]], org.springframework.boot.test.context.filter.ExcludeFilterContextCustomizer@1ee807c6, org.springframework.boot.test.json.DuplicateJsonObjectContextCustomizerFactory$DuplicateJsonObjectContextCustomizer@6cc7b4de, org.springframework.boot.test.mock.mockito.MockitoContextCustomizer@0, org.springframework.boot.test.autoconfigure.OverrideAutoConfigurationContextCustomizerFactory$DisableAutoConfigurationContextCustomizer@5e25a92e, org.springframework.boot.test.autoconfigure.filter.TypeExcludeFiltersContextCustomizer@351584c0, org.springframework.boot.test.autoconfigure.properties.PropertyMappingContextCustomizer@21f6a1b6, org.springframework.boot.test.autoconfigure.web.servlet.WebDriverContextCustomizerFactory$Customizer@1c72da34], contextLoader = 'org.springframework.boot.test.context.SpringBootContextLoader', parent = [null]]].
2018-03-31 21:08:02.195  INFO 16041 --- [           main] o.s.t.c.transaction.TransactionContext   : Began transaction (1) for test context [DefaultTestContext@3feebf9c testClass = UserTest, testInstance = edu.harvard.h2ms.domain.core.UserTest@3de8f85c, testMethod = testFirstNameRequired@UserTest, testException = [null], mergedContextConfiguration = [MergedContextConfiguration@369ad7da testClass = UserTest, locations = '{}', classes = '{class edu.harvard.h2ms.H2MSRestAppInitializer}', contextInitializerClasses = '[]', activeProfiles = '{}', propertySourceLocations = '{}', propertySourceProperties = '{org.springframework.boot.test.context.SpringBootTestContextBootstrapper=true}', contextCustomizers = set[[ImportsContextCustomizer@344f9467 key = [org.springframework.boot.autoconfigure.cache.CacheAutoConfiguration, org.springframework.boot.autoconfigure.data.jpa.JpaRepositoriesAutoConfiguration, org.springframework.boot.autoconfigure.flyway.FlywayAutoConfiguration, org.springframework.boot.autoconfigure.jdbc.DataSourceAutoConfiguration, org.springframework.boot.autoconfigure.jdbc.DataSourceTransactionManagerAutoConfiguration, org.springframework.boot.autoconfigure.jdbc.JdbcTemplateAutoConfiguration, org.springframework.boot.autoconfigure.liquibase.LiquibaseAutoConfiguration, org.springframework.boot.autoconfigure.orm.jpa.HibernateJpaAutoConfiguration, org.springframework.boot.autoconfigure.transaction.TransactionAutoConfiguration, org.springframework.boot.test.autoconfigure.jdbc.TestDatabaseAutoConfiguration, org.springframework.boot.test.autoconfigure.orm.jpa.TestEntityManagerAutoConfiguration]], org.springframework.boot.test.context.filter.ExcludeFilterContextCustomizer@1ee807c6, org.springframework.boot.test.json.DuplicateJsonObjectContextCustomizerFactory$DuplicateJsonObjectContextCustomizer@6cc7b4de, org.springframework.boot.test.mock.mockito.MockitoContextCustomizer@0, org.springframework.boot.test.autoconfigure.OverrideAutoConfigurationContextCustomizerFactory$DisableAutoConfigurationContextCustomizer@5e25a92e, org.springframework.boot.test.autoconfigure.filter.TypeExcludeFiltersContextCustomizer@351584c0, org.springframework.boot.test.autoconfigure.properties.PropertyMappingContextCustomizer@21f6a1b6, org.springframework.boot.test.autoconfigure.web.servlet.WebDriverContextCustomizerFactory$Customizer@1c72da34], contextLoader = 'org.springframework.boot.test.context.SpringBootContextLoader', parent = [null]]]; transaction manager [org.springframework.orm.jpa.JpaTransactionManager@57ce2898]; rollback [true]
2018-03-31 21:08:02.294  INFO 16041 --- [           main] o.s.t.c.transaction.TransactionContext   : Rolled back transaction for test context [DefaultTestContext@3feebf9c testClass = UserTest, testInstance = edu.harvard.h2ms.domain.core.UserTest@3de8f85c, testMethod = testFirstNameRequired@UserTest, testException = [null], mergedContextConfiguration = [MergedContextConfiguration@369ad7da testClass = UserTest, locations = '{}', classes = '{class edu.harvard.h2ms.H2MSRestAppInitializer}', contextInitializerClasses = '[]', activeProfiles = '{}', propertySourceLocations = '{}', propertySourceProperties = '{org.springframework.boot.test.context.SpringBootTestContextBootstrapper=true}', contextCustomizers = set[[ImportsContextCustomizer@344f9467 key = [org.springframework.boot.autoconfigure.cache.CacheAutoConfiguration, org.springframework.boot.autoconfigure.data.jpa.JpaRepositoriesAutoConfiguration, org.springframework.boot.autoconfigure.flyway.FlywayAutoConfiguration, org.springframework.boot.autoconfigure.jdbc.DataSourceAutoConfiguration, org.springframework.boot.autoconfigure.jdbc.DataSourceTransactionManagerAutoConfiguration, org.springframework.boot.autoconfigure.jdbc.JdbcTemplateAutoConfiguration, org.springframework.boot.autoconfigure.liquibase.LiquibaseAutoConfiguration, org.springframework.boot.autoconfigure.orm.jpa.HibernateJpaAutoConfiguration, org.springframework.boot.autoconfigure.transaction.TransactionAutoConfiguration, org.springframework.boot.test.autoconfigure.jdbc.TestDatabaseAutoConfiguration, org.springframework.boot.test.autoconfigure.orm.jpa.TestEntityManagerAutoConfiguration]], org.springframework.boot.test.context.filter.ExcludeFilterContextCustomizer@1ee807c6, org.springframework.boot.test.json.DuplicateJsonObjectContextCustomizerFactory$DuplicateJsonObjectContextCustomizer@6cc7b4de, org.springframework.boot.test.mock.mockito.MockitoContextCustomizer@0, org.springframework.boot.test.autoconfigure.OverrideAutoConfigurationContextCustomizerFactory$DisableAutoConfigurationContextCustomizer@5e25a92e, org.springframework.boot.test.autoconfigure.filter.TypeExcludeFiltersContextCustomizer@351584c0, org.springframework.boot.test.autoconfigure.properties.PropertyMappingContextCustomizer@21f6a1b6, org.springframework.boot.test.autoconfigure.web.servlet.WebDriverContextCustomizerFactory$Customizer@1c72da34], contextLoader = 'org.springframework.boot.test.context.SpringBootContextLoader', parent = [null]]].
2018-03-31 21:08:02.298  INFO 16041 --- [           main] o.s.t.c.transaction.TransactionContext   : Began transaction (1) for test context [DefaultTestContext@3feebf9c testClass = UserTest, testInstance = edu.harvard.h2ms.domain.core.UserTest@6c70b7c3, testMethod = testEmailRequired@UserTest, testException = [null], mergedContextConfiguration = [MergedContextConfiguration@369ad7da testClass = UserTest, locations = '{}', classes = '{class edu.harvard.h2ms.H2MSRestAppInitializer}', contextInitializerClasses = '[]', activeProfiles = '{}', propertySourceLocations = '{}', propertySourceProperties = '{org.springframework.boot.test.context.SpringBootTestContextBootstrapper=true}', contextCustomizers = set[[ImportsContextCustomizer@344f9467 key = [org.springframework.boot.autoconfigure.cache.CacheAutoConfiguration, org.springframework.boot.autoconfigure.data.jpa.JpaRepositoriesAutoConfiguration, org.springframework.boot.autoconfigure.flyway.FlywayAutoConfiguration, org.springframework.boot.autoconfigure.jdbc.DataSourceAutoConfiguration, org.springframework.boot.autoconfigure.jdbc.DataSourceTransactionManagerAutoConfiguration, org.springframework.boot.autoconfigure.jdbc.JdbcTemplateAutoConfiguration, org.springframework.boot.autoconfigure.liquibase.LiquibaseAutoConfiguration, org.springframework.boot.autoconfigure.orm.jpa.HibernateJpaAutoConfiguration, org.springframework.boot.autoconfigure.transaction.TransactionAutoConfiguration, org.springframework.boot.test.autoconfigure.jdbc.TestDatabaseAutoConfiguration, org.springframework.boot.test.autoconfigure.orm.jpa.TestEntityManagerAutoConfiguration]], org.springframework.boot.test.context.filter.ExcludeFilterContextCustomizer@1ee807c6, org.springframework.boot.test.json.DuplicateJsonObjectContextCustomizerFactory$DuplicateJsonObjectContextCustomizer@6cc7b4de, org.springframework.boot.test.mock.mockito.MockitoContextCustomizer@0, org.springframework.boot.test.autoconfigure.OverrideAutoConfigurationContextCustomizerFactory$DisableAutoConfigurationContextCustomizer@5e25a92e, org.springframework.boot.test.autoconfigure.filter.TypeExcludeFiltersContextCustomizer@351584c0, org.springframework.boot.test.autoconfigure.properties.PropertyMappingContextCustomizer@21f6a1b6, org.springframework.boot.test.autoconfigure.web.servlet.WebDriverContextCustomizerFactory$Customizer@1c72da34], contextLoader = 'org.springframework.boot.test.context.SpringBootContextLoader', parent = [null]]]; transaction manager [org.springframework.orm.jpa.JpaTransactionManager@57ce2898]; rollback [true]
2018-03-31 21:08:02.397  INFO 16041 --- [           main] o.s.t.c.transaction.TransactionContext   : Rolled back transaction for test context [DefaultTestContext@3feebf9c testClass = UserTest, testInstance = edu.harvard.h2ms.domain.core.UserTest@6c70b7c3, testMethod = testEmailRequired@UserTest, testException = [null], mergedContextConfiguration = [MergedContextConfiguration@369ad7da testClass = UserTest, locations = '{}', classes = '{class edu.harvard.h2ms.H2MSRestAppInitializer}', contextInitializerClasses = '[]', activeProfiles = '{}', propertySourceLocations = '{}', propertySourceProperties = '{org.springframework.boot.test.context.SpringBootTestContextBootstrapper=true}', contextCustomizers = set[[ImportsContextCustomizer@344f9467 key = [org.springframework.boot.autoconfigure.cache.CacheAutoConfiguration, org.springframework.boot.autoconfigure.data.jpa.JpaRepositoriesAutoConfiguration, org.springframework.boot.autoconfigure.flyway.FlywayAutoConfiguration, org.springframework.boot.autoconfigure.jdbc.DataSourceAutoConfiguration, org.springframework.boot.autoconfigure.jdbc.DataSourceTransactionManagerAutoConfiguration, org.springframework.boot.autoconfigure.jdbc.JdbcTemplateAutoConfiguration, org.springframework.boot.autoconfigure.liquibase.LiquibaseAutoConfiguration, org.springframework.boot.autoconfigure.orm.jpa.HibernateJpaAutoConfiguration, org.springframework.boot.autoconfigure.transaction.TransactionAutoConfiguration, org.springframework.boot.test.autoconfigure.jdbc.TestDatabaseAutoConfiguration, org.springframework.boot.test.autoconfigure.orm.jpa.TestEntityManagerAutoConfiguration]], org.springframework.boot.test.context.filter.ExcludeFilterContextCustomizer@1ee807c6, org.springframework.boot.test.json.DuplicateJsonObjectContextCustomizerFactory$DuplicateJsonObjectContextCustomizer@6cc7b4de, org.springframework.boot.test.mock.mockito.MockitoContextCustomizer@0, org.springframework.boot.test.autoconfigure.OverrideAutoConfigurationContextCustomizerFactory$DisableAutoConfigurationContextCustomizer@5e25a92e, org.springframework.boot.test.autoconfigure.filter.TypeExcludeFiltersContextCustomizer@351584c0, org.springframework.boot.test.autoconfigure.properties.PropertyMappingContextCustomizer@21f6a1b6, org.springframework.boot.test.autoconfigure.web.servlet.WebDriverContextCustomizerFactory$Customizer@1c72da34], contextLoader = 'org.springframework.boot.test.context.SpringBootContextLoader', parent = [null]]].
Tests run: 5, Failures: 0, Errors: 0, Skipped: 0, Time elapsed: 0.558 sec - in edu.harvard.h2ms.domain.core.UserTest
Running edu.harvard.h2ms.controllers.EventControllerTests
2018-03-31 21:08:02.398  INFO 16041 --- [           main] .b.t.c.SpringBootTestContextBootstrapper : Neither @ContextConfiguration nor @ContextHierarchy found for test class [edu.harvard.h2ms.controllers.EventControllerTests], using SpringBootContextLoader
2018-03-31 21:08:02.399  INFO 16041 --- [           main] o.s.t.c.support.AbstractContextLoader    : Could not detect default resource locations for test class [edu.harvard.h2ms.controllers.EventControllerTests]: no resource found for suffixes {-context.xml, Context.groovy}.
2018-03-31 21:08:02.399  INFO 16041 --- [           main] t.c.s.AnnotationConfigContextLoaderUtils : Could not detect default configuration classes for test class [edu.harvard.h2ms.controllers.EventControllerTests]: EventControllerTests does not declare any static, non-private, non-final, nested classes annotated with @Configuration.
2018-03-31 21:08:02.402  INFO 16041 --- [           main] .b.t.c.SpringBootTestContextBootstrapper : Found @SpringBootConfiguration edu.harvard.h2ms.H2MSRestAppInitializer for test class edu.harvard.h2ms.controllers.EventControllerTests
2018-03-31 21:08:02.404  INFO 16041 --- [           main] .b.t.c.SpringBootTestContextBootstrapper : Loaded default TestExecutionListener class names from location [META-INF/spring.factories]: [org.springframework.boot.test.mock.mockito.MockitoTestExecutionListener, org.springframework.boot.test.mock.mockito.ResetMocksTestExecutionListener, org.springframework.boot.test.autoconfigure.restdocs.RestDocsTestExecutionListener, org.springframework.boot.test.autoconfigure.web.client.MockRestServiceServerResetTestExecutionListener, org.springframework.boot.test.autoconfigure.web.servlet.MockMvcPrintOnlyOnFailureTestExecutionListener, org.springframework.boot.test.autoconfigure.web.servlet.WebDriverTestExecutionListener, org.springframework.test.context.web.ServletTestExecutionListener, org.springframework.test.context.support.DirtiesContextBeforeModesTestExecutionListener, org.springframework.test.context.support.DependencyInjectionTestExecutionListener, org.springframework.test.context.support.DirtiesContextTestExecutionListener, org.springframework.test.context.transaction.TransactionalTestExecutionListener, org.springframework.test.context.jdbc.SqlScriptsTestExecutionListener, org.springframework.security.test.context.support.WithSecurityContextTestExecutionListener]
2018-03-31 21:08:02.406  INFO 16041 --- [           main] .b.t.c.SpringBootTestContextBootstrapper : Using TestExecutionListeners: [org.springframework.test.context.web.ServletTestExecutionListener@2ffb0d10, org.springframework.test.context.support.DirtiesContextBeforeModesTestExecutionListener@3982206a, org.springframework.boot.test.autoconfigure.SpringBootDependencyInjectionTestExecutionListener@3e9fb485, org.springframework.test.context.support.DirtiesContextTestExecutionListener@4f3fec43, org.springframework.test.context.transaction.TransactionalTestExecutionListener@38dbeb39, org.springframework.test.context.jdbc.SqlScriptsTestExecutionListener@10f20d38, org.springframework.security.test.context.support.WithSecurityContextTestExecutionListener@538aa83f, org.springframework.boot.test.mock.mockito.MockitoTestExecutionListener@63e70bf9, org.springframework.boot.test.mock.mockito.ResetMocksTestExecutionListener@402a69f, org.springframework.boot.test.autoconfigure.restdocs.RestDocsTestExecutionListener@419f0ea, org.springframework.boot.test.autoconfigure.web.client.MockRestServiceServerResetTestExecutionListener@2d47b06, org.springframework.boot.test.autoconfigure.web.servlet.MockMvcPrintOnlyOnFailureTestExecutionListener@59371066, org.springframework.boot.test.autoconfigure.web.servlet.WebDriverTestExecutionListener@48106381]

  .   ____          _            __ _ _
 /\\ / ___'_ __ _ _(_)_ __  __ _ \ \ \ \
( ( )\___ | '_ | '_| | '_ \/ _` | \ \ \ \
 \\/  ___)| |_)| | | | | || (_| |  ) ) ) )
  '  |____| .__|_| |_|_| |_\__, | / / / /
 =========|_|==============|___/=/_/_/_/
 :: Spring Boot ::       (v1.5.10.RELEASE)

2018-03-31 21:08:02.491  INFO 16041 --- [           main] e.h.h.controllers.EventControllerTests   : Starting EventControllerTests on ancient.bitbin.de with PID 16041 (started by stbenjam in /home/stbenjam/git/h2ms)
2018-03-31 21:08:02.491  INFO 16041 --- [           main] e.h.h.controllers.EventControllerTests   : No active profile set, falling back to default profiles: default
2018-03-31 21:08:02.492  INFO 16041 --- [           main] o.s.w.c.s.GenericWebApplicationContext   : Refreshing org.springframework.web.context.support.GenericWebApplicationContext@342a1f84: startup date [Sat Mar 31 21:08:02 EDT 2018]; root of context hierarchy
2018-03-31 21:08:02.585  INFO 16041 --- [           main] o.s.c.a.ConfigurationClassParser         : Properties location [classpath:mailserver.properties] not resolvable: class path resource [mailserver.properties] cannot be opened because it does not exist
2018-03-31 21:08:02.922  INFO 16041 --- [           main] o.s.b.f.s.DefaultListableBeanFactory     : Overriding bean definition for bean 'httpRequestHandlerAdapter' with a different definition: replacing [Root bean: class [null]; scope=; abstract=false; lazyInit=false; autowireMode=3; dependencyCheck=0; autowireCandidate=true; primary=false; factoryBeanName=org.springframework.boot.autoconfigure.web.WebMvcAutoConfiguration$EnableWebMvcConfiguration; factoryMethodName=httpRequestHandlerAdapter; initMethodName=null; destroyMethodName=(inferred); defined in class path resource [org/springframework/boot/autoconfigure/web/WebMvcAutoConfiguration$EnableWebMvcConfiguration.class]] with [Root bean: class [null]; scope=; abstract=false; lazyInit=false; autowireMode=3; dependencyCheck=0; autowireCandidate=true; primary=false; factoryBeanName=org.springframework.data.rest.webmvc.config.RepositoryRestMvcConfiguration; factoryMethodName=httpRequestHandlerAdapter; initMethodName=null; destroyMethodName=(inferred); defined in class path resource [org/springframework/data/rest/webmvc/config/RepositoryRestMvcConfiguration.class]]
2018-03-31 21:08:03.237  INFO 16041 --- [           main] trationDelegate$BeanPostProcessorChecker : Bean 'org.springframework.transaction.annotation.ProxyTransactionManagementConfiguration' of type [org.springframework.transaction.annotation.ProxyTransactionManagementConfiguration$$EnhancerBySpringCGLIB$$225ecc1d] is not eligible for getting processed by all BeanPostProcessors (for example: not eligible for auto-proxying)
2018-03-31 21:08:03.275  INFO 16041 --- [           main] trationDelegate$BeanPostProcessorChecker : Bean 'org.springframework.security.config.annotation.configuration.ObjectPostProcessorConfiguration' of type [org.springframework.security.config.annotation.configuration.ObjectPostProcessorConfiguration$$EnhancerBySpringCGLIB$$bb0c9457] is not eligible for getting processed by all BeanPostProcessors (for example: not eligible for auto-proxying)
2018-03-31 21:08:03.283  INFO 16041 --- [           main] trationDelegate$BeanPostProcessorChecker : Bean 'objectPostProcessor' of type [org.springframework.security.config.annotation.configuration.AutowireBeanFactoryObjectPostProcessor] is not eligible for getting processed by all BeanPostProcessors (for example: not eligible for auto-proxying)
2018-03-31 21:08:03.286  INFO 16041 --- [           main] trationDelegate$BeanPostProcessorChecker : Bean 'org.springframework.security.access.expression.method.DefaultMethodSecurityExpressionHandler@6a3a56de' of type [org.springframework.security.oauth2.provider.expression.OAuth2MethodSecurityExpressionHandler] is not eligible for getting processed by all BeanPostProcessors (for example: not eligible for auto-proxying)
2018-03-31 21:08:03.300  INFO 16041 --- [           main] trationDelegate$BeanPostProcessorChecker : Bean 'org.springframework.security.config.annotation.method.configuration.GlobalMethodSecurityConfiguration' of type [org.springframework.security.config.annotation.method.configuration.GlobalMethodSecurityConfiguration$$EnhancerBySpringCGLIB$$dfe13709] is not eligible for getting processed by all BeanPostProcessors (for example: not eligible for auto-proxying)
2018-03-31 21:08:03.328  INFO 16041 --- [           main] trationDelegate$BeanPostProcessorChecker : Bean 'methodSecurityMetadataSource' of type [org.springframework.security.access.method.DelegatingMethodSecurityMetadataSource] is not eligible for getting processed by all BeanPostProcessors (for example: not eligible for auto-proxying)
2018-03-31 21:08:03.379  INFO 16041 --- [           main] trationDelegate$BeanPostProcessorChecker : Bean 'security.oauth2.client-org.springframework.boot.autoconfigure.security.oauth2.OAuth2ClientProperties' of type [org.springframework.boot.autoconfigure.security.oauth2.OAuth2ClientProperties] is not eligible for getting processed by all BeanPostProcessors (for example: not eligible for auto-proxying)
2018-03-31 21:08:03.384  INFO 16041 --- [           main] trationDelegate$BeanPostProcessorChecker : Bean 'org.springframework.boot.autoconfigure.security.oauth2.OAuth2AutoConfiguration' of type [org.springframework.boot.autoconfigure.security.oauth2.OAuth2AutoConfiguration$$EnhancerBySpringCGLIB$$d9a8881d] is not eligible for getting processed by all BeanPostProcessors (for example: not eligible for auto-proxying)
2018-03-31 21:08:03.434  INFO 16041 --- [           main] trationDelegate$BeanPostProcessorChecker : Bean 'resourceServerProperties' of type [org.springframework.boot.autoconfigure.security.oauth2.resource.ResourceServerProperties] is not eligible for getting processed by all BeanPostProcessors (for example: not eligible for auto-proxying)
2018-03-31 21:08:03.886  INFO 16041 --- [           main] j.LocalContainerEntityManagerFactoryBean : Building JPA container EntityManagerFactory for persistence unit 'default'
2018-03-31 21:08:03.886  INFO 16041 --- [           main] o.hibernate.jpa.internal.util.LogHelper  : HHH000204: Processing PersistenceUnitInfo [
	name: default
	...]
2018-03-31 21:08:03.893  INFO 16041 --- [           main] org.hibernate.dialect.Dialect            : HHH000400: Using dialect: org.hibernate.dialect.H2Dialect
2018-03-31 21:08:03.998  INFO 16041 --- [           main] org.hibernate.tool.hbm2ddl.SchemaExport  : HHH000227: Running hbm2ddl schema export
2018-03-31 21:08:04.041  INFO 16041 --- [           main] org.hibernate.tool.hbm2ddl.SchemaExport  : HHH000230: Schema export complete
2018-03-31 21:08:04.045  WARN 16041 --- [           main] o.h.j.i.EntityManagerFactoryRegistry     : HHH000436: Entity manager factory name (default) is already registered.  If entity manager will be clustered or passivated, specify a unique value for property 'hibernate.ejb.entitymanager_factory_name'
2018-03-31 21:08:04.045  INFO 16041 --- [           main] j.LocalContainerEntityManagerFactoryBean : Initialized JPA EntityManagerFactory for persistence unit 'default'
2018-03-31 21:08:05.206  INFO 16041 --- [           main] .s.o.p.e.FrameworkEndpointHandlerMapping : Mapped "{[/oauth/authorize]}" onto public org.springframework.web.servlet.ModelAndView org.springframework.security.oauth2.provider.endpoint.AuthorizationEndpoint.authorize(java.util.Map<java.lang.String, java.lang.Object>,java.util.Map<java.lang.String, java.lang.String>,org.springframework.web.bind.support.SessionStatus,java.security.Principal)
2018-03-31 21:08:05.207  INFO 16041 --- [           main] .s.o.p.e.FrameworkEndpointHandlerMapping : Mapped "{[/oauth/authorize],methods=[POST],params=[user_oauth_approval]}" onto public org.springframework.web.servlet.View org.springframework.security.oauth2.provider.endpoint.AuthorizationEndpoint.approveOrDeny(java.util.Map<java.lang.String, java.lang.String>,java.util.Map<java.lang.String, ?>,org.springframework.web.bind.support.SessionStatus,java.security.Principal)
2018-03-31 21:08:05.208  INFO 16041 --- [           main] .s.o.p.e.FrameworkEndpointHandlerMapping : Mapped "{[/oauth/token],methods=[GET]}" onto public org.springframework.http.ResponseEntity<org.springframework.security.oauth2.common.OAuth2AccessToken> org.springframework.security.oauth2.provider.endpoint.TokenEndpoint.getAccessToken(java.security.Principal,java.util.Map<java.lang.String, java.lang.String>) throws org.springframework.web.HttpRequestMethodNotSupportedException
2018-03-31 21:08:05.209  INFO 16041 --- [           main] .s.o.p.e.FrameworkEndpointHandlerMapping : Mapped "{[/oauth/token],methods=[POST]}" onto public org.springframework.http.ResponseEntity<org.springframework.security.oauth2.common.OAuth2AccessToken> org.springframework.security.oauth2.provider.endpoint.TokenEndpoint.postAccessToken(java.security.Principal,java.util.Map<java.lang.String, java.lang.String>) throws org.springframework.web.HttpRequestMethodNotSupportedException
2018-03-31 21:08:05.210  INFO 16041 --- [           main] .s.o.p.e.FrameworkEndpointHandlerMapping : Mapped "{[/oauth/check_token]}" onto public java.util.Map<java.lang.String, ?> org.springframework.security.oauth2.provider.endpoint.CheckTokenEndpoint.checkToken(java.lang.String)
2018-03-31 21:08:05.210  INFO 16041 --- [           main] .s.o.p.e.FrameworkEndpointHandlerMapping : Mapped "{[/oauth/confirm_access]}" onto public org.springframework.web.servlet.ModelAndView org.springframework.security.oauth2.provider.endpoint.WhitelabelApprovalEndpoint.getAccessConfirmation(java.util.Map<java.lang.String, java.lang.Object>,javax.servlet.http.HttpServletRequest) throws java.lang.Exception
2018-03-31 21:08:05.211  INFO 16041 --- [           main] .s.o.p.e.FrameworkEndpointHandlerMapping : Mapped "{[/oauth/error]}" onto public org.springframework.web.servlet.ModelAndView org.springframework.security.oauth2.provider.endpoint.WhitelabelErrorEndpoint.handleError(javax.servlet.http.HttpServletRequest)
2018-03-31 21:08:05.647  INFO 16041 --- [           main] o.s.s.web.DefaultSecurityFilterChain     : Creating filter chain: Ant [pattern='/'], []
2018-03-31 21:08:05.649  INFO 16041 --- [           main] o.s.s.web.DefaultSecurityFilterChain     : Creating filter chain: Ant [pattern='/login'], []
2018-03-31 21:08:05.649  INFO 16041 --- [           main] o.s.s.web.DefaultSecurityFilterChain     : Creating filter chain: Ant [pattern='/webjars/**'], []
2018-03-31 21:08:05.649  INFO 16041 --- [           main] o.s.s.web.DefaultSecurityFilterChain     : Creating filter chain: Ant [pattern='/api/passwords/**'], []
2018-03-31 21:08:05.649  INFO 16041 --- [           main] o.s.s.web.DefaultSecurityFilterChain     : Creating filter chain: Ant [pattern='/swagger-resources'], []
2018-03-31 21:08:05.649  INFO 16041 --- [           main] o.s.s.web.DefaultSecurityFilterChain     : Creating filter chain: Ant [pattern='/swagger-resources/**'], []
2018-03-31 21:08:05.650  INFO 16041 --- [           main] o.s.s.web.DefaultSecurityFilterChain     : Creating filter chain: Ant [pattern='/swagger-ui.html'], []
2018-03-31 21:08:05.650  INFO 16041 --- [           main] o.s.s.web.DefaultSecurityFilterChain     : Creating filter chain: Ant [pattern='/v2/api-docs'], []
2018-03-31 21:08:05.650  INFO 16041 --- [           main] o.s.s.web.DefaultSecurityFilterChain     : Creating filter chain: Ant [pattern='/**', OPTIONS], []
2018-03-31 21:08:05.796  INFO 16041 --- [           main] o.s.s.web.DefaultSecurityFilterChain     : Creating filter chain: OrRequestMatcher [requestMatchers=[Ant [pattern='/oauth/token'], Ant [pattern='/oauth/token_key'], Ant [pattern='/oauth/check_token']]], [org.springframework.security.web.context.request.async.WebAsyncManagerIntegrationFilter@6a4238ff, org.springframework.security.web.context.SecurityContextPersistenceFilter@2be208db, org.springframework.security.web.header.HeaderWriterFilter@6b3da23f, org.springframework.security.web.authentication.logout.LogoutFilter@c7d173f, org.springframework.security.web.authentication.www.BasicAuthenticationFilter@4cf1bd4a, org.springframework.security.web.savedrequest.RequestCacheAwareFilter@1ae90cb9, org.springframework.security.web.servletapi.SecurityContextHolderAwareRequestFilter@5f8a29ca, org.springframework.security.web.authentication.AnonymousAuthenticationFilter@2b98c310, org.springframework.security.web.session.SessionManagementFilter@27ea552d, org.springframework.security.web.access.ExceptionTranslationFilter@703947bd, org.springframework.security.web.access.intercept.FilterSecurityInterceptor@ae5d544]
2018-03-31 21:08:05.843  INFO 16041 --- [           main] o.s.s.web.DefaultSecurityFilterChain     : Creating filter chain: org.springframework.security.oauth2.config.annotation.web.configuration.ResourceServerConfiguration$NotOAuthRequestMatcher@13e5c53c, [org.springframework.security.web.context.request.async.WebAsyncManagerIntegrationFilter@5d03df76, org.springframework.security.web.context.SecurityContextPersistenceFilter@623bdc46, org.springframework.security.web.header.HeaderWriterFilter@267a8777, org.springframework.security.web.authentication.logout.LogoutFilter@45bbb3e8, org.springframework.security.oauth2.provider.authentication.OAuth2AuthenticationProcessingFilter@3ecc9baa, org.springframework.security.web.savedrequest.RequestCacheAwareFilter@411576c7, org.springframework.security.web.servletapi.SecurityContextHolderAwareRequestFilter@332610ad, org.springframework.security.web.authentication.AnonymousAuthenticationFilter@17f7a1af, org.springframework.security.web.session.SessionManagementFilter@175c26ff, org.springframework.security.web.access.ExceptionTranslationFilter@1196537d, org.springframework.security.web.access.intercept.FilterSecurityInterceptor@4f1aa2bc]
2018-03-31 21:08:05.845  INFO 16041 --- [           main] o.s.s.web.DefaultSecurityFilterChain     : Creating filter chain: org.springframework.security.web.util.matcher.AnyRequestMatcher@1, [org.springframework.security.web.access.intercept.FilterSecurityInterceptor@43f5b014]
2018-03-31 21:08:06.360  INFO 16041 --- [           main] s.w.s.m.m.a.RequestMappingHandlerAdapter : Looking for @ControllerAdvice: org.springframework.web.context.support.GenericWebApplicationContext@342a1f84: startup date [Sat Mar 31 21:08:02 EDT 2018]; root of context hierarchy
2018-03-31 21:08:06.455  INFO 16041 --- [           main] s.w.s.m.m.a.RequestMappingHandlerMapping : Mapped "{[/events/count/{timeframe}],methods=[GET]}" onto public org.springframework.http.ResponseEntity<?> edu.harvard.h2ms.web.controller.EventController.findEventCountByTimeframe(java.lang.String)
2018-03-31 21:08:06.455  INFO 16041 --- [           main] s.w.s.m.m.a.RequestMappingHandlerMapping : Mapped "{[/events/compliance/{questionId}/{timeframe}],methods=[GET]}" onto public org.springframework.http.ResponseEntity<?> edu.harvard.h2ms.web.controller.EventController.findComplianceByTimeframe(java.lang.String,java.lang.Long)
2018-03-31 21:08:06.456  INFO 16041 --- [           main] s.w.s.m.m.a.RequestMappingHandlerMapping : Mapped "{[/api/passwords/reset/{email:.+}],methods=[GET]}" onto public org.springframework.http.ResponseEntity<java.lang.Object> edu.harvard.h2ms.web.controller.PasswordController.getPasswordResetToken(java.lang.String)
2018-03-31 21:08:06.456  INFO 16041 --- [           main] s.w.s.m.m.a.RequestMappingHandlerMapping : Mapped "{[/api/passwords/reset/token],methods=[POST]}" onto public org.springframework.http.ResponseEntity<java.lang.Object> edu.harvard.h2ms.web.controller.PasswordController.resetPasswordViaToken(java.util.Map<java.lang.String, java.lang.String>)
2018-03-31 21:08:06.457  INFO 16041 --- [           main] s.w.s.m.m.a.RequestMappingHandlerMapping : Mapped "{[/users/avgWashed],methods=[GET]}" onto public java.util.Map<java.lang.String, java.lang.Double> edu.harvard.h2ms.web.controller.UserController.findAvgWashCompliance()
2018-03-31 21:08:06.459  INFO 16041 --- [           main] s.w.s.m.m.a.RequestMappingHandlerMapping : Mapped "{[/error],produces=[text/html]}" onto public org.springframework.web.servlet.ModelAndView org.springframework.boot.autoconfigure.web.BasicErrorController.errorHtml(javax.servlet.http.HttpServletRequest,javax.servlet.http.HttpServletResponse)
2018-03-31 21:08:06.460  INFO 16041 --- [           main] s.w.s.m.m.a.RequestMappingHandlerMapping : Mapped "{[/error]}" onto public org.springframework.http.ResponseEntity<java.util.Map<java.lang.String, java.lang.Object>> org.springframework.boot.autoconfigure.web.BasicErrorController.error(javax.servlet.http.HttpServletRequest)
2018-03-31 21:08:06.539  INFO 16041 --- [           main] o.s.w.s.handler.SimpleUrlHandlerMapping  : Mapped URL path [/webjars/**] onto handler of type [class org.springframework.web.servlet.resource.ResourceHttpRequestHandler]
2018-03-31 21:08:06.539  INFO 16041 --- [           main] o.s.w.s.handler.SimpleUrlHandlerMapping  : Mapped URL path [/**] onto handler of type [class org.springframework.web.servlet.resource.ResourceHttpRequestHandler]
2018-03-31 21:08:06.579  INFO 16041 --- [           main] .m.m.a.ExceptionHandlerExceptionResolver : Detected @ExceptionHandler methods in exceptionHandlingController
2018-03-31 21:08:06.581  INFO 16041 --- [           main] .m.m.a.ExceptionHandlerExceptionResolver : Detected @ExceptionHandler methods in repositoryRestExceptionHandler
2018-03-31 21:08:06.681  INFO 16041 --- [           main] o.s.w.s.handler.SimpleUrlHandlerMapping  : Mapped URL path [/**/favicon.ico] onto handler of type [class org.springframework.web.servlet.resource.ResourceHttpRequestHandler]
2018-03-31 21:08:06.766  WARN 16041 --- [           main] .t.AbstractTemplateResolverConfiguration : Cannot find template location: classpath:/templates/ (please add some templates or check your Thymeleaf configuration)
2018-03-31 21:08:07.399  INFO 16041 --- [           main] o.s.d.r.w.RepositoryRestHandlerAdapter   : Looking for @ControllerAdvice: org.springframework.web.context.support.GenericWebApplicationContext@342a1f84: startup date [Sat Mar 31 21:08:02 EDT 2018]; root of context hierarchy
2018-03-31 21:08:07.450  INFO 16041 --- [           main] o.s.d.r.w.RepositoryRestHandlerMapping   : Mapped "{[/{repository}/{id}/{property}],methods=[GET],produces=[application/hal+json || application/json]}" onto public org.springframework.http.ResponseEntity<org.springframework.hateoas.ResourceSupport> org.springframework.data.rest.webmvc.RepositoryPropertyReferenceController.followPropertyReference(org.springframework.data.rest.webmvc.RootResourceInformation,java.io.Serializable,java.lang.String,org.springframework.data.rest.webmvc.PersistentEntityResourceAssembler) throws java.lang.Exception
2018-03-31 21:08:07.451  INFO 16041 --- [           main] o.s.d.r.w.RepositoryRestHandlerMapping   : Mapped "{[/{repository}/{id}/{property}/{propertyId}],methods=[GET],produces=[application/hal+json || application/json]}" onto public org.springframework.http.ResponseEntity<org.springframework.hateoas.ResourceSupport> org.springframework.data.rest.webmvc.RepositoryPropertyReferenceController.followPropertyReference(org.springframework.data.rest.webmvc.RootResourceInformation,java.io.Serializable,java.lang.String,java.lang.String,org.springframework.data.rest.webmvc.PersistentEntityResourceAssembler) throws java.lang.Exception
2018-03-31 21:08:07.451  INFO 16041 --- [           main] o.s.d.r.w.RepositoryRestHandlerMapping   : Mapped "{[/{repository}/{id}/{property}],methods=[DELETE],produces=[application/hal+json || application/json]}" onto public org.springframework.http.ResponseEntity<? extends org.springframework.hateoas.ResourceSupport> org.springframework.data.rest.webmvc.RepositoryPropertyReferenceController.deletePropertyReference(org.springframework.data.rest.webmvc.RootResourceInformation,java.io.Serializable,java.lang.String) throws java.lang.Exception
2018-03-31 21:08:07.452  INFO 16041 --- [           main] o.s.d.r.w.RepositoryRestHandlerMapping   : Mapped "{[/{repository}/{id}/{property}],methods=[GET],produces=[application/x-spring-data-compact+json || text/uri-list]}" onto public org.springframework.http.ResponseEntity<org.springframework.hateoas.ResourceSupport> org.springframework.data.rest.webmvc.RepositoryPropertyReferenceController.followPropertyReferenceCompact(org.springframework.data.rest.webmvc.RootResourceInformation,java.io.Serializable,java.lang.String,org.springframework.data.rest.webmvc.PersistentEntityResourceAssembler) throws java.lang.Exception
2018-03-31 21:08:07.452  INFO 16041 --- [           main] o.s.d.r.w.RepositoryRestHandlerMapping   : Mapped "{[/{repository}/{id}/{property}],methods=[PATCH || PUT || POST],consumes=[application/json || application/x-spring-data-compact+json || text/uri-list],produces=[application/hal+json || application/json]}" onto public org.springframework.http.ResponseEntity<? extends org.springframework.hateoas.ResourceSupport> org.springframework.data.rest.webmvc.RepositoryPropertyReferenceController.createPropertyReference(org.springframework.data.rest.webmvc.RootResourceInformation,org.springframework.http.HttpMethod,org.springframework.hateoas.Resources<java.lang.Object>,java.io.Serializable,java.lang.String) throws java.lang.Exception
2018-03-31 21:08:07.452  INFO 16041 --- [           main] o.s.d.r.w.RepositoryRestHandlerMapping   : Mapped "{[/{repository}/{id}/{property}/{propertyId}],methods=[DELETE],produces=[application/hal+json || application/json]}" onto public org.springframework.http.ResponseEntity<org.springframework.hateoas.ResourceSupport> org.springframework.data.rest.webmvc.RepositoryPropertyReferenceController.deletePropertyReferenceId(org.springframework.data.rest.webmvc.RootResourceInformation,java.io.Serializable,java.lang.String,java.lang.String) throws java.lang.Exception
2018-03-31 21:08:07.454  INFO 16041 --- [           main] o.s.d.r.w.RepositoryRestHandlerMapping   : Mapped "{[/{repository}/search/{search}],methods=[GET],produces=[application/hal+json || application/json]}" onto public org.springframework.http.ResponseEntity<?> org.springframework.data.rest.webmvc.RepositorySearchController.executeSearch(org.springframework.data.rest.webmvc.RootResourceInformation,org.springframework.util.MultiValueMap<java.lang.String, java.lang.Object>,java.lang.String,org.springframework.data.rest.webmvc.support.DefaultedPageable,org.springframework.data.domain.Sort,org.springframework.data.rest.webmvc.PersistentEntityResourceAssembler,org.springframework.http.HttpHeaders)
2018-03-31 21:08:07.454  INFO 16041 --- [           main] o.s.d.r.w.RepositoryRestHandlerMapping   : Mapped "{[/{repository}/search],methods=[OPTIONS],produces=[application/hal+json || application/json]}" onto public org.springframework.http.HttpEntity<?> org.springframework.data.rest.webmvc.RepositorySearchController.optionsForSearches(org.springframework.data.rest.webmvc.RootResourceInformation)
2018-03-31 21:08:07.455  INFO 16041 --- [           main] o.s.d.r.w.RepositoryRestHandlerMapping   : Mapped "{[/{repository}/search/{search}],methods=[GET],produces=[application/x-spring-data-compact+json]}" onto public org.springframework.hateoas.ResourceSupport org.springframework.data.rest.webmvc.RepositorySearchController.executeSearchCompact(org.springframework.data.rest.webmvc.RootResourceInformation,org.springframework.http.HttpHeaders,org.springframework.util.MultiValueMap<java.lang.String, java.lang.Object>,java.lang.String,java.lang.String,org.springframework.data.rest.webmvc.support.DefaultedPageable,org.springframework.data.domain.Sort,org.springframework.data.rest.webmvc.PersistentEntityResourceAssembler)
2018-03-31 21:08:07.455  INFO 16041 --- [           main] o.s.d.r.w.RepositoryRestHandlerMapping   : Mapped "{[/{repository}/search/{search}],methods=[OPTIONS],produces=[application/hal+json || application/json]}" onto public org.springframework.http.ResponseEntity<java.lang.Object> org.springframework.data.rest.webmvc.RepositorySearchController.optionsForSearch(org.springframework.data.rest.webmvc.RootResourceInformation,java.lang.String)
2018-03-31 21:08:07.456  INFO 16041 --- [           main] o.s.d.r.w.RepositoryRestHandlerMapping   : Mapped "{[/{repository}/search/{search}],methods=[HEAD],produces=[application/hal+json || application/json]}" onto public org.springframework.http.ResponseEntity<java.lang.Object> org.springframework.data.rest.webmvc.RepositorySearchController.headForSearch(org.springframework.data.rest.webmvc.RootResourceInformation,java.lang.String)
2018-03-31 21:08:07.456  INFO 16041 --- [           main] o.s.d.r.w.RepositoryRestHandlerMapping   : Mapped "{[/{repository}/search],methods=[GET],produces=[application/hal+json || application/json]}" onto public org.springframework.data.rest.webmvc.RepositorySearchesResource org.springframework.data.rest.webmvc.RepositorySearchController.listSearches(org.springframework.data.rest.webmvc.RootResourceInformation)
2018-03-31 21:08:07.456  INFO 16041 --- [           main] o.s.d.r.w.RepositoryRestHandlerMapping   : Mapped "{[/{repository}/search],methods=[HEAD],produces=[application/hal+json || application/json]}" onto public org.springframework.http.HttpEntity<?> org.springframework.data.rest.webmvc.RepositorySearchController.headForSearches(org.springframework.data.rest.webmvc.RootResourceInformation)
2018-03-31 21:08:07.457  INFO 16041 --- [           main] o.s.d.r.w.RepositoryRestHandlerMapping   : Mapped "{[/ || ],methods=[GET],produces=[application/hal+json || application/json]}" onto public org.springframework.http.HttpEntity<org.springframework.data.rest.webmvc.RepositoryLinksResource> org.springframework.data.rest.webmvc.RepositoryController.listRepositories()
2018-03-31 21:08:07.458  INFO 16041 --- [           main] o.s.d.r.w.RepositoryRestHandlerMapping   : Mapped "{[/ || ],methods=[OPTIONS],produces=[application/hal+json || application/json]}" onto public org.springframework.http.HttpEntity<?> org.springframework.data.rest.webmvc.RepositoryController.optionsForRepositories()
2018-03-31 21:08:07.458  INFO 16041 --- [           main] o.s.d.r.w.RepositoryRestHandlerMapping   : Mapped "{[/ || ],methods=[HEAD],produces=[application/hal+json || application/json]}" onto public org.springframework.http.ResponseEntity<?> org.springframework.data.rest.webmvc.RepositoryController.headForRepositories()
2018-03-31 21:08:07.460  INFO 16041 --- [           main] o.s.d.r.w.RepositoryRestHandlerMapping   : Mapped "{[/{repository}],methods=[OPTIONS],produces=[application/hal+json || application/json]}" onto public org.springframework.http.ResponseEntity<?> org.springframework.data.rest.webmvc.RepositoryEntityController.optionsForCollectionResource(org.springframework.data.rest.webmvc.RootResourceInformation)
2018-03-31 21:08:07.460  INFO 16041 --- [           main] o.s.d.r.w.RepositoryRestHandlerMapping   : Mapped "{[/{repository}],methods=[HEAD],produces=[application/hal+json || application/json]}" onto public org.springframework.http.ResponseEntity<?> org.springframework.data.rest.webmvc.RepositoryEntityController.headCollectionResource(org.springframework.data.rest.webmvc.RootResourceInformation,org.springframework.data.rest.webmvc.support.DefaultedPageable) throws org.springframework.web.HttpRequestMethodNotSupportedException
2018-03-31 21:08:07.461  INFO 16041 --- [           main] o.s.d.r.w.RepositoryRestHandlerMapping   : Mapped "{[/{repository}],methods=[GET],produces=[application/hal+json || application/json]}" onto public org.springframework.hateoas.Resources<?> org.springframework.data.rest.webmvc.RepositoryEntityController.getCollectionResource(org.springframework.data.rest.webmvc.RootResourceInformation,org.springframework.data.rest.webmvc.support.DefaultedPageable,org.springframework.data.domain.Sort,org.springframework.data.rest.webmvc.PersistentEntityResourceAssembler) throws org.springframework.data.rest.webmvc.ResourceNotFoundException,org.springframework.web.HttpRequestMethodNotSupportedException
2018-03-31 21:08:07.461  INFO 16041 --- [           main] o.s.d.r.w.RepositoryRestHandlerMapping   : Mapped "{[/{repository}],methods=[GET],produces=[application/x-spring-data-compact+json || text/uri-list]}" onto public org.springframework.hateoas.Resources<?> org.springframework.data.rest.webmvc.RepositoryEntityController.getCollectionResourceCompact(org.springframework.data.rest.webmvc.RootResourceInformation,org.springframework.data.rest.webmvc.support.DefaultedPageable,org.springframework.data.domain.Sort,org.springframework.data.rest.webmvc.PersistentEntityResourceAssembler) throws org.springframework.data.rest.webmvc.ResourceNotFoundException,org.springframework.web.HttpRequestMethodNotSupportedException
2018-03-31 21:08:07.461  INFO 16041 --- [           main] o.s.d.r.w.RepositoryRestHandlerMapping   : Mapped "{[/{repository}],methods=[POST],produces=[application/hal+json || application/json]}" onto public org.springframework.http.ResponseEntity<org.springframework.hateoas.ResourceSupport> org.springframework.data.rest.webmvc.RepositoryEntityController.postCollectionResource(org.springframework.data.rest.webmvc.RootResourceInformation,org.springframework.data.rest.webmvc.PersistentEntityResource,org.springframework.data.rest.webmvc.PersistentEntityResourceAssembler,java.lang.String) throws org.springframework.web.HttpRequestMethodNotSupportedException
2018-03-31 21:08:07.461  INFO 16041 --- [           main] o.s.d.r.w.RepositoryRestHandlerMapping   : Mapped "{[/{repository}/{id}],methods=[OPTIONS],produces=[application/hal+json || application/json]}" onto public org.springframework.http.ResponseEntity<?> org.springframework.data.rest.webmvc.RepositoryEntityController.optionsForItemResource(org.springframework.data.rest.webmvc.RootResourceInformation)
2018-03-31 21:08:07.462  INFO 16041 --- [           main] o.s.d.r.w.RepositoryRestHandlerMapping   : Mapped "{[/{repository}/{id}],methods=[HEAD],produces=[application/hal+json || application/json]}" onto public org.springframework.http.ResponseEntity<?> org.springframework.data.rest.webmvc.RepositoryEntityController.headForItemResource(org.springframework.data.rest.webmvc.RootResourceInformation,java.io.Serializable,org.springframework.data.rest.webmvc.PersistentEntityResourceAssembler) throws org.springframework.web.HttpRequestMethodNotSupportedException
2018-03-31 21:08:07.462  INFO 16041 --- [           main] o.s.d.r.w.RepositoryRestHandlerMapping   : Mapped "{[/{repository}/{id}],methods=[GET],produces=[application/hal+json || application/json]}" onto public org.springframework.http.ResponseEntity<org.springframework.hateoas.Resource<?>> org.springframework.data.rest.webmvc.RepositoryEntityController.getItemResource(org.springframework.data.rest.webmvc.RootResourceInformation,java.io.Serializable,org.springframework.data.rest.webmvc.PersistentEntityResourceAssembler,org.springframework.http.HttpHeaders) throws org.springframework.web.HttpRequestMethodNotSupportedException
2018-03-31 21:08:07.462  INFO 16041 --- [           main] o.s.d.r.w.RepositoryRestHandlerMapping   : Mapped "{[/{repository}/{id}],methods=[PUT],produces=[application/hal+json || application/json]}" onto public org.springframework.http.ResponseEntity<? extends org.springframework.hateoas.ResourceSupport> org.springframework.data.rest.webmvc.RepositoryEntityController.putItemResource(org.springframework.data.rest.webmvc.RootResourceInformation,org.springframework.data.rest.webmvc.PersistentEntityResource,java.io.Serializable,org.springframework.data.rest.webmvc.PersistentEntityResourceAssembler,org.springframework.data.rest.webmvc.support.ETag,java.lang.String) throws org.springframework.web.HttpRequestMethodNotSupportedException
2018-03-31 21:08:07.463  INFO 16041 --- [           main] o.s.d.r.w.RepositoryRestHandlerMapping   : Mapped "{[/{repository}/{id}],methods=[PATCH],produces=[application/hal+json || application/json]}" onto public org.springframework.http.ResponseEntity<org.springframework.hateoas.ResourceSupport> org.springframework.data.rest.webmvc.RepositoryEntityController.patchItemResource(org.springframework.data.rest.webmvc.RootResourceInformation,org.springframework.data.rest.webmvc.PersistentEntityResource,java.io.Serializable,org.springframework.data.rest.webmvc.PersistentEntityResourceAssembler,org.springframework.data.rest.webmvc.support.ETag,java.lang.String) throws org.springframework.web.HttpRequestMethodNotSupportedException,org.springframework.data.rest.webmvc.ResourceNotFoundException
2018-03-31 21:08:07.463  INFO 16041 --- [           main] o.s.d.r.w.RepositoryRestHandlerMapping   : Mapped "{[/{repository}/{id}],methods=[DELETE],produces=[application/hal+json || application/json]}" onto public org.springframework.http.ResponseEntity<?> org.springframework.data.rest.webmvc.RepositoryEntityController.deleteItemResource(org.springframework.data.rest.webmvc.RootResourceInformation,java.io.Serializable,org.springframework.data.rest.webmvc.support.ETag) throws org.springframework.data.rest.webmvc.ResourceNotFoundException,org.springframework.web.HttpRequestMethodNotSupportedException
2018-03-31 21:08:07.468  INFO 16041 --- [           main] o.s.d.r.w.BasePathAwareHandlerMapping    : Mapped "{[/profile/{repository}],methods=[OPTIONS],produces=[application/alps+json]}" onto org.springframework.http.HttpEntity<?> org.springframework.data.rest.webmvc.alps.AlpsController.alpsOptions()
2018-03-31 21:08:07.470  INFO 16041 --- [           main] o.s.d.r.w.BasePathAwareHandlerMapping    : Mapped "{[/profile/{repository}],methods=[GET],produces=[application/alps+json || */*]}" onto org.springframework.http.HttpEntity<org.springframework.data.rest.webmvc.RootResourceInformation> org.springframework.data.rest.webmvc.alps.AlpsController.descriptor(org.springframework.data.rest.webmvc.RootResourceInformation)
2018-03-31 21:08:07.473  INFO 16041 --- [           main] o.s.d.r.w.BasePathAwareHandlerMapping    : Mapped "{[/profile/{repository}],methods=[GET],produces=[application/schema+json]}" onto public org.springframework.http.HttpEntity<org.springframework.data.rest.webmvc.json.JsonSchema> org.springframework.data.rest.webmvc.RepositorySchemaController.schema(org.springframework.data.rest.webmvc.RootResourceInformation)
2018-03-31 21:08:07.474  INFO 16041 --- [           main] o.s.d.r.w.BasePathAwareHandlerMapping    : Mapped "{[/profile],methods=[OPTIONS]}" onto public org.springframework.http.HttpEntity<?> org.springframework.data.rest.webmvc.ProfileController.profileOptions()
2018-03-31 21:08:07.474  INFO 16041 --- [           main] o.s.d.r.w.BasePathAwareHandlerMapping    : Mapped "{[/profile],methods=[GET]}" onto org.springframework.http.HttpEntity<org.springframework.hateoas.ResourceSupport> org.springframework.data.rest.webmvc.ProfileController.listAllFormsOfMetadata()
2018-03-31 21:08:07.792  INFO 16041 --- [           main] o.h.h.i.QueryTranslatorFactoryInitiator  : HHH000397: Using ASTQueryTranslatorFactory
2018-03-31 21:08:07.899  INFO 16041 --- [           main] e.harvard.h2ms.service.EmailServiceImpl  : ************************STARTING GREENMAIL****************
2018-03-31 21:08:07.919  INFO 16041 --- [           main] e.h.h.controllers.EventControllerTests   : Started EventControllerTests in 5.505 seconds (JVM running for 11.403)
2018-03-31 21:08:07.984  INFO 16041 --- [           main] o.s.b.t.m.w.SpringBootMockServletContext : Initializing Spring FrameworkServlet ''
2018-03-31 21:08:07.984  INFO 16041 --- [           main] o.s.t.web.servlet.TestDispatcherServlet  : FrameworkServlet '': initialization started
2018-03-31 21:08:08.008  INFO 16041 --- [           main] o.s.t.web.servlet.TestDispatcherServlet  : FrameworkServlet '': initialization completed in 24 ms
2018-03-31 21:08:08.500  INFO 16041 --- [           main] o.s.w.c.s.GenericWebApplicationContext   : Closing org.springframework.web.context.support.GenericWebApplicationContext@342a1f84: startup date [Sat Mar 31 21:08:02 EDT 2018]; root of context hierarchy
2018-03-31 21:08:08.507  INFO 16041 --- [           main] j.LocalContainerEntityManagerFactoryBean : Closing JPA EntityManagerFactory for persistence unit 'default'
2018-03-31 21:08:08.507  INFO 16041 --- [           main] org.hibernate.tool.hbm2ddl.SchemaExport  : HHH000227: Running hbm2ddl schema export
2018-03-31 21:08:08.523  INFO 16041 --- [           main] org.hibernate.tool.hbm2ddl.SchemaExport  : HHH000230: Schema export complete

  .   ____          _            __ _ _
 /\\ / ___'_ __ _ _(_)_ __  __ _ \ \ \ \
( ( )\___ | '_ | '_| | '_ \/ _` | \ \ \ \
 \\/  ___)| |_)| | | | | || (_| |  ) ) ) )
  '  |____| .__|_| |_|_| |_\__, | / / / /
 =========|_|==============|___/=/_/_/_/
 :: Spring Boot ::       (v1.5.10.RELEASE)

2018-03-31 21:08:08.612  INFO 16041 --- [           main] e.h.h.controllers.EventControllerTests   : Starting EventControllerTests on ancient.bitbin.de with PID 16041 (started by stbenjam in /home/stbenjam/git/h2ms)
2018-03-31 21:08:08.612  INFO 16041 --- [           main] e.h.h.controllers.EventControllerTests   : No active profile set, falling back to default profiles: default
2018-03-31 21:08:08.614  INFO 16041 --- [           main] o.s.w.c.s.GenericWebApplicationContext   : Refreshing org.springframework.web.context.support.GenericWebApplicationContext@191cf38f: startup date [Sat Mar 31 21:08:08 EDT 2018]; root of context hierarchy
2018-03-31 21:08:08.671  INFO 16041 --- [           main] o.s.c.a.ConfigurationClassParser         : Properties location [classpath:mailserver.properties] not resolvable: class path resource [mailserver.properties] cannot be opened because it does not exist
2018-03-31 21:08:08.861  INFO 16041 --- [           main] o.s.b.f.s.DefaultListableBeanFactory     : Overriding bean definition for bean 'httpRequestHandlerAdapter' with a different definition: replacing [Root bean: class [null]; scope=; abstract=false; lazyInit=false; autowireMode=3; dependencyCheck=0; autowireCandidate=true; primary=false; factoryBeanName=org.springframework.boot.autoconfigure.web.WebMvcAutoConfiguration$EnableWebMvcConfiguration; factoryMethodName=httpRequestHandlerAdapter; initMethodName=null; destroyMethodName=(inferred); defined in class path resource [org/springframework/boot/autoconfigure/web/WebMvcAutoConfiguration$EnableWebMvcConfiguration.class]] with [Root bean: class [null]; scope=; abstract=false; lazyInit=false; autowireMode=3; dependencyCheck=0; autowireCandidate=true; primary=false; factoryBeanName=org.springframework.data.rest.webmvc.config.RepositoryRestMvcConfiguration; factoryMethodName=httpRequestHandlerAdapter; initMethodName=null; destroyMethodName=(inferred); defined in class path resource [org/springframework/data/rest/webmvc/config/RepositoryRestMvcConfiguration.class]]
2018-03-31 21:08:08.972  INFO 16041 --- [           main] trationDelegate$BeanPostProcessorChecker : Bean 'org.springframework.transaction.annotation.ProxyTransactionManagementConfiguration' of type [org.springframework.transaction.annotation.ProxyTransactionManagementConfiguration$$EnhancerBySpringCGLIB$$225ecc1d] is not eligible for getting processed by all BeanPostProcessors (for example: not eligible for auto-proxying)
2018-03-31 21:08:08.994  INFO 16041 --- [           main] trationDelegate$BeanPostProcessorChecker : Bean 'org.springframework.security.config.annotation.configuration.ObjectPostProcessorConfiguration' of type [org.springframework.security.config.annotation.configuration.ObjectPostProcessorConfiguration$$EnhancerBySpringCGLIB$$bb0c9457] is not eligible for getting processed by all BeanPostProcessors (for example: not eligible for auto-proxying)
2018-03-31 21:08:08.999  INFO 16041 --- [           main] trationDelegate$BeanPostProcessorChecker : Bean 'objectPostProcessor' of type [org.springframework.security.config.annotation.configuration.AutowireBeanFactoryObjectPostProcessor] is not eligible for getting processed by all BeanPostProcessors (for example: not eligible for auto-proxying)
2018-03-31 21:08:09.000  INFO 16041 --- [           main] trationDelegate$BeanPostProcessorChecker : Bean 'org.springframework.security.access.expression.method.DefaultMethodSecurityExpressionHandler@4a577b99' of type [org.springframework.security.oauth2.provider.expression.OAuth2MethodSecurityExpressionHandler] is not eligible for getting processed by all BeanPostProcessors (for example: not eligible for auto-proxying)
2018-03-31 21:08:09.024  INFO 16041 --- [           main] trationDelegate$BeanPostProcessorChecker : Bean 'org.springframework.security.config.annotation.method.configuration.GlobalMethodSecurityConfiguration' of type [org.springframework.security.config.annotation.method.configuration.GlobalMethodSecurityConfiguration$$EnhancerBySpringCGLIB$$dfe13709] is not eligible for getting processed by all BeanPostProcessors (for example: not eligible for auto-proxying)
2018-03-31 21:08:09.027  INFO 16041 --- [           main] trationDelegate$BeanPostProcessorChecker : Bean 'methodSecurityMetadataSource' of type [org.springframework.security.access.method.DelegatingMethodSecurityMetadataSource] is not eligible for getting processed by all BeanPostProcessors (for example: not eligible for auto-proxying)
2018-03-31 21:08:09.058  INFO 16041 --- [           main] trationDelegate$BeanPostProcessorChecker : Bean 'security.oauth2.client-org.springframework.boot.autoconfigure.security.oauth2.OAuth2ClientProperties' of type [org.springframework.boot.autoconfigure.security.oauth2.OAuth2ClientProperties] is not eligible for getting processed by all BeanPostProcessors (for example: not eligible for auto-proxying)
2018-03-31 21:08:09.064  INFO 16041 --- [           main] trationDelegate$BeanPostProcessorChecker : Bean 'org.springframework.boot.autoconfigure.security.oauth2.OAuth2AutoConfiguration' of type [org.springframework.boot.autoconfigure.security.oauth2.OAuth2AutoConfiguration$$EnhancerBySpringCGLIB$$d9a8881d] is not eligible for getting processed by all BeanPostProcessors (for example: not eligible for auto-proxying)
2018-03-31 21:08:09.083  INFO 16041 --- [           main] trationDelegate$BeanPostProcessorChecker : Bean 'resourceServerProperties' of type [org.springframework.boot.autoconfigure.security.oauth2.resource.ResourceServerProperties] is not eligible for getting processed by all BeanPostProcessors (for example: not eligible for auto-proxying)
2018-03-31 21:08:09.306  INFO 16041 --- [           main] j.LocalContainerEntityManagerFactoryBean : Building JPA container EntityManagerFactory for persistence unit 'default'
2018-03-31 21:08:09.306  INFO 16041 --- [           main] o.hibernate.jpa.internal.util.LogHelper  : HHH000204: Processing PersistenceUnitInfo [
	name: default
	...]
2018-03-31 21:08:09.311  INFO 16041 --- [           main] org.hibernate.dialect.Dialect            : HHH000400: Using dialect: org.hibernate.dialect.H2Dialect
2018-03-31 21:08:09.410  INFO 16041 --- [           main] org.hibernate.tool.hbm2ddl.SchemaExport  : HHH000227: Running hbm2ddl schema export
2018-03-31 21:08:09.446  INFO 16041 --- [           main] org.hibernate.tool.hbm2ddl.SchemaExport  : HHH000230: Schema export complete
2018-03-31 21:08:09.455  WARN 16041 --- [           main] o.h.j.i.EntityManagerFactoryRegistry     : HHH000436: Entity manager factory name (default) is already registered.  If entity manager will be clustered or passivated, specify a unique value for property 'hibernate.ejb.entitymanager_factory_name'
2018-03-31 21:08:09.455  INFO 16041 --- [           main] j.LocalContainerEntityManagerFactoryBean : Initialized JPA EntityManagerFactory for persistence unit 'default'
2018-03-31 21:08:10.010  INFO 16041 --- [           main] .s.o.p.e.FrameworkEndpointHandlerMapping : Mapped "{[/oauth/authorize]}" onto public org.springframework.web.servlet.ModelAndView org.springframework.security.oauth2.provider.endpoint.AuthorizationEndpoint.authorize(java.util.Map<java.lang.String, java.lang.Object>,java.util.Map<java.lang.String, java.lang.String>,org.springframework.web.bind.support.SessionStatus,java.security.Principal)
2018-03-31 21:08:10.010  INFO 16041 --- [           main] .s.o.p.e.FrameworkEndpointHandlerMapping : Mapped "{[/oauth/authorize],methods=[POST],params=[user_oauth_approval]}" onto public org.springframework.web.servlet.View org.springframework.security.oauth2.provider.endpoint.AuthorizationEndpoint.approveOrDeny(java.util.Map<java.lang.String, java.lang.String>,java.util.Map<java.lang.String, ?>,org.springframework.web.bind.support.SessionStatus,java.security.Principal)
2018-03-31 21:08:10.011  INFO 16041 --- [           main] .s.o.p.e.FrameworkEndpointHandlerMapping : Mapped "{[/oauth/token],methods=[GET]}" onto public org.springframework.http.ResponseEntity<org.springframework.security.oauth2.common.OAuth2AccessToken> org.springframework.security.oauth2.provider.endpoint.TokenEndpoint.getAccessToken(java.security.Principal,java.util.Map<java.lang.String, java.lang.String>) throws org.springframework.web.HttpRequestMethodNotSupportedException
2018-03-31 21:08:10.011  INFO 16041 --- [           main] .s.o.p.e.FrameworkEndpointHandlerMapping : Mapped "{[/oauth/token],methods=[POST]}" onto public org.springframework.http.ResponseEntity<org.springframework.security.oauth2.common.OAuth2AccessToken> org.springframework.security.oauth2.provider.endpoint.TokenEndpoint.postAccessToken(java.security.Principal,java.util.Map<java.lang.String, java.lang.String>) throws org.springframework.web.HttpRequestMethodNotSupportedException
2018-03-31 21:08:10.011  INFO 16041 --- [           main] .s.o.p.e.FrameworkEndpointHandlerMapping : Mapped "{[/oauth/check_token]}" onto public java.util.Map<java.lang.String, ?> org.springframework.security.oauth2.provider.endpoint.CheckTokenEndpoint.checkToken(java.lang.String)
2018-03-31 21:08:10.011  INFO 16041 --- [           main] .s.o.p.e.FrameworkEndpointHandlerMapping : Mapped "{[/oauth/confirm_access]}" onto public org.springframework.web.servlet.ModelAndView org.springframework.security.oauth2.provider.endpoint.WhitelabelApprovalEndpoint.getAccessConfirmation(java.util.Map<java.lang.String, java.lang.Object>,javax.servlet.http.HttpServletRequest) throws java.lang.Exception
2018-03-31 21:08:10.012  INFO 16041 --- [           main] .s.o.p.e.FrameworkEndpointHandlerMapping : Mapped "{[/oauth/error]}" onto public org.springframework.web.servlet.ModelAndView org.springframework.security.oauth2.provider.endpoint.WhitelabelErrorEndpoint.handleError(javax.servlet.http.HttpServletRequest)
2018-03-31 21:08:10.217  INFO 16041 --- [           main] o.s.s.web.DefaultSecurityFilterChain     : Creating filter chain: Ant [pattern='/'], []
2018-03-31 21:08:10.217  INFO 16041 --- [           main] o.s.s.web.DefaultSecurityFilterChain     : Creating filter chain: Ant [pattern='/login'], []
2018-03-31 21:08:10.217  INFO 16041 --- [           main] o.s.s.web.DefaultSecurityFilterChain     : Creating filter chain: Ant [pattern='/webjars/**'], []
2018-03-31 21:08:10.217  INFO 16041 --- [           main] o.s.s.web.DefaultSecurityFilterChain     : Creating filter chain: Ant [pattern='/api/passwords/**'], []
2018-03-31 21:08:10.217  INFO 16041 --- [           main] o.s.s.web.DefaultSecurityFilterChain     : Creating filter chain: Ant [pattern='/swagger-resources'], []
2018-03-31 21:08:10.217  INFO 16041 --- [           main] o.s.s.web.DefaultSecurityFilterChain     : Creating filter chain: Ant [pattern='/swagger-resources/**'], []
2018-03-31 21:08:10.217  INFO 16041 --- [           main] o.s.s.web.DefaultSecurityFilterChain     : Creating filter chain: Ant [pattern='/swagger-ui.html'], []
2018-03-31 21:08:10.217  INFO 16041 --- [           main] o.s.s.web.DefaultSecurityFilterChain     : Creating filter chain: Ant [pattern='/v2/api-docs'], []
2018-03-31 21:08:10.217  INFO 16041 --- [           main] o.s.s.web.DefaultSecurityFilterChain     : Creating filter chain: Ant [pattern='/**', OPTIONS], []
2018-03-31 21:08:10.307  INFO 16041 --- [           main] o.s.s.web.DefaultSecurityFilterChain     : Creating filter chain: OrRequestMatcher [requestMatchers=[Ant [pattern='/oauth/token'], Ant [pattern='/oauth/token_key'], Ant [pattern='/oauth/check_token']]], [org.springframework.security.web.context.request.async.WebAsyncManagerIntegrationFilter@1ba84d52, org.springframework.security.web.context.SecurityContextPersistenceFilter@222ebd21, org.springframework.security.web.header.HeaderWriterFilter@572c50b6, org.springframework.security.web.authentication.logout.LogoutFilter@21f134a2, org.springframework.security.web.authentication.www.BasicAuthenticationFilter@518e9141, org.springframework.security.web.savedrequest.RequestCacheAwareFilter@24c7563b, org.springframework.security.web.servletapi.SecurityContextHolderAwareRequestFilter@115b0bf5, org.springframework.security.web.authentication.AnonymousAuthenticationFilter@42018e32, org.springframework.security.web.session.SessionManagementFilter@33606f4b, org.springframework.security.web.access.ExceptionTranslationFilter@6dad684f, org.springframework.security.web.access.intercept.FilterSecurityInterceptor@50ba10de]
2018-03-31 21:08:10.322  INFO 16041 --- [           main] o.s.s.web.DefaultSecurityFilterChain     : Creating filter chain: org.springframework.security.oauth2.config.annotation.web.configuration.ResourceServerConfiguration$NotOAuthRequestMatcher@240fe338, [org.springframework.security.web.context.request.async.WebAsyncManagerIntegrationFilter@5165783c, org.springframework.security.web.context.SecurityContextPersistenceFilter@4f755506, org.springframework.security.web.header.HeaderWriterFilter@597f9d91, org.springframework.security.web.authentication.logout.LogoutFilter@30926583, org.springframework.security.oauth2.provider.authentication.OAuth2AuthenticationProcessingFilter@35eb95d3, org.springframework.security.web.savedrequest.RequestCacheAwareFilter@78ded8c9, org.springframework.security.web.servletapi.SecurityContextHolderAwareRequestFilter@5d685156, org.springframework.security.web.authentication.AnonymousAuthenticationFilter@7d1f60cf, org.springframework.security.web.session.SessionManagementFilter@64d128d0, org.springframework.security.web.access.ExceptionTranslationFilter@591dd039, org.springframework.security.web.access.intercept.FilterSecurityInterceptor@4d23b242]
2018-03-31 21:08:10.324  INFO 16041 --- [           main] o.s.s.web.DefaultSecurityFilterChain     : Creating filter chain: org.springframework.security.web.util.matcher.AnyRequestMatcher@1, [org.springframework.security.web.access.intercept.FilterSecurityInterceptor@543669de]
2018-03-31 21:08:10.623  INFO 16041 --- [           main] s.w.s.m.m.a.RequestMappingHandlerAdapter : Looking for @ControllerAdvice: org.springframework.web.context.support.GenericWebApplicationContext@191cf38f: startup date [Sat Mar 31 21:08:08 EDT 2018]; root of context hierarchy
2018-03-31 21:08:10.670  INFO 16041 --- [           main] s.w.s.m.m.a.RequestMappingHandlerMapping : Mapped "{[/events/count/{timeframe}],methods=[GET]}" onto public org.springframework.http.ResponseEntity<?> edu.harvard.h2ms.web.controller.EventController.findEventCountByTimeframe(java.lang.String)
2018-03-31 21:08:10.671  INFO 16041 --- [           main] s.w.s.m.m.a.RequestMappingHandlerMapping : Mapped "{[/events/compliance/{questionId}/{timeframe}],methods=[GET]}" onto public org.springframework.http.ResponseEntity<?> edu.harvard.h2ms.web.controller.EventController.findComplianceByTimeframe(java.lang.String,java.lang.Long)
2018-03-31 21:08:10.673  INFO 16041 --- [           main] s.w.s.m.m.a.RequestMappingHandlerMapping : Mapped "{[/api/passwords/reset/{email:.+}],methods=[GET]}" onto public org.springframework.http.ResponseEntity<java.lang.Object> edu.harvard.h2ms.web.controller.PasswordController.getPasswordResetToken(java.lang.String)
2018-03-31 21:08:10.674  INFO 16041 --- [           main] s.w.s.m.m.a.RequestMappingHandlerMapping : Mapped "{[/api/passwords/reset/token],methods=[POST]}" onto public org.springframework.http.ResponseEntity<java.lang.Object> edu.harvard.h2ms.web.controller.PasswordController.resetPasswordViaToken(java.util.Map<java.lang.String, java.lang.String>)
2018-03-31 21:08:10.675  INFO 16041 --- [           main] s.w.s.m.m.a.RequestMappingHandlerMapping : Mapped "{[/users/avgWashed],methods=[GET]}" onto public java.util.Map<java.lang.String, java.lang.Double> edu.harvard.h2ms.web.controller.UserController.findAvgWashCompliance()
2018-03-31 21:08:10.677  INFO 16041 --- [           main] s.w.s.m.m.a.RequestMappingHandlerMapping : Mapped "{[/error],produces=[text/html]}" onto public org.springframework.web.servlet.ModelAndView org.springframework.boot.autoconfigure.web.BasicErrorController.errorHtml(javax.servlet.http.HttpServletRequest,javax.servlet.http.HttpServletResponse)
2018-03-31 21:08:10.677  INFO 16041 --- [           main] s.w.s.m.m.a.RequestMappingHandlerMapping : Mapped "{[/error]}" onto public org.springframework.http.ResponseEntity<java.util.Map<java.lang.String, java.lang.Object>> org.springframework.boot.autoconfigure.web.BasicErrorController.error(javax.servlet.http.HttpServletRequest)
2018-03-31 21:08:10.743  INFO 16041 --- [           main] o.s.w.s.handler.SimpleUrlHandlerMapping  : Mapped URL path [/webjars/**] onto handler of type [class org.springframework.web.servlet.resource.ResourceHttpRequestHandler]
2018-03-31 21:08:10.743  INFO 16041 --- [           main] o.s.w.s.handler.SimpleUrlHandlerMapping  : Mapped URL path [/**] onto handler of type [class org.springframework.web.servlet.resource.ResourceHttpRequestHandler]
2018-03-31 21:08:10.762  INFO 16041 --- [           main] .m.m.a.ExceptionHandlerExceptionResolver : Detected @ExceptionHandler methods in exceptionHandlingController
2018-03-31 21:08:10.762  INFO 16041 --- [           main] .m.m.a.ExceptionHandlerExceptionResolver : Detected @ExceptionHandler methods in repositoryRestExceptionHandler
2018-03-31 21:08:10.849  INFO 16041 --- [           main] o.s.w.s.handler.SimpleUrlHandlerMapping  : Mapped URL path [/**/favicon.ico] onto handler of type [class org.springframework.web.servlet.resource.ResourceHttpRequestHandler]
2018-03-31 21:08:10.913  WARN 16041 --- [           main] .t.AbstractTemplateResolverConfiguration : Cannot find template location: classpath:/templates/ (please add some templates or check your Thymeleaf configuration)
2018-03-31 21:08:11.127  INFO 16041 --- [           main] o.s.d.r.w.RepositoryRestHandlerAdapter   : Looking for @ControllerAdvice: org.springframework.web.context.support.GenericWebApplicationContext@191cf38f: startup date [Sat Mar 31 21:08:08 EDT 2018]; root of context hierarchy
2018-03-31 21:08:11.187  INFO 16041 --- [           main] o.s.d.r.w.RepositoryRestHandlerMapping   : Mapped "{[/{repository}/{id}/{property}],methods=[GET],produces=[application/hal+json || application/json]}" onto public org.springframework.http.ResponseEntity<org.springframework.hateoas.ResourceSupport> org.springframework.data.rest.webmvc.RepositoryPropertyReferenceController.followPropertyReference(org.springframework.data.rest.webmvc.RootResourceInformation,java.io.Serializable,java.lang.String,org.springframework.data.rest.webmvc.PersistentEntityResourceAssembler) throws java.lang.Exception
2018-03-31 21:08:11.188  INFO 16041 --- [           main] o.s.d.r.w.RepositoryRestHandlerMapping   : Mapped "{[/{repository}/{id}/{property}/{propertyId}],methods=[GET],produces=[application/hal+json || application/json]}" onto public org.springframework.http.ResponseEntity<org.springframework.hateoas.ResourceSupport> org.springframework.data.rest.webmvc.RepositoryPropertyReferenceController.followPropertyReference(org.springframework.data.rest.webmvc.RootResourceInformation,java.io.Serializable,java.lang.String,java.lang.String,org.springframework.data.rest.webmvc.PersistentEntityResourceAssembler) throws java.lang.Exception
2018-03-31 21:08:11.189  INFO 16041 --- [           main] o.s.d.r.w.RepositoryRestHandlerMapping   : Mapped "{[/{repository}/{id}/{property}],methods=[DELETE],produces=[application/hal+json || application/json]}" onto public org.springframework.http.ResponseEntity<? extends org.springframework.hateoas.ResourceSupport> org.springframework.data.rest.webmvc.RepositoryPropertyReferenceController.deletePropertyReference(org.springframework.data.rest.webmvc.RootResourceInformation,java.io.Serializable,java.lang.String) throws java.lang.Exception
2018-03-31 21:08:11.189  INFO 16041 --- [           main] o.s.d.r.w.RepositoryRestHandlerMapping   : Mapped "{[/{repository}/{id}/{property}],methods=[GET],produces=[application/x-spring-data-compact+json || text/uri-list]}" onto public org.springframework.http.ResponseEntity<org.springframework.hateoas.ResourceSupport> org.springframework.data.rest.webmvc.RepositoryPropertyReferenceController.followPropertyReferenceCompact(org.springframework.data.rest.webmvc.RootResourceInformation,java.io.Serializable,java.lang.String,org.springframework.data.rest.webmvc.PersistentEntityResourceAssembler) throws java.lang.Exception
2018-03-31 21:08:11.190  INFO 16041 --- [           main] o.s.d.r.w.RepositoryRestHandlerMapping   : Mapped "{[/{repository}/{id}/{property}],methods=[PATCH || PUT || POST],consumes=[application/json || application/x-spring-data-compact+json || text/uri-list],produces=[application/hal+json || application/json]}" onto public org.springframework.http.ResponseEntity<? extends org.springframework.hateoas.ResourceSupport> org.springframework.data.rest.webmvc.RepositoryPropertyReferenceController.createPropertyReference(org.springframework.data.rest.webmvc.RootResourceInformation,org.springframework.http.HttpMethod,org.springframework.hateoas.Resources<java.lang.Object>,java.io.Serializable,java.lang.String) throws java.lang.Exception
2018-03-31 21:08:11.190  INFO 16041 --- [           main] o.s.d.r.w.RepositoryRestHandlerMapping   : Mapped "{[/{repository}/{id}/{property}/{propertyId}],methods=[DELETE],produces=[application/hal+json || application/json]}" onto public org.springframework.http.ResponseEntity<org.springframework.hateoas.ResourceSupport> org.springframework.data.rest.webmvc.RepositoryPropertyReferenceController.deletePropertyReferenceId(org.springframework.data.rest.webmvc.RootResourceInformation,java.io.Serializable,java.lang.String,java.lang.String) throws java.lang.Exception
2018-03-31 21:08:11.192  INFO 16041 --- [           main] o.s.d.r.w.RepositoryRestHandlerMapping   : Mapped "{[/{repository}/search/{search}],methods=[GET],produces=[application/hal+json || application/json]}" onto public org.springframework.http.ResponseEntity<?> org.springframework.data.rest.webmvc.RepositorySearchController.executeSearch(org.springframework.data.rest.webmvc.RootResourceInformation,org.springframework.util.MultiValueMap<java.lang.String, java.lang.Object>,java.lang.String,org.springframework.data.rest.webmvc.support.DefaultedPageable,org.springframework.data.domain.Sort,org.springframework.data.rest.webmvc.PersistentEntityResourceAssembler,org.springframework.http.HttpHeaders)
2018-03-31 21:08:11.192  INFO 16041 --- [           main] o.s.d.r.w.RepositoryRestHandlerMapping   : Mapped "{[/{repository}/search],methods=[OPTIONS],produces=[application/hal+json || application/json]}" onto public org.springframework.http.HttpEntity<?> org.springframework.data.rest.webmvc.RepositorySearchController.optionsForSearches(org.springframework.data.rest.webmvc.RootResourceInformation)
2018-03-31 21:08:11.193  INFO 16041 --- [           main] o.s.d.r.w.RepositoryRestHandlerMapping   : Mapped "{[/{repository}/search/{search}],methods=[GET],produces=[application/x-spring-data-compact+json]}" onto public org.springframework.hateoas.ResourceSupport org.springframework.data.rest.webmvc.RepositorySearchController.executeSearchCompact(org.springframework.data.rest.webmvc.RootResourceInformation,org.springframework.http.HttpHeaders,org.springframework.util.MultiValueMap<java.lang.String, java.lang.Object>,java.lang.String,java.lang.String,org.springframework.data.rest.webmvc.support.DefaultedPageable,org.springframework.data.domain.Sort,org.springframework.data.rest.webmvc.PersistentEntityResourceAssembler)
2018-03-31 21:08:11.193  INFO 16041 --- [           main] o.s.d.r.w.RepositoryRestHandlerMapping   : Mapped "{[/{repository}/search/{search}],methods=[OPTIONS],produces=[application/hal+json || application/json]}" onto public org.springframework.http.ResponseEntity<java.lang.Object> org.springframework.data.rest.webmvc.RepositorySearchController.optionsForSearch(org.springframework.data.rest.webmvc.RootResourceInformation,java.lang.String)
2018-03-31 21:08:11.193  INFO 16041 --- [           main] o.s.d.r.w.RepositoryRestHandlerMapping   : Mapped "{[/{repository}/search/{search}],methods=[HEAD],produces=[application/hal+json || application/json]}" onto public org.springframework.http.ResponseEntity<java.lang.Object> org.springframework.data.rest.webmvc.RepositorySearchController.headForSearch(org.springframework.data.rest.webmvc.RootResourceInformation,java.lang.String)
2018-03-31 21:08:11.194  INFO 16041 --- [           main] o.s.d.r.w.RepositoryRestHandlerMapping   : Mapped "{[/{repository}/search],methods=[GET],produces=[application/hal+json || application/json]}" onto public org.springframework.data.rest.webmvc.RepositorySearchesResource org.springframework.data.rest.webmvc.RepositorySearchController.listSearches(org.springframework.data.rest.webmvc.RootResourceInformation)
2018-03-31 21:08:11.194  INFO 16041 --- [           main] o.s.d.r.w.RepositoryRestHandlerMapping   : Mapped "{[/{repository}/search],methods=[HEAD],produces=[application/hal+json || application/json]}" onto public org.springframework.http.HttpEntity<?> org.springframework.data.rest.webmvc.RepositorySearchController.headForSearches(org.springframework.data.rest.webmvc.RootResourceInformation)
2018-03-31 21:08:11.195  INFO 16041 --- [           main] o.s.d.r.w.RepositoryRestHandlerMapping   : Mapped "{[/ || ],methods=[GET],produces=[application/hal+json || application/json]}" onto public org.springframework.http.HttpEntity<org.springframework.data.rest.webmvc.RepositoryLinksResource> org.springframework.data.rest.webmvc.RepositoryController.listRepositories()
2018-03-31 21:08:11.195  INFO 16041 --- [           main] o.s.d.r.w.RepositoryRestHandlerMapping   : Mapped "{[/ || ],methods=[OPTIONS],produces=[application/hal+json || application/json]}" onto public org.springframework.http.HttpEntity<?> org.springframework.data.rest.webmvc.RepositoryController.optionsForRepositories()
2018-03-31 21:08:11.195  INFO 16041 --- [           main] o.s.d.r.w.RepositoryRestHandlerMapping   : Mapped "{[/ || ],methods=[HEAD],produces=[application/hal+json || application/json]}" onto public org.springframework.http.ResponseEntity<?> org.springframework.data.rest.webmvc.RepositoryController.headForRepositories()
2018-03-31 21:08:11.196  INFO 16041 --- [           main] o.s.d.r.w.RepositoryRestHandlerMapping   : Mapped "{[/{repository}],methods=[OPTIONS],produces=[application/hal+json || application/json]}" onto public org.springframework.http.ResponseEntity<?> org.springframework.data.rest.webmvc.RepositoryEntityController.optionsForCollectionResource(org.springframework.data.rest.webmvc.RootResourceInformation)
2018-03-31 21:08:11.197  INFO 16041 --- [           main] o.s.d.r.w.RepositoryRestHandlerMapping   : Mapped "{[/{repository}],methods=[HEAD],produces=[application/hal+json || application/json]}" onto public org.springframework.http.ResponseEntity<?> org.springframework.data.rest.webmvc.RepositoryEntityController.headCollectionResource(org.springframework.data.rest.webmvc.RootResourceInformation,org.springframework.data.rest.webmvc.support.DefaultedPageable) throws org.springframework.web.HttpRequestMethodNotSupportedException
2018-03-31 21:08:11.197  INFO 16041 --- [           main] o.s.d.r.w.RepositoryRestHandlerMapping   : Mapped "{[/{repository}],methods=[GET],produces=[application/hal+json || application/json]}" onto public org.springframework.hateoas.Resources<?> org.springframework.data.rest.webmvc.RepositoryEntityController.getCollectionResource(org.springframework.data.rest.webmvc.RootResourceInformation,org.springframework.data.rest.webmvc.support.DefaultedPageable,org.springframework.data.domain.Sort,org.springframework.data.rest.webmvc.PersistentEntityResourceAssembler) throws org.springframework.data.rest.webmvc.ResourceNotFoundException,org.springframework.web.HttpRequestMethodNotSupportedException
2018-03-31 21:08:11.198  INFO 16041 --- [           main] o.s.d.r.w.RepositoryRestHandlerMapping   : Mapped "{[/{repository}],methods=[GET],produces=[application/x-spring-data-compact+json || text/uri-list]}" onto public org.springframework.hateoas.Resources<?> org.springframework.data.rest.webmvc.RepositoryEntityController.getCollectionResourceCompact(org.springframework.data.rest.webmvc.RootResourceInformation,org.springframework.data.rest.webmvc.support.DefaultedPageable,org.springframework.data.domain.Sort,org.springframework.data.rest.webmvc.PersistentEntityResourceAssembler) throws org.springframework.data.rest.webmvc.ResourceNotFoundException,org.springframework.web.HttpRequestMethodNotSupportedException
2018-03-31 21:08:11.198  INFO 16041 --- [           main] o.s.d.r.w.RepositoryRestHandlerMapping   : Mapped "{[/{repository}],methods=[POST],produces=[application/hal+json || application/json]}" onto public org.springframework.http.ResponseEntity<org.springframework.hateoas.ResourceSupport> org.springframework.data.rest.webmvc.RepositoryEntityController.postCollectionResource(org.springframework.data.rest.webmvc.RootResourceInformation,org.springframework.data.rest.webmvc.PersistentEntityResource,org.springframework.data.rest.webmvc.PersistentEntityResourceAssembler,java.lang.String) throws org.springframework.web.HttpRequestMethodNotSupportedException
2018-03-31 21:08:11.198  INFO 16041 --- [           main] o.s.d.r.w.RepositoryRestHandlerMapping   : Mapped "{[/{repository}/{id}],methods=[OPTIONS],produces=[application/hal+json || application/json]}" onto public org.springframework.http.ResponseEntity<?> org.springframework.data.rest.webmvc.RepositoryEntityController.optionsForItemResource(org.springframework.data.rest.webmvc.RootResourceInformation)
2018-03-31 21:08:11.199  INFO 16041 --- [           main] o.s.d.r.w.RepositoryRestHandlerMapping   : Mapped "{[/{repository}/{id}],methods=[HEAD],produces=[application/hal+json || application/json]}" onto public org.springframework.http.ResponseEntity<?> org.springframework.data.rest.webmvc.RepositoryEntityController.headForItemResource(org.springframework.data.rest.webmvc.RootResourceInformation,java.io.Serializable,org.springframework.data.rest.webmvc.PersistentEntityResourceAssembler) throws org.springframework.web.HttpRequestMethodNotSupportedException
2018-03-31 21:08:11.199  INFO 16041 --- [           main] o.s.d.r.w.RepositoryRestHandlerMapping   : Mapped "{[/{repository}/{id}],methods=[GET],produces=[application/hal+json || application/json]}" onto public org.springframework.http.ResponseEntity<org.springframework.hateoas.Resource<?>> org.springframework.data.rest.webmvc.RepositoryEntityController.getItemResource(org.springframework.data.rest.webmvc.RootResourceInformation,java.io.Serializable,org.springframework.data.rest.webmvc.PersistentEntityResourceAssembler,org.springframework.http.HttpHeaders) throws org.springframework.web.HttpRequestMethodNotSupportedException
2018-03-31 21:08:11.199  INFO 16041 --- [           main] o.s.d.r.w.RepositoryRestHandlerMapping   : Mapped "{[/{repository}/{id}],methods=[PUT],produces=[application/hal+json || application/json]}" onto public org.springframework.http.ResponseEntity<? extends org.springframework.hateoas.ResourceSupport> org.springframework.data.rest.webmvc.RepositoryEntityController.putItemResource(org.springframework.data.rest.webmvc.RootResourceInformation,org.springframework.data.rest.webmvc.PersistentEntityResource,java.io.Serializable,org.springframework.data.rest.webmvc.PersistentEntityResourceAssembler,org.springframework.data.rest.webmvc.support.ETag,java.lang.String) throws org.springframework.web.HttpRequestMethodNotSupportedException
2018-03-31 21:08:11.200  INFO 16041 --- [           main] o.s.d.r.w.RepositoryRestHandlerMapping   : Mapped "{[/{repository}/{id}],methods=[PATCH],produces=[application/hal+json || application/json]}" onto public org.springframework.http.ResponseEntity<org.springframework.hateoas.ResourceSupport> org.springframework.data.rest.webmvc.RepositoryEntityController.patchItemResource(org.springframework.data.rest.webmvc.RootResourceInformation,org.springframework.data.rest.webmvc.PersistentEntityResource,java.io.Serializable,org.springframework.data.rest.webmvc.PersistentEntityResourceAssembler,org.springframework.data.rest.webmvc.support.ETag,java.lang.String) throws org.springframework.web.HttpRequestMethodNotSupportedException,org.springframework.data.rest.webmvc.ResourceNotFoundException
2018-03-31 21:08:11.200  INFO 16041 --- [           main] o.s.d.r.w.RepositoryRestHandlerMapping   : Mapped "{[/{repository}/{id}],methods=[DELETE],produces=[application/hal+json || application/json]}" onto public org.springframework.http.ResponseEntity<?> org.springframework.data.rest.webmvc.RepositoryEntityController.deleteItemResource(org.springframework.data.rest.webmvc.RootResourceInformation,java.io.Serializable,org.springframework.data.rest.webmvc.support.ETag) throws org.springframework.data.rest.webmvc.ResourceNotFoundException,org.springframework.web.HttpRequestMethodNotSupportedException
2018-03-31 21:08:11.218  INFO 16041 --- [           main] o.s.d.r.w.BasePathAwareHandlerMapping    : Mapped "{[/profile/{repository}],methods=[OPTIONS],produces=[application/alps+json]}" onto org.springframework.http.HttpEntity<?> org.springframework.data.rest.webmvc.alps.AlpsController.alpsOptions()
2018-03-31 21:08:11.218  INFO 16041 --- [           main] o.s.d.r.w.BasePathAwareHandlerMapping    : Mapped "{[/profile/{repository}],methods=[GET],produces=[application/alps+json || */*]}" onto org.springframework.http.HttpEntity<org.springframework.data.rest.webmvc.RootResourceInformation> org.springframework.data.rest.webmvc.alps.AlpsController.descriptor(org.springframework.data.rest.webmvc.RootResourceInformation)
2018-03-31 21:08:11.219  INFO 16041 --- [           main] o.s.d.r.w.BasePathAwareHandlerMapping    : Mapped "{[/profile/{repository}],methods=[GET],produces=[application/schema+json]}" onto public org.springframework.http.HttpEntity<org.springframework.data.rest.webmvc.json.JsonSchema> org.springframework.data.rest.webmvc.RepositorySchemaController.schema(org.springframework.data.rest.webmvc.RootResourceInformation)
2018-03-31 21:08:11.220  INFO 16041 --- [           main] o.s.d.r.w.BasePathAwareHandlerMapping    : Mapped "{[/profile],methods=[OPTIONS]}" onto public org.springframework.http.HttpEntity<?> org.springframework.data.rest.webmvc.ProfileController.profileOptions()
2018-03-31 21:08:11.221  INFO 16041 --- [           main] o.s.d.r.w.BasePathAwareHandlerMapping    : Mapped "{[/profile],methods=[GET]}" onto org.springframework.http.HttpEntity<org.springframework.hateoas.ResourceSupport> org.springframework.data.rest.webmvc.ProfileController.listAllFormsOfMetadata()
2018-03-31 21:08:11.444  INFO 16041 --- [           main] o.h.h.i.QueryTranslatorFactoryInitiator  : HHH000397: Using ASTQueryTranslatorFactory
2018-03-31 21:08:11.554  INFO 16041 --- [           main] e.h.h.controllers.EventControllerTests   : Started EventControllerTests in 3.0 seconds (JVM running for 15.038)
2018-03-31 21:08:11.564  INFO 16041 --- [           main] o.s.b.t.m.w.SpringBootMockServletContext : Initializing Spring FrameworkServlet ''
2018-03-31 21:08:11.565  INFO 16041 --- [           main] o.s.t.web.servlet.TestDispatcherServlet  : FrameworkServlet '': initialization started
2018-03-31 21:08:11.581  INFO 16041 --- [           main] o.s.t.web.servlet.TestDispatcherServlet  : FrameworkServlet '': initialization completed in 16 ms
2018-03-31 21:08:11.890  INFO 16041 --- [           main] e.h.h2ms.web.controller.EventController  : Searching for all events grouping by week
2018-03-31 21:08:11.909  INFO 16041 --- [           main] e.harvard.h2ms.service.EventServiceImpl  : No. of events found: 1
2018-03-31 21:08:11.915  INFO 16041 --- [           main] e.harvard.h2ms.service.EventServiceImpl  : Parsed 1 timestamps by week
2018-03-31 21:08:11.952  INFO 16041 --- [           main] o.s.w.c.s.GenericWebApplicationContext   : Closing org.springframework.web.context.support.GenericWebApplicationContext@191cf38f: startup date [Sat Mar 31 21:08:08 EDT 2018]; root of context hierarchy
2018-03-31 21:08:11.957  INFO 16041 --- [           main] j.LocalContainerEntityManagerFactoryBean : Closing JPA EntityManagerFactory for persistence unit 'default'
2018-03-31 21:08:11.957  INFO 16041 --- [           main] org.hibernate.tool.hbm2ddl.SchemaExport  : HHH000227: Running hbm2ddl schema export
2018-03-31 21:08:11.977  INFO 16041 --- [           main] org.hibernate.tool.hbm2ddl.SchemaExport  : HHH000230: Schema export complete
Tests run: 2, Failures: 0, Errors: 1, Skipped: 0, Time elapsed: 9.576 sec <<< FAILURE! - in edu.harvard.h2ms.controllers.EventControllerTests
test_Success_EventController_findComplianceByTimeframe(edu.harvard.h2ms.controllers.EventControllerTests)  Time elapsed: 0.585 sec  <<< ERROR!
org.springframework.web.util.NestedServletException: Request processing failed; nested exception is java.lang.NullPointerException
	at edu.harvard.h2ms.service.EventServiceImpl.findComplianceByTimeframe(EventServiceImpl.java:72)
	at edu.harvard.h2ms.service.EventServiceImpl$$FastClassBySpringCGLIB$$4ea24602.invoke(<generated>)
	at org.springframework.cglib.proxy.MethodProxy.invoke(MethodProxy.java:204)
	at org.springframework.aop.framework.CglibAopProxy$CglibMethodInvocation.invokeJoinpoint(CglibAopProxy.java:738)
	at org.springframework.aop.framework.ReflectiveMethodInvocation.proceed(ReflectiveMethodInvocation.java:157)
	at org.springframework.dao.support.PersistenceExceptionTranslationInterceptor.invoke(PersistenceExceptionTranslationInterceptor.java:136)
	at org.springframework.aop.framework.ReflectiveMethodInvocation.proceed(ReflectiveMethodInvocation.java:179)
	at org.springframework.transaction.interceptor.TransactionInterceptor$1.proceedWithInvocation(TransactionInterceptor.java:99)
	at org.springframework.transaction.interceptor.TransactionAspectSupport.invokeWithinTransaction(TransactionAspectSupport.java:282)
	at org.springframework.transaction.interceptor.TransactionInterceptor.invoke(TransactionInterceptor.java:96)
	at org.springframework.aop.framework.ReflectiveMethodInvocation.proceed(ReflectiveMethodInvocation.java:179)
	at org.springframework.aop.framework.CglibAopProxy$DynamicAdvisedInterceptor.intercept(CglibAopProxy.java:673)
	at edu.harvard.h2ms.service.EventServiceImpl$$EnhancerBySpringCGLIB$$c5eca1ee.findComplianceByTimeframe(<generated>)
	at edu.harvard.h2ms.web.controller.EventController.findComplianceByTimeframe(EventController.java:82)
	at sun.reflect.NativeMethodAccessorImpl.invoke0(Native Method)
	at sun.reflect.NativeMethodAccessorImpl.invoke(NativeMethodAccessorImpl.java:62)
	at sun.reflect.DelegatingMethodAccessorImpl.invoke(DelegatingMethodAccessorImpl.java:43)
	at java.lang.reflect.Method.invoke(Method.java:498)
	at org.springframework.web.method.support.InvocableHandlerMethod.doInvoke(InvocableHandlerMethod.java:205)
	at org.springframework.web.method.support.InvocableHandlerMethod.invokeForRequest(InvocableHandlerMethod.java:133)
	at org.springframework.web.servlet.mvc.method.annotation.ServletInvocableHandlerMethod.invokeAndHandle(ServletInvocableHandlerMethod.java:97)
	at org.springframework.web.servlet.mvc.method.annotation.RequestMappingHandlerAdapter.invokeHandlerMethod(RequestMappingHandlerAdapter.java:827)
	at org.springframework.web.servlet.mvc.method.annotation.RequestMappingHandlerAdapter.handleInternal(RequestMappingHandlerAdapter.java:738)
	at org.springframework.web.servlet.mvc.method.AbstractHandlerMethodAdapter.handle(AbstractHandlerMethodAdapter.java:85)
	at org.springframework.web.servlet.DispatcherServlet.doDispatch(DispatcherServlet.java:967)
	at org.springframework.web.servlet.DispatcherServlet.doService(DispatcherServlet.java:901)
	at org.springframework.web.servlet.FrameworkServlet.processRequest(FrameworkServlet.java:970)
	at org.springframework.web.servlet.FrameworkServlet.doGet(FrameworkServlet.java:861)
	at javax.servlet.http.HttpServlet.service(HttpServlet.java:635)
	at org.springframework.web.servlet.FrameworkServlet.service(FrameworkServlet.java:846)
	at org.springframework.test.web.servlet.TestDispatcherServlet.service(TestDispatcherServlet.java:65)
	at javax.servlet.http.HttpServlet.service(HttpServlet.java:742)
	at org.springframework.mock.web.MockFilterChain$ServletFilterProxy.doFilter(MockFilterChain.java:160)
	at org.springframework.mock.web.MockFilterChain.doFilter(MockFilterChain.java:127)
	at org.springframework.security.web.FilterChainProxy$VirtualFilterChain.doFilter(FilterChainProxy.java:317)
	at org.springframework.security.web.access.intercept.FilterSecurityInterceptor.invoke(FilterSecurityInterceptor.java:127)
	at org.springframework.security.web.access.intercept.FilterSecurityInterceptor.doFilter(FilterSecurityInterceptor.java:91)
	at org.springframework.security.web.FilterChainProxy$VirtualFilterChain.doFilter(FilterChainProxy.java:331)
	at org.springframework.security.web.access.ExceptionTranslationFilter.doFilter(ExceptionTranslationFilter.java:114)
	at org.springframework.security.web.FilterChainProxy$VirtualFilterChain.doFilter(FilterChainProxy.java:331)
	at org.springframework.security.web.session.SessionManagementFilter.doFilter(SessionManagementFilter.java:137)
	at org.springframework.security.web.FilterChainProxy$VirtualFilterChain.doFilter(FilterChainProxy.java:331)
	at org.springframework.security.web.authentication.AnonymousAuthenticationFilter.doFilter(AnonymousAuthenticationFilter.java:111)
	at org.springframework.security.web.FilterChainProxy$VirtualFilterChain.doFilter(FilterChainProxy.java:331)
	at org.springframework.security.web.servletapi.SecurityContextHolderAwareRequestFilter.doFilter(SecurityContextHolderAwareRequestFilter.java:170)
	at org.springframework.security.web.FilterChainProxy$VirtualFilterChain.doFilter(FilterChainProxy.java:331)
	at org.springframework.security.web.savedrequest.RequestCacheAwareFilter.doFilter(RequestCacheAwareFilter.java:63)
	at org.springframework.security.web.FilterChainProxy$VirtualFilterChain.doFilter(FilterChainProxy.java:331)
	at org.springframework.security.oauth2.provider.authentication.OAuth2AuthenticationProcessingFilter.doFilter(OAuth2AuthenticationProcessingFilter.java:176)
	at org.springframework.security.web.FilterChainProxy$VirtualFilterChain.doFilter(FilterChainProxy.java:331)
	at org.springframework.security.web.authentication.logout.LogoutFilter.doFilter(LogoutFilter.java:116)
	at org.springframework.security.web.FilterChainProxy$VirtualFilterChain.doFilter(FilterChainProxy.java:331)
	at org.springframework.security.web.header.HeaderWriterFilter.doFilterInternal(HeaderWriterFilter.java:64)
	at org.springframework.web.filter.OncePerRequestFilter.doFilter(OncePerRequestFilter.java:107)
	at org.springframework.security.web.FilterChainProxy$VirtualFilterChain.doFilter(FilterChainProxy.java:331)
	at org.springframework.security.web.context.SecurityContextPersistenceFilter.doFilter(SecurityContextPersistenceFilter.java:105)
	at org.springframework.security.web.FilterChainProxy$VirtualFilterChain.doFilter(FilterChainProxy.java:331)
	at org.springframework.security.web.context.request.async.WebAsyncManagerIntegrationFilter.doFilterInternal(WebAsyncManagerIntegrationFilter.java:56)
	at org.springframework.web.filter.OncePerRequestFilter.doFilter(OncePerRequestFilter.java:107)
	at org.springframework.security.web.FilterChainProxy$VirtualFilterChain.doFilter(FilterChainProxy.java:331)
	at org.springframework.security.web.FilterChainProxy.doFilterInternal(FilterChainProxy.java:214)
	at org.springframework.security.web.FilterChainProxy.doFilter(FilterChainProxy.java:177)
	at org.springframework.mock.web.MockFilterChain.doFilter(MockFilterChain.java:127)
	at org.springframework.test.web.servlet.MockMvc.perform(MockMvc.java:155)
	at edu.harvard.h2ms.controllers.EventControllerTests.test_Success_EventController_findComplianceByTimeframe(EventControllerTests.java:162)

Running edu.harvard.h2ms.controllers.UserControllerTests
2018-03-31 21:08:11.988  INFO 16041 --- [           main] .b.t.c.SpringBootTestContextBootstrapper : Neither @ContextConfiguration nor @ContextHierarchy found for test class [edu.harvard.h2ms.controllers.UserControllerTests], using SpringBootContextLoader
2018-03-31 21:08:11.989  INFO 16041 --- [           main] o.s.t.c.support.AbstractContextLoader    : Could not detect default resource locations for test class [edu.harvard.h2ms.controllers.UserControllerTests]: no resource found for suffixes {-context.xml, Context.groovy}.
2018-03-31 21:08:11.989  INFO 16041 --- [           main] t.c.s.AnnotationConfigContextLoaderUtils : Could not detect default configuration classes for test class [edu.harvard.h2ms.controllers.UserControllerTests]: UserControllerTests does not declare any static, non-private, non-final, nested classes annotated with @Configuration.
2018-03-31 21:08:12.008  INFO 16041 --- [           main] .b.t.c.SpringBootTestContextBootstrapper : Found @SpringBootConfiguration edu.harvard.h2ms.H2MSRestAppInitializer for test class edu.harvard.h2ms.controllers.UserControllerTests
2018-03-31 21:08:12.019  INFO 16041 --- [           main] .b.t.c.SpringBootTestContextBootstrapper : Loaded default TestExecutionListener class names from location [META-INF/spring.factories]: [org.springframework.boot.test.mock.mockito.MockitoTestExecutionListener, org.springframework.boot.test.mock.mockito.ResetMocksTestExecutionListener, org.springframework.boot.test.autoconfigure.restdocs.RestDocsTestExecutionListener, org.springframework.boot.test.autoconfigure.web.client.MockRestServiceServerResetTestExecutionListener, org.springframework.boot.test.autoconfigure.web.servlet.MockMvcPrintOnlyOnFailureTestExecutionListener, org.springframework.boot.test.autoconfigure.web.servlet.WebDriverTestExecutionListener, org.springframework.test.context.web.ServletTestExecutionListener, org.springframework.test.context.support.DirtiesContextBeforeModesTestExecutionListener, org.springframework.test.context.support.DependencyInjectionTestExecutionListener, org.springframework.test.context.support.DirtiesContextTestExecutionListener, org.springframework.test.context.transaction.TransactionalTestExecutionListener, org.springframework.test.context.jdbc.SqlScriptsTestExecutionListener, org.springframework.security.test.context.support.WithSecurityContextTestExecutionListener]
2018-03-31 21:08:12.021  INFO 16041 --- [           main] .b.t.c.SpringBootTestContextBootstrapper : Using TestExecutionListeners: [org.springframework.test.context.web.ServletTestExecutionListener@4ce66169, org.springframework.test.context.support.DirtiesContextBeforeModesTestExecutionListener@53d0cf4d, org.springframework.boot.test.autoconfigure.SpringBootDependencyInjectionTestExecutionListener@3c6c87fa, org.springframework.test.context.support.DirtiesContextTestExecutionListener@d7645b2, org.springframework.test.context.transaction.TransactionalTestExecutionListener@72e4905c, org.springframework.test.context.jdbc.SqlScriptsTestExecutionListener@279b83ea, org.springframework.security.test.context.support.WithSecurityContextTestExecutionListener@7f9083b4, org.springframework.boot.test.mock.mockito.MockitoTestExecutionListener@40f40221, org.springframework.boot.test.mock.mockito.ResetMocksTestExecutionListener@16441c13, org.springframework.boot.test.autoconfigure.restdocs.RestDocsTestExecutionListener@6d3b59e2, org.springframework.boot.test.autoconfigure.web.client.MockRestServiceServerResetTestExecutionListener@164dfad2, org.springframework.boot.test.autoconfigure.web.servlet.MockMvcPrintOnlyOnFailureTestExecutionListener@76480730, org.springframework.boot.test.autoconfigure.web.servlet.WebDriverTestExecutionListener@405a296e]

  .   ____          _            __ _ _
 /\\ / ___'_ __ _ _(_)_ __  __ _ \ \ \ \
( ( )\___ | '_ | '_| | '_ \/ _` | \ \ \ \
 \\/  ___)| |_)| | | | | || (_| |  ) ) ) )
  '  |____| .__|_| |_|_| |_\__, | / / / /
 =========|_|==============|___/=/_/_/_/
 :: Spring Boot ::       (v1.5.10.RELEASE)

2018-03-31 21:08:12.069  INFO 16041 --- [           main] e.h.h.controllers.UserControllerTests    : Starting UserControllerTests on ancient.bitbin.de with PID 16041 (started by stbenjam in /home/stbenjam/git/h2ms)
2018-03-31 21:08:12.070  INFO 16041 --- [           main] e.h.h.controllers.UserControllerTests    : No active profile set, falling back to default profiles: default
2018-03-31 21:08:12.072  INFO 16041 --- [           main] o.s.w.c.s.GenericWebApplicationContext   : Refreshing org.springframework.web.context.support.GenericWebApplicationContext@7781b55f: startup date [Sat Mar 31 21:08:12 EDT 2018]; root of context hierarchy
2018-03-31 21:08:12.139  INFO 16041 --- [           main] o.s.c.a.ConfigurationClassParser         : Properties location [classpath:mailserver.properties] not resolvable: class path resource [mailserver.properties] cannot be opened because it does not exist
2018-03-31 21:08:12.359  INFO 16041 --- [           main] o.s.b.f.s.DefaultListableBeanFactory     : Overriding bean definition for bean 'httpRequestHandlerAdapter' with a different definition: replacing [Root bean: class [null]; scope=; abstract=false; lazyInit=false; autowireMode=3; dependencyCheck=0; autowireCandidate=true; primary=false; factoryBeanName=org.springframework.boot.autoconfigure.web.WebMvcAutoConfiguration$EnableWebMvcConfiguration; factoryMethodName=httpRequestHandlerAdapter; initMethodName=null; destroyMethodName=(inferred); defined in class path resource [org/springframework/boot/autoconfigure/web/WebMvcAutoConfiguration$EnableWebMvcConfiguration.class]] with [Root bean: class [null]; scope=; abstract=false; lazyInit=false; autowireMode=3; dependencyCheck=0; autowireCandidate=true; primary=false; factoryBeanName=org.springframework.data.rest.webmvc.config.RepositoryRestMvcConfiguration; factoryMethodName=httpRequestHandlerAdapter; initMethodName=null; destroyMethodName=(inferred); defined in class path resource [org/springframework/data/rest/webmvc/config/RepositoryRestMvcConfiguration.class]]
2018-03-31 21:08:12.487  INFO 16041 --- [           main] trationDelegate$BeanPostProcessorChecker : Bean 'org.springframework.transaction.annotation.ProxyTransactionManagementConfiguration' of type [org.springframework.transaction.annotation.ProxyTransactionManagementConfiguration$$EnhancerBySpringCGLIB$$225ecc1d] is not eligible for getting processed by all BeanPostProcessors (for example: not eligible for auto-proxying)
2018-03-31 21:08:12.510  INFO 16041 --- [           main] trationDelegate$BeanPostProcessorChecker : Bean 'org.springframework.security.config.annotation.configuration.ObjectPostProcessorConfiguration' of type [org.springframework.security.config.annotation.configuration.ObjectPostProcessorConfiguration$$EnhancerBySpringCGLIB$$bb0c9457] is not eligible for getting processed by all BeanPostProcessors (for example: not eligible for auto-proxying)
2018-03-31 21:08:12.515  INFO 16041 --- [           main] trationDelegate$BeanPostProcessorChecker : Bean 'objectPostProcessor' of type [org.springframework.security.config.annotation.configuration.AutowireBeanFactoryObjectPostProcessor] is not eligible for getting processed by all BeanPostProcessors (for example: not eligible for auto-proxying)
2018-03-31 21:08:12.517  INFO 16041 --- [           main] trationDelegate$BeanPostProcessorChecker : Bean 'org.springframework.security.access.expression.method.DefaultMethodSecurityExpressionHandler@3268f664' of type [org.springframework.security.oauth2.provider.expression.OAuth2MethodSecurityExpressionHandler] is not eligible for getting processed by all BeanPostProcessors (for example: not eligible for auto-proxying)
2018-03-31 21:08:12.536  INFO 16041 --- [           main] trationDelegate$BeanPostProcessorChecker : Bean 'org.springframework.security.config.annotation.method.configuration.GlobalMethodSecurityConfiguration' of type [org.springframework.security.config.annotation.method.configuration.GlobalMethodSecurityConfiguration$$EnhancerBySpringCGLIB$$dfe13709] is not eligible for getting processed by all BeanPostProcessors (for example: not eligible for auto-proxying)
2018-03-31 21:08:12.543  INFO 16041 --- [           main] trationDelegate$BeanPostProcessorChecker : Bean 'methodSecurityMetadataSource' of type [org.springframework.security.access.method.DelegatingMethodSecurityMetadataSource] is not eligible for getting processed by all BeanPostProcessors (for example: not eligible for auto-proxying)
2018-03-31 21:08:12.586  INFO 16041 --- [           main] trationDelegate$BeanPostProcessorChecker : Bean 'security.oauth2.client-org.springframework.boot.autoconfigure.security.oauth2.OAuth2ClientProperties' of type [org.springframework.boot.autoconfigure.security.oauth2.OAuth2ClientProperties] is not eligible for getting processed by all BeanPostProcessors (for example: not eligible for auto-proxying)
2018-03-31 21:08:12.588  INFO 16041 --- [           main] trationDelegate$BeanPostProcessorChecker : Bean 'org.springframework.boot.autoconfigure.security.oauth2.OAuth2AutoConfiguration' of type [org.springframework.boot.autoconfigure.security.oauth2.OAuth2AutoConfiguration$$EnhancerBySpringCGLIB$$d9a8881d] is not eligible for getting processed by all BeanPostProcessors (for example: not eligible for auto-proxying)
2018-03-31 21:08:12.605  INFO 16041 --- [           main] trationDelegate$BeanPostProcessorChecker : Bean 'resourceServerProperties' of type [org.springframework.boot.autoconfigure.security.oauth2.resource.ResourceServerProperties] is not eligible for getting processed by all BeanPostProcessors (for example: not eligible for auto-proxying)
2018-03-31 21:08:12.827  INFO 16041 --- [           main] j.LocalContainerEntityManagerFactoryBean : Building JPA container EntityManagerFactory for persistence unit 'default'
2018-03-31 21:08:12.827  INFO 16041 --- [           main] o.hibernate.jpa.internal.util.LogHelper  : HHH000204: Processing PersistenceUnitInfo [
	name: default
	...]
2018-03-31 21:08:12.832  INFO 16041 --- [           main] org.hibernate.dialect.Dialect            : HHH000400: Using dialect: org.hibernate.dialect.H2Dialect
2018-03-31 21:08:12.934  INFO 16041 --- [           main] org.hibernate.tool.hbm2ddl.SchemaExport  : HHH000227: Running hbm2ddl schema export
2018-03-31 21:08:12.964  INFO 16041 --- [           main] org.hibernate.tool.hbm2ddl.SchemaExport  : HHH000230: Schema export complete
2018-03-31 21:08:12.975  WARN 16041 --- [           main] o.h.j.i.EntityManagerFactoryRegistry     : HHH000436: Entity manager factory name (default) is already registered.  If entity manager will be clustered or passivated, specify a unique value for property 'hibernate.ejb.entitymanager_factory_name'
2018-03-31 21:08:12.975  INFO 16041 --- [           main] j.LocalContainerEntityManagerFactoryBean : Initialized JPA EntityManagerFactory for persistence unit 'default'
2018-03-31 21:08:13.721  INFO 16041 --- [           main] .s.o.p.e.FrameworkEndpointHandlerMapping : Mapped "{[/oauth/authorize]}" onto public org.springframework.web.servlet.ModelAndView org.springframework.security.oauth2.provider.endpoint.AuthorizationEndpoint.authorize(java.util.Map<java.lang.String, java.lang.Object>,java.util.Map<java.lang.String, java.lang.String>,org.springframework.web.bind.support.SessionStatus,java.security.Principal)
2018-03-31 21:08:13.721  INFO 16041 --- [           main] .s.o.p.e.FrameworkEndpointHandlerMapping : Mapped "{[/oauth/authorize],methods=[POST],params=[user_oauth_approval]}" onto public org.springframework.web.servlet.View org.springframework.security.oauth2.provider.endpoint.AuthorizationEndpoint.approveOrDeny(java.util.Map<java.lang.String, java.lang.String>,java.util.Map<java.lang.String, ?>,org.springframework.web.bind.support.SessionStatus,java.security.Principal)
2018-03-31 21:08:13.722  INFO 16041 --- [           main] .s.o.p.e.FrameworkEndpointHandlerMapping : Mapped "{[/oauth/token],methods=[GET]}" onto public org.springframework.http.ResponseEntity<org.springframework.security.oauth2.common.OAuth2AccessToken> org.springframework.security.oauth2.provider.endpoint.TokenEndpoint.getAccessToken(java.security.Principal,java.util.Map<java.lang.String, java.lang.String>) throws org.springframework.web.HttpRequestMethodNotSupportedException
2018-03-31 21:08:13.722  INFO 16041 --- [           main] .s.o.p.e.FrameworkEndpointHandlerMapping : Mapped "{[/oauth/token],methods=[POST]}" onto public org.springframework.http.ResponseEntity<org.springframework.security.oauth2.common.OAuth2AccessToken> org.springframework.security.oauth2.provider.endpoint.TokenEndpoint.postAccessToken(java.security.Principal,java.util.Map<java.lang.String, java.lang.String>) throws org.springframework.web.HttpRequestMethodNotSupportedException
2018-03-31 21:08:13.722  INFO 16041 --- [           main] .s.o.p.e.FrameworkEndpointHandlerMapping : Mapped "{[/oauth/check_token]}" onto public java.util.Map<java.lang.String, ?> org.springframework.security.oauth2.provider.endpoint.CheckTokenEndpoint.checkToken(java.lang.String)
2018-03-31 21:08:13.722  INFO 16041 --- [           main] .s.o.p.e.FrameworkEndpointHandlerMapping : Mapped "{[/oauth/confirm_access]}" onto public org.springframework.web.servlet.ModelAndView org.springframework.security.oauth2.provider.endpoint.WhitelabelApprovalEndpoint.getAccessConfirmation(java.util.Map<java.lang.String, java.lang.Object>,javax.servlet.http.HttpServletRequest) throws java.lang.Exception
2018-03-31 21:08:13.722  INFO 16041 --- [           main] .s.o.p.e.FrameworkEndpointHandlerMapping : Mapped "{[/oauth/error]}" onto public org.springframework.web.servlet.ModelAndView org.springframework.security.oauth2.provider.endpoint.WhitelabelErrorEndpoint.handleError(javax.servlet.http.HttpServletRequest)
2018-03-31 21:08:13.990  INFO 16041 --- [           main] o.s.s.web.DefaultSecurityFilterChain     : Creating filter chain: Ant [pattern='/'], []
2018-03-31 21:08:13.990  INFO 16041 --- [           main] o.s.s.web.DefaultSecurityFilterChain     : Creating filter chain: Ant [pattern='/login'], []
2018-03-31 21:08:13.990  INFO 16041 --- [           main] o.s.s.web.DefaultSecurityFilterChain     : Creating filter chain: Ant [pattern='/webjars/**'], []
2018-03-31 21:08:13.991  INFO 16041 --- [           main] o.s.s.web.DefaultSecurityFilterChain     : Creating filter chain: Ant [pattern='/api/passwords/**'], []
2018-03-31 21:08:13.991  INFO 16041 --- [           main] o.s.s.web.DefaultSecurityFilterChain     : Creating filter chain: Ant [pattern='/swagger-resources'], []
2018-03-31 21:08:13.991  INFO 16041 --- [           main] o.s.s.web.DefaultSecurityFilterChain     : Creating filter chain: Ant [pattern='/swagger-resources/**'], []
2018-03-31 21:08:13.991  INFO 16041 --- [           main] o.s.s.web.DefaultSecurityFilterChain     : Creating filter chain: Ant [pattern='/swagger-ui.html'], []
2018-03-31 21:08:13.991  INFO 16041 --- [           main] o.s.s.web.DefaultSecurityFilterChain     : Creating filter chain: Ant [pattern='/v2/api-docs'], []
2018-03-31 21:08:13.991  INFO 16041 --- [           main] o.s.s.web.DefaultSecurityFilterChain     : Creating filter chain: Ant [pattern='/**', OPTIONS], []
2018-03-31 21:08:14.082  INFO 16041 --- [           main] o.s.s.web.DefaultSecurityFilterChain     : Creating filter chain: OrRequestMatcher [requestMatchers=[Ant [pattern='/oauth/token'], Ant [pattern='/oauth/token_key'], Ant [pattern='/oauth/check_token']]], [org.springframework.security.web.context.request.async.WebAsyncManagerIntegrationFilter@436dded, org.springframework.security.web.context.SecurityContextPersistenceFilter@62d42eb7, org.springframework.security.web.header.HeaderWriterFilter@14a82ea, org.springframework.security.web.authentication.logout.LogoutFilter@7f4050f0, org.springframework.security.web.authentication.www.BasicAuthenticationFilter@5fae1b, org.springframework.security.web.savedrequest.RequestCacheAwareFilter@22f0d1e0, org.springframework.security.web.servletapi.SecurityContextHolderAwareRequestFilter@77784a86, org.springframework.security.web.authentication.AnonymousAuthenticationFilter@4d12e75d, org.springframework.security.web.session.SessionManagementFilter@2655ccbd, org.springframework.security.web.access.ExceptionTranslationFilter@6d8d78a, org.springframework.security.web.access.intercept.FilterSecurityInterceptor@2935042e]
2018-03-31 21:08:14.095  INFO 16041 --- [           main] o.s.s.web.DefaultSecurityFilterChain     : Creating filter chain: org.springframework.security.oauth2.config.annotation.web.configuration.ResourceServerConfiguration$NotOAuthRequestMatcher@2fc70622, [org.springframework.security.web.context.request.async.WebAsyncManagerIntegrationFilter@1e2d4645, org.springframework.security.web.context.SecurityContextPersistenceFilter@2682fe42, org.springframework.security.web.header.HeaderWriterFilter@409f9dca, org.springframework.security.web.authentication.logout.LogoutFilter@57d1e089, org.springframework.security.oauth2.provider.authentication.OAuth2AuthenticationProcessingFilter@22271065, org.springframework.security.web.savedrequest.RequestCacheAwareFilter@27f73e68, org.springframework.security.web.servletapi.SecurityContextHolderAwareRequestFilter@1b3a8691, org.springframework.security.web.authentication.AnonymousAuthenticationFilter@34eb24e2, org.springframework.security.web.session.SessionManagementFilter@7df63a2d, org.springframework.security.web.access.ExceptionTranslationFilter@3676e04a, org.springframework.security.web.access.intercept.FilterSecurityInterceptor@35798cd0]
2018-03-31 21:08:14.096  INFO 16041 --- [           main] o.s.s.web.DefaultSecurityFilterChain     : Creating filter chain: org.springframework.security.web.util.matcher.AnyRequestMatcher@1, [org.springframework.security.web.access.intercept.FilterSecurityInterceptor@6782feb8]
2018-03-31 21:08:14.390  INFO 16041 --- [           main] s.w.s.m.m.a.RequestMappingHandlerAdapter : Looking for @ControllerAdvice: org.springframework.web.context.support.GenericWebApplicationContext@7781b55f: startup date [Sat Mar 31 21:08:12 EDT 2018]; root of context hierarchy
2018-03-31 21:08:14.436  INFO 16041 --- [           main] s.w.s.m.m.a.RequestMappingHandlerMapping : Mapped "{[/events/count/{timeframe}],methods=[GET]}" onto public org.springframework.http.ResponseEntity<?> edu.harvard.h2ms.web.controller.EventController.findEventCountByTimeframe(java.lang.String)
2018-03-31 21:08:14.436  INFO 16041 --- [           main] s.w.s.m.m.a.RequestMappingHandlerMapping : Mapped "{[/events/compliance/{questionId}/{timeframe}],methods=[GET]}" onto public org.springframework.http.ResponseEntity<?> edu.harvard.h2ms.web.controller.EventController.findComplianceByTimeframe(java.lang.String,java.lang.Long)
2018-03-31 21:08:14.437  INFO 16041 --- [           main] s.w.s.m.m.a.RequestMappingHandlerMapping : Mapped "{[/api/passwords/reset/{email:.+}],methods=[GET]}" onto public org.springframework.http.ResponseEntity<java.lang.Object> edu.harvard.h2ms.web.controller.PasswordController.getPasswordResetToken(java.lang.String)
2018-03-31 21:08:14.437  INFO 16041 --- [           main] s.w.s.m.m.a.RequestMappingHandlerMapping : Mapped "{[/api/passwords/reset/token],methods=[POST]}" onto public org.springframework.http.ResponseEntity<java.lang.Object> edu.harvard.h2ms.web.controller.PasswordController.resetPasswordViaToken(java.util.Map<java.lang.String, java.lang.String>)
2018-03-31 21:08:14.437  INFO 16041 --- [           main] s.w.s.m.m.a.RequestMappingHandlerMapping : Mapped "{[/users/avgWashed],methods=[GET]}" onto public java.util.Map<java.lang.String, java.lang.Double> edu.harvard.h2ms.web.controller.UserController.findAvgWashCompliance()
2018-03-31 21:08:14.439  INFO 16041 --- [           main] s.w.s.m.m.a.RequestMappingHandlerMapping : Mapped "{[/error],produces=[text/html]}" onto public org.springframework.web.servlet.ModelAndView org.springframework.boot.autoconfigure.web.BasicErrorController.errorHtml(javax.servlet.http.HttpServletRequest,javax.servlet.http.HttpServletResponse)
2018-03-31 21:08:14.439  INFO 16041 --- [           main] s.w.s.m.m.a.RequestMappingHandlerMapping : Mapped "{[/error]}" onto public org.springframework.http.ResponseEntity<java.util.Map<java.lang.String, java.lang.Object>> org.springframework.boot.autoconfigure.web.BasicErrorController.error(javax.servlet.http.HttpServletRequest)
2018-03-31 21:08:14.510  INFO 16041 --- [           main] o.s.w.s.handler.SimpleUrlHandlerMapping  : Mapped URL path [/webjars/**] onto handler of type [class org.springframework.web.servlet.resource.ResourceHttpRequestHandler]
2018-03-31 21:08:14.510  INFO 16041 --- [           main] o.s.w.s.handler.SimpleUrlHandlerMapping  : Mapped URL path [/**] onto handler of type [class org.springframework.web.servlet.resource.ResourceHttpRequestHandler]
2018-03-31 21:08:14.536  INFO 16041 --- [           main] .m.m.a.ExceptionHandlerExceptionResolver : Detected @ExceptionHandler methods in exceptionHandlingController
2018-03-31 21:08:14.536  INFO 16041 --- [           main] .m.m.a.ExceptionHandlerExceptionResolver : Detected @ExceptionHandler methods in repositoryRestExceptionHandler
2018-03-31 21:08:14.629  INFO 16041 --- [           main] o.s.w.s.handler.SimpleUrlHandlerMapping  : Mapped URL path [/**/favicon.ico] onto handler of type [class org.springframework.web.servlet.resource.ResourceHttpRequestHandler]
2018-03-31 21:08:14.694  WARN 16041 --- [           main] .t.AbstractTemplateResolverConfiguration : Cannot find template location: classpath:/templates/ (please add some templates or check your Thymeleaf configuration)
2018-03-31 21:08:14.865  INFO 16041 --- [           main] o.s.d.r.w.RepositoryRestHandlerAdapter   : Looking for @ControllerAdvice: org.springframework.web.context.support.GenericWebApplicationContext@7781b55f: startup date [Sat Mar 31 21:08:12 EDT 2018]; root of context hierarchy
2018-03-31 21:08:14.895  INFO 16041 --- [           main] o.s.d.r.w.RepositoryRestHandlerMapping   : Mapped "{[/{repository}/{id}/{property}],methods=[GET],produces=[application/hal+json || application/json]}" onto public org.springframework.http.ResponseEntity<org.springframework.hateoas.ResourceSupport> org.springframework.data.rest.webmvc.RepositoryPropertyReferenceController.followPropertyReference(org.springframework.data.rest.webmvc.RootResourceInformation,java.io.Serializable,java.lang.String,org.springframework.data.rest.webmvc.PersistentEntityResourceAssembler) throws java.lang.Exception
2018-03-31 21:08:14.896  INFO 16041 --- [           main] o.s.d.r.w.RepositoryRestHandlerMapping   : Mapped "{[/{repository}/{id}/{property}/{propertyId}],methods=[GET],produces=[application/hal+json || application/json]}" onto public org.springframework.http.ResponseEntity<org.springframework.hateoas.ResourceSupport> org.springframework.data.rest.webmvc.RepositoryPropertyReferenceController.followPropertyReference(org.springframework.data.rest.webmvc.RootResourceInformation,java.io.Serializable,java.lang.String,java.lang.String,org.springframework.data.rest.webmvc.PersistentEntityResourceAssembler) throws java.lang.Exception
2018-03-31 21:08:14.898  INFO 16041 --- [           main] o.s.d.r.w.RepositoryRestHandlerMapping   : Mapped "{[/{repository}/{id}/{property}],methods=[DELETE],produces=[application/hal+json || application/json]}" onto public org.springframework.http.ResponseEntity<? extends org.springframework.hateoas.ResourceSupport> org.springframework.data.rest.webmvc.RepositoryPropertyReferenceController.deletePropertyReference(org.springframework.data.rest.webmvc.RootResourceInformation,java.io.Serializable,java.lang.String) throws java.lang.Exception
2018-03-31 21:08:14.900  INFO 16041 --- [           main] o.s.d.r.w.RepositoryRestHandlerMapping   : Mapped "{[/{repository}/{id}/{property}],methods=[GET],produces=[application/x-spring-data-compact+json || text/uri-list]}" onto public org.springframework.http.ResponseEntity<org.springframework.hateoas.ResourceSupport> org.springframework.data.rest.webmvc.RepositoryPropertyReferenceController.followPropertyReferenceCompact(org.springframework.data.rest.webmvc.RootResourceInformation,java.io.Serializable,java.lang.String,org.springframework.data.rest.webmvc.PersistentEntityResourceAssembler) throws java.lang.Exception
2018-03-31 21:08:14.901  INFO 16041 --- [           main] o.s.d.r.w.RepositoryRestHandlerMapping   : Mapped "{[/{repository}/{id}/{property}],methods=[PATCH || PUT || POST],consumes=[application/json || application/x-spring-data-compact+json || text/uri-list],produces=[application/hal+json || application/json]}" onto public org.springframework.http.ResponseEntity<? extends org.springframework.hateoas.ResourceSupport> org.springframework.data.rest.webmvc.RepositoryPropertyReferenceController.createPropertyReference(org.springframework.data.rest.webmvc.RootResourceInformation,org.springframework.http.HttpMethod,org.springframework.hateoas.Resources<java.lang.Object>,java.io.Serializable,java.lang.String) throws java.lang.Exception
2018-03-31 21:08:14.901  INFO 16041 --- [           main] o.s.d.r.w.RepositoryRestHandlerMapping   : Mapped "{[/{repository}/{id}/{property}/{propertyId}],methods=[DELETE],produces=[application/hal+json || application/json]}" onto public org.springframework.http.ResponseEntity<org.springframework.hateoas.ResourceSupport> org.springframework.data.rest.webmvc.RepositoryPropertyReferenceController.deletePropertyReferenceId(org.springframework.data.rest.webmvc.RootResourceInformation,java.io.Serializable,java.lang.String,java.lang.String) throws java.lang.Exception
2018-03-31 21:08:14.902  INFO 16041 --- [           main] o.s.d.r.w.RepositoryRestHandlerMapping   : Mapped "{[/{repository}/search/{search}],methods=[GET],produces=[application/hal+json || application/json]}" onto public org.springframework.http.ResponseEntity<?> org.springframework.data.rest.webmvc.RepositorySearchController.executeSearch(org.springframework.data.rest.webmvc.RootResourceInformation,org.springframework.util.MultiValueMap<java.lang.String, java.lang.Object>,java.lang.String,org.springframework.data.rest.webmvc.support.DefaultedPageable,org.springframework.data.domain.Sort,org.springframework.data.rest.webmvc.PersistentEntityResourceAssembler,org.springframework.http.HttpHeaders)
2018-03-31 21:08:14.902  INFO 16041 --- [           main] o.s.d.r.w.RepositoryRestHandlerMapping   : Mapped "{[/{repository}/search],methods=[OPTIONS],produces=[application/hal+json || application/json]}" onto public org.springframework.http.HttpEntity<?> org.springframework.data.rest.webmvc.RepositorySearchController.optionsForSearches(org.springframework.data.rest.webmvc.RootResourceInformation)
2018-03-31 21:08:14.902  INFO 16041 --- [           main] o.s.d.r.w.RepositoryRestHandlerMapping   : Mapped "{[/{repository}/search/{search}],methods=[GET],produces=[application/x-spring-data-compact+json]}" onto public org.springframework.hateoas.ResourceSupport org.springframework.data.rest.webmvc.RepositorySearchController.executeSearchCompact(org.springframework.data.rest.webmvc.RootResourceInformation,org.springframework.http.HttpHeaders,org.springframework.util.MultiValueMap<java.lang.String, java.lang.Object>,java.lang.String,java.lang.String,org.springframework.data.rest.webmvc.support.DefaultedPageable,org.springframework.data.domain.Sort,org.springframework.data.rest.webmvc.PersistentEntityResourceAssembler)
2018-03-31 21:08:14.903  INFO 16041 --- [           main] o.s.d.r.w.RepositoryRestHandlerMapping   : Mapped "{[/{repository}/search/{search}],methods=[OPTIONS],produces=[application/hal+json || application/json]}" onto public org.springframework.http.ResponseEntity<java.lang.Object> org.springframework.data.rest.webmvc.RepositorySearchController.optionsForSearch(org.springframework.data.rest.webmvc.RootResourceInformation,java.lang.String)
2018-03-31 21:08:14.903  INFO 16041 --- [           main] o.s.d.r.w.RepositoryRestHandlerMapping   : Mapped "{[/{repository}/search/{search}],methods=[HEAD],produces=[application/hal+json || application/json]}" onto public org.springframework.http.ResponseEntity<java.lang.Object> org.springframework.data.rest.webmvc.RepositorySearchController.headForSearch(org.springframework.data.rest.webmvc.RootResourceInformation,java.lang.String)
2018-03-31 21:08:14.903  INFO 16041 --- [           main] o.s.d.r.w.RepositoryRestHandlerMapping   : Mapped "{[/{repository}/search],methods=[GET],produces=[application/hal+json || application/json]}" onto public org.springframework.data.rest.webmvc.RepositorySearchesResource org.springframework.data.rest.webmvc.RepositorySearchController.listSearches(org.springframework.data.rest.webmvc.RootResourceInformation)
2018-03-31 21:08:14.903  INFO 16041 --- [           main] o.s.d.r.w.RepositoryRestHandlerMapping   : Mapped "{[/{repository}/search],methods=[HEAD],produces=[application/hal+json || application/json]}" onto public org.springframework.http.HttpEntity<?> org.springframework.data.rest.webmvc.RepositorySearchController.headForSearches(org.springframework.data.rest.webmvc.RootResourceInformation)
2018-03-31 21:08:14.903  INFO 16041 --- [           main] o.s.d.r.w.RepositoryRestHandlerMapping   : Mapped "{[/ || ],methods=[GET],produces=[application/hal+json || application/json]}" onto public org.springframework.http.HttpEntity<org.springframework.data.rest.webmvc.RepositoryLinksResource> org.springframework.data.rest.webmvc.RepositoryController.listRepositories()
2018-03-31 21:08:14.904  INFO 16041 --- [           main] o.s.d.r.w.RepositoryRestHandlerMapping   : Mapped "{[/ || ],methods=[OPTIONS],produces=[application/hal+json || application/json]}" onto public org.springframework.http.HttpEntity<?> org.springframework.data.rest.webmvc.RepositoryController.optionsForRepositories()
2018-03-31 21:08:14.904  INFO 16041 --- [           main] o.s.d.r.w.RepositoryRestHandlerMapping   : Mapped "{[/ || ],methods=[HEAD],produces=[application/hal+json || application/json]}" onto public org.springframework.http.ResponseEntity<?> org.springframework.data.rest.webmvc.RepositoryController.headForRepositories()
2018-03-31 21:08:14.905  INFO 16041 --- [           main] o.s.d.r.w.RepositoryRestHandlerMapping   : Mapped "{[/{repository}],methods=[OPTIONS],produces=[application/hal+json || application/json]}" onto public org.springframework.http.ResponseEntity<?> org.springframework.data.rest.webmvc.RepositoryEntityController.optionsForCollectionResource(org.springframework.data.rest.webmvc.RootResourceInformation)
2018-03-31 21:08:14.906  INFO 16041 --- [           main] o.s.d.r.w.RepositoryRestHandlerMapping   : Mapped "{[/{repository}],methods=[HEAD],produces=[application/hal+json || application/json]}" onto public org.springframework.http.ResponseEntity<?> org.springframework.data.rest.webmvc.RepositoryEntityController.headCollectionResource(org.springframework.data.rest.webmvc.RootResourceInformation,org.springframework.data.rest.webmvc.support.DefaultedPageable) throws org.springframework.web.HttpRequestMethodNotSupportedException
2018-03-31 21:08:14.906  INFO 16041 --- [           main] o.s.d.r.w.RepositoryRestHandlerMapping   : Mapped "{[/{repository}],methods=[GET],produces=[application/hal+json || application/json]}" onto public org.springframework.hateoas.Resources<?> org.springframework.data.rest.webmvc.RepositoryEntityController.getCollectionResource(org.springframework.data.rest.webmvc.RootResourceInformation,org.springframework.data.rest.webmvc.support.DefaultedPageable,org.springframework.data.domain.Sort,org.springframework.data.rest.webmvc.PersistentEntityResourceAssembler) throws org.springframework.data.rest.webmvc.ResourceNotFoundException,org.springframework.web.HttpRequestMethodNotSupportedException
2018-03-31 21:08:14.906  INFO 16041 --- [           main] o.s.d.r.w.RepositoryRestHandlerMapping   : Mapped "{[/{repository}],methods=[GET],produces=[application/x-spring-data-compact+json || text/uri-list]}" onto public org.springframework.hateoas.Resources<?> org.springframework.data.rest.webmvc.RepositoryEntityController.getCollectionResourceCompact(org.springframework.data.rest.webmvc.RootResourceInformation,org.springframework.data.rest.webmvc.support.DefaultedPageable,org.springframework.data.domain.Sort,org.springframework.data.rest.webmvc.PersistentEntityResourceAssembler) throws org.springframework.data.rest.webmvc.ResourceNotFoundException,org.springframework.web.HttpRequestMethodNotSupportedException
2018-03-31 21:08:14.909  INFO 16041 --- [           main] o.s.d.r.w.RepositoryRestHandlerMapping   : Mapped "{[/{repository}],methods=[POST],produces=[application/hal+json || application/json]}" onto public org.springframework.http.ResponseEntity<org.springframework.hateoas.ResourceSupport> org.springframework.data.rest.webmvc.RepositoryEntityController.postCollectionResource(org.springframework.data.rest.webmvc.RootResourceInformation,org.springframework.data.rest.webmvc.PersistentEntityResource,org.springframework.data.rest.webmvc.PersistentEntityResourceAssembler,java.lang.String) throws org.springframework.web.HttpRequestMethodNotSupportedException
2018-03-31 21:08:14.911  INFO 16041 --- [           main] o.s.d.r.w.RepositoryRestHandlerMapping   : Mapped "{[/{repository}/{id}],methods=[OPTIONS],produces=[application/hal+json || application/json]}" onto public org.springframework.http.ResponseEntity<?> org.springframework.data.rest.webmvc.RepositoryEntityController.optionsForItemResource(org.springframework.data.rest.webmvc.RootResourceInformation)
2018-03-31 21:08:14.913  INFO 16041 --- [           main] o.s.d.r.w.RepositoryRestHandlerMapping   : Mapped "{[/{repository}/{id}],methods=[HEAD],produces=[application/hal+json || application/json]}" onto public org.springframework.http.ResponseEntity<?> org.springframework.data.rest.webmvc.RepositoryEntityController.headForItemResource(org.springframework.data.rest.webmvc.RootResourceInformation,java.io.Serializable,org.springframework.data.rest.webmvc.PersistentEntityResourceAssembler) throws org.springframework.web.HttpRequestMethodNotSupportedException
2018-03-31 21:08:14.913  INFO 16041 --- [           main] o.s.d.r.w.RepositoryRestHandlerMapping   : Mapped "{[/{repository}/{id}],methods=[GET],produces=[application/hal+json || application/json]}" onto public org.springframework.http.ResponseEntity<org.springframework.hateoas.Resource<?>> org.springframework.data.rest.webmvc.RepositoryEntityController.getItemResource(org.springframework.data.rest.webmvc.RootResourceInformation,java.io.Serializable,org.springframework.data.rest.webmvc.PersistentEntityResourceAssembler,org.springframework.http.HttpHeaders) throws org.springframework.web.HttpRequestMethodNotSupportedException
2018-03-31 21:08:14.913  INFO 16041 --- [           main] o.s.d.r.w.RepositoryRestHandlerMapping   : Mapped "{[/{repository}/{id}],methods=[PUT],produces=[application/hal+json || application/json]}" onto public org.springframework.http.ResponseEntity<? extends org.springframework.hateoas.ResourceSupport> org.springframework.data.rest.webmvc.RepositoryEntityController.putItemResource(org.springframework.data.rest.webmvc.RootResourceInformation,org.springframework.data.rest.webmvc.PersistentEntityResource,java.io.Serializable,org.springframework.data.rest.webmvc.PersistentEntityResourceAssembler,org.springframework.data.rest.webmvc.support.ETag,java.lang.String) throws org.springframework.web.HttpRequestMethodNotSupportedException
2018-03-31 21:08:14.914  INFO 16041 --- [           main] o.s.d.r.w.RepositoryRestHandlerMapping   : Mapped "{[/{repository}/{id}],methods=[PATCH],produces=[application/hal+json || application/json]}" onto public org.springframework.http.ResponseEntity<org.springframework.hateoas.ResourceSupport> org.springframework.data.rest.webmvc.RepositoryEntityController.patchItemResource(org.springframework.data.rest.webmvc.RootResourceInformation,org.springframework.data.rest.webmvc.PersistentEntityResource,java.io.Serializable,org.springframework.data.rest.webmvc.PersistentEntityResourceAssembler,org.springframework.data.rest.webmvc.support.ETag,java.lang.String) throws org.springframework.web.HttpRequestMethodNotSupportedException,org.springframework.data.rest.webmvc.ResourceNotFoundException
2018-03-31 21:08:14.914  INFO 16041 --- [           main] o.s.d.r.w.RepositoryRestHandlerMapping   : Mapped "{[/{repository}/{id}],methods=[DELETE],produces=[application/hal+json || application/json]}" onto public org.springframework.http.ResponseEntity<?> org.springframework.data.rest.webmvc.RepositoryEntityController.deleteItemResource(org.springframework.data.rest.webmvc.RootResourceInformation,java.io.Serializable,org.springframework.data.rest.webmvc.support.ETag) throws org.springframework.data.rest.webmvc.ResourceNotFoundException,org.springframework.web.HttpRequestMethodNotSupportedException
2018-03-31 21:08:14.917  INFO 16041 --- [           main] o.s.d.r.w.BasePathAwareHandlerMapping    : Mapped "{[/profile/{repository}],methods=[OPTIONS],produces=[application/alps+json]}" onto org.springframework.http.HttpEntity<?> org.springframework.data.rest.webmvc.alps.AlpsController.alpsOptions()
2018-03-31 21:08:14.918  INFO 16041 --- [           main] o.s.d.r.w.BasePathAwareHandlerMapping    : Mapped "{[/profile/{repository}],methods=[GET],produces=[application/alps+json || */*]}" onto org.springframework.http.HttpEntity<org.springframework.data.rest.webmvc.RootResourceInformation> org.springframework.data.rest.webmvc.alps.AlpsController.descriptor(org.springframework.data.rest.webmvc.RootResourceInformation)
2018-03-31 21:08:14.918  INFO 16041 --- [           main] o.s.d.r.w.BasePathAwareHandlerMapping    : Mapped "{[/profile/{repository}],methods=[GET],produces=[application/schema+json]}" onto public org.springframework.http.HttpEntity<org.springframework.data.rest.webmvc.json.JsonSchema> org.springframework.data.rest.webmvc.RepositorySchemaController.schema(org.springframework.data.rest.webmvc.RootResourceInformation)
2018-03-31 21:08:14.918  INFO 16041 --- [           main] o.s.d.r.w.BasePathAwareHandlerMapping    : Mapped "{[/profile],methods=[OPTIONS]}" onto public org.springframework.http.HttpEntity<?> org.springframework.data.rest.webmvc.ProfileController.profileOptions()
2018-03-31 21:08:14.918  INFO 16041 --- [           main] o.s.d.r.w.BasePathAwareHandlerMapping    : Mapped "{[/profile],methods=[GET]}" onto org.springframework.http.HttpEntity<org.springframework.hateoas.ResourceSupport> org.springframework.data.rest.webmvc.ProfileController.listAllFormsOfMetadata()
2018-03-31 21:08:15.136  INFO 16041 --- [           main] o.h.h.i.QueryTranslatorFactoryInitiator  : HHH000397: Using ASTQueryTranslatorFactory
2018-03-31 21:08:15.252  INFO 16041 --- [           main] e.h.h.controllers.UserControllerTests    : Started UserControllerTests in 3.226 seconds (JVM running for 18.736)
2018-03-31 21:08:15.262  INFO 16041 --- [           main] o.s.b.t.m.w.SpringBootMockServletContext : Initializing Spring FrameworkServlet ''
2018-03-31 21:08:15.262  INFO 16041 --- [           main] o.s.t.web.servlet.TestDispatcherServlet  : FrameworkServlet '': initialization started
2018-03-31 21:08:15.284  INFO 16041 --- [           main] o.s.t.web.servlet.TestDispatcherServlet  : FrameworkServlet '': initialization completed in 21 ms
2018-03-31 21:08:15.616  INFO 16041 --- [           main] e.harvard.h2ms.service.UserServiceImpl   : No. of users found: 3
2018-03-31 21:08:15.619  INFO 16041 --- [           main] e.harvard.h2ms.service.UserServiceImpl   : There are 3 distinct user types 
2018-03-31 21:08:15.624  INFO 16041 --- [           main] e.harvard.h2ms.service.UserServiceImpl   : No. of events found: 1
2018-03-31 21:08:15.657  INFO 16041 --- [           main] o.s.w.c.s.GenericWebApplicationContext   : Closing org.springframework.web.context.support.GenericWebApplicationContext@7781b55f: startup date [Sat Mar 31 21:08:12 EDT 2018]; root of context hierarchy
2018-03-31 21:08:15.662  INFO 16041 --- [           main] j.LocalContainerEntityManagerFactoryBean : Closing JPA EntityManagerFactory for persistence unit 'default'
2018-03-31 21:08:15.662  INFO 16041 --- [           main] org.hibernate.tool.hbm2ddl.SchemaExport  : HHH000227: Running hbm2ddl schema export
2018-03-31 21:08:15.670  INFO 16041 --- [           main] org.hibernate.tool.hbm2ddl.SchemaExport  : HHH000230: Schema export complete
Tests run: 1, Failures: 0, Errors: 0, Skipped: 0, Time elapsed: 3.589 sec - in edu.harvard.h2ms.controllers.UserControllerTests
Running edu.harvard.h2ms.controllers.LocationControllerTests
2018-03-31 21:08:15.677  INFO 16041 --- [           main] .b.t.c.SpringBootTestContextBootstrapper : Neither @ContextConfiguration nor @ContextHierarchy found for test class [edu.harvard.h2ms.controllers.LocationControllerTests], using SpringBootContextLoader
2018-03-31 21:08:15.678  INFO 16041 --- [           main] o.s.t.c.support.AbstractContextLoader    : Could not detect default resource locations for test class [edu.harvard.h2ms.controllers.LocationControllerTests]: no resource found for suffixes {-context.xml, Context.groovy}.
2018-03-31 21:08:15.678  INFO 16041 --- [           main] t.c.s.AnnotationConfigContextLoaderUtils : Could not detect default configuration classes for test class [edu.harvard.h2ms.controllers.LocationControllerTests]: LocationControllerTests does not declare any static, non-private, non-final, nested classes annotated with @Configuration.
2018-03-31 21:08:15.680  INFO 16041 --- [           main] .b.t.c.SpringBootTestContextBootstrapper : Found @SpringBootConfiguration edu.harvard.h2ms.H2MSRestAppInitializer for test class edu.harvard.h2ms.controllers.LocationControllerTests
2018-03-31 21:08:15.682  INFO 16041 --- [           main] .b.t.c.SpringBootTestContextBootstrapper : Loaded default TestExecutionListener class names from location [META-INF/spring.factories]: [org.springframework.boot.test.mock.mockito.MockitoTestExecutionListener, org.springframework.boot.test.mock.mockito.ResetMocksTestExecutionListener, org.springframework.boot.test.autoconfigure.restdocs.RestDocsTestExecutionListener, org.springframework.boot.test.autoconfigure.web.client.MockRestServiceServerResetTestExecutionListener, org.springframework.boot.test.autoconfigure.web.servlet.MockMvcPrintOnlyOnFailureTestExecutionListener, org.springframework.boot.test.autoconfigure.web.servlet.WebDriverTestExecutionListener, org.springframework.test.context.web.ServletTestExecutionListener, org.springframework.test.context.support.DirtiesContextBeforeModesTestExecutionListener, org.springframework.test.context.support.DependencyInjectionTestExecutionListener, org.springframework.test.context.support.DirtiesContextTestExecutionListener, org.springframework.test.context.transaction.TransactionalTestExecutionListener, org.springframework.test.context.jdbc.SqlScriptsTestExecutionListener, org.springframework.security.test.context.support.WithSecurityContextTestExecutionListener]
2018-03-31 21:08:15.684  INFO 16041 --- [           main] .b.t.c.SpringBootTestContextBootstrapper : Using TestExecutionListeners: [org.springframework.test.context.web.ServletTestExecutionListener@46b3c1c2, org.springframework.test.context.support.DirtiesContextBeforeModesTestExecutionListener@53ef0db3, org.springframework.boot.test.autoconfigure.SpringBootDependencyInjectionTestExecutionListener@29957fe0, org.springframework.test.context.support.DirtiesContextTestExecutionListener@57d5dd0, org.springframework.test.context.transaction.TransactionalTestExecutionListener@5d98216c, org.springframework.test.context.jdbc.SqlScriptsTestExecutionListener@76312df9, org.springframework.security.test.context.support.WithSecurityContextTestExecutionListener@74d926a0, org.springframework.boot.test.mock.mockito.MockitoTestExecutionListener@1b256636, org.springframework.boot.test.mock.mockito.ResetMocksTestExecutionListener@7aab77f, org.springframework.boot.test.autoconfigure.restdocs.RestDocsTestExecutionListener@788b0c96, org.springframework.boot.test.autoconfigure.web.client.MockRestServiceServerResetTestExecutionListener@45dac901, org.springframework.boot.test.autoconfigure.web.servlet.MockMvcPrintOnlyOnFailureTestExecutionListener@75fe135a, org.springframework.boot.test.autoconfigure.web.servlet.WebDriverTestExecutionListener@27bd53d5]

  .   ____          _            __ _ _
 /\\ / ___'_ __ _ _(_)_ __  __ _ \ \ \ \
( ( )\___ | '_ | '_| | '_ \/ _` | \ \ \ \
 \\/  ___)| |_)| | | | | || (_| |  ) ) ) )
  '  |____| .__|_| |_|_| |_\__, | / / / /
 =========|_|==============|___/=/_/_/_/
 :: Spring Boot ::       (v1.5.10.RELEASE)

2018-03-31 21:08:16.063  INFO 16041 --- [           main] e.h.h.c.LocationControllerTests          : Starting LocationControllerTests on ancient.bitbin.de with PID 16041 (started by stbenjam in /home/stbenjam/git/h2ms)
2018-03-31 21:08:16.063  INFO 16041 --- [           main] e.h.h.c.LocationControllerTests          : No active profile set, falling back to default profiles: default
2018-03-31 21:08:16.066  INFO 16041 --- [           main] o.s.w.c.s.GenericWebApplicationContext   : Refreshing org.springframework.web.context.support.GenericWebApplicationContext@2132f68e: startup date [Sat Mar 31 21:08:16 EDT 2018]; root of context hierarchy
2018-03-31 21:08:16.166  INFO 16041 --- [           main] o.s.c.a.ConfigurationClassParser         : Properties location [classpath:mailserver.properties] not resolvable: class path resource [mailserver.properties] cannot be opened because it does not exist
2018-03-31 21:08:16.378  INFO 16041 --- [           main] o.s.b.f.s.DefaultListableBeanFactory     : Overriding bean definition for bean 'httpRequestHandlerAdapter' with a different definition: replacing [Root bean: class [null]; scope=; abstract=false; lazyInit=false; autowireMode=3; dependencyCheck=0; autowireCandidate=true; primary=false; factoryBeanName=org.springframework.boot.autoconfigure.web.WebMvcAutoConfiguration$EnableWebMvcConfiguration; factoryMethodName=httpRequestHandlerAdapter; initMethodName=null; destroyMethodName=(inferred); defined in class path resource [org/springframework/boot/autoconfigure/web/WebMvcAutoConfiguration$EnableWebMvcConfiguration.class]] with [Root bean: class [null]; scope=; abstract=false; lazyInit=false; autowireMode=3; dependencyCheck=0; autowireCandidate=true; primary=false; factoryBeanName=org.springframework.data.rest.webmvc.config.RepositoryRestMvcConfiguration; factoryMethodName=httpRequestHandlerAdapter; initMethodName=null; destroyMethodName=(inferred); defined in class path resource [org/springframework/data/rest/webmvc/config/RepositoryRestMvcConfiguration.class]]
2018-03-31 21:08:16.506  INFO 16041 --- [           main] trationDelegate$BeanPostProcessorChecker : Bean 'org.springframework.transaction.annotation.ProxyTransactionManagementConfiguration' of type [org.springframework.transaction.annotation.ProxyTransactionManagementConfiguration$$EnhancerBySpringCGLIB$$225ecc1d] is not eligible for getting processed by all BeanPostProcessors (for example: not eligible for auto-proxying)
2018-03-31 21:08:16.528  INFO 16041 --- [           main] trationDelegate$BeanPostProcessorChecker : Bean 'org.springframework.security.config.annotation.configuration.ObjectPostProcessorConfiguration' of type [org.springframework.security.config.annotation.configuration.ObjectPostProcessorConfiguration$$EnhancerBySpringCGLIB$$bb0c9457] is not eligible for getting processed by all BeanPostProcessors (for example: not eligible for auto-proxying)
2018-03-31 21:08:16.541  INFO 16041 --- [           main] trationDelegate$BeanPostProcessorChecker : Bean 'objectPostProcessor' of type [org.springframework.security.config.annotation.configuration.AutowireBeanFactoryObjectPostProcessor] is not eligible for getting processed by all BeanPostProcessors (for example: not eligible for auto-proxying)
2018-03-31 21:08:16.544  INFO 16041 --- [           main] trationDelegate$BeanPostProcessorChecker : Bean 'org.springframework.security.access.expression.method.DefaultMethodSecurityExpressionHandler@53b3cd9b' of type [org.springframework.security.oauth2.provider.expression.OAuth2MethodSecurityExpressionHandler] is not eligible for getting processed by all BeanPostProcessors (for example: not eligible for auto-proxying)
2018-03-31 21:08:16.562  INFO 16041 --- [           main] trationDelegate$BeanPostProcessorChecker : Bean 'org.springframework.security.config.annotation.method.configuration.GlobalMethodSecurityConfiguration' of type [org.springframework.security.config.annotation.method.configuration.GlobalMethodSecurityConfiguration$$EnhancerBySpringCGLIB$$dfe13709] is not eligible for getting processed by all BeanPostProcessors (for example: not eligible for auto-proxying)
2018-03-31 21:08:16.568  INFO 16041 --- [           main] trationDelegate$BeanPostProcessorChecker : Bean 'methodSecurityMetadataSource' of type [org.springframework.security.access.method.DelegatingMethodSecurityMetadataSource] is not eligible for getting processed by all BeanPostProcessors (for example: not eligible for auto-proxying)
2018-03-31 21:08:16.606  INFO 16041 --- [           main] trationDelegate$BeanPostProcessorChecker : Bean 'security.oauth2.client-org.springframework.boot.autoconfigure.security.oauth2.OAuth2ClientProperties' of type [org.springframework.boot.autoconfigure.security.oauth2.OAuth2ClientProperties] is not eligible for getting processed by all BeanPostProcessors (for example: not eligible for auto-proxying)
2018-03-31 21:08:16.609  INFO 16041 --- [           main] trationDelegate$BeanPostProcessorChecker : Bean 'org.springframework.boot.autoconfigure.security.oauth2.OAuth2AutoConfiguration' of type [org.springframework.boot.autoconfigure.security.oauth2.OAuth2AutoConfiguration$$EnhancerBySpringCGLIB$$d9a8881d] is not eligible for getting processed by all BeanPostProcessors (for example: not eligible for auto-proxying)
2018-03-31 21:08:16.618  INFO 16041 --- [           main] trationDelegate$BeanPostProcessorChecker : Bean 'resourceServerProperties' of type [org.springframework.boot.autoconfigure.security.oauth2.resource.ResourceServerProperties] is not eligible for getting processed by all BeanPostProcessors (for example: not eligible for auto-proxying)
2018-03-31 21:08:16.848  INFO 16041 --- [           main] j.LocalContainerEntityManagerFactoryBean : Building JPA container EntityManagerFactory for persistence unit 'default'
2018-03-31 21:08:16.848  INFO 16041 --- [           main] o.hibernate.jpa.internal.util.LogHelper  : HHH000204: Processing PersistenceUnitInfo [
	name: default
	...]
2018-03-31 21:08:16.853  INFO 16041 --- [           main] org.hibernate.dialect.Dialect            : HHH000400: Using dialect: org.hibernate.dialect.H2Dialect
2018-03-31 21:08:16.939  INFO 16041 --- [           main] org.hibernate.tool.hbm2ddl.SchemaExport  : HHH000227: Running hbm2ddl schema export
2018-03-31 21:08:16.965  INFO 16041 --- [           main] org.hibernate.tool.hbm2ddl.SchemaExport  : HHH000230: Schema export complete
2018-03-31 21:08:16.977  WARN 16041 --- [           main] o.h.j.i.EntityManagerFactoryRegistry     : HHH000436: Entity manager factory name (default) is already registered.  If entity manager will be clustered or passivated, specify a unique value for property 'hibernate.ejb.entitymanager_factory_name'
2018-03-31 21:08:16.978  INFO 16041 --- [           main] j.LocalContainerEntityManagerFactoryBean : Initialized JPA EntityManagerFactory for persistence unit 'default'
2018-03-31 21:08:17.623  INFO 16041 --- [           main] .s.o.p.e.FrameworkEndpointHandlerMapping : Mapped "{[/oauth/authorize]}" onto public org.springframework.web.servlet.ModelAndView org.springframework.security.oauth2.provider.endpoint.AuthorizationEndpoint.authorize(java.util.Map<java.lang.String, java.lang.Object>,java.util.Map<java.lang.String, java.lang.String>,org.springframework.web.bind.support.SessionStatus,java.security.Principal)
2018-03-31 21:08:17.623  INFO 16041 --- [           main] .s.o.p.e.FrameworkEndpointHandlerMapping : Mapped "{[/oauth/authorize],methods=[POST],params=[user_oauth_approval]}" onto public org.springframework.web.servlet.View org.springframework.security.oauth2.provider.endpoint.AuthorizationEndpoint.approveOrDeny(java.util.Map<java.lang.String, java.lang.String>,java.util.Map<java.lang.String, ?>,org.springframework.web.bind.support.SessionStatus,java.security.Principal)
2018-03-31 21:08:17.623  INFO 16041 --- [           main] .s.o.p.e.FrameworkEndpointHandlerMapping : Mapped "{[/oauth/token],methods=[GET]}" onto public org.springframework.http.ResponseEntity<org.springframework.security.oauth2.common.OAuth2AccessToken> org.springframework.security.oauth2.provider.endpoint.TokenEndpoint.getAccessToken(java.security.Principal,java.util.Map<java.lang.String, java.lang.String>) throws org.springframework.web.HttpRequestMethodNotSupportedException
2018-03-31 21:08:17.623  INFO 16041 --- [           main] .s.o.p.e.FrameworkEndpointHandlerMapping : Mapped "{[/oauth/token],methods=[POST]}" onto public org.springframework.http.ResponseEntity<org.springframework.security.oauth2.common.OAuth2AccessToken> org.springframework.security.oauth2.provider.endpoint.TokenEndpoint.postAccessToken(java.security.Principal,java.util.Map<java.lang.String, java.lang.String>) throws org.springframework.web.HttpRequestMethodNotSupportedException
2018-03-31 21:08:17.624  INFO 16041 --- [           main] .s.o.p.e.FrameworkEndpointHandlerMapping : Mapped "{[/oauth/check_token]}" onto public java.util.Map<java.lang.String, ?> org.springframework.security.oauth2.provider.endpoint.CheckTokenEndpoint.checkToken(java.lang.String)
2018-03-31 21:08:17.624  INFO 16041 --- [           main] .s.o.p.e.FrameworkEndpointHandlerMapping : Mapped "{[/oauth/confirm_access]}" onto public org.springframework.web.servlet.ModelAndView org.springframework.security.oauth2.provider.endpoint.WhitelabelApprovalEndpoint.getAccessConfirmation(java.util.Map<java.lang.String, java.lang.Object>,javax.servlet.http.HttpServletRequest) throws java.lang.Exception
2018-03-31 21:08:17.624  INFO 16041 --- [           main] .s.o.p.e.FrameworkEndpointHandlerMapping : Mapped "{[/oauth/error]}" onto public org.springframework.web.servlet.ModelAndView org.springframework.security.oauth2.provider.endpoint.WhitelabelErrorEndpoint.handleError(javax.servlet.http.HttpServletRequest)
2018-03-31 21:08:17.871  INFO 16041 --- [           main] o.s.s.web.DefaultSecurityFilterChain     : Creating filter chain: Ant [pattern='/'], []
2018-03-31 21:08:17.871  INFO 16041 --- [           main] o.s.s.web.DefaultSecurityFilterChain     : Creating filter chain: Ant [pattern='/login'], []
2018-03-31 21:08:17.871  INFO 16041 --- [           main] o.s.s.web.DefaultSecurityFilterChain     : Creating filter chain: Ant [pattern='/webjars/**'], []
2018-03-31 21:08:17.871  INFO 16041 --- [           main] o.s.s.web.DefaultSecurityFilterChain     : Creating filter chain: Ant [pattern='/api/passwords/**'], []
2018-03-31 21:08:17.871  INFO 16041 --- [           main] o.s.s.web.DefaultSecurityFilterChain     : Creating filter chain: Ant [pattern='/swagger-resources'], []
2018-03-31 21:08:17.871  INFO 16041 --- [           main] o.s.s.web.DefaultSecurityFilterChain     : Creating filter chain: Ant [pattern='/swagger-resources/**'], []
2018-03-31 21:08:17.871  INFO 16041 --- [           main] o.s.s.web.DefaultSecurityFilterChain     : Creating filter chain: Ant [pattern='/swagger-ui.html'], []
2018-03-31 21:08:17.871  INFO 16041 --- [           main] o.s.s.web.DefaultSecurityFilterChain     : Creating filter chain: Ant [pattern='/v2/api-docs'], []
2018-03-31 21:08:17.871  INFO 16041 --- [           main] o.s.s.web.DefaultSecurityFilterChain     : Creating filter chain: Ant [pattern='/**', OPTIONS], []
2018-03-31 21:08:17.966  INFO 16041 --- [           main] o.s.s.web.DefaultSecurityFilterChain     : Creating filter chain: OrRequestMatcher [requestMatchers=[Ant [pattern='/oauth/token'], Ant [pattern='/oauth/token_key'], Ant [pattern='/oauth/check_token']]], [org.springframework.security.web.context.request.async.WebAsyncManagerIntegrationFilter@8b5de1b, org.springframework.security.web.context.SecurityContextPersistenceFilter@77f4742b, org.springframework.security.web.header.HeaderWriterFilter@268206aa, org.springframework.security.web.authentication.logout.LogoutFilter@155ae856, org.springframework.security.web.authentication.www.BasicAuthenticationFilter@48313ada, org.springframework.security.web.savedrequest.RequestCacheAwareFilter@39b3de87, org.springframework.security.web.servletapi.SecurityContextHolderAwareRequestFilter@f32284d, org.springframework.security.web.authentication.AnonymousAuthenticationFilter@1dba3c62, org.springframework.security.web.session.SessionManagementFilter@58e8535e, org.springframework.security.web.access.ExceptionTranslationFilter@7826c5ef, org.springframework.security.web.access.intercept.FilterSecurityInterceptor@18870976]
2018-03-31 21:08:17.978  INFO 16041 --- [           main] o.s.s.web.DefaultSecurityFilterChain     : Creating filter chain: org.springframework.security.oauth2.config.annotation.web.configuration.ResourceServerConfiguration$NotOAuthRequestMatcher@1c22aae1, [org.springframework.security.web.context.request.async.WebAsyncManagerIntegrationFilter@9129682, org.springframework.security.web.context.SecurityContextPersistenceFilter@62885131, org.springframework.security.web.header.HeaderWriterFilter@2534b0d9, org.springframework.security.web.authentication.logout.LogoutFilter@12d658c0, org.springframework.security.oauth2.provider.authentication.OAuth2AuthenticationProcessingFilter@68cca23e, org.springframework.security.web.savedrequest.RequestCacheAwareFilter@2f193a75, org.springframework.security.web.servletapi.SecurityContextHolderAwareRequestFilter@2f2be537, org.springframework.security.web.authentication.AnonymousAuthenticationFilter@58cce034, org.springframework.security.web.session.SessionManagementFilter@7a8ea, org.springframework.security.web.access.ExceptionTranslationFilter@67054b2e, org.springframework.security.web.access.intercept.FilterSecurityInterceptor@11f237b3]
2018-03-31 21:08:17.978  INFO 16041 --- [           main] o.s.s.web.DefaultSecurityFilterChain     : Creating filter chain: org.springframework.security.web.util.matcher.AnyRequestMatcher@1, [org.springframework.security.web.access.intercept.FilterSecurityInterceptor@332c3e71]
2018-03-31 21:08:18.240  INFO 16041 --- [           main] s.w.s.m.m.a.RequestMappingHandlerAdapter : Looking for @ControllerAdvice: org.springframework.web.context.support.GenericWebApplicationContext@2132f68e: startup date [Sat Mar 31 21:08:16 EDT 2018]; root of context hierarchy
2018-03-31 21:08:18.292  INFO 16041 --- [           main] s.w.s.m.m.a.RequestMappingHandlerMapping : Mapped "{[/events/count/{timeframe}],methods=[GET]}" onto public org.springframework.http.ResponseEntity<?> edu.harvard.h2ms.web.controller.EventController.findEventCountByTimeframe(java.lang.String)
2018-03-31 21:08:18.292  INFO 16041 --- [           main] s.w.s.m.m.a.RequestMappingHandlerMapping : Mapped "{[/events/compliance/{questionId}/{timeframe}],methods=[GET]}" onto public org.springframework.http.ResponseEntity<?> edu.harvard.h2ms.web.controller.EventController.findComplianceByTimeframe(java.lang.String,java.lang.Long)
2018-03-31 21:08:18.292  INFO 16041 --- [           main] s.w.s.m.m.a.RequestMappingHandlerMapping : Mapped "{[/api/passwords/reset/{email:.+}],methods=[GET]}" onto public org.springframework.http.ResponseEntity<java.lang.Object> edu.harvard.h2ms.web.controller.PasswordController.getPasswordResetToken(java.lang.String)
2018-03-31 21:08:18.293  INFO 16041 --- [           main] s.w.s.m.m.a.RequestMappingHandlerMapping : Mapped "{[/api/passwords/reset/token],methods=[POST]}" onto public org.springframework.http.ResponseEntity<java.lang.Object> edu.harvard.h2ms.web.controller.PasswordController.resetPasswordViaToken(java.util.Map<java.lang.String, java.lang.String>)
2018-03-31 21:08:18.293  INFO 16041 --- [           main] s.w.s.m.m.a.RequestMappingHandlerMapping : Mapped "{[/users/avgWashed],methods=[GET]}" onto public java.util.Map<java.lang.String, java.lang.Double> edu.harvard.h2ms.web.controller.UserController.findAvgWashCompliance()
2018-03-31 21:08:18.294  INFO 16041 --- [           main] s.w.s.m.m.a.RequestMappingHandlerMapping : Mapped "{[/error],produces=[text/html]}" onto public org.springframework.web.servlet.ModelAndView org.springframework.boot.autoconfigure.web.BasicErrorController.errorHtml(javax.servlet.http.HttpServletRequest,javax.servlet.http.HttpServletResponse)
2018-03-31 21:08:18.295  INFO 16041 --- [           main] s.w.s.m.m.a.RequestMappingHandlerMapping : Mapped "{[/error]}" onto public org.springframework.http.ResponseEntity<java.util.Map<java.lang.String, java.lang.Object>> org.springframework.boot.autoconfigure.web.BasicErrorController.error(javax.servlet.http.HttpServletRequest)
2018-03-31 21:08:18.363  INFO 16041 --- [           main] o.s.w.s.handler.SimpleUrlHandlerMapping  : Mapped URL path [/webjars/**] onto handler of type [class org.springframework.web.servlet.resource.ResourceHttpRequestHandler]
2018-03-31 21:08:18.363  INFO 16041 --- [           main] o.s.w.s.handler.SimpleUrlHandlerMapping  : Mapped URL path [/**] onto handler of type [class org.springframework.web.servlet.resource.ResourceHttpRequestHandler]
2018-03-31 21:08:18.389  INFO 16041 --- [           main] .m.m.a.ExceptionHandlerExceptionResolver : Detected @ExceptionHandler methods in exceptionHandlingController
2018-03-31 21:08:18.389  INFO 16041 --- [           main] .m.m.a.ExceptionHandlerExceptionResolver : Detected @ExceptionHandler methods in repositoryRestExceptionHandler
2018-03-31 21:08:18.476  INFO 16041 --- [           main] o.s.w.s.handler.SimpleUrlHandlerMapping  : Mapped URL path [/**/favicon.ico] onto handler of type [class org.springframework.web.servlet.resource.ResourceHttpRequestHandler]
2018-03-31 21:08:18.531  WARN 16041 --- [           main] .t.AbstractTemplateResolverConfiguration : Cannot find template location: classpath:/templates/ (please add some templates or check your Thymeleaf configuration)
2018-03-31 21:08:18.681  INFO 16041 --- [           main] o.s.d.r.w.RepositoryRestHandlerAdapter   : Looking for @ControllerAdvice: org.springframework.web.context.support.GenericWebApplicationContext@2132f68e: startup date [Sat Mar 31 21:08:16 EDT 2018]; root of context hierarchy
2018-03-31 21:08:18.723  INFO 16041 --- [           main] o.s.d.r.w.RepositoryRestHandlerMapping   : Mapped "{[/{repository}/{id}/{property}],methods=[GET],produces=[application/hal+json || application/json]}" onto public org.springframework.http.ResponseEntity<org.springframework.hateoas.ResourceSupport> org.springframework.data.rest.webmvc.RepositoryPropertyReferenceController.followPropertyReference(org.springframework.data.rest.webmvc.RootResourceInformation,java.io.Serializable,java.lang.String,org.springframework.data.rest.webmvc.PersistentEntityResourceAssembler) throws java.lang.Exception
2018-03-31 21:08:18.724  INFO 16041 --- [           main] o.s.d.r.w.RepositoryRestHandlerMapping   : Mapped "{[/{repository}/{id}/{property}/{propertyId}],methods=[GET],produces=[application/hal+json || application/json]}" onto public org.springframework.http.ResponseEntity<org.springframework.hateoas.ResourceSupport> org.springframework.data.rest.webmvc.RepositoryPropertyReferenceController.followPropertyReference(org.springframework.data.rest.webmvc.RootResourceInformation,java.io.Serializable,java.lang.String,java.lang.String,org.springframework.data.rest.webmvc.PersistentEntityResourceAssembler) throws java.lang.Exception
2018-03-31 21:08:18.724  INFO 16041 --- [           main] o.s.d.r.w.RepositoryRestHandlerMapping   : Mapped "{[/{repository}/{id}/{property}],methods=[DELETE],produces=[application/hal+json || application/json]}" onto public org.springframework.http.ResponseEntity<? extends org.springframework.hateoas.ResourceSupport> org.springframework.data.rest.webmvc.RepositoryPropertyReferenceController.deletePropertyReference(org.springframework.data.rest.webmvc.RootResourceInformation,java.io.Serializable,java.lang.String) throws java.lang.Exception
2018-03-31 21:08:18.725  INFO 16041 --- [           main] o.s.d.r.w.RepositoryRestHandlerMapping   : Mapped "{[/{repository}/{id}/{property}],methods=[GET],produces=[application/x-spring-data-compact+json || text/uri-list]}" onto public org.springframework.http.ResponseEntity<org.springframework.hateoas.ResourceSupport> org.springframework.data.rest.webmvc.RepositoryPropertyReferenceController.followPropertyReferenceCompact(org.springframework.data.rest.webmvc.RootResourceInformation,java.io.Serializable,java.lang.String,org.springframework.data.rest.webmvc.PersistentEntityResourceAssembler) throws java.lang.Exception
2018-03-31 21:08:18.725  INFO 16041 --- [           main] o.s.d.r.w.RepositoryRestHandlerMapping   : Mapped "{[/{repository}/{id}/{property}],methods=[PATCH || PUT || POST],consumes=[application/json || application/x-spring-data-compact+json || text/uri-list],produces=[application/hal+json || application/json]}" onto public org.springframework.http.ResponseEntity<? extends org.springframework.hateoas.ResourceSupport> org.springframework.data.rest.webmvc.RepositoryPropertyReferenceController.createPropertyReference(org.springframework.data.rest.webmvc.RootResourceInformation,org.springframework.http.HttpMethod,org.springframework.hateoas.Resources<java.lang.Object>,java.io.Serializable,java.lang.String) throws java.lang.Exception
2018-03-31 21:08:18.726  INFO 16041 --- [           main] o.s.d.r.w.RepositoryRestHandlerMapping   : Mapped "{[/{repository}/{id}/{property}/{propertyId}],methods=[DELETE],produces=[application/hal+json || application/json]}" onto public org.springframework.http.ResponseEntity<org.springframework.hateoas.ResourceSupport> org.springframework.data.rest.webmvc.RepositoryPropertyReferenceController.deletePropertyReferenceId(org.springframework.data.rest.webmvc.RootResourceInformation,java.io.Serializable,java.lang.String,java.lang.String) throws java.lang.Exception
2018-03-31 21:08:18.727  INFO 16041 --- [           main] o.s.d.r.w.RepositoryRestHandlerMapping   : Mapped "{[/{repository}/search/{search}],methods=[GET],produces=[application/hal+json || application/json]}" onto public org.springframework.http.ResponseEntity<?> org.springframework.data.rest.webmvc.RepositorySearchController.executeSearch(org.springframework.data.rest.webmvc.RootResourceInformation,org.springframework.util.MultiValueMap<java.lang.String, java.lang.Object>,java.lang.String,org.springframework.data.rest.webmvc.support.DefaultedPageable,org.springframework.data.domain.Sort,org.springframework.data.rest.webmvc.PersistentEntityResourceAssembler,org.springframework.http.HttpHeaders)
2018-03-31 21:08:18.728  INFO 16041 --- [           main] o.s.d.r.w.RepositoryRestHandlerMapping   : Mapped "{[/{repository}/search],methods=[OPTIONS],produces=[application/hal+json || application/json]}" onto public org.springframework.http.HttpEntity<?> org.springframework.data.rest.webmvc.RepositorySearchController.optionsForSearches(org.springframework.data.rest.webmvc.RootResourceInformation)
2018-03-31 21:08:18.728  INFO 16041 --- [           main] o.s.d.r.w.RepositoryRestHandlerMapping   : Mapped "{[/{repository}/search/{search}],methods=[GET],produces=[application/x-spring-data-compact+json]}" onto public org.springframework.hateoas.ResourceSupport org.springframework.data.rest.webmvc.RepositorySearchController.executeSearchCompact(org.springframework.data.rest.webmvc.RootResourceInformation,org.springframework.http.HttpHeaders,org.springframework.util.MultiValueMap<java.lang.String, java.lang.Object>,java.lang.String,java.lang.String,org.springframework.data.rest.webmvc.support.DefaultedPageable,org.springframework.data.domain.Sort,org.springframework.data.rest.webmvc.PersistentEntityResourceAssembler)
2018-03-31 21:08:18.728  INFO 16041 --- [           main] o.s.d.r.w.RepositoryRestHandlerMapping   : Mapped "{[/{repository}/search/{search}],methods=[OPTIONS],produces=[application/hal+json || application/json]}" onto public org.springframework.http.ResponseEntity<java.lang.Object> org.springframework.data.rest.webmvc.RepositorySearchController.optionsForSearch(org.springframework.data.rest.webmvc.RootResourceInformation,java.lang.String)
2018-03-31 21:08:18.729  INFO 16041 --- [           main] o.s.d.r.w.RepositoryRestHandlerMapping   : Mapped "{[/{repository}/search/{search}],methods=[HEAD],produces=[application/hal+json || application/json]}" onto public org.springframework.http.ResponseEntity<java.lang.Object> org.springframework.data.rest.webmvc.RepositorySearchController.headForSearch(org.springframework.data.rest.webmvc.RootResourceInformation,java.lang.String)
2018-03-31 21:08:18.729  INFO 16041 --- [           main] o.s.d.r.w.RepositoryRestHandlerMapping   : Mapped "{[/{repository}/search],methods=[GET],produces=[application/hal+json || application/json]}" onto public org.springframework.data.rest.webmvc.RepositorySearchesResource org.springframework.data.rest.webmvc.RepositorySearchController.listSearches(org.springframework.data.rest.webmvc.RootResourceInformation)
2018-03-31 21:08:18.729  INFO 16041 --- [           main] o.s.d.r.w.RepositoryRestHandlerMapping   : Mapped "{[/{repository}/search],methods=[HEAD],produces=[application/hal+json || application/json]}" onto public org.springframework.http.HttpEntity<?> org.springframework.data.rest.webmvc.RepositorySearchController.headForSearches(org.springframework.data.rest.webmvc.RootResourceInformation)
2018-03-31 21:08:18.730  INFO 16041 --- [           main] o.s.d.r.w.RepositoryRestHandlerMapping   : Mapped "{[/ || ],methods=[GET],produces=[application/hal+json || application/json]}" onto public org.springframework.http.HttpEntity<org.springframework.data.rest.webmvc.RepositoryLinksResource> org.springframework.data.rest.webmvc.RepositoryController.listRepositories()
2018-03-31 21:08:18.730  INFO 16041 --- [           main] o.s.d.r.w.RepositoryRestHandlerMapping   : Mapped "{[/ || ],methods=[OPTIONS],produces=[application/hal+json || application/json]}" onto public org.springframework.http.HttpEntity<?> org.springframework.data.rest.webmvc.RepositoryController.optionsForRepositories()
2018-03-31 21:08:18.731  INFO 16041 --- [           main] o.s.d.r.w.RepositoryRestHandlerMapping   : Mapped "{[/ || ],methods=[HEAD],produces=[application/hal+json || application/json]}" onto public org.springframework.http.ResponseEntity<?> org.springframework.data.rest.webmvc.RepositoryController.headForRepositories()
2018-03-31 21:08:18.732  INFO 16041 --- [           main] o.s.d.r.w.RepositoryRestHandlerMapping   : Mapped "{[/{repository}],methods=[OPTIONS],produces=[application/hal+json || application/json]}" onto public org.springframework.http.ResponseEntity<?> org.springframework.data.rest.webmvc.RepositoryEntityController.optionsForCollectionResource(org.springframework.data.rest.webmvc.RootResourceInformation)
2018-03-31 21:08:18.733  INFO 16041 --- [           main] o.s.d.r.w.RepositoryRestHandlerMapping   : Mapped "{[/{repository}],methods=[HEAD],produces=[application/hal+json || application/json]}" onto public org.springframework.http.ResponseEntity<?> org.springframework.data.rest.webmvc.RepositoryEntityController.headCollectionResource(org.springframework.data.rest.webmvc.RootResourceInformation,org.springframework.data.rest.webmvc.support.DefaultedPageable) throws org.springframework.web.HttpRequestMethodNotSupportedException
2018-03-31 21:08:18.733  INFO 16041 --- [           main] o.s.d.r.w.RepositoryRestHandlerMapping   : Mapped "{[/{repository}],methods=[GET],produces=[application/hal+json || application/json]}" onto public org.springframework.hateoas.Resources<?> org.springframework.data.rest.webmvc.RepositoryEntityController.getCollectionResource(org.springframework.data.rest.webmvc.RootResourceInformation,org.springframework.data.rest.webmvc.support.DefaultedPageable,org.springframework.data.domain.Sort,org.springframework.data.rest.webmvc.PersistentEntityResourceAssembler) throws org.springframework.data.rest.webmvc.ResourceNotFoundException,org.springframework.web.HttpRequestMethodNotSupportedException
2018-03-31 21:08:18.735  INFO 16041 --- [           main] o.s.d.r.w.RepositoryRestHandlerMapping   : Mapped "{[/{repository}],methods=[GET],produces=[application/x-spring-data-compact+json || text/uri-list]}" onto public org.springframework.hateoas.Resources<?> org.springframework.data.rest.webmvc.RepositoryEntityController.getCollectionResourceCompact(org.springframework.data.rest.webmvc.RootResourceInformation,org.springframework.data.rest.webmvc.support.DefaultedPageable,org.springframework.data.domain.Sort,org.springframework.data.rest.webmvc.PersistentEntityResourceAssembler) throws org.springframework.data.rest.webmvc.ResourceNotFoundException,org.springframework.web.HttpRequestMethodNotSupportedException
2018-03-31 21:08:18.737  INFO 16041 --- [           main] o.s.d.r.w.RepositoryRestHandlerMapping   : Mapped "{[/{repository}],methods=[POST],produces=[application/hal+json || application/json]}" onto public org.springframework.http.ResponseEntity<org.springframework.hateoas.ResourceSupport> org.springframework.data.rest.webmvc.RepositoryEntityController.postCollectionResource(org.springframework.data.rest.webmvc.RootResourceInformation,org.springframework.data.rest.webmvc.PersistentEntityResource,org.springframework.data.rest.webmvc.PersistentEntityResourceAssembler,java.lang.String) throws org.springframework.web.HttpRequestMethodNotSupportedException
2018-03-31 21:08:18.738  INFO 16041 --- [           main] o.s.d.r.w.RepositoryRestHandlerMapping   : Mapped "{[/{repository}/{id}],methods=[OPTIONS],produces=[application/hal+json || application/json]}" onto public org.springframework.http.ResponseEntity<?> org.springframework.data.rest.webmvc.RepositoryEntityController.optionsForItemResource(org.springframework.data.rest.webmvc.RootResourceInformation)
2018-03-31 21:08:18.739  INFO 16041 --- [           main] o.s.d.r.w.RepositoryRestHandlerMapping   : Mapped "{[/{repository}/{id}],methods=[HEAD],produces=[application/hal+json || application/json]}" onto public org.springframework.http.ResponseEntity<?> org.springframework.data.rest.webmvc.RepositoryEntityController.headForItemResource(org.springframework.data.rest.webmvc.RootResourceInformation,java.io.Serializable,org.springframework.data.rest.webmvc.PersistentEntityResourceAssembler) throws org.springframework.web.HttpRequestMethodNotSupportedException
2018-03-31 21:08:18.739  INFO 16041 --- [           main] o.s.d.r.w.RepositoryRestHandlerMapping   : Mapped "{[/{repository}/{id}],methods=[GET],produces=[application/hal+json || application/json]}" onto public org.springframework.http.ResponseEntity<org.springframework.hateoas.Resource<?>> org.springframework.data.rest.webmvc.RepositoryEntityController.getItemResource(org.springframework.data.rest.webmvc.RootResourceInformation,java.io.Serializable,org.springframework.data.rest.webmvc.PersistentEntityResourceAssembler,org.springframework.http.HttpHeaders) throws org.springframework.web.HttpRequestMethodNotSupportedException
2018-03-31 21:08:18.740  INFO 16041 --- [           main] o.s.d.r.w.RepositoryRestHandlerMapping   : Mapped "{[/{repository}/{id}],methods=[PUT],produces=[application/hal+json || application/json]}" onto public org.springframework.http.ResponseEntity<? extends org.springframework.hateoas.ResourceSupport> org.springframework.data.rest.webmvc.RepositoryEntityController.putItemResource(org.springframework.data.rest.webmvc.RootResourceInformation,org.springframework.data.rest.webmvc.PersistentEntityResource,java.io.Serializable,org.springframework.data.rest.webmvc.PersistentEntityResourceAssembler,org.springframework.data.rest.webmvc.support.ETag,java.lang.String) throws org.springframework.web.HttpRequestMethodNotSupportedException
2018-03-31 21:08:18.740  INFO 16041 --- [           main] o.s.d.r.w.RepositoryRestHandlerMapping   : Mapped "{[/{repository}/{id}],methods=[PATCH],produces=[application/hal+json || application/json]}" onto public org.springframework.http.ResponseEntity<org.springframework.hateoas.ResourceSupport> org.springframework.data.rest.webmvc.RepositoryEntityController.patchItemResource(org.springframework.data.rest.webmvc.RootResourceInformation,org.springframework.data.rest.webmvc.PersistentEntityResource,java.io.Serializable,org.springframework.data.rest.webmvc.PersistentEntityResourceAssembler,org.springframework.data.rest.webmvc.support.ETag,java.lang.String) throws org.springframework.web.HttpRequestMethodNotSupportedException,org.springframework.data.rest.webmvc.ResourceNotFoundException
2018-03-31 21:08:18.740  INFO 16041 --- [           main] o.s.d.r.w.RepositoryRestHandlerMapping   : Mapped "{[/{repository}/{id}],methods=[DELETE],produces=[application/hal+json || application/json]}" onto public org.springframework.http.ResponseEntity<?> org.springframework.data.rest.webmvc.RepositoryEntityController.deleteItemResource(org.springframework.data.rest.webmvc.RootResourceInformation,java.io.Serializable,org.springframework.data.rest.webmvc.support.ETag) throws org.springframework.data.rest.webmvc.ResourceNotFoundException,org.springframework.web.HttpRequestMethodNotSupportedException
2018-03-31 21:08:18.744  INFO 16041 --- [           main] o.s.d.r.w.BasePathAwareHandlerMapping    : Mapped "{[/profile/{repository}],methods=[OPTIONS],produces=[application/alps+json]}" onto org.springframework.http.HttpEntity<?> org.springframework.data.rest.webmvc.alps.AlpsController.alpsOptions()
2018-03-31 21:08:18.745  INFO 16041 --- [           main] o.s.d.r.w.BasePathAwareHandlerMapping    : Mapped "{[/profile/{repository}],methods=[GET],produces=[application/alps+json || */*]}" onto org.springframework.http.HttpEntity<org.springframework.data.rest.webmvc.RootResourceInformation> org.springframework.data.rest.webmvc.alps.AlpsController.descriptor(org.springframework.data.rest.webmvc.RootResourceInformation)
2018-03-31 21:08:18.745  INFO 16041 --- [           main] o.s.d.r.w.BasePathAwareHandlerMapping    : Mapped "{[/profile/{repository}],methods=[GET],produces=[application/schema+json]}" onto public org.springframework.http.HttpEntity<org.springframework.data.rest.webmvc.json.JsonSchema> org.springframework.data.rest.webmvc.RepositorySchemaController.schema(org.springframework.data.rest.webmvc.RootResourceInformation)
2018-03-31 21:08:18.745  INFO 16041 --- [           main] o.s.d.r.w.BasePathAwareHandlerMapping    : Mapped "{[/profile],methods=[OPTIONS]}" onto public org.springframework.http.HttpEntity<?> org.springframework.data.rest.webmvc.ProfileController.profileOptions()
2018-03-31 21:08:18.745  INFO 16041 --- [           main] o.s.d.r.w.BasePathAwareHandlerMapping    : Mapped "{[/profile],methods=[GET]}" onto org.springframework.http.HttpEntity<org.springframework.hateoas.ResourceSupport> org.springframework.data.rest.webmvc.ProfileController.listAllFormsOfMetadata()
2018-03-31 21:08:18.955  INFO 16041 --- [           main] o.h.h.i.QueryTranslatorFactoryInitiator  : HHH000397: Using ASTQueryTranslatorFactory
2018-03-31 21:08:19.055  INFO 16041 --- [           main] e.h.h.c.LocationControllerTests          : Started LocationControllerTests in 3.361 seconds (JVM running for 22.539)
2018-03-31 21:08:19.063  INFO 16041 --- [           main] o.s.b.t.m.w.SpringBootMockServletContext : Initializing Spring FrameworkServlet ''
2018-03-31 21:08:19.063  INFO 16041 --- [           main] o.s.t.web.servlet.TestDispatcherServlet  : FrameworkServlet '': initialization started
2018-03-31 21:08:19.086  INFO 16041 --- [           main] o.s.t.web.servlet.TestDispatcherServlet  : FrameworkServlet '': initialization completed in 23 ms
2018-03-31 21:08:19.415  INFO 16041 --- [           main] o.s.w.c.s.GenericWebApplicationContext   : Closing org.springframework.web.context.support.GenericWebApplicationContext@2132f68e: startup date [Sat Mar 31 21:08:16 EDT 2018]; root of context hierarchy
2018-03-31 21:08:19.418  INFO 16041 --- [           main] j.LocalContainerEntityManagerFactoryBean : Closing JPA EntityManagerFactory for persistence unit 'default'
2018-03-31 21:08:19.418  INFO 16041 --- [           main] org.hibernate.tool.hbm2ddl.SchemaExport  : HHH000227: Running hbm2ddl schema export
2018-03-31 21:08:19.423  INFO 16041 --- [           main] org.hibernate.tool.hbm2ddl.SchemaExport  : HHH000230: Schema export complete
Tests run: 1, Failures: 0, Errors: 0, Skipped: 0, Time elapsed: 3.748 sec - in edu.harvard.h2ms.controllers.LocationControllerTests
Running edu.harvard.h2ms.web.init.OAuthTest
2018-03-31 21:08:19.424  INFO 16041 --- [           main] .b.t.c.SpringBootTestContextBootstrapper : Neither @ContextConfiguration nor @ContextHierarchy found for test class [edu.harvard.h2ms.web.init.OAuthTest], using SpringBootContextLoader
2018-03-31 21:08:19.425  INFO 16041 --- [           main] o.s.t.c.support.AbstractContextLoader    : Could not detect default resource locations for test class [edu.harvard.h2ms.web.init.OAuthTest]: no resource found for suffixes {-context.xml, Context.groovy}.
2018-03-31 21:08:19.425  INFO 16041 --- [           main] t.c.s.AnnotationConfigContextLoaderUtils : Could not detect default configuration classes for test class [edu.harvard.h2ms.web.init.OAuthTest]: OAuthTest does not declare any static, non-private, non-final, nested classes annotated with @Configuration.
2018-03-31 21:08:19.427  INFO 16041 --- [           main] .b.t.c.SpringBootTestContextBootstrapper : Found @SpringBootConfiguration edu.harvard.h2ms.H2MSRestAppInitializer for test class edu.harvard.h2ms.web.init.OAuthTest
2018-03-31 21:08:19.428  INFO 16041 --- [           main] .b.t.c.SpringBootTestContextBootstrapper : Loaded default TestExecutionListener class names from location [META-INF/spring.factories]: [org.springframework.boot.test.mock.mockito.MockitoTestExecutionListener, org.springframework.boot.test.mock.mockito.ResetMocksTestExecutionListener, org.springframework.boot.test.autoconfigure.restdocs.RestDocsTestExecutionListener, org.springframework.boot.test.autoconfigure.web.client.MockRestServiceServerResetTestExecutionListener, org.springframework.boot.test.autoconfigure.web.servlet.MockMvcPrintOnlyOnFailureTestExecutionListener, org.springframework.boot.test.autoconfigure.web.servlet.WebDriverTestExecutionListener, org.springframework.test.context.web.ServletTestExecutionListener, org.springframework.test.context.support.DirtiesContextBeforeModesTestExecutionListener, org.springframework.test.context.support.DependencyInjectionTestExecutionListener, org.springframework.test.context.support.DirtiesContextTestExecutionListener, org.springframework.test.context.transaction.TransactionalTestExecutionListener, org.springframework.test.context.jdbc.SqlScriptsTestExecutionListener, org.springframework.security.test.context.support.WithSecurityContextTestExecutionListener]
2018-03-31 21:08:19.430  INFO 16041 --- [           main] .b.t.c.SpringBootTestContextBootstrapper : Using TestExecutionListeners: [org.springframework.test.context.web.ServletTestExecutionListener@3fe9caee, org.springframework.test.context.support.DirtiesContextBeforeModesTestExecutionListener@32def41f, org.springframework.boot.test.autoconfigure.SpringBootDependencyInjectionTestExecutionListener@52521fc7, org.springframework.test.context.support.DirtiesContextTestExecutionListener@4b2e5d79, org.springframework.test.context.transaction.TransactionalTestExecutionListener@3ae14048, org.springframework.test.context.jdbc.SqlScriptsTestExecutionListener@7fda2507, org.springframework.security.test.context.support.WithSecurityContextTestExecutionListener@3d34b11c, org.springframework.boot.test.mock.mockito.MockitoTestExecutionListener@448f656, org.springframework.boot.test.mock.mockito.ResetMocksTestExecutionListener@341b1597, org.springframework.boot.test.autoconfigure.restdocs.RestDocsTestExecutionListener@1ac7ec0e, org.springframework.boot.test.autoconfigure.web.client.MockRestServiceServerResetTestExecutionListener@263121b, org.springframework.boot.test.autoconfigure.web.servlet.MockMvcPrintOnlyOnFailureTestExecutionListener@41dabe47, org.springframework.boot.test.autoconfigure.web.servlet.WebDriverTestExecutionListener@2d01bc46]

  .   ____          _            __ _ _
 /\\ / ___'_ __ _ _(_)_ __  __ _ \ \ \ \
( ( )\___ | '_ | '_| | '_ \/ _` | \ \ \ \
 \\/  ___)| |_)| | | | | || (_| |  ) ) ) )
  '  |____| .__|_| |_|_| |_\__, | / / / /
 =========|_|==============|___/=/_/_/_/
 :: Spring Boot ::       (v1.5.10.RELEASE)

2018-03-31 21:08:19.489  INFO 16041 --- [           main] edu.harvard.h2ms.web.init.OAuthTest      : Starting OAuthTest on ancient.bitbin.de with PID 16041 (started by stbenjam in /home/stbenjam/git/h2ms)
2018-03-31 21:08:19.489  INFO 16041 --- [           main] edu.harvard.h2ms.web.init.OAuthTest      : No active profile set, falling back to default profiles: default
2018-03-31 21:08:19.492  INFO 16041 --- [           main] o.s.w.c.s.GenericWebApplicationContext   : Refreshing org.springframework.web.context.support.GenericWebApplicationContext@3b5f3ffb: startup date [Sat Mar 31 21:08:19 EDT 2018]; root of context hierarchy
2018-03-31 21:08:19.535  INFO 16041 --- [           main] o.s.c.a.ConfigurationClassParser         : Properties location [classpath:mailserver.properties] not resolvable: class path resource [mailserver.properties] cannot be opened because it does not exist
2018-03-31 21:08:19.690  INFO 16041 --- [           main] o.s.b.f.s.DefaultListableBeanFactory     : Overriding bean definition for bean 'httpRequestHandlerAdapter' with a different definition: replacing [Root bean: class [null]; scope=; abstract=false; lazyInit=false; autowireMode=3; dependencyCheck=0; autowireCandidate=true; primary=false; factoryBeanName=org.springframework.boot.autoconfigure.web.WebMvcAutoConfiguration$EnableWebMvcConfiguration; factoryMethodName=httpRequestHandlerAdapter; initMethodName=null; destroyMethodName=(inferred); defined in class path resource [org/springframework/boot/autoconfigure/web/WebMvcAutoConfiguration$EnableWebMvcConfiguration.class]] with [Root bean: class [null]; scope=; abstract=false; lazyInit=false; autowireMode=3; dependencyCheck=0; autowireCandidate=true; primary=false; factoryBeanName=org.springframework.data.rest.webmvc.config.RepositoryRestMvcConfiguration; factoryMethodName=httpRequestHandlerAdapter; initMethodName=null; destroyMethodName=(inferred); defined in class path resource [org/springframework/data/rest/webmvc/config/RepositoryRestMvcConfiguration.class]]
2018-03-31 21:08:19.781  INFO 16041 --- [           main] trationDelegate$BeanPostProcessorChecker : Bean 'org.springframework.transaction.annotation.ProxyTransactionManagementConfiguration' of type [org.springframework.transaction.annotation.ProxyTransactionManagementConfiguration$$EnhancerBySpringCGLIB$$225ecc1d] is not eligible for getting processed by all BeanPostProcessors (for example: not eligible for auto-proxying)
2018-03-31 21:08:19.792  INFO 16041 --- [           main] trationDelegate$BeanPostProcessorChecker : Bean 'org.springframework.security.config.annotation.configuration.ObjectPostProcessorConfiguration' of type [org.springframework.security.config.annotation.configuration.ObjectPostProcessorConfiguration$$EnhancerBySpringCGLIB$$bb0c9457] is not eligible for getting processed by all BeanPostProcessors (for example: not eligible for auto-proxying)
2018-03-31 21:08:19.803  INFO 16041 --- [           main] trationDelegate$BeanPostProcessorChecker : Bean 'objectPostProcessor' of type [org.springframework.security.config.annotation.configuration.AutowireBeanFactoryObjectPostProcessor] is not eligible for getting processed by all BeanPostProcessors (for example: not eligible for auto-proxying)
2018-03-31 21:08:19.806  INFO 16041 --- [           main] trationDelegate$BeanPostProcessorChecker : Bean 'org.springframework.security.access.expression.method.DefaultMethodSecurityExpressionHandler@7eaa3a93' of type [org.springframework.security.oauth2.provider.expression.OAuth2MethodSecurityExpressionHandler] is not eligible for getting processed by all BeanPostProcessors (for example: not eligible for auto-proxying)
2018-03-31 21:08:19.823  INFO 16041 --- [           main] trationDelegate$BeanPostProcessorChecker : Bean 'org.springframework.security.config.annotation.method.configuration.GlobalMethodSecurityConfiguration' of type [org.springframework.security.config.annotation.method.configuration.GlobalMethodSecurityConfiguration$$EnhancerBySpringCGLIB$$dfe13709] is not eligible for getting processed by all BeanPostProcessors (for example: not eligible for auto-proxying)
2018-03-31 21:08:19.833  INFO 16041 --- [           main] trationDelegate$BeanPostProcessorChecker : Bean 'methodSecurityMetadataSource' of type [org.springframework.security.access.method.DelegatingMethodSecurityMetadataSource] is not eligible for getting processed by all BeanPostProcessors (for example: not eligible for auto-proxying)
2018-03-31 21:08:19.857  INFO 16041 --- [           main] trationDelegate$BeanPostProcessorChecker : Bean 'security.oauth2.client-org.springframework.boot.autoconfigure.security.oauth2.OAuth2ClientProperties' of type [org.springframework.boot.autoconfigure.security.oauth2.OAuth2ClientProperties] is not eligible for getting processed by all BeanPostProcessors (for example: not eligible for auto-proxying)
2018-03-31 21:08:19.861  INFO 16041 --- [           main] trationDelegate$BeanPostProcessorChecker : Bean 'org.springframework.boot.autoconfigure.security.oauth2.OAuth2AutoConfiguration' of type [org.springframework.boot.autoconfigure.security.oauth2.OAuth2AutoConfiguration$$EnhancerBySpringCGLIB$$d9a8881d] is not eligible for getting processed by all BeanPostProcessors (for example: not eligible for auto-proxying)
2018-03-31 21:08:19.882  INFO 16041 --- [           main] trationDelegate$BeanPostProcessorChecker : Bean 'resourceServerProperties' of type [org.springframework.boot.autoconfigure.security.oauth2.resource.ResourceServerProperties] is not eligible for getting processed by all BeanPostProcessors (for example: not eligible for auto-proxying)
2018-03-31 21:08:20.016  INFO 16041 --- [           main] j.LocalContainerEntityManagerFactoryBean : Building JPA container EntityManagerFactory for persistence unit 'default'
2018-03-31 21:08:20.016  INFO 16041 --- [           main] o.hibernate.jpa.internal.util.LogHelper  : HHH000204: Processing PersistenceUnitInfo [
	name: default
	...]
2018-03-31 21:08:20.020  INFO 16041 --- [           main] org.hibernate.dialect.Dialect            : HHH000400: Using dialect: org.hibernate.dialect.H2Dialect
2018-03-31 21:08:20.099  INFO 16041 --- [           main] org.hibernate.tool.hbm2ddl.SchemaExport  : HHH000227: Running hbm2ddl schema export
2018-03-31 21:08:20.120  INFO 16041 --- [           main] org.hibernate.tool.hbm2ddl.SchemaExport  : HHH000230: Schema export complete
2018-03-31 21:08:20.131  WARN 16041 --- [           main] o.h.j.i.EntityManagerFactoryRegistry     : HHH000436: Entity manager factory name (default) is already registered.  If entity manager will be clustered or passivated, specify a unique value for property 'hibernate.ejb.entitymanager_factory_name'
2018-03-31 21:08:20.132  INFO 16041 --- [           main] j.LocalContainerEntityManagerFactoryBean : Initialized JPA EntityManagerFactory for persistence unit 'default'
2018-03-31 21:08:20.842  INFO 16041 --- [           main] .s.o.p.e.FrameworkEndpointHandlerMapping : Mapped "{[/oauth/authorize]}" onto public org.springframework.web.servlet.ModelAndView org.springframework.security.oauth2.provider.endpoint.AuthorizationEndpoint.authorize(java.util.Map<java.lang.String, java.lang.Object>,java.util.Map<java.lang.String, java.lang.String>,org.springframework.web.bind.support.SessionStatus,java.security.Principal)
2018-03-31 21:08:20.842  INFO 16041 --- [           main] .s.o.p.e.FrameworkEndpointHandlerMapping : Mapped "{[/oauth/authorize],methods=[POST],params=[user_oauth_approval]}" onto public org.springframework.web.servlet.View org.springframework.security.oauth2.provider.endpoint.AuthorizationEndpoint.approveOrDeny(java.util.Map<java.lang.String, java.lang.String>,java.util.Map<java.lang.String, ?>,org.springframework.web.bind.support.SessionStatus,java.security.Principal)
2018-03-31 21:08:20.843  INFO 16041 --- [           main] .s.o.p.e.FrameworkEndpointHandlerMapping : Mapped "{[/oauth/token],methods=[GET]}" onto public org.springframework.http.ResponseEntity<org.springframework.security.oauth2.common.OAuth2AccessToken> org.springframework.security.oauth2.provider.endpoint.TokenEndpoint.getAccessToken(java.security.Principal,java.util.Map<java.lang.String, java.lang.String>) throws org.springframework.web.HttpRequestMethodNotSupportedException
2018-03-31 21:08:20.843  INFO 16041 --- [           main] .s.o.p.e.FrameworkEndpointHandlerMapping : Mapped "{[/oauth/token],methods=[POST]}" onto public org.springframework.http.ResponseEntity<org.springframework.security.oauth2.common.OAuth2AccessToken> org.springframework.security.oauth2.provider.endpoint.TokenEndpoint.postAccessToken(java.security.Principal,java.util.Map<java.lang.String, java.lang.String>) throws org.springframework.web.HttpRequestMethodNotSupportedException
2018-03-31 21:08:20.843  INFO 16041 --- [           main] .s.o.p.e.FrameworkEndpointHandlerMapping : Mapped "{[/oauth/check_token]}" onto public java.util.Map<java.lang.String, ?> org.springframework.security.oauth2.provider.endpoint.CheckTokenEndpoint.checkToken(java.lang.String)
2018-03-31 21:08:20.843  INFO 16041 --- [           main] .s.o.p.e.FrameworkEndpointHandlerMapping : Mapped "{[/oauth/confirm_access]}" onto public org.springframework.web.servlet.ModelAndView org.springframework.security.oauth2.provider.endpoint.WhitelabelApprovalEndpoint.getAccessConfirmation(java.util.Map<java.lang.String, java.lang.Object>,javax.servlet.http.HttpServletRequest) throws java.lang.Exception
2018-03-31 21:08:20.844  INFO 16041 --- [           main] .s.o.p.e.FrameworkEndpointHandlerMapping : Mapped "{[/oauth/error]}" onto public org.springframework.web.servlet.ModelAndView org.springframework.security.oauth2.provider.endpoint.WhitelabelErrorEndpoint.handleError(javax.servlet.http.HttpServletRequest)
2018-03-31 21:08:21.060  INFO 16041 --- [           main] o.s.s.web.DefaultSecurityFilterChain     : Creating filter chain: Ant [pattern='/'], []
2018-03-31 21:08:21.060  INFO 16041 --- [           main] o.s.s.web.DefaultSecurityFilterChain     : Creating filter chain: Ant [pattern='/login'], []
2018-03-31 21:08:21.060  INFO 16041 --- [           main] o.s.s.web.DefaultSecurityFilterChain     : Creating filter chain: Ant [pattern='/webjars/**'], []
2018-03-31 21:08:21.060  INFO 16041 --- [           main] o.s.s.web.DefaultSecurityFilterChain     : Creating filter chain: Ant [pattern='/api/passwords/**'], []
2018-03-31 21:08:21.060  INFO 16041 --- [           main] o.s.s.web.DefaultSecurityFilterChain     : Creating filter chain: Ant [pattern='/swagger-resources'], []
2018-03-31 21:08:21.060  INFO 16041 --- [           main] o.s.s.web.DefaultSecurityFilterChain     : Creating filter chain: Ant [pattern='/swagger-resources/**'], []
2018-03-31 21:08:21.060  INFO 16041 --- [           main] o.s.s.web.DefaultSecurityFilterChain     : Creating filter chain: Ant [pattern='/swagger-ui.html'], []
2018-03-31 21:08:21.060  INFO 16041 --- [           main] o.s.s.web.DefaultSecurityFilterChain     : Creating filter chain: Ant [pattern='/v2/api-docs'], []
2018-03-31 21:08:21.060  INFO 16041 --- [           main] o.s.s.web.DefaultSecurityFilterChain     : Creating filter chain: Ant [pattern='/**', OPTIONS], []
2018-03-31 21:08:21.131  INFO 16041 --- [           main] o.s.s.web.DefaultSecurityFilterChain     : Creating filter chain: OrRequestMatcher [requestMatchers=[Ant [pattern='/oauth/token'], Ant [pattern='/oauth/token_key'], Ant [pattern='/oauth/check_token']]], [org.springframework.security.web.context.request.async.WebAsyncManagerIntegrationFilter@661ccd02, org.springframework.security.web.context.SecurityContextPersistenceFilter@50b9399a, org.springframework.security.web.header.HeaderWriterFilter@4061455, org.springframework.security.web.authentication.logout.LogoutFilter@742d195f, org.springframework.security.web.authentication.www.BasicAuthenticationFilter@7b415dde, org.springframework.security.web.savedrequest.RequestCacheAwareFilter@223cd181, org.springframework.security.web.servletapi.SecurityContextHolderAwareRequestFilter@16acdd2f, org.springframework.security.web.authentication.AnonymousAuthenticationFilter@748d72cf, org.springframework.security.web.session.SessionManagementFilter@3bcb3510, org.springframework.security.web.access.ExceptionTranslationFilter@89f4d09, org.springframework.security.web.access.intercept.FilterSecurityInterceptor@22cf2c40]
2018-03-31 21:08:21.141  INFO 16041 --- [           main] o.s.s.web.DefaultSecurityFilterChain     : Creating filter chain: org.springframework.security.oauth2.config.annotation.web.configuration.ResourceServerConfiguration$NotOAuthRequestMatcher@1e571706, [org.springframework.security.web.context.request.async.WebAsyncManagerIntegrationFilter@43632eb0, org.springframework.security.web.context.SecurityContextPersistenceFilter@73c82ec1, org.springframework.security.web.header.HeaderWriterFilter@1476359e, org.springframework.security.web.authentication.logout.LogoutFilter@305db32d, org.springframework.security.oauth2.provider.authentication.OAuth2AuthenticationProcessingFilter@46e1702d, org.springframework.security.web.savedrequest.RequestCacheAwareFilter@54669c4, org.springframework.security.web.servletapi.SecurityContextHolderAwareRequestFilter@20b97637, org.springframework.security.web.authentication.AnonymousAuthenticationFilter@7f04ff02, org.springframework.security.web.session.SessionManagementFilter@7f5df538, org.springframework.security.web.access.ExceptionTranslationFilter@4036d9cd, org.springframework.security.web.access.intercept.FilterSecurityInterceptor@53fa654c]
2018-03-31 21:08:21.141  INFO 16041 --- [           main] o.s.s.web.DefaultSecurityFilterChain     : Creating filter chain: org.springframework.security.web.util.matcher.AnyRequestMatcher@1, [org.springframework.security.web.access.intercept.FilterSecurityInterceptor@5d2dd62]
2018-03-31 21:08:21.403  INFO 16041 --- [           main] s.w.s.m.m.a.RequestMappingHandlerAdapter : Looking for @ControllerAdvice: org.springframework.web.context.support.GenericWebApplicationContext@3b5f3ffb: startup date [Sat Mar 31 21:08:19 EDT 2018]; root of context hierarchy
2018-03-31 21:08:21.453  INFO 16041 --- [           main] s.w.s.m.m.a.RequestMappingHandlerMapping : Mapped "{[/events/count/{timeframe}],methods=[GET]}" onto public org.springframework.http.ResponseEntity<?> edu.harvard.h2ms.web.controller.EventController.findEventCountByTimeframe(java.lang.String)
2018-03-31 21:08:21.454  INFO 16041 --- [           main] s.w.s.m.m.a.RequestMappingHandlerMapping : Mapped "{[/events/compliance/{questionId}/{timeframe}],methods=[GET]}" onto public org.springframework.http.ResponseEntity<?> edu.harvard.h2ms.web.controller.EventController.findComplianceByTimeframe(java.lang.String,java.lang.Long)
2018-03-31 21:08:21.454  INFO 16041 --- [           main] s.w.s.m.m.a.RequestMappingHandlerMapping : Mapped "{[/api/passwords/reset/{email:.+}],methods=[GET]}" onto public org.springframework.http.ResponseEntity<java.lang.Object> edu.harvard.h2ms.web.controller.PasswordController.getPasswordResetToken(java.lang.String)
2018-03-31 21:08:21.455  INFO 16041 --- [           main] s.w.s.m.m.a.RequestMappingHandlerMapping : Mapped "{[/api/passwords/reset/token],methods=[POST]}" onto public org.springframework.http.ResponseEntity<java.lang.Object> edu.harvard.h2ms.web.controller.PasswordController.resetPasswordViaToken(java.util.Map<java.lang.String, java.lang.String>)
2018-03-31 21:08:21.455  INFO 16041 --- [           main] s.w.s.m.m.a.RequestMappingHandlerMapping : Mapped "{[/users/avgWashed],methods=[GET]}" onto public java.util.Map<java.lang.String, java.lang.Double> edu.harvard.h2ms.web.controller.UserController.findAvgWashCompliance()
2018-03-31 21:08:21.457  INFO 16041 --- [           main] s.w.s.m.m.a.RequestMappingHandlerMapping : Mapped "{[/error],produces=[text/html]}" onto public org.springframework.web.servlet.ModelAndView org.springframework.boot.autoconfigure.web.BasicErrorController.errorHtml(javax.servlet.http.HttpServletRequest,javax.servlet.http.HttpServletResponse)
2018-03-31 21:08:21.457  INFO 16041 --- [           main] s.w.s.m.m.a.RequestMappingHandlerMapping : Mapped "{[/error]}" onto public org.springframework.http.ResponseEntity<java.util.Map<java.lang.String, java.lang.Object>> org.springframework.boot.autoconfigure.web.BasicErrorController.error(javax.servlet.http.HttpServletRequest)
2018-03-31 21:08:21.524  INFO 16041 --- [           main] o.s.w.s.handler.SimpleUrlHandlerMapping  : Mapped URL path [/webjars/**] onto handler of type [class org.springframework.web.servlet.resource.ResourceHttpRequestHandler]
2018-03-31 21:08:21.524  INFO 16041 --- [           main] o.s.w.s.handler.SimpleUrlHandlerMapping  : Mapped URL path [/**] onto handler of type [class org.springframework.web.servlet.resource.ResourceHttpRequestHandler]
2018-03-31 21:08:21.560  INFO 16041 --- [           main] .m.m.a.ExceptionHandlerExceptionResolver : Detected @ExceptionHandler methods in exceptionHandlingController
2018-03-31 21:08:21.561  INFO 16041 --- [           main] .m.m.a.ExceptionHandlerExceptionResolver : Detected @ExceptionHandler methods in repositoryRestExceptionHandler
2018-03-31 21:08:21.642  INFO 16041 --- [           main] o.s.w.s.handler.SimpleUrlHandlerMapping  : Mapped URL path [/**/favicon.ico] onto handler of type [class org.springframework.web.servlet.resource.ResourceHttpRequestHandler]
2018-03-31 21:08:21.698  WARN 16041 --- [           main] .t.AbstractTemplateResolverConfiguration : Cannot find template location: classpath:/templates/ (please add some templates or check your Thymeleaf configuration)
2018-03-31 21:08:21.887  INFO 16041 --- [           main] o.s.d.r.w.RepositoryRestHandlerAdapter   : Looking for @ControllerAdvice: org.springframework.web.context.support.GenericWebApplicationContext@3b5f3ffb: startup date [Sat Mar 31 21:08:19 EDT 2018]; root of context hierarchy
2018-03-31 21:08:21.929  INFO 16041 --- [           main] o.s.d.r.w.RepositoryRestHandlerMapping   : Mapped "{[/{repository}/{id}/{property}],methods=[GET],produces=[application/hal+json || application/json]}" onto public org.springframework.http.ResponseEntity<org.springframework.hateoas.ResourceSupport> org.springframework.data.rest.webmvc.RepositoryPropertyReferenceController.followPropertyReference(org.springframework.data.rest.webmvc.RootResourceInformation,java.io.Serializable,java.lang.String,org.springframework.data.rest.webmvc.PersistentEntityResourceAssembler) throws java.lang.Exception
2018-03-31 21:08:21.930  INFO 16041 --- [           main] o.s.d.r.w.RepositoryRestHandlerMapping   : Mapped "{[/{repository}/{id}/{property}/{propertyId}],methods=[GET],produces=[application/hal+json || application/json]}" onto public org.springframework.http.ResponseEntity<org.springframework.hateoas.ResourceSupport> org.springframework.data.rest.webmvc.RepositoryPropertyReferenceController.followPropertyReference(org.springframework.data.rest.webmvc.RootResourceInformation,java.io.Serializable,java.lang.String,java.lang.String,org.springframework.data.rest.webmvc.PersistentEntityResourceAssembler) throws java.lang.Exception
2018-03-31 21:08:21.931  INFO 16041 --- [           main] o.s.d.r.w.RepositoryRestHandlerMapping   : Mapped "{[/{repository}/{id}/{property}],methods=[DELETE],produces=[application/hal+json || application/json]}" onto public org.springframework.http.ResponseEntity<? extends org.springframework.hateoas.ResourceSupport> org.springframework.data.rest.webmvc.RepositoryPropertyReferenceController.deletePropertyReference(org.springframework.data.rest.webmvc.RootResourceInformation,java.io.Serializable,java.lang.String) throws java.lang.Exception
2018-03-31 21:08:21.931  INFO 16041 --- [           main] o.s.d.r.w.RepositoryRestHandlerMapping   : Mapped "{[/{repository}/{id}/{property}],methods=[GET],produces=[application/x-spring-data-compact+json || text/uri-list]}" onto public org.springframework.http.ResponseEntity<org.springframework.hateoas.ResourceSupport> org.springframework.data.rest.webmvc.RepositoryPropertyReferenceController.followPropertyReferenceCompact(org.springframework.data.rest.webmvc.RootResourceInformation,java.io.Serializable,java.lang.String,org.springframework.data.rest.webmvc.PersistentEntityResourceAssembler) throws java.lang.Exception
2018-03-31 21:08:21.932  INFO 16041 --- [           main] o.s.d.r.w.RepositoryRestHandlerMapping   : Mapped "{[/{repository}/{id}/{property}],methods=[PATCH || PUT || POST],consumes=[application/json || application/x-spring-data-compact+json || text/uri-list],produces=[application/hal+json || application/json]}" onto public org.springframework.http.ResponseEntity<? extends org.springframework.hateoas.ResourceSupport> org.springframework.data.rest.webmvc.RepositoryPropertyReferenceController.createPropertyReference(org.springframework.data.rest.webmvc.RootResourceInformation,org.springframework.http.HttpMethod,org.springframework.hateoas.Resources<java.lang.Object>,java.io.Serializable,java.lang.String) throws java.lang.Exception
2018-03-31 21:08:21.932  INFO 16041 --- [           main] o.s.d.r.w.RepositoryRestHandlerMapping   : Mapped "{[/{repository}/{id}/{property}/{propertyId}],methods=[DELETE],produces=[application/hal+json || application/json]}" onto public org.springframework.http.ResponseEntity<org.springframework.hateoas.ResourceSupport> org.springframework.data.rest.webmvc.RepositoryPropertyReferenceController.deletePropertyReferenceId(org.springframework.data.rest.webmvc.RootResourceInformation,java.io.Serializable,java.lang.String,java.lang.String) throws java.lang.Exception
2018-03-31 21:08:21.934  INFO 16041 --- [           main] o.s.d.r.w.RepositoryRestHandlerMapping   : Mapped "{[/{repository}/search/{search}],methods=[GET],produces=[application/hal+json || application/json]}" onto public org.springframework.http.ResponseEntity<?> org.springframework.data.rest.webmvc.RepositorySearchController.executeSearch(org.springframework.data.rest.webmvc.RootResourceInformation,org.springframework.util.MultiValueMap<java.lang.String, java.lang.Object>,java.lang.String,org.springframework.data.rest.webmvc.support.DefaultedPageable,org.springframework.data.domain.Sort,org.springframework.data.rest.webmvc.PersistentEntityResourceAssembler,org.springframework.http.HttpHeaders)
2018-03-31 21:08:21.934  INFO 16041 --- [           main] o.s.d.r.w.RepositoryRestHandlerMapping   : Mapped "{[/{repository}/search],methods=[OPTIONS],produces=[application/hal+json || application/json]}" onto public org.springframework.http.HttpEntity<?> org.springframework.data.rest.webmvc.RepositorySearchController.optionsForSearches(org.springframework.data.rest.webmvc.RootResourceInformation)
2018-03-31 21:08:21.934  INFO 16041 --- [           main] o.s.d.r.w.RepositoryRestHandlerMapping   : Mapped "{[/{repository}/search/{search}],methods=[GET],produces=[application/x-spring-data-compact+json]}" onto public org.springframework.hateoas.ResourceSupport org.springframework.data.rest.webmvc.RepositorySearchController.executeSearchCompact(org.springframework.data.rest.webmvc.RootResourceInformation,org.springframework.http.HttpHeaders,org.springframework.util.MultiValueMap<java.lang.String, java.lang.Object>,java.lang.String,java.lang.String,org.springframework.data.rest.webmvc.support.DefaultedPageable,org.springframework.data.domain.Sort,org.springframework.data.rest.webmvc.PersistentEntityResourceAssembler)
2018-03-31 21:08:21.935  INFO 16041 --- [           main] o.s.d.r.w.RepositoryRestHandlerMapping   : Mapped "{[/{repository}/search/{search}],methods=[OPTIONS],produces=[application/hal+json || application/json]}" onto public org.springframework.http.ResponseEntity<java.lang.Object> org.springframework.data.rest.webmvc.RepositorySearchController.optionsForSearch(org.springframework.data.rest.webmvc.RootResourceInformation,java.lang.String)
2018-03-31 21:08:21.935  INFO 16041 --- [           main] o.s.d.r.w.RepositoryRestHandlerMapping   : Mapped "{[/{repository}/search/{search}],methods=[HEAD],produces=[application/hal+json || application/json]}" onto public org.springframework.http.ResponseEntity<java.lang.Object> org.springframework.data.rest.webmvc.RepositorySearchController.headForSearch(org.springframework.data.rest.webmvc.RootResourceInformation,java.lang.String)
2018-03-31 21:08:21.936  INFO 16041 --- [           main] o.s.d.r.w.RepositoryRestHandlerMapping   : Mapped "{[/{repository}/search],methods=[GET],produces=[application/hal+json || application/json]}" onto public org.springframework.data.rest.webmvc.RepositorySearchesResource org.springframework.data.rest.webmvc.RepositorySearchController.listSearches(org.springframework.data.rest.webmvc.RootResourceInformation)
2018-03-31 21:08:21.936  INFO 16041 --- [           main] o.s.d.r.w.RepositoryRestHandlerMapping   : Mapped "{[/{repository}/search],methods=[HEAD],produces=[application/hal+json || application/json]}" onto public org.springframework.http.HttpEntity<?> org.springframework.data.rest.webmvc.RepositorySearchController.headForSearches(org.springframework.data.rest.webmvc.RootResourceInformation)
2018-03-31 21:08:21.937  INFO 16041 --- [           main] o.s.d.r.w.RepositoryRestHandlerMapping   : Mapped "{[/ || ],methods=[GET],produces=[application/hal+json || application/json]}" onto public org.springframework.http.HttpEntity<org.springframework.data.rest.webmvc.RepositoryLinksResource> org.springframework.data.rest.webmvc.RepositoryController.listRepositories()
2018-03-31 21:08:21.937  INFO 16041 --- [           main] o.s.d.r.w.RepositoryRestHandlerMapping   : Mapped "{[/ || ],methods=[OPTIONS],produces=[application/hal+json || application/json]}" onto public org.springframework.http.HttpEntity<?> org.springframework.data.rest.webmvc.RepositoryController.optionsForRepositories()
2018-03-31 21:08:21.938  INFO 16041 --- [           main] o.s.d.r.w.RepositoryRestHandlerMapping   : Mapped "{[/ || ],methods=[HEAD],produces=[application/hal+json || application/json]}" onto public org.springframework.http.ResponseEntity<?> org.springframework.data.rest.webmvc.RepositoryController.headForRepositories()
2018-03-31 21:08:21.939  INFO 16041 --- [           main] o.s.d.r.w.RepositoryRestHandlerMapping   : Mapped "{[/{repository}],methods=[OPTIONS],produces=[application/hal+json || application/json]}" onto public org.springframework.http.ResponseEntity<?> org.springframework.data.rest.webmvc.RepositoryEntityController.optionsForCollectionResource(org.springframework.data.rest.webmvc.RootResourceInformation)
2018-03-31 21:08:21.940  INFO 16041 --- [           main] o.s.d.r.w.RepositoryRestHandlerMapping   : Mapped "{[/{repository}],methods=[HEAD],produces=[application/hal+json || application/json]}" onto public org.springframework.http.ResponseEntity<?> org.springframework.data.rest.webmvc.RepositoryEntityController.headCollectionResource(org.springframework.data.rest.webmvc.RootResourceInformation,org.springframework.data.rest.webmvc.support.DefaultedPageable) throws org.springframework.web.HttpRequestMethodNotSupportedException
2018-03-31 21:08:21.941  INFO 16041 --- [           main] o.s.d.r.w.RepositoryRestHandlerMapping   : Mapped "{[/{repository}],methods=[GET],produces=[application/hal+json || application/json]}" onto public org.springframework.hateoas.Resources<?> org.springframework.data.rest.webmvc.RepositoryEntityController.getCollectionResource(org.springframework.data.rest.webmvc.RootResourceInformation,org.springframework.data.rest.webmvc.support.DefaultedPageable,org.springframework.data.domain.Sort,org.springframework.data.rest.webmvc.PersistentEntityResourceAssembler) throws org.springframework.data.rest.webmvc.ResourceNotFoundException,org.springframework.web.HttpRequestMethodNotSupportedException
2018-03-31 21:08:21.941  INFO 16041 --- [           main] o.s.d.r.w.RepositoryRestHandlerMapping   : Mapped "{[/{repository}],methods=[GET],produces=[application/x-spring-data-compact+json || text/uri-list]}" onto public org.springframework.hateoas.Resources<?> org.springframework.data.rest.webmvc.RepositoryEntityController.getCollectionResourceCompact(org.springframework.data.rest.webmvc.RootResourceInformation,org.springframework.data.rest.webmvc.support.DefaultedPageable,org.springframework.data.domain.Sort,org.springframework.data.rest.webmvc.PersistentEntityResourceAssembler) throws org.springframework.data.rest.webmvc.ResourceNotFoundException,org.springframework.web.HttpRequestMethodNotSupportedException
2018-03-31 21:08:21.941  INFO 16041 --- [           main] o.s.d.r.w.RepositoryRestHandlerMapping   : Mapped "{[/{repository}],methods=[POST],produces=[application/hal+json || application/json]}" onto public org.springframework.http.ResponseEntity<org.springframework.hateoas.ResourceSupport> org.springframework.data.rest.webmvc.RepositoryEntityController.postCollectionResource(org.springframework.data.rest.webmvc.RootResourceInformation,org.springframework.data.rest.webmvc.PersistentEntityResource,org.springframework.data.rest.webmvc.PersistentEntityResourceAssembler,java.lang.String) throws org.springframework.web.HttpRequestMethodNotSupportedException
2018-03-31 21:08:21.942  INFO 16041 --- [           main] o.s.d.r.w.RepositoryRestHandlerMapping   : Mapped "{[/{repository}/{id}],methods=[OPTIONS],produces=[application/hal+json || application/json]}" onto public org.springframework.http.ResponseEntity<?> org.springframework.data.rest.webmvc.RepositoryEntityController.optionsForItemResource(org.springframework.data.rest.webmvc.RootResourceInformation)
2018-03-31 21:08:21.942  INFO 16041 --- [           main] o.s.d.r.w.RepositoryRestHandlerMapping   : Mapped "{[/{repository}/{id}],methods=[HEAD],produces=[application/hal+json || application/json]}" onto public org.springframework.http.ResponseEntity<?> org.springframework.data.rest.webmvc.RepositoryEntityController.headForItemResource(org.springframework.data.rest.webmvc.RootResourceInformation,java.io.Serializable,org.springframework.data.rest.webmvc.PersistentEntityResourceAssembler) throws org.springframework.web.HttpRequestMethodNotSupportedException
2018-03-31 21:08:21.943  INFO 16041 --- [           main] o.s.d.r.w.RepositoryRestHandlerMapping   : Mapped "{[/{repository}/{id}],methods=[GET],produces=[application/hal+json || application/json]}" onto public org.springframework.http.ResponseEntity<org.springframework.hateoas.Resource<?>> org.springframework.data.rest.webmvc.RepositoryEntityController.getItemResource(org.springframework.data.rest.webmvc.RootResourceInformation,java.io.Serializable,org.springframework.data.rest.webmvc.PersistentEntityResourceAssembler,org.springframework.http.HttpHeaders) throws org.springframework.web.HttpRequestMethodNotSupportedException
2018-03-31 21:08:21.943  INFO 16041 --- [           main] o.s.d.r.w.RepositoryRestHandlerMapping   : Mapped "{[/{repository}/{id}],methods=[PUT],produces=[application/hal+json || application/json]}" onto public org.springframework.http.ResponseEntity<? extends org.springframework.hateoas.ResourceSupport> org.springframework.data.rest.webmvc.RepositoryEntityController.putItemResource(org.springframework.data.rest.webmvc.RootResourceInformation,org.springframework.data.rest.webmvc.PersistentEntityResource,java.io.Serializable,org.springframework.data.rest.webmvc.PersistentEntityResourceAssembler,org.springframework.data.rest.webmvc.support.ETag,java.lang.String) throws org.springframework.web.HttpRequestMethodNotSupportedException
2018-03-31 21:08:21.944  INFO 16041 --- [           main] o.s.d.r.w.RepositoryRestHandlerMapping   : Mapped "{[/{repository}/{id}],methods=[PATCH],produces=[application/hal+json || application/json]}" onto public org.springframework.http.ResponseEntity<org.springframework.hateoas.ResourceSupport> org.springframework.data.rest.webmvc.RepositoryEntityController.patchItemResource(org.springframework.data.rest.webmvc.RootResourceInformation,org.springframework.data.rest.webmvc.PersistentEntityResource,java.io.Serializable,org.springframework.data.rest.webmvc.PersistentEntityResourceAssembler,org.springframework.data.rest.webmvc.support.ETag,java.lang.String) throws org.springframework.web.HttpRequestMethodNotSupportedException,org.springframework.data.rest.webmvc.ResourceNotFoundException
2018-03-31 21:08:21.944  INFO 16041 --- [           main] o.s.d.r.w.RepositoryRestHandlerMapping   : Mapped "{[/{repository}/{id}],methods=[DELETE],produces=[application/hal+json || application/json]}" onto public org.springframework.http.ResponseEntity<?> org.springframework.data.rest.webmvc.RepositoryEntityController.deleteItemResource(org.springframework.data.rest.webmvc.RootResourceInformation,java.io.Serializable,org.springframework.data.rest.webmvc.support.ETag) throws org.springframework.data.rest.webmvc.ResourceNotFoundException,org.springframework.web.HttpRequestMethodNotSupportedException
2018-03-31 21:08:21.951  INFO 16041 --- [           main] o.s.d.r.w.BasePathAwareHandlerMapping    : Mapped "{[/profile/{repository}],methods=[OPTIONS],produces=[application/alps+json]}" onto org.springframework.http.HttpEntity<?> org.springframework.data.rest.webmvc.alps.AlpsController.alpsOptions()
2018-03-31 21:08:21.952  INFO 16041 --- [           main] o.s.d.r.w.BasePathAwareHandlerMapping    : Mapped "{[/profile/{repository}],methods=[GET],produces=[application/alps+json || */*]}" onto org.springframework.http.HttpEntity<org.springframework.data.rest.webmvc.RootResourceInformation> org.springframework.data.rest.webmvc.alps.AlpsController.descriptor(org.springframework.data.rest.webmvc.RootResourceInformation)
2018-03-31 21:08:21.952  INFO 16041 --- [           main] o.s.d.r.w.BasePathAwareHandlerMapping    : Mapped "{[/profile/{repository}],methods=[GET],produces=[application/schema+json]}" onto public org.springframework.http.HttpEntity<org.springframework.data.rest.webmvc.json.JsonSchema> org.springframework.data.rest.webmvc.RepositorySchemaController.schema(org.springframework.data.rest.webmvc.RootResourceInformation)
2018-03-31 21:08:21.953  INFO 16041 --- [           main] o.s.d.r.w.BasePathAwareHandlerMapping    : Mapped "{[/profile],methods=[OPTIONS]}" onto public org.springframework.http.HttpEntity<?> org.springframework.data.rest.webmvc.ProfileController.profileOptions()
2018-03-31 21:08:21.953  INFO 16041 --- [           main] o.s.d.r.w.BasePathAwareHandlerMapping    : Mapped "{[/profile],methods=[GET]}" onto org.springframework.http.HttpEntity<org.springframework.hateoas.ResourceSupport> org.springframework.data.rest.webmvc.ProfileController.listAllFormsOfMetadata()
2018-03-31 21:08:22.176  INFO 16041 --- [           main] o.h.h.i.QueryTranslatorFactoryInitiator  : HHH000397: Using ASTQueryTranslatorFactory
2018-03-31 21:08:22.283  INFO 16041 --- [           main] edu.harvard.h2ms.web.init.OAuthTest      : Started OAuthTest in 2.839 seconds (JVM running for 25.768)
2018-03-31 21:08:22.291  INFO 16041 --- [           main] o.s.b.t.m.w.SpringBootMockServletContext : Initializing Spring FrameworkServlet ''
2018-03-31 21:08:22.291  INFO 16041 --- [           main] o.s.t.web.servlet.TestDispatcherServlet  : FrameworkServlet '': initialization started
2018-03-31 21:08:22.310  INFO 16041 --- [           main] o.s.t.web.servlet.TestDispatcherServlet  : FrameworkServlet '': initialization completed in 19 ms
2018-03-31 21:08:22.418  INFO 16041 --- [           main] o.s.w.c.s.GenericWebApplicationContext   : Closing org.springframework.web.context.support.GenericWebApplicationContext@3b5f3ffb: startup date [Sat Mar 31 21:08:19 EDT 2018]; root of context hierarchy
2018-03-31 21:08:22.422  INFO 16041 --- [           main] j.LocalContainerEntityManagerFactoryBean : Closing JPA EntityManagerFactory for persistence unit 'default'
2018-03-31 21:08:22.422  INFO 16041 --- [           main] org.hibernate.tool.hbm2ddl.SchemaExport  : HHH000227: Running hbm2ddl schema export
2018-03-31 21:08:22.426  INFO 16041 --- [           main] org.hibernate.tool.hbm2ddl.SchemaExport  : HHH000230: Schema export complete

  .   ____          _            __ _ _
 /\\ / ___'_ __ _ _(_)_ __  __ _ \ \ \ \
( ( )\___ | '_ | '_| | '_ \/ _` | \ \ \ \
 \\/  ___)| |_)| | | | | || (_| |  ) ) ) )
  '  |____| .__|_| |_|_| |_\__, | / / / /
 =========|_|==============|___/=/_/_/_/
 :: Spring Boot ::       (v1.5.10.RELEASE)

2018-03-31 21:08:22.561  INFO 16041 --- [           main] edu.harvard.h2ms.web.init.OAuthTest      : Starting OAuthTest on ancient.bitbin.de with PID 16041 (started by stbenjam in /home/stbenjam/git/h2ms)
2018-03-31 21:08:22.561  INFO 16041 --- [           main] edu.harvard.h2ms.web.init.OAuthTest      : No active profile set, falling back to default profiles: default
2018-03-31 21:08:22.564  INFO 16041 --- [           main] o.s.w.c.s.GenericWebApplicationContext   : Refreshing org.springframework.web.context.support.GenericWebApplicationContext@747348f1: startup date [Sat Mar 31 21:08:22 EDT 2018]; root of context hierarchy
2018-03-31 21:08:22.633  INFO 16041 --- [           main] o.s.c.a.ConfigurationClassParser         : Properties location [classpath:mailserver.properties] not resolvable: class path resource [mailserver.properties] cannot be opened because it does not exist
2018-03-31 21:08:22.835  INFO 16041 --- [           main] o.s.b.f.s.DefaultListableBeanFactory     : Overriding bean definition for bean 'httpRequestHandlerAdapter' with a different definition: replacing [Root bean: class [null]; scope=; abstract=false; lazyInit=false; autowireMode=3; dependencyCheck=0; autowireCandidate=true; primary=false; factoryBeanName=org.springframework.boot.autoconfigure.web.WebMvcAutoConfiguration$EnableWebMvcConfiguration; factoryMethodName=httpRequestHandlerAdapter; initMethodName=null; destroyMethodName=(inferred); defined in class path resource [org/springframework/boot/autoconfigure/web/WebMvcAutoConfiguration$EnableWebMvcConfiguration.class]] with [Root bean: class [null]; scope=; abstract=false; lazyInit=false; autowireMode=3; dependencyCheck=0; autowireCandidate=true; primary=false; factoryBeanName=org.springframework.data.rest.webmvc.config.RepositoryRestMvcConfiguration; factoryMethodName=httpRequestHandlerAdapter; initMethodName=null; destroyMethodName=(inferred); defined in class path resource [org/springframework/data/rest/webmvc/config/RepositoryRestMvcConfiguration.class]]
2018-03-31 21:08:22.952  INFO 16041 --- [           main] trationDelegate$BeanPostProcessorChecker : Bean 'org.springframework.transaction.annotation.ProxyTransactionManagementConfiguration' of type [org.springframework.transaction.annotation.ProxyTransactionManagementConfiguration$$EnhancerBySpringCGLIB$$225ecc1d] is not eligible for getting processed by all BeanPostProcessors (for example: not eligible for auto-proxying)
2018-03-31 21:08:22.968  INFO 16041 --- [           main] trationDelegate$BeanPostProcessorChecker : Bean 'org.springframework.security.config.annotation.configuration.ObjectPostProcessorConfiguration' of type [org.springframework.security.config.annotation.configuration.ObjectPostProcessorConfiguration$$EnhancerBySpringCGLIB$$bb0c9457] is not eligible for getting processed by all BeanPostProcessors (for example: not eligible for auto-proxying)
2018-03-31 21:08:22.976  INFO 16041 --- [           main] trationDelegate$BeanPostProcessorChecker : Bean 'objectPostProcessor' of type [org.springframework.security.config.annotation.configuration.AutowireBeanFactoryObjectPostProcessor] is not eligible for getting processed by all BeanPostProcessors (for example: not eligible for auto-proxying)
2018-03-31 21:08:22.977  INFO 16041 --- [           main] trationDelegate$BeanPostProcessorChecker : Bean 'org.springframework.security.access.expression.method.DefaultMethodSecurityExpressionHandler@61c3d248' of type [org.springframework.security.oauth2.provider.expression.OAuth2MethodSecurityExpressionHandler] is not eligible for getting processed by all BeanPostProcessors (for example: not eligible for auto-proxying)
2018-03-31 21:08:22.985  INFO 16041 --- [           main] trationDelegate$BeanPostProcessorChecker : Bean 'org.springframework.security.config.annotation.method.configuration.GlobalMethodSecurityConfiguration' of type [org.springframework.security.config.annotation.method.configuration.GlobalMethodSecurityConfiguration$$EnhancerBySpringCGLIB$$dfe13709] is not eligible for getting processed by all BeanPostProcessors (for example: not eligible for auto-proxying)
2018-03-31 21:08:22.991  INFO 16041 --- [           main] trationDelegate$BeanPostProcessorChecker : Bean 'methodSecurityMetadataSource' of type [org.springframework.security.access.method.DelegatingMethodSecurityMetadataSource] is not eligible for getting processed by all BeanPostProcessors (for example: not eligible for auto-proxying)
2018-03-31 21:08:23.016  INFO 16041 --- [           main] trationDelegate$BeanPostProcessorChecker : Bean 'security.oauth2.client-org.springframework.boot.autoconfigure.security.oauth2.OAuth2ClientProperties' of type [org.springframework.boot.autoconfigure.security.oauth2.OAuth2ClientProperties] is not eligible for getting processed by all BeanPostProcessors (for example: not eligible for auto-proxying)
2018-03-31 21:08:23.024  INFO 16041 --- [           main] trationDelegate$BeanPostProcessorChecker : Bean 'org.springframework.boot.autoconfigure.security.oauth2.OAuth2AutoConfiguration' of type [org.springframework.boot.autoconfigure.security.oauth2.OAuth2AutoConfiguration$$EnhancerBySpringCGLIB$$d9a8881d] is not eligible for getting processed by all BeanPostProcessors (for example: not eligible for auto-proxying)
2018-03-31 21:08:23.038  INFO 16041 --- [           main] trationDelegate$BeanPostProcessorChecker : Bean 'resourceServerProperties' of type [org.springframework.boot.autoconfigure.security.oauth2.resource.ResourceServerProperties] is not eligible for getting processed by all BeanPostProcessors (for example: not eligible for auto-proxying)
2018-03-31 21:08:23.197  INFO 16041 --- [           main] j.LocalContainerEntityManagerFactoryBean : Building JPA container EntityManagerFactory for persistence unit 'default'
2018-03-31 21:08:23.197  INFO 16041 --- [           main] o.hibernate.jpa.internal.util.LogHelper  : HHH000204: Processing PersistenceUnitInfo [
	name: default
	...]
2018-03-31 21:08:23.202  INFO 16041 --- [           main] org.hibernate.dialect.Dialect            : HHH000400: Using dialect: org.hibernate.dialect.H2Dialect
2018-03-31 21:08:23.274  INFO 16041 --- [           main] org.hibernate.tool.hbm2ddl.SchemaExport  : HHH000227: Running hbm2ddl schema export
2018-03-31 21:08:23.288  INFO 16041 --- [           main] org.hibernate.tool.hbm2ddl.SchemaExport  : HHH000230: Schema export complete
2018-03-31 21:08:23.299  WARN 16041 --- [           main] o.h.j.i.EntityManagerFactoryRegistry     : HHH000436: Entity manager factory name (default) is already registered.  If entity manager will be clustered or passivated, specify a unique value for property 'hibernate.ejb.entitymanager_factory_name'
2018-03-31 21:08:23.300  INFO 16041 --- [           main] j.LocalContainerEntityManagerFactoryBean : Initialized JPA EntityManagerFactory for persistence unit 'default'
2018-03-31 21:08:23.914  INFO 16041 --- [           main] .s.o.p.e.FrameworkEndpointHandlerMapping : Mapped "{[/oauth/authorize]}" onto public org.springframework.web.servlet.ModelAndView org.springframework.security.oauth2.provider.endpoint.AuthorizationEndpoint.authorize(java.util.Map<java.lang.String, java.lang.Object>,java.util.Map<java.lang.String, java.lang.String>,org.springframework.web.bind.support.SessionStatus,java.security.Principal)
2018-03-31 21:08:23.915  INFO 16041 --- [           main] .s.o.p.e.FrameworkEndpointHandlerMapping : Mapped "{[/oauth/authorize],methods=[POST],params=[user_oauth_approval]}" onto public org.springframework.web.servlet.View org.springframework.security.oauth2.provider.endpoint.AuthorizationEndpoint.approveOrDeny(java.util.Map<java.lang.String, java.lang.String>,java.util.Map<java.lang.String, ?>,org.springframework.web.bind.support.SessionStatus,java.security.Principal)
2018-03-31 21:08:23.915  INFO 16041 --- [           main] .s.o.p.e.FrameworkEndpointHandlerMapping : Mapped "{[/oauth/token],methods=[GET]}" onto public org.springframework.http.ResponseEntity<org.springframework.security.oauth2.common.OAuth2AccessToken> org.springframework.security.oauth2.provider.endpoint.TokenEndpoint.getAccessToken(java.security.Principal,java.util.Map<java.lang.String, java.lang.String>) throws org.springframework.web.HttpRequestMethodNotSupportedException
2018-03-31 21:08:23.915  INFO 16041 --- [           main] .s.o.p.e.FrameworkEndpointHandlerMapping : Mapped "{[/oauth/token],methods=[POST]}" onto public org.springframework.http.ResponseEntity<org.springframework.security.oauth2.common.OAuth2AccessToken> org.springframework.security.oauth2.provider.endpoint.TokenEndpoint.postAccessToken(java.security.Principal,java.util.Map<java.lang.String, java.lang.String>) throws org.springframework.web.HttpRequestMethodNotSupportedException
2018-03-31 21:08:23.916  INFO 16041 --- [           main] .s.o.p.e.FrameworkEndpointHandlerMapping : Mapped "{[/oauth/check_token]}" onto public java.util.Map<java.lang.String, ?> org.springframework.security.oauth2.provider.endpoint.CheckTokenEndpoint.checkToken(java.lang.String)
2018-03-31 21:08:23.916  INFO 16041 --- [           main] .s.o.p.e.FrameworkEndpointHandlerMapping : Mapped "{[/oauth/confirm_access]}" onto public org.springframework.web.servlet.ModelAndView org.springframework.security.oauth2.provider.endpoint.WhitelabelApprovalEndpoint.getAccessConfirmation(java.util.Map<java.lang.String, java.lang.Object>,javax.servlet.http.HttpServletRequest) throws java.lang.Exception
2018-03-31 21:08:23.916  INFO 16041 --- [           main] .s.o.p.e.FrameworkEndpointHandlerMapping : Mapped "{[/oauth/error]}" onto public org.springframework.web.servlet.ModelAndView org.springframework.security.oauth2.provider.endpoint.WhitelabelErrorEndpoint.handleError(javax.servlet.http.HttpServletRequest)
2018-03-31 21:08:24.141  INFO 16041 --- [           main] o.s.s.web.DefaultSecurityFilterChain     : Creating filter chain: Ant [pattern='/'], []
2018-03-31 21:08:24.141  INFO 16041 --- [           main] o.s.s.web.DefaultSecurityFilterChain     : Creating filter chain: Ant [pattern='/login'], []
2018-03-31 21:08:24.141  INFO 16041 --- [           main] o.s.s.web.DefaultSecurityFilterChain     : Creating filter chain: Ant [pattern='/webjars/**'], []
2018-03-31 21:08:24.141  INFO 16041 --- [           main] o.s.s.web.DefaultSecurityFilterChain     : Creating filter chain: Ant [pattern='/api/passwords/**'], []
2018-03-31 21:08:24.141  INFO 16041 --- [           main] o.s.s.web.DefaultSecurityFilterChain     : Creating filter chain: Ant [pattern='/swagger-resources'], []
2018-03-31 21:08:24.141  INFO 16041 --- [           main] o.s.s.web.DefaultSecurityFilterChain     : Creating filter chain: Ant [pattern='/swagger-resources/**'], []
2018-03-31 21:08:24.141  INFO 16041 --- [           main] o.s.s.web.DefaultSecurityFilterChain     : Creating filter chain: Ant [pattern='/swagger-ui.html'], []
2018-03-31 21:08:24.141  INFO 16041 --- [           main] o.s.s.web.DefaultSecurityFilterChain     : Creating filter chain: Ant [pattern='/v2/api-docs'], []
2018-03-31 21:08:24.141  INFO 16041 --- [           main] o.s.s.web.DefaultSecurityFilterChain     : Creating filter chain: Ant [pattern='/**', OPTIONS], []
2018-03-31 21:08:24.201  INFO 16041 --- [           main] o.s.s.web.DefaultSecurityFilterChain     : Creating filter chain: OrRequestMatcher [requestMatchers=[Ant [pattern='/oauth/token'], Ant [pattern='/oauth/token_key'], Ant [pattern='/oauth/check_token']]], [org.springframework.security.web.context.request.async.WebAsyncManagerIntegrationFilter@7bc81a1f, org.springframework.security.web.context.SecurityContextPersistenceFilter@5be0e16f, org.springframework.security.web.header.HeaderWriterFilter@6eae9895, org.springframework.security.web.authentication.logout.LogoutFilter@79026b61, org.springframework.security.web.authentication.www.BasicAuthenticationFilter@1a4f91ad, org.springframework.security.web.savedrequest.RequestCacheAwareFilter@6d5f8cef, org.springframework.security.web.servletapi.SecurityContextHolderAwareRequestFilter@77afcbe1, org.springframework.security.web.authentication.AnonymousAuthenticationFilter@7e010bc2, org.springframework.security.web.session.SessionManagementFilter@6c4c4df8, org.springframework.security.web.access.ExceptionTranslationFilter@19b5f793, org.springframework.security.web.access.intercept.FilterSecurityInterceptor@8658ba9]
2018-03-31 21:08:24.208  INFO 16041 --- [           main] o.s.s.web.DefaultSecurityFilterChain     : Creating filter chain: org.springframework.security.oauth2.config.annotation.web.configuration.ResourceServerConfiguration$NotOAuthRequestMatcher@3ec69823, [org.springframework.security.web.context.request.async.WebAsyncManagerIntegrationFilter@5058da5a, org.springframework.security.web.context.SecurityContextPersistenceFilter@4b4be42c, org.springframework.security.web.header.HeaderWriterFilter@600c5acf, org.springframework.security.web.authentication.logout.LogoutFilter@55082ca8, org.springframework.security.oauth2.provider.authentication.OAuth2AuthenticationProcessingFilter@154a317c, org.springframework.security.web.savedrequest.RequestCacheAwareFilter@7bcbc143, org.springframework.security.web.servletapi.SecurityContextHolderAwareRequestFilter@799326d7, org.springframework.security.web.authentication.AnonymousAuthenticationFilter@30fc38cc, org.springframework.security.web.session.SessionManagementFilter@a64ca7f, org.springframework.security.web.access.ExceptionTranslationFilter@3650cc1a, org.springframework.security.web.access.intercept.FilterSecurityInterceptor@7ac397d6]
2018-03-31 21:08:24.209  INFO 16041 --- [           main] o.s.s.web.DefaultSecurityFilterChain     : Creating filter chain: org.springframework.security.web.util.matcher.AnyRequestMatcher@1, [org.springframework.security.web.access.intercept.FilterSecurityInterceptor@76b6b86f]
2018-03-31 21:08:24.375  INFO 16041 --- [           main] s.w.s.m.m.a.RequestMappingHandlerAdapter : Looking for @ControllerAdvice: org.springframework.web.context.support.GenericWebApplicationContext@747348f1: startup date [Sat Mar 31 21:08:22 EDT 2018]; root of context hierarchy
2018-03-31 21:08:24.406  INFO 16041 --- [           main] s.w.s.m.m.a.RequestMappingHandlerMapping : Mapped "{[/events/count/{timeframe}],methods=[GET]}" onto public org.springframework.http.ResponseEntity<?> edu.harvard.h2ms.web.controller.EventController.findEventCountByTimeframe(java.lang.String)
2018-03-31 21:08:24.407  INFO 16041 --- [           main] s.w.s.m.m.a.RequestMappingHandlerMapping : Mapped "{[/events/compliance/{questionId}/{timeframe}],methods=[GET]}" onto public org.springframework.http.ResponseEntity<?> edu.harvard.h2ms.web.controller.EventController.findComplianceByTimeframe(java.lang.String,java.lang.Long)
2018-03-31 21:08:24.410  INFO 16041 --- [           main] s.w.s.m.m.a.RequestMappingHandlerMapping : Mapped "{[/api/passwords/reset/{email:.+}],methods=[GET]}" onto public org.springframework.http.ResponseEntity<java.lang.Object> edu.harvard.h2ms.web.controller.PasswordController.getPasswordResetToken(java.lang.String)
2018-03-31 21:08:24.410  INFO 16041 --- [           main] s.w.s.m.m.a.RequestMappingHandlerMapping : Mapped "{[/api/passwords/reset/token],methods=[POST]}" onto public org.springframework.http.ResponseEntity<java.lang.Object> edu.harvard.h2ms.web.controller.PasswordController.resetPasswordViaToken(java.util.Map<java.lang.String, java.lang.String>)
2018-03-31 21:08:24.411  INFO 16041 --- [           main] s.w.s.m.m.a.RequestMappingHandlerMapping : Mapped "{[/users/avgWashed],methods=[GET]}" onto public java.util.Map<java.lang.String, java.lang.Double> edu.harvard.h2ms.web.controller.UserController.findAvgWashCompliance()
2018-03-31 21:08:24.412  INFO 16041 --- [           main] s.w.s.m.m.a.RequestMappingHandlerMapping : Mapped "{[/error],produces=[text/html]}" onto public org.springframework.web.servlet.ModelAndView org.springframework.boot.autoconfigure.web.BasicErrorController.errorHtml(javax.servlet.http.HttpServletRequest,javax.servlet.http.HttpServletResponse)
2018-03-31 21:08:24.412  INFO 16041 --- [           main] s.w.s.m.m.a.RequestMappingHandlerMapping : Mapped "{[/error]}" onto public org.springframework.http.ResponseEntity<java.util.Map<java.lang.String, java.lang.Object>> org.springframework.boot.autoconfigure.web.BasicErrorController.error(javax.servlet.http.HttpServletRequest)
2018-03-31 21:08:24.496  INFO 16041 --- [           main] o.s.w.s.handler.SimpleUrlHandlerMapping  : Mapped URL path [/webjars/**] onto handler of type [class org.springframework.web.servlet.resource.ResourceHttpRequestHandler]
2018-03-31 21:08:24.497  INFO 16041 --- [           main] o.s.w.s.handler.SimpleUrlHandlerMapping  : Mapped URL path [/**] onto handler of type [class org.springframework.web.servlet.resource.ResourceHttpRequestHandler]
2018-03-31 21:08:24.519  INFO 16041 --- [           main] .m.m.a.ExceptionHandlerExceptionResolver : Detected @ExceptionHandler methods in exceptionHandlingController
2018-03-31 21:08:24.519  INFO 16041 --- [           main] .m.m.a.ExceptionHandlerExceptionResolver : Detected @ExceptionHandler methods in repositoryRestExceptionHandler
2018-03-31 21:08:24.582  INFO 16041 --- [           main] o.s.w.s.handler.SimpleUrlHandlerMapping  : Mapped URL path [/**/favicon.ico] onto handler of type [class org.springframework.web.servlet.resource.ResourceHttpRequestHandler]
2018-03-31 21:08:24.613  WARN 16041 --- [           main] .t.AbstractTemplateResolverConfiguration : Cannot find template location: classpath:/templates/ (please add some templates or check your Thymeleaf configuration)
2018-03-31 21:08:24.719  INFO 16041 --- [           main] o.s.d.r.w.RepositoryRestHandlerAdapter   : Looking for @ControllerAdvice: org.springframework.web.context.support.GenericWebApplicationContext@747348f1: startup date [Sat Mar 31 21:08:22 EDT 2018]; root of context hierarchy
2018-03-31 21:08:24.732  INFO 16041 --- [           main] o.s.d.r.w.RepositoryRestHandlerMapping   : Mapped "{[/{repository}/{id}/{property}],methods=[GET],produces=[application/hal+json || application/json]}" onto public org.springframework.http.ResponseEntity<org.springframework.hateoas.ResourceSupport> org.springframework.data.rest.webmvc.RepositoryPropertyReferenceController.followPropertyReference(org.springframework.data.rest.webmvc.RootResourceInformation,java.io.Serializable,java.lang.String,org.springframework.data.rest.webmvc.PersistentEntityResourceAssembler) throws java.lang.Exception
2018-03-31 21:08:24.732  INFO 16041 --- [           main] o.s.d.r.w.RepositoryRestHandlerMapping   : Mapped "{[/{repository}/{id}/{property}/{propertyId}],methods=[GET],produces=[application/hal+json || application/json]}" onto public org.springframework.http.ResponseEntity<org.springframework.hateoas.ResourceSupport> org.springframework.data.rest.webmvc.RepositoryPropertyReferenceController.followPropertyReference(org.springframework.data.rest.webmvc.RootResourceInformation,java.io.Serializable,java.lang.String,java.lang.String,org.springframework.data.rest.webmvc.PersistentEntityResourceAssembler) throws java.lang.Exception
2018-03-31 21:08:24.732  INFO 16041 --- [           main] o.s.d.r.w.RepositoryRestHandlerMapping   : Mapped "{[/{repository}/{id}/{property}],methods=[DELETE],produces=[application/hal+json || application/json]}" onto public org.springframework.http.ResponseEntity<? extends org.springframework.hateoas.ResourceSupport> org.springframework.data.rest.webmvc.RepositoryPropertyReferenceController.deletePropertyReference(org.springframework.data.rest.webmvc.RootResourceInformation,java.io.Serializable,java.lang.String) throws java.lang.Exception
2018-03-31 21:08:24.732  INFO 16041 --- [           main] o.s.d.r.w.RepositoryRestHandlerMapping   : Mapped "{[/{repository}/{id}/{property}],methods=[GET],produces=[application/x-spring-data-compact+json || text/uri-list]}" onto public org.springframework.http.ResponseEntity<org.springframework.hateoas.ResourceSupport> org.springframework.data.rest.webmvc.RepositoryPropertyReferenceController.followPropertyReferenceCompact(org.springframework.data.rest.webmvc.RootResourceInformation,java.io.Serializable,java.lang.String,org.springframework.data.rest.webmvc.PersistentEntityResourceAssembler) throws java.lang.Exception
2018-03-31 21:08:24.732  INFO 16041 --- [           main] o.s.d.r.w.RepositoryRestHandlerMapping   : Mapped "{[/{repository}/{id}/{property}],methods=[PATCH || PUT || POST],consumes=[application/json || application/x-spring-data-compact+json || text/uri-list],produces=[application/hal+json || application/json]}" onto public org.springframework.http.ResponseEntity<? extends org.springframework.hateoas.ResourceSupport> org.springframework.data.rest.webmvc.RepositoryPropertyReferenceController.createPropertyReference(org.springframework.data.rest.webmvc.RootResourceInformation,org.springframework.http.HttpMethod,org.springframework.hateoas.Resources<java.lang.Object>,java.io.Serializable,java.lang.String) throws java.lang.Exception
2018-03-31 21:08:24.733  INFO 16041 --- [           main] o.s.d.r.w.RepositoryRestHandlerMapping   : Mapped "{[/{repository}/{id}/{property}/{propertyId}],methods=[DELETE],produces=[application/hal+json || application/json]}" onto public org.springframework.http.ResponseEntity<org.springframework.hateoas.ResourceSupport> org.springframework.data.rest.webmvc.RepositoryPropertyReferenceController.deletePropertyReferenceId(org.springframework.data.rest.webmvc.RootResourceInformation,java.io.Serializable,java.lang.String,java.lang.String) throws java.lang.Exception
2018-03-31 21:08:24.733  INFO 16041 --- [           main] o.s.d.r.w.RepositoryRestHandlerMapping   : Mapped "{[/{repository}/search/{search}],methods=[GET],produces=[application/hal+json || application/json]}" onto public org.springframework.http.ResponseEntity<?> org.springframework.data.rest.webmvc.RepositorySearchController.executeSearch(org.springframework.data.rest.webmvc.RootResourceInformation,org.springframework.util.MultiValueMap<java.lang.String, java.lang.Object>,java.lang.String,org.springframework.data.rest.webmvc.support.DefaultedPageable,org.springframework.data.domain.Sort,org.springframework.data.rest.webmvc.PersistentEntityResourceAssembler,org.springframework.http.HttpHeaders)
2018-03-31 21:08:24.734  INFO 16041 --- [           main] o.s.d.r.w.RepositoryRestHandlerMapping   : Mapped "{[/{repository}/search],methods=[OPTIONS],produces=[application/hal+json || application/json]}" onto public org.springframework.http.HttpEntity<?> org.springframework.data.rest.webmvc.RepositorySearchController.optionsForSearches(org.springframework.data.rest.webmvc.RootResourceInformation)
2018-03-31 21:08:24.734  INFO 16041 --- [           main] o.s.d.r.w.RepositoryRestHandlerMapping   : Mapped "{[/{repository}/search/{search}],methods=[GET],produces=[application/x-spring-data-compact+json]}" onto public org.springframework.hateoas.ResourceSupport org.springframework.data.rest.webmvc.RepositorySearchController.executeSearchCompact(org.springframework.data.rest.webmvc.RootResourceInformation,org.springframework.http.HttpHeaders,org.springframework.util.MultiValueMap<java.lang.String, java.lang.Object>,java.lang.String,java.lang.String,org.springframework.data.rest.webmvc.support.DefaultedPageable,org.springframework.data.domain.Sort,org.springframework.data.rest.webmvc.PersistentEntityResourceAssembler)
2018-03-31 21:08:24.735  INFO 16041 --- [           main] o.s.d.r.w.RepositoryRestHandlerMapping   : Mapped "{[/{repository}/search/{search}],methods=[OPTIONS],produces=[application/hal+json || application/json]}" onto public org.springframework.http.ResponseEntity<java.lang.Object> org.springframework.data.rest.webmvc.RepositorySearchController.optionsForSearch(org.springframework.data.rest.webmvc.RootResourceInformation,java.lang.String)
2018-03-31 21:08:24.736  INFO 16041 --- [           main] o.s.d.r.w.RepositoryRestHandlerMapping   : Mapped "{[/{repository}/search/{search}],methods=[HEAD],produces=[application/hal+json || application/json]}" onto public org.springframework.http.ResponseEntity<java.lang.Object> org.springframework.data.rest.webmvc.RepositorySearchController.headForSearch(org.springframework.data.rest.webmvc.RootResourceInformation,java.lang.String)
2018-03-31 21:08:24.737  INFO 16041 --- [           main] o.s.d.r.w.RepositoryRestHandlerMapping   : Mapped "{[/{repository}/search],methods=[GET],produces=[application/hal+json || application/json]}" onto public org.springframework.data.rest.webmvc.RepositorySearchesResource org.springframework.data.rest.webmvc.RepositorySearchController.listSearches(org.springframework.data.rest.webmvc.RootResourceInformation)
2018-03-31 21:08:24.738  INFO 16041 --- [           main] o.s.d.r.w.RepositoryRestHandlerMapping   : Mapped "{[/{repository}/search],methods=[HEAD],produces=[application/hal+json || application/json]}" onto public org.springframework.http.HttpEntity<?> org.springframework.data.rest.webmvc.RepositorySearchController.headForSearches(org.springframework.data.rest.webmvc.RootResourceInformation)
2018-03-31 21:08:24.740  INFO 16041 --- [           main] o.s.d.r.w.RepositoryRestHandlerMapping   : Mapped "{[/ || ],methods=[GET],produces=[application/hal+json || application/json]}" onto public org.springframework.http.HttpEntity<org.springframework.data.rest.webmvc.RepositoryLinksResource> org.springframework.data.rest.webmvc.RepositoryController.listRepositories()
2018-03-31 21:08:24.742  INFO 16041 --- [           main] o.s.d.r.w.RepositoryRestHandlerMapping   : Mapped "{[/ || ],methods=[OPTIONS],produces=[application/hal+json || application/json]}" onto public org.springframework.http.HttpEntity<?> org.springframework.data.rest.webmvc.RepositoryController.optionsForRepositories()
2018-03-31 21:08:24.742  INFO 16041 --- [           main] o.s.d.r.w.RepositoryRestHandlerMapping   : Mapped "{[/ || ],methods=[HEAD],produces=[application/hal+json || application/json]}" onto public org.springframework.http.ResponseEntity<?> org.springframework.data.rest.webmvc.RepositoryController.headForRepositories()
2018-03-31 21:08:24.743  INFO 16041 --- [           main] o.s.d.r.w.RepositoryRestHandlerMapping   : Mapped "{[/{repository}],methods=[OPTIONS],produces=[application/hal+json || application/json]}" onto public org.springframework.http.ResponseEntity<?> org.springframework.data.rest.webmvc.RepositoryEntityController.optionsForCollectionResource(org.springframework.data.rest.webmvc.RootResourceInformation)
2018-03-31 21:08:24.743  INFO 16041 --- [           main] o.s.d.r.w.RepositoryRestHandlerMapping   : Mapped "{[/{repository}],methods=[HEAD],produces=[application/hal+json || application/json]}" onto public org.springframework.http.ResponseEntity<?> org.springframework.data.rest.webmvc.RepositoryEntityController.headCollectionResource(org.springframework.data.rest.webmvc.RootResourceInformation,org.springframework.data.rest.webmvc.support.DefaultedPageable) throws org.springframework.web.HttpRequestMethodNotSupportedException
2018-03-31 21:08:24.744  INFO 16041 --- [           main] o.s.d.r.w.RepositoryRestHandlerMapping   : Mapped "{[/{repository}],methods=[GET],produces=[application/hal+json || application/json]}" onto public org.springframework.hateoas.Resources<?> org.springframework.data.rest.webmvc.RepositoryEntityController.getCollectionResource(org.springframework.data.rest.webmvc.RootResourceInformation,org.springframework.data.rest.webmvc.support.DefaultedPageable,org.springframework.data.domain.Sort,org.springframework.data.rest.webmvc.PersistentEntityResourceAssembler) throws org.springframework.data.rest.webmvc.ResourceNotFoundException,org.springframework.web.HttpRequestMethodNotSupportedException
2018-03-31 21:08:24.744  INFO 16041 --- [           main] o.s.d.r.w.RepositoryRestHandlerMapping   : Mapped "{[/{repository}],methods=[GET],produces=[application/x-spring-data-compact+json || text/uri-list]}" onto public org.springframework.hateoas.Resources<?> org.springframework.data.rest.webmvc.RepositoryEntityController.getCollectionResourceCompact(org.springframework.data.rest.webmvc.RootResourceInformation,org.springframework.data.rest.webmvc.support.DefaultedPageable,org.springframework.data.domain.Sort,org.springframework.data.rest.webmvc.PersistentEntityResourceAssembler) throws org.springframework.data.rest.webmvc.ResourceNotFoundException,org.springframework.web.HttpRequestMethodNotSupportedException
2018-03-31 21:08:24.744  INFO 16041 --- [           main] o.s.d.r.w.RepositoryRestHandlerMapping   : Mapped "{[/{repository}],methods=[POST],produces=[application/hal+json || application/json]}" onto public org.springframework.http.ResponseEntity<org.springframework.hateoas.ResourceSupport> org.springframework.data.rest.webmvc.RepositoryEntityController.postCollectionResource(org.springframework.data.rest.webmvc.RootResourceInformation,org.springframework.data.rest.webmvc.PersistentEntityResource,org.springframework.data.rest.webmvc.PersistentEntityResourceAssembler,java.lang.String) throws org.springframework.web.HttpRequestMethodNotSupportedException
2018-03-31 21:08:24.744  INFO 16041 --- [           main] o.s.d.r.w.RepositoryRestHandlerMapping   : Mapped "{[/{repository}/{id}],methods=[OPTIONS],produces=[application/hal+json || application/json]}" onto public org.springframework.http.ResponseEntity<?> org.springframework.data.rest.webmvc.RepositoryEntityController.optionsForItemResource(org.springframework.data.rest.webmvc.RootResourceInformation)
2018-03-31 21:08:24.744  INFO 16041 --- [           main] o.s.d.r.w.RepositoryRestHandlerMapping   : Mapped "{[/{repository}/{id}],methods=[HEAD],produces=[application/hal+json || application/json]}" onto public org.springframework.http.ResponseEntity<?> org.springframework.data.rest.webmvc.RepositoryEntityController.headForItemResource(org.springframework.data.rest.webmvc.RootResourceInformation,java.io.Serializable,org.springframework.data.rest.webmvc.PersistentEntityResourceAssembler) throws org.springframework.web.HttpRequestMethodNotSupportedException
2018-03-31 21:08:24.745  INFO 16041 --- [           main] o.s.d.r.w.RepositoryRestHandlerMapping   : Mapped "{[/{repository}/{id}],methods=[GET],produces=[application/hal+json || application/json]}" onto public org.springframework.http.ResponseEntity<org.springframework.hateoas.Resource<?>> org.springframework.data.rest.webmvc.RepositoryEntityController.getItemResource(org.springframework.data.rest.webmvc.RootResourceInformation,java.io.Serializable,org.springframework.data.rest.webmvc.PersistentEntityResourceAssembler,org.springframework.http.HttpHeaders) throws org.springframework.web.HttpRequestMethodNotSupportedException
2018-03-31 21:08:24.745  INFO 16041 --- [           main] o.s.d.r.w.RepositoryRestHandlerMapping   : Mapped "{[/{repository}/{id}],methods=[PUT],produces=[application/hal+json || application/json]}" onto public org.springframework.http.ResponseEntity<? extends org.springframework.hateoas.ResourceSupport> org.springframework.data.rest.webmvc.RepositoryEntityController.putItemResource(org.springframework.data.rest.webmvc.RootResourceInformation,org.springframework.data.rest.webmvc.PersistentEntityResource,java.io.Serializable,org.springframework.data.rest.webmvc.PersistentEntityResourceAssembler,org.springframework.data.rest.webmvc.support.ETag,java.lang.String) throws org.springframework.web.HttpRequestMethodNotSupportedException
2018-03-31 21:08:24.745  INFO 16041 --- [           main] o.s.d.r.w.RepositoryRestHandlerMapping   : Mapped "{[/{repository}/{id}],methods=[PATCH],produces=[application/hal+json || application/json]}" onto public org.springframework.http.ResponseEntity<org.springframework.hateoas.ResourceSupport> org.springframework.data.rest.webmvc.RepositoryEntityController.patchItemResource(org.springframework.data.rest.webmvc.RootResourceInformation,org.springframework.data.rest.webmvc.PersistentEntityResource,java.io.Serializable,org.springframework.data.rest.webmvc.PersistentEntityResourceAssembler,org.springframework.data.rest.webmvc.support.ETag,java.lang.String) throws org.springframework.web.HttpRequestMethodNotSupportedException,org.springframework.data.rest.webmvc.ResourceNotFoundException
2018-03-31 21:08:24.745  INFO 16041 --- [           main] o.s.d.r.w.RepositoryRestHandlerMapping   : Mapped "{[/{repository}/{id}],methods=[DELETE],produces=[application/hal+json || application/json]}" onto public org.springframework.http.ResponseEntity<?> org.springframework.data.rest.webmvc.RepositoryEntityController.deleteItemResource(org.springframework.data.rest.webmvc.RootResourceInformation,java.io.Serializable,org.springframework.data.rest.webmvc.support.ETag) throws org.springframework.data.rest.webmvc.ResourceNotFoundException,org.springframework.web.HttpRequestMethodNotSupportedException
2018-03-31 21:08:24.748  INFO 16041 --- [           main] o.s.d.r.w.BasePathAwareHandlerMapping    : Mapped "{[/profile/{repository}],methods=[OPTIONS],produces=[application/alps+json]}" onto org.springframework.http.HttpEntity<?> org.springframework.data.rest.webmvc.alps.AlpsController.alpsOptions()
2018-03-31 21:08:24.748  INFO 16041 --- [           main] o.s.d.r.w.BasePathAwareHandlerMapping    : Mapped "{[/profile/{repository}],methods=[GET],produces=[application/alps+json || */*]}" onto org.springframework.http.HttpEntity<org.springframework.data.rest.webmvc.RootResourceInformation> org.springframework.data.rest.webmvc.alps.AlpsController.descriptor(org.springframework.data.rest.webmvc.RootResourceInformation)
2018-03-31 21:08:24.748  INFO 16041 --- [           main] o.s.d.r.w.BasePathAwareHandlerMapping    : Mapped "{[/profile/{repository}],methods=[GET],produces=[application/schema+json]}" onto public org.springframework.http.HttpEntity<org.springframework.data.rest.webmvc.json.JsonSchema> org.springframework.data.rest.webmvc.RepositorySchemaController.schema(org.springframework.data.rest.webmvc.RootResourceInformation)
2018-03-31 21:08:24.749  INFO 16041 --- [           main] o.s.d.r.w.BasePathAwareHandlerMapping    : Mapped "{[/profile],methods=[OPTIONS]}" onto public org.springframework.http.HttpEntity<?> org.springframework.data.rest.webmvc.ProfileController.profileOptions()
2018-03-31 21:08:24.749  INFO 16041 --- [           main] o.s.d.r.w.BasePathAwareHandlerMapping    : Mapped "{[/profile],methods=[GET]}" onto org.springframework.http.HttpEntity<org.springframework.hateoas.ResourceSupport> org.springframework.data.rest.webmvc.ProfileController.listAllFormsOfMetadata()
2018-03-31 21:08:24.912  INFO 16041 --- [           main] o.h.h.i.QueryTranslatorFactoryInitiator  : HHH000397: Using ASTQueryTranslatorFactory
2018-03-31 21:08:25.004  INFO 16041 --- [           main] edu.harvard.h2ms.web.init.OAuthTest      : Started OAuthTest in 2.573 seconds (JVM running for 28.488)
2018-03-31 21:08:25.009  INFO 16041 --- [           main] o.s.b.t.m.w.SpringBootMockServletContext : Initializing Spring FrameworkServlet ''
2018-03-31 21:08:25.009  INFO 16041 --- [           main] o.s.t.web.servlet.TestDispatcherServlet  : FrameworkServlet '': initialization started
2018-03-31 21:08:25.017  INFO 16041 --- [           main] o.s.t.web.servlet.TestDispatcherServlet  : FrameworkServlet '': initialization completed in 8 ms
76988cc2-daa7-4a43-9842-3bf9a109a560
2018-03-31 21:08:25.221  INFO 16041 --- [           main] o.s.w.c.s.GenericWebApplicationContext   : Closing org.springframework.web.context.support.GenericWebApplicationContext@747348f1: startup date [Sat Mar 31 21:08:22 EDT 2018]; root of context hierarchy
2018-03-31 21:08:25.227  INFO 16041 --- [           main] j.LocalContainerEntityManagerFactoryBean : Closing JPA EntityManagerFactory for persistence unit 'default'
2018-03-31 21:08:25.228  INFO 16041 --- [           main] org.hibernate.tool.hbm2ddl.SchemaExport  : HHH000227: Running hbm2ddl schema export
2018-03-31 21:08:25.232  INFO 16041 --- [           main] org.hibernate.tool.hbm2ddl.SchemaExport  : HHH000230: Schema export complete
Tests run: 2, Failures: 0, Errors: 0, Skipped: 0, Time elapsed: 5.803 sec - in edu.harvard.h2ms.web.init.OAuthTest
Running edu.harvard.h2ms.web.init.H2MSRestAppInitializerTests
2018-03-31 21:08:25.234  INFO 16041 --- [           main] .b.t.c.SpringBootTestContextBootstrapper : Neither @ContextConfiguration nor @ContextHierarchy found for test class [edu.harvard.h2ms.web.init.H2MSRestAppInitializerTests], using SpringBootContextLoader
2018-03-31 21:08:25.235  INFO 16041 --- [           main] o.s.t.c.support.AbstractContextLoader    : Could not detect default resource locations for test class [edu.harvard.h2ms.web.init.H2MSRestAppInitializerTests]: no resource found for suffixes {-context.xml, Context.groovy}.
2018-03-31 21:08:25.235  INFO 16041 --- [           main] t.c.s.AnnotationConfigContextLoaderUtils : Could not detect default configuration classes for test class [edu.harvard.h2ms.web.init.H2MSRestAppInitializerTests]: H2MSRestAppInitializerTests does not declare any static, non-private, non-final, nested classes annotated with @Configuration.
2018-03-31 21:08:25.239  INFO 16041 --- [           main] .b.t.c.SpringBootTestContextBootstrapper : Found @SpringBootConfiguration edu.harvard.h2ms.H2MSRestAppInitializer for test class edu.harvard.h2ms.web.init.H2MSRestAppInitializerTests
2018-03-31 21:08:25.240  INFO 16041 --- [           main] .b.t.c.SpringBootTestContextBootstrapper : Loaded default TestExecutionListener class names from location [META-INF/spring.factories]: [org.springframework.boot.test.mock.mockito.MockitoTestExecutionListener, org.springframework.boot.test.mock.mockito.ResetMocksTestExecutionListener, org.springframework.boot.test.autoconfigure.restdocs.RestDocsTestExecutionListener, org.springframework.boot.test.autoconfigure.web.client.MockRestServiceServerResetTestExecutionListener, org.springframework.boot.test.autoconfigure.web.servlet.MockMvcPrintOnlyOnFailureTestExecutionListener, org.springframework.boot.test.autoconfigure.web.servlet.WebDriverTestExecutionListener, org.springframework.test.context.web.ServletTestExecutionListener, org.springframework.test.context.support.DirtiesContextBeforeModesTestExecutionListener, org.springframework.test.context.support.DependencyInjectionTestExecutionListener, org.springframework.test.context.support.DirtiesContextTestExecutionListener, org.springframework.test.context.transaction.TransactionalTestExecutionListener, org.springframework.test.context.jdbc.SqlScriptsTestExecutionListener, org.springframework.security.test.context.support.WithSecurityContextTestExecutionListener]
2018-03-31 21:08:25.243  INFO 16041 --- [           main] .b.t.c.SpringBootTestContextBootstrapper : Using TestExecutionListeners: [org.springframework.test.context.web.ServletTestExecutionListener@5c7744f0, org.springframework.test.context.support.DirtiesContextBeforeModesTestExecutionListener@6bc2903b, org.springframework.boot.test.autoconfigure.SpringBootDependencyInjectionTestExecutionListener@7e4c3f5b, org.springframework.test.context.support.DirtiesContextTestExecutionListener@75ff2d79, org.springframework.test.context.transaction.TransactionalTestExecutionListener@1349a7f2, org.springframework.test.context.jdbc.SqlScriptsTestExecutionListener@6c75aee8, org.springframework.security.test.context.support.WithSecurityContextTestExecutionListener@73dcf2da, org.springframework.boot.test.mock.mockito.MockitoTestExecutionListener@7f448d3d, org.springframework.boot.test.mock.mockito.ResetMocksTestExecutionListener@216cc310, org.springframework.boot.test.autoconfigure.restdocs.RestDocsTestExecutionListener@60af2b3b, org.springframework.boot.test.autoconfigure.web.client.MockRestServiceServerResetTestExecutionListener@74715fd6, org.springframework.boot.test.autoconfigure.web.servlet.MockMvcPrintOnlyOnFailureTestExecutionListener@2f071900, org.springframework.boot.test.autoconfigure.web.servlet.WebDriverTestExecutionListener@68342bb3]

  .   ____          _            __ _ _
 /\\ / ___'_ __ _ _(_)_ __  __ _ \ \ \ \
( ( )\___ | '_ | '_| | '_ \/ _` | \ \ \ \
 \\/  ___)| |_)| | | | | || (_| |  ) ) ) )
  '  |____| .__|_| |_|_| |_\__, | / / / /
 =========|_|==============|___/=/_/_/_/
 :: Spring Boot ::       (v1.5.10.RELEASE)

2018-03-31 21:08:25.306  INFO 16041 --- [           main] e.h.h.w.i.H2MSRestAppInitializerTests    : Starting H2MSRestAppInitializerTests on ancient.bitbin.de with PID 16041 (started by stbenjam in /home/stbenjam/git/h2ms)
2018-03-31 21:08:25.307  INFO 16041 --- [           main] e.h.h.w.i.H2MSRestAppInitializerTests    : No active profile set, falling back to default profiles: default
2018-03-31 21:08:25.310  INFO 16041 --- [           main] o.s.w.c.s.GenericWebApplicationContext   : Refreshing org.springframework.web.context.support.GenericWebApplicationContext@5157d57c: startup date [Sat Mar 31 21:08:25 EDT 2018]; root of context hierarchy
2018-03-31 21:08:25.353  INFO 16041 --- [           main] o.s.c.a.ConfigurationClassParser         : Properties location [classpath:mailserver.properties] not resolvable: class path resource [mailserver.properties] cannot be opened because it does not exist
2018-03-31 21:08:25.495  INFO 16041 --- [           main] o.s.b.f.s.DefaultListableBeanFactory     : Overriding bean definition for bean 'httpRequestHandlerAdapter' with a different definition: replacing [Root bean: class [null]; scope=; abstract=false; lazyInit=false; autowireMode=3; dependencyCheck=0; autowireCandidate=true; primary=false; factoryBeanName=org.springframework.boot.autoconfigure.web.WebMvcAutoConfiguration$EnableWebMvcConfiguration; factoryMethodName=httpRequestHandlerAdapter; initMethodName=null; destroyMethodName=(inferred); defined in class path resource [org/springframework/boot/autoconfigure/web/WebMvcAutoConfiguration$EnableWebMvcConfiguration.class]] with [Root bean: class [null]; scope=; abstract=false; lazyInit=false; autowireMode=3; dependencyCheck=0; autowireCandidate=true; primary=false; factoryBeanName=org.springframework.data.rest.webmvc.config.RepositoryRestMvcConfiguration; factoryMethodName=httpRequestHandlerAdapter; initMethodName=null; destroyMethodName=(inferred); defined in class path resource [org/springframework/data/rest/webmvc/config/RepositoryRestMvcConfiguration.class]]
2018-03-31 21:08:25.603  INFO 16041 --- [           main] trationDelegate$BeanPostProcessorChecker : Bean 'org.springframework.transaction.annotation.ProxyTransactionManagementConfiguration' of type [org.springframework.transaction.annotation.ProxyTransactionManagementConfiguration$$EnhancerBySpringCGLIB$$225ecc1d] is not eligible for getting processed by all BeanPostProcessors (for example: not eligible for auto-proxying)
2018-03-31 21:08:25.613  INFO 16041 --- [           main] trationDelegate$BeanPostProcessorChecker : Bean 'org.springframework.security.config.annotation.configuration.ObjectPostProcessorConfiguration' of type [org.springframework.security.config.annotation.configuration.ObjectPostProcessorConfiguration$$EnhancerBySpringCGLIB$$bb0c9457] is not eligible for getting processed by all BeanPostProcessors (for example: not eligible for auto-proxying)
2018-03-31 21:08:25.617  INFO 16041 --- [           main] trationDelegate$BeanPostProcessorChecker : Bean 'objectPostProcessor' of type [org.springframework.security.config.annotation.configuration.AutowireBeanFactoryObjectPostProcessor] is not eligible for getting processed by all BeanPostProcessors (for example: not eligible for auto-proxying)
2018-03-31 21:08:25.618  INFO 16041 --- [           main] trationDelegate$BeanPostProcessorChecker : Bean 'org.springframework.security.access.expression.method.DefaultMethodSecurityExpressionHandler@d9d2c3e' of type [org.springframework.security.oauth2.provider.expression.OAuth2MethodSecurityExpressionHandler] is not eligible for getting processed by all BeanPostProcessors (for example: not eligible for auto-proxying)
2018-03-31 21:08:25.627  INFO 16041 --- [           main] trationDelegate$BeanPostProcessorChecker : Bean 'org.springframework.security.config.annotation.method.configuration.GlobalMethodSecurityConfiguration' of type [org.springframework.security.config.annotation.method.configuration.GlobalMethodSecurityConfiguration$$EnhancerBySpringCGLIB$$dfe13709] is not eligible for getting processed by all BeanPostProcessors (for example: not eligible for auto-proxying)
2018-03-31 21:08:25.628  INFO 16041 --- [           main] trationDelegate$BeanPostProcessorChecker : Bean 'methodSecurityMetadataSource' of type [org.springframework.security.access.method.DelegatingMethodSecurityMetadataSource] is not eligible for getting processed by all BeanPostProcessors (for example: not eligible for auto-proxying)
2018-03-31 21:08:25.654  INFO 16041 --- [           main] trationDelegate$BeanPostProcessorChecker : Bean 'security.oauth2.client-org.springframework.boot.autoconfigure.security.oauth2.OAuth2ClientProperties' of type [org.springframework.boot.autoconfigure.security.oauth2.OAuth2ClientProperties] is not eligible for getting processed by all BeanPostProcessors (for example: not eligible for auto-proxying)
2018-03-31 21:08:25.658  INFO 16041 --- [           main] trationDelegate$BeanPostProcessorChecker : Bean 'org.springframework.boot.autoconfigure.security.oauth2.OAuth2AutoConfiguration' of type [org.springframework.boot.autoconfigure.security.oauth2.OAuth2AutoConfiguration$$EnhancerBySpringCGLIB$$d9a8881d] is not eligible for getting processed by all BeanPostProcessors (for example: not eligible for auto-proxying)
2018-03-31 21:08:25.664  INFO 16041 --- [           main] trationDelegate$BeanPostProcessorChecker : Bean 'resourceServerProperties' of type [org.springframework.boot.autoconfigure.security.oauth2.resource.ResourceServerProperties] is not eligible for getting processed by all BeanPostProcessors (for example: not eligible for auto-proxying)
2018-03-31 21:08:25.822  INFO 16041 --- [           main] j.LocalContainerEntityManagerFactoryBean : Building JPA container EntityManagerFactory for persistence unit 'default'
2018-03-31 21:08:25.823  INFO 16041 --- [           main] o.hibernate.jpa.internal.util.LogHelper  : HHH000204: Processing PersistenceUnitInfo [
	name: default
	...]
2018-03-31 21:08:25.827  INFO 16041 --- [           main] org.hibernate.dialect.Dialect            : HHH000400: Using dialect: org.hibernate.dialect.H2Dialect
2018-03-31 21:08:25.893  INFO 16041 --- [           main] org.hibernate.tool.hbm2ddl.SchemaExport  : HHH000227: Running hbm2ddl schema export
2018-03-31 21:08:25.905  INFO 16041 --- [           main] org.hibernate.tool.hbm2ddl.SchemaExport  : HHH000230: Schema export complete
2018-03-31 21:08:25.912  WARN 16041 --- [           main] o.h.j.i.EntityManagerFactoryRegistry     : HHH000436: Entity manager factory name (default) is already registered.  If entity manager will be clustered or passivated, specify a unique value for property 'hibernate.ejb.entitymanager_factory_name'
2018-03-31 21:08:25.912  INFO 16041 --- [           main] j.LocalContainerEntityManagerFactoryBean : Initialized JPA EntityManagerFactory for persistence unit 'default'
2018-03-31 21:08:26.372  INFO 16041 --- [           main] .s.o.p.e.FrameworkEndpointHandlerMapping : Mapped "{[/oauth/authorize]}" onto public org.springframework.web.servlet.ModelAndView org.springframework.security.oauth2.provider.endpoint.AuthorizationEndpoint.authorize(java.util.Map<java.lang.String, java.lang.Object>,java.util.Map<java.lang.String, java.lang.String>,org.springframework.web.bind.support.SessionStatus,java.security.Principal)
2018-03-31 21:08:26.372  INFO 16041 --- [           main] .s.o.p.e.FrameworkEndpointHandlerMapping : Mapped "{[/oauth/authorize],methods=[POST],params=[user_oauth_approval]}" onto public org.springframework.web.servlet.View org.springframework.security.oauth2.provider.endpoint.AuthorizationEndpoint.approveOrDeny(java.util.Map<java.lang.String, java.lang.String>,java.util.Map<java.lang.String, ?>,org.springframework.web.bind.support.SessionStatus,java.security.Principal)
2018-03-31 21:08:26.372  INFO 16041 --- [           main] .s.o.p.e.FrameworkEndpointHandlerMapping : Mapped "{[/oauth/token],methods=[GET]}" onto public org.springframework.http.ResponseEntity<org.springframework.security.oauth2.common.OAuth2AccessToken> org.springframework.security.oauth2.provider.endpoint.TokenEndpoint.getAccessToken(java.security.Principal,java.util.Map<java.lang.String, java.lang.String>) throws org.springframework.web.HttpRequestMethodNotSupportedException
2018-03-31 21:08:26.373  INFO 16041 --- [           main] .s.o.p.e.FrameworkEndpointHandlerMapping : Mapped "{[/oauth/token],methods=[POST]}" onto public org.springframework.http.ResponseEntity<org.springframework.security.oauth2.common.OAuth2AccessToken> org.springframework.security.oauth2.provider.endpoint.TokenEndpoint.postAccessToken(java.security.Principal,java.util.Map<java.lang.String, java.lang.String>) throws org.springframework.web.HttpRequestMethodNotSupportedException
2018-03-31 21:08:26.373  INFO 16041 --- [           main] .s.o.p.e.FrameworkEndpointHandlerMapping : Mapped "{[/oauth/check_token]}" onto public java.util.Map<java.lang.String, ?> org.springframework.security.oauth2.provider.endpoint.CheckTokenEndpoint.checkToken(java.lang.String)
2018-03-31 21:08:26.373  INFO 16041 --- [           main] .s.o.p.e.FrameworkEndpointHandlerMapping : Mapped "{[/oauth/confirm_access]}" onto public org.springframework.web.servlet.ModelAndView org.springframework.security.oauth2.provider.endpoint.WhitelabelApprovalEndpoint.getAccessConfirmation(java.util.Map<java.lang.String, java.lang.Object>,javax.servlet.http.HttpServletRequest) throws java.lang.Exception
2018-03-31 21:08:26.373  INFO 16041 --- [           main] .s.o.p.e.FrameworkEndpointHandlerMapping : Mapped "{[/oauth/error]}" onto public org.springframework.web.servlet.ModelAndView org.springframework.security.oauth2.provider.endpoint.WhitelabelErrorEndpoint.handleError(javax.servlet.http.HttpServletRequest)
2018-03-31 21:08:26.562  INFO 16041 --- [           main] o.s.s.web.DefaultSecurityFilterChain     : Creating filter chain: Ant [pattern='/'], []
2018-03-31 21:08:26.562  INFO 16041 --- [           main] o.s.s.web.DefaultSecurityFilterChain     : Creating filter chain: Ant [pattern='/login'], []
2018-03-31 21:08:26.562  INFO 16041 --- [           main] o.s.s.web.DefaultSecurityFilterChain     : Creating filter chain: Ant [pattern='/webjars/**'], []
2018-03-31 21:08:26.562  INFO 16041 --- [           main] o.s.s.web.DefaultSecurityFilterChain     : Creating filter chain: Ant [pattern='/api/passwords/**'], []
2018-03-31 21:08:26.562  INFO 16041 --- [           main] o.s.s.web.DefaultSecurityFilterChain     : Creating filter chain: Ant [pattern='/swagger-resources'], []
2018-03-31 21:08:26.562  INFO 16041 --- [           main] o.s.s.web.DefaultSecurityFilterChain     : Creating filter chain: Ant [pattern='/swagger-resources/**'], []
2018-03-31 21:08:26.562  INFO 16041 --- [           main] o.s.s.web.DefaultSecurityFilterChain     : Creating filter chain: Ant [pattern='/swagger-ui.html'], []
2018-03-31 21:08:26.562  INFO 16041 --- [           main] o.s.s.web.DefaultSecurityFilterChain     : Creating filter chain: Ant [pattern='/v2/api-docs'], []
2018-03-31 21:08:26.562  INFO 16041 --- [           main] o.s.s.web.DefaultSecurityFilterChain     : Creating filter chain: Ant [pattern='/**', OPTIONS], []
2018-03-31 21:08:26.614  INFO 16041 --- [           main] o.s.s.web.DefaultSecurityFilterChain     : Creating filter chain: OrRequestMatcher [requestMatchers=[Ant [pattern='/oauth/token'], Ant [pattern='/oauth/token_key'], Ant [pattern='/oauth/check_token']]], [org.springframework.security.web.context.request.async.WebAsyncManagerIntegrationFilter@14da7be4, org.springframework.security.web.context.SecurityContextPersistenceFilter@5020027c, org.springframework.security.web.header.HeaderWriterFilter@350fc25b, org.springframework.security.web.authentication.logout.LogoutFilter@460e17b8, org.springframework.security.web.authentication.www.BasicAuthenticationFilter@5d32abce, org.springframework.security.web.savedrequest.RequestCacheAwareFilter@d030dd3, org.springframework.security.web.servletapi.SecurityContextHolderAwareRequestFilter@46d50b32, org.springframework.security.web.authentication.AnonymousAuthenticationFilter@3204f493, org.springframework.security.web.session.SessionManagementFilter@1963270f, org.springframework.security.web.access.ExceptionTranslationFilter@5aa0fbd0, org.springframework.security.web.access.intercept.FilterSecurityInterceptor@90c4b53]
2018-03-31 21:08:26.622  INFO 16041 --- [           main] o.s.s.web.DefaultSecurityFilterChain     : Creating filter chain: org.springframework.security.oauth2.config.annotation.web.configuration.ResourceServerConfiguration$NotOAuthRequestMatcher@8161366, [org.springframework.security.web.context.request.async.WebAsyncManagerIntegrationFilter@5dfe144, org.springframework.security.web.context.SecurityContextPersistenceFilter@19a279cc, org.springframework.security.web.header.HeaderWriterFilter@408a0df, org.springframework.security.web.authentication.logout.LogoutFilter@1c2e1cf2, org.springframework.security.oauth2.provider.authentication.OAuth2AuthenticationProcessingFilter@3638a818, org.springframework.security.web.savedrequest.RequestCacheAwareFilter@260f6aef, org.springframework.security.web.servletapi.SecurityContextHolderAwareRequestFilter@674038a9, org.springframework.security.web.authentication.AnonymousAuthenticationFilter@1d5b2d04, org.springframework.security.web.session.SessionManagementFilter@15fdcd0e, org.springframework.security.web.access.ExceptionTranslationFilter@2ec23a05, org.springframework.security.web.access.intercept.FilterSecurityInterceptor@7b1d1c75]
2018-03-31 21:08:26.623  INFO 16041 --- [           main] o.s.s.web.DefaultSecurityFilterChain     : Creating filter chain: org.springframework.security.web.util.matcher.AnyRequestMatcher@1, [org.springframework.security.web.access.intercept.FilterSecurityInterceptor@35737e55]
2018-03-31 21:08:26.799  INFO 16041 --- [           main] s.w.s.m.m.a.RequestMappingHandlerAdapter : Looking for @ControllerAdvice: org.springframework.web.context.support.GenericWebApplicationContext@5157d57c: startup date [Sat Mar 31 21:08:25 EDT 2018]; root of context hierarchy
2018-03-31 21:08:26.825  INFO 16041 --- [           main] s.w.s.m.m.a.RequestMappingHandlerMapping : Mapped "{[/events/count/{timeframe}],methods=[GET]}" onto public org.springframework.http.ResponseEntity<?> edu.harvard.h2ms.web.controller.EventController.findEventCountByTimeframe(java.lang.String)
2018-03-31 21:08:26.825  INFO 16041 --- [           main] s.w.s.m.m.a.RequestMappingHandlerMapping : Mapped "{[/events/compliance/{questionId}/{timeframe}],methods=[GET]}" onto public org.springframework.http.ResponseEntity<?> edu.harvard.h2ms.web.controller.EventController.findComplianceByTimeframe(java.lang.String,java.lang.Long)
2018-03-31 21:08:26.825  INFO 16041 --- [           main] s.w.s.m.m.a.RequestMappingHandlerMapping : Mapped "{[/api/passwords/reset/{email:.+}],methods=[GET]}" onto public org.springframework.http.ResponseEntity<java.lang.Object> edu.harvard.h2ms.web.controller.PasswordController.getPasswordResetToken(java.lang.String)
2018-03-31 21:08:26.825  INFO 16041 --- [           main] s.w.s.m.m.a.RequestMappingHandlerMapping : Mapped "{[/api/passwords/reset/token],methods=[POST]}" onto public org.springframework.http.ResponseEntity<java.lang.Object> edu.harvard.h2ms.web.controller.PasswordController.resetPasswordViaToken(java.util.Map<java.lang.String, java.lang.String>)
2018-03-31 21:08:26.825  INFO 16041 --- [           main] s.w.s.m.m.a.RequestMappingHandlerMapping : Mapped "{[/users/avgWashed],methods=[GET]}" onto public java.util.Map<java.lang.String, java.lang.Double> edu.harvard.h2ms.web.controller.UserController.findAvgWashCompliance()
2018-03-31 21:08:26.826  INFO 16041 --- [           main] s.w.s.m.m.a.RequestMappingHandlerMapping : Mapped "{[/error],produces=[text/html]}" onto public org.springframework.web.servlet.ModelAndView org.springframework.boot.autoconfigure.web.BasicErrorController.errorHtml(javax.servlet.http.HttpServletRequest,javax.servlet.http.HttpServletResponse)
2018-03-31 21:08:26.827  INFO 16041 --- [           main] s.w.s.m.m.a.RequestMappingHandlerMapping : Mapped "{[/error]}" onto public org.springframework.http.ResponseEntity<java.util.Map<java.lang.String, java.lang.Object>> org.springframework.boot.autoconfigure.web.BasicErrorController.error(javax.servlet.http.HttpServletRequest)
2018-03-31 21:08:26.896  INFO 16041 --- [           main] o.s.w.s.handler.SimpleUrlHandlerMapping  : Mapped URL path [/webjars/**] onto handler of type [class org.springframework.web.servlet.resource.ResourceHttpRequestHandler]
2018-03-31 21:08:26.896  INFO 16041 --- [           main] o.s.w.s.handler.SimpleUrlHandlerMapping  : Mapped URL path [/**] onto handler of type [class org.springframework.web.servlet.resource.ResourceHttpRequestHandler]
2018-03-31 21:08:26.931  INFO 16041 --- [           main] .m.m.a.ExceptionHandlerExceptionResolver : Detected @ExceptionHandler methods in exceptionHandlingController
2018-03-31 21:08:26.931  INFO 16041 --- [           main] .m.m.a.ExceptionHandlerExceptionResolver : Detected @ExceptionHandler methods in repositoryRestExceptionHandler
2018-03-31 21:08:27.029  INFO 16041 --- [           main] o.s.w.s.handler.SimpleUrlHandlerMapping  : Mapped URL path [/**/favicon.ico] onto handler of type [class org.springframework.web.servlet.resource.ResourceHttpRequestHandler]
2018-03-31 21:08:27.050  WARN 16041 --- [           main] .t.AbstractTemplateResolverConfiguration : Cannot find template location: classpath:/templates/ (please add some templates or check your Thymeleaf configuration)
2018-03-31 21:08:27.142  INFO 16041 --- [           main] o.s.d.r.w.RepositoryRestHandlerAdapter   : Looking for @ControllerAdvice: org.springframework.web.context.support.GenericWebApplicationContext@5157d57c: startup date [Sat Mar 31 21:08:25 EDT 2018]; root of context hierarchy
2018-03-31 21:08:27.155  INFO 16041 --- [           main] o.s.d.r.w.RepositoryRestHandlerMapping   : Mapped "{[/{repository}/{id}/{property}],methods=[GET],produces=[application/hal+json || application/json]}" onto public org.springframework.http.ResponseEntity<org.springframework.hateoas.ResourceSupport> org.springframework.data.rest.webmvc.RepositoryPropertyReferenceController.followPropertyReference(org.springframework.data.rest.webmvc.RootResourceInformation,java.io.Serializable,java.lang.String,org.springframework.data.rest.webmvc.PersistentEntityResourceAssembler) throws java.lang.Exception
2018-03-31 21:08:27.155  INFO 16041 --- [           main] o.s.d.r.w.RepositoryRestHandlerMapping   : Mapped "{[/{repository}/{id}/{property}/{propertyId}],methods=[GET],produces=[application/hal+json || application/json]}" onto public org.springframework.http.ResponseEntity<org.springframework.hateoas.ResourceSupport> org.springframework.data.rest.webmvc.RepositoryPropertyReferenceController.followPropertyReference(org.springframework.data.rest.webmvc.RootResourceInformation,java.io.Serializable,java.lang.String,java.lang.String,org.springframework.data.rest.webmvc.PersistentEntityResourceAssembler) throws java.lang.Exception
2018-03-31 21:08:27.156  INFO 16041 --- [           main] o.s.d.r.w.RepositoryRestHandlerMapping   : Mapped "{[/{repository}/{id}/{property}],methods=[DELETE],produces=[application/hal+json || application/json]}" onto public org.springframework.http.ResponseEntity<? extends org.springframework.hateoas.ResourceSupport> org.springframework.data.rest.webmvc.RepositoryPropertyReferenceController.deletePropertyReference(org.springframework.data.rest.webmvc.RootResourceInformation,java.io.Serializable,java.lang.String) throws java.lang.Exception
2018-03-31 21:08:27.156  INFO 16041 --- [           main] o.s.d.r.w.RepositoryRestHandlerMapping   : Mapped "{[/{repository}/{id}/{property}],methods=[GET],produces=[application/x-spring-data-compact+json || text/uri-list]}" onto public org.springframework.http.ResponseEntity<org.springframework.hateoas.ResourceSupport> org.springframework.data.rest.webmvc.RepositoryPropertyReferenceController.followPropertyReferenceCompact(org.springframework.data.rest.webmvc.RootResourceInformation,java.io.Serializable,java.lang.String,org.springframework.data.rest.webmvc.PersistentEntityResourceAssembler) throws java.lang.Exception
2018-03-31 21:08:27.156  INFO 16041 --- [           main] o.s.d.r.w.RepositoryRestHandlerMapping   : Mapped "{[/{repository}/{id}/{property}],methods=[PATCH || PUT || POST],consumes=[application/json || application/x-spring-data-compact+json || text/uri-list],produces=[application/hal+json || application/json]}" onto public org.springframework.http.ResponseEntity<? extends org.springframework.hateoas.ResourceSupport> org.springframework.data.rest.webmvc.RepositoryPropertyReferenceController.createPropertyReference(org.springframework.data.rest.webmvc.RootResourceInformation,org.springframework.http.HttpMethod,org.springframework.hateoas.Resources<java.lang.Object>,java.io.Serializable,java.lang.String) throws java.lang.Exception
2018-03-31 21:08:27.156  INFO 16041 --- [           main] o.s.d.r.w.RepositoryRestHandlerMapping   : Mapped "{[/{repository}/{id}/{property}/{propertyId}],methods=[DELETE],produces=[application/hal+json || application/json]}" onto public org.springframework.http.ResponseEntity<org.springframework.hateoas.ResourceSupport> org.springframework.data.rest.webmvc.RepositoryPropertyReferenceController.deletePropertyReferenceId(org.springframework.data.rest.webmvc.RootResourceInformation,java.io.Serializable,java.lang.String,java.lang.String) throws java.lang.Exception
2018-03-31 21:08:27.158  INFO 16041 --- [           main] o.s.d.r.w.RepositoryRestHandlerMapping   : Mapped "{[/{repository}/search/{search}],methods=[GET],produces=[application/hal+json || application/json]}" onto public org.springframework.http.ResponseEntity<?> org.springframework.data.rest.webmvc.RepositorySearchController.executeSearch(org.springframework.data.rest.webmvc.RootResourceInformation,org.springframework.util.MultiValueMap<java.lang.String, java.lang.Object>,java.lang.String,org.springframework.data.rest.webmvc.support.DefaultedPageable,org.springframework.data.domain.Sort,org.springframework.data.rest.webmvc.PersistentEntityResourceAssembler,org.springframework.http.HttpHeaders)
2018-03-31 21:08:27.159  INFO 16041 --- [           main] o.s.d.r.w.RepositoryRestHandlerMapping   : Mapped "{[/{repository}/search],methods=[OPTIONS],produces=[application/hal+json || application/json]}" onto public org.springframework.http.HttpEntity<?> org.springframework.data.rest.webmvc.RepositorySearchController.optionsForSearches(org.springframework.data.rest.webmvc.RootResourceInformation)
2018-03-31 21:08:27.160  INFO 16041 --- [           main] o.s.d.r.w.RepositoryRestHandlerMapping   : Mapped "{[/{repository}/search/{search}],methods=[GET],produces=[application/x-spring-data-compact+json]}" onto public org.springframework.hateoas.ResourceSupport org.springframework.data.rest.webmvc.RepositorySearchController.executeSearchCompact(org.springframework.data.rest.webmvc.RootResourceInformation,org.springframework.http.HttpHeaders,org.springframework.util.MultiValueMap<java.lang.String, java.lang.Object>,java.lang.String,java.lang.String,org.springframework.data.rest.webmvc.support.DefaultedPageable,org.springframework.data.domain.Sort,org.springframework.data.rest.webmvc.PersistentEntityResourceAssembler)
2018-03-31 21:08:27.161  INFO 16041 --- [           main] o.s.d.r.w.RepositoryRestHandlerMapping   : Mapped "{[/{repository}/search/{search}],methods=[OPTIONS],produces=[application/hal+json || application/json]}" onto public org.springframework.http.ResponseEntity<java.lang.Object> org.springframework.data.rest.webmvc.RepositorySearchController.optionsForSearch(org.springframework.data.rest.webmvc.RootResourceInformation,java.lang.String)
2018-03-31 21:08:27.162  INFO 16041 --- [           main] o.s.d.r.w.RepositoryRestHandlerMapping   : Mapped "{[/{repository}/search/{search}],methods=[HEAD],produces=[application/hal+json || application/json]}" onto public org.springframework.http.ResponseEntity<java.lang.Object> org.springframework.data.rest.webmvc.RepositorySearchController.headForSearch(org.springframework.data.rest.webmvc.RootResourceInformation,java.lang.String)
2018-03-31 21:08:27.163  INFO 16041 --- [           main] o.s.d.r.w.RepositoryRestHandlerMapping   : Mapped "{[/{repository}/search],methods=[GET],produces=[application/hal+json || application/json]}" onto public org.springframework.data.rest.webmvc.RepositorySearchesResource org.springframework.data.rest.webmvc.RepositorySearchController.listSearches(org.springframework.data.rest.webmvc.RootResourceInformation)
2018-03-31 21:08:27.164  INFO 16041 --- [           main] o.s.d.r.w.RepositoryRestHandlerMapping   : Mapped "{[/{repository}/search],methods=[HEAD],produces=[application/hal+json || application/json]}" onto public org.springframework.http.HttpEntity<?> org.springframework.data.rest.webmvc.RepositorySearchController.headForSearches(org.springframework.data.rest.webmvc.RootResourceInformation)
2018-03-31 21:08:27.164  INFO 16041 --- [           main] o.s.d.r.w.RepositoryRestHandlerMapping   : Mapped "{[/ || ],methods=[GET],produces=[application/hal+json || application/json]}" onto public org.springframework.http.HttpEntity<org.springframework.data.rest.webmvc.RepositoryLinksResource> org.springframework.data.rest.webmvc.RepositoryController.listRepositories()
2018-03-31 21:08:27.165  INFO 16041 --- [           main] o.s.d.r.w.RepositoryRestHandlerMapping   : Mapped "{[/ || ],methods=[OPTIONS],produces=[application/hal+json || application/json]}" onto public org.springframework.http.HttpEntity<?> org.springframework.data.rest.webmvc.RepositoryController.optionsForRepositories()
2018-03-31 21:08:27.165  INFO 16041 --- [           main] o.s.d.r.w.RepositoryRestHandlerMapping   : Mapped "{[/ || ],methods=[HEAD],produces=[application/hal+json || application/json]}" onto public org.springframework.http.ResponseEntity<?> org.springframework.data.rest.webmvc.RepositoryController.headForRepositories()
2018-03-31 21:08:27.165  INFO 16041 --- [           main] o.s.d.r.w.RepositoryRestHandlerMapping   : Mapped "{[/{repository}],methods=[OPTIONS],produces=[application/hal+json || application/json]}" onto public org.springframework.http.ResponseEntity<?> org.springframework.data.rest.webmvc.RepositoryEntityController.optionsForCollectionResource(org.springframework.data.rest.webmvc.RootResourceInformation)
2018-03-31 21:08:27.165  INFO 16041 --- [           main] o.s.d.r.w.RepositoryRestHandlerMapping   : Mapped "{[/{repository}],methods=[HEAD],produces=[application/hal+json || application/json]}" onto public org.springframework.http.ResponseEntity<?> org.springframework.data.rest.webmvc.RepositoryEntityController.headCollectionResource(org.springframework.data.rest.webmvc.RootResourceInformation,org.springframework.data.rest.webmvc.support.DefaultedPageable) throws org.springframework.web.HttpRequestMethodNotSupportedException
2018-03-31 21:08:27.165  INFO 16041 --- [           main] o.s.d.r.w.RepositoryRestHandlerMapping   : Mapped "{[/{repository}],methods=[GET],produces=[application/hal+json || application/json]}" onto public org.springframework.hateoas.Resources<?> org.springframework.data.rest.webmvc.RepositoryEntityController.getCollectionResource(org.springframework.data.rest.webmvc.RootResourceInformation,org.springframework.data.rest.webmvc.support.DefaultedPageable,org.springframework.data.domain.Sort,org.springframework.data.rest.webmvc.PersistentEntityResourceAssembler) throws org.springframework.data.rest.webmvc.ResourceNotFoundException,org.springframework.web.HttpRequestMethodNotSupportedException
2018-03-31 21:08:27.165  INFO 16041 --- [           main] o.s.d.r.w.RepositoryRestHandlerMapping   : Mapped "{[/{repository}],methods=[GET],produces=[application/x-spring-data-compact+json || text/uri-list]}" onto public org.springframework.hateoas.Resources<?> org.springframework.data.rest.webmvc.RepositoryEntityController.getCollectionResourceCompact(org.springframework.data.rest.webmvc.RootResourceInformation,org.springframework.data.rest.webmvc.support.DefaultedPageable,org.springframework.data.domain.Sort,org.springframework.data.rest.webmvc.PersistentEntityResourceAssembler) throws org.springframework.data.rest.webmvc.ResourceNotFoundException,org.springframework.web.HttpRequestMethodNotSupportedException
2018-03-31 21:08:27.166  INFO 16041 --- [           main] o.s.d.r.w.RepositoryRestHandlerMapping   : Mapped "{[/{repository}],methods=[POST],produces=[application/hal+json || application/json]}" onto public org.springframework.http.ResponseEntity<org.springframework.hateoas.ResourceSupport> org.springframework.data.rest.webmvc.RepositoryEntityController.postCollectionResource(org.springframework.data.rest.webmvc.RootResourceInformation,org.springframework.data.rest.webmvc.PersistentEntityResource,org.springframework.data.rest.webmvc.PersistentEntityResourceAssembler,java.lang.String) throws org.springframework.web.HttpRequestMethodNotSupportedException
2018-03-31 21:08:27.166  INFO 16041 --- [           main] o.s.d.r.w.RepositoryRestHandlerMapping   : Mapped "{[/{repository}/{id}],methods=[OPTIONS],produces=[application/hal+json || application/json]}" onto public org.springframework.http.ResponseEntity<?> org.springframework.data.rest.webmvc.RepositoryEntityController.optionsForItemResource(org.springframework.data.rest.webmvc.RootResourceInformation)
2018-03-31 21:08:27.166  INFO 16041 --- [           main] o.s.d.r.w.RepositoryRestHandlerMapping   : Mapped "{[/{repository}/{id}],methods=[HEAD],produces=[application/hal+json || application/json]}" onto public org.springframework.http.ResponseEntity<?> org.springframework.data.rest.webmvc.RepositoryEntityController.headForItemResource(org.springframework.data.rest.webmvc.RootResourceInformation,java.io.Serializable,org.springframework.data.rest.webmvc.PersistentEntityResourceAssembler) throws org.springframework.web.HttpRequestMethodNotSupportedException
2018-03-31 21:08:27.166  INFO 16041 --- [           main] o.s.d.r.w.RepositoryRestHandlerMapping   : Mapped "{[/{repository}/{id}],methods=[GET],produces=[application/hal+json || application/json]}" onto public org.springframework.http.ResponseEntity<org.springframework.hateoas.Resource<?>> org.springframework.data.rest.webmvc.RepositoryEntityController.getItemResource(org.springframework.data.rest.webmvc.RootResourceInformation,java.io.Serializable,org.springframework.data.rest.webmvc.PersistentEntityResourceAssembler,org.springframework.http.HttpHeaders) throws org.springframework.web.HttpRequestMethodNotSupportedException
2018-03-31 21:08:27.166  INFO 16041 --- [           main] o.s.d.r.w.RepositoryRestHandlerMapping   : Mapped "{[/{repository}/{id}],methods=[PUT],produces=[application/hal+json || application/json]}" onto public org.springframework.http.ResponseEntity<? extends org.springframework.hateoas.ResourceSupport> org.springframework.data.rest.webmvc.RepositoryEntityController.putItemResource(org.springframework.data.rest.webmvc.RootResourceInformation,org.springframework.data.rest.webmvc.PersistentEntityResource,java.io.Serializable,org.springframework.data.rest.webmvc.PersistentEntityResourceAssembler,org.springframework.data.rest.webmvc.support.ETag,java.lang.String) throws org.springframework.web.HttpRequestMethodNotSupportedException
2018-03-31 21:08:27.166  INFO 16041 --- [           main] o.s.d.r.w.RepositoryRestHandlerMapping   : Mapped "{[/{repository}/{id}],methods=[PATCH],produces=[application/hal+json || application/json]}" onto public org.springframework.http.ResponseEntity<org.springframework.hateoas.ResourceSupport> org.springframework.data.rest.webmvc.RepositoryEntityController.patchItemResource(org.springframework.data.rest.webmvc.RootResourceInformation,org.springframework.data.rest.webmvc.PersistentEntityResource,java.io.Serializable,org.springframework.data.rest.webmvc.PersistentEntityResourceAssembler,org.springframework.data.rest.webmvc.support.ETag,java.lang.String) throws org.springframework.web.HttpRequestMethodNotSupportedException,org.springframework.data.rest.webmvc.ResourceNotFoundException
2018-03-31 21:08:27.166  INFO 16041 --- [           main] o.s.d.r.w.RepositoryRestHandlerMapping   : Mapped "{[/{repository}/{id}],methods=[DELETE],produces=[application/hal+json || application/json]}" onto public org.springframework.http.ResponseEntity<?> org.springframework.data.rest.webmvc.RepositoryEntityController.deleteItemResource(org.springframework.data.rest.webmvc.RootResourceInformation,java.io.Serializable,org.springframework.data.rest.webmvc.support.ETag) throws org.springframework.data.rest.webmvc.ResourceNotFoundException,org.springframework.web.HttpRequestMethodNotSupportedException
2018-03-31 21:08:27.168  INFO 16041 --- [           main] o.s.d.r.w.BasePathAwareHandlerMapping    : Mapped "{[/profile/{repository}],methods=[OPTIONS],produces=[application/alps+json]}" onto org.springframework.http.HttpEntity<?> org.springframework.data.rest.webmvc.alps.AlpsController.alpsOptions()
2018-03-31 21:08:27.168  INFO 16041 --- [           main] o.s.d.r.w.BasePathAwareHandlerMapping    : Mapped "{[/profile/{repository}],methods=[GET],produces=[application/alps+json || */*]}" onto org.springframework.http.HttpEntity<org.springframework.data.rest.webmvc.RootResourceInformation> org.springframework.data.rest.webmvc.alps.AlpsController.descriptor(org.springframework.data.rest.webmvc.RootResourceInformation)
2018-03-31 21:08:27.169  INFO 16041 --- [           main] o.s.d.r.w.BasePathAwareHandlerMapping    : Mapped "{[/profile/{repository}],methods=[GET],produces=[application/schema+json]}" onto public org.springframework.http.HttpEntity<org.springframework.data.rest.webmvc.json.JsonSchema> org.springframework.data.rest.webmvc.RepositorySchemaController.schema(org.springframework.data.rest.webmvc.RootResourceInformation)
2018-03-31 21:08:27.169  INFO 16041 --- [           main] o.s.d.r.w.BasePathAwareHandlerMapping    : Mapped "{[/profile],methods=[OPTIONS]}" onto public org.springframework.http.HttpEntity<?> org.springframework.data.rest.webmvc.ProfileController.profileOptions()
2018-03-31 21:08:27.169  INFO 16041 --- [           main] o.s.d.r.w.BasePathAwareHandlerMapping    : Mapped "{[/profile],methods=[GET]}" onto org.springframework.http.HttpEntity<org.springframework.hateoas.ResourceSupport> org.springframework.data.rest.webmvc.ProfileController.listAllFormsOfMetadata()
2018-03-31 21:08:27.327  INFO 16041 --- [           main] o.h.h.i.QueryTranslatorFactoryInitiator  : HHH000397: Using ASTQueryTranslatorFactory
2018-03-31 21:08:27.438  INFO 16041 --- [           main] e.h.h.w.i.H2MSRestAppInitializerTests    : Started H2MSRestAppInitializerTests in 2.192 seconds (JVM running for 30.923)
Tests run: 1, Failures: 0, Errors: 0, Skipped: 0, Time elapsed: 2.198 sec - in edu.harvard.h2ms.web.init.H2MSRestAppInitializerTests
Running edu.harvard.h2ms.common.H2msRestUtilsTests
2018-03-31 21:08:27.453  WARN 16041 --- [           main] e.h.h2ms.service.utils.H2msRestUtils     : There are 0 events to be grouped by timestamp.
Tests run: 82, Failures: 0, Errors: 0, Skipped: 0, Time elapsed: 0.036 sec - in edu.harvard.h2ms.common.H2msRestUtilsTests
2018-03-31 21:08:27.509  INFO 16041 --- [       Thread-4] o.s.c.support.GenericApplicationContext  : Closing org.springframework.context.support.GenericApplicationContext@8ac512e: startup date [Sat Mar 31 21:08:01 EDT 2018]; root of context hierarchy
2018-03-31 21:08:27.520  INFO 16041 --- [      Thread-26] o.s.w.c.s.GenericWebApplicationContext   : Closing org.springframework.web.context.support.GenericWebApplicationContext@5157d57c: startup date [Sat Mar 31 21:08:25 EDT 2018]; root of context hierarchy
2018-03-31 21:08:27.527  INFO 16041 --- [      Thread-26] j.LocalContainerEntityManagerFactoryBean : Closing JPA EntityManagerFactory for persistence unit 'default'
2018-03-31 21:08:27.527  INFO 16041 --- [      Thread-26] org.hibernate.tool.hbm2ddl.SchemaExport  : HHH000227: Running hbm2ddl schema export
2018-03-31 21:08:27.533  INFO 16041 --- [       Thread-2] s.c.a.AnnotationConfigApplicationContext : Closing org.springframework.context.annotation.AnnotationConfigApplicationContext@76884e4b: startup date [Sat Mar 31 21:07:58 EDT 2018]; root of context hierarchy
2018-03-31 21:08:27.534  INFO 16041 --- [       Thread-2] j.LocalContainerEntityManagerFactoryBean : Closing JPA EntityManagerFactory for persistence unit 'default'
2018-03-31 21:08:27.535  INFO 16041 --- [       Thread-2] org.hibernate.tool.hbm2ddl.SchemaExport  : HHH000227: Running hbm2ddl schema export
Hibernate: drop table answer if exists
Hibernate: drop table event if exists
Hibernate: drop table event_template if exists
Hibernate: drop table h2msrole if exists
Hibernate: drop table location if exists
Hibernate: drop table question if exists
Hibernate: drop table question_options if exists
2018-03-31 21:08:27.546  INFO 16041 --- [      Thread-26] org.hibernate.tool.hbm2ddl.SchemaExport  : HHH000230: Schema export complete
Hibernate: drop table reader if exists
Hibernate: drop table user_role if exists
Hibernate: drop table users if exists
Hibernate: drop table wrist_band if exists
2018-03-31 21:08:27.559  INFO 16041 --- [       Thread-2] org.hibernate.tool.hbm2ddl.SchemaExport  : HHH000230: Schema export complete

Results :

Tests in error: 
  EventControllerTests.test_Success_EventController_findComplianceByTimeframe:162 » NestedServlet

Tests run: 97, Failures: 0, Errors: 1, Skipped: 0

[INFO] ------------------------------------------------------------------------
[INFO] BUILD FAILURE
[INFO] ------------------------------------------------------------------------
[INFO] Total time: 34.105 s
[INFO] Finished at: 2018-03-31T21:08:27-04:00
[INFO] Final Memory: 35M/324M
[INFO] ------------------------------------------------------------------------
[ERROR] Failed to execute goal org.apache.maven.plugins:maven-surefire-plugin:2.18.1:test (default-test) on project h2ms: There are test failures.
[ERROR] 
[ERROR] Please refer to /home/stbenjam/git/h2ms/target/surefire-reports for the individual test results.
[ERROR] -> [Help 1]
[ERROR] 
[ERROR] To see the full stack trace of the errors, re-run Maven with the -e switch.
[ERROR] Re-run Maven using the -X switch to enable full debug logging.
[ERROR] 
[ERROR] For more information about the errors and possible solutions, please read the following articles:
[ERROR] [Help 1] http://cwiki.apache.org/confluence/display/MAVEN/MojoFailureException
/home/stbenjam/git/h2ms
[INFO] Scanning for projects...
[WARNING] 
[WARNING] Some problems were encountered while building the effective model for edu.harvard:h2ms:jar:0.0.1-SNAPSHOT
[WARNING] 'dependencies.dependency.(groupId:artifactId:type:classifier)' must be unique: org.postgresql:postgresql:jar -> version (?) vs 9.4-1206-jdbc42 @ line 139, column 21
[WARNING] 'dependencies.dependency.version' for com.vaadin.external.google:android-json:jar is either LATEST or RELEASE (both of them are being deprecated) @ line 164, column 22
[WARNING] 
[WARNING] It is highly recommended to fix these problems because they threaten the stability of your build.
[WARNING] 
[WARNING] For this reason, future Maven versions might no longer support building such malformed projects.
[WARNING] 
[INFO] 
[INFO] ------------------------------------------------------------------------
[INFO] Building h2ms 0.0.1-SNAPSHOT
[INFO] ------------------------------------------------------------------------
[INFO] 
[INFO] --- maven-resources-plugin:2.6:resources (default-resources) @ h2ms ---
[INFO] Using 'UTF-8' encoding to copy filtered resources.
[INFO] Copying 3 resources
[INFO] Copying 9 resources
[INFO] 
[INFO] --- maven-compiler-plugin:3.1:compile (default-compile) @ h2ms ---
[INFO] Nothing to compile - all classes are up to date
[INFO] 
[INFO] --- maven-resources-plugin:2.6:testResources (default-testResources) @ h2ms ---
[INFO] Using 'UTF-8' encoding to copy filtered resources.
[INFO] skip non existing resourceDirectory /home/stbenjam/git/h2ms/src/test/resources
[INFO] 
[INFO] --- maven-compiler-plugin:3.1:testCompile (default-testCompile) @ h2ms ---
[INFO] Changes detected - recompiling the module!
[INFO] Compiling 9 source files to /home/stbenjam/git/h2ms/target/test-classes
[WARNING] /home/stbenjam/git/h2ms/src/test/java/edu/harvard/h2ms/controllers/LocationControllerTests.java: Some input files use or override a deprecated API.
[WARNING] /home/stbenjam/git/h2ms/src/test/java/edu/harvard/h2ms/controllers/LocationControllerTests.java: Recompile with -Xlint:deprecation for details.
[INFO] 
[INFO] --- maven-surefire-plugin:2.18.1:test (default-test) @ h2ms ---
[INFO] Surefire report directory: /home/stbenjam/git/h2ms/target/surefire-reports

-------------------------------------------------------
 T E S T S
-------------------------------------------------------
21:09:26.355 [main] DEBUG org.springframework.test.context.junit4.SpringJUnit4ClassRunner - SpringJUnit4ClassRunner constructor called with [class edu.harvard.h2ms.service.LocationServiceTests]
21:09:26.360 [main] DEBUG org.springframework.test.context.BootstrapUtils - Instantiating CacheAwareContextLoaderDelegate from class [org.springframework.test.context.cache.DefaultCacheAwareContextLoaderDelegate]
21:09:26.368 [main] DEBUG org.springframework.test.context.BootstrapUtils - Instantiating BootstrapContext using constructor [public org.springframework.test.context.support.DefaultBootstrapContext(java.lang.Class,org.springframework.test.context.CacheAwareContextLoaderDelegate)]
21:09:26.383 [main] DEBUG org.springframework.test.context.BootstrapUtils - Instantiating TestContextBootstrapper for test class [edu.harvard.h2ms.service.LocationServiceTests] from class [org.springframework.boot.test.context.SpringBootTestContextBootstrapper]
21:09:26.435 [main] INFO org.springframework.boot.test.context.SpringBootTestContextBootstrapper - Neither @ContextConfiguration nor @ContextHierarchy found for test class [edu.harvard.h2ms.service.LocationServiceTests], using SpringBootContextLoader
21:09:26.442 [main] DEBUG org.springframework.test.context.support.AbstractContextLoader - Did not detect default resource location for test class [edu.harvard.h2ms.service.LocationServiceTests]: class path resource [edu/harvard/h2ms/service/LocationServiceTests-context.xml] does not exist
21:09:26.443 [main] DEBUG org.springframework.test.context.support.AbstractContextLoader - Did not detect default resource location for test class [edu.harvard.h2ms.service.LocationServiceTests]: class path resource [edu/harvard/h2ms/service/LocationServiceTestsContext.groovy] does not exist
21:09:26.443 [main] INFO org.springframework.test.context.support.AbstractContextLoader - Could not detect default resource locations for test class [edu.harvard.h2ms.service.LocationServiceTests]: no resource found for suffixes {-context.xml, Context.groovy}.
21:09:26.444 [main] INFO org.springframework.test.context.support.AnnotationConfigContextLoaderUtils - Could not detect default configuration classes for test class [edu.harvard.h2ms.service.LocationServiceTests]: LocationServiceTests does not declare any static, non-private, non-final, nested classes annotated with @Configuration.
21:09:26.537 [main] DEBUG org.springframework.test.context.support.ActiveProfilesUtils - Could not find an 'annotation declaring class' for annotation type [org.springframework.test.context.ActiveProfiles] and class [edu.harvard.h2ms.service.LocationServiceTests]
21:09:26.542 [main] DEBUG org.springframework.core.env.StandardEnvironment - Adding PropertySource 'systemProperties' with lowest search precedence
21:09:26.543 [main] DEBUG org.springframework.core.env.StandardEnvironment - Adding PropertySource 'systemEnvironment' with lowest search precedence
21:09:26.544 [main] DEBUG org.springframework.core.env.StandardEnvironment - Initialized StandardEnvironment with PropertySources [MapPropertySource@2011482127 {name='systemProperties', properties={java.runtime.name=OpenJDK Runtime Environment, sun.boot.library.path=/usr/lib/jvm/java-1.8.0-openjdk-1.8.0.161-0.b14.fc27.x86_64/jre/lib/amd64, java.vm.version=25.161-b14, java.vm.vendor=Oracle Corporation, java.vendor.url=http://java.oracle.com/, path.separator=:, java.vm.name=OpenJDK 64-Bit Server VM, file.encoding.pkg=sun.io, user.country=US, sun.java.launcher=SUN_STANDARD, sun.os.patch.level=unknown, java.vm.specification.name=Java Virtual Machine Specification, user.dir=/home/stbenjam/git/h2ms, java.runtime.version=1.8.0_161-b14, basedir=/home/stbenjam/git/h2ms, java.awt.graphicsenv=sun.awt.X11GraphicsEnvironment, java.endorsed.dirs=/usr/lib/jvm/java-1.8.0-openjdk-1.8.0.161-0.b14.fc27.x86_64/jre/lib/endorsed, os.arch=amd64, surefire.real.class.path=/home/stbenjam/git/h2ms/target/surefire/surefirebooter618343035117595110.jar, java.io.tmpdir=/tmp, line.separator=
, java.vm.specification.vendor=Oracle Corporation, os.name=Linux, sun.jnu.encoding=UTF-8, java.library.path=/usr/java/packages/lib/amd64:/usr/lib64:/lib64:/lib:/usr/lib, surefire.test.class.path=/home/stbenjam/git/h2ms/target/test-classes:/home/stbenjam/git/h2ms/target/classes:/home/stbenjam/.m2/repository/org/springframework/boot/spring-boot-starter-data-rest/1.5.10.RELEASE/spring-boot-starter-data-rest-1.5.10.RELEASE.jar:/home/stbenjam/.m2/repository/org/springframework/boot/spring-boot-starter/1.5.10.RELEASE/spring-boot-starter-1.5.10.RELEASE.jar:/home/stbenjam/.m2/repository/org/springframework/boot/spring-boot/1.5.10.RELEASE/spring-boot-1.5.10.RELEASE.jar:/home/stbenjam/.m2/repository/org/springframework/boot/spring-boot-autoconfigure/1.5.10.RELEASE/spring-boot-autoconfigure-1.5.10.RELEASE.jar:/home/stbenjam/.m2/repository/org/springframework/boot/spring-boot-starter-logging/1.5.10.RELEASE/spring-boot-starter-logging-1.5.10.RELEASE.jar:/home/stbenjam/.m2/repository/ch/qos/logback/logback-classic/1.1.11/logback-classic-1.1.11.jar:/home/stbenjam/.m2/repository/ch/qos/logback/logback-core/1.1.11/logback-core-1.1.11.jar:/home/stbenjam/.m2/repository/org/slf4j/jul-to-slf4j/1.7.25/jul-to-slf4j-1.7.25.jar:/home/stbenjam/.m2/repository/org/slf4j/log4j-over-slf4j/1.7.25/log4j-over-slf4j-1.7.25.jar:/home/stbenjam/.m2/repository/org/yaml/snakeyaml/1.17/snakeyaml-1.17.jar:/home/stbenjam/.m2/repository/com/fasterxml/jackson/core/jackson-annotations/2.8.0/jackson-annotations-2.8.0.jar:/home/stbenjam/.m2/repository/org/springframework/data/spring-data-rest-webmvc/2.6.10.RELEASE/spring-data-rest-webmvc-2.6.10.RELEASE.jar:/home/stbenjam/.m2/repository/org/springframework/data/spring-data-rest-core/2.6.10.RELEASE/spring-data-rest-core-2.6.10.RELEASE.jar:/home/stbenjam/.m2/repository/org/atteo/evo-inflector/1.2.2/evo-inflector-1.2.2.jar:/home/stbenjam/.m2/repository/org/slf4j/jcl-over-slf4j/1.7.25/jcl-over-slf4j-1.7.25.jar:/home/stbenjam/.m2/repository/org/springframework/boot/spring-boot-starter-web/1.5.10.RELEASE/spring-boot-starter-web-1.5.10.RELEASE.jar:/home/stbenjam/.m2/repository/org/springframework/boot/spring-boot-starter-tomcat/1.5.10.RELEASE/spring-boot-starter-tomcat-1.5.10.RELEASE.jar:/home/stbenjam/.m2/repository/org/apache/tomcat/embed/tomcat-embed-core/8.5.27/tomcat-embed-core-8.5.27.jar:/home/stbenjam/.m2/repository/org/apache/tomcat/tomcat-annotations-api/8.5.27/tomcat-annotations-api-8.5.27.jar:/home/stbenjam/.m2/repository/org/apache/tomcat/embed/tomcat-embed-el/8.5.27/tomcat-embed-el-8.5.27.jar:/home/stbenjam/.m2/repository/org/apache/tomcat/embed/tomcat-embed-websocket/8.5.27/tomcat-embed-websocket-8.5.27.jar:/home/stbenjam/.m2/repository/org/hibernate/hibernate-validator/5.3.6.Final/hibernate-validator-5.3.6.Final.jar:/home/stbenjam/.m2/repository/javax/validation/validation-api/1.1.0.Final/validation-api-1.1.0.Final.jar:/home/stbenjam/.m2/repository/org/jboss/logging/jboss-logging/3.3.1.Final/jboss-logging-3.3.1.Final.jar:/home/stbenjam/.m2/repository/org/springframework/spring-web/4.3.14.RELEASE/spring-web-4.3.14.RELEASE.jar:/home/stbenjam/.m2/repository/org/springframework/spring-webmvc/4.3.14.RELEASE/spring-webmvc-4.3.14.RELEASE.jar:/home/stbenjam/.m2/repository/org/springframework/spring-expression/4.3.14.RELEASE/spring-expression-4.3.14.RELEASE.jar:/home/stbenjam/.m2/repository/org/springframework/boot/spring-boot-starter-thymeleaf/1.5.10.RELEASE/spring-boot-starter-thymeleaf-1.5.10.RELEASE.jar:/home/stbenjam/.m2/repository/org/thymeleaf/thymeleaf-spring4/2.1.6.RELEASE/thymeleaf-spring4-2.1.6.RELEASE.jar:/home/stbenjam/.m2/repository/org/thymeleaf/thymeleaf/2.1.6.RELEASE/thymeleaf-2.1.6.RELEASE.jar:/home/stbenjam/.m2/repository/ognl/ognl/3.0.8/ognl-3.0.8.jar:/home/stbenjam/.m2/repository/org/unbescape/unbescape/1.1.0.RELEASE/unbescape-1.1.0.RELEASE.jar:/home/stbenjam/.m2/repository/nz/net/ultraq/thymeleaf/thymeleaf-layout-dialect/1.4.0/thymeleaf-layout-dialect-1.4.0.jar:/home/stbenjam/.m2/repository/org/codehaus/groovy/groovy/2.4.13/groovy-2.4.13.jar:/home/stbenjam/.m2/repository/org/springframework/boot/spring-boot-starter-test/1.5.10.RELEASE/spring-boot-starter-test-1.5.10.RELEASE.jar:/home/stbenjam/.m2/repository/org/springframework/boot/spring-boot-test/1.5.10.RELEASE/spring-boot-test-1.5.10.RELEASE.jar:/home/stbenjam/.m2/repository/org/springframework/boot/spring-boot-test-autoconfigure/1.5.10.RELEASE/spring-boot-test-autoconfigure-1.5.10.RELEASE.jar:/home/stbenjam/.m2/repository/com/jayway/jsonpath/json-path/2.2.0/json-path-2.2.0.jar:/home/stbenjam/.m2/repository/net/minidev/json-smart/2.2.1/json-smart-2.2.1.jar:/home/stbenjam/.m2/repository/net/minidev/accessors-smart/1.1/accessors-smart-1.1.jar:/home/stbenjam/.m2/repository/org/ow2/asm/asm/5.0.3/asm-5.0.3.jar:/home/stbenjam/.m2/repository/junit/junit/4.12/junit-4.12.jar:/home/stbenjam/.m2/repository/org/assertj/assertj-core/2.6.0/assertj-core-2.6.0.jar:/home/stbenjam/.m2/repository/org/mockito/mockito-core/1.10.19/mockito-core-1.10.19.jar:/home/stbenjam/.m2/repository/org/objenesis/objenesis/2.1/objenesis-2.1.jar:/home/stbenjam/.m2/repository/org/hamcrest/hamcrest-core/1.3/hamcrest-core-1.3.jar:/home/stbenjam/.m2/repository/org/hamcrest/hamcrest-library/1.3/hamcrest-library-1.3.jar:/home/stbenjam/.m2/repository/org/skyscreamer/jsonassert/1.4.0/jsonassert-1.4.0.jar:/home/stbenjam/.m2/repository/org/springframework/spring-core/4.3.14.RELEASE/spring-core-4.3.14.RELEASE.jar:/home/stbenjam/.m2/repository/org/springframework/spring-test/4.3.14.RELEASE/spring-test-4.3.14.RELEASE.jar:/home/stbenjam/.m2/repository/org/springframework/restdocs/spring-restdocs-mockmvc/1.1.3.RELEASE/spring-restdocs-mockmvc-1.1.3.RELEASE.jar:/home/stbenjam/.m2/repository/org/springframework/restdocs/spring-restdocs-core/1.1.3.RELEASE/spring-restdocs-core-1.1.3.RELEASE.jar:/home/stbenjam/.m2/repository/javax/servlet/javax.servlet-api/3.1.0/javax.servlet-api-3.1.0.jar:/home/stbenjam/.m2/repository/org/springframework/boot/spring-boot-starter-data-jpa/1.5.10.RELEASE/spring-boot-starter-data-jpa-1.5.10.RELEASE.jar:/home/stbenjam/.m2/repository/org/springframework/boot/spring-boot-starter-aop/1.5.10.RELEASE/spring-boot-starter-aop-1.5.10.RELEASE.jar:/home/stbenjam/.m2/repository/org/aspectj/aspectjweaver/1.8.13/aspectjweaver-1.8.13.jar:/home/stbenjam/.m2/repository/org/springframework/boot/spring-boot-starter-jdbc/1.5.10.RELEASE/spring-boot-starter-jdbc-1.5.10.RELEASE.jar:/home/stbenjam/.m2/repository/org/apache/tomcat/tomcat-jdbc/8.5.27/tomcat-jdbc-8.5.27.jar:/home/stbenjam/.m2/repository/org/apache/tomcat/tomcat-juli/8.5.27/tomcat-juli-8.5.27.jar:/home/stbenjam/.m2/repository/org/springframework/spring-jdbc/4.3.14.RELEASE/spring-jdbc-4.3.14.RELEASE.jar:/home/stbenjam/.m2/repository/org/hibernate/hibernate-core/5.0.12.Final/hibernate-core-5.0.12.Final.jar:/home/stbenjam/.m2/repository/org/hibernate/javax/persistence/hibernate-jpa-2.1-api/1.0.0.Final/hibernate-jpa-2.1-api-1.0.0.Final.jar:/home/stbenjam/.m2/repository/org/javassist/javassist/3.21.0-GA/javassist-3.21.0-GA.jar:/home/stbenjam/.m2/repository/antlr/antlr/2.7.7/antlr-2.7.7.jar:/home/stbenjam/.m2/repository/org/jboss/jandex/2.0.0.Final/jandex-2.0.0.Final.jar:/home/stbenjam/.m2/repository/dom4j/dom4j/1.6.1/dom4j-1.6.1.jar:/home/stbenjam/.m2/repository/org/hibernate/common/hibernate-commons-annotations/5.0.1.Final/hibernate-commons-annotations-5.0.1.Final.jar:/home/stbenjam/.m2/repository/org/hibernate/hibernate-entitymanager/5.0.12.Final/hibernate-entitymanager-5.0.12.Final.jar:/home/stbenjam/.m2/repository/javax/transaction/javax.transaction-api/1.2/javax.transaction-api-1.2.jar:/home/stbenjam/.m2/repository/org/springframework/data/spring-data-jpa/1.11.10.RELEASE/spring-data-jpa-1.11.10.RELEASE.jar:/home/stbenjam/.m2/repository/org/springframework/data/spring-data-commons/1.13.10.RELEASE/spring-data-commons-1.13.10.RELEASE.jar:/home/stbenjam/.m2/repository/org/springframework/spring-orm/4.3.14.RELEASE/spring-orm-4.3.14.RELEASE.jar:/home/stbenjam/.m2/repository/org/springframework/spring-tx/4.3.14.RELEASE/spring-tx-4.3.14.RELEASE.jar:/home/stbenjam/.m2/repository/org/springframework/spring-aspects/4.3.14.RELEASE/spring-aspects-4.3.14.RELEASE.jar:/home/stbenjam/.m2/repository/com/h2database/h2/1.4.196/h2-1.4.196.jar:/home/stbenjam/.m2/repository/org/postgresql/postgresql/9.4-1206-jdbc42/postgresql-9.4-1206-jdbc42.jar:/home/stbenjam/.m2/repository/log4j/log4j/1.2.17/log4j-1.2.17.jar:/home/stbenjam/.m2/repository/com/google/guava/guava/19.0/guava-19.0.jar:/home/stbenjam/.m2/repository/javax/mail/mail/1.4/mail-1.4.jar:/home/stbenjam/.m2/repository/javax/activation/activation/1.1/activation-1.1.jar:/home/stbenjam/.m2/repository/org/springframework/boot/spring-boot-starter-security/1.5.10.RELEASE/spring-boot-starter-security-1.5.10.RELEASE.jar:/home/stbenjam/.m2/repository/org/springframework/spring-aop/4.3.14.RELEASE/spring-aop-4.3.14.RELEASE.jar:/home/stbenjam/.m2/repository/org/springframework/security/spring-security-config/4.2.4.RELEASE/spring-security-config-4.2.4.RELEASE.jar:/home/stbenjam/.m2/repository/org/springframework/security/spring-security-web/4.2.4.RELEASE/spring-security-web-4.2.4.RELEASE.jar:/home/stbenjam/.m2/repository/org/springframework/boot/spring-boot-starter-mail/1.4.3.RELEASE/spring-boot-starter-mail-1.4.3.RELEASE.jar:/home/stbenjam/.m2/repository/org/springframework/spring-context/4.3.14.RELEASE/spring-context-4.3.14.RELEASE.jar:/home/stbenjam/.m2/repository/com/sun/mail/javax.mail/1.5.6/javax.mail-1.5.6.jar:/home/stbenjam/.m2/repository/com/icegreen/greenmail/1.5.5/greenmail-1.5.5.jar:/home/stbenjam/.m2/repository/org/slf4j/slf4j-api/1.7.25/slf4j-api-1.7.25.jar:/home/stbenjam/.m2/repository/org/springframework/security/spring-security-test/4.2.4.RELEASE/spring-security-test-4.2.4.RELEASE.jar:/home/stbenjam/.m2/repository/org/springframework/security/spring-security-core/4.2.4.RELEASE/spring-security-core-4.2.4.RELEASE.jar:/home/stbenjam/.m2/repository/aopalliance/aopalliance/1.0/aopalliance-1.0.jar:/home/stbenjam/.m2/repository/org/springframework/security/oauth/spring-security-oauth2/2.0.14.RELEASE/spring-security-oauth2-2.0.14.RELEASE.jar:/home/stbenjam/.m2/repository/org/springframework/spring-beans/4.3.14.RELEASE/spring-beans-4.3.14.RELEASE.jar:/home/stbenjam/.m2/repository/commons-codec/commons-codec/1.10/commons-codec-1.10.jar:/home/stbenjam/.m2/repository/org/codehaus/jackson/jackson-mapper-asl/1.9.13/jackson-mapper-asl-1.9.13.jar:/home/stbenjam/.m2/repository/org/codehaus/jackson/jackson-core-asl/1.9.13/jackson-core-asl-1.9.13.jar:/home/stbenjam/.m2/repository/io/springfox/springfox-swagger2/2.8.0/springfox-swagger2-2.8.0.jar:/home/stbenjam/.m2/repository/io/swagger/swagger-annotations/1.5.14/swagger-annotations-1.5.14.jar:/home/stbenjam/.m2/repository/io/swagger/swagger-models/1.5.14/swagger-models-1.5.14.jar:/home/stbenjam/.m2/repository/io/springfox/springfox-spi/2.8.0/springfox-spi-2.8.0.jar:/home/stbenjam/.m2/repository/io/springfox/springfox-core/2.8.0/springfox-core-2.8.0.jar:/home/stbenjam/.m2/repository/net/bytebuddy/byte-buddy/1.7.9/byte-buddy-1.7.9.jar:/home/stbenjam/.m2/repository/io/springfox/springfox-schema/2.8.0/springfox-schema-2.8.0.jar:/home/stbenjam/.m2/repository/io/springfox/springfox-swagger-common/2.8.0/springfox-swagger-common-2.8.0.jar:/home/stbenjam/.m2/repository/io/springfox/springfox-spring-web/2.8.0/springfox-spring-web-2.8.0.jar:/home/stbenjam/.m2/repository/org/reflections/reflections/0.9.11/reflections-0.9.11.jar:/home/stbenjam/.m2/repository/com/fasterxml/classmate/1.3.4/classmate-1.3.4.jar:/home/stbenjam/.m2/repository/org/springframework/plugin/spring-plugin-core/1.2.0.RELEASE/spring-plugin-core-1.2.0.RELEASE.jar:/home/stbenjam/.m2/repository/org/springframework/plugin/spring-plugin-metadata/1.2.0.RELEASE/spring-plugin-metadata-1.2.0.RELEASE.jar:/home/stbenjam/.m2/repository/org/mapstruct/mapstruct/1.2.0.Final/mapstruct-1.2.0.Final.jar:/home/stbenjam/.m2/repository/io/springfox/springfox-swagger-ui/2.8.0/springfox-swagger-ui-2.8.0.jar:/home/stbenjam/.m2/repository/io/springfox/springfox-data-rest/2.8.0/springfox-data-rest-2.8.0.jar:/home/stbenjam/.m2/repository/org/springframework/hateoas/spring-hateoas/0.23.0.RELEASE/spring-hateoas-0.23.0.RELEASE.jar:/home/stbenjam/.m2/repository/org/usb4java/usb4java-javax/1.2.0/usb4java-javax-1.2.0.jar:/home/stbenjam/.m2/repository/javax/usb/usb-api/1.0.2/usb-api-1.0.2.jar:/home/stbenjam/.m2/repository/org/apache/commons/commons-lang3/3.2.1/commons-lang3-3.2.1.jar:/home/stbenjam/.m2/repository/org/usb4java/usb4java/1.2.0/usb4java-1.2.0.jar:/home/stbenjam/.m2/repository/org/usb4java/libusb4java/1.2.0/libusb4java-1.2.0-linux-x86.jar:/home/stbenjam/.m2/repository/org/usb4java/libusb4java/1.2.0/libusb4java-1.2.0-linux-x86_64.jar:/home/stbenjam/.m2/repository/org/usb4java/libusb4java/1.2.0/libusb4java-1.2.0-linux-arm.jar:/home/stbenjam/.m2/repository/org/usb4java/libusb4java/1.2.0/libusb4java-1.2.0-windows-x86.jar:/home/stbenjam/.m2/repository/org/usb4java/libusb4java/1.2.0/libusb4java-1.2.0-windows-x86_64.jar:/home/stbenjam/.m2/repository/org/usb4java/libusb4java/1.2.0/libusb4java-1.2.0-osx-x86.jar:/home/stbenjam/.m2/repository/org/usb4java/libusb4java/1.2.0/libusb4java-1.2.0-osx-x86_64.jar:/home/stbenjam/.m2/repository/org/mockito/mockito-all/1.9.5/mockito-all-1.9.5.jar:/home/stbenjam/.m2/repository/com/fasterxml/jackson/core/jackson-databind/2.5.0/jackson-databind-2.5.0.jar:/home/stbenjam/.m2/repository/com/fasterxml/jackson/core/jackson-core/2.8.10/jackson-core-2.8.10.jar:/home/stbenjam/.m2/repository/com/vaadin/external/google/android-json/0.0.20131108.vaadin1/android-json-0.0.20131108.vaadin1.jar:/home/stbenjam/.m2/repository/com/tngtech/java/junit-dataprovider/1.13.1/junit-dataprovider-1.13.1.jar:/home/stbenjam/.m2/repository/org/springframework/spring-context-support/3.2.0.RELEASE/spring-context-support-3.2.0.RELEASE.jar:, java.specification.name=Java Platform API Specification, java.class.version=52.0, sun.management.compiler=HotSpot 64-Bit Tiered Compilers, os.version=4.14.14-300.fc27.x86_64, user.home=/home/stbenjam, user.timezone=America/New_York, java.awt.printerjob=sun.print.PSPrinterJob, file.encoding=UTF-8, java.specification.version=1.8, java.class.path=/home/stbenjam/git/h2ms/target/test-classes:/home/stbenjam/git/h2ms/target/classes:/home/stbenjam/.m2/repository/org/springframework/boot/spring-boot-starter-data-rest/1.5.10.RELEASE/spring-boot-starter-data-rest-1.5.10.RELEASE.jar:/home/stbenjam/.m2/repository/org/springframework/boot/spring-boot-starter/1.5.10.RELEASE/spring-boot-starter-1.5.10.RELEASE.jar:/home/stbenjam/.m2/repository/org/springframework/boot/spring-boot/1.5.10.RELEASE/spring-boot-1.5.10.RELEASE.jar:/home/stbenjam/.m2/repository/org/springframework/boot/spring-boot-autoconfigure/1.5.10.RELEASE/spring-boot-autoconfigure-1.5.10.RELEASE.jar:/home/stbenjam/.m2/repository/org/springframework/boot/spring-boot-starter-logging/1.5.10.RELEASE/spring-boot-starter-logging-1.5.10.RELEASE.jar:/home/stbenjam/.m2/repository/ch/qos/logback/logback-classic/1.1.11/logback-classic-1.1.11.jar:/home/stbenjam/.m2/repository/ch/qos/logback/logback-core/1.1.11/logback-core-1.1.11.jar:/home/stbenjam/.m2/repository/org/slf4j/jul-to-slf4j/1.7.25/jul-to-slf4j-1.7.25.jar:/home/stbenjam/.m2/repository/org/slf4j/log4j-over-slf4j/1.7.25/log4j-over-slf4j-1.7.25.jar:/home/stbenjam/.m2/repository/org/yaml/snakeyaml/1.17/snakeyaml-1.17.jar:/home/stbenjam/.m2/repository/com/fasterxml/jackson/core/jackson-annotations/2.8.0/jackson-annotations-2.8.0.jar:/home/stbenjam/.m2/repository/org/springframework/data/spring-data-rest-webmvc/2.6.10.RELEASE/spring-data-rest-webmvc-2.6.10.RELEASE.jar:/home/stbenjam/.m2/repository/org/springframework/data/spring-data-rest-core/2.6.10.RELEASE/spring-data-rest-core-2.6.10.RELEASE.jar:/home/stbenjam/.m2/repository/org/atteo/evo-inflector/1.2.2/evo-inflector-1.2.2.jar:/home/stbenjam/.m2/repository/org/slf4j/jcl-over-slf4j/1.7.25/jcl-over-slf4j-1.7.25.jar:/home/stbenjam/.m2/repository/org/springframework/boot/spring-boot-starter-web/1.5.10.RELEASE/spring-boot-starter-web-1.5.10.RELEASE.jar:/home/stbenjam/.m2/repository/org/springframework/boot/spring-boot-starter-tomcat/1.5.10.RELEASE/spring-boot-starter-tomcat-1.5.10.RELEASE.jar:/home/stbenjam/.m2/repository/org/apache/tomcat/embed/tomcat-embed-core/8.5.27/tomcat-embed-core-8.5.27.jar:/home/stbenjam/.m2/repository/org/apache/tomcat/tomcat-annotations-api/8.5.27/tomcat-annotations-api-8.5.27.jar:/home/stbenjam/.m2/repository/org/apache/tomcat/embed/tomcat-embed-el/8.5.27/tomcat-embed-el-8.5.27.jar:/home/stbenjam/.m2/repository/org/apache/tomcat/embed/tomcat-embed-websocket/8.5.27/tomcat-embed-websocket-8.5.27.jar:/home/stbenjam/.m2/repository/org/hibernate/hibernate-validator/5.3.6.Final/hibernate-validator-5.3.6.Final.jar:/home/stbenjam/.m2/repository/javax/validation/validation-api/1.1.0.Final/validation-api-1.1.0.Final.jar:/home/stbenjam/.m2/repository/org/jboss/logging/jboss-logging/3.3.1.Final/jboss-logging-3.3.1.Final.jar:/home/stbenjam/.m2/repository/org/springframework/spring-web/4.3.14.RELEASE/spring-web-4.3.14.RELEASE.jar:/home/stbenjam/.m2/repository/org/springframework/spring-webmvc/4.3.14.RELEASE/spring-webmvc-4.3.14.RELEASE.jar:/home/stbenjam/.m2/repository/org/springframework/spring-expression/4.3.14.RELEASE/spring-expression-4.3.14.RELEASE.jar:/home/stbenjam/.m2/repository/org/springframework/boot/spring-boot-starter-thymeleaf/1.5.10.RELEASE/spring-boot-starter-thymeleaf-1.5.10.RELEASE.jar:/home/stbenjam/.m2/repository/org/thymeleaf/thymeleaf-spring4/2.1.6.RELEASE/thymeleaf-spring4-2.1.6.RELEASE.jar:/home/stbenjam/.m2/repository/org/thymeleaf/thymeleaf/2.1.6.RELEASE/thymeleaf-2.1.6.RELEASE.jar:/home/stbenjam/.m2/repository/ognl/ognl/3.0.8/ognl-3.0.8.jar:/home/stbenjam/.m2/repository/org/unbescape/unbescape/1.1.0.RELEASE/unbescape-1.1.0.RELEASE.jar:/home/stbenjam/.m2/repository/nz/net/ultraq/thymeleaf/thymeleaf-layout-dialect/1.4.0/thymeleaf-layout-dialect-1.4.0.jar:/home/stbenjam/.m2/repository/org/codehaus/groovy/groovy/2.4.13/groovy-2.4.13.jar:/home/stbenjam/.m2/repository/org/springframework/boot/spring-boot-starter-test/1.5.10.RELEASE/spring-boot-starter-test-1.5.10.RELEASE.jar:/home/stbenjam/.m2/repository/org/springframework/boot/spring-boot-test/1.5.10.RELEASE/spring-boot-test-1.5.10.RELEASE.jar:/home/stbenjam/.m2/repository/org/springframework/boot/spring-boot-test-autoconfigure/1.5.10.RELEASE/spring-boot-test-autoconfigure-1.5.10.RELEASE.jar:/home/stbenjam/.m2/repository/com/jayway/jsonpath/json-path/2.2.0/json-path-2.2.0.jar:/home/stbenjam/.m2/repository/net/minidev/json-smart/2.2.1/json-smart-2.2.1.jar:/home/stbenjam/.m2/repository/net/minidev/accessors-smart/1.1/accessors-smart-1.1.jar:/home/stbenjam/.m2/repository/org/ow2/asm/asm/5.0.3/asm-5.0.3.jar:/home/stbenjam/.m2/repository/junit/junit/4.12/junit-4.12.jar:/home/stbenjam/.m2/repository/org/assertj/assertj-core/2.6.0/assertj-core-2.6.0.jar:/home/stbenjam/.m2/repository/org/mockito/mockito-core/1.10.19/mockito-core-1.10.19.jar:/home/stbenjam/.m2/repository/org/objenesis/objenesis/2.1/objenesis-2.1.jar:/home/stbenjam/.m2/repository/org/hamcrest/hamcrest-core/1.3/hamcrest-core-1.3.jar:/home/stbenjam/.m2/repository/org/hamcrest/hamcrest-library/1.3/hamcrest-library-1.3.jar:/home/stbenjam/.m2/repository/org/skyscreamer/jsonassert/1.4.0/jsonassert-1.4.0.jar:/home/stbenjam/.m2/repository/org/springframework/spring-core/4.3.14.RELEASE/spring-core-4.3.14.RELEASE.jar:/home/stbenjam/.m2/repository/org/springframework/spring-test/4.3.14.RELEASE/spring-test-4.3.14.RELEASE.jar:/home/stbenjam/.m2/repository/org/springframework/restdocs/spring-restdocs-mockmvc/1.1.3.RELEASE/spring-restdocs-mockmvc-1.1.3.RELEASE.jar:/home/stbenjam/.m2/repository/org/springframework/restdocs/spring-restdocs-core/1.1.3.RELEASE/spring-restdocs-core-1.1.3.RELEASE.jar:/home/stbenjam/.m2/repository/javax/servlet/javax.servlet-api/3.1.0/javax.servlet-api-3.1.0.jar:/home/stbenjam/.m2/repository/org/springframework/boot/spring-boot-starter-data-jpa/1.5.10.RELEASE/spring-boot-starter-data-jpa-1.5.10.RELEASE.jar:/home/stbenjam/.m2/repository/org/springframework/boot/spring-boot-starter-aop/1.5.10.RELEASE/spring-boot-starter-aop-1.5.10.RELEASE.jar:/home/stbenjam/.m2/repository/org/aspectj/aspectjweaver/1.8.13/aspectjweaver-1.8.13.jar:/home/stbenjam/.m2/repository/org/springframework/boot/spring-boot-starter-jdbc/1.5.10.RELEASE/spring-boot-starter-jdbc-1.5.10.RELEASE.jar:/home/stbenjam/.m2/repository/org/apache/tomcat/tomcat-jdbc/8.5.27/tomcat-jdbc-8.5.27.jar:/home/stbenjam/.m2/repository/org/apache/tomcat/tomcat-juli/8.5.27/tomcat-juli-8.5.27.jar:/home/stbenjam/.m2/repository/org/springframework/spring-jdbc/4.3.14.RELEASE/spring-jdbc-4.3.14.RELEASE.jar:/home/stbenjam/.m2/repository/org/hibernate/hibernate-core/5.0.12.Final/hibernate-core-5.0.12.Final.jar:/home/stbenjam/.m2/repository/org/hibernate/javax/persistence/hibernate-jpa-2.1-api/1.0.0.Final/hibernate-jpa-2.1-api-1.0.0.Final.jar:/home/stbenjam/.m2/repository/org/javassist/javassist/3.21.0-GA/javassist-3.21.0-GA.jar:/home/stbenjam/.m2/repository/antlr/antlr/2.7.7/antlr-2.7.7.jar:/home/stbenjam/.m2/repository/org/jboss/jandex/2.0.0.Final/jandex-2.0.0.Final.jar:/home/stbenjam/.m2/repository/dom4j/dom4j/1.6.1/dom4j-1.6.1.jar:/home/stbenjam/.m2/repository/org/hibernate/common/hibernate-commons-annotations/5.0.1.Final/hibernate-commons-annotations-5.0.1.Final.jar:/home/stbenjam/.m2/repository/org/hibernate/hibernate-entitymanager/5.0.12.Final/hibernate-entitymanager-5.0.12.Final.jar:/home/stbenjam/.m2/repository/javax/transaction/javax.transaction-api/1.2/javax.transaction-api-1.2.jar:/home/stbenjam/.m2/repository/org/springframework/data/spring-data-jpa/1.11.10.RELEASE/spring-data-jpa-1.11.10.RELEASE.jar:/home/stbenjam/.m2/repository/org/springframework/data/spring-data-commons/1.13.10.RELEASE/spring-data-commons-1.13.10.RELEASE.jar:/home/stbenjam/.m2/repository/org/springframework/spring-orm/4.3.14.RELEASE/spring-orm-4.3.14.RELEASE.jar:/home/stbenjam/.m2/repository/org/springframework/spring-tx/4.3.14.RELEASE/spring-tx-4.3.14.RELEASE.jar:/home/stbenjam/.m2/repository/org/springframework/spring-aspects/4.3.14.RELEASE/spring-aspects-4.3.14.RELEASE.jar:/home/stbenjam/.m2/repository/com/h2database/h2/1.4.196/h2-1.4.196.jar:/home/stbenjam/.m2/repository/org/postgresql/postgresql/9.4-1206-jdbc42/postgresql-9.4-1206-jdbc42.jar:/home/stbenjam/.m2/repository/log4j/log4j/1.2.17/log4j-1.2.17.jar:/home/stbenjam/.m2/repository/com/google/guava/guava/19.0/guava-19.0.jar:/home/stbenjam/.m2/repository/javax/mail/mail/1.4/mail-1.4.jar:/home/stbenjam/.m2/repository/javax/activation/activation/1.1/activation-1.1.jar:/home/stbenjam/.m2/repository/org/springframework/boot/spring-boot-starter-security/1.5.10.RELEASE/spring-boot-starter-security-1.5.10.RELEASE.jar:/home/stbenjam/.m2/repository/org/springframework/spring-aop/4.3.14.RELEASE/spring-aop-4.3.14.RELEASE.jar:/home/stbenjam/.m2/repository/org/springframework/security/spring-security-config/4.2.4.RELEASE/spring-security-config-4.2.4.RELEASE.jar:/home/stbenjam/.m2/repository/org/springframework/security/spring-security-web/4.2.4.RELEASE/spring-security-web-4.2.4.RELEASE.jar:/home/stbenjam/.m2/repository/org/springframework/boot/spring-boot-starter-mail/1.4.3.RELEASE/spring-boot-starter-mail-1.4.3.RELEASE.jar:/home/stbenjam/.m2/repository/org/springframework/spring-context/4.3.14.RELEASE/spring-context-4.3.14.RELEASE.jar:/home/stbenjam/.m2/repository/com/sun/mail/javax.mail/1.5.6/javax.mail-1.5.6.jar:/home/stbenjam/.m2/repository/com/icegreen/greenmail/1.5.5/greenmail-1.5.5.jar:/home/stbenjam/.m2/repository/org/slf4j/slf4j-api/1.7.25/slf4j-api-1.7.25.jar:/home/stbenjam/.m2/repository/org/springframework/security/spring-security-test/4.2.4.RELEASE/spring-security-test-4.2.4.RELEASE.jar:/home/stbenjam/.m2/repository/org/springframework/security/spring-security-core/4.2.4.RELEASE/spring-security-core-4.2.4.RELEASE.jar:/home/stbenjam/.m2/repository/aopalliance/aopalliance/1.0/aopalliance-1.0.jar:/home/stbenjam/.m2/repository/org/springframework/security/oauth/spring-security-oauth2/2.0.14.RELEASE/spring-security-oauth2-2.0.14.RELEASE.jar:/home/stbenjam/.m2/repository/org/springframework/spring-beans/4.3.14.RELEASE/spring-beans-4.3.14.RELEASE.jar:/home/stbenjam/.m2/repository/commons-codec/commons-codec/1.10/commons-codec-1.10.jar:/home/stbenjam/.m2/repository/org/codehaus/jackson/jackson-mapper-asl/1.9.13/jackson-mapper-asl-1.9.13.jar:/home/stbenjam/.m2/repository/org/codehaus/jackson/jackson-core-asl/1.9.13/jackson-core-asl-1.9.13.jar:/home/stbenjam/.m2/repository/io/springfox/springfox-swagger2/2.8.0/springfox-swagger2-2.8.0.jar:/home/stbenjam/.m2/repository/io/swagger/swagger-annotations/1.5.14/swagger-annotations-1.5.14.jar:/home/stbenjam/.m2/repository/io/swagger/swagger-models/1.5.14/swagger-models-1.5.14.jar:/home/stbenjam/.m2/repository/io/springfox/springfox-spi/2.8.0/springfox-spi-2.8.0.jar:/home/stbenjam/.m2/repository/io/springfox/springfox-core/2.8.0/springfox-core-2.8.0.jar:/home/stbenjam/.m2/repository/net/bytebuddy/byte-buddy/1.7.9/byte-buddy-1.7.9.jar:/home/stbenjam/.m2/repository/io/springfox/springfox-schema/2.8.0/springfox-schema-2.8.0.jar:/home/stbenjam/.m2/repository/io/springfox/springfox-swagger-common/2.8.0/springfox-swagger-common-2.8.0.jar:/home/stbenjam/.m2/repository/io/springfox/springfox-spring-web/2.8.0/springfox-spring-web-2.8.0.jar:/home/stbenjam/.m2/repository/org/reflections/reflections/0.9.11/reflections-0.9.11.jar:/home/stbenjam/.m2/repository/com/fasterxml/classmate/1.3.4/classmate-1.3.4.jar:/home/stbenjam/.m2/repository/org/springframework/plugin/spring-plugin-core/1.2.0.RELEASE/spring-plugin-core-1.2.0.RELEASE.jar:/home/stbenjam/.m2/repository/org/springframework/plugin/spring-plugin-metadata/1.2.0.RELEASE/spring-plugin-metadata-1.2.0.RELEASE.jar:/home/stbenjam/.m2/repository/org/mapstruct/mapstruct/1.2.0.Final/mapstruct-1.2.0.Final.jar:/home/stbenjam/.m2/repository/io/springfox/springfox-swagger-ui/2.8.0/springfox-swagger-ui-2.8.0.jar:/home/stbenjam/.m2/repository/io/springfox/springfox-data-rest/2.8.0/springfox-data-rest-2.8.0.jar:/home/stbenjam/.m2/repository/org/springframework/hateoas/spring-hateoas/0.23.0.RELEASE/spring-hateoas-0.23.0.RELEASE.jar:/home/stbenjam/.m2/repository/org/usb4java/usb4java-javax/1.2.0/usb4java-javax-1.2.0.jar:/home/stbenjam/.m2/repository/javax/usb/usb-api/1.0.2/usb-api-1.0.2.jar:/home/stbenjam/.m2/repository/org/apache/commons/commons-lang3/3.2.1/commons-lang3-3.2.1.jar:/home/stbenjam/.m2/repository/org/usb4java/usb4java/1.2.0/usb4java-1.2.0.jar:/home/stbenjam/.m2/repository/org/usb4java/libusb4java/1.2.0/libusb4java-1.2.0-linux-x86.jar:/home/stbenjam/.m2/repository/org/usb4java/libusb4java/1.2.0/libusb4java-1.2.0-linux-x86_64.jar:/home/stbenjam/.m2/repository/org/usb4java/libusb4java/1.2.0/libusb4java-1.2.0-linux-arm.jar:/home/stbenjam/.m2/repository/org/usb4java/libusb4java/1.2.0/libusb4java-1.2.0-windows-x86.jar:/home/stbenjam/.m2/repository/org/usb4java/libusb4java/1.2.0/libusb4java-1.2.0-windows-x86_64.jar:/home/stbenjam/.m2/repository/org/usb4java/libusb4java/1.2.0/libusb4java-1.2.0-osx-x86.jar:/home/stbenjam/.m2/repository/org/usb4java/libusb4java/1.2.0/libusb4java-1.2.0-osx-x86_64.jar:/home/stbenjam/.m2/repository/org/mockito/mockito-all/1.9.5/mockito-all-1.9.5.jar:/home/stbenjam/.m2/repository/com/fasterxml/jackson/core/jackson-databind/2.5.0/jackson-databind-2.5.0.jar:/home/stbenjam/.m2/repository/com/fasterxml/jackson/core/jackson-core/2.8.10/jackson-core-2.8.10.jar:/home/stbenjam/.m2/repository/com/vaadin/external/google/android-json/0.0.20131108.vaadin1/android-json-0.0.20131108.vaadin1.jar:/home/stbenjam/.m2/repository/com/tngtech/java/junit-dataprovider/1.13.1/junit-dataprovider-1.13.1.jar:/home/stbenjam/.m2/repository/org/springframework/spring-context-support/3.2.0.RELEASE/spring-context-support-3.2.0.RELEASE.jar:, user.name=stbenjam, java.vm.specification.version=1.8, sun.java.command=/home/stbenjam/git/h2ms/target/surefire/surefirebooter618343035117595110.jar /home/stbenjam/git/h2ms/target/surefire/surefire9035386188001234096tmp /home/stbenjam/git/h2ms/target/surefire/surefire_0343681757683274478tmp, java.home=/usr/lib/jvm/java-1.8.0-openjdk-1.8.0.161-0.b14.fc27.x86_64/jre, sun.arch.data.model=64, user.language=en, java.specification.vendor=Oracle Corporation, awt.toolkit=sun.awt.X11.XToolkit, java.vm.info=mixed mode, java.version=1.8.0_161, java.ext.dirs=/usr/lib/jvm/java-1.8.0-openjdk-1.8.0.161-0.b14.fc27.x86_64/jre/lib/ext:/usr/java/packages/lib/ext, sun.boot.class.path=/usr/lib/jvm/java-1.8.0-openjdk-1.8.0.161-0.b14.fc27.x86_64/jre/lib/resources.jar:/usr/lib/jvm/java-1.8.0-openjdk-1.8.0.161-0.b14.fc27.x86_64/jre/lib/rt.jar:/usr/lib/jvm/java-1.8.0-openjdk-1.8.0.161-0.b14.fc27.x86_64/jre/lib/sunrsasign.jar:/usr/lib/jvm/java-1.8.0-openjdk-1.8.0.161-0.b14.fc27.x86_64/jre/lib/jsse.jar:/usr/lib/jvm/java-1.8.0-openjdk-1.8.0.161-0.b14.fc27.x86_64/jre/lib/jce.jar:/usr/lib/jvm/java-1.8.0-openjdk-1.8.0.161-0.b14.fc27.x86_64/jre/lib/charsets.jar:/usr/lib/jvm/java-1.8.0-openjdk-1.8.0.161-0.b14.fc27.x86_64/jre/lib/jfr.jar:/usr/lib/jvm/java-1.8.0-openjdk-1.8.0.161-0.b14.fc27.x86_64/jre/classes, java.vendor=Oracle Corporation, localRepository=/home/stbenjam/.m2/repository, file.separator=/, java.vendor.url.bug=http://bugreport.sun.com/bugreport/, sun.io.unicode.encoding=UnicodeLittle, sun.cpu.endian=little, sun.desktop=gnome, sun.cpu.isalist=}}, SystemEnvironmentPropertySource@905735620 {name='systemEnvironment', properties={IRBRC=/home/stbenjam/.rvm/rubies/ruby-2.3.3/.irbrc, PATH=/home/stbenjam/.rvm/gems/ruby-2.3.3/bin:/home/stbenjam/.rvm/gems/ruby-2.3.3@global/bin:/home/stbenjam/.rvm/rubies/ruby-2.3.3/bin:/usr/local/bin:/usr/bin:/bin:/usr/local/sbin:/usr/sbin:/home/stbenjam/.local/bin:/home/stbenjam/bin:/home/stbenjam/.rvm/bin, rvm_silent_flag=, HISTCONTROL=ignoredups, XMODIFIERS=@im=ibus, GDMSESSION=gnome-xorg, rvm_quiet_flag=, GUESTFISH_RESTORE=\e[0m, DBUS_SESSION_BUS_ADDRESS=unix:path=/run/user/1000/bus,guid=0ff0c73f492cc1dc3846ae835aac7cd0, COLORTERM=truecolor, rvm_ruby_make_install=, rvm_niceness=, SESSION_MANAGER=local/unix:@/tmp/.ICE-unix/1818,unix/unix:/tmp/.ICE-unix/1818, USERNAME=stbenjam, rvm_version=1.29.1 (latest), PWD=/home/stbenjam/git/h2ms, MANAGERPID=1759, LESSOPEN=||/usr/bin/lesspipe.sh %s, PAGER=less, QTINC=/usr/lib64/qt-3.3/include, rvm_hook=, rvm_wrapper_name=, MY_RUBY_HOME=/home/stbenjam/.rvm/rubies/ruby-2.3.3, rvm_nightly_flag=, ZSH=/home/stbenjam/.oh-my-zsh, rvm_path=/home/stbenjam/.rvm, GUESTFISH_INIT=\e[1;34m, GNOME_DESKTOP_SESSION_ID=this-is-deprecated, SYSTEMD_NSS_BYPASS_BUS=1, DBUS_STARTER_ADDRESS=unix:path=/run/user/1000/bus,guid=0ff0c73f492cc1dc3846ae835aac7cd0, LC_CTYPE=en_US.UTF-8, SHLVL=2, LOADEDMODULES=, HISTSIZE=10000, JAVA_HOME=/usr/lib/jvm/java-1.8.0-openjdk-1.8.0.161-0.b14.fc27.x86_64, TERM=xterm-256color, XDG_SESSION_ID=2, rvm_script_name=, rvm_ruby_make=, rvm_docs_type=, _=/usr/lib/jvm/java-1.8.0-openjdk-1.8.0.161-0.b14.fc27.x86_64/jre/bin/java, MAVEN_PROJECTBASEDIR=/home/stbenjam/git/h2ms, DESKTOP_SESSION=gnome-xorg, XDG_MENU_PREFIX=gnome-, VTE_VERSION=5002, rvm_alias_expanded=, rvm_ruby_bits=, GEM_PATH=/home/stbenjam/.rvm/gems/ruby-2.3.3:/home/stbenjam/.rvm/gems/ruby-2.3.3@global, TILIX_ID=df6230d2-2679-42ab-bd7f-667d05988153, XAUTHORITY=/run/user/1000/gdm/Xauthority, INVOCATION_ID=2a8a59bd24d3424f8a519125eeaea755, XDG_DATA_DIRS=/home/stbenjam/.local/share/flatpak/exports/share/:/var/lib/flatpak/exports/share/:/usr/local/share/:/usr/share/, MODULEPATH=/etc/scl/modulefiles:/etc/scl/modulefiles:/usr/share/Modules/modulefiles:/etc/modulefiles:/usr/share/modulefiles, rvm_bin_flag=, VAGRANT_DEFAULT_PROVIDER=libvirt, XDG_CURRENT_DESKTOP=GNOME, JOURNAL_STREAM=9:35277, MAIL=/var/spool/mail/stbenjam, rvm_ruby_mode=, LOGNAME=stbenjam, rvm_proxy=, SHELL=/bin/zsh, rvm_sdk=, OLDPWD=/home/stbenjam/git/h2ms, GEM_HOME=/home/stbenjam/.rvm/gems/ruby-2.3.3, rvm_use_flag=, GIT=/bin/git, RUBY_VERSION=ruby-2.3.3, _system_name=Fedora, LESS=-R, XDG_SESSION_DESKTOP=gnome-xorg, LS_COLORS=rs=0:di=38;5;33:ln=38;5;51:mh=00:pi=40;38;5;11:so=38;5;13:do=38;5;5:bd=48;5;232;38;5;11:cd=48;5;232;38;5;3:or=48;5;232;38;5;9:mi=01;05;37;41:su=48;5;196;38;5;15:sg=48;5;11;38;5;16:ca=48;5;196;38;5;226:tw=48;5;10;38;5;16:ow=48;5;10;38;5;21:st=48;5;21;38;5;15:ex=38;5;40:*.tar=38;5;9:*.tgz=38;5;9:*.arc=38;5;9:*.arj=38;5;9:*.taz=38;5;9:*.lha=38;5;9:*.lz4=38;5;9:*.lzh=38;5;9:*.lzma=38;5;9:*.tlz=38;5;9:*.txz=38;5;9:*.tzo=38;5;9:*.t7z=38;5;9:*.zip=38;5;9:*.z=38;5;9:*.Z=38;5;9:*.dz=38;5;9:*.gz=38;5;9:*.lrz=38;5;9:*.lz=38;5;9:*.lzo=38;5;9:*.xz=38;5;9:*.zst=38;5;9:*.tzst=38;5;9:*.bz2=38;5;9:*.bz=38;5;9:*.tbz=38;5;9:*.tbz2=38;5;9:*.tz=38;5;9:*.deb=38;5;9:*.rpm=38;5;9:*.jar=38;5;9:*.war=38;5;9:*.ear=38;5;9:*.sar=38;5;9:*.rar=38;5;9:*.alz=38;5;9:*.ace=38;5;9:*.zoo=38;5;9:*.cpio=38;5;9:*.7z=38;5;9:*.rz=38;5;9:*.cab=38;5;9:*.wim=38;5;9:*.swm=38;5;9:*.dwm=38;5;9:*.esd=38;5;9:*.jpg=38;5;13:*.jpeg=38;5;13:*.mjpg=38;5;13:*.mjpeg=38;5;13:*.gif=38;5;13:*.bmp=38;5;13:*.pbm=38;5;13:*.pgm=38;5;13:*.ppm=38;5;13:*.tga=38;5;13:*.xbm=38;5;13:*.xpm=38;5;13:*.tif=38;5;13:*.tiff=38;5;13:*.png=38;5;13:*.svg=38;5;13:*.svgz=38;5;13:*.mng=38;5;13:*.pcx=38;5;13:*.mov=38;5;13:*.mpg=38;5;13:*.mpeg=38;5;13:*.m2v=38;5;13:*.mkv=38;5;13:*.webm=38;5;13:*.ogm=38;5;13:*.mp4=38;5;13:*.m4v=38;5;13:*.mp4v=38;5;13:*.vob=38;5;13:*.qt=38;5;13:*.nuv=38;5;13:*.wmv=38;5;13:*.asf=38;5;13:*.rm=38;5;13:*.rmvb=38;5;13:*.flc=38;5;13:*.avi=38;5;13:*.fli=38;5;13:*.flv=38;5;13:*.gl=38;5;13:*.dl=38;5;13:*.xcf=38;5;13:*.xwd=38;5;13:*.yuv=38;5;13:*.cgm=38;5;13:*.emf=38;5;13:*.ogv=38;5;13:*.ogx=38;5;13:*.aac=38;5;45:*.au=38;5;45:*.flac=38;5;45:*.m4a=38;5;45:*.mid=38;5;45:*.midi=38;5;45:*.mka=38;5;45:*.mp3=38;5;45:*.mpc=38;5;45:*.ogg=38;5;45:*.ra=38;5;45:*.wav=38;5;45:*.oga=38;5;45:*.opus=38;5;45:*.spx=38;5;45:*.xspf=38;5;45:, rvm_gemstone_package_file=, _system_arch=x86_64, rvm_bin_path=/home/stbenjam/.rvm/bin, QT_IM_MODULE=ibus, rvm_only_path_flag=, rvm_prefix=/home/stbenjam, LANG=en_US.UTF-8, XDG_SESSION_TYPE=x11, DISPLAY=:0, rvm_gemstone_url=, GDM_LANG=en_US.UTF-8, GUESTFISH_PS1=\[\e[1;32m\]><fs>\[\e[0;31m\] , LSCOLORS=Gxfxcxdxbxegedabagacad, _system_type=Linux, _system_version=27, GPG_TTY=/dev/pts/1, USER=stbenjam, rvm_ruby_file=, WINDOWPATH=2, XDG_SEAT=seat0, SSH_AUTH_SOCK=/run/user/1000/keyring/ssh, EDITOR=vim, HOSTNAME=ancient.bitbin.de, MODULESHOME=/usr/share/Modules, QTDIR=/usr/lib64/qt-3.3, XDG_RUNTIME_DIR=/run/user/1000, XDG_VTNR=2, GUESTFISH_OUTPUT=\e[0m, DBUS_STARTER_BUS_TYPE=session, QTLIB=/usr/lib64/qt-3.3/lib, HOME=/home/stbenjam}}]
21:09:26.568 [main] DEBUG org.springframework.core.io.support.PathMatchingResourcePatternResolver - Resolved classpath location [edu/harvard/h2ms/service/] to resources [URL [file:/home/stbenjam/git/h2ms/target/test-classes/edu/harvard/h2ms/service/], URL [file:/home/stbenjam/git/h2ms/target/classes/edu/harvard/h2ms/service/]]
21:09:26.569 [main] DEBUG org.springframework.core.io.support.PathMatchingResourcePatternResolver - Looking for matching resources in directory tree [/home/stbenjam/git/h2ms/target/test-classes/edu/harvard/h2ms/service]
21:09:26.569 [main] DEBUG org.springframework.core.io.support.PathMatchingResourcePatternResolver - Searching directory [/home/stbenjam/git/h2ms/target/test-classes/edu/harvard/h2ms/service] for files matching pattern [/home/stbenjam/git/h2ms/target/test-classes/edu/harvard/h2ms/service/*.class]
21:09:26.572 [main] DEBUG org.springframework.core.io.support.PathMatchingResourcePatternResolver - Looking for matching resources in directory tree [/home/stbenjam/git/h2ms/target/classes/edu/harvard/h2ms/service]
21:09:26.573 [main] DEBUG org.springframework.core.io.support.PathMatchingResourcePatternResolver - Searching directory [/home/stbenjam/git/h2ms/target/classes/edu/harvard/h2ms/service] for files matching pattern [/home/stbenjam/git/h2ms/target/classes/edu/harvard/h2ms/service/*.class]
21:09:26.575 [main] DEBUG org.springframework.core.io.support.PathMatchingResourcePatternResolver - Resolved location pattern [classpath*:edu/harvard/h2ms/service/*.class] to resources [file [/home/stbenjam/git/h2ms/target/test-classes/edu/harvard/h2ms/service/LocationServiceTests.class], file [/home/stbenjam/git/h2ms/target/test-classes/edu/harvard/h2ms/service/UserDetailsServiceTest$UserDetailsServiceContextConfiguration.class], file [/home/stbenjam/git/h2ms/target/test-classes/edu/harvard/h2ms/service/UserDetailsServiceTest.class], file [/home/stbenjam/git/h2ms/target/classes/edu/harvard/h2ms/service/EmailService.class], file [/home/stbenjam/git/h2ms/target/classes/edu/harvard/h2ms/service/EmailServiceImpl.class], file [/home/stbenjam/git/h2ms/target/classes/edu/harvard/h2ms/service/EventService.class], file [/home/stbenjam/git/h2ms/target/classes/edu/harvard/h2ms/service/EventServiceImpl.class], file [/home/stbenjam/git/h2ms/target/classes/edu/harvard/h2ms/service/ManagementDashboardService.class], file [/home/stbenjam/git/h2ms/target/classes/edu/harvard/h2ms/service/ManagementDashboardServiceImpl.class], file [/home/stbenjam/git/h2ms/target/classes/edu/harvard/h2ms/service/RfidScannerService.class], file [/home/stbenjam/git/h2ms/target/classes/edu/harvard/h2ms/service/RfidScannerServiceImpl.class], file [/home/stbenjam/git/h2ms/target/classes/edu/harvard/h2ms/service/UserDetailsServiceImpl.class], file [/home/stbenjam/git/h2ms/target/classes/edu/harvard/h2ms/service/UserService.class], file [/home/stbenjam/git/h2ms/target/classes/edu/harvard/h2ms/service/UserServiceImpl.class]]
21:09:26.639 [main] DEBUG org.springframework.core.io.support.PathMatchingResourcePatternResolver - Resolved classpath location [edu/harvard/h2ms/] to resources [URL [file:/home/stbenjam/git/h2ms/target/test-classes/edu/harvard/h2ms/], URL [file:/home/stbenjam/git/h2ms/target/classes/edu/harvard/h2ms/]]
21:09:26.640 [main] DEBUG org.springframework.core.io.support.PathMatchingResourcePatternResolver - Looking for matching resources in directory tree [/home/stbenjam/git/h2ms/target/test-classes/edu/harvard/h2ms]
21:09:26.641 [main] DEBUG org.springframework.core.io.support.PathMatchingResourcePatternResolver - Searching directory [/home/stbenjam/git/h2ms/target/test-classes/edu/harvard/h2ms] for files matching pattern [/home/stbenjam/git/h2ms/target/test-classes/edu/harvard/h2ms/*.class]
21:09:26.643 [main] DEBUG org.springframework.core.io.support.PathMatchingResourcePatternResolver - Looking for matching resources in directory tree [/home/stbenjam/git/h2ms/target/classes/edu/harvard/h2ms]
21:09:26.643 [main] DEBUG org.springframework.core.io.support.PathMatchingResourcePatternResolver - Searching directory [/home/stbenjam/git/h2ms/target/classes/edu/harvard/h2ms] for files matching pattern [/home/stbenjam/git/h2ms/target/classes/edu/harvard/h2ms/*.class]
21:09:26.644 [main] DEBUG org.springframework.core.io.support.PathMatchingResourcePatternResolver - Resolved location pattern [classpath*:edu/harvard/h2ms/*.class] to resources [file [/home/stbenjam/git/h2ms/target/classes/edu/harvard/h2ms/H2MSRestAppInitializer.class]]
21:09:26.686 [main] DEBUG org.springframework.context.annotation.ClassPathScanningCandidateComponentProvider - Identified candidate component class: file [/home/stbenjam/git/h2ms/target/classes/edu/harvard/h2ms/H2MSRestAppInitializer.class]
21:09:26.687 [main] INFO org.springframework.boot.test.context.SpringBootTestContextBootstrapper - Found @SpringBootConfiguration edu.harvard.h2ms.H2MSRestAppInitializer for test class edu.harvard.h2ms.service.LocationServiceTests
21:09:26.690 [main] DEBUG org.springframework.boot.test.context.SpringBootTestContextBootstrapper - @TestExecutionListeners is not present for class [edu.harvard.h2ms.service.LocationServiceTests]: using defaults.
21:09:26.696 [main] INFO org.springframework.boot.test.context.SpringBootTestContextBootstrapper - Loaded default TestExecutionListener class names from location [META-INF/spring.factories]: [org.springframework.boot.test.mock.mockito.MockitoTestExecutionListener, org.springframework.boot.test.mock.mockito.ResetMocksTestExecutionListener, org.springframework.boot.test.autoconfigure.restdocs.RestDocsTestExecutionListener, org.springframework.boot.test.autoconfigure.web.client.MockRestServiceServerResetTestExecutionListener, org.springframework.boot.test.autoconfigure.web.servlet.MockMvcPrintOnlyOnFailureTestExecutionListener, org.springframework.boot.test.autoconfigure.web.servlet.WebDriverTestExecutionListener, org.springframework.test.context.web.ServletTestExecutionListener, org.springframework.test.context.support.DirtiesContextBeforeModesTestExecutionListener, org.springframework.test.context.support.DependencyInjectionTestExecutionListener, org.springframework.test.context.support.DirtiesContextTestExecutionListener, org.springframework.test.context.transaction.TransactionalTestExecutionListener, org.springframework.test.context.jdbc.SqlScriptsTestExecutionListener, org.springframework.security.test.context.support.WithSecurityContextTestExecutionListener]
21:09:26.744 [main] INFO org.springframework.boot.test.context.SpringBootTestContextBootstrapper - Using TestExecutionListeners: [org.springframework.test.context.web.ServletTestExecutionListener@63021689, org.springframework.test.context.support.DirtiesContextBeforeModesTestExecutionListener@703580bf, org.springframework.boot.test.autoconfigure.SpringBootDependencyInjectionTestExecutionListener@3e92efc3, org.springframework.test.context.support.DirtiesContextTestExecutionListener@1622f1b, org.springframework.test.context.transaction.TransactionalTestExecutionListener@72a7c7e0, org.springframework.test.context.jdbc.SqlScriptsTestExecutionListener@2e4b8173, org.springframework.security.test.context.support.WithSecurityContextTestExecutionListener@70e8f8e, org.springframework.boot.test.mock.mockito.MockitoTestExecutionListener@17046283, org.springframework.boot.test.mock.mockito.ResetMocksTestExecutionListener@5bd03f44, org.springframework.boot.test.autoconfigure.restdocs.RestDocsTestExecutionListener@29626d54, org.springframework.boot.test.autoconfigure.web.client.MockRestServiceServerResetTestExecutionListener@5a63f509, org.springframework.boot.test.autoconfigure.web.servlet.MockMvcPrintOnlyOnFailureTestExecutionListener@6e4784bc, org.springframework.boot.test.autoconfigure.web.servlet.WebDriverTestExecutionListener@34b7ac2f]
21:09:26.791 [main] DEBUG org.springframework.test.context.junit4.SpringJUnit4ClassRunner - SpringJUnit4ClassRunner constructor called with [class edu.harvard.h2ms.service.UserDetailsServiceTest]
21:09:26.792 [main] DEBUG org.springframework.test.context.BootstrapUtils - Instantiating CacheAwareContextLoaderDelegate from class [org.springframework.test.context.cache.DefaultCacheAwareContextLoaderDelegate]
21:09:26.792 [main] DEBUG org.springframework.test.context.BootstrapUtils - Instantiating BootstrapContext using constructor [public org.springframework.test.context.support.DefaultBootstrapContext(java.lang.Class,org.springframework.test.context.CacheAwareContextLoaderDelegate)]
21:09:26.793 [main] DEBUG org.springframework.test.context.BootstrapUtils - Instantiating TestContextBootstrapper for test class [edu.harvard.h2ms.service.UserDetailsServiceTest] from class [org.springframework.test.context.support.DefaultTestContextBootstrapper]
21:09:26.800 [main] INFO org.springframework.test.context.support.DefaultTestContextBootstrapper - Neither @ContextConfiguration nor @ContextHierarchy found for test class [edu.harvard.h2ms.service.UserDetailsServiceTest], using DelegatingSmartContextLoader
21:09:26.803 [main] DEBUG org.springframework.test.context.support.AbstractDelegatingSmartContextLoader - Delegating to GenericGroovyXmlContextLoader to process context configuration [ContextConfigurationAttributes@79e2c065 declaringClass = 'edu.harvard.h2ms.service.UserDetailsServiceTest', classes = '{}', locations = '{}', inheritLocations = false, initializers = '{}', inheritInitializers = true, name = [null], contextLoaderClass = 'org.springframework.test.context.ContextLoader'].
21:09:26.806 [main] DEBUG org.springframework.test.context.support.AbstractContextLoader - Did not detect default resource location for test class [edu.harvard.h2ms.service.UserDetailsServiceTest]: class path resource [edu/harvard/h2ms/service/UserDetailsServiceTest-context.xml] does not exist
21:09:26.809 [main] DEBUG org.springframework.test.context.support.AbstractContextLoader - Did not detect default resource location for test class [edu.harvard.h2ms.service.UserDetailsServiceTest]: class path resource [edu/harvard/h2ms/service/UserDetailsServiceTestContext.groovy] does not exist
21:09:26.809 [main] INFO org.springframework.test.context.support.AbstractContextLoader - Could not detect default resource locations for test class [edu.harvard.h2ms.service.UserDetailsServiceTest]: no resource found for suffixes {-context.xml, Context.groovy}.
21:09:26.810 [main] DEBUG org.springframework.test.context.support.AbstractDelegatingSmartContextLoader - Delegating to AnnotationConfigContextLoader to process context configuration [ContextConfigurationAttributes@79e2c065 declaringClass = 'edu.harvard.h2ms.service.UserDetailsServiceTest', classes = '{}', locations = '{}', inheritLocations = false, initializers = '{}', inheritInitializers = true, name = [null], contextLoaderClass = 'org.springframework.test.context.ContextLoader'].
21:09:26.814 [main] INFO org.springframework.test.context.support.AbstractDelegatingSmartContextLoader - AnnotationConfigContextLoader detected default configuration classes for context configuration [ContextConfigurationAttributes@79e2c065 declaringClass = 'edu.harvard.h2ms.service.UserDetailsServiceTest', classes = '{class edu.harvard.h2ms.service.UserDetailsServiceTest$UserDetailsServiceContextConfiguration}', locations = '{}', inheritLocations = false, initializers = '{}', inheritInitializers = true, name = [null], contextLoaderClass = 'org.springframework.test.context.ContextLoader'].
21:09:26.832 [main] DEBUG org.springframework.test.context.support.ActiveProfilesUtils - Could not find an 'annotation declaring class' for annotation type [org.springframework.test.context.ActiveProfiles] and class [edu.harvard.h2ms.service.UserDetailsServiceTest]
21:09:26.832 [main] DEBUG org.springframework.test.context.support.DefaultTestContextBootstrapper - @TestExecutionListeners is not present for class [edu.harvard.h2ms.service.UserDetailsServiceTest]: using defaults.
21:09:26.835 [main] INFO org.springframework.test.context.support.DefaultTestContextBootstrapper - Loaded default TestExecutionListener class names from location [META-INF/spring.factories]: [org.springframework.boot.test.mock.mockito.MockitoTestExecutionListener, org.springframework.boot.test.mock.mockito.ResetMocksTestExecutionListener, org.springframework.boot.test.autoconfigure.restdocs.RestDocsTestExecutionListener, org.springframework.boot.test.autoconfigure.web.client.MockRestServiceServerResetTestExecutionListener, org.springframework.boot.test.autoconfigure.web.servlet.MockMvcPrintOnlyOnFailureTestExecutionListener, org.springframework.boot.test.autoconfigure.web.servlet.WebDriverTestExecutionListener, org.springframework.test.context.web.ServletTestExecutionListener, org.springframework.test.context.support.DirtiesContextBeforeModesTestExecutionListener, org.springframework.test.context.support.DependencyInjectionTestExecutionListener, org.springframework.test.context.support.DirtiesContextTestExecutionListener, org.springframework.test.context.transaction.TransactionalTestExecutionListener, org.springframework.test.context.jdbc.SqlScriptsTestExecutionListener, org.springframework.security.test.context.support.WithSecurityContextTestExecutionListener]
21:09:26.835 [main] INFO org.springframework.test.context.support.DefaultTestContextBootstrapper - Using TestExecutionListeners: [org.springframework.test.context.web.ServletTestExecutionListener@6302bbb1, org.springframework.test.context.support.DirtiesContextBeforeModesTestExecutionListener@31304f14, org.springframework.test.context.support.DependencyInjectionTestExecutionListener@34a3d150, org.springframework.test.context.support.DirtiesContextTestExecutionListener@2a4fb17b, org.springframework.test.context.transaction.TransactionalTestExecutionListener@5c6648b0, org.springframework.test.context.jdbc.SqlScriptsTestExecutionListener@6f1de4c7, org.springframework.security.test.context.support.WithSecurityContextTestExecutionListener@459e9125, org.springframework.boot.test.mock.mockito.MockitoTestExecutionListener@128d2484, org.springframework.boot.test.mock.mockito.ResetMocksTestExecutionListener@7cc0cdad, org.springframework.boot.test.autoconfigure.restdocs.RestDocsTestExecutionListener@7c7b252e, org.springframework.boot.test.autoconfigure.web.client.MockRestServiceServerResetTestExecutionListener@4d5d943d, org.springframework.boot.test.autoconfigure.web.servlet.MockMvcPrintOnlyOnFailureTestExecutionListener@368f2016, org.springframework.boot.test.autoconfigure.web.servlet.WebDriverTestExecutionListener@4c583ecf]
21:09:26.838 [main] DEBUG org.springframework.test.context.junit4.SpringJUnit4ClassRunner - SpringJUnit4ClassRunner constructor called with [class edu.harvard.h2ms.domain.core.UserTest]
21:09:26.838 [main] DEBUG org.springframework.test.context.BootstrapUtils - Instantiating CacheAwareContextLoaderDelegate from class [org.springframework.test.context.cache.DefaultCacheAwareContextLoaderDelegate]
21:09:26.839 [main] DEBUG org.springframework.test.context.BootstrapUtils - Instantiating BootstrapContext using constructor [public org.springframework.test.context.support.DefaultBootstrapContext(java.lang.Class,org.springframework.test.context.CacheAwareContextLoaderDelegate)]
21:09:26.839 [main] DEBUG org.springframework.test.context.BootstrapUtils - Instantiating TestContextBootstrapper for test class [edu.harvard.h2ms.domain.core.UserTest] from class [org.springframework.boot.test.context.SpringBootTestContextBootstrapper]
21:09:26.840 [main] INFO org.springframework.boot.test.context.SpringBootTestContextBootstrapper - Neither @ContextConfiguration nor @ContextHierarchy found for test class [edu.harvard.h2ms.domain.core.UserTest], using SpringBootContextLoader
21:09:26.842 [main] DEBUG org.springframework.test.context.support.AbstractContextLoader - Did not detect default resource location for test class [edu.harvard.h2ms.domain.core.UserTest]: class path resource [edu/harvard/h2ms/domain/core/UserTest-context.xml] does not exist
21:09:26.845 [main] DEBUG org.springframework.test.context.support.AbstractContextLoader - Did not detect default resource location for test class [edu.harvard.h2ms.domain.core.UserTest]: class path resource [edu/harvard/h2ms/domain/core/UserTestContext.groovy] does not exist
21:09:26.848 [main] INFO org.springframework.test.context.support.AbstractContextLoader - Could not detect default resource locations for test class [edu.harvard.h2ms.domain.core.UserTest]: no resource found for suffixes {-context.xml, Context.groovy}.
21:09:26.849 [main] INFO org.springframework.test.context.support.AnnotationConfigContextLoaderUtils - Could not detect default configuration classes for test class [edu.harvard.h2ms.domain.core.UserTest]: UserTest does not declare any static, non-private, non-final, nested classes annotated with @Configuration.
21:09:26.895 [main] DEBUG org.springframework.test.context.support.ActiveProfilesUtils - Could not find an 'annotation declaring class' for annotation type [org.springframework.test.context.ActiveProfiles] and class [edu.harvard.h2ms.domain.core.UserTest]
21:09:26.896 [main] DEBUG org.springframework.core.env.StandardEnvironment - Adding PropertySource 'systemProperties' with lowest search precedence
21:09:26.896 [main] DEBUG org.springframework.core.env.StandardEnvironment - Adding PropertySource 'systemEnvironment' with lowest search precedence
21:09:26.897 [main] DEBUG org.springframework.core.env.StandardEnvironment - Initialized StandardEnvironment with PropertySources [MapPropertySource@1276611190 {name='systemProperties', properties={java.runtime.name=OpenJDK Runtime Environment, sun.boot.library.path=/usr/lib/jvm/java-1.8.0-openjdk-1.8.0.161-0.b14.fc27.x86_64/jre/lib/amd64, java.vm.version=25.161-b14, java.vm.vendor=Oracle Corporation, java.vendor.url=http://java.oracle.com/, path.separator=:, java.vm.name=OpenJDK 64-Bit Server VM, file.encoding.pkg=sun.io, user.country=US, sun.java.launcher=SUN_STANDARD, sun.os.patch.level=unknown, java.vm.specification.name=Java Virtual Machine Specification, user.dir=/home/stbenjam/git/h2ms, java.runtime.version=1.8.0_161-b14, basedir=/home/stbenjam/git/h2ms, java.awt.graphicsenv=sun.awt.X11GraphicsEnvironment, java.endorsed.dirs=/usr/lib/jvm/java-1.8.0-openjdk-1.8.0.161-0.b14.fc27.x86_64/jre/lib/endorsed, os.arch=amd64, surefire.real.class.path=/home/stbenjam/git/h2ms/target/surefire/surefirebooter618343035117595110.jar, java.io.tmpdir=/tmp, line.separator=
, java.vm.specification.vendor=Oracle Corporation, os.name=Linux, sun.jnu.encoding=UTF-8, java.library.path=/usr/java/packages/lib/amd64:/usr/lib64:/lib64:/lib:/usr/lib, surefire.test.class.path=/home/stbenjam/git/h2ms/target/test-classes:/home/stbenjam/git/h2ms/target/classes:/home/stbenjam/.m2/repository/org/springframework/boot/spring-boot-starter-data-rest/1.5.10.RELEASE/spring-boot-starter-data-rest-1.5.10.RELEASE.jar:/home/stbenjam/.m2/repository/org/springframework/boot/spring-boot-starter/1.5.10.RELEASE/spring-boot-starter-1.5.10.RELEASE.jar:/home/stbenjam/.m2/repository/org/springframework/boot/spring-boot/1.5.10.RELEASE/spring-boot-1.5.10.RELEASE.jar:/home/stbenjam/.m2/repository/org/springframework/boot/spring-boot-autoconfigure/1.5.10.RELEASE/spring-boot-autoconfigure-1.5.10.RELEASE.jar:/home/stbenjam/.m2/repository/org/springframework/boot/spring-boot-starter-logging/1.5.10.RELEASE/spring-boot-starter-logging-1.5.10.RELEASE.jar:/home/stbenjam/.m2/repository/ch/qos/logback/logback-classic/1.1.11/logback-classic-1.1.11.jar:/home/stbenjam/.m2/repository/ch/qos/logback/logback-core/1.1.11/logback-core-1.1.11.jar:/home/stbenjam/.m2/repository/org/slf4j/jul-to-slf4j/1.7.25/jul-to-slf4j-1.7.25.jar:/home/stbenjam/.m2/repository/org/slf4j/log4j-over-slf4j/1.7.25/log4j-over-slf4j-1.7.25.jar:/home/stbenjam/.m2/repository/org/yaml/snakeyaml/1.17/snakeyaml-1.17.jar:/home/stbenjam/.m2/repository/com/fasterxml/jackson/core/jackson-annotations/2.8.0/jackson-annotations-2.8.0.jar:/home/stbenjam/.m2/repository/org/springframework/data/spring-data-rest-webmvc/2.6.10.RELEASE/spring-data-rest-webmvc-2.6.10.RELEASE.jar:/home/stbenjam/.m2/repository/org/springframework/data/spring-data-rest-core/2.6.10.RELEASE/spring-data-rest-core-2.6.10.RELEASE.jar:/home/stbenjam/.m2/repository/org/atteo/evo-inflector/1.2.2/evo-inflector-1.2.2.jar:/home/stbenjam/.m2/repository/org/slf4j/jcl-over-slf4j/1.7.25/jcl-over-slf4j-1.7.25.jar:/home/stbenjam/.m2/repository/org/springframework/boot/spring-boot-starter-web/1.5.10.RELEASE/spring-boot-starter-web-1.5.10.RELEASE.jar:/home/stbenjam/.m2/repository/org/springframework/boot/spring-boot-starter-tomcat/1.5.10.RELEASE/spring-boot-starter-tomcat-1.5.10.RELEASE.jar:/home/stbenjam/.m2/repository/org/apache/tomcat/embed/tomcat-embed-core/8.5.27/tomcat-embed-core-8.5.27.jar:/home/stbenjam/.m2/repository/org/apache/tomcat/tomcat-annotations-api/8.5.27/tomcat-annotations-api-8.5.27.jar:/home/stbenjam/.m2/repository/org/apache/tomcat/embed/tomcat-embed-el/8.5.27/tomcat-embed-el-8.5.27.jar:/home/stbenjam/.m2/repository/org/apache/tomcat/embed/tomcat-embed-websocket/8.5.27/tomcat-embed-websocket-8.5.27.jar:/home/stbenjam/.m2/repository/org/hibernate/hibernate-validator/5.3.6.Final/hibernate-validator-5.3.6.Final.jar:/home/stbenjam/.m2/repository/javax/validation/validation-api/1.1.0.Final/validation-api-1.1.0.Final.jar:/home/stbenjam/.m2/repository/org/jboss/logging/jboss-logging/3.3.1.Final/jboss-logging-3.3.1.Final.jar:/home/stbenjam/.m2/repository/org/springframework/spring-web/4.3.14.RELEASE/spring-web-4.3.14.RELEASE.jar:/home/stbenjam/.m2/repository/org/springframework/spring-webmvc/4.3.14.RELEASE/spring-webmvc-4.3.14.RELEASE.jar:/home/stbenjam/.m2/repository/org/springframework/spring-expression/4.3.14.RELEASE/spring-expression-4.3.14.RELEASE.jar:/home/stbenjam/.m2/repository/org/springframework/boot/spring-boot-starter-thymeleaf/1.5.10.RELEASE/spring-boot-starter-thymeleaf-1.5.10.RELEASE.jar:/home/stbenjam/.m2/repository/org/thymeleaf/thymeleaf-spring4/2.1.6.RELEASE/thymeleaf-spring4-2.1.6.RELEASE.jar:/home/stbenjam/.m2/repository/org/thymeleaf/thymeleaf/2.1.6.RELEASE/thymeleaf-2.1.6.RELEASE.jar:/home/stbenjam/.m2/repository/ognl/ognl/3.0.8/ognl-3.0.8.jar:/home/stbenjam/.m2/repository/org/unbescape/unbescape/1.1.0.RELEASE/unbescape-1.1.0.RELEASE.jar:/home/stbenjam/.m2/repository/nz/net/ultraq/thymeleaf/thymeleaf-layout-dialect/1.4.0/thymeleaf-layout-dialect-1.4.0.jar:/home/stbenjam/.m2/repository/org/codehaus/groovy/groovy/2.4.13/groovy-2.4.13.jar:/home/stbenjam/.m2/repository/org/springframework/boot/spring-boot-starter-test/1.5.10.RELEASE/spring-boot-starter-test-1.5.10.RELEASE.jar:/home/stbenjam/.m2/repository/org/springframework/boot/spring-boot-test/1.5.10.RELEASE/spring-boot-test-1.5.10.RELEASE.jar:/home/stbenjam/.m2/repository/org/springframework/boot/spring-boot-test-autoconfigure/1.5.10.RELEASE/spring-boot-test-autoconfigure-1.5.10.RELEASE.jar:/home/stbenjam/.m2/repository/com/jayway/jsonpath/json-path/2.2.0/json-path-2.2.0.jar:/home/stbenjam/.m2/repository/net/minidev/json-smart/2.2.1/json-smart-2.2.1.jar:/home/stbenjam/.m2/repository/net/minidev/accessors-smart/1.1/accessors-smart-1.1.jar:/home/stbenjam/.m2/repository/org/ow2/asm/asm/5.0.3/asm-5.0.3.jar:/home/stbenjam/.m2/repository/junit/junit/4.12/junit-4.12.jar:/home/stbenjam/.m2/repository/org/assertj/assertj-core/2.6.0/assertj-core-2.6.0.jar:/home/stbenjam/.m2/repository/org/mockito/mockito-core/1.10.19/mockito-core-1.10.19.jar:/home/stbenjam/.m2/repository/org/objenesis/objenesis/2.1/objenesis-2.1.jar:/home/stbenjam/.m2/repository/org/hamcrest/hamcrest-core/1.3/hamcrest-core-1.3.jar:/home/stbenjam/.m2/repository/org/hamcrest/hamcrest-library/1.3/hamcrest-library-1.3.jar:/home/stbenjam/.m2/repository/org/skyscreamer/jsonassert/1.4.0/jsonassert-1.4.0.jar:/home/stbenjam/.m2/repository/org/springframework/spring-core/4.3.14.RELEASE/spring-core-4.3.14.RELEASE.jar:/home/stbenjam/.m2/repository/org/springframework/spring-test/4.3.14.RELEASE/spring-test-4.3.14.RELEASE.jar:/home/stbenjam/.m2/repository/org/springframework/restdocs/spring-restdocs-mockmvc/1.1.3.RELEASE/spring-restdocs-mockmvc-1.1.3.RELEASE.jar:/home/stbenjam/.m2/repository/org/springframework/restdocs/spring-restdocs-core/1.1.3.RELEASE/spring-restdocs-core-1.1.3.RELEASE.jar:/home/stbenjam/.m2/repository/javax/servlet/javax.servlet-api/3.1.0/javax.servlet-api-3.1.0.jar:/home/stbenjam/.m2/repository/org/springframework/boot/spring-boot-starter-data-jpa/1.5.10.RELEASE/spring-boot-starter-data-jpa-1.5.10.RELEASE.jar:/home/stbenjam/.m2/repository/org/springframework/boot/spring-boot-starter-aop/1.5.10.RELEASE/spring-boot-starter-aop-1.5.10.RELEASE.jar:/home/stbenjam/.m2/repository/org/aspectj/aspectjweaver/1.8.13/aspectjweaver-1.8.13.jar:/home/stbenjam/.m2/repository/org/springframework/boot/spring-boot-starter-jdbc/1.5.10.RELEASE/spring-boot-starter-jdbc-1.5.10.RELEASE.jar:/home/stbenjam/.m2/repository/org/apache/tomcat/tomcat-jdbc/8.5.27/tomcat-jdbc-8.5.27.jar:/home/stbenjam/.m2/repository/org/apache/tomcat/tomcat-juli/8.5.27/tomcat-juli-8.5.27.jar:/home/stbenjam/.m2/repository/org/springframework/spring-jdbc/4.3.14.RELEASE/spring-jdbc-4.3.14.RELEASE.jar:/home/stbenjam/.m2/repository/org/hibernate/hibernate-core/5.0.12.Final/hibernate-core-5.0.12.Final.jar:/home/stbenjam/.m2/repository/org/hibernate/javax/persistence/hibernate-jpa-2.1-api/1.0.0.Final/hibernate-jpa-2.1-api-1.0.0.Final.jar:/home/stbenjam/.m2/repository/org/javassist/javassist/3.21.0-GA/javassist-3.21.0-GA.jar:/home/stbenjam/.m2/repository/antlr/antlr/2.7.7/antlr-2.7.7.jar:/home/stbenjam/.m2/repository/org/jboss/jandex/2.0.0.Final/jandex-2.0.0.Final.jar:/home/stbenjam/.m2/repository/dom4j/dom4j/1.6.1/dom4j-1.6.1.jar:/home/stbenjam/.m2/repository/org/hibernate/common/hibernate-commons-annotations/5.0.1.Final/hibernate-commons-annotations-5.0.1.Final.jar:/home/stbenjam/.m2/repository/org/hibernate/hibernate-entitymanager/5.0.12.Final/hibernate-entitymanager-5.0.12.Final.jar:/home/stbenjam/.m2/repository/javax/transaction/javax.transaction-api/1.2/javax.transaction-api-1.2.jar:/home/stbenjam/.m2/repository/org/springframework/data/spring-data-jpa/1.11.10.RELEASE/spring-data-jpa-1.11.10.RELEASE.jar:/home/stbenjam/.m2/repository/org/springframework/data/spring-data-commons/1.13.10.RELEASE/spring-data-commons-1.13.10.RELEASE.jar:/home/stbenjam/.m2/repository/org/springframework/spring-orm/4.3.14.RELEASE/spring-orm-4.3.14.RELEASE.jar:/home/stbenjam/.m2/repository/org/springframework/spring-tx/4.3.14.RELEASE/spring-tx-4.3.14.RELEASE.jar:/home/stbenjam/.m2/repository/org/springframework/spring-aspects/4.3.14.RELEASE/spring-aspects-4.3.14.RELEASE.jar:/home/stbenjam/.m2/repository/com/h2database/h2/1.4.196/h2-1.4.196.jar:/home/stbenjam/.m2/repository/org/postgresql/postgresql/9.4-1206-jdbc42/postgresql-9.4-1206-jdbc42.jar:/home/stbenjam/.m2/repository/log4j/log4j/1.2.17/log4j-1.2.17.jar:/home/stbenjam/.m2/repository/com/google/guava/guava/19.0/guava-19.0.jar:/home/stbenjam/.m2/repository/javax/mail/mail/1.4/mail-1.4.jar:/home/stbenjam/.m2/repository/javax/activation/activation/1.1/activation-1.1.jar:/home/stbenjam/.m2/repository/org/springframework/boot/spring-boot-starter-security/1.5.10.RELEASE/spring-boot-starter-security-1.5.10.RELEASE.jar:/home/stbenjam/.m2/repository/org/springframework/spring-aop/4.3.14.RELEASE/spring-aop-4.3.14.RELEASE.jar:/home/stbenjam/.m2/repository/org/springframework/security/spring-security-config/4.2.4.RELEASE/spring-security-config-4.2.4.RELEASE.jar:/home/stbenjam/.m2/repository/org/springframework/security/spring-security-web/4.2.4.RELEASE/spring-security-web-4.2.4.RELEASE.jar:/home/stbenjam/.m2/repository/org/springframework/boot/spring-boot-starter-mail/1.4.3.RELEASE/spring-boot-starter-mail-1.4.3.RELEASE.jar:/home/stbenjam/.m2/repository/org/springframework/spring-context/4.3.14.RELEASE/spring-context-4.3.14.RELEASE.jar:/home/stbenjam/.m2/repository/com/sun/mail/javax.mail/1.5.6/javax.mail-1.5.6.jar:/home/stbenjam/.m2/repository/com/icegreen/greenmail/1.5.5/greenmail-1.5.5.jar:/home/stbenjam/.m2/repository/org/slf4j/slf4j-api/1.7.25/slf4j-api-1.7.25.jar:/home/stbenjam/.m2/repository/org/springframework/security/spring-security-test/4.2.4.RELEASE/spring-security-test-4.2.4.RELEASE.jar:/home/stbenjam/.m2/repository/org/springframework/security/spring-security-core/4.2.4.RELEASE/spring-security-core-4.2.4.RELEASE.jar:/home/stbenjam/.m2/repository/aopalliance/aopalliance/1.0/aopalliance-1.0.jar:/home/stbenjam/.m2/repository/org/springframework/security/oauth/spring-security-oauth2/2.0.14.RELEASE/spring-security-oauth2-2.0.14.RELEASE.jar:/home/stbenjam/.m2/repository/org/springframework/spring-beans/4.3.14.RELEASE/spring-beans-4.3.14.RELEASE.jar:/home/stbenjam/.m2/repository/commons-codec/commons-codec/1.10/commons-codec-1.10.jar:/home/stbenjam/.m2/repository/org/codehaus/jackson/jackson-mapper-asl/1.9.13/jackson-mapper-asl-1.9.13.jar:/home/stbenjam/.m2/repository/org/codehaus/jackson/jackson-core-asl/1.9.13/jackson-core-asl-1.9.13.jar:/home/stbenjam/.m2/repository/io/springfox/springfox-swagger2/2.8.0/springfox-swagger2-2.8.0.jar:/home/stbenjam/.m2/repository/io/swagger/swagger-annotations/1.5.14/swagger-annotations-1.5.14.jar:/home/stbenjam/.m2/repository/io/swagger/swagger-models/1.5.14/swagger-models-1.5.14.jar:/home/stbenjam/.m2/repository/io/springfox/springfox-spi/2.8.0/springfox-spi-2.8.0.jar:/home/stbenjam/.m2/repository/io/springfox/springfox-core/2.8.0/springfox-core-2.8.0.jar:/home/stbenjam/.m2/repository/net/bytebuddy/byte-buddy/1.7.9/byte-buddy-1.7.9.jar:/home/stbenjam/.m2/repository/io/springfox/springfox-schema/2.8.0/springfox-schema-2.8.0.jar:/home/stbenjam/.m2/repository/io/springfox/springfox-swagger-common/2.8.0/springfox-swagger-common-2.8.0.jar:/home/stbenjam/.m2/repository/io/springfox/springfox-spring-web/2.8.0/springfox-spring-web-2.8.0.jar:/home/stbenjam/.m2/repository/org/reflections/reflections/0.9.11/reflections-0.9.11.jar:/home/stbenjam/.m2/repository/com/fasterxml/classmate/1.3.4/classmate-1.3.4.jar:/home/stbenjam/.m2/repository/org/springframework/plugin/spring-plugin-core/1.2.0.RELEASE/spring-plugin-core-1.2.0.RELEASE.jar:/home/stbenjam/.m2/repository/org/springframework/plugin/spring-plugin-metadata/1.2.0.RELEASE/spring-plugin-metadata-1.2.0.RELEASE.jar:/home/stbenjam/.m2/repository/org/mapstruct/mapstruct/1.2.0.Final/mapstruct-1.2.0.Final.jar:/home/stbenjam/.m2/repository/io/springfox/springfox-swagger-ui/2.8.0/springfox-swagger-ui-2.8.0.jar:/home/stbenjam/.m2/repository/io/springfox/springfox-data-rest/2.8.0/springfox-data-rest-2.8.0.jar:/home/stbenjam/.m2/repository/org/springframework/hateoas/spring-hateoas/0.23.0.RELEASE/spring-hateoas-0.23.0.RELEASE.jar:/home/stbenjam/.m2/repository/org/usb4java/usb4java-javax/1.2.0/usb4java-javax-1.2.0.jar:/home/stbenjam/.m2/repository/javax/usb/usb-api/1.0.2/usb-api-1.0.2.jar:/home/stbenjam/.m2/repository/org/apache/commons/commons-lang3/3.2.1/commons-lang3-3.2.1.jar:/home/stbenjam/.m2/repository/org/usb4java/usb4java/1.2.0/usb4java-1.2.0.jar:/home/stbenjam/.m2/repository/org/usb4java/libusb4java/1.2.0/libusb4java-1.2.0-linux-x86.jar:/home/stbenjam/.m2/repository/org/usb4java/libusb4java/1.2.0/libusb4java-1.2.0-linux-x86_64.jar:/home/stbenjam/.m2/repository/org/usb4java/libusb4java/1.2.0/libusb4java-1.2.0-linux-arm.jar:/home/stbenjam/.m2/repository/org/usb4java/libusb4java/1.2.0/libusb4java-1.2.0-windows-x86.jar:/home/stbenjam/.m2/repository/org/usb4java/libusb4java/1.2.0/libusb4java-1.2.0-windows-x86_64.jar:/home/stbenjam/.m2/repository/org/usb4java/libusb4java/1.2.0/libusb4java-1.2.0-osx-x86.jar:/home/stbenjam/.m2/repository/org/usb4java/libusb4java/1.2.0/libusb4java-1.2.0-osx-x86_64.jar:/home/stbenjam/.m2/repository/org/mockito/mockito-all/1.9.5/mockito-all-1.9.5.jar:/home/stbenjam/.m2/repository/com/fasterxml/jackson/core/jackson-databind/2.5.0/jackson-databind-2.5.0.jar:/home/stbenjam/.m2/repository/com/fasterxml/jackson/core/jackson-core/2.8.10/jackson-core-2.8.10.jar:/home/stbenjam/.m2/repository/com/vaadin/external/google/android-json/0.0.20131108.vaadin1/android-json-0.0.20131108.vaadin1.jar:/home/stbenjam/.m2/repository/com/tngtech/java/junit-dataprovider/1.13.1/junit-dataprovider-1.13.1.jar:/home/stbenjam/.m2/repository/org/springframework/spring-context-support/3.2.0.RELEASE/spring-context-support-3.2.0.RELEASE.jar:, java.specification.name=Java Platform API Specification, java.class.version=52.0, sun.management.compiler=HotSpot 64-Bit Tiered Compilers, os.version=4.14.14-300.fc27.x86_64, user.home=/home/stbenjam, user.timezone=America/New_York, java.awt.printerjob=sun.print.PSPrinterJob, file.encoding=UTF-8, java.specification.version=1.8, java.class.path=/home/stbenjam/git/h2ms/target/test-classes:/home/stbenjam/git/h2ms/target/classes:/home/stbenjam/.m2/repository/org/springframework/boot/spring-boot-starter-data-rest/1.5.10.RELEASE/spring-boot-starter-data-rest-1.5.10.RELEASE.jar:/home/stbenjam/.m2/repository/org/springframework/boot/spring-boot-starter/1.5.10.RELEASE/spring-boot-starter-1.5.10.RELEASE.jar:/home/stbenjam/.m2/repository/org/springframework/boot/spring-boot/1.5.10.RELEASE/spring-boot-1.5.10.RELEASE.jar:/home/stbenjam/.m2/repository/org/springframework/boot/spring-boot-autoconfigure/1.5.10.RELEASE/spring-boot-autoconfigure-1.5.10.RELEASE.jar:/home/stbenjam/.m2/repository/org/springframework/boot/spring-boot-starter-logging/1.5.10.RELEASE/spring-boot-starter-logging-1.5.10.RELEASE.jar:/home/stbenjam/.m2/repository/ch/qos/logback/logback-classic/1.1.11/logback-classic-1.1.11.jar:/home/stbenjam/.m2/repository/ch/qos/logback/logback-core/1.1.11/logback-core-1.1.11.jar:/home/stbenjam/.m2/repository/org/slf4j/jul-to-slf4j/1.7.25/jul-to-slf4j-1.7.25.jar:/home/stbenjam/.m2/repository/org/slf4j/log4j-over-slf4j/1.7.25/log4j-over-slf4j-1.7.25.jar:/home/stbenjam/.m2/repository/org/yaml/snakeyaml/1.17/snakeyaml-1.17.jar:/home/stbenjam/.m2/repository/com/fasterxml/jackson/core/jackson-annotations/2.8.0/jackson-annotations-2.8.0.jar:/home/stbenjam/.m2/repository/org/springframework/data/spring-data-rest-webmvc/2.6.10.RELEASE/spring-data-rest-webmvc-2.6.10.RELEASE.jar:/home/stbenjam/.m2/repository/org/springframework/data/spring-data-rest-core/2.6.10.RELEASE/spring-data-rest-core-2.6.10.RELEASE.jar:/home/stbenjam/.m2/repository/org/atteo/evo-inflector/1.2.2/evo-inflector-1.2.2.jar:/home/stbenjam/.m2/repository/org/slf4j/jcl-over-slf4j/1.7.25/jcl-over-slf4j-1.7.25.jar:/home/stbenjam/.m2/repository/org/springframework/boot/spring-boot-starter-web/1.5.10.RELEASE/spring-boot-starter-web-1.5.10.RELEASE.jar:/home/stbenjam/.m2/repository/org/springframework/boot/spring-boot-starter-tomcat/1.5.10.RELEASE/spring-boot-starter-tomcat-1.5.10.RELEASE.jar:/home/stbenjam/.m2/repository/org/apache/tomcat/embed/tomcat-embed-core/8.5.27/tomcat-embed-core-8.5.27.jar:/home/stbenjam/.m2/repository/org/apache/tomcat/tomcat-annotations-api/8.5.27/tomcat-annotations-api-8.5.27.jar:/home/stbenjam/.m2/repository/org/apache/tomcat/embed/tomcat-embed-el/8.5.27/tomcat-embed-el-8.5.27.jar:/home/stbenjam/.m2/repository/org/apache/tomcat/embed/tomcat-embed-websocket/8.5.27/tomcat-embed-websocket-8.5.27.jar:/home/stbenjam/.m2/repository/org/hibernate/hibernate-validator/5.3.6.Final/hibernate-validator-5.3.6.Final.jar:/home/stbenjam/.m2/repository/javax/validation/validation-api/1.1.0.Final/validation-api-1.1.0.Final.jar:/home/stbenjam/.m2/repository/org/jboss/logging/jboss-logging/3.3.1.Final/jboss-logging-3.3.1.Final.jar:/home/stbenjam/.m2/repository/org/springframework/spring-web/4.3.14.RELEASE/spring-web-4.3.14.RELEASE.jar:/home/stbenjam/.m2/repository/org/springframework/spring-webmvc/4.3.14.RELEASE/spring-webmvc-4.3.14.RELEASE.jar:/home/stbenjam/.m2/repository/org/springframework/spring-expression/4.3.14.RELEASE/spring-expression-4.3.14.RELEASE.jar:/home/stbenjam/.m2/repository/org/springframework/boot/spring-boot-starter-thymeleaf/1.5.10.RELEASE/spring-boot-starter-thymeleaf-1.5.10.RELEASE.jar:/home/stbenjam/.m2/repository/org/thymeleaf/thymeleaf-spring4/2.1.6.RELEASE/thymeleaf-spring4-2.1.6.RELEASE.jar:/home/stbenjam/.m2/repository/org/thymeleaf/thymeleaf/2.1.6.RELEASE/thymeleaf-2.1.6.RELEASE.jar:/home/stbenjam/.m2/repository/ognl/ognl/3.0.8/ognl-3.0.8.jar:/home/stbenjam/.m2/repository/org/unbescape/unbescape/1.1.0.RELEASE/unbescape-1.1.0.RELEASE.jar:/home/stbenjam/.m2/repository/nz/net/ultraq/thymeleaf/thymeleaf-layout-dialect/1.4.0/thymeleaf-layout-dialect-1.4.0.jar:/home/stbenjam/.m2/repository/org/codehaus/groovy/groovy/2.4.13/groovy-2.4.13.jar:/home/stbenjam/.m2/repository/org/springframework/boot/spring-boot-starter-test/1.5.10.RELEASE/spring-boot-starter-test-1.5.10.RELEASE.jar:/home/stbenjam/.m2/repository/org/springframework/boot/spring-boot-test/1.5.10.RELEASE/spring-boot-test-1.5.10.RELEASE.jar:/home/stbenjam/.m2/repository/org/springframework/boot/spring-boot-test-autoconfigure/1.5.10.RELEASE/spring-boot-test-autoconfigure-1.5.10.RELEASE.jar:/home/stbenjam/.m2/repository/com/jayway/jsonpath/json-path/2.2.0/json-path-2.2.0.jar:/home/stbenjam/.m2/repository/net/minidev/json-smart/2.2.1/json-smart-2.2.1.jar:/home/stbenjam/.m2/repository/net/minidev/accessors-smart/1.1/accessors-smart-1.1.jar:/home/stbenjam/.m2/repository/org/ow2/asm/asm/5.0.3/asm-5.0.3.jar:/home/stbenjam/.m2/repository/junit/junit/4.12/junit-4.12.jar:/home/stbenjam/.m2/repository/org/assertj/assertj-core/2.6.0/assertj-core-2.6.0.jar:/home/stbenjam/.m2/repository/org/mockito/mockito-core/1.10.19/mockito-core-1.10.19.jar:/home/stbenjam/.m2/repository/org/objenesis/objenesis/2.1/objenesis-2.1.jar:/home/stbenjam/.m2/repository/org/hamcrest/hamcrest-core/1.3/hamcrest-core-1.3.jar:/home/stbenjam/.m2/repository/org/hamcrest/hamcrest-library/1.3/hamcrest-library-1.3.jar:/home/stbenjam/.m2/repository/org/skyscreamer/jsonassert/1.4.0/jsonassert-1.4.0.jar:/home/stbenjam/.m2/repository/org/springframework/spring-core/4.3.14.RELEASE/spring-core-4.3.14.RELEASE.jar:/home/stbenjam/.m2/repository/org/springframework/spring-test/4.3.14.RELEASE/spring-test-4.3.14.RELEASE.jar:/home/stbenjam/.m2/repository/org/springframework/restdocs/spring-restdocs-mockmvc/1.1.3.RELEASE/spring-restdocs-mockmvc-1.1.3.RELEASE.jar:/home/stbenjam/.m2/repository/org/springframework/restdocs/spring-restdocs-core/1.1.3.RELEASE/spring-restdocs-core-1.1.3.RELEASE.jar:/home/stbenjam/.m2/repository/javax/servlet/javax.servlet-api/3.1.0/javax.servlet-api-3.1.0.jar:/home/stbenjam/.m2/repository/org/springframework/boot/spring-boot-starter-data-jpa/1.5.10.RELEASE/spring-boot-starter-data-jpa-1.5.10.RELEASE.jar:/home/stbenjam/.m2/repository/org/springframework/boot/spring-boot-starter-aop/1.5.10.RELEASE/spring-boot-starter-aop-1.5.10.RELEASE.jar:/home/stbenjam/.m2/repository/org/aspectj/aspectjweaver/1.8.13/aspectjweaver-1.8.13.jar:/home/stbenjam/.m2/repository/org/springframework/boot/spring-boot-starter-jdbc/1.5.10.RELEASE/spring-boot-starter-jdbc-1.5.10.RELEASE.jar:/home/stbenjam/.m2/repository/org/apache/tomcat/tomcat-jdbc/8.5.27/tomcat-jdbc-8.5.27.jar:/home/stbenjam/.m2/repository/org/apache/tomcat/tomcat-juli/8.5.27/tomcat-juli-8.5.27.jar:/home/stbenjam/.m2/repository/org/springframework/spring-jdbc/4.3.14.RELEASE/spring-jdbc-4.3.14.RELEASE.jar:/home/stbenjam/.m2/repository/org/hibernate/hibernate-core/5.0.12.Final/hibernate-core-5.0.12.Final.jar:/home/stbenjam/.m2/repository/org/hibernate/javax/persistence/hibernate-jpa-2.1-api/1.0.0.Final/hibernate-jpa-2.1-api-1.0.0.Final.jar:/home/stbenjam/.m2/repository/org/javassist/javassist/3.21.0-GA/javassist-3.21.0-GA.jar:/home/stbenjam/.m2/repository/antlr/antlr/2.7.7/antlr-2.7.7.jar:/home/stbenjam/.m2/repository/org/jboss/jandex/2.0.0.Final/jandex-2.0.0.Final.jar:/home/stbenjam/.m2/repository/dom4j/dom4j/1.6.1/dom4j-1.6.1.jar:/home/stbenjam/.m2/repository/org/hibernate/common/hibernate-commons-annotations/5.0.1.Final/hibernate-commons-annotations-5.0.1.Final.jar:/home/stbenjam/.m2/repository/org/hibernate/hibernate-entitymanager/5.0.12.Final/hibernate-entitymanager-5.0.12.Final.jar:/home/stbenjam/.m2/repository/javax/transaction/javax.transaction-api/1.2/javax.transaction-api-1.2.jar:/home/stbenjam/.m2/repository/org/springframework/data/spring-data-jpa/1.11.10.RELEASE/spring-data-jpa-1.11.10.RELEASE.jar:/home/stbenjam/.m2/repository/org/springframework/data/spring-data-commons/1.13.10.RELEASE/spring-data-commons-1.13.10.RELEASE.jar:/home/stbenjam/.m2/repository/org/springframework/spring-orm/4.3.14.RELEASE/spring-orm-4.3.14.RELEASE.jar:/home/stbenjam/.m2/repository/org/springframework/spring-tx/4.3.14.RELEASE/spring-tx-4.3.14.RELEASE.jar:/home/stbenjam/.m2/repository/org/springframework/spring-aspects/4.3.14.RELEASE/spring-aspects-4.3.14.RELEASE.jar:/home/stbenjam/.m2/repository/com/h2database/h2/1.4.196/h2-1.4.196.jar:/home/stbenjam/.m2/repository/org/postgresql/postgresql/9.4-1206-jdbc42/postgresql-9.4-1206-jdbc42.jar:/home/stbenjam/.m2/repository/log4j/log4j/1.2.17/log4j-1.2.17.jar:/home/stbenjam/.m2/repository/com/google/guava/guava/19.0/guava-19.0.jar:/home/stbenjam/.m2/repository/javax/mail/mail/1.4/mail-1.4.jar:/home/stbenjam/.m2/repository/javax/activation/activation/1.1/activation-1.1.jar:/home/stbenjam/.m2/repository/org/springframework/boot/spring-boot-starter-security/1.5.10.RELEASE/spring-boot-starter-security-1.5.10.RELEASE.jar:/home/stbenjam/.m2/repository/org/springframework/spring-aop/4.3.14.RELEASE/spring-aop-4.3.14.RELEASE.jar:/home/stbenjam/.m2/repository/org/springframework/security/spring-security-config/4.2.4.RELEASE/spring-security-config-4.2.4.RELEASE.jar:/home/stbenjam/.m2/repository/org/springframework/security/spring-security-web/4.2.4.RELEASE/spring-security-web-4.2.4.RELEASE.jar:/home/stbenjam/.m2/repository/org/springframework/boot/spring-boot-starter-mail/1.4.3.RELEASE/spring-boot-starter-mail-1.4.3.RELEASE.jar:/home/stbenjam/.m2/repository/org/springframework/spring-context/4.3.14.RELEASE/spring-context-4.3.14.RELEASE.jar:/home/stbenjam/.m2/repository/com/sun/mail/javax.mail/1.5.6/javax.mail-1.5.6.jar:/home/stbenjam/.m2/repository/com/icegreen/greenmail/1.5.5/greenmail-1.5.5.jar:/home/stbenjam/.m2/repository/org/slf4j/slf4j-api/1.7.25/slf4j-api-1.7.25.jar:/home/stbenjam/.m2/repository/org/springframework/security/spring-security-test/4.2.4.RELEASE/spring-security-test-4.2.4.RELEASE.jar:/home/stbenjam/.m2/repository/org/springframework/security/spring-security-core/4.2.4.RELEASE/spring-security-core-4.2.4.RELEASE.jar:/home/stbenjam/.m2/repository/aopalliance/aopalliance/1.0/aopalliance-1.0.jar:/home/stbenjam/.m2/repository/org/springframework/security/oauth/spring-security-oauth2/2.0.14.RELEASE/spring-security-oauth2-2.0.14.RELEASE.jar:/home/stbenjam/.m2/repository/org/springframework/spring-beans/4.3.14.RELEASE/spring-beans-4.3.14.RELEASE.jar:/home/stbenjam/.m2/repository/commons-codec/commons-codec/1.10/commons-codec-1.10.jar:/home/stbenjam/.m2/repository/org/codehaus/jackson/jackson-mapper-asl/1.9.13/jackson-mapper-asl-1.9.13.jar:/home/stbenjam/.m2/repository/org/codehaus/jackson/jackson-core-asl/1.9.13/jackson-core-asl-1.9.13.jar:/home/stbenjam/.m2/repository/io/springfox/springfox-swagger2/2.8.0/springfox-swagger2-2.8.0.jar:/home/stbenjam/.m2/repository/io/swagger/swagger-annotations/1.5.14/swagger-annotations-1.5.14.jar:/home/stbenjam/.m2/repository/io/swagger/swagger-models/1.5.14/swagger-models-1.5.14.jar:/home/stbenjam/.m2/repository/io/springfox/springfox-spi/2.8.0/springfox-spi-2.8.0.jar:/home/stbenjam/.m2/repository/io/springfox/springfox-core/2.8.0/springfox-core-2.8.0.jar:/home/stbenjam/.m2/repository/net/bytebuddy/byte-buddy/1.7.9/byte-buddy-1.7.9.jar:/home/stbenjam/.m2/repository/io/springfox/springfox-schema/2.8.0/springfox-schema-2.8.0.jar:/home/stbenjam/.m2/repository/io/springfox/springfox-swagger-common/2.8.0/springfox-swagger-common-2.8.0.jar:/home/stbenjam/.m2/repository/io/springfox/springfox-spring-web/2.8.0/springfox-spring-web-2.8.0.jar:/home/stbenjam/.m2/repository/org/reflections/reflections/0.9.11/reflections-0.9.11.jar:/home/stbenjam/.m2/repository/com/fasterxml/classmate/1.3.4/classmate-1.3.4.jar:/home/stbenjam/.m2/repository/org/springframework/plugin/spring-plugin-core/1.2.0.RELEASE/spring-plugin-core-1.2.0.RELEASE.jar:/home/stbenjam/.m2/repository/org/springframework/plugin/spring-plugin-metadata/1.2.0.RELEASE/spring-plugin-metadata-1.2.0.RELEASE.jar:/home/stbenjam/.m2/repository/org/mapstruct/mapstruct/1.2.0.Final/mapstruct-1.2.0.Final.jar:/home/stbenjam/.m2/repository/io/springfox/springfox-swagger-ui/2.8.0/springfox-swagger-ui-2.8.0.jar:/home/stbenjam/.m2/repository/io/springfox/springfox-data-rest/2.8.0/springfox-data-rest-2.8.0.jar:/home/stbenjam/.m2/repository/org/springframework/hateoas/spring-hateoas/0.23.0.RELEASE/spring-hateoas-0.23.0.RELEASE.jar:/home/stbenjam/.m2/repository/org/usb4java/usb4java-javax/1.2.0/usb4java-javax-1.2.0.jar:/home/stbenjam/.m2/repository/javax/usb/usb-api/1.0.2/usb-api-1.0.2.jar:/home/stbenjam/.m2/repository/org/apache/commons/commons-lang3/3.2.1/commons-lang3-3.2.1.jar:/home/stbenjam/.m2/repository/org/usb4java/usb4java/1.2.0/usb4java-1.2.0.jar:/home/stbenjam/.m2/repository/org/usb4java/libusb4java/1.2.0/libusb4java-1.2.0-linux-x86.jar:/home/stbenjam/.m2/repository/org/usb4java/libusb4java/1.2.0/libusb4java-1.2.0-linux-x86_64.jar:/home/stbenjam/.m2/repository/org/usb4java/libusb4java/1.2.0/libusb4java-1.2.0-linux-arm.jar:/home/stbenjam/.m2/repository/org/usb4java/libusb4java/1.2.0/libusb4java-1.2.0-windows-x86.jar:/home/stbenjam/.m2/repository/org/usb4java/libusb4java/1.2.0/libusb4java-1.2.0-windows-x86_64.jar:/home/stbenjam/.m2/repository/org/usb4java/libusb4java/1.2.0/libusb4java-1.2.0-osx-x86.jar:/home/stbenjam/.m2/repository/org/usb4java/libusb4java/1.2.0/libusb4java-1.2.0-osx-x86_64.jar:/home/stbenjam/.m2/repository/org/mockito/mockito-all/1.9.5/mockito-all-1.9.5.jar:/home/stbenjam/.m2/repository/com/fasterxml/jackson/core/jackson-databind/2.5.0/jackson-databind-2.5.0.jar:/home/stbenjam/.m2/repository/com/fasterxml/jackson/core/jackson-core/2.8.10/jackson-core-2.8.10.jar:/home/stbenjam/.m2/repository/com/vaadin/external/google/android-json/0.0.20131108.vaadin1/android-json-0.0.20131108.vaadin1.jar:/home/stbenjam/.m2/repository/com/tngtech/java/junit-dataprovider/1.13.1/junit-dataprovider-1.13.1.jar:/home/stbenjam/.m2/repository/org/springframework/spring-context-support/3.2.0.RELEASE/spring-context-support-3.2.0.RELEASE.jar:, user.name=stbenjam, java.vm.specification.version=1.8, sun.java.command=/home/stbenjam/git/h2ms/target/surefire/surefirebooter618343035117595110.jar /home/stbenjam/git/h2ms/target/surefire/surefire9035386188001234096tmp /home/stbenjam/git/h2ms/target/surefire/surefire_0343681757683274478tmp, java.home=/usr/lib/jvm/java-1.8.0-openjdk-1.8.0.161-0.b14.fc27.x86_64/jre, sun.arch.data.model=64, user.language=en, java.specification.vendor=Oracle Corporation, awt.toolkit=sun.awt.X11.XToolkit, java.vm.info=mixed mode, java.version=1.8.0_161, java.ext.dirs=/usr/lib/jvm/java-1.8.0-openjdk-1.8.0.161-0.b14.fc27.x86_64/jre/lib/ext:/usr/java/packages/lib/ext, sun.boot.class.path=/usr/lib/jvm/java-1.8.0-openjdk-1.8.0.161-0.b14.fc27.x86_64/jre/lib/resources.jar:/usr/lib/jvm/java-1.8.0-openjdk-1.8.0.161-0.b14.fc27.x86_64/jre/lib/rt.jar:/usr/lib/jvm/java-1.8.0-openjdk-1.8.0.161-0.b14.fc27.x86_64/jre/lib/sunrsasign.jar:/usr/lib/jvm/java-1.8.0-openjdk-1.8.0.161-0.b14.fc27.x86_64/jre/lib/jsse.jar:/usr/lib/jvm/java-1.8.0-openjdk-1.8.0.161-0.b14.fc27.x86_64/jre/lib/jce.jar:/usr/lib/jvm/java-1.8.0-openjdk-1.8.0.161-0.b14.fc27.x86_64/jre/lib/charsets.jar:/usr/lib/jvm/java-1.8.0-openjdk-1.8.0.161-0.b14.fc27.x86_64/jre/lib/jfr.jar:/usr/lib/jvm/java-1.8.0-openjdk-1.8.0.161-0.b14.fc27.x86_64/jre/classes, java.vendor=Oracle Corporation, localRepository=/home/stbenjam/.m2/repository, file.separator=/, java.vendor.url.bug=http://bugreport.sun.com/bugreport/, sun.io.unicode.encoding=UnicodeLittle, sun.cpu.endian=little, sun.desktop=gnome, sun.cpu.isalist=}}, SystemEnvironmentPropertySource@262457445 {name='systemEnvironment', properties={IRBRC=/home/stbenjam/.rvm/rubies/ruby-2.3.3/.irbrc, PATH=/home/stbenjam/.rvm/gems/ruby-2.3.3/bin:/home/stbenjam/.rvm/gems/ruby-2.3.3@global/bin:/home/stbenjam/.rvm/rubies/ruby-2.3.3/bin:/usr/local/bin:/usr/bin:/bin:/usr/local/sbin:/usr/sbin:/home/stbenjam/.local/bin:/home/stbenjam/bin:/home/stbenjam/.rvm/bin, rvm_silent_flag=, HISTCONTROL=ignoredups, XMODIFIERS=@im=ibus, GDMSESSION=gnome-xorg, rvm_quiet_flag=, GUESTFISH_RESTORE=\e[0m, DBUS_SESSION_BUS_ADDRESS=unix:path=/run/user/1000/bus,guid=0ff0c73f492cc1dc3846ae835aac7cd0, COLORTERM=truecolor, rvm_ruby_make_install=, rvm_niceness=, SESSION_MANAGER=local/unix:@/tmp/.ICE-unix/1818,unix/unix:/tmp/.ICE-unix/1818, USERNAME=stbenjam, rvm_version=1.29.1 (latest), PWD=/home/stbenjam/git/h2ms, MANAGERPID=1759, LESSOPEN=||/usr/bin/lesspipe.sh %s, PAGER=less, QTINC=/usr/lib64/qt-3.3/include, rvm_hook=, rvm_wrapper_name=, MY_RUBY_HOME=/home/stbenjam/.rvm/rubies/ruby-2.3.3, rvm_nightly_flag=, ZSH=/home/stbenjam/.oh-my-zsh, rvm_path=/home/stbenjam/.rvm, GUESTFISH_INIT=\e[1;34m, GNOME_DESKTOP_SESSION_ID=this-is-deprecated, SYSTEMD_NSS_BYPASS_BUS=1, DBUS_STARTER_ADDRESS=unix:path=/run/user/1000/bus,guid=0ff0c73f492cc1dc3846ae835aac7cd0, LC_CTYPE=en_US.UTF-8, SHLVL=2, LOADEDMODULES=, HISTSIZE=10000, JAVA_HOME=/usr/lib/jvm/java-1.8.0-openjdk-1.8.0.161-0.b14.fc27.x86_64, TERM=xterm-256color, XDG_SESSION_ID=2, rvm_script_name=, rvm_ruby_make=, rvm_docs_type=, _=/usr/lib/jvm/java-1.8.0-openjdk-1.8.0.161-0.b14.fc27.x86_64/jre/bin/java, MAVEN_PROJECTBASEDIR=/home/stbenjam/git/h2ms, DESKTOP_SESSION=gnome-xorg, XDG_MENU_PREFIX=gnome-, VTE_VERSION=5002, rvm_alias_expanded=, rvm_ruby_bits=, GEM_PATH=/home/stbenjam/.rvm/gems/ruby-2.3.3:/home/stbenjam/.rvm/gems/ruby-2.3.3@global, TILIX_ID=df6230d2-2679-42ab-bd7f-667d05988153, XAUTHORITY=/run/user/1000/gdm/Xauthority, INVOCATION_ID=2a8a59bd24d3424f8a519125eeaea755, XDG_DATA_DIRS=/home/stbenjam/.local/share/flatpak/exports/share/:/var/lib/flatpak/exports/share/:/usr/local/share/:/usr/share/, MODULEPATH=/etc/scl/modulefiles:/etc/scl/modulefiles:/usr/share/Modules/modulefiles:/etc/modulefiles:/usr/share/modulefiles, rvm_bin_flag=, VAGRANT_DEFAULT_PROVIDER=libvirt, XDG_CURRENT_DESKTOP=GNOME, JOURNAL_STREAM=9:35277, MAIL=/var/spool/mail/stbenjam, rvm_ruby_mode=, LOGNAME=stbenjam, rvm_proxy=, SHELL=/bin/zsh, rvm_sdk=, OLDPWD=/home/stbenjam/git/h2ms, GEM_HOME=/home/stbenjam/.rvm/gems/ruby-2.3.3, rvm_use_flag=, GIT=/bin/git, RUBY_VERSION=ruby-2.3.3, _system_name=Fedora, LESS=-R, XDG_SESSION_DESKTOP=gnome-xorg, LS_COLORS=rs=0:di=38;5;33:ln=38;5;51:mh=00:pi=40;38;5;11:so=38;5;13:do=38;5;5:bd=48;5;232;38;5;11:cd=48;5;232;38;5;3:or=48;5;232;38;5;9:mi=01;05;37;41:su=48;5;196;38;5;15:sg=48;5;11;38;5;16:ca=48;5;196;38;5;226:tw=48;5;10;38;5;16:ow=48;5;10;38;5;21:st=48;5;21;38;5;15:ex=38;5;40:*.tar=38;5;9:*.tgz=38;5;9:*.arc=38;5;9:*.arj=38;5;9:*.taz=38;5;9:*.lha=38;5;9:*.lz4=38;5;9:*.lzh=38;5;9:*.lzma=38;5;9:*.tlz=38;5;9:*.txz=38;5;9:*.tzo=38;5;9:*.t7z=38;5;9:*.zip=38;5;9:*.z=38;5;9:*.Z=38;5;9:*.dz=38;5;9:*.gz=38;5;9:*.lrz=38;5;9:*.lz=38;5;9:*.lzo=38;5;9:*.xz=38;5;9:*.zst=38;5;9:*.tzst=38;5;9:*.bz2=38;5;9:*.bz=38;5;9:*.tbz=38;5;9:*.tbz2=38;5;9:*.tz=38;5;9:*.deb=38;5;9:*.rpm=38;5;9:*.jar=38;5;9:*.war=38;5;9:*.ear=38;5;9:*.sar=38;5;9:*.rar=38;5;9:*.alz=38;5;9:*.ace=38;5;9:*.zoo=38;5;9:*.cpio=38;5;9:*.7z=38;5;9:*.rz=38;5;9:*.cab=38;5;9:*.wim=38;5;9:*.swm=38;5;9:*.dwm=38;5;9:*.esd=38;5;9:*.jpg=38;5;13:*.jpeg=38;5;13:*.mjpg=38;5;13:*.mjpeg=38;5;13:*.gif=38;5;13:*.bmp=38;5;13:*.pbm=38;5;13:*.pgm=38;5;13:*.ppm=38;5;13:*.tga=38;5;13:*.xbm=38;5;13:*.xpm=38;5;13:*.tif=38;5;13:*.tiff=38;5;13:*.png=38;5;13:*.svg=38;5;13:*.svgz=38;5;13:*.mng=38;5;13:*.pcx=38;5;13:*.mov=38;5;13:*.mpg=38;5;13:*.mpeg=38;5;13:*.m2v=38;5;13:*.mkv=38;5;13:*.webm=38;5;13:*.ogm=38;5;13:*.mp4=38;5;13:*.m4v=38;5;13:*.mp4v=38;5;13:*.vob=38;5;13:*.qt=38;5;13:*.nuv=38;5;13:*.wmv=38;5;13:*.asf=38;5;13:*.rm=38;5;13:*.rmvb=38;5;13:*.flc=38;5;13:*.avi=38;5;13:*.fli=38;5;13:*.flv=38;5;13:*.gl=38;5;13:*.dl=38;5;13:*.xcf=38;5;13:*.xwd=38;5;13:*.yuv=38;5;13:*.cgm=38;5;13:*.emf=38;5;13:*.ogv=38;5;13:*.ogx=38;5;13:*.aac=38;5;45:*.au=38;5;45:*.flac=38;5;45:*.m4a=38;5;45:*.mid=38;5;45:*.midi=38;5;45:*.mka=38;5;45:*.mp3=38;5;45:*.mpc=38;5;45:*.ogg=38;5;45:*.ra=38;5;45:*.wav=38;5;45:*.oga=38;5;45:*.opus=38;5;45:*.spx=38;5;45:*.xspf=38;5;45:, rvm_gemstone_package_file=, _system_arch=x86_64, rvm_bin_path=/home/stbenjam/.rvm/bin, QT_IM_MODULE=ibus, rvm_only_path_flag=, rvm_prefix=/home/stbenjam, LANG=en_US.UTF-8, XDG_SESSION_TYPE=x11, DISPLAY=:0, rvm_gemstone_url=, GDM_LANG=en_US.UTF-8, GUESTFISH_PS1=\[\e[1;32m\]><fs>\[\e[0;31m\] , LSCOLORS=Gxfxcxdxbxegedabagacad, _system_type=Linux, _system_version=27, GPG_TTY=/dev/pts/1, USER=stbenjam, rvm_ruby_file=, WINDOWPATH=2, XDG_SEAT=seat0, SSH_AUTH_SOCK=/run/user/1000/keyring/ssh, EDITOR=vim, HOSTNAME=ancient.bitbin.de, MODULESHOME=/usr/share/Modules, QTDIR=/usr/lib64/qt-3.3, XDG_RUNTIME_DIR=/run/user/1000, XDG_VTNR=2, GUESTFISH_OUTPUT=\e[0m, DBUS_STARTER_BUS_TYPE=session, QTLIB=/usr/lib64/qt-3.3/lib, HOME=/home/stbenjam}}]
21:09:26.901 [main] DEBUG org.springframework.core.io.support.PathMatchingResourcePatternResolver - Resolved classpath location [edu/harvard/h2ms/domain/core/] to resources [URL [file:/home/stbenjam/git/h2ms/target/test-classes/edu/harvard/h2ms/domain/core/], URL [file:/home/stbenjam/git/h2ms/target/classes/edu/harvard/h2ms/domain/core/]]
21:09:26.902 [main] DEBUG org.springframework.core.io.support.PathMatchingResourcePatternResolver - Looking for matching resources in directory tree [/home/stbenjam/git/h2ms/target/test-classes/edu/harvard/h2ms/domain/core]
21:09:26.902 [main] DEBUG org.springframework.core.io.support.PathMatchingResourcePatternResolver - Searching directory [/home/stbenjam/git/h2ms/target/test-classes/edu/harvard/h2ms/domain/core] for files matching pattern [/home/stbenjam/git/h2ms/target/test-classes/edu/harvard/h2ms/domain/core/*.class]
21:09:26.903 [main] DEBUG org.springframework.core.io.support.PathMatchingResourcePatternResolver - Looking for matching resources in directory tree [/home/stbenjam/git/h2ms/target/classes/edu/harvard/h2ms/domain/core]
21:09:26.906 [main] DEBUG org.springframework.core.io.support.PathMatchingResourcePatternResolver - Searching directory [/home/stbenjam/git/h2ms/target/classes/edu/harvard/h2ms/domain/core] for files matching pattern [/home/stbenjam/git/h2ms/target/classes/edu/harvard/h2ms/domain/core/*.class]
21:09:26.907 [main] DEBUG org.springframework.core.io.support.PathMatchingResourcePatternResolver - Resolved location pattern [classpath*:edu/harvard/h2ms/domain/core/*.class] to resources [file [/home/stbenjam/git/h2ms/target/test-classes/edu/harvard/h2ms/domain/core/UserTest.class], file [/home/stbenjam/git/h2ms/target/classes/edu/harvard/h2ms/domain/core/Answer.class], file [/home/stbenjam/git/h2ms/target/classes/edu/harvard/h2ms/domain/core/Event.class], file [/home/stbenjam/git/h2ms/target/classes/edu/harvard/h2ms/domain/core/EventTemplate.class], file [/home/stbenjam/git/h2ms/target/classes/edu/harvard/h2ms/domain/core/Location.class], file [/home/stbenjam/git/h2ms/target/classes/edu/harvard/h2ms/domain/core/Question.class], file [/home/stbenjam/git/h2ms/target/classes/edu/harvard/h2ms/domain/core/Reader.class], file [/home/stbenjam/git/h2ms/target/classes/edu/harvard/h2ms/domain/core/Role.class], file [/home/stbenjam/git/h2ms/target/classes/edu/harvard/h2ms/domain/core/User.class], file [/home/stbenjam/git/h2ms/target/classes/edu/harvard/h2ms/domain/core/WristBand.class]]
21:09:26.933 [main] DEBUG org.springframework.core.io.support.PathMatchingResourcePatternResolver - Resolved classpath location [edu/harvard/h2ms/domain/] to resources [URL [file:/home/stbenjam/git/h2ms/target/test-classes/edu/harvard/h2ms/domain/], URL [file:/home/stbenjam/git/h2ms/target/classes/edu/harvard/h2ms/domain/]]
21:09:26.933 [main] DEBUG org.springframework.core.io.support.PathMatchingResourcePatternResolver - Looking for matching resources in directory tree [/home/stbenjam/git/h2ms/target/test-classes/edu/harvard/h2ms/domain]
21:09:26.934 [main] DEBUG org.springframework.core.io.support.PathMatchingResourcePatternResolver - Searching directory [/home/stbenjam/git/h2ms/target/test-classes/edu/harvard/h2ms/domain] for files matching pattern [/home/stbenjam/git/h2ms/target/test-classes/edu/harvard/h2ms/domain/*.class]
21:09:26.935 [main] DEBUG org.springframework.core.io.support.PathMatchingResourcePatternResolver - Looking for matching resources in directory tree [/home/stbenjam/git/h2ms/target/classes/edu/harvard/h2ms/domain]
21:09:26.936 [main] DEBUG org.springframework.core.io.support.PathMatchingResourcePatternResolver - Searching directory [/home/stbenjam/git/h2ms/target/classes/edu/harvard/h2ms/domain] for files matching pattern [/home/stbenjam/git/h2ms/target/classes/edu/harvard/h2ms/domain/*.class]
21:09:26.937 [main] DEBUG org.springframework.core.io.support.PathMatchingResourcePatternResolver - Resolved location pattern [classpath*:edu/harvard/h2ms/domain/*.class] to resources []
21:09:26.940 [main] DEBUG org.springframework.core.io.support.PathMatchingResourcePatternResolver - Resolved classpath location [edu/harvard/h2ms/] to resources [URL [file:/home/stbenjam/git/h2ms/target/test-classes/edu/harvard/h2ms/], URL [file:/home/stbenjam/git/h2ms/target/classes/edu/harvard/h2ms/]]
21:09:26.940 [main] DEBUG org.springframework.core.io.support.PathMatchingResourcePatternResolver - Looking for matching resources in directory tree [/home/stbenjam/git/h2ms/target/test-classes/edu/harvard/h2ms]
21:09:26.940 [main] DEBUG org.springframework.core.io.support.PathMatchingResourcePatternResolver - Searching directory [/home/stbenjam/git/h2ms/target/test-classes/edu/harvard/h2ms] for files matching pattern [/home/stbenjam/git/h2ms/target/test-classes/edu/harvard/h2ms/*.class]
21:09:26.941 [main] DEBUG org.springframework.core.io.support.PathMatchingResourcePatternResolver - Looking for matching resources in directory tree [/home/stbenjam/git/h2ms/target/classes/edu/harvard/h2ms]
21:09:26.941 [main] DEBUG org.springframework.core.io.support.PathMatchingResourcePatternResolver - Searching directory [/home/stbenjam/git/h2ms/target/classes/edu/harvard/h2ms] for files matching pattern [/home/stbenjam/git/h2ms/target/classes/edu/harvard/h2ms/*.class]
21:09:26.942 [main] DEBUG org.springframework.core.io.support.PathMatchingResourcePatternResolver - Resolved location pattern [classpath*:edu/harvard/h2ms/*.class] to resources [file [/home/stbenjam/git/h2ms/target/classes/edu/harvard/h2ms/H2MSRestAppInitializer.class]]
21:09:26.943 [main] DEBUG org.springframework.context.annotation.ClassPathScanningCandidateComponentProvider - Identified candidate component class: file [/home/stbenjam/git/h2ms/target/classes/edu/harvard/h2ms/H2MSRestAppInitializer.class]
21:09:26.944 [main] INFO org.springframework.boot.test.context.SpringBootTestContextBootstrapper - Found @SpringBootConfiguration edu.harvard.h2ms.H2MSRestAppInitializer for test class edu.harvard.h2ms.domain.core.UserTest
21:09:26.948 [main] DEBUG org.springframework.boot.test.context.SpringBootTestContextBootstrapper - @TestExecutionListeners is not present for class [edu.harvard.h2ms.domain.core.UserTest]: using defaults.
21:09:26.951 [main] INFO org.springframework.boot.test.context.SpringBootTestContextBootstrapper - Loaded default TestExecutionListener class names from location [META-INF/spring.factories]: [org.springframework.boot.test.mock.mockito.MockitoTestExecutionListener, org.springframework.boot.test.mock.mockito.ResetMocksTestExecutionListener, org.springframework.boot.test.autoconfigure.restdocs.RestDocsTestExecutionListener, org.springframework.boot.test.autoconfigure.web.client.MockRestServiceServerResetTestExecutionListener, org.springframework.boot.test.autoconfigure.web.servlet.MockMvcPrintOnlyOnFailureTestExecutionListener, org.springframework.boot.test.autoconfigure.web.servlet.WebDriverTestExecutionListener, org.springframework.test.context.web.ServletTestExecutionListener, org.springframework.test.context.support.DirtiesContextBeforeModesTestExecutionListener, org.springframework.test.context.support.DependencyInjectionTestExecutionListener, org.springframework.test.context.support.DirtiesContextTestExecutionListener, org.springframework.test.context.transaction.TransactionalTestExecutionListener, org.springframework.test.context.jdbc.SqlScriptsTestExecutionListener, org.springframework.security.test.context.support.WithSecurityContextTestExecutionListener]
21:09:26.953 [main] INFO org.springframework.boot.test.context.SpringBootTestContextBootstrapper - Using TestExecutionListeners: [org.springframework.test.context.web.ServletTestExecutionListener@2b4bac49, org.springframework.test.context.support.DirtiesContextBeforeModesTestExecutionListener@fd07cbb, org.springframework.boot.test.autoconfigure.SpringBootDependencyInjectionTestExecutionListener@3571b748, org.springframework.test.context.support.DirtiesContextTestExecutionListener@3e96bacf, org.springframework.test.context.transaction.TransactionalTestExecutionListener@484970b0, org.springframework.test.context.jdbc.SqlScriptsTestExecutionListener@4470f8a6, org.springframework.security.test.context.support.WithSecurityContextTestExecutionListener@7c83dc97, org.springframework.boot.test.mock.mockito.MockitoTestExecutionListener@7748410a, org.springframework.boot.test.mock.mockito.ResetMocksTestExecutionListener@740773a3, org.springframework.boot.test.autoconfigure.restdocs.RestDocsTestExecutionListener@37f1104d, org.springframework.boot.test.autoconfigure.web.client.MockRestServiceServerResetTestExecutionListener@55740540, org.springframework.boot.test.autoconfigure.web.servlet.MockMvcPrintOnlyOnFailureTestExecutionListener@60015ef5, org.springframework.boot.test.autoconfigure.web.servlet.WebDriverTestExecutionListener@2f54a33d]
21:09:26.969 [main] DEBUG org.springframework.test.context.junit4.SpringJUnit4ClassRunner - SpringJUnit4ClassRunner constructor called with [class edu.harvard.h2ms.controllers.EventControllerTests]
21:09:26.970 [main] DEBUG org.springframework.test.context.BootstrapUtils - Instantiating CacheAwareContextLoaderDelegate from class [org.springframework.test.context.cache.DefaultCacheAwareContextLoaderDelegate]
21:09:26.973 [main] DEBUG org.springframework.test.context.BootstrapUtils - Instantiating BootstrapContext using constructor [public org.springframework.test.context.support.DefaultBootstrapContext(java.lang.Class,org.springframework.test.context.CacheAwareContextLoaderDelegate)]
21:09:26.976 [main] DEBUG org.springframework.test.context.BootstrapUtils - Instantiating TestContextBootstrapper for test class [edu.harvard.h2ms.controllers.EventControllerTests] from class [org.springframework.boot.test.context.SpringBootTestContextBootstrapper]
21:09:26.977 [main] INFO org.springframework.boot.test.context.SpringBootTestContextBootstrapper - Neither @ContextConfiguration nor @ContextHierarchy found for test class [edu.harvard.h2ms.controllers.EventControllerTests], using SpringBootContextLoader
21:09:26.984 [main] DEBUG org.springframework.test.context.support.AbstractContextLoader - Did not detect default resource location for test class [edu.harvard.h2ms.controllers.EventControllerTests]: class path resource [edu/harvard/h2ms/controllers/EventControllerTests-context.xml] does not exist
21:09:26.984 [main] DEBUG org.springframework.test.context.support.AbstractContextLoader - Did not detect default resource location for test class [edu.harvard.h2ms.controllers.EventControllerTests]: class path resource [edu/harvard/h2ms/controllers/EventControllerTestsContext.groovy] does not exist
21:09:26.988 [main] INFO org.springframework.test.context.support.AbstractContextLoader - Could not detect default resource locations for test class [edu.harvard.h2ms.controllers.EventControllerTests]: no resource found for suffixes {-context.xml, Context.groovy}.
21:09:26.988 [main] INFO org.springframework.test.context.support.AnnotationConfigContextLoaderUtils - Could not detect default configuration classes for test class [edu.harvard.h2ms.controllers.EventControllerTests]: EventControllerTests does not declare any static, non-private, non-final, nested classes annotated with @Configuration.
21:09:26.999 [main] DEBUG org.springframework.test.context.support.ActiveProfilesUtils - Could not find an 'annotation declaring class' for annotation type [org.springframework.test.context.ActiveProfiles] and class [edu.harvard.h2ms.controllers.EventControllerTests]
21:09:26.999 [main] DEBUG org.springframework.core.env.StandardEnvironment - Adding PropertySource 'systemProperties' with lowest search precedence
21:09:27.000 [main] DEBUG org.springframework.core.env.StandardEnvironment - Adding PropertySource 'systemEnvironment' with lowest search precedence
21:09:27.001 [main] DEBUG org.springframework.core.env.StandardEnvironment - Initialized StandardEnvironment with PropertySources [MapPropertySource@464676531 {name='systemProperties', properties={java.runtime.name=OpenJDK Runtime Environment, sun.boot.library.path=/usr/lib/jvm/java-1.8.0-openjdk-1.8.0.161-0.b14.fc27.x86_64/jre/lib/amd64, java.vm.version=25.161-b14, java.vm.vendor=Oracle Corporation, java.vendor.url=http://java.oracle.com/, path.separator=:, java.vm.name=OpenJDK 64-Bit Server VM, file.encoding.pkg=sun.io, user.country=US, sun.java.launcher=SUN_STANDARD, sun.os.patch.level=unknown, java.vm.specification.name=Java Virtual Machine Specification, user.dir=/home/stbenjam/git/h2ms, java.runtime.version=1.8.0_161-b14, basedir=/home/stbenjam/git/h2ms, java.awt.graphicsenv=sun.awt.X11GraphicsEnvironment, java.endorsed.dirs=/usr/lib/jvm/java-1.8.0-openjdk-1.8.0.161-0.b14.fc27.x86_64/jre/lib/endorsed, os.arch=amd64, surefire.real.class.path=/home/stbenjam/git/h2ms/target/surefire/surefirebooter618343035117595110.jar, java.io.tmpdir=/tmp, line.separator=
, java.vm.specification.vendor=Oracle Corporation, os.name=Linux, sun.jnu.encoding=UTF-8, java.library.path=/usr/java/packages/lib/amd64:/usr/lib64:/lib64:/lib:/usr/lib, surefire.test.class.path=/home/stbenjam/git/h2ms/target/test-classes:/home/stbenjam/git/h2ms/target/classes:/home/stbenjam/.m2/repository/org/springframework/boot/spring-boot-starter-data-rest/1.5.10.RELEASE/spring-boot-starter-data-rest-1.5.10.RELEASE.jar:/home/stbenjam/.m2/repository/org/springframework/boot/spring-boot-starter/1.5.10.RELEASE/spring-boot-starter-1.5.10.RELEASE.jar:/home/stbenjam/.m2/repository/org/springframework/boot/spring-boot/1.5.10.RELEASE/spring-boot-1.5.10.RELEASE.jar:/home/stbenjam/.m2/repository/org/springframework/boot/spring-boot-autoconfigure/1.5.10.RELEASE/spring-boot-autoconfigure-1.5.10.RELEASE.jar:/home/stbenjam/.m2/repository/org/springframework/boot/spring-boot-starter-logging/1.5.10.RELEASE/spring-boot-starter-logging-1.5.10.RELEASE.jar:/home/stbenjam/.m2/repository/ch/qos/logback/logback-classic/1.1.11/logback-classic-1.1.11.jar:/home/stbenjam/.m2/repository/ch/qos/logback/logback-core/1.1.11/logback-core-1.1.11.jar:/home/stbenjam/.m2/repository/org/slf4j/jul-to-slf4j/1.7.25/jul-to-slf4j-1.7.25.jar:/home/stbenjam/.m2/repository/org/slf4j/log4j-over-slf4j/1.7.25/log4j-over-slf4j-1.7.25.jar:/home/stbenjam/.m2/repository/org/yaml/snakeyaml/1.17/snakeyaml-1.17.jar:/home/stbenjam/.m2/repository/com/fasterxml/jackson/core/jackson-annotations/2.8.0/jackson-annotations-2.8.0.jar:/home/stbenjam/.m2/repository/org/springframework/data/spring-data-rest-webmvc/2.6.10.RELEASE/spring-data-rest-webmvc-2.6.10.RELEASE.jar:/home/stbenjam/.m2/repository/org/springframework/data/spring-data-rest-core/2.6.10.RELEASE/spring-data-rest-core-2.6.10.RELEASE.jar:/home/stbenjam/.m2/repository/org/atteo/evo-inflector/1.2.2/evo-inflector-1.2.2.jar:/home/stbenjam/.m2/repository/org/slf4j/jcl-over-slf4j/1.7.25/jcl-over-slf4j-1.7.25.jar:/home/stbenjam/.m2/repository/org/springframework/boot/spring-boot-starter-web/1.5.10.RELEASE/spring-boot-starter-web-1.5.10.RELEASE.jar:/home/stbenjam/.m2/repository/org/springframework/boot/spring-boot-starter-tomcat/1.5.10.RELEASE/spring-boot-starter-tomcat-1.5.10.RELEASE.jar:/home/stbenjam/.m2/repository/org/apache/tomcat/embed/tomcat-embed-core/8.5.27/tomcat-embed-core-8.5.27.jar:/home/stbenjam/.m2/repository/org/apache/tomcat/tomcat-annotations-api/8.5.27/tomcat-annotations-api-8.5.27.jar:/home/stbenjam/.m2/repository/org/apache/tomcat/embed/tomcat-embed-el/8.5.27/tomcat-embed-el-8.5.27.jar:/home/stbenjam/.m2/repository/org/apache/tomcat/embed/tomcat-embed-websocket/8.5.27/tomcat-embed-websocket-8.5.27.jar:/home/stbenjam/.m2/repository/org/hibernate/hibernate-validator/5.3.6.Final/hibernate-validator-5.3.6.Final.jar:/home/stbenjam/.m2/repository/javax/validation/validation-api/1.1.0.Final/validation-api-1.1.0.Final.jar:/home/stbenjam/.m2/repository/org/jboss/logging/jboss-logging/3.3.1.Final/jboss-logging-3.3.1.Final.jar:/home/stbenjam/.m2/repository/org/springframework/spring-web/4.3.14.RELEASE/spring-web-4.3.14.RELEASE.jar:/home/stbenjam/.m2/repository/org/springframework/spring-webmvc/4.3.14.RELEASE/spring-webmvc-4.3.14.RELEASE.jar:/home/stbenjam/.m2/repository/org/springframework/spring-expression/4.3.14.RELEASE/spring-expression-4.3.14.RELEASE.jar:/home/stbenjam/.m2/repository/org/springframework/boot/spring-boot-starter-thymeleaf/1.5.10.RELEASE/spring-boot-starter-thymeleaf-1.5.10.RELEASE.jar:/home/stbenjam/.m2/repository/org/thymeleaf/thymeleaf-spring4/2.1.6.RELEASE/thymeleaf-spring4-2.1.6.RELEASE.jar:/home/stbenjam/.m2/repository/org/thymeleaf/thymeleaf/2.1.6.RELEASE/thymeleaf-2.1.6.RELEASE.jar:/home/stbenjam/.m2/repository/ognl/ognl/3.0.8/ognl-3.0.8.jar:/home/stbenjam/.m2/repository/org/unbescape/unbescape/1.1.0.RELEASE/unbescape-1.1.0.RELEASE.jar:/home/stbenjam/.m2/repository/nz/net/ultraq/thymeleaf/thymeleaf-layout-dialect/1.4.0/thymeleaf-layout-dialect-1.4.0.jar:/home/stbenjam/.m2/repository/org/codehaus/groovy/groovy/2.4.13/groovy-2.4.13.jar:/home/stbenjam/.m2/repository/org/springframework/boot/spring-boot-starter-test/1.5.10.RELEASE/spring-boot-starter-test-1.5.10.RELEASE.jar:/home/stbenjam/.m2/repository/org/springframework/boot/spring-boot-test/1.5.10.RELEASE/spring-boot-test-1.5.10.RELEASE.jar:/home/stbenjam/.m2/repository/org/springframework/boot/spring-boot-test-autoconfigure/1.5.10.RELEASE/spring-boot-test-autoconfigure-1.5.10.RELEASE.jar:/home/stbenjam/.m2/repository/com/jayway/jsonpath/json-path/2.2.0/json-path-2.2.0.jar:/home/stbenjam/.m2/repository/net/minidev/json-smart/2.2.1/json-smart-2.2.1.jar:/home/stbenjam/.m2/repository/net/minidev/accessors-smart/1.1/accessors-smart-1.1.jar:/home/stbenjam/.m2/repository/org/ow2/asm/asm/5.0.3/asm-5.0.3.jar:/home/stbenjam/.m2/repository/junit/junit/4.12/junit-4.12.jar:/home/stbenjam/.m2/repository/org/assertj/assertj-core/2.6.0/assertj-core-2.6.0.jar:/home/stbenjam/.m2/repository/org/mockito/mockito-core/1.10.19/mockito-core-1.10.19.jar:/home/stbenjam/.m2/repository/org/objenesis/objenesis/2.1/objenesis-2.1.jar:/home/stbenjam/.m2/repository/org/hamcrest/hamcrest-core/1.3/hamcrest-core-1.3.jar:/home/stbenjam/.m2/repository/org/hamcrest/hamcrest-library/1.3/hamcrest-library-1.3.jar:/home/stbenjam/.m2/repository/org/skyscreamer/jsonassert/1.4.0/jsonassert-1.4.0.jar:/home/stbenjam/.m2/repository/org/springframework/spring-core/4.3.14.RELEASE/spring-core-4.3.14.RELEASE.jar:/home/stbenjam/.m2/repository/org/springframework/spring-test/4.3.14.RELEASE/spring-test-4.3.14.RELEASE.jar:/home/stbenjam/.m2/repository/org/springframework/restdocs/spring-restdocs-mockmvc/1.1.3.RELEASE/spring-restdocs-mockmvc-1.1.3.RELEASE.jar:/home/stbenjam/.m2/repository/org/springframework/restdocs/spring-restdocs-core/1.1.3.RELEASE/spring-restdocs-core-1.1.3.RELEASE.jar:/home/stbenjam/.m2/repository/javax/servlet/javax.servlet-api/3.1.0/javax.servlet-api-3.1.0.jar:/home/stbenjam/.m2/repository/org/springframework/boot/spring-boot-starter-data-jpa/1.5.10.RELEASE/spring-boot-starter-data-jpa-1.5.10.RELEASE.jar:/home/stbenjam/.m2/repository/org/springframework/boot/spring-boot-starter-aop/1.5.10.RELEASE/spring-boot-starter-aop-1.5.10.RELEASE.jar:/home/stbenjam/.m2/repository/org/aspectj/aspectjweaver/1.8.13/aspectjweaver-1.8.13.jar:/home/stbenjam/.m2/repository/org/springframework/boot/spring-boot-starter-jdbc/1.5.10.RELEASE/spring-boot-starter-jdbc-1.5.10.RELEASE.jar:/home/stbenjam/.m2/repository/org/apache/tomcat/tomcat-jdbc/8.5.27/tomcat-jdbc-8.5.27.jar:/home/stbenjam/.m2/repository/org/apache/tomcat/tomcat-juli/8.5.27/tomcat-juli-8.5.27.jar:/home/stbenjam/.m2/repository/org/springframework/spring-jdbc/4.3.14.RELEASE/spring-jdbc-4.3.14.RELEASE.jar:/home/stbenjam/.m2/repository/org/hibernate/hibernate-core/5.0.12.Final/hibernate-core-5.0.12.Final.jar:/home/stbenjam/.m2/repository/org/hibernate/javax/persistence/hibernate-jpa-2.1-api/1.0.0.Final/hibernate-jpa-2.1-api-1.0.0.Final.jar:/home/stbenjam/.m2/repository/org/javassist/javassist/3.21.0-GA/javassist-3.21.0-GA.jar:/home/stbenjam/.m2/repository/antlr/antlr/2.7.7/antlr-2.7.7.jar:/home/stbenjam/.m2/repository/org/jboss/jandex/2.0.0.Final/jandex-2.0.0.Final.jar:/home/stbenjam/.m2/repository/dom4j/dom4j/1.6.1/dom4j-1.6.1.jar:/home/stbenjam/.m2/repository/org/hibernate/common/hibernate-commons-annotations/5.0.1.Final/hibernate-commons-annotations-5.0.1.Final.jar:/home/stbenjam/.m2/repository/org/hibernate/hibernate-entitymanager/5.0.12.Final/hibernate-entitymanager-5.0.12.Final.jar:/home/stbenjam/.m2/repository/javax/transaction/javax.transaction-api/1.2/javax.transaction-api-1.2.jar:/home/stbenjam/.m2/repository/org/springframework/data/spring-data-jpa/1.11.10.RELEASE/spring-data-jpa-1.11.10.RELEASE.jar:/home/stbenjam/.m2/repository/org/springframework/data/spring-data-commons/1.13.10.RELEASE/spring-data-commons-1.13.10.RELEASE.jar:/home/stbenjam/.m2/repository/org/springframework/spring-orm/4.3.14.RELEASE/spring-orm-4.3.14.RELEASE.jar:/home/stbenjam/.m2/repository/org/springframework/spring-tx/4.3.14.RELEASE/spring-tx-4.3.14.RELEASE.jar:/home/stbenjam/.m2/repository/org/springframework/spring-aspects/4.3.14.RELEASE/spring-aspects-4.3.14.RELEASE.jar:/home/stbenjam/.m2/repository/com/h2database/h2/1.4.196/h2-1.4.196.jar:/home/stbenjam/.m2/repository/org/postgresql/postgresql/9.4-1206-jdbc42/postgresql-9.4-1206-jdbc42.jar:/home/stbenjam/.m2/repository/log4j/log4j/1.2.17/log4j-1.2.17.jar:/home/stbenjam/.m2/repository/com/google/guava/guava/19.0/guava-19.0.jar:/home/stbenjam/.m2/repository/javax/mail/mail/1.4/mail-1.4.jar:/home/stbenjam/.m2/repository/javax/activation/activation/1.1/activation-1.1.jar:/home/stbenjam/.m2/repository/org/springframework/boot/spring-boot-starter-security/1.5.10.RELEASE/spring-boot-starter-security-1.5.10.RELEASE.jar:/home/stbenjam/.m2/repository/org/springframework/spring-aop/4.3.14.RELEASE/spring-aop-4.3.14.RELEASE.jar:/home/stbenjam/.m2/repository/org/springframework/security/spring-security-config/4.2.4.RELEASE/spring-security-config-4.2.4.RELEASE.jar:/home/stbenjam/.m2/repository/org/springframework/security/spring-security-web/4.2.4.RELEASE/spring-security-web-4.2.4.RELEASE.jar:/home/stbenjam/.m2/repository/org/springframework/boot/spring-boot-starter-mail/1.4.3.RELEASE/spring-boot-starter-mail-1.4.3.RELEASE.jar:/home/stbenjam/.m2/repository/org/springframework/spring-context/4.3.14.RELEASE/spring-context-4.3.14.RELEASE.jar:/home/stbenjam/.m2/repository/com/sun/mail/javax.mail/1.5.6/javax.mail-1.5.6.jar:/home/stbenjam/.m2/repository/com/icegreen/greenmail/1.5.5/greenmail-1.5.5.jar:/home/stbenjam/.m2/repository/org/slf4j/slf4j-api/1.7.25/slf4j-api-1.7.25.jar:/home/stbenjam/.m2/repository/org/springframework/security/spring-security-test/4.2.4.RELEASE/spring-security-test-4.2.4.RELEASE.jar:/home/stbenjam/.m2/repository/org/springframework/security/spring-security-core/4.2.4.RELEASE/spring-security-core-4.2.4.RELEASE.jar:/home/stbenjam/.m2/repository/aopalliance/aopalliance/1.0/aopalliance-1.0.jar:/home/stbenjam/.m2/repository/org/springframework/security/oauth/spring-security-oauth2/2.0.14.RELEASE/spring-security-oauth2-2.0.14.RELEASE.jar:/home/stbenjam/.m2/repository/org/springframework/spring-beans/4.3.14.RELEASE/spring-beans-4.3.14.RELEASE.jar:/home/stbenjam/.m2/repository/commons-codec/commons-codec/1.10/commons-codec-1.10.jar:/home/stbenjam/.m2/repository/org/codehaus/jackson/jackson-mapper-asl/1.9.13/jackson-mapper-asl-1.9.13.jar:/home/stbenjam/.m2/repository/org/codehaus/jackson/jackson-core-asl/1.9.13/jackson-core-asl-1.9.13.jar:/home/stbenjam/.m2/repository/io/springfox/springfox-swagger2/2.8.0/springfox-swagger2-2.8.0.jar:/home/stbenjam/.m2/repository/io/swagger/swagger-annotations/1.5.14/swagger-annotations-1.5.14.jar:/home/stbenjam/.m2/repository/io/swagger/swagger-models/1.5.14/swagger-models-1.5.14.jar:/home/stbenjam/.m2/repository/io/springfox/springfox-spi/2.8.0/springfox-spi-2.8.0.jar:/home/stbenjam/.m2/repository/io/springfox/springfox-core/2.8.0/springfox-core-2.8.0.jar:/home/stbenjam/.m2/repository/net/bytebuddy/byte-buddy/1.7.9/byte-buddy-1.7.9.jar:/home/stbenjam/.m2/repository/io/springfox/springfox-schema/2.8.0/springfox-schema-2.8.0.jar:/home/stbenjam/.m2/repository/io/springfox/springfox-swagger-common/2.8.0/springfox-swagger-common-2.8.0.jar:/home/stbenjam/.m2/repository/io/springfox/springfox-spring-web/2.8.0/springfox-spring-web-2.8.0.jar:/home/stbenjam/.m2/repository/org/reflections/reflections/0.9.11/reflections-0.9.11.jar:/home/stbenjam/.m2/repository/com/fasterxml/classmate/1.3.4/classmate-1.3.4.jar:/home/stbenjam/.m2/repository/org/springframework/plugin/spring-plugin-core/1.2.0.RELEASE/spring-plugin-core-1.2.0.RELEASE.jar:/home/stbenjam/.m2/repository/org/springframework/plugin/spring-plugin-metadata/1.2.0.RELEASE/spring-plugin-metadata-1.2.0.RELEASE.jar:/home/stbenjam/.m2/repository/org/mapstruct/mapstruct/1.2.0.Final/mapstruct-1.2.0.Final.jar:/home/stbenjam/.m2/repository/io/springfox/springfox-swagger-ui/2.8.0/springfox-swagger-ui-2.8.0.jar:/home/stbenjam/.m2/repository/io/springfox/springfox-data-rest/2.8.0/springfox-data-rest-2.8.0.jar:/home/stbenjam/.m2/repository/org/springframework/hateoas/spring-hateoas/0.23.0.RELEASE/spring-hateoas-0.23.0.RELEASE.jar:/home/stbenjam/.m2/repository/org/usb4java/usb4java-javax/1.2.0/usb4java-javax-1.2.0.jar:/home/stbenjam/.m2/repository/javax/usb/usb-api/1.0.2/usb-api-1.0.2.jar:/home/stbenjam/.m2/repository/org/apache/commons/commons-lang3/3.2.1/commons-lang3-3.2.1.jar:/home/stbenjam/.m2/repository/org/usb4java/usb4java/1.2.0/usb4java-1.2.0.jar:/home/stbenjam/.m2/repository/org/usb4java/libusb4java/1.2.0/libusb4java-1.2.0-linux-x86.jar:/home/stbenjam/.m2/repository/org/usb4java/libusb4java/1.2.0/libusb4java-1.2.0-linux-x86_64.jar:/home/stbenjam/.m2/repository/org/usb4java/libusb4java/1.2.0/libusb4java-1.2.0-linux-arm.jar:/home/stbenjam/.m2/repository/org/usb4java/libusb4java/1.2.0/libusb4java-1.2.0-windows-x86.jar:/home/stbenjam/.m2/repository/org/usb4java/libusb4java/1.2.0/libusb4java-1.2.0-windows-x86_64.jar:/home/stbenjam/.m2/repository/org/usb4java/libusb4java/1.2.0/libusb4java-1.2.0-osx-x86.jar:/home/stbenjam/.m2/repository/org/usb4java/libusb4java/1.2.0/libusb4java-1.2.0-osx-x86_64.jar:/home/stbenjam/.m2/repository/org/mockito/mockito-all/1.9.5/mockito-all-1.9.5.jar:/home/stbenjam/.m2/repository/com/fasterxml/jackson/core/jackson-databind/2.5.0/jackson-databind-2.5.0.jar:/home/stbenjam/.m2/repository/com/fasterxml/jackson/core/jackson-core/2.8.10/jackson-core-2.8.10.jar:/home/stbenjam/.m2/repository/com/vaadin/external/google/android-json/0.0.20131108.vaadin1/android-json-0.0.20131108.vaadin1.jar:/home/stbenjam/.m2/repository/com/tngtech/java/junit-dataprovider/1.13.1/junit-dataprovider-1.13.1.jar:/home/stbenjam/.m2/repository/org/springframework/spring-context-support/3.2.0.RELEASE/spring-context-support-3.2.0.RELEASE.jar:, java.specification.name=Java Platform API Specification, java.class.version=52.0, sun.management.compiler=HotSpot 64-Bit Tiered Compilers, os.version=4.14.14-300.fc27.x86_64, user.home=/home/stbenjam, user.timezone=America/New_York, java.awt.printerjob=sun.print.PSPrinterJob, file.encoding=UTF-8, java.specification.version=1.8, java.class.path=/home/stbenjam/git/h2ms/target/test-classes:/home/stbenjam/git/h2ms/target/classes:/home/stbenjam/.m2/repository/org/springframework/boot/spring-boot-starter-data-rest/1.5.10.RELEASE/spring-boot-starter-data-rest-1.5.10.RELEASE.jar:/home/stbenjam/.m2/repository/org/springframework/boot/spring-boot-starter/1.5.10.RELEASE/spring-boot-starter-1.5.10.RELEASE.jar:/home/stbenjam/.m2/repository/org/springframework/boot/spring-boot/1.5.10.RELEASE/spring-boot-1.5.10.RELEASE.jar:/home/stbenjam/.m2/repository/org/springframework/boot/spring-boot-autoconfigure/1.5.10.RELEASE/spring-boot-autoconfigure-1.5.10.RELEASE.jar:/home/stbenjam/.m2/repository/org/springframework/boot/spring-boot-starter-logging/1.5.10.RELEASE/spring-boot-starter-logging-1.5.10.RELEASE.jar:/home/stbenjam/.m2/repository/ch/qos/logback/logback-classic/1.1.11/logback-classic-1.1.11.jar:/home/stbenjam/.m2/repository/ch/qos/logback/logback-core/1.1.11/logback-core-1.1.11.jar:/home/stbenjam/.m2/repository/org/slf4j/jul-to-slf4j/1.7.25/jul-to-slf4j-1.7.25.jar:/home/stbenjam/.m2/repository/org/slf4j/log4j-over-slf4j/1.7.25/log4j-over-slf4j-1.7.25.jar:/home/stbenjam/.m2/repository/org/yaml/snakeyaml/1.17/snakeyaml-1.17.jar:/home/stbenjam/.m2/repository/com/fasterxml/jackson/core/jackson-annotations/2.8.0/jackson-annotations-2.8.0.jar:/home/stbenjam/.m2/repository/org/springframework/data/spring-data-rest-webmvc/2.6.10.RELEASE/spring-data-rest-webmvc-2.6.10.RELEASE.jar:/home/stbenjam/.m2/repository/org/springframework/data/spring-data-rest-core/2.6.10.RELEASE/spring-data-rest-core-2.6.10.RELEASE.jar:/home/stbenjam/.m2/repository/org/atteo/evo-inflector/1.2.2/evo-inflector-1.2.2.jar:/home/stbenjam/.m2/repository/org/slf4j/jcl-over-slf4j/1.7.25/jcl-over-slf4j-1.7.25.jar:/home/stbenjam/.m2/repository/org/springframework/boot/spring-boot-starter-web/1.5.10.RELEASE/spring-boot-starter-web-1.5.10.RELEASE.jar:/home/stbenjam/.m2/repository/org/springframework/boot/spring-boot-starter-tomcat/1.5.10.RELEASE/spring-boot-starter-tomcat-1.5.10.RELEASE.jar:/home/stbenjam/.m2/repository/org/apache/tomcat/embed/tomcat-embed-core/8.5.27/tomcat-embed-core-8.5.27.jar:/home/stbenjam/.m2/repository/org/apache/tomcat/tomcat-annotations-api/8.5.27/tomcat-annotations-api-8.5.27.jar:/home/stbenjam/.m2/repository/org/apache/tomcat/embed/tomcat-embed-el/8.5.27/tomcat-embed-el-8.5.27.jar:/home/stbenjam/.m2/repository/org/apache/tomcat/embed/tomcat-embed-websocket/8.5.27/tomcat-embed-websocket-8.5.27.jar:/home/stbenjam/.m2/repository/org/hibernate/hibernate-validator/5.3.6.Final/hibernate-validator-5.3.6.Final.jar:/home/stbenjam/.m2/repository/javax/validation/validation-api/1.1.0.Final/validation-api-1.1.0.Final.jar:/home/stbenjam/.m2/repository/org/jboss/logging/jboss-logging/3.3.1.Final/jboss-logging-3.3.1.Final.jar:/home/stbenjam/.m2/repository/org/springframework/spring-web/4.3.14.RELEASE/spring-web-4.3.14.RELEASE.jar:/home/stbenjam/.m2/repository/org/springframework/spring-webmvc/4.3.14.RELEASE/spring-webmvc-4.3.14.RELEASE.jar:/home/stbenjam/.m2/repository/org/springframework/spring-expression/4.3.14.RELEASE/spring-expression-4.3.14.RELEASE.jar:/home/stbenjam/.m2/repository/org/springframework/boot/spring-boot-starter-thymeleaf/1.5.10.RELEASE/spring-boot-starter-thymeleaf-1.5.10.RELEASE.jar:/home/stbenjam/.m2/repository/org/thymeleaf/thymeleaf-spring4/2.1.6.RELEASE/thymeleaf-spring4-2.1.6.RELEASE.jar:/home/stbenjam/.m2/repository/org/thymeleaf/thymeleaf/2.1.6.RELEASE/thymeleaf-2.1.6.RELEASE.jar:/home/stbenjam/.m2/repository/ognl/ognl/3.0.8/ognl-3.0.8.jar:/home/stbenjam/.m2/repository/org/unbescape/unbescape/1.1.0.RELEASE/unbescape-1.1.0.RELEASE.jar:/home/stbenjam/.m2/repository/nz/net/ultraq/thymeleaf/thymeleaf-layout-dialect/1.4.0/thymeleaf-layout-dialect-1.4.0.jar:/home/stbenjam/.m2/repository/org/codehaus/groovy/groovy/2.4.13/groovy-2.4.13.jar:/home/stbenjam/.m2/repository/org/springframework/boot/spring-boot-starter-test/1.5.10.RELEASE/spring-boot-starter-test-1.5.10.RELEASE.jar:/home/stbenjam/.m2/repository/org/springframework/boot/spring-boot-test/1.5.10.RELEASE/spring-boot-test-1.5.10.RELEASE.jar:/home/stbenjam/.m2/repository/org/springframework/boot/spring-boot-test-autoconfigure/1.5.10.RELEASE/spring-boot-test-autoconfigure-1.5.10.RELEASE.jar:/home/stbenjam/.m2/repository/com/jayway/jsonpath/json-path/2.2.0/json-path-2.2.0.jar:/home/stbenjam/.m2/repository/net/minidev/json-smart/2.2.1/json-smart-2.2.1.jar:/home/stbenjam/.m2/repository/net/minidev/accessors-smart/1.1/accessors-smart-1.1.jar:/home/stbenjam/.m2/repository/org/ow2/asm/asm/5.0.3/asm-5.0.3.jar:/home/stbenjam/.m2/repository/junit/junit/4.12/junit-4.12.jar:/home/stbenjam/.m2/repository/org/assertj/assertj-core/2.6.0/assertj-core-2.6.0.jar:/home/stbenjam/.m2/repository/org/mockito/mockito-core/1.10.19/mockito-core-1.10.19.jar:/home/stbenjam/.m2/repository/org/objenesis/objenesis/2.1/objenesis-2.1.jar:/home/stbenjam/.m2/repository/org/hamcrest/hamcrest-core/1.3/hamcrest-core-1.3.jar:/home/stbenjam/.m2/repository/org/hamcrest/hamcrest-library/1.3/hamcrest-library-1.3.jar:/home/stbenjam/.m2/repository/org/skyscreamer/jsonassert/1.4.0/jsonassert-1.4.0.jar:/home/stbenjam/.m2/repository/org/springframework/spring-core/4.3.14.RELEASE/spring-core-4.3.14.RELEASE.jar:/home/stbenjam/.m2/repository/org/springframework/spring-test/4.3.14.RELEASE/spring-test-4.3.14.RELEASE.jar:/home/stbenjam/.m2/repository/org/springframework/restdocs/spring-restdocs-mockmvc/1.1.3.RELEASE/spring-restdocs-mockmvc-1.1.3.RELEASE.jar:/home/stbenjam/.m2/repository/org/springframework/restdocs/spring-restdocs-core/1.1.3.RELEASE/spring-restdocs-core-1.1.3.RELEASE.jar:/home/stbenjam/.m2/repository/javax/servlet/javax.servlet-api/3.1.0/javax.servlet-api-3.1.0.jar:/home/stbenjam/.m2/repository/org/springframework/boot/spring-boot-starter-data-jpa/1.5.10.RELEASE/spring-boot-starter-data-jpa-1.5.10.RELEASE.jar:/home/stbenjam/.m2/repository/org/springframework/boot/spring-boot-starter-aop/1.5.10.RELEASE/spring-boot-starter-aop-1.5.10.RELEASE.jar:/home/stbenjam/.m2/repository/org/aspectj/aspectjweaver/1.8.13/aspectjweaver-1.8.13.jar:/home/stbenjam/.m2/repository/org/springframework/boot/spring-boot-starter-jdbc/1.5.10.RELEASE/spring-boot-starter-jdbc-1.5.10.RELEASE.jar:/home/stbenjam/.m2/repository/org/apache/tomcat/tomcat-jdbc/8.5.27/tomcat-jdbc-8.5.27.jar:/home/stbenjam/.m2/repository/org/apache/tomcat/tomcat-juli/8.5.27/tomcat-juli-8.5.27.jar:/home/stbenjam/.m2/repository/org/springframework/spring-jdbc/4.3.14.RELEASE/spring-jdbc-4.3.14.RELEASE.jar:/home/stbenjam/.m2/repository/org/hibernate/hibernate-core/5.0.12.Final/hibernate-core-5.0.12.Final.jar:/home/stbenjam/.m2/repository/org/hibernate/javax/persistence/hibernate-jpa-2.1-api/1.0.0.Final/hibernate-jpa-2.1-api-1.0.0.Final.jar:/home/stbenjam/.m2/repository/org/javassist/javassist/3.21.0-GA/javassist-3.21.0-GA.jar:/home/stbenjam/.m2/repository/antlr/antlr/2.7.7/antlr-2.7.7.jar:/home/stbenjam/.m2/repository/org/jboss/jandex/2.0.0.Final/jandex-2.0.0.Final.jar:/home/stbenjam/.m2/repository/dom4j/dom4j/1.6.1/dom4j-1.6.1.jar:/home/stbenjam/.m2/repository/org/hibernate/common/hibernate-commons-annotations/5.0.1.Final/hibernate-commons-annotations-5.0.1.Final.jar:/home/stbenjam/.m2/repository/org/hibernate/hibernate-entitymanager/5.0.12.Final/hibernate-entitymanager-5.0.12.Final.jar:/home/stbenjam/.m2/repository/javax/transaction/javax.transaction-api/1.2/javax.transaction-api-1.2.jar:/home/stbenjam/.m2/repository/org/springframework/data/spring-data-jpa/1.11.10.RELEASE/spring-data-jpa-1.11.10.RELEASE.jar:/home/stbenjam/.m2/repository/org/springframework/data/spring-data-commons/1.13.10.RELEASE/spring-data-commons-1.13.10.RELEASE.jar:/home/stbenjam/.m2/repository/org/springframework/spring-orm/4.3.14.RELEASE/spring-orm-4.3.14.RELEASE.jar:/home/stbenjam/.m2/repository/org/springframework/spring-tx/4.3.14.RELEASE/spring-tx-4.3.14.RELEASE.jar:/home/stbenjam/.m2/repository/org/springframework/spring-aspects/4.3.14.RELEASE/spring-aspects-4.3.14.RELEASE.jar:/home/stbenjam/.m2/repository/com/h2database/h2/1.4.196/h2-1.4.196.jar:/home/stbenjam/.m2/repository/org/postgresql/postgresql/9.4-1206-jdbc42/postgresql-9.4-1206-jdbc42.jar:/home/stbenjam/.m2/repository/log4j/log4j/1.2.17/log4j-1.2.17.jar:/home/stbenjam/.m2/repository/com/google/guava/guava/19.0/guava-19.0.jar:/home/stbenjam/.m2/repository/javax/mail/mail/1.4/mail-1.4.jar:/home/stbenjam/.m2/repository/javax/activation/activation/1.1/activation-1.1.jar:/home/stbenjam/.m2/repository/org/springframework/boot/spring-boot-starter-security/1.5.10.RELEASE/spring-boot-starter-security-1.5.10.RELEASE.jar:/home/stbenjam/.m2/repository/org/springframework/spring-aop/4.3.14.RELEASE/spring-aop-4.3.14.RELEASE.jar:/home/stbenjam/.m2/repository/org/springframework/security/spring-security-config/4.2.4.RELEASE/spring-security-config-4.2.4.RELEASE.jar:/home/stbenjam/.m2/repository/org/springframework/security/spring-security-web/4.2.4.RELEASE/spring-security-web-4.2.4.RELEASE.jar:/home/stbenjam/.m2/repository/org/springframework/boot/spring-boot-starter-mail/1.4.3.RELEASE/spring-boot-starter-mail-1.4.3.RELEASE.jar:/home/stbenjam/.m2/repository/org/springframework/spring-context/4.3.14.RELEASE/spring-context-4.3.14.RELEASE.jar:/home/stbenjam/.m2/repository/com/sun/mail/javax.mail/1.5.6/javax.mail-1.5.6.jar:/home/stbenjam/.m2/repository/com/icegreen/greenmail/1.5.5/greenmail-1.5.5.jar:/home/stbenjam/.m2/repository/org/slf4j/slf4j-api/1.7.25/slf4j-api-1.7.25.jar:/home/stbenjam/.m2/repository/org/springframework/security/spring-security-test/4.2.4.RELEASE/spring-security-test-4.2.4.RELEASE.jar:/home/stbenjam/.m2/repository/org/springframework/security/spring-security-core/4.2.4.RELEASE/spring-security-core-4.2.4.RELEASE.jar:/home/stbenjam/.m2/repository/aopalliance/aopalliance/1.0/aopalliance-1.0.jar:/home/stbenjam/.m2/repository/org/springframework/security/oauth/spring-security-oauth2/2.0.14.RELEASE/spring-security-oauth2-2.0.14.RELEASE.jar:/home/stbenjam/.m2/repository/org/springframework/spring-beans/4.3.14.RELEASE/spring-beans-4.3.14.RELEASE.jar:/home/stbenjam/.m2/repository/commons-codec/commons-codec/1.10/commons-codec-1.10.jar:/home/stbenjam/.m2/repository/org/codehaus/jackson/jackson-mapper-asl/1.9.13/jackson-mapper-asl-1.9.13.jar:/home/stbenjam/.m2/repository/org/codehaus/jackson/jackson-core-asl/1.9.13/jackson-core-asl-1.9.13.jar:/home/stbenjam/.m2/repository/io/springfox/springfox-swagger2/2.8.0/springfox-swagger2-2.8.0.jar:/home/stbenjam/.m2/repository/io/swagger/swagger-annotations/1.5.14/swagger-annotations-1.5.14.jar:/home/stbenjam/.m2/repository/io/swagger/swagger-models/1.5.14/swagger-models-1.5.14.jar:/home/stbenjam/.m2/repository/io/springfox/springfox-spi/2.8.0/springfox-spi-2.8.0.jar:/home/stbenjam/.m2/repository/io/springfox/springfox-core/2.8.0/springfox-core-2.8.0.jar:/home/stbenjam/.m2/repository/net/bytebuddy/byte-buddy/1.7.9/byte-buddy-1.7.9.jar:/home/stbenjam/.m2/repository/io/springfox/springfox-schema/2.8.0/springfox-schema-2.8.0.jar:/home/stbenjam/.m2/repository/io/springfox/springfox-swagger-common/2.8.0/springfox-swagger-common-2.8.0.jar:/home/stbenjam/.m2/repository/io/springfox/springfox-spring-web/2.8.0/springfox-spring-web-2.8.0.jar:/home/stbenjam/.m2/repository/org/reflections/reflections/0.9.11/reflections-0.9.11.jar:/home/stbenjam/.m2/repository/com/fasterxml/classmate/1.3.4/classmate-1.3.4.jar:/home/stbenjam/.m2/repository/org/springframework/plugin/spring-plugin-core/1.2.0.RELEASE/spring-plugin-core-1.2.0.RELEASE.jar:/home/stbenjam/.m2/repository/org/springframework/plugin/spring-plugin-metadata/1.2.0.RELEASE/spring-plugin-metadata-1.2.0.RELEASE.jar:/home/stbenjam/.m2/repository/org/mapstruct/mapstruct/1.2.0.Final/mapstruct-1.2.0.Final.jar:/home/stbenjam/.m2/repository/io/springfox/springfox-swagger-ui/2.8.0/springfox-swagger-ui-2.8.0.jar:/home/stbenjam/.m2/repository/io/springfox/springfox-data-rest/2.8.0/springfox-data-rest-2.8.0.jar:/home/stbenjam/.m2/repository/org/springframework/hateoas/spring-hateoas/0.23.0.RELEASE/spring-hateoas-0.23.0.RELEASE.jar:/home/stbenjam/.m2/repository/org/usb4java/usb4java-javax/1.2.0/usb4java-javax-1.2.0.jar:/home/stbenjam/.m2/repository/javax/usb/usb-api/1.0.2/usb-api-1.0.2.jar:/home/stbenjam/.m2/repository/org/apache/commons/commons-lang3/3.2.1/commons-lang3-3.2.1.jar:/home/stbenjam/.m2/repository/org/usb4java/usb4java/1.2.0/usb4java-1.2.0.jar:/home/stbenjam/.m2/repository/org/usb4java/libusb4java/1.2.0/libusb4java-1.2.0-linux-x86.jar:/home/stbenjam/.m2/repository/org/usb4java/libusb4java/1.2.0/libusb4java-1.2.0-linux-x86_64.jar:/home/stbenjam/.m2/repository/org/usb4java/libusb4java/1.2.0/libusb4java-1.2.0-linux-arm.jar:/home/stbenjam/.m2/repository/org/usb4java/libusb4java/1.2.0/libusb4java-1.2.0-windows-x86.jar:/home/stbenjam/.m2/repository/org/usb4java/libusb4java/1.2.0/libusb4java-1.2.0-windows-x86_64.jar:/home/stbenjam/.m2/repository/org/usb4java/libusb4java/1.2.0/libusb4java-1.2.0-osx-x86.jar:/home/stbenjam/.m2/repository/org/usb4java/libusb4java/1.2.0/libusb4java-1.2.0-osx-x86_64.jar:/home/stbenjam/.m2/repository/org/mockito/mockito-all/1.9.5/mockito-all-1.9.5.jar:/home/stbenjam/.m2/repository/com/fasterxml/jackson/core/jackson-databind/2.5.0/jackson-databind-2.5.0.jar:/home/stbenjam/.m2/repository/com/fasterxml/jackson/core/jackson-core/2.8.10/jackson-core-2.8.10.jar:/home/stbenjam/.m2/repository/com/vaadin/external/google/android-json/0.0.20131108.vaadin1/android-json-0.0.20131108.vaadin1.jar:/home/stbenjam/.m2/repository/com/tngtech/java/junit-dataprovider/1.13.1/junit-dataprovider-1.13.1.jar:/home/stbenjam/.m2/repository/org/springframework/spring-context-support/3.2.0.RELEASE/spring-context-support-3.2.0.RELEASE.jar:, user.name=stbenjam, java.vm.specification.version=1.8, sun.java.command=/home/stbenjam/git/h2ms/target/surefire/surefirebooter618343035117595110.jar /home/stbenjam/git/h2ms/target/surefire/surefire9035386188001234096tmp /home/stbenjam/git/h2ms/target/surefire/surefire_0343681757683274478tmp, java.home=/usr/lib/jvm/java-1.8.0-openjdk-1.8.0.161-0.b14.fc27.x86_64/jre, sun.arch.data.model=64, user.language=en, java.specification.vendor=Oracle Corporation, awt.toolkit=sun.awt.X11.XToolkit, java.vm.info=mixed mode, java.version=1.8.0_161, java.ext.dirs=/usr/lib/jvm/java-1.8.0-openjdk-1.8.0.161-0.b14.fc27.x86_64/jre/lib/ext:/usr/java/packages/lib/ext, sun.boot.class.path=/usr/lib/jvm/java-1.8.0-openjdk-1.8.0.161-0.b14.fc27.x86_64/jre/lib/resources.jar:/usr/lib/jvm/java-1.8.0-openjdk-1.8.0.161-0.b14.fc27.x86_64/jre/lib/rt.jar:/usr/lib/jvm/java-1.8.0-openjdk-1.8.0.161-0.b14.fc27.x86_64/jre/lib/sunrsasign.jar:/usr/lib/jvm/java-1.8.0-openjdk-1.8.0.161-0.b14.fc27.x86_64/jre/lib/jsse.jar:/usr/lib/jvm/java-1.8.0-openjdk-1.8.0.161-0.b14.fc27.x86_64/jre/lib/jce.jar:/usr/lib/jvm/java-1.8.0-openjdk-1.8.0.161-0.b14.fc27.x86_64/jre/lib/charsets.jar:/usr/lib/jvm/java-1.8.0-openjdk-1.8.0.161-0.b14.fc27.x86_64/jre/lib/jfr.jar:/usr/lib/jvm/java-1.8.0-openjdk-1.8.0.161-0.b14.fc27.x86_64/jre/classes, java.vendor=Oracle Corporation, localRepository=/home/stbenjam/.m2/repository, file.separator=/, java.vendor.url.bug=http://bugreport.sun.com/bugreport/, sun.io.unicode.encoding=UnicodeLittle, sun.cpu.endian=little, sun.desktop=gnome, sun.cpu.isalist=}}, SystemEnvironmentPropertySource@812446698 {name='systemEnvironment', properties={IRBRC=/home/stbenjam/.rvm/rubies/ruby-2.3.3/.irbrc, PATH=/home/stbenjam/.rvm/gems/ruby-2.3.3/bin:/home/stbenjam/.rvm/gems/ruby-2.3.3@global/bin:/home/stbenjam/.rvm/rubies/ruby-2.3.3/bin:/usr/local/bin:/usr/bin:/bin:/usr/local/sbin:/usr/sbin:/home/stbenjam/.local/bin:/home/stbenjam/bin:/home/stbenjam/.rvm/bin, rvm_silent_flag=, HISTCONTROL=ignoredups, XMODIFIERS=@im=ibus, GDMSESSION=gnome-xorg, rvm_quiet_flag=, GUESTFISH_RESTORE=\e[0m, DBUS_SESSION_BUS_ADDRESS=unix:path=/run/user/1000/bus,guid=0ff0c73f492cc1dc3846ae835aac7cd0, COLORTERM=truecolor, rvm_ruby_make_install=, rvm_niceness=, SESSION_MANAGER=local/unix:@/tmp/.ICE-unix/1818,unix/unix:/tmp/.ICE-unix/1818, USERNAME=stbenjam, rvm_version=1.29.1 (latest), PWD=/home/stbenjam/git/h2ms, MANAGERPID=1759, LESSOPEN=||/usr/bin/lesspipe.sh %s, PAGER=less, QTINC=/usr/lib64/qt-3.3/include, rvm_hook=, rvm_wrapper_name=, MY_RUBY_HOME=/home/stbenjam/.rvm/rubies/ruby-2.3.3, rvm_nightly_flag=, ZSH=/home/stbenjam/.oh-my-zsh, rvm_path=/home/stbenjam/.rvm, GUESTFISH_INIT=\e[1;34m, GNOME_DESKTOP_SESSION_ID=this-is-deprecated, SYSTEMD_NSS_BYPASS_BUS=1, DBUS_STARTER_ADDRESS=unix:path=/run/user/1000/bus,guid=0ff0c73f492cc1dc3846ae835aac7cd0, LC_CTYPE=en_US.UTF-8, SHLVL=2, LOADEDMODULES=, HISTSIZE=10000, JAVA_HOME=/usr/lib/jvm/java-1.8.0-openjdk-1.8.0.161-0.b14.fc27.x86_64, TERM=xterm-256color, XDG_SESSION_ID=2, rvm_script_name=, rvm_ruby_make=, rvm_docs_type=, _=/usr/lib/jvm/java-1.8.0-openjdk-1.8.0.161-0.b14.fc27.x86_64/jre/bin/java, MAVEN_PROJECTBASEDIR=/home/stbenjam/git/h2ms, DESKTOP_SESSION=gnome-xorg, XDG_MENU_PREFIX=gnome-, VTE_VERSION=5002, rvm_alias_expanded=, rvm_ruby_bits=, GEM_PATH=/home/stbenjam/.rvm/gems/ruby-2.3.3:/home/stbenjam/.rvm/gems/ruby-2.3.3@global, TILIX_ID=df6230d2-2679-42ab-bd7f-667d05988153, XAUTHORITY=/run/user/1000/gdm/Xauthority, INVOCATION_ID=2a8a59bd24d3424f8a519125eeaea755, XDG_DATA_DIRS=/home/stbenjam/.local/share/flatpak/exports/share/:/var/lib/flatpak/exports/share/:/usr/local/share/:/usr/share/, MODULEPATH=/etc/scl/modulefiles:/etc/scl/modulefiles:/usr/share/Modules/modulefiles:/etc/modulefiles:/usr/share/modulefiles, rvm_bin_flag=, VAGRANT_DEFAULT_PROVIDER=libvirt, XDG_CURRENT_DESKTOP=GNOME, JOURNAL_STREAM=9:35277, MAIL=/var/spool/mail/stbenjam, rvm_ruby_mode=, LOGNAME=stbenjam, rvm_proxy=, SHELL=/bin/zsh, rvm_sdk=, OLDPWD=/home/stbenjam/git/h2ms, GEM_HOME=/home/stbenjam/.rvm/gems/ruby-2.3.3, rvm_use_flag=, GIT=/bin/git, RUBY_VERSION=ruby-2.3.3, _system_name=Fedora, LESS=-R, XDG_SESSION_DESKTOP=gnome-xorg, LS_COLORS=rs=0:di=38;5;33:ln=38;5;51:mh=00:pi=40;38;5;11:so=38;5;13:do=38;5;5:bd=48;5;232;38;5;11:cd=48;5;232;38;5;3:or=48;5;232;38;5;9:mi=01;05;37;41:su=48;5;196;38;5;15:sg=48;5;11;38;5;16:ca=48;5;196;38;5;226:tw=48;5;10;38;5;16:ow=48;5;10;38;5;21:st=48;5;21;38;5;15:ex=38;5;40:*.tar=38;5;9:*.tgz=38;5;9:*.arc=38;5;9:*.arj=38;5;9:*.taz=38;5;9:*.lha=38;5;9:*.lz4=38;5;9:*.lzh=38;5;9:*.lzma=38;5;9:*.tlz=38;5;9:*.txz=38;5;9:*.tzo=38;5;9:*.t7z=38;5;9:*.zip=38;5;9:*.z=38;5;9:*.Z=38;5;9:*.dz=38;5;9:*.gz=38;5;9:*.lrz=38;5;9:*.lz=38;5;9:*.lzo=38;5;9:*.xz=38;5;9:*.zst=38;5;9:*.tzst=38;5;9:*.bz2=38;5;9:*.bz=38;5;9:*.tbz=38;5;9:*.tbz2=38;5;9:*.tz=38;5;9:*.deb=38;5;9:*.rpm=38;5;9:*.jar=38;5;9:*.war=38;5;9:*.ear=38;5;9:*.sar=38;5;9:*.rar=38;5;9:*.alz=38;5;9:*.ace=38;5;9:*.zoo=38;5;9:*.cpio=38;5;9:*.7z=38;5;9:*.rz=38;5;9:*.cab=38;5;9:*.wim=38;5;9:*.swm=38;5;9:*.dwm=38;5;9:*.esd=38;5;9:*.jpg=38;5;13:*.jpeg=38;5;13:*.mjpg=38;5;13:*.mjpeg=38;5;13:*.gif=38;5;13:*.bmp=38;5;13:*.pbm=38;5;13:*.pgm=38;5;13:*.ppm=38;5;13:*.tga=38;5;13:*.xbm=38;5;13:*.xpm=38;5;13:*.tif=38;5;13:*.tiff=38;5;13:*.png=38;5;13:*.svg=38;5;13:*.svgz=38;5;13:*.mng=38;5;13:*.pcx=38;5;13:*.mov=38;5;13:*.mpg=38;5;13:*.mpeg=38;5;13:*.m2v=38;5;13:*.mkv=38;5;13:*.webm=38;5;13:*.ogm=38;5;13:*.mp4=38;5;13:*.m4v=38;5;13:*.mp4v=38;5;13:*.vob=38;5;13:*.qt=38;5;13:*.nuv=38;5;13:*.wmv=38;5;13:*.asf=38;5;13:*.rm=38;5;13:*.rmvb=38;5;13:*.flc=38;5;13:*.avi=38;5;13:*.fli=38;5;13:*.flv=38;5;13:*.gl=38;5;13:*.dl=38;5;13:*.xcf=38;5;13:*.xwd=38;5;13:*.yuv=38;5;13:*.cgm=38;5;13:*.emf=38;5;13:*.ogv=38;5;13:*.ogx=38;5;13:*.aac=38;5;45:*.au=38;5;45:*.flac=38;5;45:*.m4a=38;5;45:*.mid=38;5;45:*.midi=38;5;45:*.mka=38;5;45:*.mp3=38;5;45:*.mpc=38;5;45:*.ogg=38;5;45:*.ra=38;5;45:*.wav=38;5;45:*.oga=38;5;45:*.opus=38;5;45:*.spx=38;5;45:*.xspf=38;5;45:, rvm_gemstone_package_file=, _system_arch=x86_64, rvm_bin_path=/home/stbenjam/.rvm/bin, QT_IM_MODULE=ibus, rvm_only_path_flag=, rvm_prefix=/home/stbenjam, LANG=en_US.UTF-8, XDG_SESSION_TYPE=x11, DISPLAY=:0, rvm_gemstone_url=, GDM_LANG=en_US.UTF-8, GUESTFISH_PS1=\[\e[1;32m\]><fs>\[\e[0;31m\] , LSCOLORS=Gxfxcxdxbxegedabagacad, _system_type=Linux, _system_version=27, GPG_TTY=/dev/pts/1, USER=stbenjam, rvm_ruby_file=, WINDOWPATH=2, XDG_SEAT=seat0, SSH_AUTH_SOCK=/run/user/1000/keyring/ssh, EDITOR=vim, HOSTNAME=ancient.bitbin.de, MODULESHOME=/usr/share/Modules, QTDIR=/usr/lib64/qt-3.3, XDG_RUNTIME_DIR=/run/user/1000, XDG_VTNR=2, GUESTFISH_OUTPUT=\e[0m, DBUS_STARTER_BUS_TYPE=session, QTLIB=/usr/lib64/qt-3.3/lib, HOME=/home/stbenjam}}]
21:09:27.004 [main] DEBUG org.springframework.core.io.support.PathMatchingResourcePatternResolver - Resolved classpath location [edu/harvard/h2ms/controllers/] to resources [URL [file:/home/stbenjam/git/h2ms/target/test-classes/edu/harvard/h2ms/controllers/]]
21:09:27.005 [main] DEBUG org.springframework.core.io.support.PathMatchingResourcePatternResolver - Looking for matching resources in directory tree [/home/stbenjam/git/h2ms/target/test-classes/edu/harvard/h2ms/controllers]
21:09:27.006 [main] DEBUG org.springframework.core.io.support.PathMatchingResourcePatternResolver - Searching directory [/home/stbenjam/git/h2ms/target/test-classes/edu/harvard/h2ms/controllers] for files matching pattern [/home/stbenjam/git/h2ms/target/test-classes/edu/harvard/h2ms/controllers/*.class]
21:09:27.006 [main] DEBUG org.springframework.core.io.support.PathMatchingResourcePatternResolver - Resolved location pattern [classpath*:edu/harvard/h2ms/controllers/*.class] to resources [file [/home/stbenjam/git/h2ms/target/test-classes/edu/harvard/h2ms/controllers/EventControllerTests.class], file [/home/stbenjam/git/h2ms/target/test-classes/edu/harvard/h2ms/controllers/LocationControllerTests.class], file [/home/stbenjam/git/h2ms/target/test-classes/edu/harvard/h2ms/controllers/UserControllerTests.class]]
21:09:27.009 [main] DEBUG org.springframework.core.io.support.PathMatchingResourcePatternResolver - Resolved classpath location [edu/harvard/h2ms/] to resources [URL [file:/home/stbenjam/git/h2ms/target/test-classes/edu/harvard/h2ms/], URL [file:/home/stbenjam/git/h2ms/target/classes/edu/harvard/h2ms/]]
21:09:27.009 [main] DEBUG org.springframework.core.io.support.PathMatchingResourcePatternResolver - Looking for matching resources in directory tree [/home/stbenjam/git/h2ms/target/test-classes/edu/harvard/h2ms]
21:09:27.009 [main] DEBUG org.springframework.core.io.support.PathMatchingResourcePatternResolver - Searching directory [/home/stbenjam/git/h2ms/target/test-classes/edu/harvard/h2ms] for files matching pattern [/home/stbenjam/git/h2ms/target/test-classes/edu/harvard/h2ms/*.class]
21:09:27.009 [main] DEBUG org.springframework.core.io.support.PathMatchingResourcePatternResolver - Looking for matching resources in directory tree [/home/stbenjam/git/h2ms/target/classes/edu/harvard/h2ms]
21:09:27.009 [main] DEBUG org.springframework.core.io.support.PathMatchingResourcePatternResolver - Searching directory [/home/stbenjam/git/h2ms/target/classes/edu/harvard/h2ms] for files matching pattern [/home/stbenjam/git/h2ms/target/classes/edu/harvard/h2ms/*.class]
21:09:27.010 [main] DEBUG org.springframework.core.io.support.PathMatchingResourcePatternResolver - Resolved location pattern [classpath*:edu/harvard/h2ms/*.class] to resources [file [/home/stbenjam/git/h2ms/target/classes/edu/harvard/h2ms/H2MSRestAppInitializer.class]]
21:09:27.011 [main] DEBUG org.springframework.context.annotation.ClassPathScanningCandidateComponentProvider - Identified candidate component class: file [/home/stbenjam/git/h2ms/target/classes/edu/harvard/h2ms/H2MSRestAppInitializer.class]
21:09:27.011 [main] INFO org.springframework.boot.test.context.SpringBootTestContextBootstrapper - Found @SpringBootConfiguration edu.harvard.h2ms.H2MSRestAppInitializer for test class edu.harvard.h2ms.controllers.EventControllerTests
21:09:27.016 [main] DEBUG org.springframework.boot.test.context.SpringBootTestContextBootstrapper - @TestExecutionListeners is not present for class [edu.harvard.h2ms.controllers.EventControllerTests]: using defaults.
21:09:27.019 [main] INFO org.springframework.boot.test.context.SpringBootTestContextBootstrapper - Loaded default TestExecutionListener class names from location [META-INF/spring.factories]: [org.springframework.boot.test.mock.mockito.MockitoTestExecutionListener, org.springframework.boot.test.mock.mockito.ResetMocksTestExecutionListener, org.springframework.boot.test.autoconfigure.restdocs.RestDocsTestExecutionListener, org.springframework.boot.test.autoconfigure.web.client.MockRestServiceServerResetTestExecutionListener, org.springframework.boot.test.autoconfigure.web.servlet.MockMvcPrintOnlyOnFailureTestExecutionListener, org.springframework.boot.test.autoconfigure.web.servlet.WebDriverTestExecutionListener, org.springframework.test.context.web.ServletTestExecutionListener, org.springframework.test.context.support.DirtiesContextBeforeModesTestExecutionListener, org.springframework.test.context.support.DependencyInjectionTestExecutionListener, org.springframework.test.context.support.DirtiesContextTestExecutionListener, org.springframework.test.context.transaction.TransactionalTestExecutionListener, org.springframework.test.context.jdbc.SqlScriptsTestExecutionListener, org.springframework.security.test.context.support.WithSecurityContextTestExecutionListener]
21:09:27.021 [main] INFO org.springframework.boot.test.context.SpringBootTestContextBootstrapper - Using TestExecutionListeners: [org.springframework.test.context.web.ServletTestExecutionListener@1eb5174b, org.springframework.test.context.support.DirtiesContextBeforeModesTestExecutionListener@67080771, org.springframework.boot.test.autoconfigure.SpringBootDependencyInjectionTestExecutionListener@72cde7cc, org.springframework.test.context.support.DirtiesContextTestExecutionListener@5fd4f8f5, org.springframework.test.context.transaction.TransactionalTestExecutionListener@696da30b, org.springframework.test.context.jdbc.SqlScriptsTestExecutionListener@4e7912d8, org.springframework.security.test.context.support.WithSecurityContextTestExecutionListener@53976f5c, org.springframework.boot.test.mock.mockito.MockitoTestExecutionListener@2bfc268b, org.springframework.boot.test.mock.mockito.ResetMocksTestExecutionListener@2f8dad04, org.springframework.boot.test.autoconfigure.restdocs.RestDocsTestExecutionListener@29e495ff, org.springframework.boot.test.autoconfigure.web.client.MockRestServiceServerResetTestExecutionListener@41e1e210, org.springframework.boot.test.autoconfigure.web.servlet.MockMvcPrintOnlyOnFailureTestExecutionListener@be35cd9, org.springframework.boot.test.autoconfigure.web.servlet.WebDriverTestExecutionListener@4944252c]
21:09:27.022 [main] DEBUG org.springframework.test.context.junit4.SpringJUnit4ClassRunner - SpringJUnit4ClassRunner constructor called with [class edu.harvard.h2ms.controllers.UserControllerTests]
21:09:27.023 [main] DEBUG org.springframework.test.context.BootstrapUtils - Instantiating CacheAwareContextLoaderDelegate from class [org.springframework.test.context.cache.DefaultCacheAwareContextLoaderDelegate]
21:09:27.023 [main] DEBUG org.springframework.test.context.BootstrapUtils - Instantiating BootstrapContext using constructor [public org.springframework.test.context.support.DefaultBootstrapContext(java.lang.Class,org.springframework.test.context.CacheAwareContextLoaderDelegate)]
21:09:27.023 [main] DEBUG org.springframework.test.context.BootstrapUtils - Instantiating TestContextBootstrapper for test class [edu.harvard.h2ms.controllers.UserControllerTests] from class [org.springframework.boot.test.context.SpringBootTestContextBootstrapper]
21:09:27.024 [main] INFO org.springframework.boot.test.context.SpringBootTestContextBootstrapper - Neither @ContextConfiguration nor @ContextHierarchy found for test class [edu.harvard.h2ms.controllers.UserControllerTests], using SpringBootContextLoader
21:09:27.024 [main] DEBUG org.springframework.test.context.support.AbstractContextLoader - Did not detect default resource location for test class [edu.harvard.h2ms.controllers.UserControllerTests]: class path resource [edu/harvard/h2ms/controllers/UserControllerTests-context.xml] does not exist
21:09:27.025 [main] DEBUG org.springframework.test.context.support.AbstractContextLoader - Did not detect default resource location for test class [edu.harvard.h2ms.controllers.UserControllerTests]: class path resource [edu/harvard/h2ms/controllers/UserControllerTestsContext.groovy] does not exist
21:09:27.025 [main] INFO org.springframework.test.context.support.AbstractContextLoader - Could not detect default resource locations for test class [edu.harvard.h2ms.controllers.UserControllerTests]: no resource found for suffixes {-context.xml, Context.groovy}.
21:09:27.025 [main] INFO org.springframework.test.context.support.AnnotationConfigContextLoaderUtils - Could not detect default configuration classes for test class [edu.harvard.h2ms.controllers.UserControllerTests]: UserControllerTests does not declare any static, non-private, non-final, nested classes annotated with @Configuration.
21:09:27.029 [main] DEBUG org.springframework.test.context.support.ActiveProfilesUtils - Could not find an 'annotation declaring class' for annotation type [org.springframework.test.context.ActiveProfiles] and class [edu.harvard.h2ms.controllers.UserControllerTests]
21:09:27.029 [main] DEBUG org.springframework.core.env.StandardEnvironment - Adding PropertySource 'systemProperties' with lowest search precedence
21:09:27.029 [main] DEBUG org.springframework.core.env.StandardEnvironment - Adding PropertySource 'systemEnvironment' with lowest search precedence
21:09:27.030 [main] DEBUG org.springframework.core.env.StandardEnvironment - Initialized StandardEnvironment with PropertySources [MapPropertySource@1604002113 {name='systemProperties', properties={java.runtime.name=OpenJDK Runtime Environment, sun.boot.library.path=/usr/lib/jvm/java-1.8.0-openjdk-1.8.0.161-0.b14.fc27.x86_64/jre/lib/amd64, java.vm.version=25.161-b14, java.vm.vendor=Oracle Corporation, java.vendor.url=http://java.oracle.com/, path.separator=:, java.vm.name=OpenJDK 64-Bit Server VM, file.encoding.pkg=sun.io, user.country=US, sun.java.launcher=SUN_STANDARD, sun.os.patch.level=unknown, java.vm.specification.name=Java Virtual Machine Specification, user.dir=/home/stbenjam/git/h2ms, java.runtime.version=1.8.0_161-b14, basedir=/home/stbenjam/git/h2ms, java.awt.graphicsenv=sun.awt.X11GraphicsEnvironment, java.endorsed.dirs=/usr/lib/jvm/java-1.8.0-openjdk-1.8.0.161-0.b14.fc27.x86_64/jre/lib/endorsed, os.arch=amd64, surefire.real.class.path=/home/stbenjam/git/h2ms/target/surefire/surefirebooter618343035117595110.jar, java.io.tmpdir=/tmp, line.separator=
, java.vm.specification.vendor=Oracle Corporation, os.name=Linux, sun.jnu.encoding=UTF-8, java.library.path=/usr/java/packages/lib/amd64:/usr/lib64:/lib64:/lib:/usr/lib, surefire.test.class.path=/home/stbenjam/git/h2ms/target/test-classes:/home/stbenjam/git/h2ms/target/classes:/home/stbenjam/.m2/repository/org/springframework/boot/spring-boot-starter-data-rest/1.5.10.RELEASE/spring-boot-starter-data-rest-1.5.10.RELEASE.jar:/home/stbenjam/.m2/repository/org/springframework/boot/spring-boot-starter/1.5.10.RELEASE/spring-boot-starter-1.5.10.RELEASE.jar:/home/stbenjam/.m2/repository/org/springframework/boot/spring-boot/1.5.10.RELEASE/spring-boot-1.5.10.RELEASE.jar:/home/stbenjam/.m2/repository/org/springframework/boot/spring-boot-autoconfigure/1.5.10.RELEASE/spring-boot-autoconfigure-1.5.10.RELEASE.jar:/home/stbenjam/.m2/repository/org/springframework/boot/spring-boot-starter-logging/1.5.10.RELEASE/spring-boot-starter-logging-1.5.10.RELEASE.jar:/home/stbenjam/.m2/repository/ch/qos/logback/logback-classic/1.1.11/logback-classic-1.1.11.jar:/home/stbenjam/.m2/repository/ch/qos/logback/logback-core/1.1.11/logback-core-1.1.11.jar:/home/stbenjam/.m2/repository/org/slf4j/jul-to-slf4j/1.7.25/jul-to-slf4j-1.7.25.jar:/home/stbenjam/.m2/repository/org/slf4j/log4j-over-slf4j/1.7.25/log4j-over-slf4j-1.7.25.jar:/home/stbenjam/.m2/repository/org/yaml/snakeyaml/1.17/snakeyaml-1.17.jar:/home/stbenjam/.m2/repository/com/fasterxml/jackson/core/jackson-annotations/2.8.0/jackson-annotations-2.8.0.jar:/home/stbenjam/.m2/repository/org/springframework/data/spring-data-rest-webmvc/2.6.10.RELEASE/spring-data-rest-webmvc-2.6.10.RELEASE.jar:/home/stbenjam/.m2/repository/org/springframework/data/spring-data-rest-core/2.6.10.RELEASE/spring-data-rest-core-2.6.10.RELEASE.jar:/home/stbenjam/.m2/repository/org/atteo/evo-inflector/1.2.2/evo-inflector-1.2.2.jar:/home/stbenjam/.m2/repository/org/slf4j/jcl-over-slf4j/1.7.25/jcl-over-slf4j-1.7.25.jar:/home/stbenjam/.m2/repository/org/springframework/boot/spring-boot-starter-web/1.5.10.RELEASE/spring-boot-starter-web-1.5.10.RELEASE.jar:/home/stbenjam/.m2/repository/org/springframework/boot/spring-boot-starter-tomcat/1.5.10.RELEASE/spring-boot-starter-tomcat-1.5.10.RELEASE.jar:/home/stbenjam/.m2/repository/org/apache/tomcat/embed/tomcat-embed-core/8.5.27/tomcat-embed-core-8.5.27.jar:/home/stbenjam/.m2/repository/org/apache/tomcat/tomcat-annotations-api/8.5.27/tomcat-annotations-api-8.5.27.jar:/home/stbenjam/.m2/repository/org/apache/tomcat/embed/tomcat-embed-el/8.5.27/tomcat-embed-el-8.5.27.jar:/home/stbenjam/.m2/repository/org/apache/tomcat/embed/tomcat-embed-websocket/8.5.27/tomcat-embed-websocket-8.5.27.jar:/home/stbenjam/.m2/repository/org/hibernate/hibernate-validator/5.3.6.Final/hibernate-validator-5.3.6.Final.jar:/home/stbenjam/.m2/repository/javax/validation/validation-api/1.1.0.Final/validation-api-1.1.0.Final.jar:/home/stbenjam/.m2/repository/org/jboss/logging/jboss-logging/3.3.1.Final/jboss-logging-3.3.1.Final.jar:/home/stbenjam/.m2/repository/org/springframework/spring-web/4.3.14.RELEASE/spring-web-4.3.14.RELEASE.jar:/home/stbenjam/.m2/repository/org/springframework/spring-webmvc/4.3.14.RELEASE/spring-webmvc-4.3.14.RELEASE.jar:/home/stbenjam/.m2/repository/org/springframework/spring-expression/4.3.14.RELEASE/spring-expression-4.3.14.RELEASE.jar:/home/stbenjam/.m2/repository/org/springframework/boot/spring-boot-starter-thymeleaf/1.5.10.RELEASE/spring-boot-starter-thymeleaf-1.5.10.RELEASE.jar:/home/stbenjam/.m2/repository/org/thymeleaf/thymeleaf-spring4/2.1.6.RELEASE/thymeleaf-spring4-2.1.6.RELEASE.jar:/home/stbenjam/.m2/repository/org/thymeleaf/thymeleaf/2.1.6.RELEASE/thymeleaf-2.1.6.RELEASE.jar:/home/stbenjam/.m2/repository/ognl/ognl/3.0.8/ognl-3.0.8.jar:/home/stbenjam/.m2/repository/org/unbescape/unbescape/1.1.0.RELEASE/unbescape-1.1.0.RELEASE.jar:/home/stbenjam/.m2/repository/nz/net/ultraq/thymeleaf/thymeleaf-layout-dialect/1.4.0/thymeleaf-layout-dialect-1.4.0.jar:/home/stbenjam/.m2/repository/org/codehaus/groovy/groovy/2.4.13/groovy-2.4.13.jar:/home/stbenjam/.m2/repository/org/springframework/boot/spring-boot-starter-test/1.5.10.RELEASE/spring-boot-starter-test-1.5.10.RELEASE.jar:/home/stbenjam/.m2/repository/org/springframework/boot/spring-boot-test/1.5.10.RELEASE/spring-boot-test-1.5.10.RELEASE.jar:/home/stbenjam/.m2/repository/org/springframework/boot/spring-boot-test-autoconfigure/1.5.10.RELEASE/spring-boot-test-autoconfigure-1.5.10.RELEASE.jar:/home/stbenjam/.m2/repository/com/jayway/jsonpath/json-path/2.2.0/json-path-2.2.0.jar:/home/stbenjam/.m2/repository/net/minidev/json-smart/2.2.1/json-smart-2.2.1.jar:/home/stbenjam/.m2/repository/net/minidev/accessors-smart/1.1/accessors-smart-1.1.jar:/home/stbenjam/.m2/repository/org/ow2/asm/asm/5.0.3/asm-5.0.3.jar:/home/stbenjam/.m2/repository/junit/junit/4.12/junit-4.12.jar:/home/stbenjam/.m2/repository/org/assertj/assertj-core/2.6.0/assertj-core-2.6.0.jar:/home/stbenjam/.m2/repository/org/mockito/mockito-core/1.10.19/mockito-core-1.10.19.jar:/home/stbenjam/.m2/repository/org/objenesis/objenesis/2.1/objenesis-2.1.jar:/home/stbenjam/.m2/repository/org/hamcrest/hamcrest-core/1.3/hamcrest-core-1.3.jar:/home/stbenjam/.m2/repository/org/hamcrest/hamcrest-library/1.3/hamcrest-library-1.3.jar:/home/stbenjam/.m2/repository/org/skyscreamer/jsonassert/1.4.0/jsonassert-1.4.0.jar:/home/stbenjam/.m2/repository/org/springframework/spring-core/4.3.14.RELEASE/spring-core-4.3.14.RELEASE.jar:/home/stbenjam/.m2/repository/org/springframework/spring-test/4.3.14.RELEASE/spring-test-4.3.14.RELEASE.jar:/home/stbenjam/.m2/repository/org/springframework/restdocs/spring-restdocs-mockmvc/1.1.3.RELEASE/spring-restdocs-mockmvc-1.1.3.RELEASE.jar:/home/stbenjam/.m2/repository/org/springframework/restdocs/spring-restdocs-core/1.1.3.RELEASE/spring-restdocs-core-1.1.3.RELEASE.jar:/home/stbenjam/.m2/repository/javax/servlet/javax.servlet-api/3.1.0/javax.servlet-api-3.1.0.jar:/home/stbenjam/.m2/repository/org/springframework/boot/spring-boot-starter-data-jpa/1.5.10.RELEASE/spring-boot-starter-data-jpa-1.5.10.RELEASE.jar:/home/stbenjam/.m2/repository/org/springframework/boot/spring-boot-starter-aop/1.5.10.RELEASE/spring-boot-starter-aop-1.5.10.RELEASE.jar:/home/stbenjam/.m2/repository/org/aspectj/aspectjweaver/1.8.13/aspectjweaver-1.8.13.jar:/home/stbenjam/.m2/repository/org/springframework/boot/spring-boot-starter-jdbc/1.5.10.RELEASE/spring-boot-starter-jdbc-1.5.10.RELEASE.jar:/home/stbenjam/.m2/repository/org/apache/tomcat/tomcat-jdbc/8.5.27/tomcat-jdbc-8.5.27.jar:/home/stbenjam/.m2/repository/org/apache/tomcat/tomcat-juli/8.5.27/tomcat-juli-8.5.27.jar:/home/stbenjam/.m2/repository/org/springframework/spring-jdbc/4.3.14.RELEASE/spring-jdbc-4.3.14.RELEASE.jar:/home/stbenjam/.m2/repository/org/hibernate/hibernate-core/5.0.12.Final/hibernate-core-5.0.12.Final.jar:/home/stbenjam/.m2/repository/org/hibernate/javax/persistence/hibernate-jpa-2.1-api/1.0.0.Final/hibernate-jpa-2.1-api-1.0.0.Final.jar:/home/stbenjam/.m2/repository/org/javassist/javassist/3.21.0-GA/javassist-3.21.0-GA.jar:/home/stbenjam/.m2/repository/antlr/antlr/2.7.7/antlr-2.7.7.jar:/home/stbenjam/.m2/repository/org/jboss/jandex/2.0.0.Final/jandex-2.0.0.Final.jar:/home/stbenjam/.m2/repository/dom4j/dom4j/1.6.1/dom4j-1.6.1.jar:/home/stbenjam/.m2/repository/org/hibernate/common/hibernate-commons-annotations/5.0.1.Final/hibernate-commons-annotations-5.0.1.Final.jar:/home/stbenjam/.m2/repository/org/hibernate/hibernate-entitymanager/5.0.12.Final/hibernate-entitymanager-5.0.12.Final.jar:/home/stbenjam/.m2/repository/javax/transaction/javax.transaction-api/1.2/javax.transaction-api-1.2.jar:/home/stbenjam/.m2/repository/org/springframework/data/spring-data-jpa/1.11.10.RELEASE/spring-data-jpa-1.11.10.RELEASE.jar:/home/stbenjam/.m2/repository/org/springframework/data/spring-data-commons/1.13.10.RELEASE/spring-data-commons-1.13.10.RELEASE.jar:/home/stbenjam/.m2/repository/org/springframework/spring-orm/4.3.14.RELEASE/spring-orm-4.3.14.RELEASE.jar:/home/stbenjam/.m2/repository/org/springframework/spring-tx/4.3.14.RELEASE/spring-tx-4.3.14.RELEASE.jar:/home/stbenjam/.m2/repository/org/springframework/spring-aspects/4.3.14.RELEASE/spring-aspects-4.3.14.RELEASE.jar:/home/stbenjam/.m2/repository/com/h2database/h2/1.4.196/h2-1.4.196.jar:/home/stbenjam/.m2/repository/org/postgresql/postgresql/9.4-1206-jdbc42/postgresql-9.4-1206-jdbc42.jar:/home/stbenjam/.m2/repository/log4j/log4j/1.2.17/log4j-1.2.17.jar:/home/stbenjam/.m2/repository/com/google/guava/guava/19.0/guava-19.0.jar:/home/stbenjam/.m2/repository/javax/mail/mail/1.4/mail-1.4.jar:/home/stbenjam/.m2/repository/javax/activation/activation/1.1/activation-1.1.jar:/home/stbenjam/.m2/repository/org/springframework/boot/spring-boot-starter-security/1.5.10.RELEASE/spring-boot-starter-security-1.5.10.RELEASE.jar:/home/stbenjam/.m2/repository/org/springframework/spring-aop/4.3.14.RELEASE/spring-aop-4.3.14.RELEASE.jar:/home/stbenjam/.m2/repository/org/springframework/security/spring-security-config/4.2.4.RELEASE/spring-security-config-4.2.4.RELEASE.jar:/home/stbenjam/.m2/repository/org/springframework/security/spring-security-web/4.2.4.RELEASE/spring-security-web-4.2.4.RELEASE.jar:/home/stbenjam/.m2/repository/org/springframework/boot/spring-boot-starter-mail/1.4.3.RELEASE/spring-boot-starter-mail-1.4.3.RELEASE.jar:/home/stbenjam/.m2/repository/org/springframework/spring-context/4.3.14.RELEASE/spring-context-4.3.14.RELEASE.jar:/home/stbenjam/.m2/repository/com/sun/mail/javax.mail/1.5.6/javax.mail-1.5.6.jar:/home/stbenjam/.m2/repository/com/icegreen/greenmail/1.5.5/greenmail-1.5.5.jar:/home/stbenjam/.m2/repository/org/slf4j/slf4j-api/1.7.25/slf4j-api-1.7.25.jar:/home/stbenjam/.m2/repository/org/springframework/security/spring-security-test/4.2.4.RELEASE/spring-security-test-4.2.4.RELEASE.jar:/home/stbenjam/.m2/repository/org/springframework/security/spring-security-core/4.2.4.RELEASE/spring-security-core-4.2.4.RELEASE.jar:/home/stbenjam/.m2/repository/aopalliance/aopalliance/1.0/aopalliance-1.0.jar:/home/stbenjam/.m2/repository/org/springframework/security/oauth/spring-security-oauth2/2.0.14.RELEASE/spring-security-oauth2-2.0.14.RELEASE.jar:/home/stbenjam/.m2/repository/org/springframework/spring-beans/4.3.14.RELEASE/spring-beans-4.3.14.RELEASE.jar:/home/stbenjam/.m2/repository/commons-codec/commons-codec/1.10/commons-codec-1.10.jar:/home/stbenjam/.m2/repository/org/codehaus/jackson/jackson-mapper-asl/1.9.13/jackson-mapper-asl-1.9.13.jar:/home/stbenjam/.m2/repository/org/codehaus/jackson/jackson-core-asl/1.9.13/jackson-core-asl-1.9.13.jar:/home/stbenjam/.m2/repository/io/springfox/springfox-swagger2/2.8.0/springfox-swagger2-2.8.0.jar:/home/stbenjam/.m2/repository/io/swagger/swagger-annotations/1.5.14/swagger-annotations-1.5.14.jar:/home/stbenjam/.m2/repository/io/swagger/swagger-models/1.5.14/swagger-models-1.5.14.jar:/home/stbenjam/.m2/repository/io/springfox/springfox-spi/2.8.0/springfox-spi-2.8.0.jar:/home/stbenjam/.m2/repository/io/springfox/springfox-core/2.8.0/springfox-core-2.8.0.jar:/home/stbenjam/.m2/repository/net/bytebuddy/byte-buddy/1.7.9/byte-buddy-1.7.9.jar:/home/stbenjam/.m2/repository/io/springfox/springfox-schema/2.8.0/springfox-schema-2.8.0.jar:/home/stbenjam/.m2/repository/io/springfox/springfox-swagger-common/2.8.0/springfox-swagger-common-2.8.0.jar:/home/stbenjam/.m2/repository/io/springfox/springfox-spring-web/2.8.0/springfox-spring-web-2.8.0.jar:/home/stbenjam/.m2/repository/org/reflections/reflections/0.9.11/reflections-0.9.11.jar:/home/stbenjam/.m2/repository/com/fasterxml/classmate/1.3.4/classmate-1.3.4.jar:/home/stbenjam/.m2/repository/org/springframework/plugin/spring-plugin-core/1.2.0.RELEASE/spring-plugin-core-1.2.0.RELEASE.jar:/home/stbenjam/.m2/repository/org/springframework/plugin/spring-plugin-metadata/1.2.0.RELEASE/spring-plugin-metadata-1.2.0.RELEASE.jar:/home/stbenjam/.m2/repository/org/mapstruct/mapstruct/1.2.0.Final/mapstruct-1.2.0.Final.jar:/home/stbenjam/.m2/repository/io/springfox/springfox-swagger-ui/2.8.0/springfox-swagger-ui-2.8.0.jar:/home/stbenjam/.m2/repository/io/springfox/springfox-data-rest/2.8.0/springfox-data-rest-2.8.0.jar:/home/stbenjam/.m2/repository/org/springframework/hateoas/spring-hateoas/0.23.0.RELEASE/spring-hateoas-0.23.0.RELEASE.jar:/home/stbenjam/.m2/repository/org/usb4java/usb4java-javax/1.2.0/usb4java-javax-1.2.0.jar:/home/stbenjam/.m2/repository/javax/usb/usb-api/1.0.2/usb-api-1.0.2.jar:/home/stbenjam/.m2/repository/org/apache/commons/commons-lang3/3.2.1/commons-lang3-3.2.1.jar:/home/stbenjam/.m2/repository/org/usb4java/usb4java/1.2.0/usb4java-1.2.0.jar:/home/stbenjam/.m2/repository/org/usb4java/libusb4java/1.2.0/libusb4java-1.2.0-linux-x86.jar:/home/stbenjam/.m2/repository/org/usb4java/libusb4java/1.2.0/libusb4java-1.2.0-linux-x86_64.jar:/home/stbenjam/.m2/repository/org/usb4java/libusb4java/1.2.0/libusb4java-1.2.0-linux-arm.jar:/home/stbenjam/.m2/repository/org/usb4java/libusb4java/1.2.0/libusb4java-1.2.0-windows-x86.jar:/home/stbenjam/.m2/repository/org/usb4java/libusb4java/1.2.0/libusb4java-1.2.0-windows-x86_64.jar:/home/stbenjam/.m2/repository/org/usb4java/libusb4java/1.2.0/libusb4java-1.2.0-osx-x86.jar:/home/stbenjam/.m2/repository/org/usb4java/libusb4java/1.2.0/libusb4java-1.2.0-osx-x86_64.jar:/home/stbenjam/.m2/repository/org/mockito/mockito-all/1.9.5/mockito-all-1.9.5.jar:/home/stbenjam/.m2/repository/com/fasterxml/jackson/core/jackson-databind/2.5.0/jackson-databind-2.5.0.jar:/home/stbenjam/.m2/repository/com/fasterxml/jackson/core/jackson-core/2.8.10/jackson-core-2.8.10.jar:/home/stbenjam/.m2/repository/com/vaadin/external/google/android-json/0.0.20131108.vaadin1/android-json-0.0.20131108.vaadin1.jar:/home/stbenjam/.m2/repository/com/tngtech/java/junit-dataprovider/1.13.1/junit-dataprovider-1.13.1.jar:/home/stbenjam/.m2/repository/org/springframework/spring-context-support/3.2.0.RELEASE/spring-context-support-3.2.0.RELEASE.jar:, java.specification.name=Java Platform API Specification, java.class.version=52.0, sun.management.compiler=HotSpot 64-Bit Tiered Compilers, os.version=4.14.14-300.fc27.x86_64, user.home=/home/stbenjam, user.timezone=America/New_York, java.awt.printerjob=sun.print.PSPrinterJob, file.encoding=UTF-8, java.specification.version=1.8, java.class.path=/home/stbenjam/git/h2ms/target/test-classes:/home/stbenjam/git/h2ms/target/classes:/home/stbenjam/.m2/repository/org/springframework/boot/spring-boot-starter-data-rest/1.5.10.RELEASE/spring-boot-starter-data-rest-1.5.10.RELEASE.jar:/home/stbenjam/.m2/repository/org/springframework/boot/spring-boot-starter/1.5.10.RELEASE/spring-boot-starter-1.5.10.RELEASE.jar:/home/stbenjam/.m2/repository/org/springframework/boot/spring-boot/1.5.10.RELEASE/spring-boot-1.5.10.RELEASE.jar:/home/stbenjam/.m2/repository/org/springframework/boot/spring-boot-autoconfigure/1.5.10.RELEASE/spring-boot-autoconfigure-1.5.10.RELEASE.jar:/home/stbenjam/.m2/repository/org/springframework/boot/spring-boot-starter-logging/1.5.10.RELEASE/spring-boot-starter-logging-1.5.10.RELEASE.jar:/home/stbenjam/.m2/repository/ch/qos/logback/logback-classic/1.1.11/logback-classic-1.1.11.jar:/home/stbenjam/.m2/repository/ch/qos/logback/logback-core/1.1.11/logback-core-1.1.11.jar:/home/stbenjam/.m2/repository/org/slf4j/jul-to-slf4j/1.7.25/jul-to-slf4j-1.7.25.jar:/home/stbenjam/.m2/repository/org/slf4j/log4j-over-slf4j/1.7.25/log4j-over-slf4j-1.7.25.jar:/home/stbenjam/.m2/repository/org/yaml/snakeyaml/1.17/snakeyaml-1.17.jar:/home/stbenjam/.m2/repository/com/fasterxml/jackson/core/jackson-annotations/2.8.0/jackson-annotations-2.8.0.jar:/home/stbenjam/.m2/repository/org/springframework/data/spring-data-rest-webmvc/2.6.10.RELEASE/spring-data-rest-webmvc-2.6.10.RELEASE.jar:/home/stbenjam/.m2/repository/org/springframework/data/spring-data-rest-core/2.6.10.RELEASE/spring-data-rest-core-2.6.10.RELEASE.jar:/home/stbenjam/.m2/repository/org/atteo/evo-inflector/1.2.2/evo-inflector-1.2.2.jar:/home/stbenjam/.m2/repository/org/slf4j/jcl-over-slf4j/1.7.25/jcl-over-slf4j-1.7.25.jar:/home/stbenjam/.m2/repository/org/springframework/boot/spring-boot-starter-web/1.5.10.RELEASE/spring-boot-starter-web-1.5.10.RELEASE.jar:/home/stbenjam/.m2/repository/org/springframework/boot/spring-boot-starter-tomcat/1.5.10.RELEASE/spring-boot-starter-tomcat-1.5.10.RELEASE.jar:/home/stbenjam/.m2/repository/org/apache/tomcat/embed/tomcat-embed-core/8.5.27/tomcat-embed-core-8.5.27.jar:/home/stbenjam/.m2/repository/org/apache/tomcat/tomcat-annotations-api/8.5.27/tomcat-annotations-api-8.5.27.jar:/home/stbenjam/.m2/repository/org/apache/tomcat/embed/tomcat-embed-el/8.5.27/tomcat-embed-el-8.5.27.jar:/home/stbenjam/.m2/repository/org/apache/tomcat/embed/tomcat-embed-websocket/8.5.27/tomcat-embed-websocket-8.5.27.jar:/home/stbenjam/.m2/repository/org/hibernate/hibernate-validator/5.3.6.Final/hibernate-validator-5.3.6.Final.jar:/home/stbenjam/.m2/repository/javax/validation/validation-api/1.1.0.Final/validation-api-1.1.0.Final.jar:/home/stbenjam/.m2/repository/org/jboss/logging/jboss-logging/3.3.1.Final/jboss-logging-3.3.1.Final.jar:/home/stbenjam/.m2/repository/org/springframework/spring-web/4.3.14.RELEASE/spring-web-4.3.14.RELEASE.jar:/home/stbenjam/.m2/repository/org/springframework/spring-webmvc/4.3.14.RELEASE/spring-webmvc-4.3.14.RELEASE.jar:/home/stbenjam/.m2/repository/org/springframework/spring-expression/4.3.14.RELEASE/spring-expression-4.3.14.RELEASE.jar:/home/stbenjam/.m2/repository/org/springframework/boot/spring-boot-starter-thymeleaf/1.5.10.RELEASE/spring-boot-starter-thymeleaf-1.5.10.RELEASE.jar:/home/stbenjam/.m2/repository/org/thymeleaf/thymeleaf-spring4/2.1.6.RELEASE/thymeleaf-spring4-2.1.6.RELEASE.jar:/home/stbenjam/.m2/repository/org/thymeleaf/thymeleaf/2.1.6.RELEASE/thymeleaf-2.1.6.RELEASE.jar:/home/stbenjam/.m2/repository/ognl/ognl/3.0.8/ognl-3.0.8.jar:/home/stbenjam/.m2/repository/org/unbescape/unbescape/1.1.0.RELEASE/unbescape-1.1.0.RELEASE.jar:/home/stbenjam/.m2/repository/nz/net/ultraq/thymeleaf/thymeleaf-layout-dialect/1.4.0/thymeleaf-layout-dialect-1.4.0.jar:/home/stbenjam/.m2/repository/org/codehaus/groovy/groovy/2.4.13/groovy-2.4.13.jar:/home/stbenjam/.m2/repository/org/springframework/boot/spring-boot-starter-test/1.5.10.RELEASE/spring-boot-starter-test-1.5.10.RELEASE.jar:/home/stbenjam/.m2/repository/org/springframework/boot/spring-boot-test/1.5.10.RELEASE/spring-boot-test-1.5.10.RELEASE.jar:/home/stbenjam/.m2/repository/org/springframework/boot/spring-boot-test-autoconfigure/1.5.10.RELEASE/spring-boot-test-autoconfigure-1.5.10.RELEASE.jar:/home/stbenjam/.m2/repository/com/jayway/jsonpath/json-path/2.2.0/json-path-2.2.0.jar:/home/stbenjam/.m2/repository/net/minidev/json-smart/2.2.1/json-smart-2.2.1.jar:/home/stbenjam/.m2/repository/net/minidev/accessors-smart/1.1/accessors-smart-1.1.jar:/home/stbenjam/.m2/repository/org/ow2/asm/asm/5.0.3/asm-5.0.3.jar:/home/stbenjam/.m2/repository/junit/junit/4.12/junit-4.12.jar:/home/stbenjam/.m2/repository/org/assertj/assertj-core/2.6.0/assertj-core-2.6.0.jar:/home/stbenjam/.m2/repository/org/mockito/mockito-core/1.10.19/mockito-core-1.10.19.jar:/home/stbenjam/.m2/repository/org/objenesis/objenesis/2.1/objenesis-2.1.jar:/home/stbenjam/.m2/repository/org/hamcrest/hamcrest-core/1.3/hamcrest-core-1.3.jar:/home/stbenjam/.m2/repository/org/hamcrest/hamcrest-library/1.3/hamcrest-library-1.3.jar:/home/stbenjam/.m2/repository/org/skyscreamer/jsonassert/1.4.0/jsonassert-1.4.0.jar:/home/stbenjam/.m2/repository/org/springframework/spring-core/4.3.14.RELEASE/spring-core-4.3.14.RELEASE.jar:/home/stbenjam/.m2/repository/org/springframework/spring-test/4.3.14.RELEASE/spring-test-4.3.14.RELEASE.jar:/home/stbenjam/.m2/repository/org/springframework/restdocs/spring-restdocs-mockmvc/1.1.3.RELEASE/spring-restdocs-mockmvc-1.1.3.RELEASE.jar:/home/stbenjam/.m2/repository/org/springframework/restdocs/spring-restdocs-core/1.1.3.RELEASE/spring-restdocs-core-1.1.3.RELEASE.jar:/home/stbenjam/.m2/repository/javax/servlet/javax.servlet-api/3.1.0/javax.servlet-api-3.1.0.jar:/home/stbenjam/.m2/repository/org/springframework/boot/spring-boot-starter-data-jpa/1.5.10.RELEASE/spring-boot-starter-data-jpa-1.5.10.RELEASE.jar:/home/stbenjam/.m2/repository/org/springframework/boot/spring-boot-starter-aop/1.5.10.RELEASE/spring-boot-starter-aop-1.5.10.RELEASE.jar:/home/stbenjam/.m2/repository/org/aspectj/aspectjweaver/1.8.13/aspectjweaver-1.8.13.jar:/home/stbenjam/.m2/repository/org/springframework/boot/spring-boot-starter-jdbc/1.5.10.RELEASE/spring-boot-starter-jdbc-1.5.10.RELEASE.jar:/home/stbenjam/.m2/repository/org/apache/tomcat/tomcat-jdbc/8.5.27/tomcat-jdbc-8.5.27.jar:/home/stbenjam/.m2/repository/org/apache/tomcat/tomcat-juli/8.5.27/tomcat-juli-8.5.27.jar:/home/stbenjam/.m2/repository/org/springframework/spring-jdbc/4.3.14.RELEASE/spring-jdbc-4.3.14.RELEASE.jar:/home/stbenjam/.m2/repository/org/hibernate/hibernate-core/5.0.12.Final/hibernate-core-5.0.12.Final.jar:/home/stbenjam/.m2/repository/org/hibernate/javax/persistence/hibernate-jpa-2.1-api/1.0.0.Final/hibernate-jpa-2.1-api-1.0.0.Final.jar:/home/stbenjam/.m2/repository/org/javassist/javassist/3.21.0-GA/javassist-3.21.0-GA.jar:/home/stbenjam/.m2/repository/antlr/antlr/2.7.7/antlr-2.7.7.jar:/home/stbenjam/.m2/repository/org/jboss/jandex/2.0.0.Final/jandex-2.0.0.Final.jar:/home/stbenjam/.m2/repository/dom4j/dom4j/1.6.1/dom4j-1.6.1.jar:/home/stbenjam/.m2/repository/org/hibernate/common/hibernate-commons-annotations/5.0.1.Final/hibernate-commons-annotations-5.0.1.Final.jar:/home/stbenjam/.m2/repository/org/hibernate/hibernate-entitymanager/5.0.12.Final/hibernate-entitymanager-5.0.12.Final.jar:/home/stbenjam/.m2/repository/javax/transaction/javax.transaction-api/1.2/javax.transaction-api-1.2.jar:/home/stbenjam/.m2/repository/org/springframework/data/spring-data-jpa/1.11.10.RELEASE/spring-data-jpa-1.11.10.RELEASE.jar:/home/stbenjam/.m2/repository/org/springframework/data/spring-data-commons/1.13.10.RELEASE/spring-data-commons-1.13.10.RELEASE.jar:/home/stbenjam/.m2/repository/org/springframework/spring-orm/4.3.14.RELEASE/spring-orm-4.3.14.RELEASE.jar:/home/stbenjam/.m2/repository/org/springframework/spring-tx/4.3.14.RELEASE/spring-tx-4.3.14.RELEASE.jar:/home/stbenjam/.m2/repository/org/springframework/spring-aspects/4.3.14.RELEASE/spring-aspects-4.3.14.RELEASE.jar:/home/stbenjam/.m2/repository/com/h2database/h2/1.4.196/h2-1.4.196.jar:/home/stbenjam/.m2/repository/org/postgresql/postgresql/9.4-1206-jdbc42/postgresql-9.4-1206-jdbc42.jar:/home/stbenjam/.m2/repository/log4j/log4j/1.2.17/log4j-1.2.17.jar:/home/stbenjam/.m2/repository/com/google/guava/guava/19.0/guava-19.0.jar:/home/stbenjam/.m2/repository/javax/mail/mail/1.4/mail-1.4.jar:/home/stbenjam/.m2/repository/javax/activation/activation/1.1/activation-1.1.jar:/home/stbenjam/.m2/repository/org/springframework/boot/spring-boot-starter-security/1.5.10.RELEASE/spring-boot-starter-security-1.5.10.RELEASE.jar:/home/stbenjam/.m2/repository/org/springframework/spring-aop/4.3.14.RELEASE/spring-aop-4.3.14.RELEASE.jar:/home/stbenjam/.m2/repository/org/springframework/security/spring-security-config/4.2.4.RELEASE/spring-security-config-4.2.4.RELEASE.jar:/home/stbenjam/.m2/repository/org/springframework/security/spring-security-web/4.2.4.RELEASE/spring-security-web-4.2.4.RELEASE.jar:/home/stbenjam/.m2/repository/org/springframework/boot/spring-boot-starter-mail/1.4.3.RELEASE/spring-boot-starter-mail-1.4.3.RELEASE.jar:/home/stbenjam/.m2/repository/org/springframework/spring-context/4.3.14.RELEASE/spring-context-4.3.14.RELEASE.jar:/home/stbenjam/.m2/repository/com/sun/mail/javax.mail/1.5.6/javax.mail-1.5.6.jar:/home/stbenjam/.m2/repository/com/icegreen/greenmail/1.5.5/greenmail-1.5.5.jar:/home/stbenjam/.m2/repository/org/slf4j/slf4j-api/1.7.25/slf4j-api-1.7.25.jar:/home/stbenjam/.m2/repository/org/springframework/security/spring-security-test/4.2.4.RELEASE/spring-security-test-4.2.4.RELEASE.jar:/home/stbenjam/.m2/repository/org/springframework/security/spring-security-core/4.2.4.RELEASE/spring-security-core-4.2.4.RELEASE.jar:/home/stbenjam/.m2/repository/aopalliance/aopalliance/1.0/aopalliance-1.0.jar:/home/stbenjam/.m2/repository/org/springframework/security/oauth/spring-security-oauth2/2.0.14.RELEASE/spring-security-oauth2-2.0.14.RELEASE.jar:/home/stbenjam/.m2/repository/org/springframework/spring-beans/4.3.14.RELEASE/spring-beans-4.3.14.RELEASE.jar:/home/stbenjam/.m2/repository/commons-codec/commons-codec/1.10/commons-codec-1.10.jar:/home/stbenjam/.m2/repository/org/codehaus/jackson/jackson-mapper-asl/1.9.13/jackson-mapper-asl-1.9.13.jar:/home/stbenjam/.m2/repository/org/codehaus/jackson/jackson-core-asl/1.9.13/jackson-core-asl-1.9.13.jar:/home/stbenjam/.m2/repository/io/springfox/springfox-swagger2/2.8.0/springfox-swagger2-2.8.0.jar:/home/stbenjam/.m2/repository/io/swagger/swagger-annotations/1.5.14/swagger-annotations-1.5.14.jar:/home/stbenjam/.m2/repository/io/swagger/swagger-models/1.5.14/swagger-models-1.5.14.jar:/home/stbenjam/.m2/repository/io/springfox/springfox-spi/2.8.0/springfox-spi-2.8.0.jar:/home/stbenjam/.m2/repository/io/springfox/springfox-core/2.8.0/springfox-core-2.8.0.jar:/home/stbenjam/.m2/repository/net/bytebuddy/byte-buddy/1.7.9/byte-buddy-1.7.9.jar:/home/stbenjam/.m2/repository/io/springfox/springfox-schema/2.8.0/springfox-schema-2.8.0.jar:/home/stbenjam/.m2/repository/io/springfox/springfox-swagger-common/2.8.0/springfox-swagger-common-2.8.0.jar:/home/stbenjam/.m2/repository/io/springfox/springfox-spring-web/2.8.0/springfox-spring-web-2.8.0.jar:/home/stbenjam/.m2/repository/org/reflections/reflections/0.9.11/reflections-0.9.11.jar:/home/stbenjam/.m2/repository/com/fasterxml/classmate/1.3.4/classmate-1.3.4.jar:/home/stbenjam/.m2/repository/org/springframework/plugin/spring-plugin-core/1.2.0.RELEASE/spring-plugin-core-1.2.0.RELEASE.jar:/home/stbenjam/.m2/repository/org/springframework/plugin/spring-plugin-metadata/1.2.0.RELEASE/spring-plugin-metadata-1.2.0.RELEASE.jar:/home/stbenjam/.m2/repository/org/mapstruct/mapstruct/1.2.0.Final/mapstruct-1.2.0.Final.jar:/home/stbenjam/.m2/repository/io/springfox/springfox-swagger-ui/2.8.0/springfox-swagger-ui-2.8.0.jar:/home/stbenjam/.m2/repository/io/springfox/springfox-data-rest/2.8.0/springfox-data-rest-2.8.0.jar:/home/stbenjam/.m2/repository/org/springframework/hateoas/spring-hateoas/0.23.0.RELEASE/spring-hateoas-0.23.0.RELEASE.jar:/home/stbenjam/.m2/repository/org/usb4java/usb4java-javax/1.2.0/usb4java-javax-1.2.0.jar:/home/stbenjam/.m2/repository/javax/usb/usb-api/1.0.2/usb-api-1.0.2.jar:/home/stbenjam/.m2/repository/org/apache/commons/commons-lang3/3.2.1/commons-lang3-3.2.1.jar:/home/stbenjam/.m2/repository/org/usb4java/usb4java/1.2.0/usb4java-1.2.0.jar:/home/stbenjam/.m2/repository/org/usb4java/libusb4java/1.2.0/libusb4java-1.2.0-linux-x86.jar:/home/stbenjam/.m2/repository/org/usb4java/libusb4java/1.2.0/libusb4java-1.2.0-linux-x86_64.jar:/home/stbenjam/.m2/repository/org/usb4java/libusb4java/1.2.0/libusb4java-1.2.0-linux-arm.jar:/home/stbenjam/.m2/repository/org/usb4java/libusb4java/1.2.0/libusb4java-1.2.0-windows-x86.jar:/home/stbenjam/.m2/repository/org/usb4java/libusb4java/1.2.0/libusb4java-1.2.0-windows-x86_64.jar:/home/stbenjam/.m2/repository/org/usb4java/libusb4java/1.2.0/libusb4java-1.2.0-osx-x86.jar:/home/stbenjam/.m2/repository/org/usb4java/libusb4java/1.2.0/libusb4java-1.2.0-osx-x86_64.jar:/home/stbenjam/.m2/repository/org/mockito/mockito-all/1.9.5/mockito-all-1.9.5.jar:/home/stbenjam/.m2/repository/com/fasterxml/jackson/core/jackson-databind/2.5.0/jackson-databind-2.5.0.jar:/home/stbenjam/.m2/repository/com/fasterxml/jackson/core/jackson-core/2.8.10/jackson-core-2.8.10.jar:/home/stbenjam/.m2/repository/com/vaadin/external/google/android-json/0.0.20131108.vaadin1/android-json-0.0.20131108.vaadin1.jar:/home/stbenjam/.m2/repository/com/tngtech/java/junit-dataprovider/1.13.1/junit-dataprovider-1.13.1.jar:/home/stbenjam/.m2/repository/org/springframework/spring-context-support/3.2.0.RELEASE/spring-context-support-3.2.0.RELEASE.jar:, user.name=stbenjam, java.vm.specification.version=1.8, sun.java.command=/home/stbenjam/git/h2ms/target/surefire/surefirebooter618343035117595110.jar /home/stbenjam/git/h2ms/target/surefire/surefire9035386188001234096tmp /home/stbenjam/git/h2ms/target/surefire/surefire_0343681757683274478tmp, java.home=/usr/lib/jvm/java-1.8.0-openjdk-1.8.0.161-0.b14.fc27.x86_64/jre, sun.arch.data.model=64, user.language=en, java.specification.vendor=Oracle Corporation, awt.toolkit=sun.awt.X11.XToolkit, java.vm.info=mixed mode, java.version=1.8.0_161, java.ext.dirs=/usr/lib/jvm/java-1.8.0-openjdk-1.8.0.161-0.b14.fc27.x86_64/jre/lib/ext:/usr/java/packages/lib/ext, sun.boot.class.path=/usr/lib/jvm/java-1.8.0-openjdk-1.8.0.161-0.b14.fc27.x86_64/jre/lib/resources.jar:/usr/lib/jvm/java-1.8.0-openjdk-1.8.0.161-0.b14.fc27.x86_64/jre/lib/rt.jar:/usr/lib/jvm/java-1.8.0-openjdk-1.8.0.161-0.b14.fc27.x86_64/jre/lib/sunrsasign.jar:/usr/lib/jvm/java-1.8.0-openjdk-1.8.0.161-0.b14.fc27.x86_64/jre/lib/jsse.jar:/usr/lib/jvm/java-1.8.0-openjdk-1.8.0.161-0.b14.fc27.x86_64/jre/lib/jce.jar:/usr/lib/jvm/java-1.8.0-openjdk-1.8.0.161-0.b14.fc27.x86_64/jre/lib/charsets.jar:/usr/lib/jvm/java-1.8.0-openjdk-1.8.0.161-0.b14.fc27.x86_64/jre/lib/jfr.jar:/usr/lib/jvm/java-1.8.0-openjdk-1.8.0.161-0.b14.fc27.x86_64/jre/classes, java.vendor=Oracle Corporation, localRepository=/home/stbenjam/.m2/repository, file.separator=/, java.vendor.url.bug=http://bugreport.sun.com/bugreport/, sun.io.unicode.encoding=UnicodeLittle, sun.cpu.endian=little, sun.desktop=gnome, sun.cpu.isalist=}}, SystemEnvironmentPropertySource@38262958 {name='systemEnvironment', properties={IRBRC=/home/stbenjam/.rvm/rubies/ruby-2.3.3/.irbrc, PATH=/home/stbenjam/.rvm/gems/ruby-2.3.3/bin:/home/stbenjam/.rvm/gems/ruby-2.3.3@global/bin:/home/stbenjam/.rvm/rubies/ruby-2.3.3/bin:/usr/local/bin:/usr/bin:/bin:/usr/local/sbin:/usr/sbin:/home/stbenjam/.local/bin:/home/stbenjam/bin:/home/stbenjam/.rvm/bin, rvm_silent_flag=, HISTCONTROL=ignoredups, XMODIFIERS=@im=ibus, GDMSESSION=gnome-xorg, rvm_quiet_flag=, GUESTFISH_RESTORE=\e[0m, DBUS_SESSION_BUS_ADDRESS=unix:path=/run/user/1000/bus,guid=0ff0c73f492cc1dc3846ae835aac7cd0, COLORTERM=truecolor, rvm_ruby_make_install=, rvm_niceness=, SESSION_MANAGER=local/unix:@/tmp/.ICE-unix/1818,unix/unix:/tmp/.ICE-unix/1818, USERNAME=stbenjam, rvm_version=1.29.1 (latest), PWD=/home/stbenjam/git/h2ms, MANAGERPID=1759, LESSOPEN=||/usr/bin/lesspipe.sh %s, PAGER=less, QTINC=/usr/lib64/qt-3.3/include, rvm_hook=, rvm_wrapper_name=, MY_RUBY_HOME=/home/stbenjam/.rvm/rubies/ruby-2.3.3, rvm_nightly_flag=, ZSH=/home/stbenjam/.oh-my-zsh, rvm_path=/home/stbenjam/.rvm, GUESTFISH_INIT=\e[1;34m, GNOME_DESKTOP_SESSION_ID=this-is-deprecated, SYSTEMD_NSS_BYPASS_BUS=1, DBUS_STARTER_ADDRESS=unix:path=/run/user/1000/bus,guid=0ff0c73f492cc1dc3846ae835aac7cd0, LC_CTYPE=en_US.UTF-8, SHLVL=2, LOADEDMODULES=, HISTSIZE=10000, JAVA_HOME=/usr/lib/jvm/java-1.8.0-openjdk-1.8.0.161-0.b14.fc27.x86_64, TERM=xterm-256color, XDG_SESSION_ID=2, rvm_script_name=, rvm_ruby_make=, rvm_docs_type=, _=/usr/lib/jvm/java-1.8.0-openjdk-1.8.0.161-0.b14.fc27.x86_64/jre/bin/java, MAVEN_PROJECTBASEDIR=/home/stbenjam/git/h2ms, DESKTOP_SESSION=gnome-xorg, XDG_MENU_PREFIX=gnome-, VTE_VERSION=5002, rvm_alias_expanded=, rvm_ruby_bits=, GEM_PATH=/home/stbenjam/.rvm/gems/ruby-2.3.3:/home/stbenjam/.rvm/gems/ruby-2.3.3@global, TILIX_ID=df6230d2-2679-42ab-bd7f-667d05988153, XAUTHORITY=/run/user/1000/gdm/Xauthority, INVOCATION_ID=2a8a59bd24d3424f8a519125eeaea755, XDG_DATA_DIRS=/home/stbenjam/.local/share/flatpak/exports/share/:/var/lib/flatpak/exports/share/:/usr/local/share/:/usr/share/, MODULEPATH=/etc/scl/modulefiles:/etc/scl/modulefiles:/usr/share/Modules/modulefiles:/etc/modulefiles:/usr/share/modulefiles, rvm_bin_flag=, VAGRANT_DEFAULT_PROVIDER=libvirt, XDG_CURRENT_DESKTOP=GNOME, JOURNAL_STREAM=9:35277, MAIL=/var/spool/mail/stbenjam, rvm_ruby_mode=, LOGNAME=stbenjam, rvm_proxy=, SHELL=/bin/zsh, rvm_sdk=, OLDPWD=/home/stbenjam/git/h2ms, GEM_HOME=/home/stbenjam/.rvm/gems/ruby-2.3.3, rvm_use_flag=, GIT=/bin/git, RUBY_VERSION=ruby-2.3.3, _system_name=Fedora, LESS=-R, XDG_SESSION_DESKTOP=gnome-xorg, LS_COLORS=rs=0:di=38;5;33:ln=38;5;51:mh=00:pi=40;38;5;11:so=38;5;13:do=38;5;5:bd=48;5;232;38;5;11:cd=48;5;232;38;5;3:or=48;5;232;38;5;9:mi=01;05;37;41:su=48;5;196;38;5;15:sg=48;5;11;38;5;16:ca=48;5;196;38;5;226:tw=48;5;10;38;5;16:ow=48;5;10;38;5;21:st=48;5;21;38;5;15:ex=38;5;40:*.tar=38;5;9:*.tgz=38;5;9:*.arc=38;5;9:*.arj=38;5;9:*.taz=38;5;9:*.lha=38;5;9:*.lz4=38;5;9:*.lzh=38;5;9:*.lzma=38;5;9:*.tlz=38;5;9:*.txz=38;5;9:*.tzo=38;5;9:*.t7z=38;5;9:*.zip=38;5;9:*.z=38;5;9:*.Z=38;5;9:*.dz=38;5;9:*.gz=38;5;9:*.lrz=38;5;9:*.lz=38;5;9:*.lzo=38;5;9:*.xz=38;5;9:*.zst=38;5;9:*.tzst=38;5;9:*.bz2=38;5;9:*.bz=38;5;9:*.tbz=38;5;9:*.tbz2=38;5;9:*.tz=38;5;9:*.deb=38;5;9:*.rpm=38;5;9:*.jar=38;5;9:*.war=38;5;9:*.ear=38;5;9:*.sar=38;5;9:*.rar=38;5;9:*.alz=38;5;9:*.ace=38;5;9:*.zoo=38;5;9:*.cpio=38;5;9:*.7z=38;5;9:*.rz=38;5;9:*.cab=38;5;9:*.wim=38;5;9:*.swm=38;5;9:*.dwm=38;5;9:*.esd=38;5;9:*.jpg=38;5;13:*.jpeg=38;5;13:*.mjpg=38;5;13:*.mjpeg=38;5;13:*.gif=38;5;13:*.bmp=38;5;13:*.pbm=38;5;13:*.pgm=38;5;13:*.ppm=38;5;13:*.tga=38;5;13:*.xbm=38;5;13:*.xpm=38;5;13:*.tif=38;5;13:*.tiff=38;5;13:*.png=38;5;13:*.svg=38;5;13:*.svgz=38;5;13:*.mng=38;5;13:*.pcx=38;5;13:*.mov=38;5;13:*.mpg=38;5;13:*.mpeg=38;5;13:*.m2v=38;5;13:*.mkv=38;5;13:*.webm=38;5;13:*.ogm=38;5;13:*.mp4=38;5;13:*.m4v=38;5;13:*.mp4v=38;5;13:*.vob=38;5;13:*.qt=38;5;13:*.nuv=38;5;13:*.wmv=38;5;13:*.asf=38;5;13:*.rm=38;5;13:*.rmvb=38;5;13:*.flc=38;5;13:*.avi=38;5;13:*.fli=38;5;13:*.flv=38;5;13:*.gl=38;5;13:*.dl=38;5;13:*.xcf=38;5;13:*.xwd=38;5;13:*.yuv=38;5;13:*.cgm=38;5;13:*.emf=38;5;13:*.ogv=38;5;13:*.ogx=38;5;13:*.aac=38;5;45:*.au=38;5;45:*.flac=38;5;45:*.m4a=38;5;45:*.mid=38;5;45:*.midi=38;5;45:*.mka=38;5;45:*.mp3=38;5;45:*.mpc=38;5;45:*.ogg=38;5;45:*.ra=38;5;45:*.wav=38;5;45:*.oga=38;5;45:*.opus=38;5;45:*.spx=38;5;45:*.xspf=38;5;45:, rvm_gemstone_package_file=, _system_arch=x86_64, rvm_bin_path=/home/stbenjam/.rvm/bin, QT_IM_MODULE=ibus, rvm_only_path_flag=, rvm_prefix=/home/stbenjam, LANG=en_US.UTF-8, XDG_SESSION_TYPE=x11, DISPLAY=:0, rvm_gemstone_url=, GDM_LANG=en_US.UTF-8, GUESTFISH_PS1=\[\e[1;32m\]><fs>\[\e[0;31m\] , LSCOLORS=Gxfxcxdxbxegedabagacad, _system_type=Linux, _system_version=27, GPG_TTY=/dev/pts/1, USER=stbenjam, rvm_ruby_file=, WINDOWPATH=2, XDG_SEAT=seat0, SSH_AUTH_SOCK=/run/user/1000/keyring/ssh, EDITOR=vim, HOSTNAME=ancient.bitbin.de, MODULESHOME=/usr/share/Modules, QTDIR=/usr/lib64/qt-3.3, XDG_RUNTIME_DIR=/run/user/1000, XDG_VTNR=2, GUESTFISH_OUTPUT=\e[0m, DBUS_STARTER_BUS_TYPE=session, QTLIB=/usr/lib64/qt-3.3/lib, HOME=/home/stbenjam}}]
21:09:27.032 [main] INFO org.springframework.boot.test.context.SpringBootTestContextBootstrapper - Found @SpringBootConfiguration edu.harvard.h2ms.H2MSRestAppInitializer for test class edu.harvard.h2ms.controllers.UserControllerTests
21:09:27.038 [main] DEBUG org.springframework.boot.test.context.SpringBootTestContextBootstrapper - @TestExecutionListeners is not present for class [edu.harvard.h2ms.controllers.UserControllerTests]: using defaults.
21:09:27.040 [main] INFO org.springframework.boot.test.context.SpringBootTestContextBootstrapper - Loaded default TestExecutionListener class names from location [META-INF/spring.factories]: [org.springframework.boot.test.mock.mockito.MockitoTestExecutionListener, org.springframework.boot.test.mock.mockito.ResetMocksTestExecutionListener, org.springframework.boot.test.autoconfigure.restdocs.RestDocsTestExecutionListener, org.springframework.boot.test.autoconfigure.web.client.MockRestServiceServerResetTestExecutionListener, org.springframework.boot.test.autoconfigure.web.servlet.MockMvcPrintOnlyOnFailureTestExecutionListener, org.springframework.boot.test.autoconfigure.web.servlet.WebDriverTestExecutionListener, org.springframework.test.context.web.ServletTestExecutionListener, org.springframework.test.context.support.DirtiesContextBeforeModesTestExecutionListener, org.springframework.test.context.support.DependencyInjectionTestExecutionListener, org.springframework.test.context.support.DirtiesContextTestExecutionListener, org.springframework.test.context.transaction.TransactionalTestExecutionListener, org.springframework.test.context.jdbc.SqlScriptsTestExecutionListener, org.springframework.security.test.context.support.WithSecurityContextTestExecutionListener]
21:09:27.046 [main] INFO org.springframework.boot.test.context.SpringBootTestContextBootstrapper - Using TestExecutionListeners: [org.springframework.test.context.web.ServletTestExecutionListener@581ac8a8, org.springframework.test.context.support.DirtiesContextBeforeModesTestExecutionListener@6d4e5011, org.springframework.boot.test.autoconfigure.SpringBootDependencyInjectionTestExecutionListener@57d7f8ca, org.springframework.test.context.support.DirtiesContextTestExecutionListener@76c3e77a, org.springframework.test.context.transaction.TransactionalTestExecutionListener@78123e82, org.springframework.test.context.jdbc.SqlScriptsTestExecutionListener@67c33749, org.springframework.security.test.context.support.WithSecurityContextTestExecutionListener@fba92d3, org.springframework.boot.test.mock.mockito.MockitoTestExecutionListener@662b4c69, org.springframework.boot.test.mock.mockito.ResetMocksTestExecutionListener@fa49800, org.springframework.boot.test.autoconfigure.restdocs.RestDocsTestExecutionListener@71238fc2, org.springframework.boot.test.autoconfigure.web.client.MockRestServiceServerResetTestExecutionListener@2a54a73f, org.springframework.boot.test.autoconfigure.web.servlet.MockMvcPrintOnlyOnFailureTestExecutionListener@16a0ee18, org.springframework.boot.test.autoconfigure.web.servlet.WebDriverTestExecutionListener@3d6f0054]
21:09:27.049 [main] DEBUG org.springframework.test.context.junit4.SpringJUnit4ClassRunner - SpringJUnit4ClassRunner constructor called with [class edu.harvard.h2ms.controllers.LocationControllerTests]
21:09:27.050 [main] DEBUG org.springframework.test.context.BootstrapUtils - Instantiating CacheAwareContextLoaderDelegate from class [org.springframework.test.context.cache.DefaultCacheAwareContextLoaderDelegate]
21:09:27.051 [main] DEBUG org.springframework.test.context.BootstrapUtils - Instantiating BootstrapContext using constructor [public org.springframework.test.context.support.DefaultBootstrapContext(java.lang.Class,org.springframework.test.context.CacheAwareContextLoaderDelegate)]
21:09:27.052 [main] DEBUG org.springframework.test.context.BootstrapUtils - Instantiating TestContextBootstrapper for test class [edu.harvard.h2ms.controllers.LocationControllerTests] from class [org.springframework.boot.test.context.SpringBootTestContextBootstrapper]
21:09:27.053 [main] INFO org.springframework.boot.test.context.SpringBootTestContextBootstrapper - Neither @ContextConfiguration nor @ContextHierarchy found for test class [edu.harvard.h2ms.controllers.LocationControllerTests], using SpringBootContextLoader
21:09:27.054 [main] DEBUG org.springframework.test.context.support.AbstractContextLoader - Did not detect default resource location for test class [edu.harvard.h2ms.controllers.LocationControllerTests]: class path resource [edu/harvard/h2ms/controllers/LocationControllerTests-context.xml] does not exist
21:09:27.055 [main] DEBUG org.springframework.test.context.support.AbstractContextLoader - Did not detect default resource location for test class [edu.harvard.h2ms.controllers.LocationControllerTests]: class path resource [edu/harvard/h2ms/controllers/LocationControllerTestsContext.groovy] does not exist
21:09:27.055 [main] INFO org.springframework.test.context.support.AbstractContextLoader - Could not detect default resource locations for test class [edu.harvard.h2ms.controllers.LocationControllerTests]: no resource found for suffixes {-context.xml, Context.groovy}.
21:09:27.055 [main] INFO org.springframework.test.context.support.AnnotationConfigContextLoaderUtils - Could not detect default configuration classes for test class [edu.harvard.h2ms.controllers.LocationControllerTests]: LocationControllerTests does not declare any static, non-private, non-final, nested classes annotated with @Configuration.
21:09:27.058 [main] DEBUG org.springframework.test.context.support.ActiveProfilesUtils - Could not find an 'annotation declaring class' for annotation type [org.springframework.test.context.ActiveProfiles] and class [edu.harvard.h2ms.controllers.LocationControllerTests]
21:09:27.058 [main] DEBUG org.springframework.core.env.StandardEnvironment - Adding PropertySource 'systemProperties' with lowest search precedence
21:09:27.058 [main] DEBUG org.springframework.core.env.StandardEnvironment - Adding PropertySource 'systemEnvironment' with lowest search precedence
21:09:27.059 [main] DEBUG org.springframework.core.env.StandardEnvironment - Initialized StandardEnvironment with PropertySources [MapPropertySource@1912960603 {name='systemProperties', properties={java.runtime.name=OpenJDK Runtime Environment, sun.boot.library.path=/usr/lib/jvm/java-1.8.0-openjdk-1.8.0.161-0.b14.fc27.x86_64/jre/lib/amd64, java.vm.version=25.161-b14, java.vm.vendor=Oracle Corporation, java.vendor.url=http://java.oracle.com/, path.separator=:, java.vm.name=OpenJDK 64-Bit Server VM, file.encoding.pkg=sun.io, user.country=US, sun.java.launcher=SUN_STANDARD, sun.os.patch.level=unknown, java.vm.specification.name=Java Virtual Machine Specification, user.dir=/home/stbenjam/git/h2ms, java.runtime.version=1.8.0_161-b14, basedir=/home/stbenjam/git/h2ms, java.awt.graphicsenv=sun.awt.X11GraphicsEnvironment, java.endorsed.dirs=/usr/lib/jvm/java-1.8.0-openjdk-1.8.0.161-0.b14.fc27.x86_64/jre/lib/endorsed, os.arch=amd64, surefire.real.class.path=/home/stbenjam/git/h2ms/target/surefire/surefirebooter618343035117595110.jar, java.io.tmpdir=/tmp, line.separator=
, java.vm.specification.vendor=Oracle Corporation, os.name=Linux, sun.jnu.encoding=UTF-8, java.library.path=/usr/java/packages/lib/amd64:/usr/lib64:/lib64:/lib:/usr/lib, surefire.test.class.path=/home/stbenjam/git/h2ms/target/test-classes:/home/stbenjam/git/h2ms/target/classes:/home/stbenjam/.m2/repository/org/springframework/boot/spring-boot-starter-data-rest/1.5.10.RELEASE/spring-boot-starter-data-rest-1.5.10.RELEASE.jar:/home/stbenjam/.m2/repository/org/springframework/boot/spring-boot-starter/1.5.10.RELEASE/spring-boot-starter-1.5.10.RELEASE.jar:/home/stbenjam/.m2/repository/org/springframework/boot/spring-boot/1.5.10.RELEASE/spring-boot-1.5.10.RELEASE.jar:/home/stbenjam/.m2/repository/org/springframework/boot/spring-boot-autoconfigure/1.5.10.RELEASE/spring-boot-autoconfigure-1.5.10.RELEASE.jar:/home/stbenjam/.m2/repository/org/springframework/boot/spring-boot-starter-logging/1.5.10.RELEASE/spring-boot-starter-logging-1.5.10.RELEASE.jar:/home/stbenjam/.m2/repository/ch/qos/logback/logback-classic/1.1.11/logback-classic-1.1.11.jar:/home/stbenjam/.m2/repository/ch/qos/logback/logback-core/1.1.11/logback-core-1.1.11.jar:/home/stbenjam/.m2/repository/org/slf4j/jul-to-slf4j/1.7.25/jul-to-slf4j-1.7.25.jar:/home/stbenjam/.m2/repository/org/slf4j/log4j-over-slf4j/1.7.25/log4j-over-slf4j-1.7.25.jar:/home/stbenjam/.m2/repository/org/yaml/snakeyaml/1.17/snakeyaml-1.17.jar:/home/stbenjam/.m2/repository/com/fasterxml/jackson/core/jackson-annotations/2.8.0/jackson-annotations-2.8.0.jar:/home/stbenjam/.m2/repository/org/springframework/data/spring-data-rest-webmvc/2.6.10.RELEASE/spring-data-rest-webmvc-2.6.10.RELEASE.jar:/home/stbenjam/.m2/repository/org/springframework/data/spring-data-rest-core/2.6.10.RELEASE/spring-data-rest-core-2.6.10.RELEASE.jar:/home/stbenjam/.m2/repository/org/atteo/evo-inflector/1.2.2/evo-inflector-1.2.2.jar:/home/stbenjam/.m2/repository/org/slf4j/jcl-over-slf4j/1.7.25/jcl-over-slf4j-1.7.25.jar:/home/stbenjam/.m2/repository/org/springframework/boot/spring-boot-starter-web/1.5.10.RELEASE/spring-boot-starter-web-1.5.10.RELEASE.jar:/home/stbenjam/.m2/repository/org/springframework/boot/spring-boot-starter-tomcat/1.5.10.RELEASE/spring-boot-starter-tomcat-1.5.10.RELEASE.jar:/home/stbenjam/.m2/repository/org/apache/tomcat/embed/tomcat-embed-core/8.5.27/tomcat-embed-core-8.5.27.jar:/home/stbenjam/.m2/repository/org/apache/tomcat/tomcat-annotations-api/8.5.27/tomcat-annotations-api-8.5.27.jar:/home/stbenjam/.m2/repository/org/apache/tomcat/embed/tomcat-embed-el/8.5.27/tomcat-embed-el-8.5.27.jar:/home/stbenjam/.m2/repository/org/apache/tomcat/embed/tomcat-embed-websocket/8.5.27/tomcat-embed-websocket-8.5.27.jar:/home/stbenjam/.m2/repository/org/hibernate/hibernate-validator/5.3.6.Final/hibernate-validator-5.3.6.Final.jar:/home/stbenjam/.m2/repository/javax/validation/validation-api/1.1.0.Final/validation-api-1.1.0.Final.jar:/home/stbenjam/.m2/repository/org/jboss/logging/jboss-logging/3.3.1.Final/jboss-logging-3.3.1.Final.jar:/home/stbenjam/.m2/repository/org/springframework/spring-web/4.3.14.RELEASE/spring-web-4.3.14.RELEASE.jar:/home/stbenjam/.m2/repository/org/springframework/spring-webmvc/4.3.14.RELEASE/spring-webmvc-4.3.14.RELEASE.jar:/home/stbenjam/.m2/repository/org/springframework/spring-expression/4.3.14.RELEASE/spring-expression-4.3.14.RELEASE.jar:/home/stbenjam/.m2/repository/org/springframework/boot/spring-boot-starter-thymeleaf/1.5.10.RELEASE/spring-boot-starter-thymeleaf-1.5.10.RELEASE.jar:/home/stbenjam/.m2/repository/org/thymeleaf/thymeleaf-spring4/2.1.6.RELEASE/thymeleaf-spring4-2.1.6.RELEASE.jar:/home/stbenjam/.m2/repository/org/thymeleaf/thymeleaf/2.1.6.RELEASE/thymeleaf-2.1.6.RELEASE.jar:/home/stbenjam/.m2/repository/ognl/ognl/3.0.8/ognl-3.0.8.jar:/home/stbenjam/.m2/repository/org/unbescape/unbescape/1.1.0.RELEASE/unbescape-1.1.0.RELEASE.jar:/home/stbenjam/.m2/repository/nz/net/ultraq/thymeleaf/thymeleaf-layout-dialect/1.4.0/thymeleaf-layout-dialect-1.4.0.jar:/home/stbenjam/.m2/repository/org/codehaus/groovy/groovy/2.4.13/groovy-2.4.13.jar:/home/stbenjam/.m2/repository/org/springframework/boot/spring-boot-starter-test/1.5.10.RELEASE/spring-boot-starter-test-1.5.10.RELEASE.jar:/home/stbenjam/.m2/repository/org/springframework/boot/spring-boot-test/1.5.10.RELEASE/spring-boot-test-1.5.10.RELEASE.jar:/home/stbenjam/.m2/repository/org/springframework/boot/spring-boot-test-autoconfigure/1.5.10.RELEASE/spring-boot-test-autoconfigure-1.5.10.RELEASE.jar:/home/stbenjam/.m2/repository/com/jayway/jsonpath/json-path/2.2.0/json-path-2.2.0.jar:/home/stbenjam/.m2/repository/net/minidev/json-smart/2.2.1/json-smart-2.2.1.jar:/home/stbenjam/.m2/repository/net/minidev/accessors-smart/1.1/accessors-smart-1.1.jar:/home/stbenjam/.m2/repository/org/ow2/asm/asm/5.0.3/asm-5.0.3.jar:/home/stbenjam/.m2/repository/junit/junit/4.12/junit-4.12.jar:/home/stbenjam/.m2/repository/org/assertj/assertj-core/2.6.0/assertj-core-2.6.0.jar:/home/stbenjam/.m2/repository/org/mockito/mockito-core/1.10.19/mockito-core-1.10.19.jar:/home/stbenjam/.m2/repository/org/objenesis/objenesis/2.1/objenesis-2.1.jar:/home/stbenjam/.m2/repository/org/hamcrest/hamcrest-core/1.3/hamcrest-core-1.3.jar:/home/stbenjam/.m2/repository/org/hamcrest/hamcrest-library/1.3/hamcrest-library-1.3.jar:/home/stbenjam/.m2/repository/org/skyscreamer/jsonassert/1.4.0/jsonassert-1.4.0.jar:/home/stbenjam/.m2/repository/org/springframework/spring-core/4.3.14.RELEASE/spring-core-4.3.14.RELEASE.jar:/home/stbenjam/.m2/repository/org/springframework/spring-test/4.3.14.RELEASE/spring-test-4.3.14.RELEASE.jar:/home/stbenjam/.m2/repository/org/springframework/restdocs/spring-restdocs-mockmvc/1.1.3.RELEASE/spring-restdocs-mockmvc-1.1.3.RELEASE.jar:/home/stbenjam/.m2/repository/org/springframework/restdocs/spring-restdocs-core/1.1.3.RELEASE/spring-restdocs-core-1.1.3.RELEASE.jar:/home/stbenjam/.m2/repository/javax/servlet/javax.servlet-api/3.1.0/javax.servlet-api-3.1.0.jar:/home/stbenjam/.m2/repository/org/springframework/boot/spring-boot-starter-data-jpa/1.5.10.RELEASE/spring-boot-starter-data-jpa-1.5.10.RELEASE.jar:/home/stbenjam/.m2/repository/org/springframework/boot/spring-boot-starter-aop/1.5.10.RELEASE/spring-boot-starter-aop-1.5.10.RELEASE.jar:/home/stbenjam/.m2/repository/org/aspectj/aspectjweaver/1.8.13/aspectjweaver-1.8.13.jar:/home/stbenjam/.m2/repository/org/springframework/boot/spring-boot-starter-jdbc/1.5.10.RELEASE/spring-boot-starter-jdbc-1.5.10.RELEASE.jar:/home/stbenjam/.m2/repository/org/apache/tomcat/tomcat-jdbc/8.5.27/tomcat-jdbc-8.5.27.jar:/home/stbenjam/.m2/repository/org/apache/tomcat/tomcat-juli/8.5.27/tomcat-juli-8.5.27.jar:/home/stbenjam/.m2/repository/org/springframework/spring-jdbc/4.3.14.RELEASE/spring-jdbc-4.3.14.RELEASE.jar:/home/stbenjam/.m2/repository/org/hibernate/hibernate-core/5.0.12.Final/hibernate-core-5.0.12.Final.jar:/home/stbenjam/.m2/repository/org/hibernate/javax/persistence/hibernate-jpa-2.1-api/1.0.0.Final/hibernate-jpa-2.1-api-1.0.0.Final.jar:/home/stbenjam/.m2/repository/org/javassist/javassist/3.21.0-GA/javassist-3.21.0-GA.jar:/home/stbenjam/.m2/repository/antlr/antlr/2.7.7/antlr-2.7.7.jar:/home/stbenjam/.m2/repository/org/jboss/jandex/2.0.0.Final/jandex-2.0.0.Final.jar:/home/stbenjam/.m2/repository/dom4j/dom4j/1.6.1/dom4j-1.6.1.jar:/home/stbenjam/.m2/repository/org/hibernate/common/hibernate-commons-annotations/5.0.1.Final/hibernate-commons-annotations-5.0.1.Final.jar:/home/stbenjam/.m2/repository/org/hibernate/hibernate-entitymanager/5.0.12.Final/hibernate-entitymanager-5.0.12.Final.jar:/home/stbenjam/.m2/repository/javax/transaction/javax.transaction-api/1.2/javax.transaction-api-1.2.jar:/home/stbenjam/.m2/repository/org/springframework/data/spring-data-jpa/1.11.10.RELEASE/spring-data-jpa-1.11.10.RELEASE.jar:/home/stbenjam/.m2/repository/org/springframework/data/spring-data-commons/1.13.10.RELEASE/spring-data-commons-1.13.10.RELEASE.jar:/home/stbenjam/.m2/repository/org/springframework/spring-orm/4.3.14.RELEASE/spring-orm-4.3.14.RELEASE.jar:/home/stbenjam/.m2/repository/org/springframework/spring-tx/4.3.14.RELEASE/spring-tx-4.3.14.RELEASE.jar:/home/stbenjam/.m2/repository/org/springframework/spring-aspects/4.3.14.RELEASE/spring-aspects-4.3.14.RELEASE.jar:/home/stbenjam/.m2/repository/com/h2database/h2/1.4.196/h2-1.4.196.jar:/home/stbenjam/.m2/repository/org/postgresql/postgresql/9.4-1206-jdbc42/postgresql-9.4-1206-jdbc42.jar:/home/stbenjam/.m2/repository/log4j/log4j/1.2.17/log4j-1.2.17.jar:/home/stbenjam/.m2/repository/com/google/guava/guava/19.0/guava-19.0.jar:/home/stbenjam/.m2/repository/javax/mail/mail/1.4/mail-1.4.jar:/home/stbenjam/.m2/repository/javax/activation/activation/1.1/activation-1.1.jar:/home/stbenjam/.m2/repository/org/springframework/boot/spring-boot-starter-security/1.5.10.RELEASE/spring-boot-starter-security-1.5.10.RELEASE.jar:/home/stbenjam/.m2/repository/org/springframework/spring-aop/4.3.14.RELEASE/spring-aop-4.3.14.RELEASE.jar:/home/stbenjam/.m2/repository/org/springframework/security/spring-security-config/4.2.4.RELEASE/spring-security-config-4.2.4.RELEASE.jar:/home/stbenjam/.m2/repository/org/springframework/security/spring-security-web/4.2.4.RELEASE/spring-security-web-4.2.4.RELEASE.jar:/home/stbenjam/.m2/repository/org/springframework/boot/spring-boot-starter-mail/1.4.3.RELEASE/spring-boot-starter-mail-1.4.3.RELEASE.jar:/home/stbenjam/.m2/repository/org/springframework/spring-context/4.3.14.RELEASE/spring-context-4.3.14.RELEASE.jar:/home/stbenjam/.m2/repository/com/sun/mail/javax.mail/1.5.6/javax.mail-1.5.6.jar:/home/stbenjam/.m2/repository/com/icegreen/greenmail/1.5.5/greenmail-1.5.5.jar:/home/stbenjam/.m2/repository/org/slf4j/slf4j-api/1.7.25/slf4j-api-1.7.25.jar:/home/stbenjam/.m2/repository/org/springframework/security/spring-security-test/4.2.4.RELEASE/spring-security-test-4.2.4.RELEASE.jar:/home/stbenjam/.m2/repository/org/springframework/security/spring-security-core/4.2.4.RELEASE/spring-security-core-4.2.4.RELEASE.jar:/home/stbenjam/.m2/repository/aopalliance/aopalliance/1.0/aopalliance-1.0.jar:/home/stbenjam/.m2/repository/org/springframework/security/oauth/spring-security-oauth2/2.0.14.RELEASE/spring-security-oauth2-2.0.14.RELEASE.jar:/home/stbenjam/.m2/repository/org/springframework/spring-beans/4.3.14.RELEASE/spring-beans-4.3.14.RELEASE.jar:/home/stbenjam/.m2/repository/commons-codec/commons-codec/1.10/commons-codec-1.10.jar:/home/stbenjam/.m2/repository/org/codehaus/jackson/jackson-mapper-asl/1.9.13/jackson-mapper-asl-1.9.13.jar:/home/stbenjam/.m2/repository/org/codehaus/jackson/jackson-core-asl/1.9.13/jackson-core-asl-1.9.13.jar:/home/stbenjam/.m2/repository/io/springfox/springfox-swagger2/2.8.0/springfox-swagger2-2.8.0.jar:/home/stbenjam/.m2/repository/io/swagger/swagger-annotations/1.5.14/swagger-annotations-1.5.14.jar:/home/stbenjam/.m2/repository/io/swagger/swagger-models/1.5.14/swagger-models-1.5.14.jar:/home/stbenjam/.m2/repository/io/springfox/springfox-spi/2.8.0/springfox-spi-2.8.0.jar:/home/stbenjam/.m2/repository/io/springfox/springfox-core/2.8.0/springfox-core-2.8.0.jar:/home/stbenjam/.m2/repository/net/bytebuddy/byte-buddy/1.7.9/byte-buddy-1.7.9.jar:/home/stbenjam/.m2/repository/io/springfox/springfox-schema/2.8.0/springfox-schema-2.8.0.jar:/home/stbenjam/.m2/repository/io/springfox/springfox-swagger-common/2.8.0/springfox-swagger-common-2.8.0.jar:/home/stbenjam/.m2/repository/io/springfox/springfox-spring-web/2.8.0/springfox-spring-web-2.8.0.jar:/home/stbenjam/.m2/repository/org/reflections/reflections/0.9.11/reflections-0.9.11.jar:/home/stbenjam/.m2/repository/com/fasterxml/classmate/1.3.4/classmate-1.3.4.jar:/home/stbenjam/.m2/repository/org/springframework/plugin/spring-plugin-core/1.2.0.RELEASE/spring-plugin-core-1.2.0.RELEASE.jar:/home/stbenjam/.m2/repository/org/springframework/plugin/spring-plugin-metadata/1.2.0.RELEASE/spring-plugin-metadata-1.2.0.RELEASE.jar:/home/stbenjam/.m2/repository/org/mapstruct/mapstruct/1.2.0.Final/mapstruct-1.2.0.Final.jar:/home/stbenjam/.m2/repository/io/springfox/springfox-swagger-ui/2.8.0/springfox-swagger-ui-2.8.0.jar:/home/stbenjam/.m2/repository/io/springfox/springfox-data-rest/2.8.0/springfox-data-rest-2.8.0.jar:/home/stbenjam/.m2/repository/org/springframework/hateoas/spring-hateoas/0.23.0.RELEASE/spring-hateoas-0.23.0.RELEASE.jar:/home/stbenjam/.m2/repository/org/usb4java/usb4java-javax/1.2.0/usb4java-javax-1.2.0.jar:/home/stbenjam/.m2/repository/javax/usb/usb-api/1.0.2/usb-api-1.0.2.jar:/home/stbenjam/.m2/repository/org/apache/commons/commons-lang3/3.2.1/commons-lang3-3.2.1.jar:/home/stbenjam/.m2/repository/org/usb4java/usb4java/1.2.0/usb4java-1.2.0.jar:/home/stbenjam/.m2/repository/org/usb4java/libusb4java/1.2.0/libusb4java-1.2.0-linux-x86.jar:/home/stbenjam/.m2/repository/org/usb4java/libusb4java/1.2.0/libusb4java-1.2.0-linux-x86_64.jar:/home/stbenjam/.m2/repository/org/usb4java/libusb4java/1.2.0/libusb4java-1.2.0-linux-arm.jar:/home/stbenjam/.m2/repository/org/usb4java/libusb4java/1.2.0/libusb4java-1.2.0-windows-x86.jar:/home/stbenjam/.m2/repository/org/usb4java/libusb4java/1.2.0/libusb4java-1.2.0-windows-x86_64.jar:/home/stbenjam/.m2/repository/org/usb4java/libusb4java/1.2.0/libusb4java-1.2.0-osx-x86.jar:/home/stbenjam/.m2/repository/org/usb4java/libusb4java/1.2.0/libusb4java-1.2.0-osx-x86_64.jar:/home/stbenjam/.m2/repository/org/mockito/mockito-all/1.9.5/mockito-all-1.9.5.jar:/home/stbenjam/.m2/repository/com/fasterxml/jackson/core/jackson-databind/2.5.0/jackson-databind-2.5.0.jar:/home/stbenjam/.m2/repository/com/fasterxml/jackson/core/jackson-core/2.8.10/jackson-core-2.8.10.jar:/home/stbenjam/.m2/repository/com/vaadin/external/google/android-json/0.0.20131108.vaadin1/android-json-0.0.20131108.vaadin1.jar:/home/stbenjam/.m2/repository/com/tngtech/java/junit-dataprovider/1.13.1/junit-dataprovider-1.13.1.jar:/home/stbenjam/.m2/repository/org/springframework/spring-context-support/3.2.0.RELEASE/spring-context-support-3.2.0.RELEASE.jar:, java.specification.name=Java Platform API Specification, java.class.version=52.0, sun.management.compiler=HotSpot 64-Bit Tiered Compilers, os.version=4.14.14-300.fc27.x86_64, user.home=/home/stbenjam, user.timezone=America/New_York, java.awt.printerjob=sun.print.PSPrinterJob, file.encoding=UTF-8, java.specification.version=1.8, java.class.path=/home/stbenjam/git/h2ms/target/test-classes:/home/stbenjam/git/h2ms/target/classes:/home/stbenjam/.m2/repository/org/springframework/boot/spring-boot-starter-data-rest/1.5.10.RELEASE/spring-boot-starter-data-rest-1.5.10.RELEASE.jar:/home/stbenjam/.m2/repository/org/springframework/boot/spring-boot-starter/1.5.10.RELEASE/spring-boot-starter-1.5.10.RELEASE.jar:/home/stbenjam/.m2/repository/org/springframework/boot/spring-boot/1.5.10.RELEASE/spring-boot-1.5.10.RELEASE.jar:/home/stbenjam/.m2/repository/org/springframework/boot/spring-boot-autoconfigure/1.5.10.RELEASE/spring-boot-autoconfigure-1.5.10.RELEASE.jar:/home/stbenjam/.m2/repository/org/springframework/boot/spring-boot-starter-logging/1.5.10.RELEASE/spring-boot-starter-logging-1.5.10.RELEASE.jar:/home/stbenjam/.m2/repository/ch/qos/logback/logback-classic/1.1.11/logback-classic-1.1.11.jar:/home/stbenjam/.m2/repository/ch/qos/logback/logback-core/1.1.11/logback-core-1.1.11.jar:/home/stbenjam/.m2/repository/org/slf4j/jul-to-slf4j/1.7.25/jul-to-slf4j-1.7.25.jar:/home/stbenjam/.m2/repository/org/slf4j/log4j-over-slf4j/1.7.25/log4j-over-slf4j-1.7.25.jar:/home/stbenjam/.m2/repository/org/yaml/snakeyaml/1.17/snakeyaml-1.17.jar:/home/stbenjam/.m2/repository/com/fasterxml/jackson/core/jackson-annotations/2.8.0/jackson-annotations-2.8.0.jar:/home/stbenjam/.m2/repository/org/springframework/data/spring-data-rest-webmvc/2.6.10.RELEASE/spring-data-rest-webmvc-2.6.10.RELEASE.jar:/home/stbenjam/.m2/repository/org/springframework/data/spring-data-rest-core/2.6.10.RELEASE/spring-data-rest-core-2.6.10.RELEASE.jar:/home/stbenjam/.m2/repository/org/atteo/evo-inflector/1.2.2/evo-inflector-1.2.2.jar:/home/stbenjam/.m2/repository/org/slf4j/jcl-over-slf4j/1.7.25/jcl-over-slf4j-1.7.25.jar:/home/stbenjam/.m2/repository/org/springframework/boot/spring-boot-starter-web/1.5.10.RELEASE/spring-boot-starter-web-1.5.10.RELEASE.jar:/home/stbenjam/.m2/repository/org/springframework/boot/spring-boot-starter-tomcat/1.5.10.RELEASE/spring-boot-starter-tomcat-1.5.10.RELEASE.jar:/home/stbenjam/.m2/repository/org/apache/tomcat/embed/tomcat-embed-core/8.5.27/tomcat-embed-core-8.5.27.jar:/home/stbenjam/.m2/repository/org/apache/tomcat/tomcat-annotations-api/8.5.27/tomcat-annotations-api-8.5.27.jar:/home/stbenjam/.m2/repository/org/apache/tomcat/embed/tomcat-embed-el/8.5.27/tomcat-embed-el-8.5.27.jar:/home/stbenjam/.m2/repository/org/apache/tomcat/embed/tomcat-embed-websocket/8.5.27/tomcat-embed-websocket-8.5.27.jar:/home/stbenjam/.m2/repository/org/hibernate/hibernate-validator/5.3.6.Final/hibernate-validator-5.3.6.Final.jar:/home/stbenjam/.m2/repository/javax/validation/validation-api/1.1.0.Final/validation-api-1.1.0.Final.jar:/home/stbenjam/.m2/repository/org/jboss/logging/jboss-logging/3.3.1.Final/jboss-logging-3.3.1.Final.jar:/home/stbenjam/.m2/repository/org/springframework/spring-web/4.3.14.RELEASE/spring-web-4.3.14.RELEASE.jar:/home/stbenjam/.m2/repository/org/springframework/spring-webmvc/4.3.14.RELEASE/spring-webmvc-4.3.14.RELEASE.jar:/home/stbenjam/.m2/repository/org/springframework/spring-expression/4.3.14.RELEASE/spring-expression-4.3.14.RELEASE.jar:/home/stbenjam/.m2/repository/org/springframework/boot/spring-boot-starter-thymeleaf/1.5.10.RELEASE/spring-boot-starter-thymeleaf-1.5.10.RELEASE.jar:/home/stbenjam/.m2/repository/org/thymeleaf/thymeleaf-spring4/2.1.6.RELEASE/thymeleaf-spring4-2.1.6.RELEASE.jar:/home/stbenjam/.m2/repository/org/thymeleaf/thymeleaf/2.1.6.RELEASE/thymeleaf-2.1.6.RELEASE.jar:/home/stbenjam/.m2/repository/ognl/ognl/3.0.8/ognl-3.0.8.jar:/home/stbenjam/.m2/repository/org/unbescape/unbescape/1.1.0.RELEASE/unbescape-1.1.0.RELEASE.jar:/home/stbenjam/.m2/repository/nz/net/ultraq/thymeleaf/thymeleaf-layout-dialect/1.4.0/thymeleaf-layout-dialect-1.4.0.jar:/home/stbenjam/.m2/repository/org/codehaus/groovy/groovy/2.4.13/groovy-2.4.13.jar:/home/stbenjam/.m2/repository/org/springframework/boot/spring-boot-starter-test/1.5.10.RELEASE/spring-boot-starter-test-1.5.10.RELEASE.jar:/home/stbenjam/.m2/repository/org/springframework/boot/spring-boot-test/1.5.10.RELEASE/spring-boot-test-1.5.10.RELEASE.jar:/home/stbenjam/.m2/repository/org/springframework/boot/spring-boot-test-autoconfigure/1.5.10.RELEASE/spring-boot-test-autoconfigure-1.5.10.RELEASE.jar:/home/stbenjam/.m2/repository/com/jayway/jsonpath/json-path/2.2.0/json-path-2.2.0.jar:/home/stbenjam/.m2/repository/net/minidev/json-smart/2.2.1/json-smart-2.2.1.jar:/home/stbenjam/.m2/repository/net/minidev/accessors-smart/1.1/accessors-smart-1.1.jar:/home/stbenjam/.m2/repository/org/ow2/asm/asm/5.0.3/asm-5.0.3.jar:/home/stbenjam/.m2/repository/junit/junit/4.12/junit-4.12.jar:/home/stbenjam/.m2/repository/org/assertj/assertj-core/2.6.0/assertj-core-2.6.0.jar:/home/stbenjam/.m2/repository/org/mockito/mockito-core/1.10.19/mockito-core-1.10.19.jar:/home/stbenjam/.m2/repository/org/objenesis/objenesis/2.1/objenesis-2.1.jar:/home/stbenjam/.m2/repository/org/hamcrest/hamcrest-core/1.3/hamcrest-core-1.3.jar:/home/stbenjam/.m2/repository/org/hamcrest/hamcrest-library/1.3/hamcrest-library-1.3.jar:/home/stbenjam/.m2/repository/org/skyscreamer/jsonassert/1.4.0/jsonassert-1.4.0.jar:/home/stbenjam/.m2/repository/org/springframework/spring-core/4.3.14.RELEASE/spring-core-4.3.14.RELEASE.jar:/home/stbenjam/.m2/repository/org/springframework/spring-test/4.3.14.RELEASE/spring-test-4.3.14.RELEASE.jar:/home/stbenjam/.m2/repository/org/springframework/restdocs/spring-restdocs-mockmvc/1.1.3.RELEASE/spring-restdocs-mockmvc-1.1.3.RELEASE.jar:/home/stbenjam/.m2/repository/org/springframework/restdocs/spring-restdocs-core/1.1.3.RELEASE/spring-restdocs-core-1.1.3.RELEASE.jar:/home/stbenjam/.m2/repository/javax/servlet/javax.servlet-api/3.1.0/javax.servlet-api-3.1.0.jar:/home/stbenjam/.m2/repository/org/springframework/boot/spring-boot-starter-data-jpa/1.5.10.RELEASE/spring-boot-starter-data-jpa-1.5.10.RELEASE.jar:/home/stbenjam/.m2/repository/org/springframework/boot/spring-boot-starter-aop/1.5.10.RELEASE/spring-boot-starter-aop-1.5.10.RELEASE.jar:/home/stbenjam/.m2/repository/org/aspectj/aspectjweaver/1.8.13/aspectjweaver-1.8.13.jar:/home/stbenjam/.m2/repository/org/springframework/boot/spring-boot-starter-jdbc/1.5.10.RELEASE/spring-boot-starter-jdbc-1.5.10.RELEASE.jar:/home/stbenjam/.m2/repository/org/apache/tomcat/tomcat-jdbc/8.5.27/tomcat-jdbc-8.5.27.jar:/home/stbenjam/.m2/repository/org/apache/tomcat/tomcat-juli/8.5.27/tomcat-juli-8.5.27.jar:/home/stbenjam/.m2/repository/org/springframework/spring-jdbc/4.3.14.RELEASE/spring-jdbc-4.3.14.RELEASE.jar:/home/stbenjam/.m2/repository/org/hibernate/hibernate-core/5.0.12.Final/hibernate-core-5.0.12.Final.jar:/home/stbenjam/.m2/repository/org/hibernate/javax/persistence/hibernate-jpa-2.1-api/1.0.0.Final/hibernate-jpa-2.1-api-1.0.0.Final.jar:/home/stbenjam/.m2/repository/org/javassist/javassist/3.21.0-GA/javassist-3.21.0-GA.jar:/home/stbenjam/.m2/repository/antlr/antlr/2.7.7/antlr-2.7.7.jar:/home/stbenjam/.m2/repository/org/jboss/jandex/2.0.0.Final/jandex-2.0.0.Final.jar:/home/stbenjam/.m2/repository/dom4j/dom4j/1.6.1/dom4j-1.6.1.jar:/home/stbenjam/.m2/repository/org/hibernate/common/hibernate-commons-annotations/5.0.1.Final/hibernate-commons-annotations-5.0.1.Final.jar:/home/stbenjam/.m2/repository/org/hibernate/hibernate-entitymanager/5.0.12.Final/hibernate-entitymanager-5.0.12.Final.jar:/home/stbenjam/.m2/repository/javax/transaction/javax.transaction-api/1.2/javax.transaction-api-1.2.jar:/home/stbenjam/.m2/repository/org/springframework/data/spring-data-jpa/1.11.10.RELEASE/spring-data-jpa-1.11.10.RELEASE.jar:/home/stbenjam/.m2/repository/org/springframework/data/spring-data-commons/1.13.10.RELEASE/spring-data-commons-1.13.10.RELEASE.jar:/home/stbenjam/.m2/repository/org/springframework/spring-orm/4.3.14.RELEASE/spring-orm-4.3.14.RELEASE.jar:/home/stbenjam/.m2/repository/org/springframework/spring-tx/4.3.14.RELEASE/spring-tx-4.3.14.RELEASE.jar:/home/stbenjam/.m2/repository/org/springframework/spring-aspects/4.3.14.RELEASE/spring-aspects-4.3.14.RELEASE.jar:/home/stbenjam/.m2/repository/com/h2database/h2/1.4.196/h2-1.4.196.jar:/home/stbenjam/.m2/repository/org/postgresql/postgresql/9.4-1206-jdbc42/postgresql-9.4-1206-jdbc42.jar:/home/stbenjam/.m2/repository/log4j/log4j/1.2.17/log4j-1.2.17.jar:/home/stbenjam/.m2/repository/com/google/guava/guava/19.0/guava-19.0.jar:/home/stbenjam/.m2/repository/javax/mail/mail/1.4/mail-1.4.jar:/home/stbenjam/.m2/repository/javax/activation/activation/1.1/activation-1.1.jar:/home/stbenjam/.m2/repository/org/springframework/boot/spring-boot-starter-security/1.5.10.RELEASE/spring-boot-starter-security-1.5.10.RELEASE.jar:/home/stbenjam/.m2/repository/org/springframework/spring-aop/4.3.14.RELEASE/spring-aop-4.3.14.RELEASE.jar:/home/stbenjam/.m2/repository/org/springframework/security/spring-security-config/4.2.4.RELEASE/spring-security-config-4.2.4.RELEASE.jar:/home/stbenjam/.m2/repository/org/springframework/security/spring-security-web/4.2.4.RELEASE/spring-security-web-4.2.4.RELEASE.jar:/home/stbenjam/.m2/repository/org/springframework/boot/spring-boot-starter-mail/1.4.3.RELEASE/spring-boot-starter-mail-1.4.3.RELEASE.jar:/home/stbenjam/.m2/repository/org/springframework/spring-context/4.3.14.RELEASE/spring-context-4.3.14.RELEASE.jar:/home/stbenjam/.m2/repository/com/sun/mail/javax.mail/1.5.6/javax.mail-1.5.6.jar:/home/stbenjam/.m2/repository/com/icegreen/greenmail/1.5.5/greenmail-1.5.5.jar:/home/stbenjam/.m2/repository/org/slf4j/slf4j-api/1.7.25/slf4j-api-1.7.25.jar:/home/stbenjam/.m2/repository/org/springframework/security/spring-security-test/4.2.4.RELEASE/spring-security-test-4.2.4.RELEASE.jar:/home/stbenjam/.m2/repository/org/springframework/security/spring-security-core/4.2.4.RELEASE/spring-security-core-4.2.4.RELEASE.jar:/home/stbenjam/.m2/repository/aopalliance/aopalliance/1.0/aopalliance-1.0.jar:/home/stbenjam/.m2/repository/org/springframework/security/oauth/spring-security-oauth2/2.0.14.RELEASE/spring-security-oauth2-2.0.14.RELEASE.jar:/home/stbenjam/.m2/repository/org/springframework/spring-beans/4.3.14.RELEASE/spring-beans-4.3.14.RELEASE.jar:/home/stbenjam/.m2/repository/commons-codec/commons-codec/1.10/commons-codec-1.10.jar:/home/stbenjam/.m2/repository/org/codehaus/jackson/jackson-mapper-asl/1.9.13/jackson-mapper-asl-1.9.13.jar:/home/stbenjam/.m2/repository/org/codehaus/jackson/jackson-core-asl/1.9.13/jackson-core-asl-1.9.13.jar:/home/stbenjam/.m2/repository/io/springfox/springfox-swagger2/2.8.0/springfox-swagger2-2.8.0.jar:/home/stbenjam/.m2/repository/io/swagger/swagger-annotations/1.5.14/swagger-annotations-1.5.14.jar:/home/stbenjam/.m2/repository/io/swagger/swagger-models/1.5.14/swagger-models-1.5.14.jar:/home/stbenjam/.m2/repository/io/springfox/springfox-spi/2.8.0/springfox-spi-2.8.0.jar:/home/stbenjam/.m2/repository/io/springfox/springfox-core/2.8.0/springfox-core-2.8.0.jar:/home/stbenjam/.m2/repository/net/bytebuddy/byte-buddy/1.7.9/byte-buddy-1.7.9.jar:/home/stbenjam/.m2/repository/io/springfox/springfox-schema/2.8.0/springfox-schema-2.8.0.jar:/home/stbenjam/.m2/repository/io/springfox/springfox-swagger-common/2.8.0/springfox-swagger-common-2.8.0.jar:/home/stbenjam/.m2/repository/io/springfox/springfox-spring-web/2.8.0/springfox-spring-web-2.8.0.jar:/home/stbenjam/.m2/repository/org/reflections/reflections/0.9.11/reflections-0.9.11.jar:/home/stbenjam/.m2/repository/com/fasterxml/classmate/1.3.4/classmate-1.3.4.jar:/home/stbenjam/.m2/repository/org/springframework/plugin/spring-plugin-core/1.2.0.RELEASE/spring-plugin-core-1.2.0.RELEASE.jar:/home/stbenjam/.m2/repository/org/springframework/plugin/spring-plugin-metadata/1.2.0.RELEASE/spring-plugin-metadata-1.2.0.RELEASE.jar:/home/stbenjam/.m2/repository/org/mapstruct/mapstruct/1.2.0.Final/mapstruct-1.2.0.Final.jar:/home/stbenjam/.m2/repository/io/springfox/springfox-swagger-ui/2.8.0/springfox-swagger-ui-2.8.0.jar:/home/stbenjam/.m2/repository/io/springfox/springfox-data-rest/2.8.0/springfox-data-rest-2.8.0.jar:/home/stbenjam/.m2/repository/org/springframework/hateoas/spring-hateoas/0.23.0.RELEASE/spring-hateoas-0.23.0.RELEASE.jar:/home/stbenjam/.m2/repository/org/usb4java/usb4java-javax/1.2.0/usb4java-javax-1.2.0.jar:/home/stbenjam/.m2/repository/javax/usb/usb-api/1.0.2/usb-api-1.0.2.jar:/home/stbenjam/.m2/repository/org/apache/commons/commons-lang3/3.2.1/commons-lang3-3.2.1.jar:/home/stbenjam/.m2/repository/org/usb4java/usb4java/1.2.0/usb4java-1.2.0.jar:/home/stbenjam/.m2/repository/org/usb4java/libusb4java/1.2.0/libusb4java-1.2.0-linux-x86.jar:/home/stbenjam/.m2/repository/org/usb4java/libusb4java/1.2.0/libusb4java-1.2.0-linux-x86_64.jar:/home/stbenjam/.m2/repository/org/usb4java/libusb4java/1.2.0/libusb4java-1.2.0-linux-arm.jar:/home/stbenjam/.m2/repository/org/usb4java/libusb4java/1.2.0/libusb4java-1.2.0-windows-x86.jar:/home/stbenjam/.m2/repository/org/usb4java/libusb4java/1.2.0/libusb4java-1.2.0-windows-x86_64.jar:/home/stbenjam/.m2/repository/org/usb4java/libusb4java/1.2.0/libusb4java-1.2.0-osx-x86.jar:/home/stbenjam/.m2/repository/org/usb4java/libusb4java/1.2.0/libusb4java-1.2.0-osx-x86_64.jar:/home/stbenjam/.m2/repository/org/mockito/mockito-all/1.9.5/mockito-all-1.9.5.jar:/home/stbenjam/.m2/repository/com/fasterxml/jackson/core/jackson-databind/2.5.0/jackson-databind-2.5.0.jar:/home/stbenjam/.m2/repository/com/fasterxml/jackson/core/jackson-core/2.8.10/jackson-core-2.8.10.jar:/home/stbenjam/.m2/repository/com/vaadin/external/google/android-json/0.0.20131108.vaadin1/android-json-0.0.20131108.vaadin1.jar:/home/stbenjam/.m2/repository/com/tngtech/java/junit-dataprovider/1.13.1/junit-dataprovider-1.13.1.jar:/home/stbenjam/.m2/repository/org/springframework/spring-context-support/3.2.0.RELEASE/spring-context-support-3.2.0.RELEASE.jar:, user.name=stbenjam, java.vm.specification.version=1.8, sun.java.command=/home/stbenjam/git/h2ms/target/surefire/surefirebooter618343035117595110.jar /home/stbenjam/git/h2ms/target/surefire/surefire9035386188001234096tmp /home/stbenjam/git/h2ms/target/surefire/surefire_0343681757683274478tmp, java.home=/usr/lib/jvm/java-1.8.0-openjdk-1.8.0.161-0.b14.fc27.x86_64/jre, sun.arch.data.model=64, user.language=en, java.specification.vendor=Oracle Corporation, awt.toolkit=sun.awt.X11.XToolkit, java.vm.info=mixed mode, java.version=1.8.0_161, java.ext.dirs=/usr/lib/jvm/java-1.8.0-openjdk-1.8.0.161-0.b14.fc27.x86_64/jre/lib/ext:/usr/java/packages/lib/ext, sun.boot.class.path=/usr/lib/jvm/java-1.8.0-openjdk-1.8.0.161-0.b14.fc27.x86_64/jre/lib/resources.jar:/usr/lib/jvm/java-1.8.0-openjdk-1.8.0.161-0.b14.fc27.x86_64/jre/lib/rt.jar:/usr/lib/jvm/java-1.8.0-openjdk-1.8.0.161-0.b14.fc27.x86_64/jre/lib/sunrsasign.jar:/usr/lib/jvm/java-1.8.0-openjdk-1.8.0.161-0.b14.fc27.x86_64/jre/lib/jsse.jar:/usr/lib/jvm/java-1.8.0-openjdk-1.8.0.161-0.b14.fc27.x86_64/jre/lib/jce.jar:/usr/lib/jvm/java-1.8.0-openjdk-1.8.0.161-0.b14.fc27.x86_64/jre/lib/charsets.jar:/usr/lib/jvm/java-1.8.0-openjdk-1.8.0.161-0.b14.fc27.x86_64/jre/lib/jfr.jar:/usr/lib/jvm/java-1.8.0-openjdk-1.8.0.161-0.b14.fc27.x86_64/jre/classes, java.vendor=Oracle Corporation, localRepository=/home/stbenjam/.m2/repository, file.separator=/, java.vendor.url.bug=http://bugreport.sun.com/bugreport/, sun.io.unicode.encoding=UnicodeLittle, sun.cpu.endian=little, sun.desktop=gnome, sun.cpu.isalist=}}, SystemEnvironmentPropertySource@1201173334 {name='systemEnvironment', properties={IRBRC=/home/stbenjam/.rvm/rubies/ruby-2.3.3/.irbrc, PATH=/home/stbenjam/.rvm/gems/ruby-2.3.3/bin:/home/stbenjam/.rvm/gems/ruby-2.3.3@global/bin:/home/stbenjam/.rvm/rubies/ruby-2.3.3/bin:/usr/local/bin:/usr/bin:/bin:/usr/local/sbin:/usr/sbin:/home/stbenjam/.local/bin:/home/stbenjam/bin:/home/stbenjam/.rvm/bin, rvm_silent_flag=, HISTCONTROL=ignoredups, XMODIFIERS=@im=ibus, GDMSESSION=gnome-xorg, rvm_quiet_flag=, GUESTFISH_RESTORE=\e[0m, DBUS_SESSION_BUS_ADDRESS=unix:path=/run/user/1000/bus,guid=0ff0c73f492cc1dc3846ae835aac7cd0, COLORTERM=truecolor, rvm_ruby_make_install=, rvm_niceness=, SESSION_MANAGER=local/unix:@/tmp/.ICE-unix/1818,unix/unix:/tmp/.ICE-unix/1818, USERNAME=stbenjam, rvm_version=1.29.1 (latest), PWD=/home/stbenjam/git/h2ms, MANAGERPID=1759, LESSOPEN=||/usr/bin/lesspipe.sh %s, PAGER=less, QTINC=/usr/lib64/qt-3.3/include, rvm_hook=, rvm_wrapper_name=, MY_RUBY_HOME=/home/stbenjam/.rvm/rubies/ruby-2.3.3, rvm_nightly_flag=, ZSH=/home/stbenjam/.oh-my-zsh, rvm_path=/home/stbenjam/.rvm, GUESTFISH_INIT=\e[1;34m, GNOME_DESKTOP_SESSION_ID=this-is-deprecated, SYSTEMD_NSS_BYPASS_BUS=1, DBUS_STARTER_ADDRESS=unix:path=/run/user/1000/bus,guid=0ff0c73f492cc1dc3846ae835aac7cd0, LC_CTYPE=en_US.UTF-8, SHLVL=2, LOADEDMODULES=, HISTSIZE=10000, JAVA_HOME=/usr/lib/jvm/java-1.8.0-openjdk-1.8.0.161-0.b14.fc27.x86_64, TERM=xterm-256color, XDG_SESSION_ID=2, rvm_script_name=, rvm_ruby_make=, rvm_docs_type=, _=/usr/lib/jvm/java-1.8.0-openjdk-1.8.0.161-0.b14.fc27.x86_64/jre/bin/java, MAVEN_PROJECTBASEDIR=/home/stbenjam/git/h2ms, DESKTOP_SESSION=gnome-xorg, XDG_MENU_PREFIX=gnome-, VTE_VERSION=5002, rvm_alias_expanded=, rvm_ruby_bits=, GEM_PATH=/home/stbenjam/.rvm/gems/ruby-2.3.3:/home/stbenjam/.rvm/gems/ruby-2.3.3@global, TILIX_ID=df6230d2-2679-42ab-bd7f-667d05988153, XAUTHORITY=/run/user/1000/gdm/Xauthority, INVOCATION_ID=2a8a59bd24d3424f8a519125eeaea755, XDG_DATA_DIRS=/home/stbenjam/.local/share/flatpak/exports/share/:/var/lib/flatpak/exports/share/:/usr/local/share/:/usr/share/, MODULEPATH=/etc/scl/modulefiles:/etc/scl/modulefiles:/usr/share/Modules/modulefiles:/etc/modulefiles:/usr/share/modulefiles, rvm_bin_flag=, VAGRANT_DEFAULT_PROVIDER=libvirt, XDG_CURRENT_DESKTOP=GNOME, JOURNAL_STREAM=9:35277, MAIL=/var/spool/mail/stbenjam, rvm_ruby_mode=, LOGNAME=stbenjam, rvm_proxy=, SHELL=/bin/zsh, rvm_sdk=, OLDPWD=/home/stbenjam/git/h2ms, GEM_HOME=/home/stbenjam/.rvm/gems/ruby-2.3.3, rvm_use_flag=, GIT=/bin/git, RUBY_VERSION=ruby-2.3.3, _system_name=Fedora, LESS=-R, XDG_SESSION_DESKTOP=gnome-xorg, LS_COLORS=rs=0:di=38;5;33:ln=38;5;51:mh=00:pi=40;38;5;11:so=38;5;13:do=38;5;5:bd=48;5;232;38;5;11:cd=48;5;232;38;5;3:or=48;5;232;38;5;9:mi=01;05;37;41:su=48;5;196;38;5;15:sg=48;5;11;38;5;16:ca=48;5;196;38;5;226:tw=48;5;10;38;5;16:ow=48;5;10;38;5;21:st=48;5;21;38;5;15:ex=38;5;40:*.tar=38;5;9:*.tgz=38;5;9:*.arc=38;5;9:*.arj=38;5;9:*.taz=38;5;9:*.lha=38;5;9:*.lz4=38;5;9:*.lzh=38;5;9:*.lzma=38;5;9:*.tlz=38;5;9:*.txz=38;5;9:*.tzo=38;5;9:*.t7z=38;5;9:*.zip=38;5;9:*.z=38;5;9:*.Z=38;5;9:*.dz=38;5;9:*.gz=38;5;9:*.lrz=38;5;9:*.lz=38;5;9:*.lzo=38;5;9:*.xz=38;5;9:*.zst=38;5;9:*.tzst=38;5;9:*.bz2=38;5;9:*.bz=38;5;9:*.tbz=38;5;9:*.tbz2=38;5;9:*.tz=38;5;9:*.deb=38;5;9:*.rpm=38;5;9:*.jar=38;5;9:*.war=38;5;9:*.ear=38;5;9:*.sar=38;5;9:*.rar=38;5;9:*.alz=38;5;9:*.ace=38;5;9:*.zoo=38;5;9:*.cpio=38;5;9:*.7z=38;5;9:*.rz=38;5;9:*.cab=38;5;9:*.wim=38;5;9:*.swm=38;5;9:*.dwm=38;5;9:*.esd=38;5;9:*.jpg=38;5;13:*.jpeg=38;5;13:*.mjpg=38;5;13:*.mjpeg=38;5;13:*.gif=38;5;13:*.bmp=38;5;13:*.pbm=38;5;13:*.pgm=38;5;13:*.ppm=38;5;13:*.tga=38;5;13:*.xbm=38;5;13:*.xpm=38;5;13:*.tif=38;5;13:*.tiff=38;5;13:*.png=38;5;13:*.svg=38;5;13:*.svgz=38;5;13:*.mng=38;5;13:*.pcx=38;5;13:*.mov=38;5;13:*.mpg=38;5;13:*.mpeg=38;5;13:*.m2v=38;5;13:*.mkv=38;5;13:*.webm=38;5;13:*.ogm=38;5;13:*.mp4=38;5;13:*.m4v=38;5;13:*.mp4v=38;5;13:*.vob=38;5;13:*.qt=38;5;13:*.nuv=38;5;13:*.wmv=38;5;13:*.asf=38;5;13:*.rm=38;5;13:*.rmvb=38;5;13:*.flc=38;5;13:*.avi=38;5;13:*.fli=38;5;13:*.flv=38;5;13:*.gl=38;5;13:*.dl=38;5;13:*.xcf=38;5;13:*.xwd=38;5;13:*.yuv=38;5;13:*.cgm=38;5;13:*.emf=38;5;13:*.ogv=38;5;13:*.ogx=38;5;13:*.aac=38;5;45:*.au=38;5;45:*.flac=38;5;45:*.m4a=38;5;45:*.mid=38;5;45:*.midi=38;5;45:*.mka=38;5;45:*.mp3=38;5;45:*.mpc=38;5;45:*.ogg=38;5;45:*.ra=38;5;45:*.wav=38;5;45:*.oga=38;5;45:*.opus=38;5;45:*.spx=38;5;45:*.xspf=38;5;45:, rvm_gemstone_package_file=, _system_arch=x86_64, rvm_bin_path=/home/stbenjam/.rvm/bin, QT_IM_MODULE=ibus, rvm_only_path_flag=, rvm_prefix=/home/stbenjam, LANG=en_US.UTF-8, XDG_SESSION_TYPE=x11, DISPLAY=:0, rvm_gemstone_url=, GDM_LANG=en_US.UTF-8, GUESTFISH_PS1=\[\e[1;32m\]><fs>\[\e[0;31m\] , LSCOLORS=Gxfxcxdxbxegedabagacad, _system_type=Linux, _system_version=27, GPG_TTY=/dev/pts/1, USER=stbenjam, rvm_ruby_file=, WINDOWPATH=2, XDG_SEAT=seat0, SSH_AUTH_SOCK=/run/user/1000/keyring/ssh, EDITOR=vim, HOSTNAME=ancient.bitbin.de, MODULESHOME=/usr/share/Modules, QTDIR=/usr/lib64/qt-3.3, XDG_RUNTIME_DIR=/run/user/1000, XDG_VTNR=2, GUESTFISH_OUTPUT=\e[0m, DBUS_STARTER_BUS_TYPE=session, QTLIB=/usr/lib64/qt-3.3/lib, HOME=/home/stbenjam}}]
21:09:27.062 [main] INFO org.springframework.boot.test.context.SpringBootTestContextBootstrapper - Found @SpringBootConfiguration edu.harvard.h2ms.H2MSRestAppInitializer for test class edu.harvard.h2ms.controllers.LocationControllerTests
21:09:27.063 [main] DEBUG org.springframework.boot.test.context.SpringBootTestContextBootstrapper - @TestExecutionListeners is not present for class [edu.harvard.h2ms.controllers.LocationControllerTests]: using defaults.
21:09:27.064 [main] INFO org.springframework.boot.test.context.SpringBootTestContextBootstrapper - Loaded default TestExecutionListener class names from location [META-INF/spring.factories]: [org.springframework.boot.test.mock.mockito.MockitoTestExecutionListener, org.springframework.boot.test.mock.mockito.ResetMocksTestExecutionListener, org.springframework.boot.test.autoconfigure.restdocs.RestDocsTestExecutionListener, org.springframework.boot.test.autoconfigure.web.client.MockRestServiceServerResetTestExecutionListener, org.springframework.boot.test.autoconfigure.web.servlet.MockMvcPrintOnlyOnFailureTestExecutionListener, org.springframework.boot.test.autoconfigure.web.servlet.WebDriverTestExecutionListener, org.springframework.test.context.web.ServletTestExecutionListener, org.springframework.test.context.support.DirtiesContextBeforeModesTestExecutionListener, org.springframework.test.context.support.DependencyInjectionTestExecutionListener, org.springframework.test.context.support.DirtiesContextTestExecutionListener, org.springframework.test.context.transaction.TransactionalTestExecutionListener, org.springframework.test.context.jdbc.SqlScriptsTestExecutionListener, org.springframework.security.test.context.support.WithSecurityContextTestExecutionListener]
21:09:27.066 [main] INFO org.springframework.boot.test.context.SpringBootTestContextBootstrapper - Using TestExecutionListeners: [org.springframework.test.context.web.ServletTestExecutionListener@7c711375, org.springframework.test.context.support.DirtiesContextBeforeModesTestExecutionListener@57cf54e1, org.springframework.boot.test.autoconfigure.SpringBootDependencyInjectionTestExecutionListener@5b03b9fe, org.springframework.test.context.support.DirtiesContextTestExecutionListener@37d4349f, org.springframework.test.context.transaction.TransactionalTestExecutionListener@434a63ab, org.springframework.test.context.jdbc.SqlScriptsTestExecutionListener@6e0f5f7f, org.springframework.security.test.context.support.WithSecurityContextTestExecutionListener@2805d709, org.springframework.boot.test.mock.mockito.MockitoTestExecutionListener@3ee37e5a, org.springframework.boot.test.mock.mockito.ResetMocksTestExecutionListener@2ea41516, org.springframework.boot.test.autoconfigure.restdocs.RestDocsTestExecutionListener@3a44431a, org.springframework.boot.test.autoconfigure.web.client.MockRestServiceServerResetTestExecutionListener@3c7f66c4, org.springframework.boot.test.autoconfigure.web.servlet.MockMvcPrintOnlyOnFailureTestExecutionListener@194bcebf, org.springframework.boot.test.autoconfigure.web.servlet.WebDriverTestExecutionListener@17497425]
21:09:27.067 [main] DEBUG org.springframework.test.context.junit4.SpringJUnit4ClassRunner - SpringJUnit4ClassRunner constructor called with [class edu.harvard.h2ms.web.init.OAuthTest]
21:09:27.067 [main] DEBUG org.springframework.test.context.BootstrapUtils - Instantiating CacheAwareContextLoaderDelegate from class [org.springframework.test.context.cache.DefaultCacheAwareContextLoaderDelegate]
21:09:27.067 [main] DEBUG org.springframework.test.context.BootstrapUtils - Instantiating BootstrapContext using constructor [public org.springframework.test.context.support.DefaultBootstrapContext(java.lang.Class,org.springframework.test.context.CacheAwareContextLoaderDelegate)]
21:09:27.068 [main] DEBUG org.springframework.test.context.BootstrapUtils - Instantiating TestContextBootstrapper for test class [edu.harvard.h2ms.web.init.OAuthTest] from class [org.springframework.boot.test.context.SpringBootTestContextBootstrapper]
21:09:27.068 [main] INFO org.springframework.boot.test.context.SpringBootTestContextBootstrapper - Neither @ContextConfiguration nor @ContextHierarchy found for test class [edu.harvard.h2ms.web.init.OAuthTest], using SpringBootContextLoader
21:09:27.069 [main] DEBUG org.springframework.test.context.support.AbstractContextLoader - Did not detect default resource location for test class [edu.harvard.h2ms.web.init.OAuthTest]: class path resource [edu/harvard/h2ms/web/init/OAuthTest-context.xml] does not exist
21:09:27.069 [main] DEBUG org.springframework.test.context.support.AbstractContextLoader - Did not detect default resource location for test class [edu.harvard.h2ms.web.init.OAuthTest]: class path resource [edu/harvard/h2ms/web/init/OAuthTestContext.groovy] does not exist
21:09:27.069 [main] INFO org.springframework.test.context.support.AbstractContextLoader - Could not detect default resource locations for test class [edu.harvard.h2ms.web.init.OAuthTest]: no resource found for suffixes {-context.xml, Context.groovy}.
21:09:27.069 [main] INFO org.springframework.test.context.support.AnnotationConfigContextLoaderUtils - Could not detect default configuration classes for test class [edu.harvard.h2ms.web.init.OAuthTest]: OAuthTest does not declare any static, non-private, non-final, nested classes annotated with @Configuration.
21:09:27.072 [main] DEBUG org.springframework.test.context.support.ActiveProfilesUtils - Could not find an 'annotation declaring class' for annotation type [org.springframework.test.context.ActiveProfiles] and class [edu.harvard.h2ms.web.init.OAuthTest]
21:09:27.072 [main] DEBUG org.springframework.core.env.StandardEnvironment - Adding PropertySource 'systemProperties' with lowest search precedence
21:09:27.073 [main] DEBUG org.springframework.core.env.StandardEnvironment - Adding PropertySource 'systemEnvironment' with lowest search precedence
21:09:27.073 [main] DEBUG org.springframework.core.env.StandardEnvironment - Initialized StandardEnvironment with PropertySources [MapPropertySource@1704237553 {name='systemProperties', properties={java.runtime.name=OpenJDK Runtime Environment, sun.boot.library.path=/usr/lib/jvm/java-1.8.0-openjdk-1.8.0.161-0.b14.fc27.x86_64/jre/lib/amd64, java.vm.version=25.161-b14, java.vm.vendor=Oracle Corporation, java.vendor.url=http://java.oracle.com/, path.separator=:, java.vm.name=OpenJDK 64-Bit Server VM, file.encoding.pkg=sun.io, user.country=US, sun.java.launcher=SUN_STANDARD, sun.os.patch.level=unknown, java.vm.specification.name=Java Virtual Machine Specification, user.dir=/home/stbenjam/git/h2ms, java.runtime.version=1.8.0_161-b14, basedir=/home/stbenjam/git/h2ms, java.awt.graphicsenv=sun.awt.X11GraphicsEnvironment, java.endorsed.dirs=/usr/lib/jvm/java-1.8.0-openjdk-1.8.0.161-0.b14.fc27.x86_64/jre/lib/endorsed, os.arch=amd64, surefire.real.class.path=/home/stbenjam/git/h2ms/target/surefire/surefirebooter618343035117595110.jar, java.io.tmpdir=/tmp, line.separator=
, java.vm.specification.vendor=Oracle Corporation, os.name=Linux, sun.jnu.encoding=UTF-8, java.library.path=/usr/java/packages/lib/amd64:/usr/lib64:/lib64:/lib:/usr/lib, surefire.test.class.path=/home/stbenjam/git/h2ms/target/test-classes:/home/stbenjam/git/h2ms/target/classes:/home/stbenjam/.m2/repository/org/springframework/boot/spring-boot-starter-data-rest/1.5.10.RELEASE/spring-boot-starter-data-rest-1.5.10.RELEASE.jar:/home/stbenjam/.m2/repository/org/springframework/boot/spring-boot-starter/1.5.10.RELEASE/spring-boot-starter-1.5.10.RELEASE.jar:/home/stbenjam/.m2/repository/org/springframework/boot/spring-boot/1.5.10.RELEASE/spring-boot-1.5.10.RELEASE.jar:/home/stbenjam/.m2/repository/org/springframework/boot/spring-boot-autoconfigure/1.5.10.RELEASE/spring-boot-autoconfigure-1.5.10.RELEASE.jar:/home/stbenjam/.m2/repository/org/springframework/boot/spring-boot-starter-logging/1.5.10.RELEASE/spring-boot-starter-logging-1.5.10.RELEASE.jar:/home/stbenjam/.m2/repository/ch/qos/logback/logback-classic/1.1.11/logback-classic-1.1.11.jar:/home/stbenjam/.m2/repository/ch/qos/logback/logback-core/1.1.11/logback-core-1.1.11.jar:/home/stbenjam/.m2/repository/org/slf4j/jul-to-slf4j/1.7.25/jul-to-slf4j-1.7.25.jar:/home/stbenjam/.m2/repository/org/slf4j/log4j-over-slf4j/1.7.25/log4j-over-slf4j-1.7.25.jar:/home/stbenjam/.m2/repository/org/yaml/snakeyaml/1.17/snakeyaml-1.17.jar:/home/stbenjam/.m2/repository/com/fasterxml/jackson/core/jackson-annotations/2.8.0/jackson-annotations-2.8.0.jar:/home/stbenjam/.m2/repository/org/springframework/data/spring-data-rest-webmvc/2.6.10.RELEASE/spring-data-rest-webmvc-2.6.10.RELEASE.jar:/home/stbenjam/.m2/repository/org/springframework/data/spring-data-rest-core/2.6.10.RELEASE/spring-data-rest-core-2.6.10.RELEASE.jar:/home/stbenjam/.m2/repository/org/atteo/evo-inflector/1.2.2/evo-inflector-1.2.2.jar:/home/stbenjam/.m2/repository/org/slf4j/jcl-over-slf4j/1.7.25/jcl-over-slf4j-1.7.25.jar:/home/stbenjam/.m2/repository/org/springframework/boot/spring-boot-starter-web/1.5.10.RELEASE/spring-boot-starter-web-1.5.10.RELEASE.jar:/home/stbenjam/.m2/repository/org/springframework/boot/spring-boot-starter-tomcat/1.5.10.RELEASE/spring-boot-starter-tomcat-1.5.10.RELEASE.jar:/home/stbenjam/.m2/repository/org/apache/tomcat/embed/tomcat-embed-core/8.5.27/tomcat-embed-core-8.5.27.jar:/home/stbenjam/.m2/repository/org/apache/tomcat/tomcat-annotations-api/8.5.27/tomcat-annotations-api-8.5.27.jar:/home/stbenjam/.m2/repository/org/apache/tomcat/embed/tomcat-embed-el/8.5.27/tomcat-embed-el-8.5.27.jar:/home/stbenjam/.m2/repository/org/apache/tomcat/embed/tomcat-embed-websocket/8.5.27/tomcat-embed-websocket-8.5.27.jar:/home/stbenjam/.m2/repository/org/hibernate/hibernate-validator/5.3.6.Final/hibernate-validator-5.3.6.Final.jar:/home/stbenjam/.m2/repository/javax/validation/validation-api/1.1.0.Final/validation-api-1.1.0.Final.jar:/home/stbenjam/.m2/repository/org/jboss/logging/jboss-logging/3.3.1.Final/jboss-logging-3.3.1.Final.jar:/home/stbenjam/.m2/repository/org/springframework/spring-web/4.3.14.RELEASE/spring-web-4.3.14.RELEASE.jar:/home/stbenjam/.m2/repository/org/springframework/spring-webmvc/4.3.14.RELEASE/spring-webmvc-4.3.14.RELEASE.jar:/home/stbenjam/.m2/repository/org/springframework/spring-expression/4.3.14.RELEASE/spring-expression-4.3.14.RELEASE.jar:/home/stbenjam/.m2/repository/org/springframework/boot/spring-boot-starter-thymeleaf/1.5.10.RELEASE/spring-boot-starter-thymeleaf-1.5.10.RELEASE.jar:/home/stbenjam/.m2/repository/org/thymeleaf/thymeleaf-spring4/2.1.6.RELEASE/thymeleaf-spring4-2.1.6.RELEASE.jar:/home/stbenjam/.m2/repository/org/thymeleaf/thymeleaf/2.1.6.RELEASE/thymeleaf-2.1.6.RELEASE.jar:/home/stbenjam/.m2/repository/ognl/ognl/3.0.8/ognl-3.0.8.jar:/home/stbenjam/.m2/repository/org/unbescape/unbescape/1.1.0.RELEASE/unbescape-1.1.0.RELEASE.jar:/home/stbenjam/.m2/repository/nz/net/ultraq/thymeleaf/thymeleaf-layout-dialect/1.4.0/thymeleaf-layout-dialect-1.4.0.jar:/home/stbenjam/.m2/repository/org/codehaus/groovy/groovy/2.4.13/groovy-2.4.13.jar:/home/stbenjam/.m2/repository/org/springframework/boot/spring-boot-starter-test/1.5.10.RELEASE/spring-boot-starter-test-1.5.10.RELEASE.jar:/home/stbenjam/.m2/repository/org/springframework/boot/spring-boot-test/1.5.10.RELEASE/spring-boot-test-1.5.10.RELEASE.jar:/home/stbenjam/.m2/repository/org/springframework/boot/spring-boot-test-autoconfigure/1.5.10.RELEASE/spring-boot-test-autoconfigure-1.5.10.RELEASE.jar:/home/stbenjam/.m2/repository/com/jayway/jsonpath/json-path/2.2.0/json-path-2.2.0.jar:/home/stbenjam/.m2/repository/net/minidev/json-smart/2.2.1/json-smart-2.2.1.jar:/home/stbenjam/.m2/repository/net/minidev/accessors-smart/1.1/accessors-smart-1.1.jar:/home/stbenjam/.m2/repository/org/ow2/asm/asm/5.0.3/asm-5.0.3.jar:/home/stbenjam/.m2/repository/junit/junit/4.12/junit-4.12.jar:/home/stbenjam/.m2/repository/org/assertj/assertj-core/2.6.0/assertj-core-2.6.0.jar:/home/stbenjam/.m2/repository/org/mockito/mockito-core/1.10.19/mockito-core-1.10.19.jar:/home/stbenjam/.m2/repository/org/objenesis/objenesis/2.1/objenesis-2.1.jar:/home/stbenjam/.m2/repository/org/hamcrest/hamcrest-core/1.3/hamcrest-core-1.3.jar:/home/stbenjam/.m2/repository/org/hamcrest/hamcrest-library/1.3/hamcrest-library-1.3.jar:/home/stbenjam/.m2/repository/org/skyscreamer/jsonassert/1.4.0/jsonassert-1.4.0.jar:/home/stbenjam/.m2/repository/org/springframework/spring-core/4.3.14.RELEASE/spring-core-4.3.14.RELEASE.jar:/home/stbenjam/.m2/repository/org/springframework/spring-test/4.3.14.RELEASE/spring-test-4.3.14.RELEASE.jar:/home/stbenjam/.m2/repository/org/springframework/restdocs/spring-restdocs-mockmvc/1.1.3.RELEASE/spring-restdocs-mockmvc-1.1.3.RELEASE.jar:/home/stbenjam/.m2/repository/org/springframework/restdocs/spring-restdocs-core/1.1.3.RELEASE/spring-restdocs-core-1.1.3.RELEASE.jar:/home/stbenjam/.m2/repository/javax/servlet/javax.servlet-api/3.1.0/javax.servlet-api-3.1.0.jar:/home/stbenjam/.m2/repository/org/springframework/boot/spring-boot-starter-data-jpa/1.5.10.RELEASE/spring-boot-starter-data-jpa-1.5.10.RELEASE.jar:/home/stbenjam/.m2/repository/org/springframework/boot/spring-boot-starter-aop/1.5.10.RELEASE/spring-boot-starter-aop-1.5.10.RELEASE.jar:/home/stbenjam/.m2/repository/org/aspectj/aspectjweaver/1.8.13/aspectjweaver-1.8.13.jar:/home/stbenjam/.m2/repository/org/springframework/boot/spring-boot-starter-jdbc/1.5.10.RELEASE/spring-boot-starter-jdbc-1.5.10.RELEASE.jar:/home/stbenjam/.m2/repository/org/apache/tomcat/tomcat-jdbc/8.5.27/tomcat-jdbc-8.5.27.jar:/home/stbenjam/.m2/repository/org/apache/tomcat/tomcat-juli/8.5.27/tomcat-juli-8.5.27.jar:/home/stbenjam/.m2/repository/org/springframework/spring-jdbc/4.3.14.RELEASE/spring-jdbc-4.3.14.RELEASE.jar:/home/stbenjam/.m2/repository/org/hibernate/hibernate-core/5.0.12.Final/hibernate-core-5.0.12.Final.jar:/home/stbenjam/.m2/repository/org/hibernate/javax/persistence/hibernate-jpa-2.1-api/1.0.0.Final/hibernate-jpa-2.1-api-1.0.0.Final.jar:/home/stbenjam/.m2/repository/org/javassist/javassist/3.21.0-GA/javassist-3.21.0-GA.jar:/home/stbenjam/.m2/repository/antlr/antlr/2.7.7/antlr-2.7.7.jar:/home/stbenjam/.m2/repository/org/jboss/jandex/2.0.0.Final/jandex-2.0.0.Final.jar:/home/stbenjam/.m2/repository/dom4j/dom4j/1.6.1/dom4j-1.6.1.jar:/home/stbenjam/.m2/repository/org/hibernate/common/hibernate-commons-annotations/5.0.1.Final/hibernate-commons-annotations-5.0.1.Final.jar:/home/stbenjam/.m2/repository/org/hibernate/hibernate-entitymanager/5.0.12.Final/hibernate-entitymanager-5.0.12.Final.jar:/home/stbenjam/.m2/repository/javax/transaction/javax.transaction-api/1.2/javax.transaction-api-1.2.jar:/home/stbenjam/.m2/repository/org/springframework/data/spring-data-jpa/1.11.10.RELEASE/spring-data-jpa-1.11.10.RELEASE.jar:/home/stbenjam/.m2/repository/org/springframework/data/spring-data-commons/1.13.10.RELEASE/spring-data-commons-1.13.10.RELEASE.jar:/home/stbenjam/.m2/repository/org/springframework/spring-orm/4.3.14.RELEASE/spring-orm-4.3.14.RELEASE.jar:/home/stbenjam/.m2/repository/org/springframework/spring-tx/4.3.14.RELEASE/spring-tx-4.3.14.RELEASE.jar:/home/stbenjam/.m2/repository/org/springframework/spring-aspects/4.3.14.RELEASE/spring-aspects-4.3.14.RELEASE.jar:/home/stbenjam/.m2/repository/com/h2database/h2/1.4.196/h2-1.4.196.jar:/home/stbenjam/.m2/repository/org/postgresql/postgresql/9.4-1206-jdbc42/postgresql-9.4-1206-jdbc42.jar:/home/stbenjam/.m2/repository/log4j/log4j/1.2.17/log4j-1.2.17.jar:/home/stbenjam/.m2/repository/com/google/guava/guava/19.0/guava-19.0.jar:/home/stbenjam/.m2/repository/javax/mail/mail/1.4/mail-1.4.jar:/home/stbenjam/.m2/repository/javax/activation/activation/1.1/activation-1.1.jar:/home/stbenjam/.m2/repository/org/springframework/boot/spring-boot-starter-security/1.5.10.RELEASE/spring-boot-starter-security-1.5.10.RELEASE.jar:/home/stbenjam/.m2/repository/org/springframework/spring-aop/4.3.14.RELEASE/spring-aop-4.3.14.RELEASE.jar:/home/stbenjam/.m2/repository/org/springframework/security/spring-security-config/4.2.4.RELEASE/spring-security-config-4.2.4.RELEASE.jar:/home/stbenjam/.m2/repository/org/springframework/security/spring-security-web/4.2.4.RELEASE/spring-security-web-4.2.4.RELEASE.jar:/home/stbenjam/.m2/repository/org/springframework/boot/spring-boot-starter-mail/1.4.3.RELEASE/spring-boot-starter-mail-1.4.3.RELEASE.jar:/home/stbenjam/.m2/repository/org/springframework/spring-context/4.3.14.RELEASE/spring-context-4.3.14.RELEASE.jar:/home/stbenjam/.m2/repository/com/sun/mail/javax.mail/1.5.6/javax.mail-1.5.6.jar:/home/stbenjam/.m2/repository/com/icegreen/greenmail/1.5.5/greenmail-1.5.5.jar:/home/stbenjam/.m2/repository/org/slf4j/slf4j-api/1.7.25/slf4j-api-1.7.25.jar:/home/stbenjam/.m2/repository/org/springframework/security/spring-security-test/4.2.4.RELEASE/spring-security-test-4.2.4.RELEASE.jar:/home/stbenjam/.m2/repository/org/springframework/security/spring-security-core/4.2.4.RELEASE/spring-security-core-4.2.4.RELEASE.jar:/home/stbenjam/.m2/repository/aopalliance/aopalliance/1.0/aopalliance-1.0.jar:/home/stbenjam/.m2/repository/org/springframework/security/oauth/spring-security-oauth2/2.0.14.RELEASE/spring-security-oauth2-2.0.14.RELEASE.jar:/home/stbenjam/.m2/repository/org/springframework/spring-beans/4.3.14.RELEASE/spring-beans-4.3.14.RELEASE.jar:/home/stbenjam/.m2/repository/commons-codec/commons-codec/1.10/commons-codec-1.10.jar:/home/stbenjam/.m2/repository/org/codehaus/jackson/jackson-mapper-asl/1.9.13/jackson-mapper-asl-1.9.13.jar:/home/stbenjam/.m2/repository/org/codehaus/jackson/jackson-core-asl/1.9.13/jackson-core-asl-1.9.13.jar:/home/stbenjam/.m2/repository/io/springfox/springfox-swagger2/2.8.0/springfox-swagger2-2.8.0.jar:/home/stbenjam/.m2/repository/io/swagger/swagger-annotations/1.5.14/swagger-annotations-1.5.14.jar:/home/stbenjam/.m2/repository/io/swagger/swagger-models/1.5.14/swagger-models-1.5.14.jar:/home/stbenjam/.m2/repository/io/springfox/springfox-spi/2.8.0/springfox-spi-2.8.0.jar:/home/stbenjam/.m2/repository/io/springfox/springfox-core/2.8.0/springfox-core-2.8.0.jar:/home/stbenjam/.m2/repository/net/bytebuddy/byte-buddy/1.7.9/byte-buddy-1.7.9.jar:/home/stbenjam/.m2/repository/io/springfox/springfox-schema/2.8.0/springfox-schema-2.8.0.jar:/home/stbenjam/.m2/repository/io/springfox/springfox-swagger-common/2.8.0/springfox-swagger-common-2.8.0.jar:/home/stbenjam/.m2/repository/io/springfox/springfox-spring-web/2.8.0/springfox-spring-web-2.8.0.jar:/home/stbenjam/.m2/repository/org/reflections/reflections/0.9.11/reflections-0.9.11.jar:/home/stbenjam/.m2/repository/com/fasterxml/classmate/1.3.4/classmate-1.3.4.jar:/home/stbenjam/.m2/repository/org/springframework/plugin/spring-plugin-core/1.2.0.RELEASE/spring-plugin-core-1.2.0.RELEASE.jar:/home/stbenjam/.m2/repository/org/springframework/plugin/spring-plugin-metadata/1.2.0.RELEASE/spring-plugin-metadata-1.2.0.RELEASE.jar:/home/stbenjam/.m2/repository/org/mapstruct/mapstruct/1.2.0.Final/mapstruct-1.2.0.Final.jar:/home/stbenjam/.m2/repository/io/springfox/springfox-swagger-ui/2.8.0/springfox-swagger-ui-2.8.0.jar:/home/stbenjam/.m2/repository/io/springfox/springfox-data-rest/2.8.0/springfox-data-rest-2.8.0.jar:/home/stbenjam/.m2/repository/org/springframework/hateoas/spring-hateoas/0.23.0.RELEASE/spring-hateoas-0.23.0.RELEASE.jar:/home/stbenjam/.m2/repository/org/usb4java/usb4java-javax/1.2.0/usb4java-javax-1.2.0.jar:/home/stbenjam/.m2/repository/javax/usb/usb-api/1.0.2/usb-api-1.0.2.jar:/home/stbenjam/.m2/repository/org/apache/commons/commons-lang3/3.2.1/commons-lang3-3.2.1.jar:/home/stbenjam/.m2/repository/org/usb4java/usb4java/1.2.0/usb4java-1.2.0.jar:/home/stbenjam/.m2/repository/org/usb4java/libusb4java/1.2.0/libusb4java-1.2.0-linux-x86.jar:/home/stbenjam/.m2/repository/org/usb4java/libusb4java/1.2.0/libusb4java-1.2.0-linux-x86_64.jar:/home/stbenjam/.m2/repository/org/usb4java/libusb4java/1.2.0/libusb4java-1.2.0-linux-arm.jar:/home/stbenjam/.m2/repository/org/usb4java/libusb4java/1.2.0/libusb4java-1.2.0-windows-x86.jar:/home/stbenjam/.m2/repository/org/usb4java/libusb4java/1.2.0/libusb4java-1.2.0-windows-x86_64.jar:/home/stbenjam/.m2/repository/org/usb4java/libusb4java/1.2.0/libusb4java-1.2.0-osx-x86.jar:/home/stbenjam/.m2/repository/org/usb4java/libusb4java/1.2.0/libusb4java-1.2.0-osx-x86_64.jar:/home/stbenjam/.m2/repository/org/mockito/mockito-all/1.9.5/mockito-all-1.9.5.jar:/home/stbenjam/.m2/repository/com/fasterxml/jackson/core/jackson-databind/2.5.0/jackson-databind-2.5.0.jar:/home/stbenjam/.m2/repository/com/fasterxml/jackson/core/jackson-core/2.8.10/jackson-core-2.8.10.jar:/home/stbenjam/.m2/repository/com/vaadin/external/google/android-json/0.0.20131108.vaadin1/android-json-0.0.20131108.vaadin1.jar:/home/stbenjam/.m2/repository/com/tngtech/java/junit-dataprovider/1.13.1/junit-dataprovider-1.13.1.jar:/home/stbenjam/.m2/repository/org/springframework/spring-context-support/3.2.0.RELEASE/spring-context-support-3.2.0.RELEASE.jar:, java.specification.name=Java Platform API Specification, java.class.version=52.0, sun.management.compiler=HotSpot 64-Bit Tiered Compilers, os.version=4.14.14-300.fc27.x86_64, user.home=/home/stbenjam, user.timezone=America/New_York, java.awt.printerjob=sun.print.PSPrinterJob, file.encoding=UTF-8, java.specification.version=1.8, java.class.path=/home/stbenjam/git/h2ms/target/test-classes:/home/stbenjam/git/h2ms/target/classes:/home/stbenjam/.m2/repository/org/springframework/boot/spring-boot-starter-data-rest/1.5.10.RELEASE/spring-boot-starter-data-rest-1.5.10.RELEASE.jar:/home/stbenjam/.m2/repository/org/springframework/boot/spring-boot-starter/1.5.10.RELEASE/spring-boot-starter-1.5.10.RELEASE.jar:/home/stbenjam/.m2/repository/org/springframework/boot/spring-boot/1.5.10.RELEASE/spring-boot-1.5.10.RELEASE.jar:/home/stbenjam/.m2/repository/org/springframework/boot/spring-boot-autoconfigure/1.5.10.RELEASE/spring-boot-autoconfigure-1.5.10.RELEASE.jar:/home/stbenjam/.m2/repository/org/springframework/boot/spring-boot-starter-logging/1.5.10.RELEASE/spring-boot-starter-logging-1.5.10.RELEASE.jar:/home/stbenjam/.m2/repository/ch/qos/logback/logback-classic/1.1.11/logback-classic-1.1.11.jar:/home/stbenjam/.m2/repository/ch/qos/logback/logback-core/1.1.11/logback-core-1.1.11.jar:/home/stbenjam/.m2/repository/org/slf4j/jul-to-slf4j/1.7.25/jul-to-slf4j-1.7.25.jar:/home/stbenjam/.m2/repository/org/slf4j/log4j-over-slf4j/1.7.25/log4j-over-slf4j-1.7.25.jar:/home/stbenjam/.m2/repository/org/yaml/snakeyaml/1.17/snakeyaml-1.17.jar:/home/stbenjam/.m2/repository/com/fasterxml/jackson/core/jackson-annotations/2.8.0/jackson-annotations-2.8.0.jar:/home/stbenjam/.m2/repository/org/springframework/data/spring-data-rest-webmvc/2.6.10.RELEASE/spring-data-rest-webmvc-2.6.10.RELEASE.jar:/home/stbenjam/.m2/repository/org/springframework/data/spring-data-rest-core/2.6.10.RELEASE/spring-data-rest-core-2.6.10.RELEASE.jar:/home/stbenjam/.m2/repository/org/atteo/evo-inflector/1.2.2/evo-inflector-1.2.2.jar:/home/stbenjam/.m2/repository/org/slf4j/jcl-over-slf4j/1.7.25/jcl-over-slf4j-1.7.25.jar:/home/stbenjam/.m2/repository/org/springframework/boot/spring-boot-starter-web/1.5.10.RELEASE/spring-boot-starter-web-1.5.10.RELEASE.jar:/home/stbenjam/.m2/repository/org/springframework/boot/spring-boot-starter-tomcat/1.5.10.RELEASE/spring-boot-starter-tomcat-1.5.10.RELEASE.jar:/home/stbenjam/.m2/repository/org/apache/tomcat/embed/tomcat-embed-core/8.5.27/tomcat-embed-core-8.5.27.jar:/home/stbenjam/.m2/repository/org/apache/tomcat/tomcat-annotations-api/8.5.27/tomcat-annotations-api-8.5.27.jar:/home/stbenjam/.m2/repository/org/apache/tomcat/embed/tomcat-embed-el/8.5.27/tomcat-embed-el-8.5.27.jar:/home/stbenjam/.m2/repository/org/apache/tomcat/embed/tomcat-embed-websocket/8.5.27/tomcat-embed-websocket-8.5.27.jar:/home/stbenjam/.m2/repository/org/hibernate/hibernate-validator/5.3.6.Final/hibernate-validator-5.3.6.Final.jar:/home/stbenjam/.m2/repository/javax/validation/validation-api/1.1.0.Final/validation-api-1.1.0.Final.jar:/home/stbenjam/.m2/repository/org/jboss/logging/jboss-logging/3.3.1.Final/jboss-logging-3.3.1.Final.jar:/home/stbenjam/.m2/repository/org/springframework/spring-web/4.3.14.RELEASE/spring-web-4.3.14.RELEASE.jar:/home/stbenjam/.m2/repository/org/springframework/spring-webmvc/4.3.14.RELEASE/spring-webmvc-4.3.14.RELEASE.jar:/home/stbenjam/.m2/repository/org/springframework/spring-expression/4.3.14.RELEASE/spring-expression-4.3.14.RELEASE.jar:/home/stbenjam/.m2/repository/org/springframework/boot/spring-boot-starter-thymeleaf/1.5.10.RELEASE/spring-boot-starter-thymeleaf-1.5.10.RELEASE.jar:/home/stbenjam/.m2/repository/org/thymeleaf/thymeleaf-spring4/2.1.6.RELEASE/thymeleaf-spring4-2.1.6.RELEASE.jar:/home/stbenjam/.m2/repository/org/thymeleaf/thymeleaf/2.1.6.RELEASE/thymeleaf-2.1.6.RELEASE.jar:/home/stbenjam/.m2/repository/ognl/ognl/3.0.8/ognl-3.0.8.jar:/home/stbenjam/.m2/repository/org/unbescape/unbescape/1.1.0.RELEASE/unbescape-1.1.0.RELEASE.jar:/home/stbenjam/.m2/repository/nz/net/ultraq/thymeleaf/thymeleaf-layout-dialect/1.4.0/thymeleaf-layout-dialect-1.4.0.jar:/home/stbenjam/.m2/repository/org/codehaus/groovy/groovy/2.4.13/groovy-2.4.13.jar:/home/stbenjam/.m2/repository/org/springframework/boot/spring-boot-starter-test/1.5.10.RELEASE/spring-boot-starter-test-1.5.10.RELEASE.jar:/home/stbenjam/.m2/repository/org/springframework/boot/spring-boot-test/1.5.10.RELEASE/spring-boot-test-1.5.10.RELEASE.jar:/home/stbenjam/.m2/repository/org/springframework/boot/spring-boot-test-autoconfigure/1.5.10.RELEASE/spring-boot-test-autoconfigure-1.5.10.RELEASE.jar:/home/stbenjam/.m2/repository/com/jayway/jsonpath/json-path/2.2.0/json-path-2.2.0.jar:/home/stbenjam/.m2/repository/net/minidev/json-smart/2.2.1/json-smart-2.2.1.jar:/home/stbenjam/.m2/repository/net/minidev/accessors-smart/1.1/accessors-smart-1.1.jar:/home/stbenjam/.m2/repository/org/ow2/asm/asm/5.0.3/asm-5.0.3.jar:/home/stbenjam/.m2/repository/junit/junit/4.12/junit-4.12.jar:/home/stbenjam/.m2/repository/org/assertj/assertj-core/2.6.0/assertj-core-2.6.0.jar:/home/stbenjam/.m2/repository/org/mockito/mockito-core/1.10.19/mockito-core-1.10.19.jar:/home/stbenjam/.m2/repository/org/objenesis/objenesis/2.1/objenesis-2.1.jar:/home/stbenjam/.m2/repository/org/hamcrest/hamcrest-core/1.3/hamcrest-core-1.3.jar:/home/stbenjam/.m2/repository/org/hamcrest/hamcrest-library/1.3/hamcrest-library-1.3.jar:/home/stbenjam/.m2/repository/org/skyscreamer/jsonassert/1.4.0/jsonassert-1.4.0.jar:/home/stbenjam/.m2/repository/org/springframework/spring-core/4.3.14.RELEASE/spring-core-4.3.14.RELEASE.jar:/home/stbenjam/.m2/repository/org/springframework/spring-test/4.3.14.RELEASE/spring-test-4.3.14.RELEASE.jar:/home/stbenjam/.m2/repository/org/springframework/restdocs/spring-restdocs-mockmvc/1.1.3.RELEASE/spring-restdocs-mockmvc-1.1.3.RELEASE.jar:/home/stbenjam/.m2/repository/org/springframework/restdocs/spring-restdocs-core/1.1.3.RELEASE/spring-restdocs-core-1.1.3.RELEASE.jar:/home/stbenjam/.m2/repository/javax/servlet/javax.servlet-api/3.1.0/javax.servlet-api-3.1.0.jar:/home/stbenjam/.m2/repository/org/springframework/boot/spring-boot-starter-data-jpa/1.5.10.RELEASE/spring-boot-starter-data-jpa-1.5.10.RELEASE.jar:/home/stbenjam/.m2/repository/org/springframework/boot/spring-boot-starter-aop/1.5.10.RELEASE/spring-boot-starter-aop-1.5.10.RELEASE.jar:/home/stbenjam/.m2/repository/org/aspectj/aspectjweaver/1.8.13/aspectjweaver-1.8.13.jar:/home/stbenjam/.m2/repository/org/springframework/boot/spring-boot-starter-jdbc/1.5.10.RELEASE/spring-boot-starter-jdbc-1.5.10.RELEASE.jar:/home/stbenjam/.m2/repository/org/apache/tomcat/tomcat-jdbc/8.5.27/tomcat-jdbc-8.5.27.jar:/home/stbenjam/.m2/repository/org/apache/tomcat/tomcat-juli/8.5.27/tomcat-juli-8.5.27.jar:/home/stbenjam/.m2/repository/org/springframework/spring-jdbc/4.3.14.RELEASE/spring-jdbc-4.3.14.RELEASE.jar:/home/stbenjam/.m2/repository/org/hibernate/hibernate-core/5.0.12.Final/hibernate-core-5.0.12.Final.jar:/home/stbenjam/.m2/repository/org/hibernate/javax/persistence/hibernate-jpa-2.1-api/1.0.0.Final/hibernate-jpa-2.1-api-1.0.0.Final.jar:/home/stbenjam/.m2/repository/org/javassist/javassist/3.21.0-GA/javassist-3.21.0-GA.jar:/home/stbenjam/.m2/repository/antlr/antlr/2.7.7/antlr-2.7.7.jar:/home/stbenjam/.m2/repository/org/jboss/jandex/2.0.0.Final/jandex-2.0.0.Final.jar:/home/stbenjam/.m2/repository/dom4j/dom4j/1.6.1/dom4j-1.6.1.jar:/home/stbenjam/.m2/repository/org/hibernate/common/hibernate-commons-annotations/5.0.1.Final/hibernate-commons-annotations-5.0.1.Final.jar:/home/stbenjam/.m2/repository/org/hibernate/hibernate-entitymanager/5.0.12.Final/hibernate-entitymanager-5.0.12.Final.jar:/home/stbenjam/.m2/repository/javax/transaction/javax.transaction-api/1.2/javax.transaction-api-1.2.jar:/home/stbenjam/.m2/repository/org/springframework/data/spring-data-jpa/1.11.10.RELEASE/spring-data-jpa-1.11.10.RELEASE.jar:/home/stbenjam/.m2/repository/org/springframework/data/spring-data-commons/1.13.10.RELEASE/spring-data-commons-1.13.10.RELEASE.jar:/home/stbenjam/.m2/repository/org/springframework/spring-orm/4.3.14.RELEASE/spring-orm-4.3.14.RELEASE.jar:/home/stbenjam/.m2/repository/org/springframework/spring-tx/4.3.14.RELEASE/spring-tx-4.3.14.RELEASE.jar:/home/stbenjam/.m2/repository/org/springframework/spring-aspects/4.3.14.RELEASE/spring-aspects-4.3.14.RELEASE.jar:/home/stbenjam/.m2/repository/com/h2database/h2/1.4.196/h2-1.4.196.jar:/home/stbenjam/.m2/repository/org/postgresql/postgresql/9.4-1206-jdbc42/postgresql-9.4-1206-jdbc42.jar:/home/stbenjam/.m2/repository/log4j/log4j/1.2.17/log4j-1.2.17.jar:/home/stbenjam/.m2/repository/com/google/guava/guava/19.0/guava-19.0.jar:/home/stbenjam/.m2/repository/javax/mail/mail/1.4/mail-1.4.jar:/home/stbenjam/.m2/repository/javax/activation/activation/1.1/activation-1.1.jar:/home/stbenjam/.m2/repository/org/springframework/boot/spring-boot-starter-security/1.5.10.RELEASE/spring-boot-starter-security-1.5.10.RELEASE.jar:/home/stbenjam/.m2/repository/org/springframework/spring-aop/4.3.14.RELEASE/spring-aop-4.3.14.RELEASE.jar:/home/stbenjam/.m2/repository/org/springframework/security/spring-security-config/4.2.4.RELEASE/spring-security-config-4.2.4.RELEASE.jar:/home/stbenjam/.m2/repository/org/springframework/security/spring-security-web/4.2.4.RELEASE/spring-security-web-4.2.4.RELEASE.jar:/home/stbenjam/.m2/repository/org/springframework/boot/spring-boot-starter-mail/1.4.3.RELEASE/spring-boot-starter-mail-1.4.3.RELEASE.jar:/home/stbenjam/.m2/repository/org/springframework/spring-context/4.3.14.RELEASE/spring-context-4.3.14.RELEASE.jar:/home/stbenjam/.m2/repository/com/sun/mail/javax.mail/1.5.6/javax.mail-1.5.6.jar:/home/stbenjam/.m2/repository/com/icegreen/greenmail/1.5.5/greenmail-1.5.5.jar:/home/stbenjam/.m2/repository/org/slf4j/slf4j-api/1.7.25/slf4j-api-1.7.25.jar:/home/stbenjam/.m2/repository/org/springframework/security/spring-security-test/4.2.4.RELEASE/spring-security-test-4.2.4.RELEASE.jar:/home/stbenjam/.m2/repository/org/springframework/security/spring-security-core/4.2.4.RELEASE/spring-security-core-4.2.4.RELEASE.jar:/home/stbenjam/.m2/repository/aopalliance/aopalliance/1.0/aopalliance-1.0.jar:/home/stbenjam/.m2/repository/org/springframework/security/oauth/spring-security-oauth2/2.0.14.RELEASE/spring-security-oauth2-2.0.14.RELEASE.jar:/home/stbenjam/.m2/repository/org/springframework/spring-beans/4.3.14.RELEASE/spring-beans-4.3.14.RELEASE.jar:/home/stbenjam/.m2/repository/commons-codec/commons-codec/1.10/commons-codec-1.10.jar:/home/stbenjam/.m2/repository/org/codehaus/jackson/jackson-mapper-asl/1.9.13/jackson-mapper-asl-1.9.13.jar:/home/stbenjam/.m2/repository/org/codehaus/jackson/jackson-core-asl/1.9.13/jackson-core-asl-1.9.13.jar:/home/stbenjam/.m2/repository/io/springfox/springfox-swagger2/2.8.0/springfox-swagger2-2.8.0.jar:/home/stbenjam/.m2/repository/io/swagger/swagger-annotations/1.5.14/swagger-annotations-1.5.14.jar:/home/stbenjam/.m2/repository/io/swagger/swagger-models/1.5.14/swagger-models-1.5.14.jar:/home/stbenjam/.m2/repository/io/springfox/springfox-spi/2.8.0/springfox-spi-2.8.0.jar:/home/stbenjam/.m2/repository/io/springfox/springfox-core/2.8.0/springfox-core-2.8.0.jar:/home/stbenjam/.m2/repository/net/bytebuddy/byte-buddy/1.7.9/byte-buddy-1.7.9.jar:/home/stbenjam/.m2/repository/io/springfox/springfox-schema/2.8.0/springfox-schema-2.8.0.jar:/home/stbenjam/.m2/repository/io/springfox/springfox-swagger-common/2.8.0/springfox-swagger-common-2.8.0.jar:/home/stbenjam/.m2/repository/io/springfox/springfox-spring-web/2.8.0/springfox-spring-web-2.8.0.jar:/home/stbenjam/.m2/repository/org/reflections/reflections/0.9.11/reflections-0.9.11.jar:/home/stbenjam/.m2/repository/com/fasterxml/classmate/1.3.4/classmate-1.3.4.jar:/home/stbenjam/.m2/repository/org/springframework/plugin/spring-plugin-core/1.2.0.RELEASE/spring-plugin-core-1.2.0.RELEASE.jar:/home/stbenjam/.m2/repository/org/springframework/plugin/spring-plugin-metadata/1.2.0.RELEASE/spring-plugin-metadata-1.2.0.RELEASE.jar:/home/stbenjam/.m2/repository/org/mapstruct/mapstruct/1.2.0.Final/mapstruct-1.2.0.Final.jar:/home/stbenjam/.m2/repository/io/springfox/springfox-swagger-ui/2.8.0/springfox-swagger-ui-2.8.0.jar:/home/stbenjam/.m2/repository/io/springfox/springfox-data-rest/2.8.0/springfox-data-rest-2.8.0.jar:/home/stbenjam/.m2/repository/org/springframework/hateoas/spring-hateoas/0.23.0.RELEASE/spring-hateoas-0.23.0.RELEASE.jar:/home/stbenjam/.m2/repository/org/usb4java/usb4java-javax/1.2.0/usb4java-javax-1.2.0.jar:/home/stbenjam/.m2/repository/javax/usb/usb-api/1.0.2/usb-api-1.0.2.jar:/home/stbenjam/.m2/repository/org/apache/commons/commons-lang3/3.2.1/commons-lang3-3.2.1.jar:/home/stbenjam/.m2/repository/org/usb4java/usb4java/1.2.0/usb4java-1.2.0.jar:/home/stbenjam/.m2/repository/org/usb4java/libusb4java/1.2.0/libusb4java-1.2.0-linux-x86.jar:/home/stbenjam/.m2/repository/org/usb4java/libusb4java/1.2.0/libusb4java-1.2.0-linux-x86_64.jar:/home/stbenjam/.m2/repository/org/usb4java/libusb4java/1.2.0/libusb4java-1.2.0-linux-arm.jar:/home/stbenjam/.m2/repository/org/usb4java/libusb4java/1.2.0/libusb4java-1.2.0-windows-x86.jar:/home/stbenjam/.m2/repository/org/usb4java/libusb4java/1.2.0/libusb4java-1.2.0-windows-x86_64.jar:/home/stbenjam/.m2/repository/org/usb4java/libusb4java/1.2.0/libusb4java-1.2.0-osx-x86.jar:/home/stbenjam/.m2/repository/org/usb4java/libusb4java/1.2.0/libusb4java-1.2.0-osx-x86_64.jar:/home/stbenjam/.m2/repository/org/mockito/mockito-all/1.9.5/mockito-all-1.9.5.jar:/home/stbenjam/.m2/repository/com/fasterxml/jackson/core/jackson-databind/2.5.0/jackson-databind-2.5.0.jar:/home/stbenjam/.m2/repository/com/fasterxml/jackson/core/jackson-core/2.8.10/jackson-core-2.8.10.jar:/home/stbenjam/.m2/repository/com/vaadin/external/google/android-json/0.0.20131108.vaadin1/android-json-0.0.20131108.vaadin1.jar:/home/stbenjam/.m2/repository/com/tngtech/java/junit-dataprovider/1.13.1/junit-dataprovider-1.13.1.jar:/home/stbenjam/.m2/repository/org/springframework/spring-context-support/3.2.0.RELEASE/spring-context-support-3.2.0.RELEASE.jar:, user.name=stbenjam, java.vm.specification.version=1.8, sun.java.command=/home/stbenjam/git/h2ms/target/surefire/surefirebooter618343035117595110.jar /home/stbenjam/git/h2ms/target/surefire/surefire9035386188001234096tmp /home/stbenjam/git/h2ms/target/surefire/surefire_0343681757683274478tmp, java.home=/usr/lib/jvm/java-1.8.0-openjdk-1.8.0.161-0.b14.fc27.x86_64/jre, sun.arch.data.model=64, user.language=en, java.specification.vendor=Oracle Corporation, awt.toolkit=sun.awt.X11.XToolkit, java.vm.info=mixed mode, java.version=1.8.0_161, java.ext.dirs=/usr/lib/jvm/java-1.8.0-openjdk-1.8.0.161-0.b14.fc27.x86_64/jre/lib/ext:/usr/java/packages/lib/ext, sun.boot.class.path=/usr/lib/jvm/java-1.8.0-openjdk-1.8.0.161-0.b14.fc27.x86_64/jre/lib/resources.jar:/usr/lib/jvm/java-1.8.0-openjdk-1.8.0.161-0.b14.fc27.x86_64/jre/lib/rt.jar:/usr/lib/jvm/java-1.8.0-openjdk-1.8.0.161-0.b14.fc27.x86_64/jre/lib/sunrsasign.jar:/usr/lib/jvm/java-1.8.0-openjdk-1.8.0.161-0.b14.fc27.x86_64/jre/lib/jsse.jar:/usr/lib/jvm/java-1.8.0-openjdk-1.8.0.161-0.b14.fc27.x86_64/jre/lib/jce.jar:/usr/lib/jvm/java-1.8.0-openjdk-1.8.0.161-0.b14.fc27.x86_64/jre/lib/charsets.jar:/usr/lib/jvm/java-1.8.0-openjdk-1.8.0.161-0.b14.fc27.x86_64/jre/lib/jfr.jar:/usr/lib/jvm/java-1.8.0-openjdk-1.8.0.161-0.b14.fc27.x86_64/jre/classes, java.vendor=Oracle Corporation, localRepository=/home/stbenjam/.m2/repository, file.separator=/, java.vendor.url.bug=http://bugreport.sun.com/bugreport/, sun.io.unicode.encoding=UnicodeLittle, sun.cpu.endian=little, sun.desktop=gnome, sun.cpu.isalist=}}, SystemEnvironmentPropertySource@1374066265 {name='systemEnvironment', properties={IRBRC=/home/stbenjam/.rvm/rubies/ruby-2.3.3/.irbrc, PATH=/home/stbenjam/.rvm/gems/ruby-2.3.3/bin:/home/stbenjam/.rvm/gems/ruby-2.3.3@global/bin:/home/stbenjam/.rvm/rubies/ruby-2.3.3/bin:/usr/local/bin:/usr/bin:/bin:/usr/local/sbin:/usr/sbin:/home/stbenjam/.local/bin:/home/stbenjam/bin:/home/stbenjam/.rvm/bin, rvm_silent_flag=, HISTCONTROL=ignoredups, XMODIFIERS=@im=ibus, GDMSESSION=gnome-xorg, rvm_quiet_flag=, GUESTFISH_RESTORE=\e[0m, DBUS_SESSION_BUS_ADDRESS=unix:path=/run/user/1000/bus,guid=0ff0c73f492cc1dc3846ae835aac7cd0, COLORTERM=truecolor, rvm_ruby_make_install=, rvm_niceness=, SESSION_MANAGER=local/unix:@/tmp/.ICE-unix/1818,unix/unix:/tmp/.ICE-unix/1818, USERNAME=stbenjam, rvm_version=1.29.1 (latest), PWD=/home/stbenjam/git/h2ms, MANAGERPID=1759, LESSOPEN=||/usr/bin/lesspipe.sh %s, PAGER=less, QTINC=/usr/lib64/qt-3.3/include, rvm_hook=, rvm_wrapper_name=, MY_RUBY_HOME=/home/stbenjam/.rvm/rubies/ruby-2.3.3, rvm_nightly_flag=, ZSH=/home/stbenjam/.oh-my-zsh, rvm_path=/home/stbenjam/.rvm, GUESTFISH_INIT=\e[1;34m, GNOME_DESKTOP_SESSION_ID=this-is-deprecated, SYSTEMD_NSS_BYPASS_BUS=1, DBUS_STARTER_ADDRESS=unix:path=/run/user/1000/bus,guid=0ff0c73f492cc1dc3846ae835aac7cd0, LC_CTYPE=en_US.UTF-8, SHLVL=2, LOADEDMODULES=, HISTSIZE=10000, JAVA_HOME=/usr/lib/jvm/java-1.8.0-openjdk-1.8.0.161-0.b14.fc27.x86_64, TERM=xterm-256color, XDG_SESSION_ID=2, rvm_script_name=, rvm_ruby_make=, rvm_docs_type=, _=/usr/lib/jvm/java-1.8.0-openjdk-1.8.0.161-0.b14.fc27.x86_64/jre/bin/java, MAVEN_PROJECTBASEDIR=/home/stbenjam/git/h2ms, DESKTOP_SESSION=gnome-xorg, XDG_MENU_PREFIX=gnome-, VTE_VERSION=5002, rvm_alias_expanded=, rvm_ruby_bits=, GEM_PATH=/home/stbenjam/.rvm/gems/ruby-2.3.3:/home/stbenjam/.rvm/gems/ruby-2.3.3@global, TILIX_ID=df6230d2-2679-42ab-bd7f-667d05988153, XAUTHORITY=/run/user/1000/gdm/Xauthority, INVOCATION_ID=2a8a59bd24d3424f8a519125eeaea755, XDG_DATA_DIRS=/home/stbenjam/.local/share/flatpak/exports/share/:/var/lib/flatpak/exports/share/:/usr/local/share/:/usr/share/, MODULEPATH=/etc/scl/modulefiles:/etc/scl/modulefiles:/usr/share/Modules/modulefiles:/etc/modulefiles:/usr/share/modulefiles, rvm_bin_flag=, VAGRANT_DEFAULT_PROVIDER=libvirt, XDG_CURRENT_DESKTOP=GNOME, JOURNAL_STREAM=9:35277, MAIL=/var/spool/mail/stbenjam, rvm_ruby_mode=, LOGNAME=stbenjam, rvm_proxy=, SHELL=/bin/zsh, rvm_sdk=, OLDPWD=/home/stbenjam/git/h2ms, GEM_HOME=/home/stbenjam/.rvm/gems/ruby-2.3.3, rvm_use_flag=, GIT=/bin/git, RUBY_VERSION=ruby-2.3.3, _system_name=Fedora, LESS=-R, XDG_SESSION_DESKTOP=gnome-xorg, LS_COLORS=rs=0:di=38;5;33:ln=38;5;51:mh=00:pi=40;38;5;11:so=38;5;13:do=38;5;5:bd=48;5;232;38;5;11:cd=48;5;232;38;5;3:or=48;5;232;38;5;9:mi=01;05;37;41:su=48;5;196;38;5;15:sg=48;5;11;38;5;16:ca=48;5;196;38;5;226:tw=48;5;10;38;5;16:ow=48;5;10;38;5;21:st=48;5;21;38;5;15:ex=38;5;40:*.tar=38;5;9:*.tgz=38;5;9:*.arc=38;5;9:*.arj=38;5;9:*.taz=38;5;9:*.lha=38;5;9:*.lz4=38;5;9:*.lzh=38;5;9:*.lzma=38;5;9:*.tlz=38;5;9:*.txz=38;5;9:*.tzo=38;5;9:*.t7z=38;5;9:*.zip=38;5;9:*.z=38;5;9:*.Z=38;5;9:*.dz=38;5;9:*.gz=38;5;9:*.lrz=38;5;9:*.lz=38;5;9:*.lzo=38;5;9:*.xz=38;5;9:*.zst=38;5;9:*.tzst=38;5;9:*.bz2=38;5;9:*.bz=38;5;9:*.tbz=38;5;9:*.tbz2=38;5;9:*.tz=38;5;9:*.deb=38;5;9:*.rpm=38;5;9:*.jar=38;5;9:*.war=38;5;9:*.ear=38;5;9:*.sar=38;5;9:*.rar=38;5;9:*.alz=38;5;9:*.ace=38;5;9:*.zoo=38;5;9:*.cpio=38;5;9:*.7z=38;5;9:*.rz=38;5;9:*.cab=38;5;9:*.wim=38;5;9:*.swm=38;5;9:*.dwm=38;5;9:*.esd=38;5;9:*.jpg=38;5;13:*.jpeg=38;5;13:*.mjpg=38;5;13:*.mjpeg=38;5;13:*.gif=38;5;13:*.bmp=38;5;13:*.pbm=38;5;13:*.pgm=38;5;13:*.ppm=38;5;13:*.tga=38;5;13:*.xbm=38;5;13:*.xpm=38;5;13:*.tif=38;5;13:*.tiff=38;5;13:*.png=38;5;13:*.svg=38;5;13:*.svgz=38;5;13:*.mng=38;5;13:*.pcx=38;5;13:*.mov=38;5;13:*.mpg=38;5;13:*.mpeg=38;5;13:*.m2v=38;5;13:*.mkv=38;5;13:*.webm=38;5;13:*.ogm=38;5;13:*.mp4=38;5;13:*.m4v=38;5;13:*.mp4v=38;5;13:*.vob=38;5;13:*.qt=38;5;13:*.nuv=38;5;13:*.wmv=38;5;13:*.asf=38;5;13:*.rm=38;5;13:*.rmvb=38;5;13:*.flc=38;5;13:*.avi=38;5;13:*.fli=38;5;13:*.flv=38;5;13:*.gl=38;5;13:*.dl=38;5;13:*.xcf=38;5;13:*.xwd=38;5;13:*.yuv=38;5;13:*.cgm=38;5;13:*.emf=38;5;13:*.ogv=38;5;13:*.ogx=38;5;13:*.aac=38;5;45:*.au=38;5;45:*.flac=38;5;45:*.m4a=38;5;45:*.mid=38;5;45:*.midi=38;5;45:*.mka=38;5;45:*.mp3=38;5;45:*.mpc=38;5;45:*.ogg=38;5;45:*.ra=38;5;45:*.wav=38;5;45:*.oga=38;5;45:*.opus=38;5;45:*.spx=38;5;45:*.xspf=38;5;45:, rvm_gemstone_package_file=, _system_arch=x86_64, rvm_bin_path=/home/stbenjam/.rvm/bin, QT_IM_MODULE=ibus, rvm_only_path_flag=, rvm_prefix=/home/stbenjam, LANG=en_US.UTF-8, XDG_SESSION_TYPE=x11, DISPLAY=:0, rvm_gemstone_url=, GDM_LANG=en_US.UTF-8, GUESTFISH_PS1=\[\e[1;32m\]><fs>\[\e[0;31m\] , LSCOLORS=Gxfxcxdxbxegedabagacad, _system_type=Linux, _system_version=27, GPG_TTY=/dev/pts/1, USER=stbenjam, rvm_ruby_file=, WINDOWPATH=2, XDG_SEAT=seat0, SSH_AUTH_SOCK=/run/user/1000/keyring/ssh, EDITOR=vim, HOSTNAME=ancient.bitbin.de, MODULESHOME=/usr/share/Modules, QTDIR=/usr/lib64/qt-3.3, XDG_RUNTIME_DIR=/run/user/1000, XDG_VTNR=2, GUESTFISH_OUTPUT=\e[0m, DBUS_STARTER_BUS_TYPE=session, QTLIB=/usr/lib64/qt-3.3/lib, HOME=/home/stbenjam}}]
21:09:27.078 [main] DEBUG org.springframework.core.io.support.PathMatchingResourcePatternResolver - Resolved classpath location [edu/harvard/h2ms/web/init/] to resources [URL [file:/home/stbenjam/git/h2ms/target/test-classes/edu/harvard/h2ms/web/init/]]
21:09:27.078 [main] DEBUG org.springframework.core.io.support.PathMatchingResourcePatternResolver - Looking for matching resources in directory tree [/home/stbenjam/git/h2ms/target/test-classes/edu/harvard/h2ms/web/init]
21:09:27.078 [main] DEBUG org.springframework.core.io.support.PathMatchingResourcePatternResolver - Searching directory [/home/stbenjam/git/h2ms/target/test-classes/edu/harvard/h2ms/web/init] for files matching pattern [/home/stbenjam/git/h2ms/target/test-classes/edu/harvard/h2ms/web/init/*.class]
21:09:27.079 [main] DEBUG org.springframework.core.io.support.PathMatchingResourcePatternResolver - Resolved location pattern [classpath*:edu/harvard/h2ms/web/init/*.class] to resources [file [/home/stbenjam/git/h2ms/target/test-classes/edu/harvard/h2ms/web/init/H2MSRestAppInitializerTests.class], file [/home/stbenjam/git/h2ms/target/test-classes/edu/harvard/h2ms/web/init/OAuthTest.class]]
21:09:27.081 [main] DEBUG org.springframework.core.io.support.PathMatchingResourcePatternResolver - Resolved classpath location [edu/harvard/h2ms/web/] to resources [URL [file:/home/stbenjam/git/h2ms/target/test-classes/edu/harvard/h2ms/web/], URL [file:/home/stbenjam/git/h2ms/target/classes/edu/harvard/h2ms/web/]]
21:09:27.082 [main] DEBUG org.springframework.core.io.support.PathMatchingResourcePatternResolver - Looking for matching resources in directory tree [/home/stbenjam/git/h2ms/target/test-classes/edu/harvard/h2ms/web]
21:09:27.083 [main] DEBUG org.springframework.core.io.support.PathMatchingResourcePatternResolver - Searching directory [/home/stbenjam/git/h2ms/target/test-classes/edu/harvard/h2ms/web] for files matching pattern [/home/stbenjam/git/h2ms/target/test-classes/edu/harvard/h2ms/web/*.class]
21:09:27.085 [main] DEBUG org.springframework.core.io.support.PathMatchingResourcePatternResolver - Looking for matching resources in directory tree [/home/stbenjam/git/h2ms/target/classes/edu/harvard/h2ms/web]
21:09:27.087 [main] DEBUG org.springframework.core.io.support.PathMatchingResourcePatternResolver - Searching directory [/home/stbenjam/git/h2ms/target/classes/edu/harvard/h2ms/web] for files matching pattern [/home/stbenjam/git/h2ms/target/classes/edu/harvard/h2ms/web/*.class]
21:09:27.088 [main] DEBUG org.springframework.core.io.support.PathMatchingResourcePatternResolver - Resolved location pattern [classpath*:edu/harvard/h2ms/web/*.class] to resources []
21:09:27.090 [main] DEBUG org.springframework.core.io.support.PathMatchingResourcePatternResolver - Resolved classpath location [edu/harvard/h2ms/] to resources [URL [file:/home/stbenjam/git/h2ms/target/test-classes/edu/harvard/h2ms/], URL [file:/home/stbenjam/git/h2ms/target/classes/edu/harvard/h2ms/]]
21:09:27.091 [main] DEBUG org.springframework.core.io.support.PathMatchingResourcePatternResolver - Looking for matching resources in directory tree [/home/stbenjam/git/h2ms/target/test-classes/edu/harvard/h2ms]
21:09:27.092 [main] DEBUG org.springframework.core.io.support.PathMatchingResourcePatternResolver - Searching directory [/home/stbenjam/git/h2ms/target/test-classes/edu/harvard/h2ms] for files matching pattern [/home/stbenjam/git/h2ms/target/test-classes/edu/harvard/h2ms/*.class]
21:09:27.094 [main] DEBUG org.springframework.core.io.support.PathMatchingResourcePatternResolver - Looking for matching resources in directory tree [/home/stbenjam/git/h2ms/target/classes/edu/harvard/h2ms]
21:09:27.095 [main] DEBUG org.springframework.core.io.support.PathMatchingResourcePatternResolver - Searching directory [/home/stbenjam/git/h2ms/target/classes/edu/harvard/h2ms] for files matching pattern [/home/stbenjam/git/h2ms/target/classes/edu/harvard/h2ms/*.class]
21:09:27.097 [main] DEBUG org.springframework.core.io.support.PathMatchingResourcePatternResolver - Resolved location pattern [classpath*:edu/harvard/h2ms/*.class] to resources [file [/home/stbenjam/git/h2ms/target/classes/edu/harvard/h2ms/H2MSRestAppInitializer.class]]
21:09:27.104 [main] DEBUG org.springframework.context.annotation.ClassPathScanningCandidateComponentProvider - Identified candidate component class: file [/home/stbenjam/git/h2ms/target/classes/edu/harvard/h2ms/H2MSRestAppInitializer.class]
21:09:27.105 [main] INFO org.springframework.boot.test.context.SpringBootTestContextBootstrapper - Found @SpringBootConfiguration edu.harvard.h2ms.H2MSRestAppInitializer for test class edu.harvard.h2ms.web.init.OAuthTest
21:09:27.106 [main] DEBUG org.springframework.boot.test.context.SpringBootTestContextBootstrapper - @TestExecutionListeners is not present for class [edu.harvard.h2ms.web.init.OAuthTest]: using defaults.
21:09:27.113 [main] INFO org.springframework.boot.test.context.SpringBootTestContextBootstrapper - Loaded default TestExecutionListener class names from location [META-INF/spring.factories]: [org.springframework.boot.test.mock.mockito.MockitoTestExecutionListener, org.springframework.boot.test.mock.mockito.ResetMocksTestExecutionListener, org.springframework.boot.test.autoconfigure.restdocs.RestDocsTestExecutionListener, org.springframework.boot.test.autoconfigure.web.client.MockRestServiceServerResetTestExecutionListener, org.springframework.boot.test.autoconfigure.web.servlet.MockMvcPrintOnlyOnFailureTestExecutionListener, org.springframework.boot.test.autoconfigure.web.servlet.WebDriverTestExecutionListener, org.springframework.test.context.web.ServletTestExecutionListener, org.springframework.test.context.support.DirtiesContextBeforeModesTestExecutionListener, org.springframework.test.context.support.DependencyInjectionTestExecutionListener, org.springframework.test.context.support.DirtiesContextTestExecutionListener, org.springframework.test.context.transaction.TransactionalTestExecutionListener, org.springframework.test.context.jdbc.SqlScriptsTestExecutionListener, org.springframework.security.test.context.support.WithSecurityContextTestExecutionListener]
21:09:27.116 [main] INFO org.springframework.boot.test.context.SpringBootTestContextBootstrapper - Using TestExecutionListeners: [org.springframework.test.context.web.ServletTestExecutionListener@3012646b, org.springframework.test.context.support.DirtiesContextBeforeModesTestExecutionListener@4a883b15, org.springframework.boot.test.autoconfigure.SpringBootDependencyInjectionTestExecutionListener@25641d39, org.springframework.test.context.support.DirtiesContextTestExecutionListener@7b36aa0c, org.springframework.test.context.transaction.TransactionalTestExecutionListener@5824a83d, org.springframework.test.context.jdbc.SqlScriptsTestExecutionListener@537f60bf, org.springframework.security.test.context.support.WithSecurityContextTestExecutionListener@5677323c, org.springframework.boot.test.mock.mockito.MockitoTestExecutionListener@18df8434, org.springframework.boot.test.mock.mockito.ResetMocksTestExecutionListener@65c7a252, org.springframework.boot.test.autoconfigure.restdocs.RestDocsTestExecutionListener@4d154ccd, org.springframework.boot.test.autoconfigure.web.client.MockRestServiceServerResetTestExecutionListener@229c6181, org.springframework.boot.test.autoconfigure.web.servlet.MockMvcPrintOnlyOnFailureTestExecutionListener@4686afc2, org.springframework.boot.test.autoconfigure.web.servlet.WebDriverTestExecutionListener@1e0b4072]
21:09:27.117 [main] DEBUG org.springframework.test.context.junit4.SpringJUnit4ClassRunner - SpringJUnit4ClassRunner constructor called with [class edu.harvard.h2ms.web.init.H2MSRestAppInitializerTests]
21:09:27.117 [main] DEBUG org.springframework.test.context.BootstrapUtils - Instantiating CacheAwareContextLoaderDelegate from class [org.springframework.test.context.cache.DefaultCacheAwareContextLoaderDelegate]
21:09:27.117 [main] DEBUG org.springframework.test.context.BootstrapUtils - Instantiating BootstrapContext using constructor [public org.springframework.test.context.support.DefaultBootstrapContext(java.lang.Class,org.springframework.test.context.CacheAwareContextLoaderDelegate)]
21:09:27.118 [main] DEBUG org.springframework.test.context.BootstrapUtils - Instantiating TestContextBootstrapper for test class [edu.harvard.h2ms.web.init.H2MSRestAppInitializerTests] from class [org.springframework.boot.test.context.SpringBootTestContextBootstrapper]
21:09:27.118 [main] INFO org.springframework.boot.test.context.SpringBootTestContextBootstrapper - Neither @ContextConfiguration nor @ContextHierarchy found for test class [edu.harvard.h2ms.web.init.H2MSRestAppInitializerTests], using SpringBootContextLoader
21:09:27.119 [main] DEBUG org.springframework.test.context.support.AbstractContextLoader - Did not detect default resource location for test class [edu.harvard.h2ms.web.init.H2MSRestAppInitializerTests]: class path resource [edu/harvard/h2ms/web/init/H2MSRestAppInitializerTests-context.xml] does not exist
21:09:27.120 [main] DEBUG org.springframework.test.context.support.AbstractContextLoader - Did not detect default resource location for test class [edu.harvard.h2ms.web.init.H2MSRestAppInitializerTests]: class path resource [edu/harvard/h2ms/web/init/H2MSRestAppInitializerTestsContext.groovy] does not exist
21:09:27.120 [main] INFO org.springframework.test.context.support.AbstractContextLoader - Could not detect default resource locations for test class [edu.harvard.h2ms.web.init.H2MSRestAppInitializerTests]: no resource found for suffixes {-context.xml, Context.groovy}.
21:09:27.120 [main] INFO org.springframework.test.context.support.AnnotationConfigContextLoaderUtils - Could not detect default configuration classes for test class [edu.harvard.h2ms.web.init.H2MSRestAppInitializerTests]: H2MSRestAppInitializerTests does not declare any static, non-private, non-final, nested classes annotated with @Configuration.
21:09:27.123 [main] DEBUG org.springframework.test.context.support.ActiveProfilesUtils - Could not find an 'annotation declaring class' for annotation type [org.springframework.test.context.ActiveProfiles] and class [edu.harvard.h2ms.web.init.H2MSRestAppInitializerTests]
21:09:27.123 [main] DEBUG org.springframework.core.env.StandardEnvironment - Adding PropertySource 'systemProperties' with lowest search precedence
21:09:27.123 [main] DEBUG org.springframework.core.env.StandardEnvironment - Adding PropertySource 'systemEnvironment' with lowest search precedence
21:09:27.124 [main] DEBUG org.springframework.core.env.StandardEnvironment - Initialized StandardEnvironment with PropertySources [MapPropertySource@42544488 {name='systemProperties', properties={java.runtime.name=OpenJDK Runtime Environment, sun.boot.library.path=/usr/lib/jvm/java-1.8.0-openjdk-1.8.0.161-0.b14.fc27.x86_64/jre/lib/amd64, java.vm.version=25.161-b14, java.vm.vendor=Oracle Corporation, java.vendor.url=http://java.oracle.com/, path.separator=:, java.vm.name=OpenJDK 64-Bit Server VM, file.encoding.pkg=sun.io, user.country=US, sun.java.launcher=SUN_STANDARD, sun.os.patch.level=unknown, java.vm.specification.name=Java Virtual Machine Specification, user.dir=/home/stbenjam/git/h2ms, java.runtime.version=1.8.0_161-b14, basedir=/home/stbenjam/git/h2ms, java.awt.graphicsenv=sun.awt.X11GraphicsEnvironment, java.endorsed.dirs=/usr/lib/jvm/java-1.8.0-openjdk-1.8.0.161-0.b14.fc27.x86_64/jre/lib/endorsed, os.arch=amd64, surefire.real.class.path=/home/stbenjam/git/h2ms/target/surefire/surefirebooter618343035117595110.jar, java.io.tmpdir=/tmp, line.separator=
, java.vm.specification.vendor=Oracle Corporation, os.name=Linux, sun.jnu.encoding=UTF-8, java.library.path=/usr/java/packages/lib/amd64:/usr/lib64:/lib64:/lib:/usr/lib, surefire.test.class.path=/home/stbenjam/git/h2ms/target/test-classes:/home/stbenjam/git/h2ms/target/classes:/home/stbenjam/.m2/repository/org/springframework/boot/spring-boot-starter-data-rest/1.5.10.RELEASE/spring-boot-starter-data-rest-1.5.10.RELEASE.jar:/home/stbenjam/.m2/repository/org/springframework/boot/spring-boot-starter/1.5.10.RELEASE/spring-boot-starter-1.5.10.RELEASE.jar:/home/stbenjam/.m2/repository/org/springframework/boot/spring-boot/1.5.10.RELEASE/spring-boot-1.5.10.RELEASE.jar:/home/stbenjam/.m2/repository/org/springframework/boot/spring-boot-autoconfigure/1.5.10.RELEASE/spring-boot-autoconfigure-1.5.10.RELEASE.jar:/home/stbenjam/.m2/repository/org/springframework/boot/spring-boot-starter-logging/1.5.10.RELEASE/spring-boot-starter-logging-1.5.10.RELEASE.jar:/home/stbenjam/.m2/repository/ch/qos/logback/logback-classic/1.1.11/logback-classic-1.1.11.jar:/home/stbenjam/.m2/repository/ch/qos/logback/logback-core/1.1.11/logback-core-1.1.11.jar:/home/stbenjam/.m2/repository/org/slf4j/jul-to-slf4j/1.7.25/jul-to-slf4j-1.7.25.jar:/home/stbenjam/.m2/repository/org/slf4j/log4j-over-slf4j/1.7.25/log4j-over-slf4j-1.7.25.jar:/home/stbenjam/.m2/repository/org/yaml/snakeyaml/1.17/snakeyaml-1.17.jar:/home/stbenjam/.m2/repository/com/fasterxml/jackson/core/jackson-annotations/2.8.0/jackson-annotations-2.8.0.jar:/home/stbenjam/.m2/repository/org/springframework/data/spring-data-rest-webmvc/2.6.10.RELEASE/spring-data-rest-webmvc-2.6.10.RELEASE.jar:/home/stbenjam/.m2/repository/org/springframework/data/spring-data-rest-core/2.6.10.RELEASE/spring-data-rest-core-2.6.10.RELEASE.jar:/home/stbenjam/.m2/repository/org/atteo/evo-inflector/1.2.2/evo-inflector-1.2.2.jar:/home/stbenjam/.m2/repository/org/slf4j/jcl-over-slf4j/1.7.25/jcl-over-slf4j-1.7.25.jar:/home/stbenjam/.m2/repository/org/springframework/boot/spring-boot-starter-web/1.5.10.RELEASE/spring-boot-starter-web-1.5.10.RELEASE.jar:/home/stbenjam/.m2/repository/org/springframework/boot/spring-boot-starter-tomcat/1.5.10.RELEASE/spring-boot-starter-tomcat-1.5.10.RELEASE.jar:/home/stbenjam/.m2/repository/org/apache/tomcat/embed/tomcat-embed-core/8.5.27/tomcat-embed-core-8.5.27.jar:/home/stbenjam/.m2/repository/org/apache/tomcat/tomcat-annotations-api/8.5.27/tomcat-annotations-api-8.5.27.jar:/home/stbenjam/.m2/repository/org/apache/tomcat/embed/tomcat-embed-el/8.5.27/tomcat-embed-el-8.5.27.jar:/home/stbenjam/.m2/repository/org/apache/tomcat/embed/tomcat-embed-websocket/8.5.27/tomcat-embed-websocket-8.5.27.jar:/home/stbenjam/.m2/repository/org/hibernate/hibernate-validator/5.3.6.Final/hibernate-validator-5.3.6.Final.jar:/home/stbenjam/.m2/repository/javax/validation/validation-api/1.1.0.Final/validation-api-1.1.0.Final.jar:/home/stbenjam/.m2/repository/org/jboss/logging/jboss-logging/3.3.1.Final/jboss-logging-3.3.1.Final.jar:/home/stbenjam/.m2/repository/org/springframework/spring-web/4.3.14.RELEASE/spring-web-4.3.14.RELEASE.jar:/home/stbenjam/.m2/repository/org/springframework/spring-webmvc/4.3.14.RELEASE/spring-webmvc-4.3.14.RELEASE.jar:/home/stbenjam/.m2/repository/org/springframework/spring-expression/4.3.14.RELEASE/spring-expression-4.3.14.RELEASE.jar:/home/stbenjam/.m2/repository/org/springframework/boot/spring-boot-starter-thymeleaf/1.5.10.RELEASE/spring-boot-starter-thymeleaf-1.5.10.RELEASE.jar:/home/stbenjam/.m2/repository/org/thymeleaf/thymeleaf-spring4/2.1.6.RELEASE/thymeleaf-spring4-2.1.6.RELEASE.jar:/home/stbenjam/.m2/repository/org/thymeleaf/thymeleaf/2.1.6.RELEASE/thymeleaf-2.1.6.RELEASE.jar:/home/stbenjam/.m2/repository/ognl/ognl/3.0.8/ognl-3.0.8.jar:/home/stbenjam/.m2/repository/org/unbescape/unbescape/1.1.0.RELEASE/unbescape-1.1.0.RELEASE.jar:/home/stbenjam/.m2/repository/nz/net/ultraq/thymeleaf/thymeleaf-layout-dialect/1.4.0/thymeleaf-layout-dialect-1.4.0.jar:/home/stbenjam/.m2/repository/org/codehaus/groovy/groovy/2.4.13/groovy-2.4.13.jar:/home/stbenjam/.m2/repository/org/springframework/boot/spring-boot-starter-test/1.5.10.RELEASE/spring-boot-starter-test-1.5.10.RELEASE.jar:/home/stbenjam/.m2/repository/org/springframework/boot/spring-boot-test/1.5.10.RELEASE/spring-boot-test-1.5.10.RELEASE.jar:/home/stbenjam/.m2/repository/org/springframework/boot/spring-boot-test-autoconfigure/1.5.10.RELEASE/spring-boot-test-autoconfigure-1.5.10.RELEASE.jar:/home/stbenjam/.m2/repository/com/jayway/jsonpath/json-path/2.2.0/json-path-2.2.0.jar:/home/stbenjam/.m2/repository/net/minidev/json-smart/2.2.1/json-smart-2.2.1.jar:/home/stbenjam/.m2/repository/net/minidev/accessors-smart/1.1/accessors-smart-1.1.jar:/home/stbenjam/.m2/repository/org/ow2/asm/asm/5.0.3/asm-5.0.3.jar:/home/stbenjam/.m2/repository/junit/junit/4.12/junit-4.12.jar:/home/stbenjam/.m2/repository/org/assertj/assertj-core/2.6.0/assertj-core-2.6.0.jar:/home/stbenjam/.m2/repository/org/mockito/mockito-core/1.10.19/mockito-core-1.10.19.jar:/home/stbenjam/.m2/repository/org/objenesis/objenesis/2.1/objenesis-2.1.jar:/home/stbenjam/.m2/repository/org/hamcrest/hamcrest-core/1.3/hamcrest-core-1.3.jar:/home/stbenjam/.m2/repository/org/hamcrest/hamcrest-library/1.3/hamcrest-library-1.3.jar:/home/stbenjam/.m2/repository/org/skyscreamer/jsonassert/1.4.0/jsonassert-1.4.0.jar:/home/stbenjam/.m2/repository/org/springframework/spring-core/4.3.14.RELEASE/spring-core-4.3.14.RELEASE.jar:/home/stbenjam/.m2/repository/org/springframework/spring-test/4.3.14.RELEASE/spring-test-4.3.14.RELEASE.jar:/home/stbenjam/.m2/repository/org/springframework/restdocs/spring-restdocs-mockmvc/1.1.3.RELEASE/spring-restdocs-mockmvc-1.1.3.RELEASE.jar:/home/stbenjam/.m2/repository/org/springframework/restdocs/spring-restdocs-core/1.1.3.RELEASE/spring-restdocs-core-1.1.3.RELEASE.jar:/home/stbenjam/.m2/repository/javax/servlet/javax.servlet-api/3.1.0/javax.servlet-api-3.1.0.jar:/home/stbenjam/.m2/repository/org/springframework/boot/spring-boot-starter-data-jpa/1.5.10.RELEASE/spring-boot-starter-data-jpa-1.5.10.RELEASE.jar:/home/stbenjam/.m2/repository/org/springframework/boot/spring-boot-starter-aop/1.5.10.RELEASE/spring-boot-starter-aop-1.5.10.RELEASE.jar:/home/stbenjam/.m2/repository/org/aspectj/aspectjweaver/1.8.13/aspectjweaver-1.8.13.jar:/home/stbenjam/.m2/repository/org/springframework/boot/spring-boot-starter-jdbc/1.5.10.RELEASE/spring-boot-starter-jdbc-1.5.10.RELEASE.jar:/home/stbenjam/.m2/repository/org/apache/tomcat/tomcat-jdbc/8.5.27/tomcat-jdbc-8.5.27.jar:/home/stbenjam/.m2/repository/org/apache/tomcat/tomcat-juli/8.5.27/tomcat-juli-8.5.27.jar:/home/stbenjam/.m2/repository/org/springframework/spring-jdbc/4.3.14.RELEASE/spring-jdbc-4.3.14.RELEASE.jar:/home/stbenjam/.m2/repository/org/hibernate/hibernate-core/5.0.12.Final/hibernate-core-5.0.12.Final.jar:/home/stbenjam/.m2/repository/org/hibernate/javax/persistence/hibernate-jpa-2.1-api/1.0.0.Final/hibernate-jpa-2.1-api-1.0.0.Final.jar:/home/stbenjam/.m2/repository/org/javassist/javassist/3.21.0-GA/javassist-3.21.0-GA.jar:/home/stbenjam/.m2/repository/antlr/antlr/2.7.7/antlr-2.7.7.jar:/home/stbenjam/.m2/repository/org/jboss/jandex/2.0.0.Final/jandex-2.0.0.Final.jar:/home/stbenjam/.m2/repository/dom4j/dom4j/1.6.1/dom4j-1.6.1.jar:/home/stbenjam/.m2/repository/org/hibernate/common/hibernate-commons-annotations/5.0.1.Final/hibernate-commons-annotations-5.0.1.Final.jar:/home/stbenjam/.m2/repository/org/hibernate/hibernate-entitymanager/5.0.12.Final/hibernate-entitymanager-5.0.12.Final.jar:/home/stbenjam/.m2/repository/javax/transaction/javax.transaction-api/1.2/javax.transaction-api-1.2.jar:/home/stbenjam/.m2/repository/org/springframework/data/spring-data-jpa/1.11.10.RELEASE/spring-data-jpa-1.11.10.RELEASE.jar:/home/stbenjam/.m2/repository/org/springframework/data/spring-data-commons/1.13.10.RELEASE/spring-data-commons-1.13.10.RELEASE.jar:/home/stbenjam/.m2/repository/org/springframework/spring-orm/4.3.14.RELEASE/spring-orm-4.3.14.RELEASE.jar:/home/stbenjam/.m2/repository/org/springframework/spring-tx/4.3.14.RELEASE/spring-tx-4.3.14.RELEASE.jar:/home/stbenjam/.m2/repository/org/springframework/spring-aspects/4.3.14.RELEASE/spring-aspects-4.3.14.RELEASE.jar:/home/stbenjam/.m2/repository/com/h2database/h2/1.4.196/h2-1.4.196.jar:/home/stbenjam/.m2/repository/org/postgresql/postgresql/9.4-1206-jdbc42/postgresql-9.4-1206-jdbc42.jar:/home/stbenjam/.m2/repository/log4j/log4j/1.2.17/log4j-1.2.17.jar:/home/stbenjam/.m2/repository/com/google/guava/guava/19.0/guava-19.0.jar:/home/stbenjam/.m2/repository/javax/mail/mail/1.4/mail-1.4.jar:/home/stbenjam/.m2/repository/javax/activation/activation/1.1/activation-1.1.jar:/home/stbenjam/.m2/repository/org/springframework/boot/spring-boot-starter-security/1.5.10.RELEASE/spring-boot-starter-security-1.5.10.RELEASE.jar:/home/stbenjam/.m2/repository/org/springframework/spring-aop/4.3.14.RELEASE/spring-aop-4.3.14.RELEASE.jar:/home/stbenjam/.m2/repository/org/springframework/security/spring-security-config/4.2.4.RELEASE/spring-security-config-4.2.4.RELEASE.jar:/home/stbenjam/.m2/repository/org/springframework/security/spring-security-web/4.2.4.RELEASE/spring-security-web-4.2.4.RELEASE.jar:/home/stbenjam/.m2/repository/org/springframework/boot/spring-boot-starter-mail/1.4.3.RELEASE/spring-boot-starter-mail-1.4.3.RELEASE.jar:/home/stbenjam/.m2/repository/org/springframework/spring-context/4.3.14.RELEASE/spring-context-4.3.14.RELEASE.jar:/home/stbenjam/.m2/repository/com/sun/mail/javax.mail/1.5.6/javax.mail-1.5.6.jar:/home/stbenjam/.m2/repository/com/icegreen/greenmail/1.5.5/greenmail-1.5.5.jar:/home/stbenjam/.m2/repository/org/slf4j/slf4j-api/1.7.25/slf4j-api-1.7.25.jar:/home/stbenjam/.m2/repository/org/springframework/security/spring-security-test/4.2.4.RELEASE/spring-security-test-4.2.4.RELEASE.jar:/home/stbenjam/.m2/repository/org/springframework/security/spring-security-core/4.2.4.RELEASE/spring-security-core-4.2.4.RELEASE.jar:/home/stbenjam/.m2/repository/aopalliance/aopalliance/1.0/aopalliance-1.0.jar:/home/stbenjam/.m2/repository/org/springframework/security/oauth/spring-security-oauth2/2.0.14.RELEASE/spring-security-oauth2-2.0.14.RELEASE.jar:/home/stbenjam/.m2/repository/org/springframework/spring-beans/4.3.14.RELEASE/spring-beans-4.3.14.RELEASE.jar:/home/stbenjam/.m2/repository/commons-codec/commons-codec/1.10/commons-codec-1.10.jar:/home/stbenjam/.m2/repository/org/codehaus/jackson/jackson-mapper-asl/1.9.13/jackson-mapper-asl-1.9.13.jar:/home/stbenjam/.m2/repository/org/codehaus/jackson/jackson-core-asl/1.9.13/jackson-core-asl-1.9.13.jar:/home/stbenjam/.m2/repository/io/springfox/springfox-swagger2/2.8.0/springfox-swagger2-2.8.0.jar:/home/stbenjam/.m2/repository/io/swagger/swagger-annotations/1.5.14/swagger-annotations-1.5.14.jar:/home/stbenjam/.m2/repository/io/swagger/swagger-models/1.5.14/swagger-models-1.5.14.jar:/home/stbenjam/.m2/repository/io/springfox/springfox-spi/2.8.0/springfox-spi-2.8.0.jar:/home/stbenjam/.m2/repository/io/springfox/springfox-core/2.8.0/springfox-core-2.8.0.jar:/home/stbenjam/.m2/repository/net/bytebuddy/byte-buddy/1.7.9/byte-buddy-1.7.9.jar:/home/stbenjam/.m2/repository/io/springfox/springfox-schema/2.8.0/springfox-schema-2.8.0.jar:/home/stbenjam/.m2/repository/io/springfox/springfox-swagger-common/2.8.0/springfox-swagger-common-2.8.0.jar:/home/stbenjam/.m2/repository/io/springfox/springfox-spring-web/2.8.0/springfox-spring-web-2.8.0.jar:/home/stbenjam/.m2/repository/org/reflections/reflections/0.9.11/reflections-0.9.11.jar:/home/stbenjam/.m2/repository/com/fasterxml/classmate/1.3.4/classmate-1.3.4.jar:/home/stbenjam/.m2/repository/org/springframework/plugin/spring-plugin-core/1.2.0.RELEASE/spring-plugin-core-1.2.0.RELEASE.jar:/home/stbenjam/.m2/repository/org/springframework/plugin/spring-plugin-metadata/1.2.0.RELEASE/spring-plugin-metadata-1.2.0.RELEASE.jar:/home/stbenjam/.m2/repository/org/mapstruct/mapstruct/1.2.0.Final/mapstruct-1.2.0.Final.jar:/home/stbenjam/.m2/repository/io/springfox/springfox-swagger-ui/2.8.0/springfox-swagger-ui-2.8.0.jar:/home/stbenjam/.m2/repository/io/springfox/springfox-data-rest/2.8.0/springfox-data-rest-2.8.0.jar:/home/stbenjam/.m2/repository/org/springframework/hateoas/spring-hateoas/0.23.0.RELEASE/spring-hateoas-0.23.0.RELEASE.jar:/home/stbenjam/.m2/repository/org/usb4java/usb4java-javax/1.2.0/usb4java-javax-1.2.0.jar:/home/stbenjam/.m2/repository/javax/usb/usb-api/1.0.2/usb-api-1.0.2.jar:/home/stbenjam/.m2/repository/org/apache/commons/commons-lang3/3.2.1/commons-lang3-3.2.1.jar:/home/stbenjam/.m2/repository/org/usb4java/usb4java/1.2.0/usb4java-1.2.0.jar:/home/stbenjam/.m2/repository/org/usb4java/libusb4java/1.2.0/libusb4java-1.2.0-linux-x86.jar:/home/stbenjam/.m2/repository/org/usb4java/libusb4java/1.2.0/libusb4java-1.2.0-linux-x86_64.jar:/home/stbenjam/.m2/repository/org/usb4java/libusb4java/1.2.0/libusb4java-1.2.0-linux-arm.jar:/home/stbenjam/.m2/repository/org/usb4java/libusb4java/1.2.0/libusb4java-1.2.0-windows-x86.jar:/home/stbenjam/.m2/repository/org/usb4java/libusb4java/1.2.0/libusb4java-1.2.0-windows-x86_64.jar:/home/stbenjam/.m2/repository/org/usb4java/libusb4java/1.2.0/libusb4java-1.2.0-osx-x86.jar:/home/stbenjam/.m2/repository/org/usb4java/libusb4java/1.2.0/libusb4java-1.2.0-osx-x86_64.jar:/home/stbenjam/.m2/repository/org/mockito/mockito-all/1.9.5/mockito-all-1.9.5.jar:/home/stbenjam/.m2/repository/com/fasterxml/jackson/core/jackson-databind/2.5.0/jackson-databind-2.5.0.jar:/home/stbenjam/.m2/repository/com/fasterxml/jackson/core/jackson-core/2.8.10/jackson-core-2.8.10.jar:/home/stbenjam/.m2/repository/com/vaadin/external/google/android-json/0.0.20131108.vaadin1/android-json-0.0.20131108.vaadin1.jar:/home/stbenjam/.m2/repository/com/tngtech/java/junit-dataprovider/1.13.1/junit-dataprovider-1.13.1.jar:/home/stbenjam/.m2/repository/org/springframework/spring-context-support/3.2.0.RELEASE/spring-context-support-3.2.0.RELEASE.jar:, java.specification.name=Java Platform API Specification, java.class.version=52.0, sun.management.compiler=HotSpot 64-Bit Tiered Compilers, os.version=4.14.14-300.fc27.x86_64, user.home=/home/stbenjam, user.timezone=America/New_York, java.awt.printerjob=sun.print.PSPrinterJob, file.encoding=UTF-8, java.specification.version=1.8, java.class.path=/home/stbenjam/git/h2ms/target/test-classes:/home/stbenjam/git/h2ms/target/classes:/home/stbenjam/.m2/repository/org/springframework/boot/spring-boot-starter-data-rest/1.5.10.RELEASE/spring-boot-starter-data-rest-1.5.10.RELEASE.jar:/home/stbenjam/.m2/repository/org/springframework/boot/spring-boot-starter/1.5.10.RELEASE/spring-boot-starter-1.5.10.RELEASE.jar:/home/stbenjam/.m2/repository/org/springframework/boot/spring-boot/1.5.10.RELEASE/spring-boot-1.5.10.RELEASE.jar:/home/stbenjam/.m2/repository/org/springframework/boot/spring-boot-autoconfigure/1.5.10.RELEASE/spring-boot-autoconfigure-1.5.10.RELEASE.jar:/home/stbenjam/.m2/repository/org/springframework/boot/spring-boot-starter-logging/1.5.10.RELEASE/spring-boot-starter-logging-1.5.10.RELEASE.jar:/home/stbenjam/.m2/repository/ch/qos/logback/logback-classic/1.1.11/logback-classic-1.1.11.jar:/home/stbenjam/.m2/repository/ch/qos/logback/logback-core/1.1.11/logback-core-1.1.11.jar:/home/stbenjam/.m2/repository/org/slf4j/jul-to-slf4j/1.7.25/jul-to-slf4j-1.7.25.jar:/home/stbenjam/.m2/repository/org/slf4j/log4j-over-slf4j/1.7.25/log4j-over-slf4j-1.7.25.jar:/home/stbenjam/.m2/repository/org/yaml/snakeyaml/1.17/snakeyaml-1.17.jar:/home/stbenjam/.m2/repository/com/fasterxml/jackson/core/jackson-annotations/2.8.0/jackson-annotations-2.8.0.jar:/home/stbenjam/.m2/repository/org/springframework/data/spring-data-rest-webmvc/2.6.10.RELEASE/spring-data-rest-webmvc-2.6.10.RELEASE.jar:/home/stbenjam/.m2/repository/org/springframework/data/spring-data-rest-core/2.6.10.RELEASE/spring-data-rest-core-2.6.10.RELEASE.jar:/home/stbenjam/.m2/repository/org/atteo/evo-inflector/1.2.2/evo-inflector-1.2.2.jar:/home/stbenjam/.m2/repository/org/slf4j/jcl-over-slf4j/1.7.25/jcl-over-slf4j-1.7.25.jar:/home/stbenjam/.m2/repository/org/springframework/boot/spring-boot-starter-web/1.5.10.RELEASE/spring-boot-starter-web-1.5.10.RELEASE.jar:/home/stbenjam/.m2/repository/org/springframework/boot/spring-boot-starter-tomcat/1.5.10.RELEASE/spring-boot-starter-tomcat-1.5.10.RELEASE.jar:/home/stbenjam/.m2/repository/org/apache/tomcat/embed/tomcat-embed-core/8.5.27/tomcat-embed-core-8.5.27.jar:/home/stbenjam/.m2/repository/org/apache/tomcat/tomcat-annotations-api/8.5.27/tomcat-annotations-api-8.5.27.jar:/home/stbenjam/.m2/repository/org/apache/tomcat/embed/tomcat-embed-el/8.5.27/tomcat-embed-el-8.5.27.jar:/home/stbenjam/.m2/repository/org/apache/tomcat/embed/tomcat-embed-websocket/8.5.27/tomcat-embed-websocket-8.5.27.jar:/home/stbenjam/.m2/repository/org/hibernate/hibernate-validator/5.3.6.Final/hibernate-validator-5.3.6.Final.jar:/home/stbenjam/.m2/repository/javax/validation/validation-api/1.1.0.Final/validation-api-1.1.0.Final.jar:/home/stbenjam/.m2/repository/org/jboss/logging/jboss-logging/3.3.1.Final/jboss-logging-3.3.1.Final.jar:/home/stbenjam/.m2/repository/org/springframework/spring-web/4.3.14.RELEASE/spring-web-4.3.14.RELEASE.jar:/home/stbenjam/.m2/repository/org/springframework/spring-webmvc/4.3.14.RELEASE/spring-webmvc-4.3.14.RELEASE.jar:/home/stbenjam/.m2/repository/org/springframework/spring-expression/4.3.14.RELEASE/spring-expression-4.3.14.RELEASE.jar:/home/stbenjam/.m2/repository/org/springframework/boot/spring-boot-starter-thymeleaf/1.5.10.RELEASE/spring-boot-starter-thymeleaf-1.5.10.RELEASE.jar:/home/stbenjam/.m2/repository/org/thymeleaf/thymeleaf-spring4/2.1.6.RELEASE/thymeleaf-spring4-2.1.6.RELEASE.jar:/home/stbenjam/.m2/repository/org/thymeleaf/thymeleaf/2.1.6.RELEASE/thymeleaf-2.1.6.RELEASE.jar:/home/stbenjam/.m2/repository/ognl/ognl/3.0.8/ognl-3.0.8.jar:/home/stbenjam/.m2/repository/org/unbescape/unbescape/1.1.0.RELEASE/unbescape-1.1.0.RELEASE.jar:/home/stbenjam/.m2/repository/nz/net/ultraq/thymeleaf/thymeleaf-layout-dialect/1.4.0/thymeleaf-layout-dialect-1.4.0.jar:/home/stbenjam/.m2/repository/org/codehaus/groovy/groovy/2.4.13/groovy-2.4.13.jar:/home/stbenjam/.m2/repository/org/springframework/boot/spring-boot-starter-test/1.5.10.RELEASE/spring-boot-starter-test-1.5.10.RELEASE.jar:/home/stbenjam/.m2/repository/org/springframework/boot/spring-boot-test/1.5.10.RELEASE/spring-boot-test-1.5.10.RELEASE.jar:/home/stbenjam/.m2/repository/org/springframework/boot/spring-boot-test-autoconfigure/1.5.10.RELEASE/spring-boot-test-autoconfigure-1.5.10.RELEASE.jar:/home/stbenjam/.m2/repository/com/jayway/jsonpath/json-path/2.2.0/json-path-2.2.0.jar:/home/stbenjam/.m2/repository/net/minidev/json-smart/2.2.1/json-smart-2.2.1.jar:/home/stbenjam/.m2/repository/net/minidev/accessors-smart/1.1/accessors-smart-1.1.jar:/home/stbenjam/.m2/repository/org/ow2/asm/asm/5.0.3/asm-5.0.3.jar:/home/stbenjam/.m2/repository/junit/junit/4.12/junit-4.12.jar:/home/stbenjam/.m2/repository/org/assertj/assertj-core/2.6.0/assertj-core-2.6.0.jar:/home/stbenjam/.m2/repository/org/mockito/mockito-core/1.10.19/mockito-core-1.10.19.jar:/home/stbenjam/.m2/repository/org/objenesis/objenesis/2.1/objenesis-2.1.jar:/home/stbenjam/.m2/repository/org/hamcrest/hamcrest-core/1.3/hamcrest-core-1.3.jar:/home/stbenjam/.m2/repository/org/hamcrest/hamcrest-library/1.3/hamcrest-library-1.3.jar:/home/stbenjam/.m2/repository/org/skyscreamer/jsonassert/1.4.0/jsonassert-1.4.0.jar:/home/stbenjam/.m2/repository/org/springframework/spring-core/4.3.14.RELEASE/spring-core-4.3.14.RELEASE.jar:/home/stbenjam/.m2/repository/org/springframework/spring-test/4.3.14.RELEASE/spring-test-4.3.14.RELEASE.jar:/home/stbenjam/.m2/repository/org/springframework/restdocs/spring-restdocs-mockmvc/1.1.3.RELEASE/spring-restdocs-mockmvc-1.1.3.RELEASE.jar:/home/stbenjam/.m2/repository/org/springframework/restdocs/spring-restdocs-core/1.1.3.RELEASE/spring-restdocs-core-1.1.3.RELEASE.jar:/home/stbenjam/.m2/repository/javax/servlet/javax.servlet-api/3.1.0/javax.servlet-api-3.1.0.jar:/home/stbenjam/.m2/repository/org/springframework/boot/spring-boot-starter-data-jpa/1.5.10.RELEASE/spring-boot-starter-data-jpa-1.5.10.RELEASE.jar:/home/stbenjam/.m2/repository/org/springframework/boot/spring-boot-starter-aop/1.5.10.RELEASE/spring-boot-starter-aop-1.5.10.RELEASE.jar:/home/stbenjam/.m2/repository/org/aspectj/aspectjweaver/1.8.13/aspectjweaver-1.8.13.jar:/home/stbenjam/.m2/repository/org/springframework/boot/spring-boot-starter-jdbc/1.5.10.RELEASE/spring-boot-starter-jdbc-1.5.10.RELEASE.jar:/home/stbenjam/.m2/repository/org/apache/tomcat/tomcat-jdbc/8.5.27/tomcat-jdbc-8.5.27.jar:/home/stbenjam/.m2/repository/org/apache/tomcat/tomcat-juli/8.5.27/tomcat-juli-8.5.27.jar:/home/stbenjam/.m2/repository/org/springframework/spring-jdbc/4.3.14.RELEASE/spring-jdbc-4.3.14.RELEASE.jar:/home/stbenjam/.m2/repository/org/hibernate/hibernate-core/5.0.12.Final/hibernate-core-5.0.12.Final.jar:/home/stbenjam/.m2/repository/org/hibernate/javax/persistence/hibernate-jpa-2.1-api/1.0.0.Final/hibernate-jpa-2.1-api-1.0.0.Final.jar:/home/stbenjam/.m2/repository/org/javassist/javassist/3.21.0-GA/javassist-3.21.0-GA.jar:/home/stbenjam/.m2/repository/antlr/antlr/2.7.7/antlr-2.7.7.jar:/home/stbenjam/.m2/repository/org/jboss/jandex/2.0.0.Final/jandex-2.0.0.Final.jar:/home/stbenjam/.m2/repository/dom4j/dom4j/1.6.1/dom4j-1.6.1.jar:/home/stbenjam/.m2/repository/org/hibernate/common/hibernate-commons-annotations/5.0.1.Final/hibernate-commons-annotations-5.0.1.Final.jar:/home/stbenjam/.m2/repository/org/hibernate/hibernate-entitymanager/5.0.12.Final/hibernate-entitymanager-5.0.12.Final.jar:/home/stbenjam/.m2/repository/javax/transaction/javax.transaction-api/1.2/javax.transaction-api-1.2.jar:/home/stbenjam/.m2/repository/org/springframework/data/spring-data-jpa/1.11.10.RELEASE/spring-data-jpa-1.11.10.RELEASE.jar:/home/stbenjam/.m2/repository/org/springframework/data/spring-data-commons/1.13.10.RELEASE/spring-data-commons-1.13.10.RELEASE.jar:/home/stbenjam/.m2/repository/org/springframework/spring-orm/4.3.14.RELEASE/spring-orm-4.3.14.RELEASE.jar:/home/stbenjam/.m2/repository/org/springframework/spring-tx/4.3.14.RELEASE/spring-tx-4.3.14.RELEASE.jar:/home/stbenjam/.m2/repository/org/springframework/spring-aspects/4.3.14.RELEASE/spring-aspects-4.3.14.RELEASE.jar:/home/stbenjam/.m2/repository/com/h2database/h2/1.4.196/h2-1.4.196.jar:/home/stbenjam/.m2/repository/org/postgresql/postgresql/9.4-1206-jdbc42/postgresql-9.4-1206-jdbc42.jar:/home/stbenjam/.m2/repository/log4j/log4j/1.2.17/log4j-1.2.17.jar:/home/stbenjam/.m2/repository/com/google/guava/guava/19.0/guava-19.0.jar:/home/stbenjam/.m2/repository/javax/mail/mail/1.4/mail-1.4.jar:/home/stbenjam/.m2/repository/javax/activation/activation/1.1/activation-1.1.jar:/home/stbenjam/.m2/repository/org/springframework/boot/spring-boot-starter-security/1.5.10.RELEASE/spring-boot-starter-security-1.5.10.RELEASE.jar:/home/stbenjam/.m2/repository/org/springframework/spring-aop/4.3.14.RELEASE/spring-aop-4.3.14.RELEASE.jar:/home/stbenjam/.m2/repository/org/springframework/security/spring-security-config/4.2.4.RELEASE/spring-security-config-4.2.4.RELEASE.jar:/home/stbenjam/.m2/repository/org/springframework/security/spring-security-web/4.2.4.RELEASE/spring-security-web-4.2.4.RELEASE.jar:/home/stbenjam/.m2/repository/org/springframework/boot/spring-boot-starter-mail/1.4.3.RELEASE/spring-boot-starter-mail-1.4.3.RELEASE.jar:/home/stbenjam/.m2/repository/org/springframework/spring-context/4.3.14.RELEASE/spring-context-4.3.14.RELEASE.jar:/home/stbenjam/.m2/repository/com/sun/mail/javax.mail/1.5.6/javax.mail-1.5.6.jar:/home/stbenjam/.m2/repository/com/icegreen/greenmail/1.5.5/greenmail-1.5.5.jar:/home/stbenjam/.m2/repository/org/slf4j/slf4j-api/1.7.25/slf4j-api-1.7.25.jar:/home/stbenjam/.m2/repository/org/springframework/security/spring-security-test/4.2.4.RELEASE/spring-security-test-4.2.4.RELEASE.jar:/home/stbenjam/.m2/repository/org/springframework/security/spring-security-core/4.2.4.RELEASE/spring-security-core-4.2.4.RELEASE.jar:/home/stbenjam/.m2/repository/aopalliance/aopalliance/1.0/aopalliance-1.0.jar:/home/stbenjam/.m2/repository/org/springframework/security/oauth/spring-security-oauth2/2.0.14.RELEASE/spring-security-oauth2-2.0.14.RELEASE.jar:/home/stbenjam/.m2/repository/org/springframework/spring-beans/4.3.14.RELEASE/spring-beans-4.3.14.RELEASE.jar:/home/stbenjam/.m2/repository/commons-codec/commons-codec/1.10/commons-codec-1.10.jar:/home/stbenjam/.m2/repository/org/codehaus/jackson/jackson-mapper-asl/1.9.13/jackson-mapper-asl-1.9.13.jar:/home/stbenjam/.m2/repository/org/codehaus/jackson/jackson-core-asl/1.9.13/jackson-core-asl-1.9.13.jar:/home/stbenjam/.m2/repository/io/springfox/springfox-swagger2/2.8.0/springfox-swagger2-2.8.0.jar:/home/stbenjam/.m2/repository/io/swagger/swagger-annotations/1.5.14/swagger-annotations-1.5.14.jar:/home/stbenjam/.m2/repository/io/swagger/swagger-models/1.5.14/swagger-models-1.5.14.jar:/home/stbenjam/.m2/repository/io/springfox/springfox-spi/2.8.0/springfox-spi-2.8.0.jar:/home/stbenjam/.m2/repository/io/springfox/springfox-core/2.8.0/springfox-core-2.8.0.jar:/home/stbenjam/.m2/repository/net/bytebuddy/byte-buddy/1.7.9/byte-buddy-1.7.9.jar:/home/stbenjam/.m2/repository/io/springfox/springfox-schema/2.8.0/springfox-schema-2.8.0.jar:/home/stbenjam/.m2/repository/io/springfox/springfox-swagger-common/2.8.0/springfox-swagger-common-2.8.0.jar:/home/stbenjam/.m2/repository/io/springfox/springfox-spring-web/2.8.0/springfox-spring-web-2.8.0.jar:/home/stbenjam/.m2/repository/org/reflections/reflections/0.9.11/reflections-0.9.11.jar:/home/stbenjam/.m2/repository/com/fasterxml/classmate/1.3.4/classmate-1.3.4.jar:/home/stbenjam/.m2/repository/org/springframework/plugin/spring-plugin-core/1.2.0.RELEASE/spring-plugin-core-1.2.0.RELEASE.jar:/home/stbenjam/.m2/repository/org/springframework/plugin/spring-plugin-metadata/1.2.0.RELEASE/spring-plugin-metadata-1.2.0.RELEASE.jar:/home/stbenjam/.m2/repository/org/mapstruct/mapstruct/1.2.0.Final/mapstruct-1.2.0.Final.jar:/home/stbenjam/.m2/repository/io/springfox/springfox-swagger-ui/2.8.0/springfox-swagger-ui-2.8.0.jar:/home/stbenjam/.m2/repository/io/springfox/springfox-data-rest/2.8.0/springfox-data-rest-2.8.0.jar:/home/stbenjam/.m2/repository/org/springframework/hateoas/spring-hateoas/0.23.0.RELEASE/spring-hateoas-0.23.0.RELEASE.jar:/home/stbenjam/.m2/repository/org/usb4java/usb4java-javax/1.2.0/usb4java-javax-1.2.0.jar:/home/stbenjam/.m2/repository/javax/usb/usb-api/1.0.2/usb-api-1.0.2.jar:/home/stbenjam/.m2/repository/org/apache/commons/commons-lang3/3.2.1/commons-lang3-3.2.1.jar:/home/stbenjam/.m2/repository/org/usb4java/usb4java/1.2.0/usb4java-1.2.0.jar:/home/stbenjam/.m2/repository/org/usb4java/libusb4java/1.2.0/libusb4java-1.2.0-linux-x86.jar:/home/stbenjam/.m2/repository/org/usb4java/libusb4java/1.2.0/libusb4java-1.2.0-linux-x86_64.jar:/home/stbenjam/.m2/repository/org/usb4java/libusb4java/1.2.0/libusb4java-1.2.0-linux-arm.jar:/home/stbenjam/.m2/repository/org/usb4java/libusb4java/1.2.0/libusb4java-1.2.0-windows-x86.jar:/home/stbenjam/.m2/repository/org/usb4java/libusb4java/1.2.0/libusb4java-1.2.0-windows-x86_64.jar:/home/stbenjam/.m2/repository/org/usb4java/libusb4java/1.2.0/libusb4java-1.2.0-osx-x86.jar:/home/stbenjam/.m2/repository/org/usb4java/libusb4java/1.2.0/libusb4java-1.2.0-osx-x86_64.jar:/home/stbenjam/.m2/repository/org/mockito/mockito-all/1.9.5/mockito-all-1.9.5.jar:/home/stbenjam/.m2/repository/com/fasterxml/jackson/core/jackson-databind/2.5.0/jackson-databind-2.5.0.jar:/home/stbenjam/.m2/repository/com/fasterxml/jackson/core/jackson-core/2.8.10/jackson-core-2.8.10.jar:/home/stbenjam/.m2/repository/com/vaadin/external/google/android-json/0.0.20131108.vaadin1/android-json-0.0.20131108.vaadin1.jar:/home/stbenjam/.m2/repository/com/tngtech/java/junit-dataprovider/1.13.1/junit-dataprovider-1.13.1.jar:/home/stbenjam/.m2/repository/org/springframework/spring-context-support/3.2.0.RELEASE/spring-context-support-3.2.0.RELEASE.jar:, user.name=stbenjam, java.vm.specification.version=1.8, sun.java.command=/home/stbenjam/git/h2ms/target/surefire/surefirebooter618343035117595110.jar /home/stbenjam/git/h2ms/target/surefire/surefire9035386188001234096tmp /home/stbenjam/git/h2ms/target/surefire/surefire_0343681757683274478tmp, java.home=/usr/lib/jvm/java-1.8.0-openjdk-1.8.0.161-0.b14.fc27.x86_64/jre, sun.arch.data.model=64, user.language=en, java.specification.vendor=Oracle Corporation, awt.toolkit=sun.awt.X11.XToolkit, java.vm.info=mixed mode, java.version=1.8.0_161, java.ext.dirs=/usr/lib/jvm/java-1.8.0-openjdk-1.8.0.161-0.b14.fc27.x86_64/jre/lib/ext:/usr/java/packages/lib/ext, sun.boot.class.path=/usr/lib/jvm/java-1.8.0-openjdk-1.8.0.161-0.b14.fc27.x86_64/jre/lib/resources.jar:/usr/lib/jvm/java-1.8.0-openjdk-1.8.0.161-0.b14.fc27.x86_64/jre/lib/rt.jar:/usr/lib/jvm/java-1.8.0-openjdk-1.8.0.161-0.b14.fc27.x86_64/jre/lib/sunrsasign.jar:/usr/lib/jvm/java-1.8.0-openjdk-1.8.0.161-0.b14.fc27.x86_64/jre/lib/jsse.jar:/usr/lib/jvm/java-1.8.0-openjdk-1.8.0.161-0.b14.fc27.x86_64/jre/lib/jce.jar:/usr/lib/jvm/java-1.8.0-openjdk-1.8.0.161-0.b14.fc27.x86_64/jre/lib/charsets.jar:/usr/lib/jvm/java-1.8.0-openjdk-1.8.0.161-0.b14.fc27.x86_64/jre/lib/jfr.jar:/usr/lib/jvm/java-1.8.0-openjdk-1.8.0.161-0.b14.fc27.x86_64/jre/classes, java.vendor=Oracle Corporation, localRepository=/home/stbenjam/.m2/repository, file.separator=/, java.vendor.url.bug=http://bugreport.sun.com/bugreport/, sun.io.unicode.encoding=UnicodeLittle, sun.cpu.endian=little, sun.desktop=gnome, sun.cpu.isalist=}}, SystemEnvironmentPropertySource@1522095831 {name='systemEnvironment', properties={IRBRC=/home/stbenjam/.rvm/rubies/ruby-2.3.3/.irbrc, PATH=/home/stbenjam/.rvm/gems/ruby-2.3.3/bin:/home/stbenjam/.rvm/gems/ruby-2.3.3@global/bin:/home/stbenjam/.rvm/rubies/ruby-2.3.3/bin:/usr/local/bin:/usr/bin:/bin:/usr/local/sbin:/usr/sbin:/home/stbenjam/.local/bin:/home/stbenjam/bin:/home/stbenjam/.rvm/bin, rvm_silent_flag=, HISTCONTROL=ignoredups, XMODIFIERS=@im=ibus, GDMSESSION=gnome-xorg, rvm_quiet_flag=, GUESTFISH_RESTORE=\e[0m, DBUS_SESSION_BUS_ADDRESS=unix:path=/run/user/1000/bus,guid=0ff0c73f492cc1dc3846ae835aac7cd0, COLORTERM=truecolor, rvm_ruby_make_install=, rvm_niceness=, SESSION_MANAGER=local/unix:@/tmp/.ICE-unix/1818,unix/unix:/tmp/.ICE-unix/1818, USERNAME=stbenjam, rvm_version=1.29.1 (latest), PWD=/home/stbenjam/git/h2ms, MANAGERPID=1759, LESSOPEN=||/usr/bin/lesspipe.sh %s, PAGER=less, QTINC=/usr/lib64/qt-3.3/include, rvm_hook=, rvm_wrapper_name=, MY_RUBY_HOME=/home/stbenjam/.rvm/rubies/ruby-2.3.3, rvm_nightly_flag=, ZSH=/home/stbenjam/.oh-my-zsh, rvm_path=/home/stbenjam/.rvm, GUESTFISH_INIT=\e[1;34m, GNOME_DESKTOP_SESSION_ID=this-is-deprecated, SYSTEMD_NSS_BYPASS_BUS=1, DBUS_STARTER_ADDRESS=unix:path=/run/user/1000/bus,guid=0ff0c73f492cc1dc3846ae835aac7cd0, LC_CTYPE=en_US.UTF-8, SHLVL=2, LOADEDMODULES=, HISTSIZE=10000, JAVA_HOME=/usr/lib/jvm/java-1.8.0-openjdk-1.8.0.161-0.b14.fc27.x86_64, TERM=xterm-256color, XDG_SESSION_ID=2, rvm_script_name=, rvm_ruby_make=, rvm_docs_type=, _=/usr/lib/jvm/java-1.8.0-openjdk-1.8.0.161-0.b14.fc27.x86_64/jre/bin/java, MAVEN_PROJECTBASEDIR=/home/stbenjam/git/h2ms, DESKTOP_SESSION=gnome-xorg, XDG_MENU_PREFIX=gnome-, VTE_VERSION=5002, rvm_alias_expanded=, rvm_ruby_bits=, GEM_PATH=/home/stbenjam/.rvm/gems/ruby-2.3.3:/home/stbenjam/.rvm/gems/ruby-2.3.3@global, TILIX_ID=df6230d2-2679-42ab-bd7f-667d05988153, XAUTHORITY=/run/user/1000/gdm/Xauthority, INVOCATION_ID=2a8a59bd24d3424f8a519125eeaea755, XDG_DATA_DIRS=/home/stbenjam/.local/share/flatpak/exports/share/:/var/lib/flatpak/exports/share/:/usr/local/share/:/usr/share/, MODULEPATH=/etc/scl/modulefiles:/etc/scl/modulefiles:/usr/share/Modules/modulefiles:/etc/modulefiles:/usr/share/modulefiles, rvm_bin_flag=, VAGRANT_DEFAULT_PROVIDER=libvirt, XDG_CURRENT_DESKTOP=GNOME, JOURNAL_STREAM=9:35277, MAIL=/var/spool/mail/stbenjam, rvm_ruby_mode=, LOGNAME=stbenjam, rvm_proxy=, SHELL=/bin/zsh, rvm_sdk=, OLDPWD=/home/stbenjam/git/h2ms, GEM_HOME=/home/stbenjam/.rvm/gems/ruby-2.3.3, rvm_use_flag=, GIT=/bin/git, RUBY_VERSION=ruby-2.3.3, _system_name=Fedora, LESS=-R, XDG_SESSION_DESKTOP=gnome-xorg, LS_COLORS=rs=0:di=38;5;33:ln=38;5;51:mh=00:pi=40;38;5;11:so=38;5;13:do=38;5;5:bd=48;5;232;38;5;11:cd=48;5;232;38;5;3:or=48;5;232;38;5;9:mi=01;05;37;41:su=48;5;196;38;5;15:sg=48;5;11;38;5;16:ca=48;5;196;38;5;226:tw=48;5;10;38;5;16:ow=48;5;10;38;5;21:st=48;5;21;38;5;15:ex=38;5;40:*.tar=38;5;9:*.tgz=38;5;9:*.arc=38;5;9:*.arj=38;5;9:*.taz=38;5;9:*.lha=38;5;9:*.lz4=38;5;9:*.lzh=38;5;9:*.lzma=38;5;9:*.tlz=38;5;9:*.txz=38;5;9:*.tzo=38;5;9:*.t7z=38;5;9:*.zip=38;5;9:*.z=38;5;9:*.Z=38;5;9:*.dz=38;5;9:*.gz=38;5;9:*.lrz=38;5;9:*.lz=38;5;9:*.lzo=38;5;9:*.xz=38;5;9:*.zst=38;5;9:*.tzst=38;5;9:*.bz2=38;5;9:*.bz=38;5;9:*.tbz=38;5;9:*.tbz2=38;5;9:*.tz=38;5;9:*.deb=38;5;9:*.rpm=38;5;9:*.jar=38;5;9:*.war=38;5;9:*.ear=38;5;9:*.sar=38;5;9:*.rar=38;5;9:*.alz=38;5;9:*.ace=38;5;9:*.zoo=38;5;9:*.cpio=38;5;9:*.7z=38;5;9:*.rz=38;5;9:*.cab=38;5;9:*.wim=38;5;9:*.swm=38;5;9:*.dwm=38;5;9:*.esd=38;5;9:*.jpg=38;5;13:*.jpeg=38;5;13:*.mjpg=38;5;13:*.mjpeg=38;5;13:*.gif=38;5;13:*.bmp=38;5;13:*.pbm=38;5;13:*.pgm=38;5;13:*.ppm=38;5;13:*.tga=38;5;13:*.xbm=38;5;13:*.xpm=38;5;13:*.tif=38;5;13:*.tiff=38;5;13:*.png=38;5;13:*.svg=38;5;13:*.svgz=38;5;13:*.mng=38;5;13:*.pcx=38;5;13:*.mov=38;5;13:*.mpg=38;5;13:*.mpeg=38;5;13:*.m2v=38;5;13:*.mkv=38;5;13:*.webm=38;5;13:*.ogm=38;5;13:*.mp4=38;5;13:*.m4v=38;5;13:*.mp4v=38;5;13:*.vob=38;5;13:*.qt=38;5;13:*.nuv=38;5;13:*.wmv=38;5;13:*.asf=38;5;13:*.rm=38;5;13:*.rmvb=38;5;13:*.flc=38;5;13:*.avi=38;5;13:*.fli=38;5;13:*.flv=38;5;13:*.gl=38;5;13:*.dl=38;5;13:*.xcf=38;5;13:*.xwd=38;5;13:*.yuv=38;5;13:*.cgm=38;5;13:*.emf=38;5;13:*.ogv=38;5;13:*.ogx=38;5;13:*.aac=38;5;45:*.au=38;5;45:*.flac=38;5;45:*.m4a=38;5;45:*.mid=38;5;45:*.midi=38;5;45:*.mka=38;5;45:*.mp3=38;5;45:*.mpc=38;5;45:*.ogg=38;5;45:*.ra=38;5;45:*.wav=38;5;45:*.oga=38;5;45:*.opus=38;5;45:*.spx=38;5;45:*.xspf=38;5;45:, rvm_gemstone_package_file=, _system_arch=x86_64, rvm_bin_path=/home/stbenjam/.rvm/bin, QT_IM_MODULE=ibus, rvm_only_path_flag=, rvm_prefix=/home/stbenjam, LANG=en_US.UTF-8, XDG_SESSION_TYPE=x11, DISPLAY=:0, rvm_gemstone_url=, GDM_LANG=en_US.UTF-8, GUESTFISH_PS1=\[\e[1;32m\]><fs>\[\e[0;31m\] , LSCOLORS=Gxfxcxdxbxegedabagacad, _system_type=Linux, _system_version=27, GPG_TTY=/dev/pts/1, USER=stbenjam, rvm_ruby_file=, WINDOWPATH=2, XDG_SEAT=seat0, SSH_AUTH_SOCK=/run/user/1000/keyring/ssh, EDITOR=vim, HOSTNAME=ancient.bitbin.de, MODULESHOME=/usr/share/Modules, QTDIR=/usr/lib64/qt-3.3, XDG_RUNTIME_DIR=/run/user/1000, XDG_VTNR=2, GUESTFISH_OUTPUT=\e[0m, DBUS_STARTER_BUS_TYPE=session, QTLIB=/usr/lib64/qt-3.3/lib, HOME=/home/stbenjam}}]
21:09:27.127 [main] INFO org.springframework.boot.test.context.SpringBootTestContextBootstrapper - Found @SpringBootConfiguration edu.harvard.h2ms.H2MSRestAppInitializer for test class edu.harvard.h2ms.web.init.H2MSRestAppInitializerTests
21:09:27.128 [main] DEBUG org.springframework.boot.test.context.SpringBootTestContextBootstrapper - @TestExecutionListeners is not present for class [edu.harvard.h2ms.web.init.H2MSRestAppInitializerTests]: using defaults.
21:09:27.136 [main] INFO org.springframework.boot.test.context.SpringBootTestContextBootstrapper - Loaded default TestExecutionListener class names from location [META-INF/spring.factories]: [org.springframework.boot.test.mock.mockito.MockitoTestExecutionListener, org.springframework.boot.test.mock.mockito.ResetMocksTestExecutionListener, org.springframework.boot.test.autoconfigure.restdocs.RestDocsTestExecutionListener, org.springframework.boot.test.autoconfigure.web.client.MockRestServiceServerResetTestExecutionListener, org.springframework.boot.test.autoconfigure.web.servlet.MockMvcPrintOnlyOnFailureTestExecutionListener, org.springframework.boot.test.autoconfigure.web.servlet.WebDriverTestExecutionListener, org.springframework.test.context.web.ServletTestExecutionListener, org.springframework.test.context.support.DirtiesContextBeforeModesTestExecutionListener, org.springframework.test.context.support.DependencyInjectionTestExecutionListener, org.springframework.test.context.support.DirtiesContextTestExecutionListener, org.springframework.test.context.transaction.TransactionalTestExecutionListener, org.springframework.test.context.jdbc.SqlScriptsTestExecutionListener, org.springframework.security.test.context.support.WithSecurityContextTestExecutionListener]
21:09:27.145 [main] INFO org.springframework.boot.test.context.SpringBootTestContextBootstrapper - Using TestExecutionListeners: [org.springframework.test.context.web.ServletTestExecutionListener@7ef82753, org.springframework.test.context.support.DirtiesContextBeforeModesTestExecutionListener@3b0fe47a, org.springframework.boot.test.autoconfigure.SpringBootDependencyInjectionTestExecutionListener@202b0582, org.springframework.test.context.support.DirtiesContextTestExecutionListener@235ecd9f, org.springframework.test.context.transaction.TransactionalTestExecutionListener@1ca3b418, org.springframework.test.context.jdbc.SqlScriptsTestExecutionListener@58cbafc2, org.springframework.security.test.context.support.WithSecurityContextTestExecutionListener@2034b64c, org.springframework.boot.test.mock.mockito.MockitoTestExecutionListener@75d3a5e0, org.springframework.boot.test.mock.mockito.ResetMocksTestExecutionListener@74d1dc36, org.springframework.boot.test.autoconfigure.restdocs.RestDocsTestExecutionListener@7161d8d1, org.springframework.boot.test.autoconfigure.web.client.MockRestServiceServerResetTestExecutionListener@74e28667, org.springframework.boot.test.autoconfigure.web.servlet.MockMvcPrintOnlyOnFailureTestExecutionListener@1cf6d1be, org.springframework.boot.test.autoconfigure.web.servlet.WebDriverTestExecutionListener@663c9e7a]
21:09:27.167 [main] DEBUG org.springframework.test.annotation.ProfileValueUtils - Retrieved @ProfileValueSourceConfiguration [null] for test class [edu.harvard.h2ms.service.LocationServiceTests]
21:09:27.167 [main] DEBUG org.springframework.test.annotation.ProfileValueUtils - Retrieved ProfileValueSource type [class org.springframework.test.annotation.SystemProfileValueSource] for class [edu.harvard.h2ms.service.LocationServiceTests]
21:09:27.169 [main] DEBUG org.springframework.test.annotation.ProfileValueUtils - Retrieved @ProfileValueSourceConfiguration [null] for test class [edu.harvard.h2ms.service.UserDetailsServiceTest]
21:09:27.170 [main] DEBUG org.springframework.test.annotation.ProfileValueUtils - Retrieved ProfileValueSource type [class org.springframework.test.annotation.SystemProfileValueSource] for class [edu.harvard.h2ms.service.UserDetailsServiceTest]
21:09:27.173 [main] DEBUG org.springframework.test.annotation.ProfileValueUtils - Retrieved @ProfileValueSourceConfiguration [null] for test class [edu.harvard.h2ms.domain.core.UserTest]
21:09:27.174 [main] DEBUG org.springframework.test.annotation.ProfileValueUtils - Retrieved ProfileValueSource type [class org.springframework.test.annotation.SystemProfileValueSource] for class [edu.harvard.h2ms.domain.core.UserTest]
21:09:27.175 [main] DEBUG org.springframework.test.annotation.ProfileValueUtils - Retrieved @ProfileValueSourceConfiguration [null] for test class [edu.harvard.h2ms.controllers.EventControllerTests]
21:09:27.176 [main] DEBUG org.springframework.test.annotation.ProfileValueUtils - Retrieved ProfileValueSource type [class org.springframework.test.annotation.SystemProfileValueSource] for class [edu.harvard.h2ms.controllers.EventControllerTests]
21:09:27.176 [main] DEBUG org.springframework.test.annotation.ProfileValueUtils - Retrieved @ProfileValueSourceConfiguration [null] for test class [edu.harvard.h2ms.controllers.UserControllerTests]
21:09:27.176 [main] DEBUG org.springframework.test.annotation.ProfileValueUtils - Retrieved ProfileValueSource type [class org.springframework.test.annotation.SystemProfileValueSource] for class [edu.harvard.h2ms.controllers.UserControllerTests]
21:09:27.177 [main] DEBUG org.springframework.test.annotation.ProfileValueUtils - Retrieved @ProfileValueSourceConfiguration [null] for test class [edu.harvard.h2ms.controllers.LocationControllerTests]
21:09:27.177 [main] DEBUG org.springframework.test.annotation.ProfileValueUtils - Retrieved ProfileValueSource type [class org.springframework.test.annotation.SystemProfileValueSource] for class [edu.harvard.h2ms.controllers.LocationControllerTests]
21:09:27.177 [main] DEBUG org.springframework.test.annotation.ProfileValueUtils - Retrieved @ProfileValueSourceConfiguration [null] for test class [edu.harvard.h2ms.web.init.OAuthTest]
21:09:27.177 [main] DEBUG org.springframework.test.annotation.ProfileValueUtils - Retrieved ProfileValueSource type [class org.springframework.test.annotation.SystemProfileValueSource] for class [edu.harvard.h2ms.web.init.OAuthTest]
21:09:27.178 [main] DEBUG org.springframework.test.annotation.ProfileValueUtils - Retrieved @ProfileValueSourceConfiguration [null] for test class [edu.harvard.h2ms.web.init.H2MSRestAppInitializerTests]
21:09:27.178 [main] DEBUG org.springframework.test.annotation.ProfileValueUtils - Retrieved ProfileValueSource type [class org.springframework.test.annotation.SystemProfileValueSource] for class [edu.harvard.h2ms.web.init.H2MSRestAppInitializerTests]
Running edu.harvard.h2ms.service.LocationServiceTests
21:09:27.226 [main] DEBUG org.springframework.test.context.junit4.SpringJUnit4ClassRunner - SpringJUnit4ClassRunner constructor called with [class edu.harvard.h2ms.service.LocationServiceTests]
21:09:27.227 [main] DEBUG org.springframework.test.context.BootstrapUtils - Instantiating CacheAwareContextLoaderDelegate from class [org.springframework.test.context.cache.DefaultCacheAwareContextLoaderDelegate]
21:09:27.228 [main] DEBUG org.springframework.test.context.BootstrapUtils - Instantiating BootstrapContext using constructor [public org.springframework.test.context.support.DefaultBootstrapContext(java.lang.Class,org.springframework.test.context.CacheAwareContextLoaderDelegate)]
21:09:27.231 [main] DEBUG org.springframework.test.context.BootstrapUtils - Instantiating TestContextBootstrapper for test class [edu.harvard.h2ms.service.LocationServiceTests] from class [org.springframework.boot.test.context.SpringBootTestContextBootstrapper]
21:09:27.232 [main] INFO org.springframework.boot.test.context.SpringBootTestContextBootstrapper - Neither @ContextConfiguration nor @ContextHierarchy found for test class [edu.harvard.h2ms.service.LocationServiceTests], using SpringBootContextLoader
21:09:27.234 [main] DEBUG org.springframework.test.context.support.AbstractContextLoader - Did not detect default resource location for test class [edu.harvard.h2ms.service.LocationServiceTests]: class path resource [edu/harvard/h2ms/service/LocationServiceTests-context.xml] does not exist
21:09:27.237 [main] DEBUG org.springframework.test.context.support.AbstractContextLoader - Did not detect default resource location for test class [edu.harvard.h2ms.service.LocationServiceTests]: class path resource [edu/harvard/h2ms/service/LocationServiceTestsContext.groovy] does not exist
21:09:27.239 [main] INFO org.springframework.test.context.support.AbstractContextLoader - Could not detect default resource locations for test class [edu.harvard.h2ms.service.LocationServiceTests]: no resource found for suffixes {-context.xml, Context.groovy}.
21:09:27.240 [main] INFO org.springframework.test.context.support.AnnotationConfigContextLoaderUtils - Could not detect default configuration classes for test class [edu.harvard.h2ms.service.LocationServiceTests]: LocationServiceTests does not declare any static, non-private, non-final, nested classes annotated with @Configuration.
21:09:27.279 [main] DEBUG org.springframework.test.context.support.ActiveProfilesUtils - Could not find an 'annotation declaring class' for annotation type [org.springframework.test.context.ActiveProfiles] and class [edu.harvard.h2ms.service.LocationServiceTests]
21:09:27.279 [main] DEBUG org.springframework.core.env.StandardEnvironment - Adding PropertySource 'systemProperties' with lowest search precedence
21:09:27.280 [main] DEBUG org.springframework.core.env.StandardEnvironment - Adding PropertySource 'systemEnvironment' with lowest search precedence
21:09:27.280 [main] DEBUG org.springframework.core.env.StandardEnvironment - Initialized StandardEnvironment with PropertySources [MapPropertySource@884860061 {name='systemProperties', properties={java.runtime.name=OpenJDK Runtime Environment, sun.boot.library.path=/usr/lib/jvm/java-1.8.0-openjdk-1.8.0.161-0.b14.fc27.x86_64/jre/lib/amd64, java.vm.version=25.161-b14, java.vm.vendor=Oracle Corporation, java.vendor.url=http://java.oracle.com/, path.separator=:, java.vm.name=OpenJDK 64-Bit Server VM, file.encoding.pkg=sun.io, user.country=US, sun.java.launcher=SUN_STANDARD, sun.os.patch.level=unknown, java.vm.specification.name=Java Virtual Machine Specification, user.dir=/home/stbenjam/git/h2ms, java.runtime.version=1.8.0_161-b14, basedir=/home/stbenjam/git/h2ms, java.awt.graphicsenv=sun.awt.X11GraphicsEnvironment, java.endorsed.dirs=/usr/lib/jvm/java-1.8.0-openjdk-1.8.0.161-0.b14.fc27.x86_64/jre/lib/endorsed, os.arch=amd64, surefire.real.class.path=/home/stbenjam/git/h2ms/target/surefire/surefirebooter618343035117595110.jar, java.io.tmpdir=/tmp, line.separator=
, java.vm.specification.vendor=Oracle Corporation, os.name=Linux, sun.jnu.encoding=UTF-8, java.library.path=/usr/java/packages/lib/amd64:/usr/lib64:/lib64:/lib:/usr/lib, surefire.test.class.path=/home/stbenjam/git/h2ms/target/test-classes:/home/stbenjam/git/h2ms/target/classes:/home/stbenjam/.m2/repository/org/springframework/boot/spring-boot-starter-data-rest/1.5.10.RELEASE/spring-boot-starter-data-rest-1.5.10.RELEASE.jar:/home/stbenjam/.m2/repository/org/springframework/boot/spring-boot-starter/1.5.10.RELEASE/spring-boot-starter-1.5.10.RELEASE.jar:/home/stbenjam/.m2/repository/org/springframework/boot/spring-boot/1.5.10.RELEASE/spring-boot-1.5.10.RELEASE.jar:/home/stbenjam/.m2/repository/org/springframework/boot/spring-boot-autoconfigure/1.5.10.RELEASE/spring-boot-autoconfigure-1.5.10.RELEASE.jar:/home/stbenjam/.m2/repository/org/springframework/boot/spring-boot-starter-logging/1.5.10.RELEASE/spring-boot-starter-logging-1.5.10.RELEASE.jar:/home/stbenjam/.m2/repository/ch/qos/logback/logback-classic/1.1.11/logback-classic-1.1.11.jar:/home/stbenjam/.m2/repository/ch/qos/logback/logback-core/1.1.11/logback-core-1.1.11.jar:/home/stbenjam/.m2/repository/org/slf4j/jul-to-slf4j/1.7.25/jul-to-slf4j-1.7.25.jar:/home/stbenjam/.m2/repository/org/slf4j/log4j-over-slf4j/1.7.25/log4j-over-slf4j-1.7.25.jar:/home/stbenjam/.m2/repository/org/yaml/snakeyaml/1.17/snakeyaml-1.17.jar:/home/stbenjam/.m2/repository/com/fasterxml/jackson/core/jackson-annotations/2.8.0/jackson-annotations-2.8.0.jar:/home/stbenjam/.m2/repository/org/springframework/data/spring-data-rest-webmvc/2.6.10.RELEASE/spring-data-rest-webmvc-2.6.10.RELEASE.jar:/home/stbenjam/.m2/repository/org/springframework/data/spring-data-rest-core/2.6.10.RELEASE/spring-data-rest-core-2.6.10.RELEASE.jar:/home/stbenjam/.m2/repository/org/atteo/evo-inflector/1.2.2/evo-inflector-1.2.2.jar:/home/stbenjam/.m2/repository/org/slf4j/jcl-over-slf4j/1.7.25/jcl-over-slf4j-1.7.25.jar:/home/stbenjam/.m2/repository/org/springframework/boot/spring-boot-starter-web/1.5.10.RELEASE/spring-boot-starter-web-1.5.10.RELEASE.jar:/home/stbenjam/.m2/repository/org/springframework/boot/spring-boot-starter-tomcat/1.5.10.RELEASE/spring-boot-starter-tomcat-1.5.10.RELEASE.jar:/home/stbenjam/.m2/repository/org/apache/tomcat/embed/tomcat-embed-core/8.5.27/tomcat-embed-core-8.5.27.jar:/home/stbenjam/.m2/repository/org/apache/tomcat/tomcat-annotations-api/8.5.27/tomcat-annotations-api-8.5.27.jar:/home/stbenjam/.m2/repository/org/apache/tomcat/embed/tomcat-embed-el/8.5.27/tomcat-embed-el-8.5.27.jar:/home/stbenjam/.m2/repository/org/apache/tomcat/embed/tomcat-embed-websocket/8.5.27/tomcat-embed-websocket-8.5.27.jar:/home/stbenjam/.m2/repository/org/hibernate/hibernate-validator/5.3.6.Final/hibernate-validator-5.3.6.Final.jar:/home/stbenjam/.m2/repository/javax/validation/validation-api/1.1.0.Final/validation-api-1.1.0.Final.jar:/home/stbenjam/.m2/repository/org/jboss/logging/jboss-logging/3.3.1.Final/jboss-logging-3.3.1.Final.jar:/home/stbenjam/.m2/repository/org/springframework/spring-web/4.3.14.RELEASE/spring-web-4.3.14.RELEASE.jar:/home/stbenjam/.m2/repository/org/springframework/spring-webmvc/4.3.14.RELEASE/spring-webmvc-4.3.14.RELEASE.jar:/home/stbenjam/.m2/repository/org/springframework/spring-expression/4.3.14.RELEASE/spring-expression-4.3.14.RELEASE.jar:/home/stbenjam/.m2/repository/org/springframework/boot/spring-boot-starter-thymeleaf/1.5.10.RELEASE/spring-boot-starter-thymeleaf-1.5.10.RELEASE.jar:/home/stbenjam/.m2/repository/org/thymeleaf/thymeleaf-spring4/2.1.6.RELEASE/thymeleaf-spring4-2.1.6.RELEASE.jar:/home/stbenjam/.m2/repository/org/thymeleaf/thymeleaf/2.1.6.RELEASE/thymeleaf-2.1.6.RELEASE.jar:/home/stbenjam/.m2/repository/ognl/ognl/3.0.8/ognl-3.0.8.jar:/home/stbenjam/.m2/repository/org/unbescape/unbescape/1.1.0.RELEASE/unbescape-1.1.0.RELEASE.jar:/home/stbenjam/.m2/repository/nz/net/ultraq/thymeleaf/thymeleaf-layout-dialect/1.4.0/thymeleaf-layout-dialect-1.4.0.jar:/home/stbenjam/.m2/repository/org/codehaus/groovy/groovy/2.4.13/groovy-2.4.13.jar:/home/stbenjam/.m2/repository/org/springframework/boot/spring-boot-starter-test/1.5.10.RELEASE/spring-boot-starter-test-1.5.10.RELEASE.jar:/home/stbenjam/.m2/repository/org/springframework/boot/spring-boot-test/1.5.10.RELEASE/spring-boot-test-1.5.10.RELEASE.jar:/home/stbenjam/.m2/repository/org/springframework/boot/spring-boot-test-autoconfigure/1.5.10.RELEASE/spring-boot-test-autoconfigure-1.5.10.RELEASE.jar:/home/stbenjam/.m2/repository/com/jayway/jsonpath/json-path/2.2.0/json-path-2.2.0.jar:/home/stbenjam/.m2/repository/net/minidev/json-smart/2.2.1/json-smart-2.2.1.jar:/home/stbenjam/.m2/repository/net/minidev/accessors-smart/1.1/accessors-smart-1.1.jar:/home/stbenjam/.m2/repository/org/ow2/asm/asm/5.0.3/asm-5.0.3.jar:/home/stbenjam/.m2/repository/junit/junit/4.12/junit-4.12.jar:/home/stbenjam/.m2/repository/org/assertj/assertj-core/2.6.0/assertj-core-2.6.0.jar:/home/stbenjam/.m2/repository/org/mockito/mockito-core/1.10.19/mockito-core-1.10.19.jar:/home/stbenjam/.m2/repository/org/objenesis/objenesis/2.1/objenesis-2.1.jar:/home/stbenjam/.m2/repository/org/hamcrest/hamcrest-core/1.3/hamcrest-core-1.3.jar:/home/stbenjam/.m2/repository/org/hamcrest/hamcrest-library/1.3/hamcrest-library-1.3.jar:/home/stbenjam/.m2/repository/org/skyscreamer/jsonassert/1.4.0/jsonassert-1.4.0.jar:/home/stbenjam/.m2/repository/org/springframework/spring-core/4.3.14.RELEASE/spring-core-4.3.14.RELEASE.jar:/home/stbenjam/.m2/repository/org/springframework/spring-test/4.3.14.RELEASE/spring-test-4.3.14.RELEASE.jar:/home/stbenjam/.m2/repository/org/springframework/restdocs/spring-restdocs-mockmvc/1.1.3.RELEASE/spring-restdocs-mockmvc-1.1.3.RELEASE.jar:/home/stbenjam/.m2/repository/org/springframework/restdocs/spring-restdocs-core/1.1.3.RELEASE/spring-restdocs-core-1.1.3.RELEASE.jar:/home/stbenjam/.m2/repository/javax/servlet/javax.servlet-api/3.1.0/javax.servlet-api-3.1.0.jar:/home/stbenjam/.m2/repository/org/springframework/boot/spring-boot-starter-data-jpa/1.5.10.RELEASE/spring-boot-starter-data-jpa-1.5.10.RELEASE.jar:/home/stbenjam/.m2/repository/org/springframework/boot/spring-boot-starter-aop/1.5.10.RELEASE/spring-boot-starter-aop-1.5.10.RELEASE.jar:/home/stbenjam/.m2/repository/org/aspectj/aspectjweaver/1.8.13/aspectjweaver-1.8.13.jar:/home/stbenjam/.m2/repository/org/springframework/boot/spring-boot-starter-jdbc/1.5.10.RELEASE/spring-boot-starter-jdbc-1.5.10.RELEASE.jar:/home/stbenjam/.m2/repository/org/apache/tomcat/tomcat-jdbc/8.5.27/tomcat-jdbc-8.5.27.jar:/home/stbenjam/.m2/repository/org/apache/tomcat/tomcat-juli/8.5.27/tomcat-juli-8.5.27.jar:/home/stbenjam/.m2/repository/org/springframework/spring-jdbc/4.3.14.RELEASE/spring-jdbc-4.3.14.RELEASE.jar:/home/stbenjam/.m2/repository/org/hibernate/hibernate-core/5.0.12.Final/hibernate-core-5.0.12.Final.jar:/home/stbenjam/.m2/repository/org/hibernate/javax/persistence/hibernate-jpa-2.1-api/1.0.0.Final/hibernate-jpa-2.1-api-1.0.0.Final.jar:/home/stbenjam/.m2/repository/org/javassist/javassist/3.21.0-GA/javassist-3.21.0-GA.jar:/home/stbenjam/.m2/repository/antlr/antlr/2.7.7/antlr-2.7.7.jar:/home/stbenjam/.m2/repository/org/jboss/jandex/2.0.0.Final/jandex-2.0.0.Final.jar:/home/stbenjam/.m2/repository/dom4j/dom4j/1.6.1/dom4j-1.6.1.jar:/home/stbenjam/.m2/repository/org/hibernate/common/hibernate-commons-annotations/5.0.1.Final/hibernate-commons-annotations-5.0.1.Final.jar:/home/stbenjam/.m2/repository/org/hibernate/hibernate-entitymanager/5.0.12.Final/hibernate-entitymanager-5.0.12.Final.jar:/home/stbenjam/.m2/repository/javax/transaction/javax.transaction-api/1.2/javax.transaction-api-1.2.jar:/home/stbenjam/.m2/repository/org/springframework/data/spring-data-jpa/1.11.10.RELEASE/spring-data-jpa-1.11.10.RELEASE.jar:/home/stbenjam/.m2/repository/org/springframework/data/spring-data-commons/1.13.10.RELEASE/spring-data-commons-1.13.10.RELEASE.jar:/home/stbenjam/.m2/repository/org/springframework/spring-orm/4.3.14.RELEASE/spring-orm-4.3.14.RELEASE.jar:/home/stbenjam/.m2/repository/org/springframework/spring-tx/4.3.14.RELEASE/spring-tx-4.3.14.RELEASE.jar:/home/stbenjam/.m2/repository/org/springframework/spring-aspects/4.3.14.RELEASE/spring-aspects-4.3.14.RELEASE.jar:/home/stbenjam/.m2/repository/com/h2database/h2/1.4.196/h2-1.4.196.jar:/home/stbenjam/.m2/repository/org/postgresql/postgresql/9.4-1206-jdbc42/postgresql-9.4-1206-jdbc42.jar:/home/stbenjam/.m2/repository/log4j/log4j/1.2.17/log4j-1.2.17.jar:/home/stbenjam/.m2/repository/com/google/guava/guava/19.0/guava-19.0.jar:/home/stbenjam/.m2/repository/javax/mail/mail/1.4/mail-1.4.jar:/home/stbenjam/.m2/repository/javax/activation/activation/1.1/activation-1.1.jar:/home/stbenjam/.m2/repository/org/springframework/boot/spring-boot-starter-security/1.5.10.RELEASE/spring-boot-starter-security-1.5.10.RELEASE.jar:/home/stbenjam/.m2/repository/org/springframework/spring-aop/4.3.14.RELEASE/spring-aop-4.3.14.RELEASE.jar:/home/stbenjam/.m2/repository/org/springframework/security/spring-security-config/4.2.4.RELEASE/spring-security-config-4.2.4.RELEASE.jar:/home/stbenjam/.m2/repository/org/springframework/security/spring-security-web/4.2.4.RELEASE/spring-security-web-4.2.4.RELEASE.jar:/home/stbenjam/.m2/repository/org/springframework/boot/spring-boot-starter-mail/1.4.3.RELEASE/spring-boot-starter-mail-1.4.3.RELEASE.jar:/home/stbenjam/.m2/repository/org/springframework/spring-context/4.3.14.RELEASE/spring-context-4.3.14.RELEASE.jar:/home/stbenjam/.m2/repository/com/sun/mail/javax.mail/1.5.6/javax.mail-1.5.6.jar:/home/stbenjam/.m2/repository/com/icegreen/greenmail/1.5.5/greenmail-1.5.5.jar:/home/stbenjam/.m2/repository/org/slf4j/slf4j-api/1.7.25/slf4j-api-1.7.25.jar:/home/stbenjam/.m2/repository/org/springframework/security/spring-security-test/4.2.4.RELEASE/spring-security-test-4.2.4.RELEASE.jar:/home/stbenjam/.m2/repository/org/springframework/security/spring-security-core/4.2.4.RELEASE/spring-security-core-4.2.4.RELEASE.jar:/home/stbenjam/.m2/repository/aopalliance/aopalliance/1.0/aopalliance-1.0.jar:/home/stbenjam/.m2/repository/org/springframework/security/oauth/spring-security-oauth2/2.0.14.RELEASE/spring-security-oauth2-2.0.14.RELEASE.jar:/home/stbenjam/.m2/repository/org/springframework/spring-beans/4.3.14.RELEASE/spring-beans-4.3.14.RELEASE.jar:/home/stbenjam/.m2/repository/commons-codec/commons-codec/1.10/commons-codec-1.10.jar:/home/stbenjam/.m2/repository/org/codehaus/jackson/jackson-mapper-asl/1.9.13/jackson-mapper-asl-1.9.13.jar:/home/stbenjam/.m2/repository/org/codehaus/jackson/jackson-core-asl/1.9.13/jackson-core-asl-1.9.13.jar:/home/stbenjam/.m2/repository/io/springfox/springfox-swagger2/2.8.0/springfox-swagger2-2.8.0.jar:/home/stbenjam/.m2/repository/io/swagger/swagger-annotations/1.5.14/swagger-annotations-1.5.14.jar:/home/stbenjam/.m2/repository/io/swagger/swagger-models/1.5.14/swagger-models-1.5.14.jar:/home/stbenjam/.m2/repository/io/springfox/springfox-spi/2.8.0/springfox-spi-2.8.0.jar:/home/stbenjam/.m2/repository/io/springfox/springfox-core/2.8.0/springfox-core-2.8.0.jar:/home/stbenjam/.m2/repository/net/bytebuddy/byte-buddy/1.7.9/byte-buddy-1.7.9.jar:/home/stbenjam/.m2/repository/io/springfox/springfox-schema/2.8.0/springfox-schema-2.8.0.jar:/home/stbenjam/.m2/repository/io/springfox/springfox-swagger-common/2.8.0/springfox-swagger-common-2.8.0.jar:/home/stbenjam/.m2/repository/io/springfox/springfox-spring-web/2.8.0/springfox-spring-web-2.8.0.jar:/home/stbenjam/.m2/repository/org/reflections/reflections/0.9.11/reflections-0.9.11.jar:/home/stbenjam/.m2/repository/com/fasterxml/classmate/1.3.4/classmate-1.3.4.jar:/home/stbenjam/.m2/repository/org/springframework/plugin/spring-plugin-core/1.2.0.RELEASE/spring-plugin-core-1.2.0.RELEASE.jar:/home/stbenjam/.m2/repository/org/springframework/plugin/spring-plugin-metadata/1.2.0.RELEASE/spring-plugin-metadata-1.2.0.RELEASE.jar:/home/stbenjam/.m2/repository/org/mapstruct/mapstruct/1.2.0.Final/mapstruct-1.2.0.Final.jar:/home/stbenjam/.m2/repository/io/springfox/springfox-swagger-ui/2.8.0/springfox-swagger-ui-2.8.0.jar:/home/stbenjam/.m2/repository/io/springfox/springfox-data-rest/2.8.0/springfox-data-rest-2.8.0.jar:/home/stbenjam/.m2/repository/org/springframework/hateoas/spring-hateoas/0.23.0.RELEASE/spring-hateoas-0.23.0.RELEASE.jar:/home/stbenjam/.m2/repository/org/usb4java/usb4java-javax/1.2.0/usb4java-javax-1.2.0.jar:/home/stbenjam/.m2/repository/javax/usb/usb-api/1.0.2/usb-api-1.0.2.jar:/home/stbenjam/.m2/repository/org/apache/commons/commons-lang3/3.2.1/commons-lang3-3.2.1.jar:/home/stbenjam/.m2/repository/org/usb4java/usb4java/1.2.0/usb4java-1.2.0.jar:/home/stbenjam/.m2/repository/org/usb4java/libusb4java/1.2.0/libusb4java-1.2.0-linux-x86.jar:/home/stbenjam/.m2/repository/org/usb4java/libusb4java/1.2.0/libusb4java-1.2.0-linux-x86_64.jar:/home/stbenjam/.m2/repository/org/usb4java/libusb4java/1.2.0/libusb4java-1.2.0-linux-arm.jar:/home/stbenjam/.m2/repository/org/usb4java/libusb4java/1.2.0/libusb4java-1.2.0-windows-x86.jar:/home/stbenjam/.m2/repository/org/usb4java/libusb4java/1.2.0/libusb4java-1.2.0-windows-x86_64.jar:/home/stbenjam/.m2/repository/org/usb4java/libusb4java/1.2.0/libusb4java-1.2.0-osx-x86.jar:/home/stbenjam/.m2/repository/org/usb4java/libusb4java/1.2.0/libusb4java-1.2.0-osx-x86_64.jar:/home/stbenjam/.m2/repository/org/mockito/mockito-all/1.9.5/mockito-all-1.9.5.jar:/home/stbenjam/.m2/repository/com/fasterxml/jackson/core/jackson-databind/2.5.0/jackson-databind-2.5.0.jar:/home/stbenjam/.m2/repository/com/fasterxml/jackson/core/jackson-core/2.8.10/jackson-core-2.8.10.jar:/home/stbenjam/.m2/repository/com/vaadin/external/google/android-json/0.0.20131108.vaadin1/android-json-0.0.20131108.vaadin1.jar:/home/stbenjam/.m2/repository/com/tngtech/java/junit-dataprovider/1.13.1/junit-dataprovider-1.13.1.jar:/home/stbenjam/.m2/repository/org/springframework/spring-context-support/3.2.0.RELEASE/spring-context-support-3.2.0.RELEASE.jar:, java.specification.name=Java Platform API Specification, java.class.version=52.0, sun.management.compiler=HotSpot 64-Bit Tiered Compilers, os.version=4.14.14-300.fc27.x86_64, user.home=/home/stbenjam, user.timezone=America/New_York, java.awt.printerjob=sun.print.PSPrinterJob, file.encoding=UTF-8, java.specification.version=1.8, java.class.path=/home/stbenjam/git/h2ms/target/test-classes:/home/stbenjam/git/h2ms/target/classes:/home/stbenjam/.m2/repository/org/springframework/boot/spring-boot-starter-data-rest/1.5.10.RELEASE/spring-boot-starter-data-rest-1.5.10.RELEASE.jar:/home/stbenjam/.m2/repository/org/springframework/boot/spring-boot-starter/1.5.10.RELEASE/spring-boot-starter-1.5.10.RELEASE.jar:/home/stbenjam/.m2/repository/org/springframework/boot/spring-boot/1.5.10.RELEASE/spring-boot-1.5.10.RELEASE.jar:/home/stbenjam/.m2/repository/org/springframework/boot/spring-boot-autoconfigure/1.5.10.RELEASE/spring-boot-autoconfigure-1.5.10.RELEASE.jar:/home/stbenjam/.m2/repository/org/springframework/boot/spring-boot-starter-logging/1.5.10.RELEASE/spring-boot-starter-logging-1.5.10.RELEASE.jar:/home/stbenjam/.m2/repository/ch/qos/logback/logback-classic/1.1.11/logback-classic-1.1.11.jar:/home/stbenjam/.m2/repository/ch/qos/logback/logback-core/1.1.11/logback-core-1.1.11.jar:/home/stbenjam/.m2/repository/org/slf4j/jul-to-slf4j/1.7.25/jul-to-slf4j-1.7.25.jar:/home/stbenjam/.m2/repository/org/slf4j/log4j-over-slf4j/1.7.25/log4j-over-slf4j-1.7.25.jar:/home/stbenjam/.m2/repository/org/yaml/snakeyaml/1.17/snakeyaml-1.17.jar:/home/stbenjam/.m2/repository/com/fasterxml/jackson/core/jackson-annotations/2.8.0/jackson-annotations-2.8.0.jar:/home/stbenjam/.m2/repository/org/springframework/data/spring-data-rest-webmvc/2.6.10.RELEASE/spring-data-rest-webmvc-2.6.10.RELEASE.jar:/home/stbenjam/.m2/repository/org/springframework/data/spring-data-rest-core/2.6.10.RELEASE/spring-data-rest-core-2.6.10.RELEASE.jar:/home/stbenjam/.m2/repository/org/atteo/evo-inflector/1.2.2/evo-inflector-1.2.2.jar:/home/stbenjam/.m2/repository/org/slf4j/jcl-over-slf4j/1.7.25/jcl-over-slf4j-1.7.25.jar:/home/stbenjam/.m2/repository/org/springframework/boot/spring-boot-starter-web/1.5.10.RELEASE/spring-boot-starter-web-1.5.10.RELEASE.jar:/home/stbenjam/.m2/repository/org/springframework/boot/spring-boot-starter-tomcat/1.5.10.RELEASE/spring-boot-starter-tomcat-1.5.10.RELEASE.jar:/home/stbenjam/.m2/repository/org/apache/tomcat/embed/tomcat-embed-core/8.5.27/tomcat-embed-core-8.5.27.jar:/home/stbenjam/.m2/repository/org/apache/tomcat/tomcat-annotations-api/8.5.27/tomcat-annotations-api-8.5.27.jar:/home/stbenjam/.m2/repository/org/apache/tomcat/embed/tomcat-embed-el/8.5.27/tomcat-embed-el-8.5.27.jar:/home/stbenjam/.m2/repository/org/apache/tomcat/embed/tomcat-embed-websocket/8.5.27/tomcat-embed-websocket-8.5.27.jar:/home/stbenjam/.m2/repository/org/hibernate/hibernate-validator/5.3.6.Final/hibernate-validator-5.3.6.Final.jar:/home/stbenjam/.m2/repository/javax/validation/validation-api/1.1.0.Final/validation-api-1.1.0.Final.jar:/home/stbenjam/.m2/repository/org/jboss/logging/jboss-logging/3.3.1.Final/jboss-logging-3.3.1.Final.jar:/home/stbenjam/.m2/repository/org/springframework/spring-web/4.3.14.RELEASE/spring-web-4.3.14.RELEASE.jar:/home/stbenjam/.m2/repository/org/springframework/spring-webmvc/4.3.14.RELEASE/spring-webmvc-4.3.14.RELEASE.jar:/home/stbenjam/.m2/repository/org/springframework/spring-expression/4.3.14.RELEASE/spring-expression-4.3.14.RELEASE.jar:/home/stbenjam/.m2/repository/org/springframework/boot/spring-boot-starter-thymeleaf/1.5.10.RELEASE/spring-boot-starter-thymeleaf-1.5.10.RELEASE.jar:/home/stbenjam/.m2/repository/org/thymeleaf/thymeleaf-spring4/2.1.6.RELEASE/thymeleaf-spring4-2.1.6.RELEASE.jar:/home/stbenjam/.m2/repository/org/thymeleaf/thymeleaf/2.1.6.RELEASE/thymeleaf-2.1.6.RELEASE.jar:/home/stbenjam/.m2/repository/ognl/ognl/3.0.8/ognl-3.0.8.jar:/home/stbenjam/.m2/repository/org/unbescape/unbescape/1.1.0.RELEASE/unbescape-1.1.0.RELEASE.jar:/home/stbenjam/.m2/repository/nz/net/ultraq/thymeleaf/thymeleaf-layout-dialect/1.4.0/thymeleaf-layout-dialect-1.4.0.jar:/home/stbenjam/.m2/repository/org/codehaus/groovy/groovy/2.4.13/groovy-2.4.13.jar:/home/stbenjam/.m2/repository/org/springframework/boot/spring-boot-starter-test/1.5.10.RELEASE/spring-boot-starter-test-1.5.10.RELEASE.jar:/home/stbenjam/.m2/repository/org/springframework/boot/spring-boot-test/1.5.10.RELEASE/spring-boot-test-1.5.10.RELEASE.jar:/home/stbenjam/.m2/repository/org/springframework/boot/spring-boot-test-autoconfigure/1.5.10.RELEASE/spring-boot-test-autoconfigure-1.5.10.RELEASE.jar:/home/stbenjam/.m2/repository/com/jayway/jsonpath/json-path/2.2.0/json-path-2.2.0.jar:/home/stbenjam/.m2/repository/net/minidev/json-smart/2.2.1/json-smart-2.2.1.jar:/home/stbenjam/.m2/repository/net/minidev/accessors-smart/1.1/accessors-smart-1.1.jar:/home/stbenjam/.m2/repository/org/ow2/asm/asm/5.0.3/asm-5.0.3.jar:/home/stbenjam/.m2/repository/junit/junit/4.12/junit-4.12.jar:/home/stbenjam/.m2/repository/org/assertj/assertj-core/2.6.0/assertj-core-2.6.0.jar:/home/stbenjam/.m2/repository/org/mockito/mockito-core/1.10.19/mockito-core-1.10.19.jar:/home/stbenjam/.m2/repository/org/objenesis/objenesis/2.1/objenesis-2.1.jar:/home/stbenjam/.m2/repository/org/hamcrest/hamcrest-core/1.3/hamcrest-core-1.3.jar:/home/stbenjam/.m2/repository/org/hamcrest/hamcrest-library/1.3/hamcrest-library-1.3.jar:/home/stbenjam/.m2/repository/org/skyscreamer/jsonassert/1.4.0/jsonassert-1.4.0.jar:/home/stbenjam/.m2/repository/org/springframework/spring-core/4.3.14.RELEASE/spring-core-4.3.14.RELEASE.jar:/home/stbenjam/.m2/repository/org/springframework/spring-test/4.3.14.RELEASE/spring-test-4.3.14.RELEASE.jar:/home/stbenjam/.m2/repository/org/springframework/restdocs/spring-restdocs-mockmvc/1.1.3.RELEASE/spring-restdocs-mockmvc-1.1.3.RELEASE.jar:/home/stbenjam/.m2/repository/org/springframework/restdocs/spring-restdocs-core/1.1.3.RELEASE/spring-restdocs-core-1.1.3.RELEASE.jar:/home/stbenjam/.m2/repository/javax/servlet/javax.servlet-api/3.1.0/javax.servlet-api-3.1.0.jar:/home/stbenjam/.m2/repository/org/springframework/boot/spring-boot-starter-data-jpa/1.5.10.RELEASE/spring-boot-starter-data-jpa-1.5.10.RELEASE.jar:/home/stbenjam/.m2/repository/org/springframework/boot/spring-boot-starter-aop/1.5.10.RELEASE/spring-boot-starter-aop-1.5.10.RELEASE.jar:/home/stbenjam/.m2/repository/org/aspectj/aspectjweaver/1.8.13/aspectjweaver-1.8.13.jar:/home/stbenjam/.m2/repository/org/springframework/boot/spring-boot-starter-jdbc/1.5.10.RELEASE/spring-boot-starter-jdbc-1.5.10.RELEASE.jar:/home/stbenjam/.m2/repository/org/apache/tomcat/tomcat-jdbc/8.5.27/tomcat-jdbc-8.5.27.jar:/home/stbenjam/.m2/repository/org/apache/tomcat/tomcat-juli/8.5.27/tomcat-juli-8.5.27.jar:/home/stbenjam/.m2/repository/org/springframework/spring-jdbc/4.3.14.RELEASE/spring-jdbc-4.3.14.RELEASE.jar:/home/stbenjam/.m2/repository/org/hibernate/hibernate-core/5.0.12.Final/hibernate-core-5.0.12.Final.jar:/home/stbenjam/.m2/repository/org/hibernate/javax/persistence/hibernate-jpa-2.1-api/1.0.0.Final/hibernate-jpa-2.1-api-1.0.0.Final.jar:/home/stbenjam/.m2/repository/org/javassist/javassist/3.21.0-GA/javassist-3.21.0-GA.jar:/home/stbenjam/.m2/repository/antlr/antlr/2.7.7/antlr-2.7.7.jar:/home/stbenjam/.m2/repository/org/jboss/jandex/2.0.0.Final/jandex-2.0.0.Final.jar:/home/stbenjam/.m2/repository/dom4j/dom4j/1.6.1/dom4j-1.6.1.jar:/home/stbenjam/.m2/repository/org/hibernate/common/hibernate-commons-annotations/5.0.1.Final/hibernate-commons-annotations-5.0.1.Final.jar:/home/stbenjam/.m2/repository/org/hibernate/hibernate-entitymanager/5.0.12.Final/hibernate-entitymanager-5.0.12.Final.jar:/home/stbenjam/.m2/repository/javax/transaction/javax.transaction-api/1.2/javax.transaction-api-1.2.jar:/home/stbenjam/.m2/repository/org/springframework/data/spring-data-jpa/1.11.10.RELEASE/spring-data-jpa-1.11.10.RELEASE.jar:/home/stbenjam/.m2/repository/org/springframework/data/spring-data-commons/1.13.10.RELEASE/spring-data-commons-1.13.10.RELEASE.jar:/home/stbenjam/.m2/repository/org/springframework/spring-orm/4.3.14.RELEASE/spring-orm-4.3.14.RELEASE.jar:/home/stbenjam/.m2/repository/org/springframework/spring-tx/4.3.14.RELEASE/spring-tx-4.3.14.RELEASE.jar:/home/stbenjam/.m2/repository/org/springframework/spring-aspects/4.3.14.RELEASE/spring-aspects-4.3.14.RELEASE.jar:/home/stbenjam/.m2/repository/com/h2database/h2/1.4.196/h2-1.4.196.jar:/home/stbenjam/.m2/repository/org/postgresql/postgresql/9.4-1206-jdbc42/postgresql-9.4-1206-jdbc42.jar:/home/stbenjam/.m2/repository/log4j/log4j/1.2.17/log4j-1.2.17.jar:/home/stbenjam/.m2/repository/com/google/guava/guava/19.0/guava-19.0.jar:/home/stbenjam/.m2/repository/javax/mail/mail/1.4/mail-1.4.jar:/home/stbenjam/.m2/repository/javax/activation/activation/1.1/activation-1.1.jar:/home/stbenjam/.m2/repository/org/springframework/boot/spring-boot-starter-security/1.5.10.RELEASE/spring-boot-starter-security-1.5.10.RELEASE.jar:/home/stbenjam/.m2/repository/org/springframework/spring-aop/4.3.14.RELEASE/spring-aop-4.3.14.RELEASE.jar:/home/stbenjam/.m2/repository/org/springframework/security/spring-security-config/4.2.4.RELEASE/spring-security-config-4.2.4.RELEASE.jar:/home/stbenjam/.m2/repository/org/springframework/security/spring-security-web/4.2.4.RELEASE/spring-security-web-4.2.4.RELEASE.jar:/home/stbenjam/.m2/repository/org/springframework/boot/spring-boot-starter-mail/1.4.3.RELEASE/spring-boot-starter-mail-1.4.3.RELEASE.jar:/home/stbenjam/.m2/repository/org/springframework/spring-context/4.3.14.RELEASE/spring-context-4.3.14.RELEASE.jar:/home/stbenjam/.m2/repository/com/sun/mail/javax.mail/1.5.6/javax.mail-1.5.6.jar:/home/stbenjam/.m2/repository/com/icegreen/greenmail/1.5.5/greenmail-1.5.5.jar:/home/stbenjam/.m2/repository/org/slf4j/slf4j-api/1.7.25/slf4j-api-1.7.25.jar:/home/stbenjam/.m2/repository/org/springframework/security/spring-security-test/4.2.4.RELEASE/spring-security-test-4.2.4.RELEASE.jar:/home/stbenjam/.m2/repository/org/springframework/security/spring-security-core/4.2.4.RELEASE/spring-security-core-4.2.4.RELEASE.jar:/home/stbenjam/.m2/repository/aopalliance/aopalliance/1.0/aopalliance-1.0.jar:/home/stbenjam/.m2/repository/org/springframework/security/oauth/spring-security-oauth2/2.0.14.RELEASE/spring-security-oauth2-2.0.14.RELEASE.jar:/home/stbenjam/.m2/repository/org/springframework/spring-beans/4.3.14.RELEASE/spring-beans-4.3.14.RELEASE.jar:/home/stbenjam/.m2/repository/commons-codec/commons-codec/1.10/commons-codec-1.10.jar:/home/stbenjam/.m2/repository/org/codehaus/jackson/jackson-mapper-asl/1.9.13/jackson-mapper-asl-1.9.13.jar:/home/stbenjam/.m2/repository/org/codehaus/jackson/jackson-core-asl/1.9.13/jackson-core-asl-1.9.13.jar:/home/stbenjam/.m2/repository/io/springfox/springfox-swagger2/2.8.0/springfox-swagger2-2.8.0.jar:/home/stbenjam/.m2/repository/io/swagger/swagger-annotations/1.5.14/swagger-annotations-1.5.14.jar:/home/stbenjam/.m2/repository/io/swagger/swagger-models/1.5.14/swagger-models-1.5.14.jar:/home/stbenjam/.m2/repository/io/springfox/springfox-spi/2.8.0/springfox-spi-2.8.0.jar:/home/stbenjam/.m2/repository/io/springfox/springfox-core/2.8.0/springfox-core-2.8.0.jar:/home/stbenjam/.m2/repository/net/bytebuddy/byte-buddy/1.7.9/byte-buddy-1.7.9.jar:/home/stbenjam/.m2/repository/io/springfox/springfox-schema/2.8.0/springfox-schema-2.8.0.jar:/home/stbenjam/.m2/repository/io/springfox/springfox-swagger-common/2.8.0/springfox-swagger-common-2.8.0.jar:/home/stbenjam/.m2/repository/io/springfox/springfox-spring-web/2.8.0/springfox-spring-web-2.8.0.jar:/home/stbenjam/.m2/repository/org/reflections/reflections/0.9.11/reflections-0.9.11.jar:/home/stbenjam/.m2/repository/com/fasterxml/classmate/1.3.4/classmate-1.3.4.jar:/home/stbenjam/.m2/repository/org/springframework/plugin/spring-plugin-core/1.2.0.RELEASE/spring-plugin-core-1.2.0.RELEASE.jar:/home/stbenjam/.m2/repository/org/springframework/plugin/spring-plugin-metadata/1.2.0.RELEASE/spring-plugin-metadata-1.2.0.RELEASE.jar:/home/stbenjam/.m2/repository/org/mapstruct/mapstruct/1.2.0.Final/mapstruct-1.2.0.Final.jar:/home/stbenjam/.m2/repository/io/springfox/springfox-swagger-ui/2.8.0/springfox-swagger-ui-2.8.0.jar:/home/stbenjam/.m2/repository/io/springfox/springfox-data-rest/2.8.0/springfox-data-rest-2.8.0.jar:/home/stbenjam/.m2/repository/org/springframework/hateoas/spring-hateoas/0.23.0.RELEASE/spring-hateoas-0.23.0.RELEASE.jar:/home/stbenjam/.m2/repository/org/usb4java/usb4java-javax/1.2.0/usb4java-javax-1.2.0.jar:/home/stbenjam/.m2/repository/javax/usb/usb-api/1.0.2/usb-api-1.0.2.jar:/home/stbenjam/.m2/repository/org/apache/commons/commons-lang3/3.2.1/commons-lang3-3.2.1.jar:/home/stbenjam/.m2/repository/org/usb4java/usb4java/1.2.0/usb4java-1.2.0.jar:/home/stbenjam/.m2/repository/org/usb4java/libusb4java/1.2.0/libusb4java-1.2.0-linux-x86.jar:/home/stbenjam/.m2/repository/org/usb4java/libusb4java/1.2.0/libusb4java-1.2.0-linux-x86_64.jar:/home/stbenjam/.m2/repository/org/usb4java/libusb4java/1.2.0/libusb4java-1.2.0-linux-arm.jar:/home/stbenjam/.m2/repository/org/usb4java/libusb4java/1.2.0/libusb4java-1.2.0-windows-x86.jar:/home/stbenjam/.m2/repository/org/usb4java/libusb4java/1.2.0/libusb4java-1.2.0-windows-x86_64.jar:/home/stbenjam/.m2/repository/org/usb4java/libusb4java/1.2.0/libusb4java-1.2.0-osx-x86.jar:/home/stbenjam/.m2/repository/org/usb4java/libusb4java/1.2.0/libusb4java-1.2.0-osx-x86_64.jar:/home/stbenjam/.m2/repository/org/mockito/mockito-all/1.9.5/mockito-all-1.9.5.jar:/home/stbenjam/.m2/repository/com/fasterxml/jackson/core/jackson-databind/2.5.0/jackson-databind-2.5.0.jar:/home/stbenjam/.m2/repository/com/fasterxml/jackson/core/jackson-core/2.8.10/jackson-core-2.8.10.jar:/home/stbenjam/.m2/repository/com/vaadin/external/google/android-json/0.0.20131108.vaadin1/android-json-0.0.20131108.vaadin1.jar:/home/stbenjam/.m2/repository/com/tngtech/java/junit-dataprovider/1.13.1/junit-dataprovider-1.13.1.jar:/home/stbenjam/.m2/repository/org/springframework/spring-context-support/3.2.0.RELEASE/spring-context-support-3.2.0.RELEASE.jar:, user.name=stbenjam, java.vm.specification.version=1.8, sun.java.command=/home/stbenjam/git/h2ms/target/surefire/surefirebooter618343035117595110.jar /home/stbenjam/git/h2ms/target/surefire/surefire9035386188001234096tmp /home/stbenjam/git/h2ms/target/surefire/surefire_0343681757683274478tmp, java.home=/usr/lib/jvm/java-1.8.0-openjdk-1.8.0.161-0.b14.fc27.x86_64/jre, sun.arch.data.model=64, user.language=en, java.specification.vendor=Oracle Corporation, awt.toolkit=sun.awt.X11.XToolkit, java.vm.info=mixed mode, java.version=1.8.0_161, java.ext.dirs=/usr/lib/jvm/java-1.8.0-openjdk-1.8.0.161-0.b14.fc27.x86_64/jre/lib/ext:/usr/java/packages/lib/ext, sun.boot.class.path=/usr/lib/jvm/java-1.8.0-openjdk-1.8.0.161-0.b14.fc27.x86_64/jre/lib/resources.jar:/usr/lib/jvm/java-1.8.0-openjdk-1.8.0.161-0.b14.fc27.x86_64/jre/lib/rt.jar:/usr/lib/jvm/java-1.8.0-openjdk-1.8.0.161-0.b14.fc27.x86_64/jre/lib/sunrsasign.jar:/usr/lib/jvm/java-1.8.0-openjdk-1.8.0.161-0.b14.fc27.x86_64/jre/lib/jsse.jar:/usr/lib/jvm/java-1.8.0-openjdk-1.8.0.161-0.b14.fc27.x86_64/jre/lib/jce.jar:/usr/lib/jvm/java-1.8.0-openjdk-1.8.0.161-0.b14.fc27.x86_64/jre/lib/charsets.jar:/usr/lib/jvm/java-1.8.0-openjdk-1.8.0.161-0.b14.fc27.x86_64/jre/lib/jfr.jar:/usr/lib/jvm/java-1.8.0-openjdk-1.8.0.161-0.b14.fc27.x86_64/jre/classes, java.vendor=Oracle Corporation, localRepository=/home/stbenjam/.m2/repository, file.separator=/, java.vendor.url.bug=http://bugreport.sun.com/bugreport/, sun.io.unicode.encoding=UnicodeLittle, sun.cpu.endian=little, sun.desktop=gnome, sun.cpu.isalist=}}, SystemEnvironmentPropertySource@454884231 {name='systemEnvironment', properties={IRBRC=/home/stbenjam/.rvm/rubies/ruby-2.3.3/.irbrc, PATH=/home/stbenjam/.rvm/gems/ruby-2.3.3/bin:/home/stbenjam/.rvm/gems/ruby-2.3.3@global/bin:/home/stbenjam/.rvm/rubies/ruby-2.3.3/bin:/usr/local/bin:/usr/bin:/bin:/usr/local/sbin:/usr/sbin:/home/stbenjam/.local/bin:/home/stbenjam/bin:/home/stbenjam/.rvm/bin, rvm_silent_flag=, HISTCONTROL=ignoredups, XMODIFIERS=@im=ibus, GDMSESSION=gnome-xorg, rvm_quiet_flag=, GUESTFISH_RESTORE=\e[0m, DBUS_SESSION_BUS_ADDRESS=unix:path=/run/user/1000/bus,guid=0ff0c73f492cc1dc3846ae835aac7cd0, COLORTERM=truecolor, rvm_ruby_make_install=, rvm_niceness=, SESSION_MANAGER=local/unix:@/tmp/.ICE-unix/1818,unix/unix:/tmp/.ICE-unix/1818, USERNAME=stbenjam, rvm_version=1.29.1 (latest), PWD=/home/stbenjam/git/h2ms, MANAGERPID=1759, LESSOPEN=||/usr/bin/lesspipe.sh %s, PAGER=less, QTINC=/usr/lib64/qt-3.3/include, rvm_hook=, rvm_wrapper_name=, MY_RUBY_HOME=/home/stbenjam/.rvm/rubies/ruby-2.3.3, rvm_nightly_flag=, ZSH=/home/stbenjam/.oh-my-zsh, rvm_path=/home/stbenjam/.rvm, GUESTFISH_INIT=\e[1;34m, GNOME_DESKTOP_SESSION_ID=this-is-deprecated, SYSTEMD_NSS_BYPASS_BUS=1, DBUS_STARTER_ADDRESS=unix:path=/run/user/1000/bus,guid=0ff0c73f492cc1dc3846ae835aac7cd0, LC_CTYPE=en_US.UTF-8, SHLVL=2, LOADEDMODULES=, HISTSIZE=10000, JAVA_HOME=/usr/lib/jvm/java-1.8.0-openjdk-1.8.0.161-0.b14.fc27.x86_64, TERM=xterm-256color, XDG_SESSION_ID=2, rvm_script_name=, rvm_ruby_make=, rvm_docs_type=, _=/usr/lib/jvm/java-1.8.0-openjdk-1.8.0.161-0.b14.fc27.x86_64/jre/bin/java, MAVEN_PROJECTBASEDIR=/home/stbenjam/git/h2ms, DESKTOP_SESSION=gnome-xorg, XDG_MENU_PREFIX=gnome-, VTE_VERSION=5002, rvm_alias_expanded=, rvm_ruby_bits=, GEM_PATH=/home/stbenjam/.rvm/gems/ruby-2.3.3:/home/stbenjam/.rvm/gems/ruby-2.3.3@global, TILIX_ID=df6230d2-2679-42ab-bd7f-667d05988153, XAUTHORITY=/run/user/1000/gdm/Xauthority, INVOCATION_ID=2a8a59bd24d3424f8a519125eeaea755, XDG_DATA_DIRS=/home/stbenjam/.local/share/flatpak/exports/share/:/var/lib/flatpak/exports/share/:/usr/local/share/:/usr/share/, MODULEPATH=/etc/scl/modulefiles:/etc/scl/modulefiles:/usr/share/Modules/modulefiles:/etc/modulefiles:/usr/share/modulefiles, rvm_bin_flag=, VAGRANT_DEFAULT_PROVIDER=libvirt, XDG_CURRENT_DESKTOP=GNOME, JOURNAL_STREAM=9:35277, MAIL=/var/spool/mail/stbenjam, rvm_ruby_mode=, LOGNAME=stbenjam, rvm_proxy=, SHELL=/bin/zsh, rvm_sdk=, OLDPWD=/home/stbenjam/git/h2ms, GEM_HOME=/home/stbenjam/.rvm/gems/ruby-2.3.3, rvm_use_flag=, GIT=/bin/git, RUBY_VERSION=ruby-2.3.3, _system_name=Fedora, LESS=-R, XDG_SESSION_DESKTOP=gnome-xorg, LS_COLORS=rs=0:di=38;5;33:ln=38;5;51:mh=00:pi=40;38;5;11:so=38;5;13:do=38;5;5:bd=48;5;232;38;5;11:cd=48;5;232;38;5;3:or=48;5;232;38;5;9:mi=01;05;37;41:su=48;5;196;38;5;15:sg=48;5;11;38;5;16:ca=48;5;196;38;5;226:tw=48;5;10;38;5;16:ow=48;5;10;38;5;21:st=48;5;21;38;5;15:ex=38;5;40:*.tar=38;5;9:*.tgz=38;5;9:*.arc=38;5;9:*.arj=38;5;9:*.taz=38;5;9:*.lha=38;5;9:*.lz4=38;5;9:*.lzh=38;5;9:*.lzma=38;5;9:*.tlz=38;5;9:*.txz=38;5;9:*.tzo=38;5;9:*.t7z=38;5;9:*.zip=38;5;9:*.z=38;5;9:*.Z=38;5;9:*.dz=38;5;9:*.gz=38;5;9:*.lrz=38;5;9:*.lz=38;5;9:*.lzo=38;5;9:*.xz=38;5;9:*.zst=38;5;9:*.tzst=38;5;9:*.bz2=38;5;9:*.bz=38;5;9:*.tbz=38;5;9:*.tbz2=38;5;9:*.tz=38;5;9:*.deb=38;5;9:*.rpm=38;5;9:*.jar=38;5;9:*.war=38;5;9:*.ear=38;5;9:*.sar=38;5;9:*.rar=38;5;9:*.alz=38;5;9:*.ace=38;5;9:*.zoo=38;5;9:*.cpio=38;5;9:*.7z=38;5;9:*.rz=38;5;9:*.cab=38;5;9:*.wim=38;5;9:*.swm=38;5;9:*.dwm=38;5;9:*.esd=38;5;9:*.jpg=38;5;13:*.jpeg=38;5;13:*.mjpg=38;5;13:*.mjpeg=38;5;13:*.gif=38;5;13:*.bmp=38;5;13:*.pbm=38;5;13:*.pgm=38;5;13:*.ppm=38;5;13:*.tga=38;5;13:*.xbm=38;5;13:*.xpm=38;5;13:*.tif=38;5;13:*.tiff=38;5;13:*.png=38;5;13:*.svg=38;5;13:*.svgz=38;5;13:*.mng=38;5;13:*.pcx=38;5;13:*.mov=38;5;13:*.mpg=38;5;13:*.mpeg=38;5;13:*.m2v=38;5;13:*.mkv=38;5;13:*.webm=38;5;13:*.ogm=38;5;13:*.mp4=38;5;13:*.m4v=38;5;13:*.mp4v=38;5;13:*.vob=38;5;13:*.qt=38;5;13:*.nuv=38;5;13:*.wmv=38;5;13:*.asf=38;5;13:*.rm=38;5;13:*.rmvb=38;5;13:*.flc=38;5;13:*.avi=38;5;13:*.fli=38;5;13:*.flv=38;5;13:*.gl=38;5;13:*.dl=38;5;13:*.xcf=38;5;13:*.xwd=38;5;13:*.yuv=38;5;13:*.cgm=38;5;13:*.emf=38;5;13:*.ogv=38;5;13:*.ogx=38;5;13:*.aac=38;5;45:*.au=38;5;45:*.flac=38;5;45:*.m4a=38;5;45:*.mid=38;5;45:*.midi=38;5;45:*.mka=38;5;45:*.mp3=38;5;45:*.mpc=38;5;45:*.ogg=38;5;45:*.ra=38;5;45:*.wav=38;5;45:*.oga=38;5;45:*.opus=38;5;45:*.spx=38;5;45:*.xspf=38;5;45:, rvm_gemstone_package_file=, _system_arch=x86_64, rvm_bin_path=/home/stbenjam/.rvm/bin, QT_IM_MODULE=ibus, rvm_only_path_flag=, rvm_prefix=/home/stbenjam, LANG=en_US.UTF-8, XDG_SESSION_TYPE=x11, DISPLAY=:0, rvm_gemstone_url=, GDM_LANG=en_US.UTF-8, GUESTFISH_PS1=\[\e[1;32m\]><fs>\[\e[0;31m\] , LSCOLORS=Gxfxcxdxbxegedabagacad, _system_type=Linux, _system_version=27, GPG_TTY=/dev/pts/1, USER=stbenjam, rvm_ruby_file=, WINDOWPATH=2, XDG_SEAT=seat0, SSH_AUTH_SOCK=/run/user/1000/keyring/ssh, EDITOR=vim, HOSTNAME=ancient.bitbin.de, MODULESHOME=/usr/share/Modules, QTDIR=/usr/lib64/qt-3.3, XDG_RUNTIME_DIR=/run/user/1000, XDG_VTNR=2, GUESTFISH_OUTPUT=\e[0m, DBUS_STARTER_BUS_TYPE=session, QTLIB=/usr/lib64/qt-3.3/lib, HOME=/home/stbenjam}}]
21:09:27.284 [main] INFO org.springframework.boot.test.context.SpringBootTestContextBootstrapper - Found @SpringBootConfiguration edu.harvard.h2ms.H2MSRestAppInitializer for test class edu.harvard.h2ms.service.LocationServiceTests
21:09:27.285 [main] DEBUG org.springframework.boot.test.context.SpringBootTestContextBootstrapper - @TestExecutionListeners is not present for class [edu.harvard.h2ms.service.LocationServiceTests]: using defaults.
21:09:27.288 [main] INFO org.springframework.boot.test.context.SpringBootTestContextBootstrapper - Loaded default TestExecutionListener class names from location [META-INF/spring.factories]: [org.springframework.boot.test.mock.mockito.MockitoTestExecutionListener, org.springframework.boot.test.mock.mockito.ResetMocksTestExecutionListener, org.springframework.boot.test.autoconfigure.restdocs.RestDocsTestExecutionListener, org.springframework.boot.test.autoconfigure.web.client.MockRestServiceServerResetTestExecutionListener, org.springframework.boot.test.autoconfigure.web.servlet.MockMvcPrintOnlyOnFailureTestExecutionListener, org.springframework.boot.test.autoconfigure.web.servlet.WebDriverTestExecutionListener, org.springframework.test.context.web.ServletTestExecutionListener, org.springframework.test.context.support.DirtiesContextBeforeModesTestExecutionListener, org.springframework.test.context.support.DependencyInjectionTestExecutionListener, org.springframework.test.context.support.DirtiesContextTestExecutionListener, org.springframework.test.context.transaction.TransactionalTestExecutionListener, org.springframework.test.context.jdbc.SqlScriptsTestExecutionListener, org.springframework.security.test.context.support.WithSecurityContextTestExecutionListener]
21:09:27.290 [main] INFO org.springframework.boot.test.context.SpringBootTestContextBootstrapper - Using TestExecutionListeners: [org.springframework.test.context.web.ServletTestExecutionListener@d2de489, org.springframework.test.context.support.DirtiesContextBeforeModesTestExecutionListener@14bdbc74, org.springframework.boot.test.autoconfigure.SpringBootDependencyInjectionTestExecutionListener@12591ac8, org.springframework.test.context.support.DirtiesContextTestExecutionListener@5a7fe64f, org.springframework.test.context.transaction.TransactionalTestExecutionListener@38145825, org.springframework.test.context.jdbc.SqlScriptsTestExecutionListener@41330d4f, org.springframework.security.test.context.support.WithSecurityContextTestExecutionListener@1b66c0fb, org.springframework.boot.test.mock.mockito.MockitoTestExecutionListener@3e0e1046, org.springframework.boot.test.mock.mockito.ResetMocksTestExecutionListener@24c1b2d2, org.springframework.boot.test.autoconfigure.restdocs.RestDocsTestExecutionListener@7dc19a70, org.springframework.boot.test.autoconfigure.web.client.MockRestServiceServerResetTestExecutionListener@508dec2b, org.springframework.boot.test.autoconfigure.web.servlet.MockMvcPrintOnlyOnFailureTestExecutionListener@1e4f4a5c, org.springframework.boot.test.autoconfigure.web.servlet.WebDriverTestExecutionListener@37313c65]
21:09:27.291 [main] DEBUG org.springframework.test.annotation.ProfileValueUtils - Retrieved @ProfileValueSourceConfiguration [null] for test class [edu.harvard.h2ms.service.LocationServiceTests]
21:09:27.291 [main] DEBUG org.springframework.test.annotation.ProfileValueUtils - Retrieved ProfileValueSource type [class org.springframework.test.annotation.SystemProfileValueSource] for class [edu.harvard.h2ms.service.LocationServiceTests]
21:09:27.292 [main] DEBUG org.springframework.test.annotation.ProfileValueUtils - Retrieved @ProfileValueSourceConfiguration [null] for test class [edu.harvard.h2ms.service.LocationServiceTests]
21:09:27.292 [main] DEBUG org.springframework.test.annotation.ProfileValueUtils - Retrieved ProfileValueSource type [class org.springframework.test.annotation.SystemProfileValueSource] for class [edu.harvard.h2ms.service.LocationServiceTests]
21:09:27.294 [main] DEBUG org.springframework.test.context.support.AbstractDirtiesContextTestExecutionListener - Before test class: context [DefaultTestContext@7486b455 testClass = LocationServiceTests, testInstance = [null], testMethod = [null], testException = [null], mergedContextConfiguration = [MergedContextConfiguration@660acfb testClass = LocationServiceTests, locations = '{}', classes = '{class edu.harvard.h2ms.H2MSRestAppInitializer}', contextInitializerClasses = '[]', activeProfiles = '{}', propertySourceLocations = '{}', propertySourceProperties = '{org.springframework.boot.test.context.SpringBootTestContextBootstrapper=true}', contextCustomizers = set[[ImportsContextCustomizer@5d908d47 key = [org.springframework.boot.autoconfigure.cache.CacheAutoConfiguration, org.springframework.boot.autoconfigure.data.jpa.JpaRepositoriesAutoConfiguration, org.springframework.boot.autoconfigure.flyway.FlywayAutoConfiguration, org.springframework.boot.autoconfigure.jdbc.DataSourceAutoConfiguration, org.springframework.boot.autoconfigure.jdbc.DataSourceTransactionManagerAutoConfiguration, org.springframework.boot.autoconfigure.jdbc.JdbcTemplateAutoConfiguration, org.springframework.boot.autoconfigure.liquibase.LiquibaseAutoConfiguration, org.springframework.boot.autoconfigure.orm.jpa.HibernateJpaAutoConfiguration, org.springframework.boot.autoconfigure.transaction.TransactionAutoConfiguration, org.springframework.boot.test.autoconfigure.jdbc.TestDatabaseAutoConfiguration, org.springframework.boot.test.autoconfigure.orm.jpa.TestEntityManagerAutoConfiguration]], org.springframework.boot.test.context.filter.ExcludeFilterContextCustomizer@1ee807c6, org.springframework.boot.test.json.DuplicateJsonObjectContextCustomizerFactory$DuplicateJsonObjectContextCustomizer@6cc7b4de, org.springframework.boot.test.mock.mockito.MockitoContextCustomizer@0, org.springframework.boot.test.autoconfigure.OverrideAutoConfigurationContextCustomizerFactory$DisableAutoConfigurationContextCustomizer@5e25a92e, org.springframework.boot.test.autoconfigure.filter.TypeExcludeFiltersContextCustomizer@351584c0, org.springframework.boot.test.autoconfigure.properties.PropertyMappingContextCustomizer@21f6a1b6, org.springframework.boot.test.autoconfigure.web.servlet.WebDriverContextCustomizerFactory$Customizer@1c72da34], contextLoader = 'org.springframework.boot.test.context.SpringBootContextLoader', parent = [null]]], class annotated with @DirtiesContext [false] with mode [null].
21:09:27.295 [main] DEBUG org.springframework.test.annotation.ProfileValueUtils - Retrieved @ProfileValueSourceConfiguration [null] for test class [edu.harvard.h2ms.service.LocationServiceTests]
21:09:27.295 [main] DEBUG org.springframework.test.annotation.ProfileValueUtils - Retrieved ProfileValueSource type [class org.springframework.test.annotation.SystemProfileValueSource] for class [edu.harvard.h2ms.service.LocationServiceTests]
21:09:27.296 [main] DEBUG org.springframework.test.context.support.DependencyInjectionTestExecutionListener - Performing dependency injection for test context [[DefaultTestContext@7486b455 testClass = LocationServiceTests, testInstance = edu.harvard.h2ms.service.LocationServiceTests@2d29b4ee, testMethod = [null], testException = [null], mergedContextConfiguration = [MergedContextConfiguration@660acfb testClass = LocationServiceTests, locations = '{}', classes = '{class edu.harvard.h2ms.H2MSRestAppInitializer}', contextInitializerClasses = '[]', activeProfiles = '{}', propertySourceLocations = '{}', propertySourceProperties = '{org.springframework.boot.test.context.SpringBootTestContextBootstrapper=true}', contextCustomizers = set[[ImportsContextCustomizer@5d908d47 key = [org.springframework.boot.autoconfigure.cache.CacheAutoConfiguration, org.springframework.boot.autoconfigure.data.jpa.JpaRepositoriesAutoConfiguration, org.springframework.boot.autoconfigure.flyway.FlywayAutoConfiguration, org.springframework.boot.autoconfigure.jdbc.DataSourceAutoConfiguration, org.springframework.boot.autoconfigure.jdbc.DataSourceTransactionManagerAutoConfiguration, org.springframework.boot.autoconfigure.jdbc.JdbcTemplateAutoConfiguration, org.springframework.boot.autoconfigure.liquibase.LiquibaseAutoConfiguration, org.springframework.boot.autoconfigure.orm.jpa.HibernateJpaAutoConfiguration, org.springframework.boot.autoconfigure.transaction.TransactionAutoConfiguration, org.springframework.boot.test.autoconfigure.jdbc.TestDatabaseAutoConfiguration, org.springframework.boot.test.autoconfigure.orm.jpa.TestEntityManagerAutoConfiguration]], org.springframework.boot.test.context.filter.ExcludeFilterContextCustomizer@1ee807c6, org.springframework.boot.test.json.DuplicateJsonObjectContextCustomizerFactory$DuplicateJsonObjectContextCustomizer@6cc7b4de, org.springframework.boot.test.mock.mockito.MockitoContextCustomizer@0, org.springframework.boot.test.autoconfigure.OverrideAutoConfigurationContextCustomizerFactory$DisableAutoConfigurationContextCustomizer@5e25a92e, org.springframework.boot.test.autoconfigure.filter.TypeExcludeFiltersContextCustomizer@351584c0, org.springframework.boot.test.autoconfigure.properties.PropertyMappingContextCustomizer@21f6a1b6, org.springframework.boot.test.autoconfigure.web.servlet.WebDriverContextCustomizerFactory$Customizer@1c72da34], contextLoader = 'org.springframework.boot.test.context.SpringBootContextLoader', parent = [null]]]].
21:09:27.378 [main] DEBUG org.springframework.core.env.StandardEnvironment - Adding PropertySource 'systemProperties' with lowest search precedence
21:09:27.378 [main] DEBUG org.springframework.core.env.StandardEnvironment - Adding PropertySource 'systemEnvironment' with lowest search precedence
21:09:27.378 [main] DEBUG org.springframework.core.env.StandardEnvironment - Initialized StandardEnvironment with PropertySources [MapPropertySource@652176954 {name='systemProperties', properties={java.runtime.name=OpenJDK Runtime Environment, sun.boot.library.path=/usr/lib/jvm/java-1.8.0-openjdk-1.8.0.161-0.b14.fc27.x86_64/jre/lib/amd64, java.vm.version=25.161-b14, java.vm.vendor=Oracle Corporation, java.vendor.url=http://java.oracle.com/, path.separator=:, java.vm.name=OpenJDK 64-Bit Server VM, file.encoding.pkg=sun.io, user.country=US, sun.java.launcher=SUN_STANDARD, sun.os.patch.level=unknown, java.vm.specification.name=Java Virtual Machine Specification, user.dir=/home/stbenjam/git/h2ms, java.runtime.version=1.8.0_161-b14, basedir=/home/stbenjam/git/h2ms, java.awt.graphicsenv=sun.awt.X11GraphicsEnvironment, java.endorsed.dirs=/usr/lib/jvm/java-1.8.0-openjdk-1.8.0.161-0.b14.fc27.x86_64/jre/lib/endorsed, os.arch=amd64, surefire.real.class.path=/home/stbenjam/git/h2ms/target/surefire/surefirebooter618343035117595110.jar, java.io.tmpdir=/tmp, line.separator=
, java.vm.specification.vendor=Oracle Corporation, os.name=Linux, sun.jnu.encoding=UTF-8, java.library.path=/usr/java/packages/lib/amd64:/usr/lib64:/lib64:/lib:/usr/lib, surefire.test.class.path=/home/stbenjam/git/h2ms/target/test-classes:/home/stbenjam/git/h2ms/target/classes:/home/stbenjam/.m2/repository/org/springframework/boot/spring-boot-starter-data-rest/1.5.10.RELEASE/spring-boot-starter-data-rest-1.5.10.RELEASE.jar:/home/stbenjam/.m2/repository/org/springframework/boot/spring-boot-starter/1.5.10.RELEASE/spring-boot-starter-1.5.10.RELEASE.jar:/home/stbenjam/.m2/repository/org/springframework/boot/spring-boot/1.5.10.RELEASE/spring-boot-1.5.10.RELEASE.jar:/home/stbenjam/.m2/repository/org/springframework/boot/spring-boot-autoconfigure/1.5.10.RELEASE/spring-boot-autoconfigure-1.5.10.RELEASE.jar:/home/stbenjam/.m2/repository/org/springframework/boot/spring-boot-starter-logging/1.5.10.RELEASE/spring-boot-starter-logging-1.5.10.RELEASE.jar:/home/stbenjam/.m2/repository/ch/qos/logback/logback-classic/1.1.11/logback-classic-1.1.11.jar:/home/stbenjam/.m2/repository/ch/qos/logback/logback-core/1.1.11/logback-core-1.1.11.jar:/home/stbenjam/.m2/repository/org/slf4j/jul-to-slf4j/1.7.25/jul-to-slf4j-1.7.25.jar:/home/stbenjam/.m2/repository/org/slf4j/log4j-over-slf4j/1.7.25/log4j-over-slf4j-1.7.25.jar:/home/stbenjam/.m2/repository/org/yaml/snakeyaml/1.17/snakeyaml-1.17.jar:/home/stbenjam/.m2/repository/com/fasterxml/jackson/core/jackson-annotations/2.8.0/jackson-annotations-2.8.0.jar:/home/stbenjam/.m2/repository/org/springframework/data/spring-data-rest-webmvc/2.6.10.RELEASE/spring-data-rest-webmvc-2.6.10.RELEASE.jar:/home/stbenjam/.m2/repository/org/springframework/data/spring-data-rest-core/2.6.10.RELEASE/spring-data-rest-core-2.6.10.RELEASE.jar:/home/stbenjam/.m2/repository/org/atteo/evo-inflector/1.2.2/evo-inflector-1.2.2.jar:/home/stbenjam/.m2/repository/org/slf4j/jcl-over-slf4j/1.7.25/jcl-over-slf4j-1.7.25.jar:/home/stbenjam/.m2/repository/org/springframework/boot/spring-boot-starter-web/1.5.10.RELEASE/spring-boot-starter-web-1.5.10.RELEASE.jar:/home/stbenjam/.m2/repository/org/springframework/boot/spring-boot-starter-tomcat/1.5.10.RELEASE/spring-boot-starter-tomcat-1.5.10.RELEASE.jar:/home/stbenjam/.m2/repository/org/apache/tomcat/embed/tomcat-embed-core/8.5.27/tomcat-embed-core-8.5.27.jar:/home/stbenjam/.m2/repository/org/apache/tomcat/tomcat-annotations-api/8.5.27/tomcat-annotations-api-8.5.27.jar:/home/stbenjam/.m2/repository/org/apache/tomcat/embed/tomcat-embed-el/8.5.27/tomcat-embed-el-8.5.27.jar:/home/stbenjam/.m2/repository/org/apache/tomcat/embed/tomcat-embed-websocket/8.5.27/tomcat-embed-websocket-8.5.27.jar:/home/stbenjam/.m2/repository/org/hibernate/hibernate-validator/5.3.6.Final/hibernate-validator-5.3.6.Final.jar:/home/stbenjam/.m2/repository/javax/validation/validation-api/1.1.0.Final/validation-api-1.1.0.Final.jar:/home/stbenjam/.m2/repository/org/jboss/logging/jboss-logging/3.3.1.Final/jboss-logging-3.3.1.Final.jar:/home/stbenjam/.m2/repository/org/springframework/spring-web/4.3.14.RELEASE/spring-web-4.3.14.RELEASE.jar:/home/stbenjam/.m2/repository/org/springframework/spring-webmvc/4.3.14.RELEASE/spring-webmvc-4.3.14.RELEASE.jar:/home/stbenjam/.m2/repository/org/springframework/spring-expression/4.3.14.RELEASE/spring-expression-4.3.14.RELEASE.jar:/home/stbenjam/.m2/repository/org/springframework/boot/spring-boot-starter-thymeleaf/1.5.10.RELEASE/spring-boot-starter-thymeleaf-1.5.10.RELEASE.jar:/home/stbenjam/.m2/repository/org/thymeleaf/thymeleaf-spring4/2.1.6.RELEASE/thymeleaf-spring4-2.1.6.RELEASE.jar:/home/stbenjam/.m2/repository/org/thymeleaf/thymeleaf/2.1.6.RELEASE/thymeleaf-2.1.6.RELEASE.jar:/home/stbenjam/.m2/repository/ognl/ognl/3.0.8/ognl-3.0.8.jar:/home/stbenjam/.m2/repository/org/unbescape/unbescape/1.1.0.RELEASE/unbescape-1.1.0.RELEASE.jar:/home/stbenjam/.m2/repository/nz/net/ultraq/thymeleaf/thymeleaf-layout-dialect/1.4.0/thymeleaf-layout-dialect-1.4.0.jar:/home/stbenjam/.m2/repository/org/codehaus/groovy/groovy/2.4.13/groovy-2.4.13.jar:/home/stbenjam/.m2/repository/org/springframework/boot/spring-boot-starter-test/1.5.10.RELEASE/spring-boot-starter-test-1.5.10.RELEASE.jar:/home/stbenjam/.m2/repository/org/springframework/boot/spring-boot-test/1.5.10.RELEASE/spring-boot-test-1.5.10.RELEASE.jar:/home/stbenjam/.m2/repository/org/springframework/boot/spring-boot-test-autoconfigure/1.5.10.RELEASE/spring-boot-test-autoconfigure-1.5.10.RELEASE.jar:/home/stbenjam/.m2/repository/com/jayway/jsonpath/json-path/2.2.0/json-path-2.2.0.jar:/home/stbenjam/.m2/repository/net/minidev/json-smart/2.2.1/json-smart-2.2.1.jar:/home/stbenjam/.m2/repository/net/minidev/accessors-smart/1.1/accessors-smart-1.1.jar:/home/stbenjam/.m2/repository/org/ow2/asm/asm/5.0.3/asm-5.0.3.jar:/home/stbenjam/.m2/repository/junit/junit/4.12/junit-4.12.jar:/home/stbenjam/.m2/repository/org/assertj/assertj-core/2.6.0/assertj-core-2.6.0.jar:/home/stbenjam/.m2/repository/org/mockito/mockito-core/1.10.19/mockito-core-1.10.19.jar:/home/stbenjam/.m2/repository/org/objenesis/objenesis/2.1/objenesis-2.1.jar:/home/stbenjam/.m2/repository/org/hamcrest/hamcrest-core/1.3/hamcrest-core-1.3.jar:/home/stbenjam/.m2/repository/org/hamcrest/hamcrest-library/1.3/hamcrest-library-1.3.jar:/home/stbenjam/.m2/repository/org/skyscreamer/jsonassert/1.4.0/jsonassert-1.4.0.jar:/home/stbenjam/.m2/repository/org/springframework/spring-core/4.3.14.RELEASE/spring-core-4.3.14.RELEASE.jar:/home/stbenjam/.m2/repository/org/springframework/spring-test/4.3.14.RELEASE/spring-test-4.3.14.RELEASE.jar:/home/stbenjam/.m2/repository/org/springframework/restdocs/spring-restdocs-mockmvc/1.1.3.RELEASE/spring-restdocs-mockmvc-1.1.3.RELEASE.jar:/home/stbenjam/.m2/repository/org/springframework/restdocs/spring-restdocs-core/1.1.3.RELEASE/spring-restdocs-core-1.1.3.RELEASE.jar:/home/stbenjam/.m2/repository/javax/servlet/javax.servlet-api/3.1.0/javax.servlet-api-3.1.0.jar:/home/stbenjam/.m2/repository/org/springframework/boot/spring-boot-starter-data-jpa/1.5.10.RELEASE/spring-boot-starter-data-jpa-1.5.10.RELEASE.jar:/home/stbenjam/.m2/repository/org/springframework/boot/spring-boot-starter-aop/1.5.10.RELEASE/spring-boot-starter-aop-1.5.10.RELEASE.jar:/home/stbenjam/.m2/repository/org/aspectj/aspectjweaver/1.8.13/aspectjweaver-1.8.13.jar:/home/stbenjam/.m2/repository/org/springframework/boot/spring-boot-starter-jdbc/1.5.10.RELEASE/spring-boot-starter-jdbc-1.5.10.RELEASE.jar:/home/stbenjam/.m2/repository/org/apache/tomcat/tomcat-jdbc/8.5.27/tomcat-jdbc-8.5.27.jar:/home/stbenjam/.m2/repository/org/apache/tomcat/tomcat-juli/8.5.27/tomcat-juli-8.5.27.jar:/home/stbenjam/.m2/repository/org/springframework/spring-jdbc/4.3.14.RELEASE/spring-jdbc-4.3.14.RELEASE.jar:/home/stbenjam/.m2/repository/org/hibernate/hibernate-core/5.0.12.Final/hibernate-core-5.0.12.Final.jar:/home/stbenjam/.m2/repository/org/hibernate/javax/persistence/hibernate-jpa-2.1-api/1.0.0.Final/hibernate-jpa-2.1-api-1.0.0.Final.jar:/home/stbenjam/.m2/repository/org/javassist/javassist/3.21.0-GA/javassist-3.21.0-GA.jar:/home/stbenjam/.m2/repository/antlr/antlr/2.7.7/antlr-2.7.7.jar:/home/stbenjam/.m2/repository/org/jboss/jandex/2.0.0.Final/jandex-2.0.0.Final.jar:/home/stbenjam/.m2/repository/dom4j/dom4j/1.6.1/dom4j-1.6.1.jar:/home/stbenjam/.m2/repository/org/hibernate/common/hibernate-commons-annotations/5.0.1.Final/hibernate-commons-annotations-5.0.1.Final.jar:/home/stbenjam/.m2/repository/org/hibernate/hibernate-entitymanager/5.0.12.Final/hibernate-entitymanager-5.0.12.Final.jar:/home/stbenjam/.m2/repository/javax/transaction/javax.transaction-api/1.2/javax.transaction-api-1.2.jar:/home/stbenjam/.m2/repository/org/springframework/data/spring-data-jpa/1.11.10.RELEASE/spring-data-jpa-1.11.10.RELEASE.jar:/home/stbenjam/.m2/repository/org/springframework/data/spring-data-commons/1.13.10.RELEASE/spring-data-commons-1.13.10.RELEASE.jar:/home/stbenjam/.m2/repository/org/springframework/spring-orm/4.3.14.RELEASE/spring-orm-4.3.14.RELEASE.jar:/home/stbenjam/.m2/repository/org/springframework/spring-tx/4.3.14.RELEASE/spring-tx-4.3.14.RELEASE.jar:/home/stbenjam/.m2/repository/org/springframework/spring-aspects/4.3.14.RELEASE/spring-aspects-4.3.14.RELEASE.jar:/home/stbenjam/.m2/repository/com/h2database/h2/1.4.196/h2-1.4.196.jar:/home/stbenjam/.m2/repository/org/postgresql/postgresql/9.4-1206-jdbc42/postgresql-9.4-1206-jdbc42.jar:/home/stbenjam/.m2/repository/log4j/log4j/1.2.17/log4j-1.2.17.jar:/home/stbenjam/.m2/repository/com/google/guava/guava/19.0/guava-19.0.jar:/home/stbenjam/.m2/repository/javax/mail/mail/1.4/mail-1.4.jar:/home/stbenjam/.m2/repository/javax/activation/activation/1.1/activation-1.1.jar:/home/stbenjam/.m2/repository/org/springframework/boot/spring-boot-starter-security/1.5.10.RELEASE/spring-boot-starter-security-1.5.10.RELEASE.jar:/home/stbenjam/.m2/repository/org/springframework/spring-aop/4.3.14.RELEASE/spring-aop-4.3.14.RELEASE.jar:/home/stbenjam/.m2/repository/org/springframework/security/spring-security-config/4.2.4.RELEASE/spring-security-config-4.2.4.RELEASE.jar:/home/stbenjam/.m2/repository/org/springframework/security/spring-security-web/4.2.4.RELEASE/spring-security-web-4.2.4.RELEASE.jar:/home/stbenjam/.m2/repository/org/springframework/boot/spring-boot-starter-mail/1.4.3.RELEASE/spring-boot-starter-mail-1.4.3.RELEASE.jar:/home/stbenjam/.m2/repository/org/springframework/spring-context/4.3.14.RELEASE/spring-context-4.3.14.RELEASE.jar:/home/stbenjam/.m2/repository/com/sun/mail/javax.mail/1.5.6/javax.mail-1.5.6.jar:/home/stbenjam/.m2/repository/com/icegreen/greenmail/1.5.5/greenmail-1.5.5.jar:/home/stbenjam/.m2/repository/org/slf4j/slf4j-api/1.7.25/slf4j-api-1.7.25.jar:/home/stbenjam/.m2/repository/org/springframework/security/spring-security-test/4.2.4.RELEASE/spring-security-test-4.2.4.RELEASE.jar:/home/stbenjam/.m2/repository/org/springframework/security/spring-security-core/4.2.4.RELEASE/spring-security-core-4.2.4.RELEASE.jar:/home/stbenjam/.m2/repository/aopalliance/aopalliance/1.0/aopalliance-1.0.jar:/home/stbenjam/.m2/repository/org/springframework/security/oauth/spring-security-oauth2/2.0.14.RELEASE/spring-security-oauth2-2.0.14.RELEASE.jar:/home/stbenjam/.m2/repository/org/springframework/spring-beans/4.3.14.RELEASE/spring-beans-4.3.14.RELEASE.jar:/home/stbenjam/.m2/repository/commons-codec/commons-codec/1.10/commons-codec-1.10.jar:/home/stbenjam/.m2/repository/org/codehaus/jackson/jackson-mapper-asl/1.9.13/jackson-mapper-asl-1.9.13.jar:/home/stbenjam/.m2/repository/org/codehaus/jackson/jackson-core-asl/1.9.13/jackson-core-asl-1.9.13.jar:/home/stbenjam/.m2/repository/io/springfox/springfox-swagger2/2.8.0/springfox-swagger2-2.8.0.jar:/home/stbenjam/.m2/repository/io/swagger/swagger-annotations/1.5.14/swagger-annotations-1.5.14.jar:/home/stbenjam/.m2/repository/io/swagger/swagger-models/1.5.14/swagger-models-1.5.14.jar:/home/stbenjam/.m2/repository/io/springfox/springfox-spi/2.8.0/springfox-spi-2.8.0.jar:/home/stbenjam/.m2/repository/io/springfox/springfox-core/2.8.0/springfox-core-2.8.0.jar:/home/stbenjam/.m2/repository/net/bytebuddy/byte-buddy/1.7.9/byte-buddy-1.7.9.jar:/home/stbenjam/.m2/repository/io/springfox/springfox-schema/2.8.0/springfox-schema-2.8.0.jar:/home/stbenjam/.m2/repository/io/springfox/springfox-swagger-common/2.8.0/springfox-swagger-common-2.8.0.jar:/home/stbenjam/.m2/repository/io/springfox/springfox-spring-web/2.8.0/springfox-spring-web-2.8.0.jar:/home/stbenjam/.m2/repository/org/reflections/reflections/0.9.11/reflections-0.9.11.jar:/home/stbenjam/.m2/repository/com/fasterxml/classmate/1.3.4/classmate-1.3.4.jar:/home/stbenjam/.m2/repository/org/springframework/plugin/spring-plugin-core/1.2.0.RELEASE/spring-plugin-core-1.2.0.RELEASE.jar:/home/stbenjam/.m2/repository/org/springframework/plugin/spring-plugin-metadata/1.2.0.RELEASE/spring-plugin-metadata-1.2.0.RELEASE.jar:/home/stbenjam/.m2/repository/org/mapstruct/mapstruct/1.2.0.Final/mapstruct-1.2.0.Final.jar:/home/stbenjam/.m2/repository/io/springfox/springfox-swagger-ui/2.8.0/springfox-swagger-ui-2.8.0.jar:/home/stbenjam/.m2/repository/io/springfox/springfox-data-rest/2.8.0/springfox-data-rest-2.8.0.jar:/home/stbenjam/.m2/repository/org/springframework/hateoas/spring-hateoas/0.23.0.RELEASE/spring-hateoas-0.23.0.RELEASE.jar:/home/stbenjam/.m2/repository/org/usb4java/usb4java-javax/1.2.0/usb4java-javax-1.2.0.jar:/home/stbenjam/.m2/repository/javax/usb/usb-api/1.0.2/usb-api-1.0.2.jar:/home/stbenjam/.m2/repository/org/apache/commons/commons-lang3/3.2.1/commons-lang3-3.2.1.jar:/home/stbenjam/.m2/repository/org/usb4java/usb4java/1.2.0/usb4java-1.2.0.jar:/home/stbenjam/.m2/repository/org/usb4java/libusb4java/1.2.0/libusb4java-1.2.0-linux-x86.jar:/home/stbenjam/.m2/repository/org/usb4java/libusb4java/1.2.0/libusb4java-1.2.0-linux-x86_64.jar:/home/stbenjam/.m2/repository/org/usb4java/libusb4java/1.2.0/libusb4java-1.2.0-linux-arm.jar:/home/stbenjam/.m2/repository/org/usb4java/libusb4java/1.2.0/libusb4java-1.2.0-windows-x86.jar:/home/stbenjam/.m2/repository/org/usb4java/libusb4java/1.2.0/libusb4java-1.2.0-windows-x86_64.jar:/home/stbenjam/.m2/repository/org/usb4java/libusb4java/1.2.0/libusb4java-1.2.0-osx-x86.jar:/home/stbenjam/.m2/repository/org/usb4java/libusb4java/1.2.0/libusb4java-1.2.0-osx-x86_64.jar:/home/stbenjam/.m2/repository/org/mockito/mockito-all/1.9.5/mockito-all-1.9.5.jar:/home/stbenjam/.m2/repository/com/fasterxml/jackson/core/jackson-databind/2.5.0/jackson-databind-2.5.0.jar:/home/stbenjam/.m2/repository/com/fasterxml/jackson/core/jackson-core/2.8.10/jackson-core-2.8.10.jar:/home/stbenjam/.m2/repository/com/vaadin/external/google/android-json/0.0.20131108.vaadin1/android-json-0.0.20131108.vaadin1.jar:/home/stbenjam/.m2/repository/com/tngtech/java/junit-dataprovider/1.13.1/junit-dataprovider-1.13.1.jar:/home/stbenjam/.m2/repository/org/springframework/spring-context-support/3.2.0.RELEASE/spring-context-support-3.2.0.RELEASE.jar:, java.specification.name=Java Platform API Specification, java.class.version=52.0, sun.management.compiler=HotSpot 64-Bit Tiered Compilers, os.version=4.14.14-300.fc27.x86_64, user.home=/home/stbenjam, user.timezone=America/New_York, java.awt.printerjob=sun.print.PSPrinterJob, file.encoding=UTF-8, java.specification.version=1.8, java.class.path=/home/stbenjam/git/h2ms/target/test-classes:/home/stbenjam/git/h2ms/target/classes:/home/stbenjam/.m2/repository/org/springframework/boot/spring-boot-starter-data-rest/1.5.10.RELEASE/spring-boot-starter-data-rest-1.5.10.RELEASE.jar:/home/stbenjam/.m2/repository/org/springframework/boot/spring-boot-starter/1.5.10.RELEASE/spring-boot-starter-1.5.10.RELEASE.jar:/home/stbenjam/.m2/repository/org/springframework/boot/spring-boot/1.5.10.RELEASE/spring-boot-1.5.10.RELEASE.jar:/home/stbenjam/.m2/repository/org/springframework/boot/spring-boot-autoconfigure/1.5.10.RELEASE/spring-boot-autoconfigure-1.5.10.RELEASE.jar:/home/stbenjam/.m2/repository/org/springframework/boot/spring-boot-starter-logging/1.5.10.RELEASE/spring-boot-starter-logging-1.5.10.RELEASE.jar:/home/stbenjam/.m2/repository/ch/qos/logback/logback-classic/1.1.11/logback-classic-1.1.11.jar:/home/stbenjam/.m2/repository/ch/qos/logback/logback-core/1.1.11/logback-core-1.1.11.jar:/home/stbenjam/.m2/repository/org/slf4j/jul-to-slf4j/1.7.25/jul-to-slf4j-1.7.25.jar:/home/stbenjam/.m2/repository/org/slf4j/log4j-over-slf4j/1.7.25/log4j-over-slf4j-1.7.25.jar:/home/stbenjam/.m2/repository/org/yaml/snakeyaml/1.17/snakeyaml-1.17.jar:/home/stbenjam/.m2/repository/com/fasterxml/jackson/core/jackson-annotations/2.8.0/jackson-annotations-2.8.0.jar:/home/stbenjam/.m2/repository/org/springframework/data/spring-data-rest-webmvc/2.6.10.RELEASE/spring-data-rest-webmvc-2.6.10.RELEASE.jar:/home/stbenjam/.m2/repository/org/springframework/data/spring-data-rest-core/2.6.10.RELEASE/spring-data-rest-core-2.6.10.RELEASE.jar:/home/stbenjam/.m2/repository/org/atteo/evo-inflector/1.2.2/evo-inflector-1.2.2.jar:/home/stbenjam/.m2/repository/org/slf4j/jcl-over-slf4j/1.7.25/jcl-over-slf4j-1.7.25.jar:/home/stbenjam/.m2/repository/org/springframework/boot/spring-boot-starter-web/1.5.10.RELEASE/spring-boot-starter-web-1.5.10.RELEASE.jar:/home/stbenjam/.m2/repository/org/springframework/boot/spring-boot-starter-tomcat/1.5.10.RELEASE/spring-boot-starter-tomcat-1.5.10.RELEASE.jar:/home/stbenjam/.m2/repository/org/apache/tomcat/embed/tomcat-embed-core/8.5.27/tomcat-embed-core-8.5.27.jar:/home/stbenjam/.m2/repository/org/apache/tomcat/tomcat-annotations-api/8.5.27/tomcat-annotations-api-8.5.27.jar:/home/stbenjam/.m2/repository/org/apache/tomcat/embed/tomcat-embed-el/8.5.27/tomcat-embed-el-8.5.27.jar:/home/stbenjam/.m2/repository/org/apache/tomcat/embed/tomcat-embed-websocket/8.5.27/tomcat-embed-websocket-8.5.27.jar:/home/stbenjam/.m2/repository/org/hibernate/hibernate-validator/5.3.6.Final/hibernate-validator-5.3.6.Final.jar:/home/stbenjam/.m2/repository/javax/validation/validation-api/1.1.0.Final/validation-api-1.1.0.Final.jar:/home/stbenjam/.m2/repository/org/jboss/logging/jboss-logging/3.3.1.Final/jboss-logging-3.3.1.Final.jar:/home/stbenjam/.m2/repository/org/springframework/spring-web/4.3.14.RELEASE/spring-web-4.3.14.RELEASE.jar:/home/stbenjam/.m2/repository/org/springframework/spring-webmvc/4.3.14.RELEASE/spring-webmvc-4.3.14.RELEASE.jar:/home/stbenjam/.m2/repository/org/springframework/spring-expression/4.3.14.RELEASE/spring-expression-4.3.14.RELEASE.jar:/home/stbenjam/.m2/repository/org/springframework/boot/spring-boot-starter-thymeleaf/1.5.10.RELEASE/spring-boot-starter-thymeleaf-1.5.10.RELEASE.jar:/home/stbenjam/.m2/repository/org/thymeleaf/thymeleaf-spring4/2.1.6.RELEASE/thymeleaf-spring4-2.1.6.RELEASE.jar:/home/stbenjam/.m2/repository/org/thymeleaf/thymeleaf/2.1.6.RELEASE/thymeleaf-2.1.6.RELEASE.jar:/home/stbenjam/.m2/repository/ognl/ognl/3.0.8/ognl-3.0.8.jar:/home/stbenjam/.m2/repository/org/unbescape/unbescape/1.1.0.RELEASE/unbescape-1.1.0.RELEASE.jar:/home/stbenjam/.m2/repository/nz/net/ultraq/thymeleaf/thymeleaf-layout-dialect/1.4.0/thymeleaf-layout-dialect-1.4.0.jar:/home/stbenjam/.m2/repository/org/codehaus/groovy/groovy/2.4.13/groovy-2.4.13.jar:/home/stbenjam/.m2/repository/org/springframework/boot/spring-boot-starter-test/1.5.10.RELEASE/spring-boot-starter-test-1.5.10.RELEASE.jar:/home/stbenjam/.m2/repository/org/springframework/boot/spring-boot-test/1.5.10.RELEASE/spring-boot-test-1.5.10.RELEASE.jar:/home/stbenjam/.m2/repository/org/springframework/boot/spring-boot-test-autoconfigure/1.5.10.RELEASE/spring-boot-test-autoconfigure-1.5.10.RELEASE.jar:/home/stbenjam/.m2/repository/com/jayway/jsonpath/json-path/2.2.0/json-path-2.2.0.jar:/home/stbenjam/.m2/repository/net/minidev/json-smart/2.2.1/json-smart-2.2.1.jar:/home/stbenjam/.m2/repository/net/minidev/accessors-smart/1.1/accessors-smart-1.1.jar:/home/stbenjam/.m2/repository/org/ow2/asm/asm/5.0.3/asm-5.0.3.jar:/home/stbenjam/.m2/repository/junit/junit/4.12/junit-4.12.jar:/home/stbenjam/.m2/repository/org/assertj/assertj-core/2.6.0/assertj-core-2.6.0.jar:/home/stbenjam/.m2/repository/org/mockito/mockito-core/1.10.19/mockito-core-1.10.19.jar:/home/stbenjam/.m2/repository/org/objenesis/objenesis/2.1/objenesis-2.1.jar:/home/stbenjam/.m2/repository/org/hamcrest/hamcrest-core/1.3/hamcrest-core-1.3.jar:/home/stbenjam/.m2/repository/org/hamcrest/hamcrest-library/1.3/hamcrest-library-1.3.jar:/home/stbenjam/.m2/repository/org/skyscreamer/jsonassert/1.4.0/jsonassert-1.4.0.jar:/home/stbenjam/.m2/repository/org/springframework/spring-core/4.3.14.RELEASE/spring-core-4.3.14.RELEASE.jar:/home/stbenjam/.m2/repository/org/springframework/spring-test/4.3.14.RELEASE/spring-test-4.3.14.RELEASE.jar:/home/stbenjam/.m2/repository/org/springframework/restdocs/spring-restdocs-mockmvc/1.1.3.RELEASE/spring-restdocs-mockmvc-1.1.3.RELEASE.jar:/home/stbenjam/.m2/repository/org/springframework/restdocs/spring-restdocs-core/1.1.3.RELEASE/spring-restdocs-core-1.1.3.RELEASE.jar:/home/stbenjam/.m2/repository/javax/servlet/javax.servlet-api/3.1.0/javax.servlet-api-3.1.0.jar:/home/stbenjam/.m2/repository/org/springframework/boot/spring-boot-starter-data-jpa/1.5.10.RELEASE/spring-boot-starter-data-jpa-1.5.10.RELEASE.jar:/home/stbenjam/.m2/repository/org/springframework/boot/spring-boot-starter-aop/1.5.10.RELEASE/spring-boot-starter-aop-1.5.10.RELEASE.jar:/home/stbenjam/.m2/repository/org/aspectj/aspectjweaver/1.8.13/aspectjweaver-1.8.13.jar:/home/stbenjam/.m2/repository/org/springframework/boot/spring-boot-starter-jdbc/1.5.10.RELEASE/spring-boot-starter-jdbc-1.5.10.RELEASE.jar:/home/stbenjam/.m2/repository/org/apache/tomcat/tomcat-jdbc/8.5.27/tomcat-jdbc-8.5.27.jar:/home/stbenjam/.m2/repository/org/apache/tomcat/tomcat-juli/8.5.27/tomcat-juli-8.5.27.jar:/home/stbenjam/.m2/repository/org/springframework/spring-jdbc/4.3.14.RELEASE/spring-jdbc-4.3.14.RELEASE.jar:/home/stbenjam/.m2/repository/org/hibernate/hibernate-core/5.0.12.Final/hibernate-core-5.0.12.Final.jar:/home/stbenjam/.m2/repository/org/hibernate/javax/persistence/hibernate-jpa-2.1-api/1.0.0.Final/hibernate-jpa-2.1-api-1.0.0.Final.jar:/home/stbenjam/.m2/repository/org/javassist/javassist/3.21.0-GA/javassist-3.21.0-GA.jar:/home/stbenjam/.m2/repository/antlr/antlr/2.7.7/antlr-2.7.7.jar:/home/stbenjam/.m2/repository/org/jboss/jandex/2.0.0.Final/jandex-2.0.0.Final.jar:/home/stbenjam/.m2/repository/dom4j/dom4j/1.6.1/dom4j-1.6.1.jar:/home/stbenjam/.m2/repository/org/hibernate/common/hibernate-commons-annotations/5.0.1.Final/hibernate-commons-annotations-5.0.1.Final.jar:/home/stbenjam/.m2/repository/org/hibernate/hibernate-entitymanager/5.0.12.Final/hibernate-entitymanager-5.0.12.Final.jar:/home/stbenjam/.m2/repository/javax/transaction/javax.transaction-api/1.2/javax.transaction-api-1.2.jar:/home/stbenjam/.m2/repository/org/springframework/data/spring-data-jpa/1.11.10.RELEASE/spring-data-jpa-1.11.10.RELEASE.jar:/home/stbenjam/.m2/repository/org/springframework/data/spring-data-commons/1.13.10.RELEASE/spring-data-commons-1.13.10.RELEASE.jar:/home/stbenjam/.m2/repository/org/springframework/spring-orm/4.3.14.RELEASE/spring-orm-4.3.14.RELEASE.jar:/home/stbenjam/.m2/repository/org/springframework/spring-tx/4.3.14.RELEASE/spring-tx-4.3.14.RELEASE.jar:/home/stbenjam/.m2/repository/org/springframework/spring-aspects/4.3.14.RELEASE/spring-aspects-4.3.14.RELEASE.jar:/home/stbenjam/.m2/repository/com/h2database/h2/1.4.196/h2-1.4.196.jar:/home/stbenjam/.m2/repository/org/postgresql/postgresql/9.4-1206-jdbc42/postgresql-9.4-1206-jdbc42.jar:/home/stbenjam/.m2/repository/log4j/log4j/1.2.17/log4j-1.2.17.jar:/home/stbenjam/.m2/repository/com/google/guava/guava/19.0/guava-19.0.jar:/home/stbenjam/.m2/repository/javax/mail/mail/1.4/mail-1.4.jar:/home/stbenjam/.m2/repository/javax/activation/activation/1.1/activation-1.1.jar:/home/stbenjam/.m2/repository/org/springframework/boot/spring-boot-starter-security/1.5.10.RELEASE/spring-boot-starter-security-1.5.10.RELEASE.jar:/home/stbenjam/.m2/repository/org/springframework/spring-aop/4.3.14.RELEASE/spring-aop-4.3.14.RELEASE.jar:/home/stbenjam/.m2/repository/org/springframework/security/spring-security-config/4.2.4.RELEASE/spring-security-config-4.2.4.RELEASE.jar:/home/stbenjam/.m2/repository/org/springframework/security/spring-security-web/4.2.4.RELEASE/spring-security-web-4.2.4.RELEASE.jar:/home/stbenjam/.m2/repository/org/springframework/boot/spring-boot-starter-mail/1.4.3.RELEASE/spring-boot-starter-mail-1.4.3.RELEASE.jar:/home/stbenjam/.m2/repository/org/springframework/spring-context/4.3.14.RELEASE/spring-context-4.3.14.RELEASE.jar:/home/stbenjam/.m2/repository/com/sun/mail/javax.mail/1.5.6/javax.mail-1.5.6.jar:/home/stbenjam/.m2/repository/com/icegreen/greenmail/1.5.5/greenmail-1.5.5.jar:/home/stbenjam/.m2/repository/org/slf4j/slf4j-api/1.7.25/slf4j-api-1.7.25.jar:/home/stbenjam/.m2/repository/org/springframework/security/spring-security-test/4.2.4.RELEASE/spring-security-test-4.2.4.RELEASE.jar:/home/stbenjam/.m2/repository/org/springframework/security/spring-security-core/4.2.4.RELEASE/spring-security-core-4.2.4.RELEASE.jar:/home/stbenjam/.m2/repository/aopalliance/aopalliance/1.0/aopalliance-1.0.jar:/home/stbenjam/.m2/repository/org/springframework/security/oauth/spring-security-oauth2/2.0.14.RELEASE/spring-security-oauth2-2.0.14.RELEASE.jar:/home/stbenjam/.m2/repository/org/springframework/spring-beans/4.3.14.RELEASE/spring-beans-4.3.14.RELEASE.jar:/home/stbenjam/.m2/repository/commons-codec/commons-codec/1.10/commons-codec-1.10.jar:/home/stbenjam/.m2/repository/org/codehaus/jackson/jackson-mapper-asl/1.9.13/jackson-mapper-asl-1.9.13.jar:/home/stbenjam/.m2/repository/org/codehaus/jackson/jackson-core-asl/1.9.13/jackson-core-asl-1.9.13.jar:/home/stbenjam/.m2/repository/io/springfox/springfox-swagger2/2.8.0/springfox-swagger2-2.8.0.jar:/home/stbenjam/.m2/repository/io/swagger/swagger-annotations/1.5.14/swagger-annotations-1.5.14.jar:/home/stbenjam/.m2/repository/io/swagger/swagger-models/1.5.14/swagger-models-1.5.14.jar:/home/stbenjam/.m2/repository/io/springfox/springfox-spi/2.8.0/springfox-spi-2.8.0.jar:/home/stbenjam/.m2/repository/io/springfox/springfox-core/2.8.0/springfox-core-2.8.0.jar:/home/stbenjam/.m2/repository/net/bytebuddy/byte-buddy/1.7.9/byte-buddy-1.7.9.jar:/home/stbenjam/.m2/repository/io/springfox/springfox-schema/2.8.0/springfox-schema-2.8.0.jar:/home/stbenjam/.m2/repository/io/springfox/springfox-swagger-common/2.8.0/springfox-swagger-common-2.8.0.jar:/home/stbenjam/.m2/repository/io/springfox/springfox-spring-web/2.8.0/springfox-spring-web-2.8.0.jar:/home/stbenjam/.m2/repository/org/reflections/reflections/0.9.11/reflections-0.9.11.jar:/home/stbenjam/.m2/repository/com/fasterxml/classmate/1.3.4/classmate-1.3.4.jar:/home/stbenjam/.m2/repository/org/springframework/plugin/spring-plugin-core/1.2.0.RELEASE/spring-plugin-core-1.2.0.RELEASE.jar:/home/stbenjam/.m2/repository/org/springframework/plugin/spring-plugin-metadata/1.2.0.RELEASE/spring-plugin-metadata-1.2.0.RELEASE.jar:/home/stbenjam/.m2/repository/org/mapstruct/mapstruct/1.2.0.Final/mapstruct-1.2.0.Final.jar:/home/stbenjam/.m2/repository/io/springfox/springfox-swagger-ui/2.8.0/springfox-swagger-ui-2.8.0.jar:/home/stbenjam/.m2/repository/io/springfox/springfox-data-rest/2.8.0/springfox-data-rest-2.8.0.jar:/home/stbenjam/.m2/repository/org/springframework/hateoas/spring-hateoas/0.23.0.RELEASE/spring-hateoas-0.23.0.RELEASE.jar:/home/stbenjam/.m2/repository/org/usb4java/usb4java-javax/1.2.0/usb4java-javax-1.2.0.jar:/home/stbenjam/.m2/repository/javax/usb/usb-api/1.0.2/usb-api-1.0.2.jar:/home/stbenjam/.m2/repository/org/apache/commons/commons-lang3/3.2.1/commons-lang3-3.2.1.jar:/home/stbenjam/.m2/repository/org/usb4java/usb4java/1.2.0/usb4java-1.2.0.jar:/home/stbenjam/.m2/repository/org/usb4java/libusb4java/1.2.0/libusb4java-1.2.0-linux-x86.jar:/home/stbenjam/.m2/repository/org/usb4java/libusb4java/1.2.0/libusb4java-1.2.0-linux-x86_64.jar:/home/stbenjam/.m2/repository/org/usb4java/libusb4java/1.2.0/libusb4java-1.2.0-linux-arm.jar:/home/stbenjam/.m2/repository/org/usb4java/libusb4java/1.2.0/libusb4java-1.2.0-windows-x86.jar:/home/stbenjam/.m2/repository/org/usb4java/libusb4java/1.2.0/libusb4java-1.2.0-windows-x86_64.jar:/home/stbenjam/.m2/repository/org/usb4java/libusb4java/1.2.0/libusb4java-1.2.0-osx-x86.jar:/home/stbenjam/.m2/repository/org/usb4java/libusb4java/1.2.0/libusb4java-1.2.0-osx-x86_64.jar:/home/stbenjam/.m2/repository/org/mockito/mockito-all/1.9.5/mockito-all-1.9.5.jar:/home/stbenjam/.m2/repository/com/fasterxml/jackson/core/jackson-databind/2.5.0/jackson-databind-2.5.0.jar:/home/stbenjam/.m2/repository/com/fasterxml/jackson/core/jackson-core/2.8.10/jackson-core-2.8.10.jar:/home/stbenjam/.m2/repository/com/vaadin/external/google/android-json/0.0.20131108.vaadin1/android-json-0.0.20131108.vaadin1.jar:/home/stbenjam/.m2/repository/com/tngtech/java/junit-dataprovider/1.13.1/junit-dataprovider-1.13.1.jar:/home/stbenjam/.m2/repository/org/springframework/spring-context-support/3.2.0.RELEASE/spring-context-support-3.2.0.RELEASE.jar:, user.name=stbenjam, java.vm.specification.version=1.8, sun.java.command=/home/stbenjam/git/h2ms/target/surefire/surefirebooter618343035117595110.jar /home/stbenjam/git/h2ms/target/surefire/surefire9035386188001234096tmp /home/stbenjam/git/h2ms/target/surefire/surefire_0343681757683274478tmp, java.home=/usr/lib/jvm/java-1.8.0-openjdk-1.8.0.161-0.b14.fc27.x86_64/jre, sun.arch.data.model=64, user.language=en, java.specification.vendor=Oracle Corporation, awt.toolkit=sun.awt.X11.XToolkit, java.vm.info=mixed mode, java.version=1.8.0_161, java.ext.dirs=/usr/lib/jvm/java-1.8.0-openjdk-1.8.0.161-0.b14.fc27.x86_64/jre/lib/ext:/usr/java/packages/lib/ext, sun.boot.class.path=/usr/lib/jvm/java-1.8.0-openjdk-1.8.0.161-0.b14.fc27.x86_64/jre/lib/resources.jar:/usr/lib/jvm/java-1.8.0-openjdk-1.8.0.161-0.b14.fc27.x86_64/jre/lib/rt.jar:/usr/lib/jvm/java-1.8.0-openjdk-1.8.0.161-0.b14.fc27.x86_64/jre/lib/sunrsasign.jar:/usr/lib/jvm/java-1.8.0-openjdk-1.8.0.161-0.b14.fc27.x86_64/jre/lib/jsse.jar:/usr/lib/jvm/java-1.8.0-openjdk-1.8.0.161-0.b14.fc27.x86_64/jre/lib/jce.jar:/usr/lib/jvm/java-1.8.0-openjdk-1.8.0.161-0.b14.fc27.x86_64/jre/lib/charsets.jar:/usr/lib/jvm/java-1.8.0-openjdk-1.8.0.161-0.b14.fc27.x86_64/jre/lib/jfr.jar:/usr/lib/jvm/java-1.8.0-openjdk-1.8.0.161-0.b14.fc27.x86_64/jre/classes, java.vendor=Oracle Corporation, localRepository=/home/stbenjam/.m2/repository, file.separator=/, java.vendor.url.bug=http://bugreport.sun.com/bugreport/, sun.io.unicode.encoding=UnicodeLittle, sun.cpu.endian=little, sun.desktop=gnome, sun.cpu.isalist=}}, SystemEnvironmentPropertySource@1245065720 {name='systemEnvironment', properties={IRBRC=/home/stbenjam/.rvm/rubies/ruby-2.3.3/.irbrc, PATH=/home/stbenjam/.rvm/gems/ruby-2.3.3/bin:/home/stbenjam/.rvm/gems/ruby-2.3.3@global/bin:/home/stbenjam/.rvm/rubies/ruby-2.3.3/bin:/usr/local/bin:/usr/bin:/bin:/usr/local/sbin:/usr/sbin:/home/stbenjam/.local/bin:/home/stbenjam/bin:/home/stbenjam/.rvm/bin, rvm_silent_flag=, HISTCONTROL=ignoredups, XMODIFIERS=@im=ibus, GDMSESSION=gnome-xorg, rvm_quiet_flag=, GUESTFISH_RESTORE=\e[0m, DBUS_SESSION_BUS_ADDRESS=unix:path=/run/user/1000/bus,guid=0ff0c73f492cc1dc3846ae835aac7cd0, COLORTERM=truecolor, rvm_ruby_make_install=, rvm_niceness=, SESSION_MANAGER=local/unix:@/tmp/.ICE-unix/1818,unix/unix:/tmp/.ICE-unix/1818, USERNAME=stbenjam, rvm_version=1.29.1 (latest), PWD=/home/stbenjam/git/h2ms, MANAGERPID=1759, LESSOPEN=||/usr/bin/lesspipe.sh %s, PAGER=less, QTINC=/usr/lib64/qt-3.3/include, rvm_hook=, rvm_wrapper_name=, MY_RUBY_HOME=/home/stbenjam/.rvm/rubies/ruby-2.3.3, rvm_nightly_flag=, ZSH=/home/stbenjam/.oh-my-zsh, rvm_path=/home/stbenjam/.rvm, GUESTFISH_INIT=\e[1;34m, GNOME_DESKTOP_SESSION_ID=this-is-deprecated, SYSTEMD_NSS_BYPASS_BUS=1, DBUS_STARTER_ADDRESS=unix:path=/run/user/1000/bus,guid=0ff0c73f492cc1dc3846ae835aac7cd0, LC_CTYPE=en_US.UTF-8, SHLVL=2, LOADEDMODULES=, HISTSIZE=10000, JAVA_HOME=/usr/lib/jvm/java-1.8.0-openjdk-1.8.0.161-0.b14.fc27.x86_64, TERM=xterm-256color, XDG_SESSION_ID=2, rvm_script_name=, rvm_ruby_make=, rvm_docs_type=, _=/usr/lib/jvm/java-1.8.0-openjdk-1.8.0.161-0.b14.fc27.x86_64/jre/bin/java, MAVEN_PROJECTBASEDIR=/home/stbenjam/git/h2ms, DESKTOP_SESSION=gnome-xorg, XDG_MENU_PREFIX=gnome-, VTE_VERSION=5002, rvm_alias_expanded=, rvm_ruby_bits=, GEM_PATH=/home/stbenjam/.rvm/gems/ruby-2.3.3:/home/stbenjam/.rvm/gems/ruby-2.3.3@global, TILIX_ID=df6230d2-2679-42ab-bd7f-667d05988153, XAUTHORITY=/run/user/1000/gdm/Xauthority, INVOCATION_ID=2a8a59bd24d3424f8a519125eeaea755, XDG_DATA_DIRS=/home/stbenjam/.local/share/flatpak/exports/share/:/var/lib/flatpak/exports/share/:/usr/local/share/:/usr/share/, MODULEPATH=/etc/scl/modulefiles:/etc/scl/modulefiles:/usr/share/Modules/modulefiles:/etc/modulefiles:/usr/share/modulefiles, rvm_bin_flag=, VAGRANT_DEFAULT_PROVIDER=libvirt, XDG_CURRENT_DESKTOP=GNOME, JOURNAL_STREAM=9:35277, MAIL=/var/spool/mail/stbenjam, rvm_ruby_mode=, LOGNAME=stbenjam, rvm_proxy=, SHELL=/bin/zsh, rvm_sdk=, OLDPWD=/home/stbenjam/git/h2ms, GEM_HOME=/home/stbenjam/.rvm/gems/ruby-2.3.3, rvm_use_flag=, GIT=/bin/git, RUBY_VERSION=ruby-2.3.3, _system_name=Fedora, LESS=-R, XDG_SESSION_DESKTOP=gnome-xorg, LS_COLORS=rs=0:di=38;5;33:ln=38;5;51:mh=00:pi=40;38;5;11:so=38;5;13:do=38;5;5:bd=48;5;232;38;5;11:cd=48;5;232;38;5;3:or=48;5;232;38;5;9:mi=01;05;37;41:su=48;5;196;38;5;15:sg=48;5;11;38;5;16:ca=48;5;196;38;5;226:tw=48;5;10;38;5;16:ow=48;5;10;38;5;21:st=48;5;21;38;5;15:ex=38;5;40:*.tar=38;5;9:*.tgz=38;5;9:*.arc=38;5;9:*.arj=38;5;9:*.taz=38;5;9:*.lha=38;5;9:*.lz4=38;5;9:*.lzh=38;5;9:*.lzma=38;5;9:*.tlz=38;5;9:*.txz=38;5;9:*.tzo=38;5;9:*.t7z=38;5;9:*.zip=38;5;9:*.z=38;5;9:*.Z=38;5;9:*.dz=38;5;9:*.gz=38;5;9:*.lrz=38;5;9:*.lz=38;5;9:*.lzo=38;5;9:*.xz=38;5;9:*.zst=38;5;9:*.tzst=38;5;9:*.bz2=38;5;9:*.bz=38;5;9:*.tbz=38;5;9:*.tbz2=38;5;9:*.tz=38;5;9:*.deb=38;5;9:*.rpm=38;5;9:*.jar=38;5;9:*.war=38;5;9:*.ear=38;5;9:*.sar=38;5;9:*.rar=38;5;9:*.alz=38;5;9:*.ace=38;5;9:*.zoo=38;5;9:*.cpio=38;5;9:*.7z=38;5;9:*.rz=38;5;9:*.cab=38;5;9:*.wim=38;5;9:*.swm=38;5;9:*.dwm=38;5;9:*.esd=38;5;9:*.jpg=38;5;13:*.jpeg=38;5;13:*.mjpg=38;5;13:*.mjpeg=38;5;13:*.gif=38;5;13:*.bmp=38;5;13:*.pbm=38;5;13:*.pgm=38;5;13:*.ppm=38;5;13:*.tga=38;5;13:*.xbm=38;5;13:*.xpm=38;5;13:*.tif=38;5;13:*.tiff=38;5;13:*.png=38;5;13:*.svg=38;5;13:*.svgz=38;5;13:*.mng=38;5;13:*.pcx=38;5;13:*.mov=38;5;13:*.mpg=38;5;13:*.mpeg=38;5;13:*.m2v=38;5;13:*.mkv=38;5;13:*.webm=38;5;13:*.ogm=38;5;13:*.mp4=38;5;13:*.m4v=38;5;13:*.mp4v=38;5;13:*.vob=38;5;13:*.qt=38;5;13:*.nuv=38;5;13:*.wmv=38;5;13:*.asf=38;5;13:*.rm=38;5;13:*.rmvb=38;5;13:*.flc=38;5;13:*.avi=38;5;13:*.fli=38;5;13:*.flv=38;5;13:*.gl=38;5;13:*.dl=38;5;13:*.xcf=38;5;13:*.xwd=38;5;13:*.yuv=38;5;13:*.cgm=38;5;13:*.emf=38;5;13:*.ogv=38;5;13:*.ogx=38;5;13:*.aac=38;5;45:*.au=38;5;45:*.flac=38;5;45:*.m4a=38;5;45:*.mid=38;5;45:*.midi=38;5;45:*.mka=38;5;45:*.mp3=38;5;45:*.mpc=38;5;45:*.ogg=38;5;45:*.ra=38;5;45:*.wav=38;5;45:*.oga=38;5;45:*.opus=38;5;45:*.spx=38;5;45:*.xspf=38;5;45:, rvm_gemstone_package_file=, _system_arch=x86_64, rvm_bin_path=/home/stbenjam/.rvm/bin, QT_IM_MODULE=ibus, rvm_only_path_flag=, rvm_prefix=/home/stbenjam, LANG=en_US.UTF-8, XDG_SESSION_TYPE=x11, DISPLAY=:0, rvm_gemstone_url=, GDM_LANG=en_US.UTF-8, GUESTFISH_PS1=\[\e[1;32m\]><fs>\[\e[0;31m\] , LSCOLORS=Gxfxcxdxbxegedabagacad, _system_type=Linux, _system_version=27, GPG_TTY=/dev/pts/1, USER=stbenjam, rvm_ruby_file=, WINDOWPATH=2, XDG_SEAT=seat0, SSH_AUTH_SOCK=/run/user/1000/keyring/ssh, EDITOR=vim, HOSTNAME=ancient.bitbin.de, MODULESHOME=/usr/share/Modules, QTDIR=/usr/lib64/qt-3.3, XDG_RUNTIME_DIR=/run/user/1000, XDG_VTNR=2, GUESTFISH_OUTPUT=\e[0m, DBUS_STARTER_BUS_TYPE=session, QTLIB=/usr/lib64/qt-3.3/lib, HOME=/home/stbenjam}}]
21:09:27.381 [main] DEBUG org.springframework.core.env.MutablePropertySources - Adding PropertySource 'inline' with highest search precedence
21:09:27.385 [main] DEBUG org.springframework.test.context.support.TestPropertySourceUtils - Adding inlined properties to environment: {spring.jmx.enabled=false, org.springframework.boot.test.context.SpringBootTestContextBootstrapper=true, server.port=-1}
21:09:27.385 [main] DEBUG org.springframework.core.env.StandardEnvironment - Adding PropertySource 'Inlined Test Properties' with highest search precedence

  .   ____          _            __ _ _
 /\\ / ___'_ __ _ _(_)_ __  __ _ \ \ \ \
( ( )\___ | '_ | '_| | '_ \/ _` | \ \ \ \
 \\/  ___)| |_)| | | | | || (_| |  ) ) ) )
  '  |____| .__|_| |_|_| |_\__, | / / / /
 =========|_|==============|___/=/_/_/_/
 :: Spring Boot ::       (v1.5.10.RELEASE)

2018-03-31 21:09:27.663  INFO 16173 --- [           main] e.h.h2ms.service.LocationServiceTests    : Starting LocationServiceTests on ancient.bitbin.de with PID 16173 (started by stbenjam in /home/stbenjam/git/h2ms)
2018-03-31 21:09:27.664  INFO 16173 --- [           main] e.h.h2ms.service.LocationServiceTests    : No active profile set, falling back to default profiles: default
2018-03-31 21:09:27.870  INFO 16173 --- [           main] s.c.a.AnnotationConfigApplicationContext : Refreshing org.springframework.context.annotation.AnnotationConfigApplicationContext@76884e4b: startup date [Sat Mar 31 21:09:27 EDT 2018]; root of context hierarchy
2018-03-31 21:09:28.386  INFO 16173 --- [           main] beddedDataSourceBeanFactoryPostProcessor : Replacing 'dataSource' DataSource bean with embedded version
2018-03-31 21:09:28.387  INFO 16173 --- [           main] o.s.b.f.s.DefaultListableBeanFactory     : Overriding bean definition for bean 'dataSource' with a different definition: replacing [Root bean: class [null]; scope=; abstract=false; lazyInit=false; autowireMode=3; dependencyCheck=0; autowireCandidate=true; primary=false; factoryBeanName=org.springframework.boot.autoconfigure.jdbc.DataSourceConfiguration$Tomcat; factoryMethodName=dataSource; initMethodName=null; destroyMethodName=(inferred); defined in class path resource [org/springframework/boot/autoconfigure/jdbc/DataSourceConfiguration$Tomcat.class]] with [Root bean: class [org.springframework.boot.test.autoconfigure.jdbc.TestDatabaseAutoConfiguration$EmbeddedDataSourceFactoryBean]; scope=; abstract=false; lazyInit=false; autowireMode=0; dependencyCheck=0; autowireCandidate=true; primary=false; factoryBeanName=null; factoryMethodName=null; initMethodName=null; destroyMethodName=null]
2018-03-31 21:09:28.629  INFO 16173 --- [           main] o.s.j.d.e.EmbeddedDatabaseFactory        : Starting embedded database: url='jdbc:h2:mem:477e45f0-f74d-467a-89c4-f2702aca3a24;DB_CLOSE_DELAY=-1;DB_CLOSE_ON_EXIT=false', username='sa'
2018-03-31 21:09:29.113  INFO 16173 --- [           main] j.LocalContainerEntityManagerFactoryBean : Building JPA container EntityManagerFactory for persistence unit 'default'
2018-03-31 21:09:29.136  INFO 16173 --- [           main] o.hibernate.jpa.internal.util.LogHelper  : HHH000204: Processing PersistenceUnitInfo [
	name: default
	...]
2018-03-31 21:09:29.250  INFO 16173 --- [           main] org.hibernate.Version                    : HHH000412: Hibernate Core {5.0.12.Final}
2018-03-31 21:09:29.251  INFO 16173 --- [           main] org.hibernate.cfg.Environment            : HHH000206: hibernate.properties not found
2018-03-31 21:09:29.253  INFO 16173 --- [           main] org.hibernate.cfg.Environment            : HHH000021: Bytecode provider name : javassist
2018-03-31 21:09:29.318  INFO 16173 --- [           main] o.hibernate.annotations.common.Version   : HCANN000001: Hibernate Commons Annotations {5.0.1.Final}
2018-03-31 21:09:29.474  INFO 16173 --- [           main] org.hibernate.dialect.Dialect            : HHH000400: Using dialect: org.hibernate.dialect.H2Dialect
2018-03-31 21:09:30.099  INFO 16173 --- [           main] org.hibernate.tool.hbm2ddl.SchemaExport  : HHH000227: Running hbm2ddl schema export
Hibernate: drop table answer if exists
Hibernate: drop table event if exists
Hibernate: drop table event_template if exists
Hibernate: drop table h2msrole if exists
Hibernate: drop table location if exists
Hibernate: drop table question if exists
Hibernate: drop table question_options if exists
Hibernate: drop table reader if exists
Hibernate: drop table user_role if exists
Hibernate: drop table users if exists
Hibernate: drop table wrist_band if exists
Hibernate: create table answer (id bigint generated by default as identity, answer_type varchar(255) not null, value varchar(255), event_id bigint, question_id bigint, primary key (id))
Hibernate: create table event (id bigint generated by default as identity, location varchar(255) not null, timestamp timestamp not null, event_template_id bigint not null, observer_id bigint not null, subject_id bigint not null, primary key (id))
Hibernate: create table event_template (id bigint generated by default as identity, name varchar(255) not null, primary key (id))
Hibernate: create table h2msrole (id bigint generated by default as identity, name varchar(255), primary key (id))
Hibernate: create table location (id bigint generated by default as identity, address varchar(255), country varchar(255), name varchar(255), type varchar(255), zip varchar(255), parent_id bigint, parent bigint, primary key (id))
Hibernate: create table question (id bigint generated by default as identity, answer_type varchar(255) not null, priority integer not null, question varchar(255) not null, required boolean not null, event_template_id bigint, primary key (id))
Hibernate: create table question_options (question_id bigint not null, options varchar(255))
Hibernate: create table reader (id bigint generated by default as identity, brand_name varchar(255), capacity varchar(255), charge_time varchar(255), model_number varchar(255), order_number integer, voltage varchar(255), primary key (id))
Hibernate: create table user_role (user_id bigint not null, role_id bigint not null, primary key (user_id, role_id))
Hibernate: create table users (id bigint generated by default as identity, created_on timestamp, email varchar(255) not null, enabled boolean, first_name varchar(255) not null, last_login timestamp, last_name varchar(255) not null, middle_name varchar(255), notification_frequency varchar(255), password varchar(255) not null, reset_token varchar(255), type varchar(255), primary key (id))
Hibernate: create table wrist_band (id bigint generated by default as identity, bit_format varchar(255), color varchar(255), laser_engraved boolean, order_number integer, sku varchar(255), primary key (id))
Hibernate: alter table users add constraint UK_6dotkott2kjsp8vw4d0m25fb7 unique (email)
Hibernate: alter table answer add constraint FKhyn1ywsrt6rxgi79g73fbg2h9 foreign key (event_id) references event
Hibernate: alter table answer add constraint FK8frr4bcabmmeyyu60qt7iiblo foreign key (question_id) references question
Hibernate: alter table event add constraint FKgfsn4ag41954gfg40gmrwib2q foreign key (event_template_id) references event_template
Hibernate: alter table event add constraint FKjs3rogwcqbcsduon6uvailjd6 foreign key (observer_id) references users
Hibernate: alter table event add constraint FK3niylmreok2j1hfoua3xmeydy foreign key (subject_id) references users
Hibernate: alter table location add constraint FKm5xl34yboc8re75qsac6svt6g foreign key (parent_id) references location
Hibernate: alter table location add constraint FKfansd4i9xv9x97fyq62yq3yh9 foreign key (parent) references location
Hibernate: alter table question add constraint FKmthmx291pg64rij16qshkx6o4 foreign key (event_template_id) references event_template
Hibernate: alter table question_options add constraint FKjk4v42xhyfv4ca1yyhorsg5tv foreign key (question_id) references question
Hibernate: alter table user_role add constraint FKmpa6lwndu56ekdvo6qlyudgmq foreign key (role_id) references h2msrole
Hibernate: alter table user_role add constraint FKj345gk1bovqvfame88rcx7yyx foreign key (user_id) references users
2018-03-31 21:09:30.162  INFO 16173 --- [           main] org.hibernate.tool.hbm2ddl.SchemaExport  : HHH000230: Schema export complete
2018-03-31 21:09:30.238  INFO 16173 --- [           main] j.LocalContainerEntityManagerFactoryBean : Initialized JPA EntityManagerFactory for persistence unit 'default'
2018-03-31 21:09:30.703  INFO 16173 --- [           main] e.h.h2ms.service.LocationServiceTests    : Started LocationServiceTests in 3.316 seconds (JVM running for 4.639)
2018-03-31 21:09:30.764  INFO 16173 --- [           main] o.s.t.c.transaction.TransactionContext   : Began transaction (1) for test context [DefaultTestContext@7486b455 testClass = LocationServiceTests, testInstance = edu.harvard.h2ms.service.LocationServiceTests@2d29b4ee, testMethod = whenFindByName_thenReturnLocation@LocationServiceTests, testException = [null], mergedContextConfiguration = [MergedContextConfiguration@660acfb testClass = LocationServiceTests, locations = '{}', classes = '{class edu.harvard.h2ms.H2MSRestAppInitializer}', contextInitializerClasses = '[]', activeProfiles = '{}', propertySourceLocations = '{}', propertySourceProperties = '{org.springframework.boot.test.context.SpringBootTestContextBootstrapper=true}', contextCustomizers = set[[ImportsContextCustomizer@5d908d47 key = [org.springframework.boot.autoconfigure.cache.CacheAutoConfiguration, org.springframework.boot.autoconfigure.data.jpa.JpaRepositoriesAutoConfiguration, org.springframework.boot.autoconfigure.flyway.FlywayAutoConfiguration, org.springframework.boot.autoconfigure.jdbc.DataSourceAutoConfiguration, org.springframework.boot.autoconfigure.jdbc.DataSourceTransactionManagerAutoConfiguration, org.springframework.boot.autoconfigure.jdbc.JdbcTemplateAutoConfiguration, org.springframework.boot.autoconfigure.liquibase.LiquibaseAutoConfiguration, org.springframework.boot.autoconfigure.orm.jpa.HibernateJpaAutoConfiguration, org.springframework.boot.autoconfigure.transaction.TransactionAutoConfiguration, org.springframework.boot.test.autoconfigure.jdbc.TestDatabaseAutoConfiguration, org.springframework.boot.test.autoconfigure.orm.jpa.TestEntityManagerAutoConfiguration]], org.springframework.boot.test.context.filter.ExcludeFilterContextCustomizer@1ee807c6, org.springframework.boot.test.json.DuplicateJsonObjectContextCustomizerFactory$DuplicateJsonObjectContextCustomizer@6cc7b4de, org.springframework.boot.test.mock.mockito.MockitoContextCustomizer@0, org.springframework.boot.test.autoconfigure.OverrideAutoConfigurationContextCustomizerFactory$DisableAutoConfigurationContextCustomizer@5e25a92e, org.springframework.boot.test.autoconfigure.filter.TypeExcludeFiltersContextCustomizer@351584c0, org.springframework.boot.test.autoconfigure.properties.PropertyMappingContextCustomizer@21f6a1b6, org.springframework.boot.test.autoconfigure.web.servlet.WebDriverContextCustomizerFactory$Customizer@1c72da34], contextLoader = 'org.springframework.boot.test.context.SpringBootContextLoader', parent = [null]]]; transaction manager [org.springframework.orm.jpa.JpaTransactionManager@57ce2898]; rollback [true]
Hibernate: insert into location (id, address, country, name, parent_id, type, zip) values (null, ?, ?, ?, ?, ?, ?)
2018-03-31 21:09:30.871  INFO 16173 --- [           main] o.h.h.i.QueryTranslatorFactoryInitiator  : HHH000397: Using ASTQueryTranslatorFactory
Hibernate: select location0_.id as id1_4_, location0_.address as address2_4_, location0_.country as country3_4_, location0_.name as name4_4_, location0_.parent_id as parent_i7_4_, location0_.type as type5_4_, location0_.zip as zip6_4_ from location location0_ where location0_.name=?
Hibernate: insert into location (id, address, country, name, parent_id, type, zip) values (null, ?, ?, ?, ?, ?, ?)
Hibernate: select location0_.id as id1_4_, location0_.address as address2_4_, location0_.country as country3_4_, location0_.name as name4_4_, location0_.parent_id as parent_i7_4_, location0_.type as type5_4_, location0_.zip as zip6_4_ from location location0_ where location0_.name=?
2018-03-31 21:09:31.059  INFO 16173 --- [           main] o.s.t.c.transaction.TransactionContext   : Rolled back transaction for test context [DefaultTestContext@7486b455 testClass = LocationServiceTests, testInstance = edu.harvard.h2ms.service.LocationServiceTests@2d29b4ee, testMethod = whenFindByName_thenReturnLocation@LocationServiceTests, testException = [null], mergedContextConfiguration = [MergedContextConfiguration@660acfb testClass = LocationServiceTests, locations = '{}', classes = '{class edu.harvard.h2ms.H2MSRestAppInitializer}', contextInitializerClasses = '[]', activeProfiles = '{}', propertySourceLocations = '{}', propertySourceProperties = '{org.springframework.boot.test.context.SpringBootTestContextBootstrapper=true}', contextCustomizers = set[[ImportsContextCustomizer@5d908d47 key = [org.springframework.boot.autoconfigure.cache.CacheAutoConfiguration, org.springframework.boot.autoconfigure.data.jpa.JpaRepositoriesAutoConfiguration, org.springframework.boot.autoconfigure.flyway.FlywayAutoConfiguration, org.springframework.boot.autoconfigure.jdbc.DataSourceAutoConfiguration, org.springframework.boot.autoconfigure.jdbc.DataSourceTransactionManagerAutoConfiguration, org.springframework.boot.autoconfigure.jdbc.JdbcTemplateAutoConfiguration, org.springframework.boot.autoconfigure.liquibase.LiquibaseAutoConfiguration, org.springframework.boot.autoconfigure.orm.jpa.HibernateJpaAutoConfiguration, org.springframework.boot.autoconfigure.transaction.TransactionAutoConfiguration, org.springframework.boot.test.autoconfigure.jdbc.TestDatabaseAutoConfiguration, org.springframework.boot.test.autoconfigure.orm.jpa.TestEntityManagerAutoConfiguration]], org.springframework.boot.test.context.filter.ExcludeFilterContextCustomizer@1ee807c6, org.springframework.boot.test.json.DuplicateJsonObjectContextCustomizerFactory$DuplicateJsonObjectContextCustomizer@6cc7b4de, org.springframework.boot.test.mock.mockito.MockitoContextCustomizer@0, org.springframework.boot.test.autoconfigure.OverrideAutoConfigurationContextCustomizerFactory$DisableAutoConfigurationContextCustomizer@5e25a92e, org.springframework.boot.test.autoconfigure.filter.TypeExcludeFiltersContextCustomizer@351584c0, org.springframework.boot.test.autoconfigure.properties.PropertyMappingContextCustomizer@21f6a1b6, org.springframework.boot.test.autoconfigure.web.servlet.WebDriverContextCustomizerFactory$Customizer@1c72da34], contextLoader = 'org.springframework.boot.test.context.SpringBootContextLoader', parent = [null]]].
Tests run: 1, Failures: 0, Errors: 0, Skipped: 0, Time elapsed: 3.855 sec - in edu.harvard.h2ms.service.LocationServiceTests
Running edu.harvard.h2ms.service.UserDetailsServiceTest
2018-03-31 21:09:31.061  INFO 16173 --- [           main] o.s.t.c.s.DefaultTestContextBootstrapper : Neither @ContextConfiguration nor @ContextHierarchy found for test class [edu.harvard.h2ms.service.UserDetailsServiceTest], using DelegatingSmartContextLoader
2018-03-31 21:09:31.062  INFO 16173 --- [           main] o.s.t.c.support.AbstractContextLoader    : Could not detect default resource locations for test class [edu.harvard.h2ms.service.UserDetailsServiceTest]: no resource found for suffixes {-context.xml, Context.groovy}.
2018-03-31 21:09:31.062  INFO 16173 --- [           main] c.s.AbstractDelegatingSmartContextLoader : AnnotationConfigContextLoader detected default configuration classes for context configuration [ContextConfigurationAttributes@62108cd3 declaringClass = 'edu.harvard.h2ms.service.UserDetailsServiceTest', classes = '{class edu.harvard.h2ms.service.UserDetailsServiceTest$UserDetailsServiceContextConfiguration}', locations = '{}', inheritLocations = false, initializers = '{}', inheritInitializers = true, name = [null], contextLoaderClass = 'org.springframework.test.context.ContextLoader'].
2018-03-31 21:09:31.067  INFO 16173 --- [           main] o.s.t.c.s.DefaultTestContextBootstrapper : Loaded default TestExecutionListener class names from location [META-INF/spring.factories]: [org.springframework.boot.test.mock.mockito.MockitoTestExecutionListener, org.springframework.boot.test.mock.mockito.ResetMocksTestExecutionListener, org.springframework.boot.test.autoconfigure.restdocs.RestDocsTestExecutionListener, org.springframework.boot.test.autoconfigure.web.client.MockRestServiceServerResetTestExecutionListener, org.springframework.boot.test.autoconfigure.web.servlet.MockMvcPrintOnlyOnFailureTestExecutionListener, org.springframework.boot.test.autoconfigure.web.servlet.WebDriverTestExecutionListener, org.springframework.test.context.web.ServletTestExecutionListener, org.springframework.test.context.support.DirtiesContextBeforeModesTestExecutionListener, org.springframework.test.context.support.DependencyInjectionTestExecutionListener, org.springframework.test.context.support.DirtiesContextTestExecutionListener, org.springframework.test.context.transaction.TransactionalTestExecutionListener, org.springframework.test.context.jdbc.SqlScriptsTestExecutionListener, org.springframework.security.test.context.support.WithSecurityContextTestExecutionListener]
2018-03-31 21:09:31.067  INFO 16173 --- [           main] o.s.t.c.s.DefaultTestContextBootstrapper : Using TestExecutionListeners: [org.springframework.test.context.web.ServletTestExecutionListener@23396fc0, org.springframework.test.context.support.DirtiesContextBeforeModesTestExecutionListener@c11332b, org.springframework.test.context.support.DependencyInjectionTestExecutionListener@7e5e6573, org.springframework.test.context.support.DirtiesContextTestExecutionListener@3005623b, org.springframework.test.context.transaction.TransactionalTestExecutionListener@58aa5c94, org.springframework.test.context.jdbc.SqlScriptsTestExecutionListener@5d27b4c1, org.springframework.security.test.context.support.WithSecurityContextTestExecutionListener@50df37eb, org.springframework.boot.test.mock.mockito.MockitoTestExecutionListener@4b508371, org.springframework.boot.test.mock.mockito.ResetMocksTestExecutionListener@41143873, org.springframework.boot.test.autoconfigure.restdocs.RestDocsTestExecutionListener@21f50d2c, org.springframework.boot.test.autoconfigure.web.client.MockRestServiceServerResetTestExecutionListener@8bc0696, org.springframework.boot.test.autoconfigure.web.servlet.MockMvcPrintOnlyOnFailureTestExecutionListener@473847fb, org.springframework.boot.test.autoconfigure.web.servlet.WebDriverTestExecutionListener@270f28cf]
2018-03-31 21:09:31.070  INFO 16173 --- [           main] o.s.c.support.GenericApplicationContext  : Refreshing org.springframework.context.support.GenericApplicationContext@2e1add6f: startup date [Sat Mar 31 21:09:31 EDT 2018]; root of context hierarchy
2018-03-31 21:09:31.340  INFO 16173 --- [           main] o.s.c.support.GenericApplicationContext  : Closing org.springframework.context.support.GenericApplicationContext@2e1add6f: startup date [Sat Mar 31 21:09:31 EDT 2018]; root of context hierarchy
2018-03-31 21:09:31.343  INFO 16173 --- [           main] o.s.c.support.GenericApplicationContext  : Refreshing org.springframework.context.support.GenericApplicationContext@8ac512e: startup date [Sat Mar 31 21:09:31 EDT 2018]; root of context hierarchy
Tests run: 2, Failures: 0, Errors: 0, Skipped: 0, Time elapsed: 0.411 sec - in edu.harvard.h2ms.service.UserDetailsServiceTest
Running edu.harvard.h2ms.domain.core.UserTest
2018-03-31 21:09:31.513  INFO 16173 --- [           main] .b.t.c.SpringBootTestContextBootstrapper : Neither @ContextConfiguration nor @ContextHierarchy found for test class [edu.harvard.h2ms.domain.core.UserTest], using SpringBootContextLoader
2018-03-31 21:09:31.513  INFO 16173 --- [           main] o.s.t.c.support.AbstractContextLoader    : Could not detect default resource locations for test class [edu.harvard.h2ms.domain.core.UserTest]: no resource found for suffixes {-context.xml, Context.groovy}.
2018-03-31 21:09:31.513  INFO 16173 --- [           main] t.c.s.AnnotationConfigContextLoaderUtils : Could not detect default configuration classes for test class [edu.harvard.h2ms.domain.core.UserTest]: UserTest does not declare any static, non-private, non-final, nested classes annotated with @Configuration.
2018-03-31 21:09:31.525  INFO 16173 --- [           main] .b.t.c.SpringBootTestContextBootstrapper : Found @SpringBootConfiguration edu.harvard.h2ms.H2MSRestAppInitializer for test class edu.harvard.h2ms.domain.core.UserTest
2018-03-31 21:09:31.527  INFO 16173 --- [           main] .b.t.c.SpringBootTestContextBootstrapper : Loaded default TestExecutionListener class names from location [META-INF/spring.factories]: [org.springframework.boot.test.mock.mockito.MockitoTestExecutionListener, org.springframework.boot.test.mock.mockito.ResetMocksTestExecutionListener, org.springframework.boot.test.autoconfigure.restdocs.RestDocsTestExecutionListener, org.springframework.boot.test.autoconfigure.web.client.MockRestServiceServerResetTestExecutionListener, org.springframework.boot.test.autoconfigure.web.servlet.MockMvcPrintOnlyOnFailureTestExecutionListener, org.springframework.boot.test.autoconfigure.web.servlet.WebDriverTestExecutionListener, org.springframework.test.context.web.ServletTestExecutionListener, org.springframework.test.context.support.DirtiesContextBeforeModesTestExecutionListener, org.springframework.test.context.support.DependencyInjectionTestExecutionListener, org.springframework.test.context.support.DirtiesContextTestExecutionListener, org.springframework.test.context.transaction.TransactionalTestExecutionListener, org.springframework.test.context.jdbc.SqlScriptsTestExecutionListener, org.springframework.security.test.context.support.WithSecurityContextTestExecutionListener]
2018-03-31 21:09:31.528  INFO 16173 --- [           main] .b.t.c.SpringBootTestContextBootstrapper : Using TestExecutionListeners: [org.springframework.test.context.web.ServletTestExecutionListener@466fedfa, org.springframework.test.context.support.DirtiesContextBeforeModesTestExecutionListener@1a7d0c9f, org.springframework.boot.test.autoconfigure.SpringBootDependencyInjectionTestExecutionListener@2b1a901d, org.springframework.test.context.support.DirtiesContextTestExecutionListener@11bdab37, org.springframework.test.context.transaction.TransactionalTestExecutionListener@280484c7, org.springframework.test.context.jdbc.SqlScriptsTestExecutionListener@5a6f6cac, org.springframework.security.test.context.support.WithSecurityContextTestExecutionListener@258a8584, org.springframework.boot.test.mock.mockito.MockitoTestExecutionListener@59127611, org.springframework.boot.test.mock.mockito.ResetMocksTestExecutionListener@553ce348, org.springframework.boot.test.autoconfigure.restdocs.RestDocsTestExecutionListener@7417ef4f, org.springframework.boot.test.autoconfigure.web.client.MockRestServiceServerResetTestExecutionListener@5c0e2ec, org.springframework.boot.test.autoconfigure.web.servlet.MockMvcPrintOnlyOnFailureTestExecutionListener@4fa8bebb, org.springframework.boot.test.autoconfigure.web.servlet.WebDriverTestExecutionListener@7d3c22a5]
2018-03-31 21:09:31.544  INFO 16173 --- [           main] o.s.t.c.transaction.TransactionContext   : Began transaction (1) for test context [DefaultTestContext@3feebf9c testClass = UserTest, testInstance = edu.harvard.h2ms.domain.core.UserTest@305e95a4, testMethod = testLastNameRequired@UserTest, testException = [null], mergedContextConfiguration = [MergedContextConfiguration@369ad7da testClass = UserTest, locations = '{}', classes = '{class edu.harvard.h2ms.H2MSRestAppInitializer}', contextInitializerClasses = '[]', activeProfiles = '{}', propertySourceLocations = '{}', propertySourceProperties = '{org.springframework.boot.test.context.SpringBootTestContextBootstrapper=true}', contextCustomizers = set[[ImportsContextCustomizer@344f9467 key = [org.springframework.boot.autoconfigure.cache.CacheAutoConfiguration, org.springframework.boot.autoconfigure.data.jpa.JpaRepositoriesAutoConfiguration, org.springframework.boot.autoconfigure.flyway.FlywayAutoConfiguration, org.springframework.boot.autoconfigure.jdbc.DataSourceAutoConfiguration, org.springframework.boot.autoconfigure.jdbc.DataSourceTransactionManagerAutoConfiguration, org.springframework.boot.autoconfigure.jdbc.JdbcTemplateAutoConfiguration, org.springframework.boot.autoconfigure.liquibase.LiquibaseAutoConfiguration, org.springframework.boot.autoconfigure.orm.jpa.HibernateJpaAutoConfiguration, org.springframework.boot.autoconfigure.transaction.TransactionAutoConfiguration, org.springframework.boot.test.autoconfigure.jdbc.TestDatabaseAutoConfiguration, org.springframework.boot.test.autoconfigure.orm.jpa.TestEntityManagerAutoConfiguration]], org.springframework.boot.test.context.filter.ExcludeFilterContextCustomizer@1ee807c6, org.springframework.boot.test.json.DuplicateJsonObjectContextCustomizerFactory$DuplicateJsonObjectContextCustomizer@6cc7b4de, org.springframework.boot.test.mock.mockito.MockitoContextCustomizer@0, org.springframework.boot.test.autoconfigure.OverrideAutoConfigurationContextCustomizerFactory$DisableAutoConfigurationContextCustomizer@5e25a92e, org.springframework.boot.test.autoconfigure.filter.TypeExcludeFiltersContextCustomizer@351584c0, org.springframework.boot.test.autoconfigure.properties.PropertyMappingContextCustomizer@21f6a1b6, org.springframework.boot.test.autoconfigure.web.servlet.WebDriverContextCustomizerFactory$Customizer@1c72da34], contextLoader = 'org.springframework.boot.test.context.SpringBootContextLoader', parent = [null]]]; transaction manager [org.springframework.orm.jpa.JpaTransactionManager@57ce2898]; rollback [true]
2018-03-31 21:09:31.654  INFO 16173 --- [           main] o.s.t.c.transaction.TransactionContext   : Rolled back transaction for test context [DefaultTestContext@3feebf9c testClass = UserTest, testInstance = edu.harvard.h2ms.domain.core.UserTest@305e95a4, testMethod = testLastNameRequired@UserTest, testException = [null], mergedContextConfiguration = [MergedContextConfiguration@369ad7da testClass = UserTest, locations = '{}', classes = '{class edu.harvard.h2ms.H2MSRestAppInitializer}', contextInitializerClasses = '[]', activeProfiles = '{}', propertySourceLocations = '{}', propertySourceProperties = '{org.springframework.boot.test.context.SpringBootTestContextBootstrapper=true}', contextCustomizers = set[[ImportsContextCustomizer@344f9467 key = [org.springframework.boot.autoconfigure.cache.CacheAutoConfiguration, org.springframework.boot.autoconfigure.data.jpa.JpaRepositoriesAutoConfiguration, org.springframework.boot.autoconfigure.flyway.FlywayAutoConfiguration, org.springframework.boot.autoconfigure.jdbc.DataSourceAutoConfiguration, org.springframework.boot.autoconfigure.jdbc.DataSourceTransactionManagerAutoConfiguration, org.springframework.boot.autoconfigure.jdbc.JdbcTemplateAutoConfiguration, org.springframework.boot.autoconfigure.liquibase.LiquibaseAutoConfiguration, org.springframework.boot.autoconfigure.orm.jpa.HibernateJpaAutoConfiguration, org.springframework.boot.autoconfigure.transaction.TransactionAutoConfiguration, org.springframework.boot.test.autoconfigure.jdbc.TestDatabaseAutoConfiguration, org.springframework.boot.test.autoconfigure.orm.jpa.TestEntityManagerAutoConfiguration]], org.springframework.boot.test.context.filter.ExcludeFilterContextCustomizer@1ee807c6, org.springframework.boot.test.json.DuplicateJsonObjectContextCustomizerFactory$DuplicateJsonObjectContextCustomizer@6cc7b4de, org.springframework.boot.test.mock.mockito.MockitoContextCustomizer@0, org.springframework.boot.test.autoconfigure.OverrideAutoConfigurationContextCustomizerFactory$DisableAutoConfigurationContextCustomizer@5e25a92e, org.springframework.boot.test.autoconfigure.filter.TypeExcludeFiltersContextCustomizer@351584c0, org.springframework.boot.test.autoconfigure.properties.PropertyMappingContextCustomizer@21f6a1b6, org.springframework.boot.test.autoconfigure.web.servlet.WebDriverContextCustomizerFactory$Customizer@1c72da34], contextLoader = 'org.springframework.boot.test.context.SpringBootContextLoader', parent = [null]]].
2018-03-31 21:09:31.657  INFO 16173 --- [           main] o.s.t.c.transaction.TransactionContext   : Began transaction (1) for test context [DefaultTestContext@3feebf9c testClass = UserTest, testInstance = edu.harvard.h2ms.domain.core.UserTest@6076c66, testMethod = testPasswordIsHashed@UserTest, testException = [null], mergedContextConfiguration = [MergedContextConfiguration@369ad7da testClass = UserTest, locations = '{}', classes = '{class edu.harvard.h2ms.H2MSRestAppInitializer}', contextInitializerClasses = '[]', activeProfiles = '{}', propertySourceLocations = '{}', propertySourceProperties = '{org.springframework.boot.test.context.SpringBootTestContextBootstrapper=true}', contextCustomizers = set[[ImportsContextCustomizer@344f9467 key = [org.springframework.boot.autoconfigure.cache.CacheAutoConfiguration, org.springframework.boot.autoconfigure.data.jpa.JpaRepositoriesAutoConfiguration, org.springframework.boot.autoconfigure.flyway.FlywayAutoConfiguration, org.springframework.boot.autoconfigure.jdbc.DataSourceAutoConfiguration, org.springframework.boot.autoconfigure.jdbc.DataSourceTransactionManagerAutoConfiguration, org.springframework.boot.autoconfigure.jdbc.JdbcTemplateAutoConfiguration, org.springframework.boot.autoconfigure.liquibase.LiquibaseAutoConfiguration, org.springframework.boot.autoconfigure.orm.jpa.HibernateJpaAutoConfiguration, org.springframework.boot.autoconfigure.transaction.TransactionAutoConfiguration, org.springframework.boot.test.autoconfigure.jdbc.TestDatabaseAutoConfiguration, org.springframework.boot.test.autoconfigure.orm.jpa.TestEntityManagerAutoConfiguration]], org.springframework.boot.test.context.filter.ExcludeFilterContextCustomizer@1ee807c6, org.springframework.boot.test.json.DuplicateJsonObjectContextCustomizerFactory$DuplicateJsonObjectContextCustomizer@6cc7b4de, org.springframework.boot.test.mock.mockito.MockitoContextCustomizer@0, org.springframework.boot.test.autoconfigure.OverrideAutoConfigurationContextCustomizerFactory$DisableAutoConfigurationContextCustomizer@5e25a92e, org.springframework.boot.test.autoconfigure.filter.TypeExcludeFiltersContextCustomizer@351584c0, org.springframework.boot.test.autoconfigure.properties.PropertyMappingContextCustomizer@21f6a1b6, org.springframework.boot.test.autoconfigure.web.servlet.WebDriverContextCustomizerFactory$Customizer@1c72da34], contextLoader = 'org.springframework.boot.test.context.SpringBootContextLoader', parent = [null]]]; transaction manager [org.springframework.orm.jpa.JpaTransactionManager@57ce2898]; rollback [true]
Hibernate: insert into users (id, created_on, email, enabled, first_name, last_login, last_name, middle_name, notification_frequency, password, reset_token, type) values (null, ?, ?, ?, ?, ?, ?, ?, ?, ?, ?, ?)
Hibernate: select user0_.id as id1_9_, user0_.created_on as created_2_9_, user0_.email as email3_9_, user0_.enabled as enabled4_9_, user0_.first_name as first_na5_9_, user0_.last_login as last_log6_9_, user0_.last_name as last_nam7_9_, user0_.middle_name as middle_n8_9_, user0_.notification_frequency as notifica9_9_, user0_.password as passwor10_9_, user0_.reset_token as reset_t11_9_, user0_.type as type12_9_ from users user0_ where user0_.email=?
2018-03-31 21:09:31.822  INFO 16173 --- [           main] o.s.t.c.transaction.TransactionContext   : Rolled back transaction for test context [DefaultTestContext@3feebf9c testClass = UserTest, testInstance = edu.harvard.h2ms.domain.core.UserTest@6076c66, testMethod = testPasswordIsHashed@UserTest, testException = [null], mergedContextConfiguration = [MergedContextConfiguration@369ad7da testClass = UserTest, locations = '{}', classes = '{class edu.harvard.h2ms.H2MSRestAppInitializer}', contextInitializerClasses = '[]', activeProfiles = '{}', propertySourceLocations = '{}', propertySourceProperties = '{org.springframework.boot.test.context.SpringBootTestContextBootstrapper=true}', contextCustomizers = set[[ImportsContextCustomizer@344f9467 key = [org.springframework.boot.autoconfigure.cache.CacheAutoConfiguration, org.springframework.boot.autoconfigure.data.jpa.JpaRepositoriesAutoConfiguration, org.springframework.boot.autoconfigure.flyway.FlywayAutoConfiguration, org.springframework.boot.autoconfigure.jdbc.DataSourceAutoConfiguration, org.springframework.boot.autoconfigure.jdbc.DataSourceTransactionManagerAutoConfiguration, org.springframework.boot.autoconfigure.jdbc.JdbcTemplateAutoConfiguration, org.springframework.boot.autoconfigure.liquibase.LiquibaseAutoConfiguration, org.springframework.boot.autoconfigure.orm.jpa.HibernateJpaAutoConfiguration, org.springframework.boot.autoconfigure.transaction.TransactionAutoConfiguration, org.springframework.boot.test.autoconfigure.jdbc.TestDatabaseAutoConfiguration, org.springframework.boot.test.autoconfigure.orm.jpa.TestEntityManagerAutoConfiguration]], org.springframework.boot.test.context.filter.ExcludeFilterContextCustomizer@1ee807c6, org.springframework.boot.test.json.DuplicateJsonObjectContextCustomizerFactory$DuplicateJsonObjectContextCustomizer@6cc7b4de, org.springframework.boot.test.mock.mockito.MockitoContextCustomizer@0, org.springframework.boot.test.autoconfigure.OverrideAutoConfigurationContextCustomizerFactory$DisableAutoConfigurationContextCustomizer@5e25a92e, org.springframework.boot.test.autoconfigure.filter.TypeExcludeFiltersContextCustomizer@351584c0, org.springframework.boot.test.autoconfigure.properties.PropertyMappingContextCustomizer@21f6a1b6, org.springframework.boot.test.autoconfigure.web.servlet.WebDriverContextCustomizerFactory$Customizer@1c72da34], contextLoader = 'org.springframework.boot.test.context.SpringBootContextLoader', parent = [null]]].
2018-03-31 21:09:31.824  INFO 16173 --- [           main] o.s.t.c.transaction.TransactionContext   : Began transaction (1) for test context [DefaultTestContext@3feebf9c testClass = UserTest, testInstance = edu.harvard.h2ms.domain.core.UserTest@794cb26b, testMethod = testPasswordRequired@UserTest, testException = [null], mergedContextConfiguration = [MergedContextConfiguration@369ad7da testClass = UserTest, locations = '{}', classes = '{class edu.harvard.h2ms.H2MSRestAppInitializer}', contextInitializerClasses = '[]', activeProfiles = '{}', propertySourceLocations = '{}', propertySourceProperties = '{org.springframework.boot.test.context.SpringBootTestContextBootstrapper=true}', contextCustomizers = set[[ImportsContextCustomizer@344f9467 key = [org.springframework.boot.autoconfigure.cache.CacheAutoConfiguration, org.springframework.boot.autoconfigure.data.jpa.JpaRepositoriesAutoConfiguration, org.springframework.boot.autoconfigure.flyway.FlywayAutoConfiguration, org.springframework.boot.autoconfigure.jdbc.DataSourceAutoConfiguration, org.springframework.boot.autoconfigure.jdbc.DataSourceTransactionManagerAutoConfiguration, org.springframework.boot.autoconfigure.jdbc.JdbcTemplateAutoConfiguration, org.springframework.boot.autoconfigure.liquibase.LiquibaseAutoConfiguration, org.springframework.boot.autoconfigure.orm.jpa.HibernateJpaAutoConfiguration, org.springframework.boot.autoconfigure.transaction.TransactionAutoConfiguration, org.springframework.boot.test.autoconfigure.jdbc.TestDatabaseAutoConfiguration, org.springframework.boot.test.autoconfigure.orm.jpa.TestEntityManagerAutoConfiguration]], org.springframework.boot.test.context.filter.ExcludeFilterContextCustomizer@1ee807c6, org.springframework.boot.test.json.DuplicateJsonObjectContextCustomizerFactory$DuplicateJsonObjectContextCustomizer@6cc7b4de, org.springframework.boot.test.mock.mockito.MockitoContextCustomizer@0, org.springframework.boot.test.autoconfigure.OverrideAutoConfigurationContextCustomizerFactory$DisableAutoConfigurationContextCustomizer@5e25a92e, org.springframework.boot.test.autoconfigure.filter.TypeExcludeFiltersContextCustomizer@351584c0, org.springframework.boot.test.autoconfigure.properties.PropertyMappingContextCustomizer@21f6a1b6, org.springframework.boot.test.autoconfigure.web.servlet.WebDriverContextCustomizerFactory$Customizer@1c72da34], contextLoader = 'org.springframework.boot.test.context.SpringBootContextLoader', parent = [null]]]; transaction manager [org.springframework.orm.jpa.JpaTransactionManager@57ce2898]; rollback [true]
2018-03-31 21:09:31.827  INFO 16173 --- [           main] o.s.t.c.transaction.TransactionContext   : Rolled back transaction for test context [DefaultTestContext@3feebf9c testClass = UserTest, testInstance = edu.harvard.h2ms.domain.core.UserTest@794cb26b, testMethod = testPasswordRequired@UserTest, testException = [null], mergedContextConfiguration = [MergedContextConfiguration@369ad7da testClass = UserTest, locations = '{}', classes = '{class edu.harvard.h2ms.H2MSRestAppInitializer}', contextInitializerClasses = '[]', activeProfiles = '{}', propertySourceLocations = '{}', propertySourceProperties = '{org.springframework.boot.test.context.SpringBootTestContextBootstrapper=true}', contextCustomizers = set[[ImportsContextCustomizer@344f9467 key = [org.springframework.boot.autoconfigure.cache.CacheAutoConfiguration, org.springframework.boot.autoconfigure.data.jpa.JpaRepositoriesAutoConfiguration, org.springframework.boot.autoconfigure.flyway.FlywayAutoConfiguration, org.springframework.boot.autoconfigure.jdbc.DataSourceAutoConfiguration, org.springframework.boot.autoconfigure.jdbc.DataSourceTransactionManagerAutoConfiguration, org.springframework.boot.autoconfigure.jdbc.JdbcTemplateAutoConfiguration, org.springframework.boot.autoconfigure.liquibase.LiquibaseAutoConfiguration, org.springframework.boot.autoconfigure.orm.jpa.HibernateJpaAutoConfiguration, org.springframework.boot.autoconfigure.transaction.TransactionAutoConfiguration, org.springframework.boot.test.autoconfigure.jdbc.TestDatabaseAutoConfiguration, org.springframework.boot.test.autoconfigure.orm.jpa.TestEntityManagerAutoConfiguration]], org.springframework.boot.test.context.filter.ExcludeFilterContextCustomizer@1ee807c6, org.springframework.boot.test.json.DuplicateJsonObjectContextCustomizerFactory$DuplicateJsonObjectContextCustomizer@6cc7b4de, org.springframework.boot.test.mock.mockito.MockitoContextCustomizer@0, org.springframework.boot.test.autoconfigure.OverrideAutoConfigurationContextCustomizerFactory$DisableAutoConfigurationContextCustomizer@5e25a92e, org.springframework.boot.test.autoconfigure.filter.TypeExcludeFiltersContextCustomizer@351584c0, org.springframework.boot.test.autoconfigure.properties.PropertyMappingContextCustomizer@21f6a1b6, org.springframework.boot.test.autoconfigure.web.servlet.WebDriverContextCustomizerFactory$Customizer@1c72da34], contextLoader = 'org.springframework.boot.test.context.SpringBootContextLoader', parent = [null]]].
2018-03-31 21:09:31.829  INFO 16173 --- [           main] o.s.t.c.transaction.TransactionContext   : Began transaction (1) for test context [DefaultTestContext@3feebf9c testClass = UserTest, testInstance = edu.harvard.h2ms.domain.core.UserTest@3de8f85c, testMethod = testFirstNameRequired@UserTest, testException = [null], mergedContextConfiguration = [MergedContextConfiguration@369ad7da testClass = UserTest, locations = '{}', classes = '{class edu.harvard.h2ms.H2MSRestAppInitializer}', contextInitializerClasses = '[]', activeProfiles = '{}', propertySourceLocations = '{}', propertySourceProperties = '{org.springframework.boot.test.context.SpringBootTestContextBootstrapper=true}', contextCustomizers = set[[ImportsContextCustomizer@344f9467 key = [org.springframework.boot.autoconfigure.cache.CacheAutoConfiguration, org.springframework.boot.autoconfigure.data.jpa.JpaRepositoriesAutoConfiguration, org.springframework.boot.autoconfigure.flyway.FlywayAutoConfiguration, org.springframework.boot.autoconfigure.jdbc.DataSourceAutoConfiguration, org.springframework.boot.autoconfigure.jdbc.DataSourceTransactionManagerAutoConfiguration, org.springframework.boot.autoconfigure.jdbc.JdbcTemplateAutoConfiguration, org.springframework.boot.autoconfigure.liquibase.LiquibaseAutoConfiguration, org.springframework.boot.autoconfigure.orm.jpa.HibernateJpaAutoConfiguration, org.springframework.boot.autoconfigure.transaction.TransactionAutoConfiguration, org.springframework.boot.test.autoconfigure.jdbc.TestDatabaseAutoConfiguration, org.springframework.boot.test.autoconfigure.orm.jpa.TestEntityManagerAutoConfiguration]], org.springframework.boot.test.context.filter.ExcludeFilterContextCustomizer@1ee807c6, org.springframework.boot.test.json.DuplicateJsonObjectContextCustomizerFactory$DuplicateJsonObjectContextCustomizer@6cc7b4de, org.springframework.boot.test.mock.mockito.MockitoContextCustomizer@0, org.springframework.boot.test.autoconfigure.OverrideAutoConfigurationContextCustomizerFactory$DisableAutoConfigurationContextCustomizer@5e25a92e, org.springframework.boot.test.autoconfigure.filter.TypeExcludeFiltersContextCustomizer@351584c0, org.springframework.boot.test.autoconfigure.properties.PropertyMappingContextCustomizer@21f6a1b6, org.springframework.boot.test.autoconfigure.web.servlet.WebDriverContextCustomizerFactory$Customizer@1c72da34], contextLoader = 'org.springframework.boot.test.context.SpringBootContextLoader', parent = [null]]]; transaction manager [org.springframework.orm.jpa.JpaTransactionManager@57ce2898]; rollback [true]
2018-03-31 21:09:31.911  INFO 16173 --- [           main] o.s.t.c.transaction.TransactionContext   : Rolled back transaction for test context [DefaultTestContext@3feebf9c testClass = UserTest, testInstance = edu.harvard.h2ms.domain.core.UserTest@3de8f85c, testMethod = testFirstNameRequired@UserTest, testException = [null], mergedContextConfiguration = [MergedContextConfiguration@369ad7da testClass = UserTest, locations = '{}', classes = '{class edu.harvard.h2ms.H2MSRestAppInitializer}', contextInitializerClasses = '[]', activeProfiles = '{}', propertySourceLocations = '{}', propertySourceProperties = '{org.springframework.boot.test.context.SpringBootTestContextBootstrapper=true}', contextCustomizers = set[[ImportsContextCustomizer@344f9467 key = [org.springframework.boot.autoconfigure.cache.CacheAutoConfiguration, org.springframework.boot.autoconfigure.data.jpa.JpaRepositoriesAutoConfiguration, org.springframework.boot.autoconfigure.flyway.FlywayAutoConfiguration, org.springframework.boot.autoconfigure.jdbc.DataSourceAutoConfiguration, org.springframework.boot.autoconfigure.jdbc.DataSourceTransactionManagerAutoConfiguration, org.springframework.boot.autoconfigure.jdbc.JdbcTemplateAutoConfiguration, org.springframework.boot.autoconfigure.liquibase.LiquibaseAutoConfiguration, org.springframework.boot.autoconfigure.orm.jpa.HibernateJpaAutoConfiguration, org.springframework.boot.autoconfigure.transaction.TransactionAutoConfiguration, org.springframework.boot.test.autoconfigure.jdbc.TestDatabaseAutoConfiguration, org.springframework.boot.test.autoconfigure.orm.jpa.TestEntityManagerAutoConfiguration]], org.springframework.boot.test.context.filter.ExcludeFilterContextCustomizer@1ee807c6, org.springframework.boot.test.json.DuplicateJsonObjectContextCustomizerFactory$DuplicateJsonObjectContextCustomizer@6cc7b4de, org.springframework.boot.test.mock.mockito.MockitoContextCustomizer@0, org.springframework.boot.test.autoconfigure.OverrideAutoConfigurationContextCustomizerFactory$DisableAutoConfigurationContextCustomizer@5e25a92e, org.springframework.boot.test.autoconfigure.filter.TypeExcludeFiltersContextCustomizer@351584c0, org.springframework.boot.test.autoconfigure.properties.PropertyMappingContextCustomizer@21f6a1b6, org.springframework.boot.test.autoconfigure.web.servlet.WebDriverContextCustomizerFactory$Customizer@1c72da34], contextLoader = 'org.springframework.boot.test.context.SpringBootContextLoader', parent = [null]]].
2018-03-31 21:09:31.913  INFO 16173 --- [           main] o.s.t.c.transaction.TransactionContext   : Began transaction (1) for test context [DefaultTestContext@3feebf9c testClass = UserTest, testInstance = edu.harvard.h2ms.domain.core.UserTest@6c70b7c3, testMethod = testEmailRequired@UserTest, testException = [null], mergedContextConfiguration = [MergedContextConfiguration@369ad7da testClass = UserTest, locations = '{}', classes = '{class edu.harvard.h2ms.H2MSRestAppInitializer}', contextInitializerClasses = '[]', activeProfiles = '{}', propertySourceLocations = '{}', propertySourceProperties = '{org.springframework.boot.test.context.SpringBootTestContextBootstrapper=true}', contextCustomizers = set[[ImportsContextCustomizer@344f9467 key = [org.springframework.boot.autoconfigure.cache.CacheAutoConfiguration, org.springframework.boot.autoconfigure.data.jpa.JpaRepositoriesAutoConfiguration, org.springframework.boot.autoconfigure.flyway.FlywayAutoConfiguration, org.springframework.boot.autoconfigure.jdbc.DataSourceAutoConfiguration, org.springframework.boot.autoconfigure.jdbc.DataSourceTransactionManagerAutoConfiguration, org.springframework.boot.autoconfigure.jdbc.JdbcTemplateAutoConfiguration, org.springframework.boot.autoconfigure.liquibase.LiquibaseAutoConfiguration, org.springframework.boot.autoconfigure.orm.jpa.HibernateJpaAutoConfiguration, org.springframework.boot.autoconfigure.transaction.TransactionAutoConfiguration, org.springframework.boot.test.autoconfigure.jdbc.TestDatabaseAutoConfiguration, org.springframework.boot.test.autoconfigure.orm.jpa.TestEntityManagerAutoConfiguration]], org.springframework.boot.test.context.filter.ExcludeFilterContextCustomizer@1ee807c6, org.springframework.boot.test.json.DuplicateJsonObjectContextCustomizerFactory$DuplicateJsonObjectContextCustomizer@6cc7b4de, org.springframework.boot.test.mock.mockito.MockitoContextCustomizer@0, org.springframework.boot.test.autoconfigure.OverrideAutoConfigurationContextCustomizerFactory$DisableAutoConfigurationContextCustomizer@5e25a92e, org.springframework.boot.test.autoconfigure.filter.TypeExcludeFiltersContextCustomizer@351584c0, org.springframework.boot.test.autoconfigure.properties.PropertyMappingContextCustomizer@21f6a1b6, org.springframework.boot.test.autoconfigure.web.servlet.WebDriverContextCustomizerFactory$Customizer@1c72da34], contextLoader = 'org.springframework.boot.test.context.SpringBootContextLoader', parent = [null]]]; transaction manager [org.springframework.orm.jpa.JpaTransactionManager@57ce2898]; rollback [true]
2018-03-31 21:09:31.996  INFO 16173 --- [           main] o.s.t.c.transaction.TransactionContext   : Rolled back transaction for test context [DefaultTestContext@3feebf9c testClass = UserTest, testInstance = edu.harvard.h2ms.domain.core.UserTest@6c70b7c3, testMethod = testEmailRequired@UserTest, testException = [null], mergedContextConfiguration = [MergedContextConfiguration@369ad7da testClass = UserTest, locations = '{}', classes = '{class edu.harvard.h2ms.H2MSRestAppInitializer}', contextInitializerClasses = '[]', activeProfiles = '{}', propertySourceLocations = '{}', propertySourceProperties = '{org.springframework.boot.test.context.SpringBootTestContextBootstrapper=true}', contextCustomizers = set[[ImportsContextCustomizer@344f9467 key = [org.springframework.boot.autoconfigure.cache.CacheAutoConfiguration, org.springframework.boot.autoconfigure.data.jpa.JpaRepositoriesAutoConfiguration, org.springframework.boot.autoconfigure.flyway.FlywayAutoConfiguration, org.springframework.boot.autoconfigure.jdbc.DataSourceAutoConfiguration, org.springframework.boot.autoconfigure.jdbc.DataSourceTransactionManagerAutoConfiguration, org.springframework.boot.autoconfigure.jdbc.JdbcTemplateAutoConfiguration, org.springframework.boot.autoconfigure.liquibase.LiquibaseAutoConfiguration, org.springframework.boot.autoconfigure.orm.jpa.HibernateJpaAutoConfiguration, org.springframework.boot.autoconfigure.transaction.TransactionAutoConfiguration, org.springframework.boot.test.autoconfigure.jdbc.TestDatabaseAutoConfiguration, org.springframework.boot.test.autoconfigure.orm.jpa.TestEntityManagerAutoConfiguration]], org.springframework.boot.test.context.filter.ExcludeFilterContextCustomizer@1ee807c6, org.springframework.boot.test.json.DuplicateJsonObjectContextCustomizerFactory$DuplicateJsonObjectContextCustomizer@6cc7b4de, org.springframework.boot.test.mock.mockito.MockitoContextCustomizer@0, org.springframework.boot.test.autoconfigure.OverrideAutoConfigurationContextCustomizerFactory$DisableAutoConfigurationContextCustomizer@5e25a92e, org.springframework.boot.test.autoconfigure.filter.TypeExcludeFiltersContextCustomizer@351584c0, org.springframework.boot.test.autoconfigure.properties.PropertyMappingContextCustomizer@21f6a1b6, org.springframework.boot.test.autoconfigure.web.servlet.WebDriverContextCustomizerFactory$Customizer@1c72da34], contextLoader = 'org.springframework.boot.test.context.SpringBootContextLoader', parent = [null]]].
Tests run: 5, Failures: 0, Errors: 0, Skipped: 0, Time elapsed: 0.48 sec - in edu.harvard.h2ms.domain.core.UserTest
Running edu.harvard.h2ms.controllers.EventControllerTests
2018-03-31 21:09:31.997  INFO 16173 --- [           main] .b.t.c.SpringBootTestContextBootstrapper : Neither @ContextConfiguration nor @ContextHierarchy found for test class [edu.harvard.h2ms.controllers.EventControllerTests], using SpringBootContextLoader
2018-03-31 21:09:31.998  INFO 16173 --- [           main] o.s.t.c.support.AbstractContextLoader    : Could not detect default resource locations for test class [edu.harvard.h2ms.controllers.EventControllerTests]: no resource found for suffixes {-context.xml, Context.groovy}.
2018-03-31 21:09:31.998  INFO 16173 --- [           main] t.c.s.AnnotationConfigContextLoaderUtils : Could not detect default configuration classes for test class [edu.harvard.h2ms.controllers.EventControllerTests]: EventControllerTests does not declare any static, non-private, non-final, nested classes annotated with @Configuration.
2018-03-31 21:09:31.999  INFO 16173 --- [           main] .b.t.c.SpringBootTestContextBootstrapper : Found @SpringBootConfiguration edu.harvard.h2ms.H2MSRestAppInitializer for test class edu.harvard.h2ms.controllers.EventControllerTests
2018-03-31 21:09:32.001  INFO 16173 --- [           main] .b.t.c.SpringBootTestContextBootstrapper : Loaded default TestExecutionListener class names from location [META-INF/spring.factories]: [org.springframework.boot.test.mock.mockito.MockitoTestExecutionListener, org.springframework.boot.test.mock.mockito.ResetMocksTestExecutionListener, org.springframework.boot.test.autoconfigure.restdocs.RestDocsTestExecutionListener, org.springframework.boot.test.autoconfigure.web.client.MockRestServiceServerResetTestExecutionListener, org.springframework.boot.test.autoconfigure.web.servlet.MockMvcPrintOnlyOnFailureTestExecutionListener, org.springframework.boot.test.autoconfigure.web.servlet.WebDriverTestExecutionListener, org.springframework.test.context.web.ServletTestExecutionListener, org.springframework.test.context.support.DirtiesContextBeforeModesTestExecutionListener, org.springframework.test.context.support.DependencyInjectionTestExecutionListener, org.springframework.test.context.support.DirtiesContextTestExecutionListener, org.springframework.test.context.transaction.TransactionalTestExecutionListener, org.springframework.test.context.jdbc.SqlScriptsTestExecutionListener, org.springframework.security.test.context.support.WithSecurityContextTestExecutionListener]
2018-03-31 21:09:32.002  INFO 16173 --- [           main] .b.t.c.SpringBootTestContextBootstrapper : Using TestExecutionListeners: [org.springframework.test.context.web.ServletTestExecutionListener@2ffb0d10, org.springframework.test.context.support.DirtiesContextBeforeModesTestExecutionListener@3982206a, org.springframework.boot.test.autoconfigure.SpringBootDependencyInjectionTestExecutionListener@3e9fb485, org.springframework.test.context.support.DirtiesContextTestExecutionListener@4f3fec43, org.springframework.test.context.transaction.TransactionalTestExecutionListener@38dbeb39, org.springframework.test.context.jdbc.SqlScriptsTestExecutionListener@10f20d38, org.springframework.security.test.context.support.WithSecurityContextTestExecutionListener@538aa83f, org.springframework.boot.test.mock.mockito.MockitoTestExecutionListener@63e70bf9, org.springframework.boot.test.mock.mockito.ResetMocksTestExecutionListener@402a69f, org.springframework.boot.test.autoconfigure.restdocs.RestDocsTestExecutionListener@419f0ea, org.springframework.boot.test.autoconfigure.web.client.MockRestServiceServerResetTestExecutionListener@2d47b06, org.springframework.boot.test.autoconfigure.web.servlet.MockMvcPrintOnlyOnFailureTestExecutionListener@59371066, org.springframework.boot.test.autoconfigure.web.servlet.WebDriverTestExecutionListener@48106381]

  .   ____          _            __ _ _
 /\\ / ___'_ __ _ _(_)_ __  __ _ \ \ \ \
( ( )\___ | '_ | '_| | '_ \/ _` | \ \ \ \
 \\/  ___)| |_)| | | | | || (_| |  ) ) ) )
  '  |____| .__|_| |_|_| |_\__, | / / / /
 =========|_|==============|___/=/_/_/_/
 :: Spring Boot ::       (v1.5.10.RELEASE)

2018-03-31 21:09:32.080  INFO 16173 --- [           main] e.h.h.controllers.EventControllerTests   : Starting EventControllerTests on ancient.bitbin.de with PID 16173 (started by stbenjam in /home/stbenjam/git/h2ms)
2018-03-31 21:09:32.080  INFO 16173 --- [           main] e.h.h.controllers.EventControllerTests   : No active profile set, falling back to default profiles: default
2018-03-31 21:09:32.082  INFO 16173 --- [           main] o.s.w.c.s.GenericWebApplicationContext   : Refreshing org.springframework.web.context.support.GenericWebApplicationContext@342a1f84: startup date [Sat Mar 31 21:09:32 EDT 2018]; root of context hierarchy
2018-03-31 21:09:32.169  INFO 16173 --- [           main] o.s.c.a.ConfigurationClassParser         : Properties location [classpath:mailserver.properties] not resolvable: class path resource [mailserver.properties] cannot be opened because it does not exist
2018-03-31 21:09:32.592  INFO 16173 --- [           main] o.s.b.f.s.DefaultListableBeanFactory     : Overriding bean definition for bean 'httpRequestHandlerAdapter' with a different definition: replacing [Root bean: class [null]; scope=; abstract=false; lazyInit=false; autowireMode=3; dependencyCheck=0; autowireCandidate=true; primary=false; factoryBeanName=org.springframework.boot.autoconfigure.web.WebMvcAutoConfiguration$EnableWebMvcConfiguration; factoryMethodName=httpRequestHandlerAdapter; initMethodName=null; destroyMethodName=(inferred); defined in class path resource [org/springframework/boot/autoconfigure/web/WebMvcAutoConfiguration$EnableWebMvcConfiguration.class]] with [Root bean: class [null]; scope=; abstract=false; lazyInit=false; autowireMode=3; dependencyCheck=0; autowireCandidate=true; primary=false; factoryBeanName=org.springframework.data.rest.webmvc.config.RepositoryRestMvcConfiguration; factoryMethodName=httpRequestHandlerAdapter; initMethodName=null; destroyMethodName=(inferred); defined in class path resource [org/springframework/data/rest/webmvc/config/RepositoryRestMvcConfiguration.class]]
2018-03-31 21:09:33.023  INFO 16173 --- [           main] trationDelegate$BeanPostProcessorChecker : Bean 'org.springframework.transaction.annotation.ProxyTransactionManagementConfiguration' of type [org.springframework.transaction.annotation.ProxyTransactionManagementConfiguration$$EnhancerBySpringCGLIB$$225ecc1d] is not eligible for getting processed by all BeanPostProcessors (for example: not eligible for auto-proxying)
2018-03-31 21:09:33.076  INFO 16173 --- [           main] trationDelegate$BeanPostProcessorChecker : Bean 'org.springframework.security.config.annotation.configuration.ObjectPostProcessorConfiguration' of type [org.springframework.security.config.annotation.configuration.ObjectPostProcessorConfiguration$$EnhancerBySpringCGLIB$$bb0c9457] is not eligible for getting processed by all BeanPostProcessors (for example: not eligible for auto-proxying)
2018-03-31 21:09:33.125  INFO 16173 --- [           main] trationDelegate$BeanPostProcessorChecker : Bean 'objectPostProcessor' of type [org.springframework.security.config.annotation.configuration.AutowireBeanFactoryObjectPostProcessor] is not eligible for getting processed by all BeanPostProcessors (for example: not eligible for auto-proxying)
2018-03-31 21:09:33.130  INFO 16173 --- [           main] trationDelegate$BeanPostProcessorChecker : Bean 'org.springframework.security.access.expression.method.DefaultMethodSecurityExpressionHandler@6a3a56de' of type [org.springframework.security.oauth2.provider.expression.OAuth2MethodSecurityExpressionHandler] is not eligible for getting processed by all BeanPostProcessors (for example: not eligible for auto-proxying)
2018-03-31 21:09:33.159  INFO 16173 --- [           main] trationDelegate$BeanPostProcessorChecker : Bean 'org.springframework.security.config.annotation.method.configuration.GlobalMethodSecurityConfiguration' of type [org.springframework.security.config.annotation.method.configuration.GlobalMethodSecurityConfiguration$$EnhancerBySpringCGLIB$$dfe13709] is not eligible for getting processed by all BeanPostProcessors (for example: not eligible for auto-proxying)
2018-03-31 21:09:33.178  INFO 16173 --- [           main] trationDelegate$BeanPostProcessorChecker : Bean 'methodSecurityMetadataSource' of type [org.springframework.security.access.method.DelegatingMethodSecurityMetadataSource] is not eligible for getting processed by all BeanPostProcessors (for example: not eligible for auto-proxying)
2018-03-31 21:09:33.223  INFO 16173 --- [           main] trationDelegate$BeanPostProcessorChecker : Bean 'security.oauth2.client-org.springframework.boot.autoconfigure.security.oauth2.OAuth2ClientProperties' of type [org.springframework.boot.autoconfigure.security.oauth2.OAuth2ClientProperties] is not eligible for getting processed by all BeanPostProcessors (for example: not eligible for auto-proxying)
2018-03-31 21:09:33.233  INFO 16173 --- [           main] trationDelegate$BeanPostProcessorChecker : Bean 'org.springframework.boot.autoconfigure.security.oauth2.OAuth2AutoConfiguration' of type [org.springframework.boot.autoconfigure.security.oauth2.OAuth2AutoConfiguration$$EnhancerBySpringCGLIB$$d9a8881d] is not eligible for getting processed by all BeanPostProcessors (for example: not eligible for auto-proxying)
2018-03-31 21:09:33.266  INFO 16173 --- [           main] trationDelegate$BeanPostProcessorChecker : Bean 'resourceServerProperties' of type [org.springframework.boot.autoconfigure.security.oauth2.resource.ResourceServerProperties] is not eligible for getting processed by all BeanPostProcessors (for example: not eligible for auto-proxying)
2018-03-31 21:09:33.563  INFO 16173 --- [           main] j.LocalContainerEntityManagerFactoryBean : Building JPA container EntityManagerFactory for persistence unit 'default'
2018-03-31 21:09:33.563  INFO 16173 --- [           main] o.hibernate.jpa.internal.util.LogHelper  : HHH000204: Processing PersistenceUnitInfo [
	name: default
	...]
2018-03-31 21:09:33.569  INFO 16173 --- [           main] org.hibernate.dialect.Dialect            : HHH000400: Using dialect: org.hibernate.dialect.H2Dialect
2018-03-31 21:09:33.687  INFO 16173 --- [           main] org.hibernate.tool.hbm2ddl.SchemaExport  : HHH000227: Running hbm2ddl schema export
2018-03-31 21:09:33.733  INFO 16173 --- [           main] org.hibernate.tool.hbm2ddl.SchemaExport  : HHH000230: Schema export complete
2018-03-31 21:09:33.743  WARN 16173 --- [           main] o.h.j.i.EntityManagerFactoryRegistry     : HHH000436: Entity manager factory name (default) is already registered.  If entity manager will be clustered or passivated, specify a unique value for property 'hibernate.ejb.entitymanager_factory_name'
2018-03-31 21:09:33.743  INFO 16173 --- [           main] j.LocalContainerEntityManagerFactoryBean : Initialized JPA EntityManagerFactory for persistence unit 'default'
2018-03-31 21:09:34.953  INFO 16173 --- [           main] .s.o.p.e.FrameworkEndpointHandlerMapping : Mapped "{[/oauth/authorize]}" onto public org.springframework.web.servlet.ModelAndView org.springframework.security.oauth2.provider.endpoint.AuthorizationEndpoint.authorize(java.util.Map<java.lang.String, java.lang.Object>,java.util.Map<java.lang.String, java.lang.String>,org.springframework.web.bind.support.SessionStatus,java.security.Principal)
2018-03-31 21:09:34.954  INFO 16173 --- [           main] .s.o.p.e.FrameworkEndpointHandlerMapping : Mapped "{[/oauth/authorize],methods=[POST],params=[user_oauth_approval]}" onto public org.springframework.web.servlet.View org.springframework.security.oauth2.provider.endpoint.AuthorizationEndpoint.approveOrDeny(java.util.Map<java.lang.String, java.lang.String>,java.util.Map<java.lang.String, ?>,org.springframework.web.bind.support.SessionStatus,java.security.Principal)
2018-03-31 21:09:34.956  INFO 16173 --- [           main] .s.o.p.e.FrameworkEndpointHandlerMapping : Mapped "{[/oauth/token],methods=[GET]}" onto public org.springframework.http.ResponseEntity<org.springframework.security.oauth2.common.OAuth2AccessToken> org.springframework.security.oauth2.provider.endpoint.TokenEndpoint.getAccessToken(java.security.Principal,java.util.Map<java.lang.String, java.lang.String>) throws org.springframework.web.HttpRequestMethodNotSupportedException
2018-03-31 21:09:34.956  INFO 16173 --- [           main] .s.o.p.e.FrameworkEndpointHandlerMapping : Mapped "{[/oauth/token],methods=[POST]}" onto public org.springframework.http.ResponseEntity<org.springframework.security.oauth2.common.OAuth2AccessToken> org.springframework.security.oauth2.provider.endpoint.TokenEndpoint.postAccessToken(java.security.Principal,java.util.Map<java.lang.String, java.lang.String>) throws org.springframework.web.HttpRequestMethodNotSupportedException
2018-03-31 21:09:34.957  INFO 16173 --- [           main] .s.o.p.e.FrameworkEndpointHandlerMapping : Mapped "{[/oauth/check_token]}" onto public java.util.Map<java.lang.String, ?> org.springframework.security.oauth2.provider.endpoint.CheckTokenEndpoint.checkToken(java.lang.String)
2018-03-31 21:09:34.957  INFO 16173 --- [           main] .s.o.p.e.FrameworkEndpointHandlerMapping : Mapped "{[/oauth/confirm_access]}" onto public org.springframework.web.servlet.ModelAndView org.springframework.security.oauth2.provider.endpoint.WhitelabelApprovalEndpoint.getAccessConfirmation(java.util.Map<java.lang.String, java.lang.Object>,javax.servlet.http.HttpServletRequest) throws java.lang.Exception
2018-03-31 21:09:34.958  INFO 16173 --- [           main] .s.o.p.e.FrameworkEndpointHandlerMapping : Mapped "{[/oauth/error]}" onto public org.springframework.web.servlet.ModelAndView org.springframework.security.oauth2.provider.endpoint.WhitelabelErrorEndpoint.handleError(javax.servlet.http.HttpServletRequest)
2018-03-31 21:09:35.519  INFO 16173 --- [           main] o.s.s.web.DefaultSecurityFilterChain     : Creating filter chain: Ant [pattern='/'], []
2018-03-31 21:09:35.519  INFO 16173 --- [           main] o.s.s.web.DefaultSecurityFilterChain     : Creating filter chain: Ant [pattern='/login'], []
2018-03-31 21:09:35.519  INFO 16173 --- [           main] o.s.s.web.DefaultSecurityFilterChain     : Creating filter chain: Ant [pattern='/webjars/**'], []
2018-03-31 21:09:35.519  INFO 16173 --- [           main] o.s.s.web.DefaultSecurityFilterChain     : Creating filter chain: Ant [pattern='/api/passwords/**'], []
2018-03-31 21:09:35.519  INFO 16173 --- [           main] o.s.s.web.DefaultSecurityFilterChain     : Creating filter chain: Ant [pattern='/swagger-resources'], []
2018-03-31 21:09:35.519  INFO 16173 --- [           main] o.s.s.web.DefaultSecurityFilterChain     : Creating filter chain: Ant [pattern='/swagger-resources/**'], []
2018-03-31 21:09:35.519  INFO 16173 --- [           main] o.s.s.web.DefaultSecurityFilterChain     : Creating filter chain: Ant [pattern='/swagger-ui.html'], []
2018-03-31 21:09:35.519  INFO 16173 --- [           main] o.s.s.web.DefaultSecurityFilterChain     : Creating filter chain: Ant [pattern='/v2/api-docs'], []
2018-03-31 21:09:35.519  INFO 16173 --- [           main] o.s.s.web.DefaultSecurityFilterChain     : Creating filter chain: Ant [pattern='/**', OPTIONS], []
2018-03-31 21:09:35.621  INFO 16173 --- [           main] o.s.s.web.DefaultSecurityFilterChain     : Creating filter chain: OrRequestMatcher [requestMatchers=[Ant [pattern='/oauth/token'], Ant [pattern='/oauth/token_key'], Ant [pattern='/oauth/check_token']]], [org.springframework.security.web.context.request.async.WebAsyncManagerIntegrationFilter@6a4238ff, org.springframework.security.web.context.SecurityContextPersistenceFilter@2be208db, org.springframework.security.web.header.HeaderWriterFilter@6b3da23f, org.springframework.security.web.authentication.logout.LogoutFilter@c7d173f, org.springframework.security.web.authentication.www.BasicAuthenticationFilter@4cf1bd4a, org.springframework.security.web.savedrequest.RequestCacheAwareFilter@1ae90cb9, org.springframework.security.web.servletapi.SecurityContextHolderAwareRequestFilter@5f8a29ca, org.springframework.security.web.authentication.AnonymousAuthenticationFilter@2b98c310, org.springframework.security.web.session.SessionManagementFilter@27ea552d, org.springframework.security.web.access.ExceptionTranslationFilter@703947bd, org.springframework.security.web.access.intercept.FilterSecurityInterceptor@ae5d544]
2018-03-31 21:09:35.636  INFO 16173 --- [           main] o.s.s.web.DefaultSecurityFilterChain     : Creating filter chain: org.springframework.security.oauth2.config.annotation.web.configuration.ResourceServerConfiguration$NotOAuthRequestMatcher@13e5c53c, [org.springframework.security.web.context.request.async.WebAsyncManagerIntegrationFilter@5d03df76, org.springframework.security.web.context.SecurityContextPersistenceFilter@623bdc46, org.springframework.security.web.header.HeaderWriterFilter@267a8777, org.springframework.security.web.authentication.logout.LogoutFilter@45bbb3e8, org.springframework.security.oauth2.provider.authentication.OAuth2AuthenticationProcessingFilter@3ecc9baa, org.springframework.security.web.savedrequest.RequestCacheAwareFilter@411576c7, org.springframework.security.web.servletapi.SecurityContextHolderAwareRequestFilter@332610ad, org.springframework.security.web.authentication.AnonymousAuthenticationFilter@17f7a1af, org.springframework.security.web.session.SessionManagementFilter@175c26ff, org.springframework.security.web.access.ExceptionTranslationFilter@1196537d, org.springframework.security.web.access.intercept.FilterSecurityInterceptor@4f1aa2bc]
2018-03-31 21:09:35.639  INFO 16173 --- [           main] o.s.s.web.DefaultSecurityFilterChain     : Creating filter chain: org.springframework.security.web.util.matcher.AnyRequestMatcher@1, [org.springframework.security.web.access.intercept.FilterSecurityInterceptor@43f5b014]
2018-03-31 21:09:35.984  INFO 16173 --- [           main] s.w.s.m.m.a.RequestMappingHandlerAdapter : Looking for @ControllerAdvice: org.springframework.web.context.support.GenericWebApplicationContext@342a1f84: startup date [Sat Mar 31 21:09:32 EDT 2018]; root of context hierarchy
2018-03-31 21:09:36.067  INFO 16173 --- [           main] s.w.s.m.m.a.RequestMappingHandlerMapping : Mapped "{[/events/compliance/{questionId}/{timeframe}],methods=[GET]}" onto public org.springframework.http.ResponseEntity<?> edu.harvard.h2ms.web.controller.EventController.findComplianceByTimeframe(java.lang.String,java.lang.Long)
2018-03-31 21:09:36.068  INFO 16173 --- [           main] s.w.s.m.m.a.RequestMappingHandlerMapping : Mapped "{[/events/count/{timeframe}],methods=[GET]}" onto public org.springframework.http.ResponseEntity<?> edu.harvard.h2ms.web.controller.EventController.findEventCountByTimeframe(java.lang.String)
2018-03-31 21:09:36.069  INFO 16173 --- [           main] s.w.s.m.m.a.RequestMappingHandlerMapping : Mapped "{[/api/passwords/reset/{email:.+}],methods=[GET]}" onto public org.springframework.http.ResponseEntity<java.lang.Object> edu.harvard.h2ms.web.controller.PasswordController.getPasswordResetToken(java.lang.String)
2018-03-31 21:09:36.069  INFO 16173 --- [           main] s.w.s.m.m.a.RequestMappingHandlerMapping : Mapped "{[/api/passwords/reset/token],methods=[POST]}" onto public org.springframework.http.ResponseEntity<java.lang.Object> edu.harvard.h2ms.web.controller.PasswordController.resetPasswordViaToken(java.util.Map<java.lang.String, java.lang.String>)
2018-03-31 21:09:36.069  INFO 16173 --- [           main] s.w.s.m.m.a.RequestMappingHandlerMapping : Mapped "{[/users/avgWashed],methods=[GET]}" onto public java.util.Map<java.lang.String, java.lang.Double> edu.harvard.h2ms.web.controller.UserController.findAvgWashCompliance()
2018-03-31 21:09:36.072  INFO 16173 --- [           main] s.w.s.m.m.a.RequestMappingHandlerMapping : Mapped "{[/error],produces=[text/html]}" onto public org.springframework.web.servlet.ModelAndView org.springframework.boot.autoconfigure.web.BasicErrorController.errorHtml(javax.servlet.http.HttpServletRequest,javax.servlet.http.HttpServletResponse)
2018-03-31 21:09:36.072  INFO 16173 --- [           main] s.w.s.m.m.a.RequestMappingHandlerMapping : Mapped "{[/error]}" onto public org.springframework.http.ResponseEntity<java.util.Map<java.lang.String, java.lang.Object>> org.springframework.boot.autoconfigure.web.BasicErrorController.error(javax.servlet.http.HttpServletRequest)
2018-03-31 21:09:36.140  INFO 16173 --- [           main] o.s.w.s.handler.SimpleUrlHandlerMapping  : Mapped URL path [/webjars/**] onto handler of type [class org.springframework.web.servlet.resource.ResourceHttpRequestHandler]
2018-03-31 21:09:36.140  INFO 16173 --- [           main] o.s.w.s.handler.SimpleUrlHandlerMapping  : Mapped URL path [/**] onto handler of type [class org.springframework.web.servlet.resource.ResourceHttpRequestHandler]
2018-03-31 21:09:36.179  INFO 16173 --- [           main] .m.m.a.ExceptionHandlerExceptionResolver : Detected @ExceptionHandler methods in exceptionHandlingController
2018-03-31 21:09:36.180  INFO 16173 --- [           main] .m.m.a.ExceptionHandlerExceptionResolver : Detected @ExceptionHandler methods in repositoryRestExceptionHandler
2018-03-31 21:09:36.286  INFO 16173 --- [           main] o.s.w.s.handler.SimpleUrlHandlerMapping  : Mapped URL path [/**/favicon.ico] onto handler of type [class org.springframework.web.servlet.resource.ResourceHttpRequestHandler]
2018-03-31 21:09:36.535  WARN 16173 --- [           main] .t.AbstractTemplateResolverConfiguration : Cannot find template location: classpath:/templates/ (please add some templates or check your Thymeleaf configuration)
2018-03-31 21:09:36.871  INFO 16173 --- [           main] o.s.d.r.w.RepositoryRestHandlerAdapter   : Looking for @ControllerAdvice: org.springframework.web.context.support.GenericWebApplicationContext@342a1f84: startup date [Sat Mar 31 21:09:32 EDT 2018]; root of context hierarchy
2018-03-31 21:09:36.899  INFO 16173 --- [           main] o.s.d.r.w.RepositoryRestHandlerMapping   : Mapped "{[/{repository}/{id}/{property}],methods=[GET],produces=[application/x-spring-data-compact+json || text/uri-list]}" onto public org.springframework.http.ResponseEntity<org.springframework.hateoas.ResourceSupport> org.springframework.data.rest.webmvc.RepositoryPropertyReferenceController.followPropertyReferenceCompact(org.springframework.data.rest.webmvc.RootResourceInformation,java.io.Serializable,java.lang.String,org.springframework.data.rest.webmvc.PersistentEntityResourceAssembler) throws java.lang.Exception
2018-03-31 21:09:36.902  INFO 16173 --- [           main] o.s.d.r.w.RepositoryRestHandlerMapping   : Mapped "{[/{repository}/{id}/{property}],methods=[PATCH || PUT || POST],consumes=[application/json || application/x-spring-data-compact+json || text/uri-list],produces=[application/hal+json || application/json]}" onto public org.springframework.http.ResponseEntity<? extends org.springframework.hateoas.ResourceSupport> org.springframework.data.rest.webmvc.RepositoryPropertyReferenceController.createPropertyReference(org.springframework.data.rest.webmvc.RootResourceInformation,org.springframework.http.HttpMethod,org.springframework.hateoas.Resources<java.lang.Object>,java.io.Serializable,java.lang.String) throws java.lang.Exception
2018-03-31 21:09:36.905  INFO 16173 --- [           main] o.s.d.r.w.RepositoryRestHandlerMapping   : Mapped "{[/{repository}/{id}/{property}/{propertyId}],methods=[DELETE],produces=[application/hal+json || application/json]}" onto public org.springframework.http.ResponseEntity<org.springframework.hateoas.ResourceSupport> org.springframework.data.rest.webmvc.RepositoryPropertyReferenceController.deletePropertyReferenceId(org.springframework.data.rest.webmvc.RootResourceInformation,java.io.Serializable,java.lang.String,java.lang.String) throws java.lang.Exception
2018-03-31 21:09:36.907  INFO 16173 --- [           main] o.s.d.r.w.RepositoryRestHandlerMapping   : Mapped "{[/{repository}/{id}/{property}],methods=[GET],produces=[application/hal+json || application/json]}" onto public org.springframework.http.ResponseEntity<org.springframework.hateoas.ResourceSupport> org.springframework.data.rest.webmvc.RepositoryPropertyReferenceController.followPropertyReference(org.springframework.data.rest.webmvc.RootResourceInformation,java.io.Serializable,java.lang.String,org.springframework.data.rest.webmvc.PersistentEntityResourceAssembler) throws java.lang.Exception
2018-03-31 21:09:36.910  INFO 16173 --- [           main] o.s.d.r.w.RepositoryRestHandlerMapping   : Mapped "{[/{repository}/{id}/{property}/{propertyId}],methods=[GET],produces=[application/hal+json || application/json]}" onto public org.springframework.http.ResponseEntity<org.springframework.hateoas.ResourceSupport> org.springframework.data.rest.webmvc.RepositoryPropertyReferenceController.followPropertyReference(org.springframework.data.rest.webmvc.RootResourceInformation,java.io.Serializable,java.lang.String,java.lang.String,org.springframework.data.rest.webmvc.PersistentEntityResourceAssembler) throws java.lang.Exception
2018-03-31 21:09:36.913  INFO 16173 --- [           main] o.s.d.r.w.RepositoryRestHandlerMapping   : Mapped "{[/{repository}/{id}/{property}],methods=[DELETE],produces=[application/hal+json || application/json]}" onto public org.springframework.http.ResponseEntity<? extends org.springframework.hateoas.ResourceSupport> org.springframework.data.rest.webmvc.RepositoryPropertyReferenceController.deletePropertyReference(org.springframework.data.rest.webmvc.RootResourceInformation,java.io.Serializable,java.lang.String) throws java.lang.Exception
2018-03-31 21:09:36.917  INFO 16173 --- [           main] o.s.d.r.w.RepositoryRestHandlerMapping   : Mapped "{[/{repository}/search/{search}],methods=[HEAD],produces=[application/hal+json || application/json]}" onto public org.springframework.http.ResponseEntity<java.lang.Object> org.springframework.data.rest.webmvc.RepositorySearchController.headForSearch(org.springframework.data.rest.webmvc.RootResourceInformation,java.lang.String)
2018-03-31 21:09:36.918  INFO 16173 --- [           main] o.s.d.r.w.RepositoryRestHandlerMapping   : Mapped "{[/{repository}/search/{search}],methods=[GET],produces=[application/hal+json || application/json]}" onto public org.springframework.http.ResponseEntity<?> org.springframework.data.rest.webmvc.RepositorySearchController.executeSearch(org.springframework.data.rest.webmvc.RootResourceInformation,org.springframework.util.MultiValueMap<java.lang.String, java.lang.Object>,java.lang.String,org.springframework.data.rest.webmvc.support.DefaultedPageable,org.springframework.data.domain.Sort,org.springframework.data.rest.webmvc.PersistentEntityResourceAssembler,org.springframework.http.HttpHeaders)
2018-03-31 21:09:36.918  INFO 16173 --- [           main] o.s.d.r.w.RepositoryRestHandlerMapping   : Mapped "{[/{repository}/search],methods=[GET],produces=[application/hal+json || application/json]}" onto public org.springframework.data.rest.webmvc.RepositorySearchesResource org.springframework.data.rest.webmvc.RepositorySearchController.listSearches(org.springframework.data.rest.webmvc.RootResourceInformation)
2018-03-31 21:09:36.918  INFO 16173 --- [           main] o.s.d.r.w.RepositoryRestHandlerMapping   : Mapped "{[/{repository}/search],methods=[HEAD],produces=[application/hal+json || application/json]}" onto public org.springframework.http.HttpEntity<?> org.springframework.data.rest.webmvc.RepositorySearchController.headForSearches(org.springframework.data.rest.webmvc.RootResourceInformation)
2018-03-31 21:09:36.919  INFO 16173 --- [           main] o.s.d.r.w.RepositoryRestHandlerMapping   : Mapped "{[/{repository}/search],methods=[OPTIONS],produces=[application/hal+json || application/json]}" onto public org.springframework.http.HttpEntity<?> org.springframework.data.rest.webmvc.RepositorySearchController.optionsForSearches(org.springframework.data.rest.webmvc.RootResourceInformation)
2018-03-31 21:09:36.919  INFO 16173 --- [           main] o.s.d.r.w.RepositoryRestHandlerMapping   : Mapped "{[/{repository}/search/{search}],methods=[GET],produces=[application/x-spring-data-compact+json]}" onto public org.springframework.hateoas.ResourceSupport org.springframework.data.rest.webmvc.RepositorySearchController.executeSearchCompact(org.springframework.data.rest.webmvc.RootResourceInformation,org.springframework.http.HttpHeaders,org.springframework.util.MultiValueMap<java.lang.String, java.lang.Object>,java.lang.String,java.lang.String,org.springframework.data.rest.webmvc.support.DefaultedPageable,org.springframework.data.domain.Sort,org.springframework.data.rest.webmvc.PersistentEntityResourceAssembler)
2018-03-31 21:09:36.919  INFO 16173 --- [           main] o.s.d.r.w.RepositoryRestHandlerMapping   : Mapped "{[/{repository}/search/{search}],methods=[OPTIONS],produces=[application/hal+json || application/json]}" onto public org.springframework.http.ResponseEntity<java.lang.Object> org.springframework.data.rest.webmvc.RepositorySearchController.optionsForSearch(org.springframework.data.rest.webmvc.RootResourceInformation,java.lang.String)
2018-03-31 21:09:36.920  INFO 16173 --- [           main] o.s.d.r.w.RepositoryRestHandlerMapping   : Mapped "{[/ || ],methods=[GET],produces=[application/hal+json || application/json]}" onto public org.springframework.http.HttpEntity<org.springframework.data.rest.webmvc.RepositoryLinksResource> org.springframework.data.rest.webmvc.RepositoryController.listRepositories()
2018-03-31 21:09:36.921  INFO 16173 --- [           main] o.s.d.r.w.RepositoryRestHandlerMapping   : Mapped "{[/ || ],methods=[OPTIONS],produces=[application/hal+json || application/json]}" onto public org.springframework.http.HttpEntity<?> org.springframework.data.rest.webmvc.RepositoryController.optionsForRepositories()
2018-03-31 21:09:36.923  INFO 16173 --- [           main] o.s.d.r.w.RepositoryRestHandlerMapping   : Mapped "{[/ || ],methods=[HEAD],produces=[application/hal+json || application/json]}" onto public org.springframework.http.ResponseEntity<?> org.springframework.data.rest.webmvc.RepositoryController.headForRepositories()
2018-03-31 21:09:36.924  INFO 16173 --- [           main] o.s.d.r.w.RepositoryRestHandlerMapping   : Mapped "{[/{repository}],methods=[GET],produces=[application/x-spring-data-compact+json || text/uri-list]}" onto public org.springframework.hateoas.Resources<?> org.springframework.data.rest.webmvc.RepositoryEntityController.getCollectionResourceCompact(org.springframework.data.rest.webmvc.RootResourceInformation,org.springframework.data.rest.webmvc.support.DefaultedPageable,org.springframework.data.domain.Sort,org.springframework.data.rest.webmvc.PersistentEntityResourceAssembler) throws org.springframework.data.rest.webmvc.ResourceNotFoundException,org.springframework.web.HttpRequestMethodNotSupportedException
2018-03-31 21:09:36.925  INFO 16173 --- [           main] o.s.d.r.w.RepositoryRestHandlerMapping   : Mapped "{[/{repository}],methods=[POST],produces=[application/hal+json || application/json]}" onto public org.springframework.http.ResponseEntity<org.springframework.hateoas.ResourceSupport> org.springframework.data.rest.webmvc.RepositoryEntityController.postCollectionResource(org.springframework.data.rest.webmvc.RootResourceInformation,org.springframework.data.rest.webmvc.PersistentEntityResource,org.springframework.data.rest.webmvc.PersistentEntityResourceAssembler,java.lang.String) throws org.springframework.web.HttpRequestMethodNotSupportedException
2018-03-31 21:09:36.925  INFO 16173 --- [           main] o.s.d.r.w.RepositoryRestHandlerMapping   : Mapped "{[/{repository}/{id}],methods=[OPTIONS],produces=[application/hal+json || application/json]}" onto public org.springframework.http.ResponseEntity<?> org.springframework.data.rest.webmvc.RepositoryEntityController.optionsForItemResource(org.springframework.data.rest.webmvc.RootResourceInformation)
2018-03-31 21:09:36.926  INFO 16173 --- [           main] o.s.d.r.w.RepositoryRestHandlerMapping   : Mapped "{[/{repository}/{id}],methods=[HEAD],produces=[application/hal+json || application/json]}" onto public org.springframework.http.ResponseEntity<?> org.springframework.data.rest.webmvc.RepositoryEntityController.headForItemResource(org.springframework.data.rest.webmvc.RootResourceInformation,java.io.Serializable,org.springframework.data.rest.webmvc.PersistentEntityResourceAssembler) throws org.springframework.web.HttpRequestMethodNotSupportedException
2018-03-31 21:09:36.926  INFO 16173 --- [           main] o.s.d.r.w.RepositoryRestHandlerMapping   : Mapped "{[/{repository}/{id}],methods=[GET],produces=[application/hal+json || application/json]}" onto public org.springframework.http.ResponseEntity<org.springframework.hateoas.Resource<?>> org.springframework.data.rest.webmvc.RepositoryEntityController.getItemResource(org.springframework.data.rest.webmvc.RootResourceInformation,java.io.Serializable,org.springframework.data.rest.webmvc.PersistentEntityResourceAssembler,org.springframework.http.HttpHeaders) throws org.springframework.web.HttpRequestMethodNotSupportedException
2018-03-31 21:09:36.926  INFO 16173 --- [           main] o.s.d.r.w.RepositoryRestHandlerMapping   : Mapped "{[/{repository}/{id}],methods=[PUT],produces=[application/hal+json || application/json]}" onto public org.springframework.http.ResponseEntity<? extends org.springframework.hateoas.ResourceSupport> org.springframework.data.rest.webmvc.RepositoryEntityController.putItemResource(org.springframework.data.rest.webmvc.RootResourceInformation,org.springframework.data.rest.webmvc.PersistentEntityResource,java.io.Serializable,org.springframework.data.rest.webmvc.PersistentEntityResourceAssembler,org.springframework.data.rest.webmvc.support.ETag,java.lang.String) throws org.springframework.web.HttpRequestMethodNotSupportedException
2018-03-31 21:09:36.926  INFO 16173 --- [           main] o.s.d.r.w.RepositoryRestHandlerMapping   : Mapped "{[/{repository}/{id}],methods=[PATCH],produces=[application/hal+json || application/json]}" onto public org.springframework.http.ResponseEntity<org.springframework.hateoas.ResourceSupport> org.springframework.data.rest.webmvc.RepositoryEntityController.patchItemResource(org.springframework.data.rest.webmvc.RootResourceInformation,org.springframework.data.rest.webmvc.PersistentEntityResource,java.io.Serializable,org.springframework.data.rest.webmvc.PersistentEntityResourceAssembler,org.springframework.data.rest.webmvc.support.ETag,java.lang.String) throws org.springframework.web.HttpRequestMethodNotSupportedException,org.springframework.data.rest.webmvc.ResourceNotFoundException
2018-03-31 21:09:36.927  INFO 16173 --- [           main] o.s.d.r.w.RepositoryRestHandlerMapping   : Mapped "{[/{repository}/{id}],methods=[DELETE],produces=[application/hal+json || application/json]}" onto public org.springframework.http.ResponseEntity<?> org.springframework.data.rest.webmvc.RepositoryEntityController.deleteItemResource(org.springframework.data.rest.webmvc.RootResourceInformation,java.io.Serializable,org.springframework.data.rest.webmvc.support.ETag) throws org.springframework.data.rest.webmvc.ResourceNotFoundException,org.springframework.web.HttpRequestMethodNotSupportedException
2018-03-31 21:09:36.927  INFO 16173 --- [           main] o.s.d.r.w.RepositoryRestHandlerMapping   : Mapped "{[/{repository}],methods=[OPTIONS],produces=[application/hal+json || application/json]}" onto public org.springframework.http.ResponseEntity<?> org.springframework.data.rest.webmvc.RepositoryEntityController.optionsForCollectionResource(org.springframework.data.rest.webmvc.RootResourceInformation)
2018-03-31 21:09:36.927  INFO 16173 --- [           main] o.s.d.r.w.RepositoryRestHandlerMapping   : Mapped "{[/{repository}],methods=[HEAD],produces=[application/hal+json || application/json]}" onto public org.springframework.http.ResponseEntity<?> org.springframework.data.rest.webmvc.RepositoryEntityController.headCollectionResource(org.springframework.data.rest.webmvc.RootResourceInformation,org.springframework.data.rest.webmvc.support.DefaultedPageable) throws org.springframework.web.HttpRequestMethodNotSupportedException
2018-03-31 21:09:36.928  INFO 16173 --- [           main] o.s.d.r.w.RepositoryRestHandlerMapping   : Mapped "{[/{repository}],methods=[GET],produces=[application/hal+json || application/json]}" onto public org.springframework.hateoas.Resources<?> org.springframework.data.rest.webmvc.RepositoryEntityController.getCollectionResource(org.springframework.data.rest.webmvc.RootResourceInformation,org.springframework.data.rest.webmvc.support.DefaultedPageable,org.springframework.data.domain.Sort,org.springframework.data.rest.webmvc.PersistentEntityResourceAssembler) throws org.springframework.data.rest.webmvc.ResourceNotFoundException,org.springframework.web.HttpRequestMethodNotSupportedException
2018-03-31 21:09:36.936  INFO 16173 --- [           main] o.s.d.r.w.BasePathAwareHandlerMapping    : Mapped "{[/profile/{repository}],methods=[OPTIONS],produces=[application/alps+json]}" onto org.springframework.http.HttpEntity<?> org.springframework.data.rest.webmvc.alps.AlpsController.alpsOptions()
2018-03-31 21:09:36.936  INFO 16173 --- [           main] o.s.d.r.w.BasePathAwareHandlerMapping    : Mapped "{[/profile/{repository}],methods=[GET],produces=[application/alps+json || */*]}" onto org.springframework.http.HttpEntity<org.springframework.data.rest.webmvc.RootResourceInformation> org.springframework.data.rest.webmvc.alps.AlpsController.descriptor(org.springframework.data.rest.webmvc.RootResourceInformation)
2018-03-31 21:09:36.936  INFO 16173 --- [           main] o.s.d.r.w.BasePathAwareHandlerMapping    : Mapped "{[/profile/{repository}],methods=[GET],produces=[application/schema+json]}" onto public org.springframework.http.HttpEntity<org.springframework.data.rest.webmvc.json.JsonSchema> org.springframework.data.rest.webmvc.RepositorySchemaController.schema(org.springframework.data.rest.webmvc.RootResourceInformation)
2018-03-31 21:09:36.937  INFO 16173 --- [           main] o.s.d.r.w.BasePathAwareHandlerMapping    : Mapped "{[/profile],methods=[OPTIONS]}" onto public org.springframework.http.HttpEntity<?> org.springframework.data.rest.webmvc.ProfileController.profileOptions()
2018-03-31 21:09:36.937  INFO 16173 --- [           main] o.s.d.r.w.BasePathAwareHandlerMapping    : Mapped "{[/profile],methods=[GET]}" onto org.springframework.http.HttpEntity<org.springframework.hateoas.ResourceSupport> org.springframework.data.rest.webmvc.ProfileController.listAllFormsOfMetadata()
2018-03-31 21:09:37.167  INFO 16173 --- [           main] o.h.h.i.QueryTranslatorFactoryInitiator  : HHH000397: Using ASTQueryTranslatorFactory
2018-03-31 21:09:37.282  INFO 16173 --- [           main] e.harvard.h2ms.service.EmailServiceImpl  : ************************STARTING GREENMAIL****************
2018-03-31 21:09:37.295  INFO 16173 --- [           main] e.h.h.controllers.EventControllerTests   : Started EventControllerTests in 5.284 seconds (JVM running for 11.23)
2018-03-31 21:09:37.362  INFO 16173 --- [           main] o.s.b.t.m.w.SpringBootMockServletContext : Initializing Spring FrameworkServlet ''
2018-03-31 21:09:37.362  INFO 16173 --- [           main] o.s.t.web.servlet.TestDispatcherServlet  : FrameworkServlet '': initialization started
2018-03-31 21:09:37.376  INFO 16173 --- [           main] o.s.t.web.servlet.TestDispatcherServlet  : FrameworkServlet '': initialization completed in 14 ms
2018-03-31 21:09:37.778  INFO 16173 --- [           main] o.s.w.c.s.GenericWebApplicationContext   : Closing org.springframework.web.context.support.GenericWebApplicationContext@342a1f84: startup date [Sat Mar 31 21:09:32 EDT 2018]; root of context hierarchy
2018-03-31 21:09:37.783  INFO 16173 --- [           main] j.LocalContainerEntityManagerFactoryBean : Closing JPA EntityManagerFactory for persistence unit 'default'
2018-03-31 21:09:37.783  INFO 16173 --- [           main] org.hibernate.tool.hbm2ddl.SchemaExport  : HHH000227: Running hbm2ddl schema export
2018-03-31 21:09:37.795  INFO 16173 --- [           main] org.hibernate.tool.hbm2ddl.SchemaExport  : HHH000230: Schema export complete

  .   ____          _            __ _ _
 /\\ / ___'_ __ _ _(_)_ __  __ _ \ \ \ \
( ( )\___ | '_ | '_| | '_ \/ _` | \ \ \ \
 \\/  ___)| |_)| | | | | || (_| |  ) ) ) )
  '  |____| .__|_| |_|_| |_\__, | / / / /
 =========|_|==============|___/=/_/_/_/
 :: Spring Boot ::       (v1.5.10.RELEASE)

2018-03-31 21:09:37.881  INFO 16173 --- [           main] e.h.h.controllers.EventControllerTests   : Starting EventControllerTests on ancient.bitbin.de with PID 16173 (started by stbenjam in /home/stbenjam/git/h2ms)
2018-03-31 21:09:37.881  INFO 16173 --- [           main] e.h.h.controllers.EventControllerTests   : No active profile set, falling back to default profiles: default
2018-03-31 21:09:37.882  INFO 16173 --- [           main] o.s.w.c.s.GenericWebApplicationContext   : Refreshing org.springframework.web.context.support.GenericWebApplicationContext@191cf38f: startup date [Sat Mar 31 21:09:37 EDT 2018]; root of context hierarchy
2018-03-31 21:09:37.936  INFO 16173 --- [           main] o.s.c.a.ConfigurationClassParser         : Properties location [classpath:mailserver.properties] not resolvable: class path resource [mailserver.properties] cannot be opened because it does not exist
2018-03-31 21:09:38.135  INFO 16173 --- [           main] o.s.b.f.s.DefaultListableBeanFactory     : Overriding bean definition for bean 'httpRequestHandlerAdapter' with a different definition: replacing [Root bean: class [null]; scope=; abstract=false; lazyInit=false; autowireMode=3; dependencyCheck=0; autowireCandidate=true; primary=false; factoryBeanName=org.springframework.boot.autoconfigure.web.WebMvcAutoConfiguration$EnableWebMvcConfiguration; factoryMethodName=httpRequestHandlerAdapter; initMethodName=null; destroyMethodName=(inferred); defined in class path resource [org/springframework/boot/autoconfigure/web/WebMvcAutoConfiguration$EnableWebMvcConfiguration.class]] with [Root bean: class [null]; scope=; abstract=false; lazyInit=false; autowireMode=3; dependencyCheck=0; autowireCandidate=true; primary=false; factoryBeanName=org.springframework.data.rest.webmvc.config.RepositoryRestMvcConfiguration; factoryMethodName=httpRequestHandlerAdapter; initMethodName=null; destroyMethodName=(inferred); defined in class path resource [org/springframework/data/rest/webmvc/config/RepositoryRestMvcConfiguration.class]]
2018-03-31 21:09:38.239  INFO 16173 --- [           main] trationDelegate$BeanPostProcessorChecker : Bean 'org.springframework.transaction.annotation.ProxyTransactionManagementConfiguration' of type [org.springframework.transaction.annotation.ProxyTransactionManagementConfiguration$$EnhancerBySpringCGLIB$$225ecc1d] is not eligible for getting processed by all BeanPostProcessors (for example: not eligible for auto-proxying)
2018-03-31 21:09:38.251  INFO 16173 --- [           main] trationDelegate$BeanPostProcessorChecker : Bean 'org.springframework.security.config.annotation.configuration.ObjectPostProcessorConfiguration' of type [org.springframework.security.config.annotation.configuration.ObjectPostProcessorConfiguration$$EnhancerBySpringCGLIB$$bb0c9457] is not eligible for getting processed by all BeanPostProcessors (for example: not eligible for auto-proxying)
2018-03-31 21:09:38.263  INFO 16173 --- [           main] trationDelegate$BeanPostProcessorChecker : Bean 'objectPostProcessor' of type [org.springframework.security.config.annotation.configuration.AutowireBeanFactoryObjectPostProcessor] is not eligible for getting processed by all BeanPostProcessors (for example: not eligible for auto-proxying)
2018-03-31 21:09:38.266  INFO 16173 --- [           main] trationDelegate$BeanPostProcessorChecker : Bean 'org.springframework.security.access.expression.method.DefaultMethodSecurityExpressionHandler@4a577b99' of type [org.springframework.security.oauth2.provider.expression.OAuth2MethodSecurityExpressionHandler] is not eligible for getting processed by all BeanPostProcessors (for example: not eligible for auto-proxying)
2018-03-31 21:09:38.285  INFO 16173 --- [           main] trationDelegate$BeanPostProcessorChecker : Bean 'org.springframework.security.config.annotation.method.configuration.GlobalMethodSecurityConfiguration' of type [org.springframework.security.config.annotation.method.configuration.GlobalMethodSecurityConfiguration$$EnhancerBySpringCGLIB$$dfe13709] is not eligible for getting processed by all BeanPostProcessors (for example: not eligible for auto-proxying)
2018-03-31 21:09:38.293  INFO 16173 --- [           main] trationDelegate$BeanPostProcessorChecker : Bean 'methodSecurityMetadataSource' of type [org.springframework.security.access.method.DelegatingMethodSecurityMetadataSource] is not eligible for getting processed by all BeanPostProcessors (for example: not eligible for auto-proxying)
2018-03-31 21:09:38.315  INFO 16173 --- [           main] trationDelegate$BeanPostProcessorChecker : Bean 'security.oauth2.client-org.springframework.boot.autoconfigure.security.oauth2.OAuth2ClientProperties' of type [org.springframework.boot.autoconfigure.security.oauth2.OAuth2ClientProperties] is not eligible for getting processed by all BeanPostProcessors (for example: not eligible for auto-proxying)
2018-03-31 21:09:38.326  INFO 16173 --- [           main] trationDelegate$BeanPostProcessorChecker : Bean 'org.springframework.boot.autoconfigure.security.oauth2.OAuth2AutoConfiguration' of type [org.springframework.boot.autoconfigure.security.oauth2.OAuth2AutoConfiguration$$EnhancerBySpringCGLIB$$d9a8881d] is not eligible for getting processed by all BeanPostProcessors (for example: not eligible for auto-proxying)
2018-03-31 21:09:38.338  INFO 16173 --- [           main] trationDelegate$BeanPostProcessorChecker : Bean 'resourceServerProperties' of type [org.springframework.boot.autoconfigure.security.oauth2.resource.ResourceServerProperties] is not eligible for getting processed by all BeanPostProcessors (for example: not eligible for auto-proxying)
2018-03-31 21:09:38.539  INFO 16173 --- [           main] j.LocalContainerEntityManagerFactoryBean : Building JPA container EntityManagerFactory for persistence unit 'default'
2018-03-31 21:09:38.539  INFO 16173 --- [           main] o.hibernate.jpa.internal.util.LogHelper  : HHH000204: Processing PersistenceUnitInfo [
	name: default
	...]
2018-03-31 21:09:38.546  INFO 16173 --- [           main] org.hibernate.dialect.Dialect            : HHH000400: Using dialect: org.hibernate.dialect.H2Dialect
2018-03-31 21:09:38.649  INFO 16173 --- [           main] org.hibernate.tool.hbm2ddl.SchemaExport  : HHH000227: Running hbm2ddl schema export
2018-03-31 21:09:38.692  INFO 16173 --- [           main] org.hibernate.tool.hbm2ddl.SchemaExport  : HHH000230: Schema export complete
2018-03-31 21:09:38.710  WARN 16173 --- [           main] o.h.j.i.EntityManagerFactoryRegistry     : HHH000436: Entity manager factory name (default) is already registered.  If entity manager will be clustered or passivated, specify a unique value for property 'hibernate.ejb.entitymanager_factory_name'
2018-03-31 21:09:38.711  INFO 16173 --- [           main] j.LocalContainerEntityManagerFactoryBean : Initialized JPA EntityManagerFactory for persistence unit 'default'
2018-03-31 21:09:39.517  INFO 16173 --- [           main] .s.o.p.e.FrameworkEndpointHandlerMapping : Mapped "{[/oauth/authorize]}" onto public org.springframework.web.servlet.ModelAndView org.springframework.security.oauth2.provider.endpoint.AuthorizationEndpoint.authorize(java.util.Map<java.lang.String, java.lang.Object>,java.util.Map<java.lang.String, java.lang.String>,org.springframework.web.bind.support.SessionStatus,java.security.Principal)
2018-03-31 21:09:39.517  INFO 16173 --- [           main] .s.o.p.e.FrameworkEndpointHandlerMapping : Mapped "{[/oauth/authorize],methods=[POST],params=[user_oauth_approval]}" onto public org.springframework.web.servlet.View org.springframework.security.oauth2.provider.endpoint.AuthorizationEndpoint.approveOrDeny(java.util.Map<java.lang.String, java.lang.String>,java.util.Map<java.lang.String, ?>,org.springframework.web.bind.support.SessionStatus,java.security.Principal)
2018-03-31 21:09:39.518  INFO 16173 --- [           main] .s.o.p.e.FrameworkEndpointHandlerMapping : Mapped "{[/oauth/token],methods=[GET]}" onto public org.springframework.http.ResponseEntity<org.springframework.security.oauth2.common.OAuth2AccessToken> org.springframework.security.oauth2.provider.endpoint.TokenEndpoint.getAccessToken(java.security.Principal,java.util.Map<java.lang.String, java.lang.String>) throws org.springframework.web.HttpRequestMethodNotSupportedException
2018-03-31 21:09:39.518  INFO 16173 --- [           main] .s.o.p.e.FrameworkEndpointHandlerMapping : Mapped "{[/oauth/token],methods=[POST]}" onto public org.springframework.http.ResponseEntity<org.springframework.security.oauth2.common.OAuth2AccessToken> org.springframework.security.oauth2.provider.endpoint.TokenEndpoint.postAccessToken(java.security.Principal,java.util.Map<java.lang.String, java.lang.String>) throws org.springframework.web.HttpRequestMethodNotSupportedException
2018-03-31 21:09:39.519  INFO 16173 --- [           main] .s.o.p.e.FrameworkEndpointHandlerMapping : Mapped "{[/oauth/check_token]}" onto public java.util.Map<java.lang.String, ?> org.springframework.security.oauth2.provider.endpoint.CheckTokenEndpoint.checkToken(java.lang.String)
2018-03-31 21:09:39.519  INFO 16173 --- [           main] .s.o.p.e.FrameworkEndpointHandlerMapping : Mapped "{[/oauth/confirm_access]}" onto public org.springframework.web.servlet.ModelAndView org.springframework.security.oauth2.provider.endpoint.WhitelabelApprovalEndpoint.getAccessConfirmation(java.util.Map<java.lang.String, java.lang.Object>,javax.servlet.http.HttpServletRequest) throws java.lang.Exception
2018-03-31 21:09:39.520  INFO 16173 --- [           main] .s.o.p.e.FrameworkEndpointHandlerMapping : Mapped "{[/oauth/error]}" onto public org.springframework.web.servlet.ModelAndView org.springframework.security.oauth2.provider.endpoint.WhitelabelErrorEndpoint.handleError(javax.servlet.http.HttpServletRequest)
2018-03-31 21:09:39.765  INFO 16173 --- [           main] o.s.s.web.DefaultSecurityFilterChain     : Creating filter chain: Ant [pattern='/'], []
2018-03-31 21:09:39.765  INFO 16173 --- [           main] o.s.s.web.DefaultSecurityFilterChain     : Creating filter chain: Ant [pattern='/login'], []
2018-03-31 21:09:39.765  INFO 16173 --- [           main] o.s.s.web.DefaultSecurityFilterChain     : Creating filter chain: Ant [pattern='/webjars/**'], []
2018-03-31 21:09:39.765  INFO 16173 --- [           main] o.s.s.web.DefaultSecurityFilterChain     : Creating filter chain: Ant [pattern='/api/passwords/**'], []
2018-03-31 21:09:39.765  INFO 16173 --- [           main] o.s.s.web.DefaultSecurityFilterChain     : Creating filter chain: Ant [pattern='/swagger-resources'], []
2018-03-31 21:09:39.765  INFO 16173 --- [           main] o.s.s.web.DefaultSecurityFilterChain     : Creating filter chain: Ant [pattern='/swagger-resources/**'], []
2018-03-31 21:09:39.765  INFO 16173 --- [           main] o.s.s.web.DefaultSecurityFilterChain     : Creating filter chain: Ant [pattern='/swagger-ui.html'], []
2018-03-31 21:09:39.765  INFO 16173 --- [           main] o.s.s.web.DefaultSecurityFilterChain     : Creating filter chain: Ant [pattern='/v2/api-docs'], []
2018-03-31 21:09:39.765  INFO 16173 --- [           main] o.s.s.web.DefaultSecurityFilterChain     : Creating filter chain: Ant [pattern='/**', OPTIONS], []
2018-03-31 21:09:39.827  INFO 16173 --- [           main] o.s.s.web.DefaultSecurityFilterChain     : Creating filter chain: OrRequestMatcher [requestMatchers=[Ant [pattern='/oauth/token'], Ant [pattern='/oauth/token_key'], Ant [pattern='/oauth/check_token']]], [org.springframework.security.web.context.request.async.WebAsyncManagerIntegrationFilter@1ba84d52, org.springframework.security.web.context.SecurityContextPersistenceFilter@222ebd21, org.springframework.security.web.header.HeaderWriterFilter@572c50b6, org.springframework.security.web.authentication.logout.LogoutFilter@21f134a2, org.springframework.security.web.authentication.www.BasicAuthenticationFilter@518e9141, org.springframework.security.web.savedrequest.RequestCacheAwareFilter@24c7563b, org.springframework.security.web.servletapi.SecurityContextHolderAwareRequestFilter@115b0bf5, org.springframework.security.web.authentication.AnonymousAuthenticationFilter@42018e32, org.springframework.security.web.session.SessionManagementFilter@33606f4b, org.springframework.security.web.access.ExceptionTranslationFilter@6dad684f, org.springframework.security.web.access.intercept.FilterSecurityInterceptor@50ba10de]
2018-03-31 21:09:39.841  INFO 16173 --- [           main] o.s.s.web.DefaultSecurityFilterChain     : Creating filter chain: org.springframework.security.oauth2.config.annotation.web.configuration.ResourceServerConfiguration$NotOAuthRequestMatcher@240fe338, [org.springframework.security.web.context.request.async.WebAsyncManagerIntegrationFilter@5165783c, org.springframework.security.web.context.SecurityContextPersistenceFilter@4f755506, org.springframework.security.web.header.HeaderWriterFilter@597f9d91, org.springframework.security.web.authentication.logout.LogoutFilter@30926583, org.springframework.security.oauth2.provider.authentication.OAuth2AuthenticationProcessingFilter@35eb95d3, org.springframework.security.web.savedrequest.RequestCacheAwareFilter@78ded8c9, org.springframework.security.web.servletapi.SecurityContextHolderAwareRequestFilter@5d685156, org.springframework.security.web.authentication.AnonymousAuthenticationFilter@7d1f60cf, org.springframework.security.web.session.SessionManagementFilter@64d128d0, org.springframework.security.web.access.ExceptionTranslationFilter@591dd039, org.springframework.security.web.access.intercept.FilterSecurityInterceptor@4d23b242]
2018-03-31 21:09:39.842  INFO 16173 --- [           main] o.s.s.web.DefaultSecurityFilterChain     : Creating filter chain: org.springframework.security.web.util.matcher.AnyRequestMatcher@1, [org.springframework.security.web.access.intercept.FilterSecurityInterceptor@543669de]
2018-03-31 21:09:40.074  INFO 16173 --- [           main] s.w.s.m.m.a.RequestMappingHandlerAdapter : Looking for @ControllerAdvice: org.springframework.web.context.support.GenericWebApplicationContext@191cf38f: startup date [Sat Mar 31 21:09:37 EDT 2018]; root of context hierarchy
2018-03-31 21:09:40.110  INFO 16173 --- [           main] s.w.s.m.m.a.RequestMappingHandlerMapping : Mapped "{[/events/compliance/{questionId}/{timeframe}],methods=[GET]}" onto public org.springframework.http.ResponseEntity<?> edu.harvard.h2ms.web.controller.EventController.findComplianceByTimeframe(java.lang.String,java.lang.Long)
2018-03-31 21:09:40.110  INFO 16173 --- [           main] s.w.s.m.m.a.RequestMappingHandlerMapping : Mapped "{[/events/count/{timeframe}],methods=[GET]}" onto public org.springframework.http.ResponseEntity<?> edu.harvard.h2ms.web.controller.EventController.findEventCountByTimeframe(java.lang.String)
2018-03-31 21:09:40.111  INFO 16173 --- [           main] s.w.s.m.m.a.RequestMappingHandlerMapping : Mapped "{[/api/passwords/reset/{email:.+}],methods=[GET]}" onto public org.springframework.http.ResponseEntity<java.lang.Object> edu.harvard.h2ms.web.controller.PasswordController.getPasswordResetToken(java.lang.String)
2018-03-31 21:09:40.111  INFO 16173 --- [           main] s.w.s.m.m.a.RequestMappingHandlerMapping : Mapped "{[/api/passwords/reset/token],methods=[POST]}" onto public org.springframework.http.ResponseEntity<java.lang.Object> edu.harvard.h2ms.web.controller.PasswordController.resetPasswordViaToken(java.util.Map<java.lang.String, java.lang.String>)
2018-03-31 21:09:40.111  INFO 16173 --- [           main] s.w.s.m.m.a.RequestMappingHandlerMapping : Mapped "{[/users/avgWashed],methods=[GET]}" onto public java.util.Map<java.lang.String, java.lang.Double> edu.harvard.h2ms.web.controller.UserController.findAvgWashCompliance()
2018-03-31 21:09:40.113  INFO 16173 --- [           main] s.w.s.m.m.a.RequestMappingHandlerMapping : Mapped "{[/error],produces=[text/html]}" onto public org.springframework.web.servlet.ModelAndView org.springframework.boot.autoconfigure.web.BasicErrorController.errorHtml(javax.servlet.http.HttpServletRequest,javax.servlet.http.HttpServletResponse)
2018-03-31 21:09:40.113  INFO 16173 --- [           main] s.w.s.m.m.a.RequestMappingHandlerMapping : Mapped "{[/error]}" onto public org.springframework.http.ResponseEntity<java.util.Map<java.lang.String, java.lang.Object>> org.springframework.boot.autoconfigure.web.BasicErrorController.error(javax.servlet.http.HttpServletRequest)
2018-03-31 21:09:40.167  INFO 16173 --- [           main] o.s.w.s.handler.SimpleUrlHandlerMapping  : Mapped URL path [/webjars/**] onto handler of type [class org.springframework.web.servlet.resource.ResourceHttpRequestHandler]
2018-03-31 21:09:40.167  INFO 16173 --- [           main] o.s.w.s.handler.SimpleUrlHandlerMapping  : Mapped URL path [/**] onto handler of type [class org.springframework.web.servlet.resource.ResourceHttpRequestHandler]
2018-03-31 21:09:40.183  INFO 16173 --- [           main] .m.m.a.ExceptionHandlerExceptionResolver : Detected @ExceptionHandler methods in exceptionHandlingController
2018-03-31 21:09:40.184  INFO 16173 --- [           main] .m.m.a.ExceptionHandlerExceptionResolver : Detected @ExceptionHandler methods in repositoryRestExceptionHandler
2018-03-31 21:09:40.256  INFO 16173 --- [           main] o.s.w.s.handler.SimpleUrlHandlerMapping  : Mapped URL path [/**/favicon.ico] onto handler of type [class org.springframework.web.servlet.resource.ResourceHttpRequestHandler]
2018-03-31 21:09:40.301  WARN 16173 --- [           main] .t.AbstractTemplateResolverConfiguration : Cannot find template location: classpath:/templates/ (please add some templates or check your Thymeleaf configuration)
2018-03-31 21:09:40.569  INFO 16173 --- [           main] o.s.d.r.w.RepositoryRestHandlerAdapter   : Looking for @ControllerAdvice: org.springframework.web.context.support.GenericWebApplicationContext@191cf38f: startup date [Sat Mar 31 21:09:37 EDT 2018]; root of context hierarchy
2018-03-31 21:09:40.605  INFO 16173 --- [           main] o.s.d.r.w.RepositoryRestHandlerMapping   : Mapped "{[/{repository}/{id}/{property}],methods=[GET],produces=[application/x-spring-data-compact+json || text/uri-list]}" onto public org.springframework.http.ResponseEntity<org.springframework.hateoas.ResourceSupport> org.springframework.data.rest.webmvc.RepositoryPropertyReferenceController.followPropertyReferenceCompact(org.springframework.data.rest.webmvc.RootResourceInformation,java.io.Serializable,java.lang.String,org.springframework.data.rest.webmvc.PersistentEntityResourceAssembler) throws java.lang.Exception
2018-03-31 21:09:40.606  INFO 16173 --- [           main] o.s.d.r.w.RepositoryRestHandlerMapping   : Mapped "{[/{repository}/{id}/{property}],methods=[PATCH || PUT || POST],consumes=[application/json || application/x-spring-data-compact+json || text/uri-list],produces=[application/hal+json || application/json]}" onto public org.springframework.http.ResponseEntity<? extends org.springframework.hateoas.ResourceSupport> org.springframework.data.rest.webmvc.RepositoryPropertyReferenceController.createPropertyReference(org.springframework.data.rest.webmvc.RootResourceInformation,org.springframework.http.HttpMethod,org.springframework.hateoas.Resources<java.lang.Object>,java.io.Serializable,java.lang.String) throws java.lang.Exception
2018-03-31 21:09:40.607  INFO 16173 --- [           main] o.s.d.r.w.RepositoryRestHandlerMapping   : Mapped "{[/{repository}/{id}/{property}/{propertyId}],methods=[DELETE],produces=[application/hal+json || application/json]}" onto public org.springframework.http.ResponseEntity<org.springframework.hateoas.ResourceSupport> org.springframework.data.rest.webmvc.RepositoryPropertyReferenceController.deletePropertyReferenceId(org.springframework.data.rest.webmvc.RootResourceInformation,java.io.Serializable,java.lang.String,java.lang.String) throws java.lang.Exception
2018-03-31 21:09:40.607  INFO 16173 --- [           main] o.s.d.r.w.RepositoryRestHandlerMapping   : Mapped "{[/{repository}/{id}/{property}],methods=[GET],produces=[application/hal+json || application/json]}" onto public org.springframework.http.ResponseEntity<org.springframework.hateoas.ResourceSupport> org.springframework.data.rest.webmvc.RepositoryPropertyReferenceController.followPropertyReference(org.springframework.data.rest.webmvc.RootResourceInformation,java.io.Serializable,java.lang.String,org.springframework.data.rest.webmvc.PersistentEntityResourceAssembler) throws java.lang.Exception
2018-03-31 21:09:40.608  INFO 16173 --- [           main] o.s.d.r.w.RepositoryRestHandlerMapping   : Mapped "{[/{repository}/{id}/{property}/{propertyId}],methods=[GET],produces=[application/hal+json || application/json]}" onto public org.springframework.http.ResponseEntity<org.springframework.hateoas.ResourceSupport> org.springframework.data.rest.webmvc.RepositoryPropertyReferenceController.followPropertyReference(org.springframework.data.rest.webmvc.RootResourceInformation,java.io.Serializable,java.lang.String,java.lang.String,org.springframework.data.rest.webmvc.PersistentEntityResourceAssembler) throws java.lang.Exception
2018-03-31 21:09:40.609  INFO 16173 --- [           main] o.s.d.r.w.RepositoryRestHandlerMapping   : Mapped "{[/{repository}/{id}/{property}],methods=[DELETE],produces=[application/hal+json || application/json]}" onto public org.springframework.http.ResponseEntity<? extends org.springframework.hateoas.ResourceSupport> org.springframework.data.rest.webmvc.RepositoryPropertyReferenceController.deletePropertyReference(org.springframework.data.rest.webmvc.RootResourceInformation,java.io.Serializable,java.lang.String) throws java.lang.Exception
2018-03-31 21:09:40.611  INFO 16173 --- [           main] o.s.d.r.w.RepositoryRestHandlerMapping   : Mapped "{[/{repository}/search/{search}],methods=[HEAD],produces=[application/hal+json || application/json]}" onto public org.springframework.http.ResponseEntity<java.lang.Object> org.springframework.data.rest.webmvc.RepositorySearchController.headForSearch(org.springframework.data.rest.webmvc.RootResourceInformation,java.lang.String)
2018-03-31 21:09:40.614  INFO 16173 --- [           main] o.s.d.r.w.RepositoryRestHandlerMapping   : Mapped "{[/{repository}/search/{search}],methods=[GET],produces=[application/hal+json || application/json]}" onto public org.springframework.http.ResponseEntity<?> org.springframework.data.rest.webmvc.RepositorySearchController.executeSearch(org.springframework.data.rest.webmvc.RootResourceInformation,org.springframework.util.MultiValueMap<java.lang.String, java.lang.Object>,java.lang.String,org.springframework.data.rest.webmvc.support.DefaultedPageable,org.springframework.data.domain.Sort,org.springframework.data.rest.webmvc.PersistentEntityResourceAssembler,org.springframework.http.HttpHeaders)
2018-03-31 21:09:40.615  INFO 16173 --- [           main] o.s.d.r.w.RepositoryRestHandlerMapping   : Mapped "{[/{repository}/search],methods=[GET],produces=[application/hal+json || application/json]}" onto public org.springframework.data.rest.webmvc.RepositorySearchesResource org.springframework.data.rest.webmvc.RepositorySearchController.listSearches(org.springframework.data.rest.webmvc.RootResourceInformation)
2018-03-31 21:09:40.616  INFO 16173 --- [           main] o.s.d.r.w.RepositoryRestHandlerMapping   : Mapped "{[/{repository}/search],methods=[HEAD],produces=[application/hal+json || application/json]}" onto public org.springframework.http.HttpEntity<?> org.springframework.data.rest.webmvc.RepositorySearchController.headForSearches(org.springframework.data.rest.webmvc.RootResourceInformation)
2018-03-31 21:09:40.616  INFO 16173 --- [           main] o.s.d.r.w.RepositoryRestHandlerMapping   : Mapped "{[/{repository}/search],methods=[OPTIONS],produces=[application/hal+json || application/json]}" onto public org.springframework.http.HttpEntity<?> org.springframework.data.rest.webmvc.RepositorySearchController.optionsForSearches(org.springframework.data.rest.webmvc.RootResourceInformation)
2018-03-31 21:09:40.617  INFO 16173 --- [           main] o.s.d.r.w.RepositoryRestHandlerMapping   : Mapped "{[/{repository}/search/{search}],methods=[GET],produces=[application/x-spring-data-compact+json]}" onto public org.springframework.hateoas.ResourceSupport org.springframework.data.rest.webmvc.RepositorySearchController.executeSearchCompact(org.springframework.data.rest.webmvc.RootResourceInformation,org.springframework.http.HttpHeaders,org.springframework.util.MultiValueMap<java.lang.String, java.lang.Object>,java.lang.String,java.lang.String,org.springframework.data.rest.webmvc.support.DefaultedPageable,org.springframework.data.domain.Sort,org.springframework.data.rest.webmvc.PersistentEntityResourceAssembler)
2018-03-31 21:09:40.617  INFO 16173 --- [           main] o.s.d.r.w.RepositoryRestHandlerMapping   : Mapped "{[/{repository}/search/{search}],methods=[OPTIONS],produces=[application/hal+json || application/json]}" onto public org.springframework.http.ResponseEntity<java.lang.Object> org.springframework.data.rest.webmvc.RepositorySearchController.optionsForSearch(org.springframework.data.rest.webmvc.RootResourceInformation,java.lang.String)
2018-03-31 21:09:40.618  INFO 16173 --- [           main] o.s.d.r.w.RepositoryRestHandlerMapping   : Mapped "{[/ || ],methods=[GET],produces=[application/hal+json || application/json]}" onto public org.springframework.http.HttpEntity<org.springframework.data.rest.webmvc.RepositoryLinksResource> org.springframework.data.rest.webmvc.RepositoryController.listRepositories()
2018-03-31 21:09:40.618  INFO 16173 --- [           main] o.s.d.r.w.RepositoryRestHandlerMapping   : Mapped "{[/ || ],methods=[OPTIONS],produces=[application/hal+json || application/json]}" onto public org.springframework.http.HttpEntity<?> org.springframework.data.rest.webmvc.RepositoryController.optionsForRepositories()
2018-03-31 21:09:40.618  INFO 16173 --- [           main] o.s.d.r.w.RepositoryRestHandlerMapping   : Mapped "{[/ || ],methods=[HEAD],produces=[application/hal+json || application/json]}" onto public org.springframework.http.ResponseEntity<?> org.springframework.data.rest.webmvc.RepositoryController.headForRepositories()
2018-03-31 21:09:40.620  INFO 16173 --- [           main] o.s.d.r.w.RepositoryRestHandlerMapping   : Mapped "{[/{repository}],methods=[GET],produces=[application/x-spring-data-compact+json || text/uri-list]}" onto public org.springframework.hateoas.Resources<?> org.springframework.data.rest.webmvc.RepositoryEntityController.getCollectionResourceCompact(org.springframework.data.rest.webmvc.RootResourceInformation,org.springframework.data.rest.webmvc.support.DefaultedPageable,org.springframework.data.domain.Sort,org.springframework.data.rest.webmvc.PersistentEntityResourceAssembler) throws org.springframework.data.rest.webmvc.ResourceNotFoundException,org.springframework.web.HttpRequestMethodNotSupportedException
2018-03-31 21:09:40.620  INFO 16173 --- [           main] o.s.d.r.w.RepositoryRestHandlerMapping   : Mapped "{[/{repository}],methods=[POST],produces=[application/hal+json || application/json]}" onto public org.springframework.http.ResponseEntity<org.springframework.hateoas.ResourceSupport> org.springframework.data.rest.webmvc.RepositoryEntityController.postCollectionResource(org.springframework.data.rest.webmvc.RootResourceInformation,org.springframework.data.rest.webmvc.PersistentEntityResource,org.springframework.data.rest.webmvc.PersistentEntityResourceAssembler,java.lang.String) throws org.springframework.web.HttpRequestMethodNotSupportedException
2018-03-31 21:09:40.621  INFO 16173 --- [           main] o.s.d.r.w.RepositoryRestHandlerMapping   : Mapped "{[/{repository}/{id}],methods=[OPTIONS],produces=[application/hal+json || application/json]}" onto public org.springframework.http.ResponseEntity<?> org.springframework.data.rest.webmvc.RepositoryEntityController.optionsForItemResource(org.springframework.data.rest.webmvc.RootResourceInformation)
2018-03-31 21:09:40.621  INFO 16173 --- [           main] o.s.d.r.w.RepositoryRestHandlerMapping   : Mapped "{[/{repository}/{id}],methods=[HEAD],produces=[application/hal+json || application/json]}" onto public org.springframework.http.ResponseEntity<?> org.springframework.data.rest.webmvc.RepositoryEntityController.headForItemResource(org.springframework.data.rest.webmvc.RootResourceInformation,java.io.Serializable,org.springframework.data.rest.webmvc.PersistentEntityResourceAssembler) throws org.springframework.web.HttpRequestMethodNotSupportedException
2018-03-31 21:09:40.621  INFO 16173 --- [           main] o.s.d.r.w.RepositoryRestHandlerMapping   : Mapped "{[/{repository}/{id}],methods=[GET],produces=[application/hal+json || application/json]}" onto public org.springframework.http.ResponseEntity<org.springframework.hateoas.Resource<?>> org.springframework.data.rest.webmvc.RepositoryEntityController.getItemResource(org.springframework.data.rest.webmvc.RootResourceInformation,java.io.Serializable,org.springframework.data.rest.webmvc.PersistentEntityResourceAssembler,org.springframework.http.HttpHeaders) throws org.springframework.web.HttpRequestMethodNotSupportedException
2018-03-31 21:09:40.622  INFO 16173 --- [           main] o.s.d.r.w.RepositoryRestHandlerMapping   : Mapped "{[/{repository}/{id}],methods=[PUT],produces=[application/hal+json || application/json]}" onto public org.springframework.http.ResponseEntity<? extends org.springframework.hateoas.ResourceSupport> org.springframework.data.rest.webmvc.RepositoryEntityController.putItemResource(org.springframework.data.rest.webmvc.RootResourceInformation,org.springframework.data.rest.webmvc.PersistentEntityResource,java.io.Serializable,org.springframework.data.rest.webmvc.PersistentEntityResourceAssembler,org.springframework.data.rest.webmvc.support.ETag,java.lang.String) throws org.springframework.web.HttpRequestMethodNotSupportedException
2018-03-31 21:09:40.622  INFO 16173 --- [           main] o.s.d.r.w.RepositoryRestHandlerMapping   : Mapped "{[/{repository}/{id}],methods=[PATCH],produces=[application/hal+json || application/json]}" onto public org.springframework.http.ResponseEntity<org.springframework.hateoas.ResourceSupport> org.springframework.data.rest.webmvc.RepositoryEntityController.patchItemResource(org.springframework.data.rest.webmvc.RootResourceInformation,org.springframework.data.rest.webmvc.PersistentEntityResource,java.io.Serializable,org.springframework.data.rest.webmvc.PersistentEntityResourceAssembler,org.springframework.data.rest.webmvc.support.ETag,java.lang.String) throws org.springframework.web.HttpRequestMethodNotSupportedException,org.springframework.data.rest.webmvc.ResourceNotFoundException
2018-03-31 21:09:40.622  INFO 16173 --- [           main] o.s.d.r.w.RepositoryRestHandlerMapping   : Mapped "{[/{repository}/{id}],methods=[DELETE],produces=[application/hal+json || application/json]}" onto public org.springframework.http.ResponseEntity<?> org.springframework.data.rest.webmvc.RepositoryEntityController.deleteItemResource(org.springframework.data.rest.webmvc.RootResourceInformation,java.io.Serializable,org.springframework.data.rest.webmvc.support.ETag) throws org.springframework.data.rest.webmvc.ResourceNotFoundException,org.springframework.web.HttpRequestMethodNotSupportedException
2018-03-31 21:09:40.622  INFO 16173 --- [           main] o.s.d.r.w.RepositoryRestHandlerMapping   : Mapped "{[/{repository}],methods=[OPTIONS],produces=[application/hal+json || application/json]}" onto public org.springframework.http.ResponseEntity<?> org.springframework.data.rest.webmvc.RepositoryEntityController.optionsForCollectionResource(org.springframework.data.rest.webmvc.RootResourceInformation)
2018-03-31 21:09:40.623  INFO 16173 --- [           main] o.s.d.r.w.RepositoryRestHandlerMapping   : Mapped "{[/{repository}],methods=[HEAD],produces=[application/hal+json || application/json]}" onto public org.springframework.http.ResponseEntity<?> org.springframework.data.rest.webmvc.RepositoryEntityController.headCollectionResource(org.springframework.data.rest.webmvc.RootResourceInformation,org.springframework.data.rest.webmvc.support.DefaultedPageable) throws org.springframework.web.HttpRequestMethodNotSupportedException
2018-03-31 21:09:40.623  INFO 16173 --- [           main] o.s.d.r.w.RepositoryRestHandlerMapping   : Mapped "{[/{repository}],methods=[GET],produces=[application/hal+json || application/json]}" onto public org.springframework.hateoas.Resources<?> org.springframework.data.rest.webmvc.RepositoryEntityController.getCollectionResource(org.springframework.data.rest.webmvc.RootResourceInformation,org.springframework.data.rest.webmvc.support.DefaultedPageable,org.springframework.data.domain.Sort,org.springframework.data.rest.webmvc.PersistentEntityResourceAssembler) throws org.springframework.data.rest.webmvc.ResourceNotFoundException,org.springframework.web.HttpRequestMethodNotSupportedException
2018-03-31 21:09:40.626  INFO 16173 --- [           main] o.s.d.r.w.BasePathAwareHandlerMapping    : Mapped "{[/profile/{repository}],methods=[OPTIONS],produces=[application/alps+json]}" onto org.springframework.http.HttpEntity<?> org.springframework.data.rest.webmvc.alps.AlpsController.alpsOptions()
2018-03-31 21:09:40.627  INFO 16173 --- [           main] o.s.d.r.w.BasePathAwareHandlerMapping    : Mapped "{[/profile/{repository}],methods=[GET],produces=[application/alps+json || */*]}" onto org.springframework.http.HttpEntity<org.springframework.data.rest.webmvc.RootResourceInformation> org.springframework.data.rest.webmvc.alps.AlpsController.descriptor(org.springframework.data.rest.webmvc.RootResourceInformation)
2018-03-31 21:09:40.627  INFO 16173 --- [           main] o.s.d.r.w.BasePathAwareHandlerMapping    : Mapped "{[/profile/{repository}],methods=[GET],produces=[application/schema+json]}" onto public org.springframework.http.HttpEntity<org.springframework.data.rest.webmvc.json.JsonSchema> org.springframework.data.rest.webmvc.RepositorySchemaController.schema(org.springframework.data.rest.webmvc.RootResourceInformation)
2018-03-31 21:09:40.627  INFO 16173 --- [           main] o.s.d.r.w.BasePathAwareHandlerMapping    : Mapped "{[/profile],methods=[OPTIONS]}" onto public org.springframework.http.HttpEntity<?> org.springframework.data.rest.webmvc.ProfileController.profileOptions()
2018-03-31 21:09:40.628  INFO 16173 --- [           main] o.s.d.r.w.BasePathAwareHandlerMapping    : Mapped "{[/profile],methods=[GET]}" onto org.springframework.http.HttpEntity<org.springframework.hateoas.ResourceSupport> org.springframework.data.rest.webmvc.ProfileController.listAllFormsOfMetadata()
2018-03-31 21:09:40.839  INFO 16173 --- [           main] o.h.h.i.QueryTranslatorFactoryInitiator  : HHH000397: Using ASTQueryTranslatorFactory
2018-03-31 21:09:40.952  INFO 16173 --- [           main] e.h.h.controllers.EventControllerTests   : Started EventControllerTests in 3.13 seconds (JVM running for 14.887)
2018-03-31 21:09:40.960  INFO 16173 --- [           main] o.s.b.t.m.w.SpringBootMockServletContext : Initializing Spring FrameworkServlet ''
2018-03-31 21:09:40.961  INFO 16173 --- [           main] o.s.t.web.servlet.TestDispatcherServlet  : FrameworkServlet '': initialization started
2018-03-31 21:09:40.973  INFO 16173 --- [           main] o.s.t.web.servlet.TestDispatcherServlet  : FrameworkServlet '': initialization completed in 12 ms
2018-03-31 21:09:41.244  INFO 16173 --- [           main] e.h.h2ms.web.controller.EventController  : Searching for all events grouping by week
2018-03-31 21:09:41.264  INFO 16173 --- [           main] e.harvard.h2ms.service.EventServiceImpl  : No. of events found: 1
2018-03-31 21:09:41.270  INFO 16173 --- [           main] e.harvard.h2ms.service.EventServiceImpl  : Parsed 1 timestamps by week
2018-03-31 21:09:41.316  INFO 16173 --- [           main] o.s.w.c.s.GenericWebApplicationContext   : Closing org.springframework.web.context.support.GenericWebApplicationContext@191cf38f: startup date [Sat Mar 31 21:09:37 EDT 2018]; root of context hierarchy
2018-03-31 21:09:41.321  INFO 16173 --- [           main] j.LocalContainerEntityManagerFactoryBean : Closing JPA EntityManagerFactory for persistence unit 'default'
2018-03-31 21:09:41.322  INFO 16173 --- [           main] org.hibernate.tool.hbm2ddl.SchemaExport  : HHH000227: Running hbm2ddl schema export
2018-03-31 21:09:41.328  INFO 16173 --- [           main] org.hibernate.tool.hbm2ddl.SchemaExport  : HHH000230: Schema export complete
Tests run: 2, Failures: 0, Errors: 1, Skipped: 0, Time elapsed: 9.332 sec <<< FAILURE! - in edu.harvard.h2ms.controllers.EventControllerTests
test_Success_EventController_findComplianceByTimeframe(edu.harvard.h2ms.controllers.EventControllerTests)  Time elapsed: 0.472 sec  <<< ERROR!
org.springframework.web.util.NestedServletException: Request processing failed; nested exception is java.lang.NullPointerException
	at edu.harvard.h2ms.service.EventServiceImpl.findComplianceByTimeframe(EventServiceImpl.java:72)
	at edu.harvard.h2ms.service.EventServiceImpl$$FastClassBySpringCGLIB$$4ea24602.invoke(<generated>)
	at org.springframework.cglib.proxy.MethodProxy.invoke(MethodProxy.java:204)
	at org.springframework.aop.framework.CglibAopProxy$CglibMethodInvocation.invokeJoinpoint(CglibAopProxy.java:738)
	at org.springframework.aop.framework.ReflectiveMethodInvocation.proceed(ReflectiveMethodInvocation.java:157)
	at org.springframework.dao.support.PersistenceExceptionTranslationInterceptor.invoke(PersistenceExceptionTranslationInterceptor.java:136)
	at org.springframework.aop.framework.ReflectiveMethodInvocation.proceed(ReflectiveMethodInvocation.java:179)
	at org.springframework.transaction.interceptor.TransactionInterceptor$1.proceedWithInvocation(TransactionInterceptor.java:99)
	at org.springframework.transaction.interceptor.TransactionAspectSupport.invokeWithinTransaction(TransactionAspectSupport.java:282)
	at org.springframework.transaction.interceptor.TransactionInterceptor.invoke(TransactionInterceptor.java:96)
	at org.springframework.aop.framework.ReflectiveMethodInvocation.proceed(ReflectiveMethodInvocation.java:179)
	at org.springframework.aop.framework.CglibAopProxy$DynamicAdvisedInterceptor.intercept(CglibAopProxy.java:673)
	at edu.harvard.h2ms.service.EventServiceImpl$$EnhancerBySpringCGLIB$$c5eca1ee.findComplianceByTimeframe(<generated>)
	at edu.harvard.h2ms.web.controller.EventController.findComplianceByTimeframe(EventController.java:82)
	at sun.reflect.NativeMethodAccessorImpl.invoke0(Native Method)
	at sun.reflect.NativeMethodAccessorImpl.invoke(NativeMethodAccessorImpl.java:62)
	at sun.reflect.DelegatingMethodAccessorImpl.invoke(DelegatingMethodAccessorImpl.java:43)
	at java.lang.reflect.Method.invoke(Method.java:498)
	at org.springframework.web.method.support.InvocableHandlerMethod.doInvoke(InvocableHandlerMethod.java:205)
	at org.springframework.web.method.support.InvocableHandlerMethod.invokeForRequest(InvocableHandlerMethod.java:133)
	at org.springframework.web.servlet.mvc.method.annotation.ServletInvocableHandlerMethod.invokeAndHandle(ServletInvocableHandlerMethod.java:97)
	at org.springframework.web.servlet.mvc.method.annotation.RequestMappingHandlerAdapter.invokeHandlerMethod(RequestMappingHandlerAdapter.java:827)
	at org.springframework.web.servlet.mvc.method.annotation.RequestMappingHandlerAdapter.handleInternal(RequestMappingHandlerAdapter.java:738)
	at org.springframework.web.servlet.mvc.method.AbstractHandlerMethodAdapter.handle(AbstractHandlerMethodAdapter.java:85)
	at org.springframework.web.servlet.DispatcherServlet.doDispatch(DispatcherServlet.java:967)
	at org.springframework.web.servlet.DispatcherServlet.doService(DispatcherServlet.java:901)
	at org.springframework.web.servlet.FrameworkServlet.processRequest(FrameworkServlet.java:970)
	at org.springframework.web.servlet.FrameworkServlet.doGet(FrameworkServlet.java:861)
	at javax.servlet.http.HttpServlet.service(HttpServlet.java:635)
	at org.springframework.web.servlet.FrameworkServlet.service(FrameworkServlet.java:846)
	at org.springframework.test.web.servlet.TestDispatcherServlet.service(TestDispatcherServlet.java:65)
	at javax.servlet.http.HttpServlet.service(HttpServlet.java:742)
	at org.springframework.mock.web.MockFilterChain$ServletFilterProxy.doFilter(MockFilterChain.java:160)
	at org.springframework.mock.web.MockFilterChain.doFilter(MockFilterChain.java:127)
	at org.springframework.security.web.FilterChainProxy$VirtualFilterChain.doFilter(FilterChainProxy.java:317)
	at org.springframework.security.web.access.intercept.FilterSecurityInterceptor.invoke(FilterSecurityInterceptor.java:127)
	at org.springframework.security.web.access.intercept.FilterSecurityInterceptor.doFilter(FilterSecurityInterceptor.java:91)
	at org.springframework.security.web.FilterChainProxy$VirtualFilterChain.doFilter(FilterChainProxy.java:331)
	at org.springframework.security.web.access.ExceptionTranslationFilter.doFilter(ExceptionTranslationFilter.java:114)
	at org.springframework.security.web.FilterChainProxy$VirtualFilterChain.doFilter(FilterChainProxy.java:331)
	at org.springframework.security.web.session.SessionManagementFilter.doFilter(SessionManagementFilter.java:137)
	at org.springframework.security.web.FilterChainProxy$VirtualFilterChain.doFilter(FilterChainProxy.java:331)
	at org.springframework.security.web.authentication.AnonymousAuthenticationFilter.doFilter(AnonymousAuthenticationFilter.java:111)
	at org.springframework.security.web.FilterChainProxy$VirtualFilterChain.doFilter(FilterChainProxy.java:331)
	at org.springframework.security.web.servletapi.SecurityContextHolderAwareRequestFilter.doFilter(SecurityContextHolderAwareRequestFilter.java:170)
	at org.springframework.security.web.FilterChainProxy$VirtualFilterChain.doFilter(FilterChainProxy.java:331)
	at org.springframework.security.web.savedrequest.RequestCacheAwareFilter.doFilter(RequestCacheAwareFilter.java:63)
	at org.springframework.security.web.FilterChainProxy$VirtualFilterChain.doFilter(FilterChainProxy.java:331)
	at org.springframework.security.oauth2.provider.authentication.OAuth2AuthenticationProcessingFilter.doFilter(OAuth2AuthenticationProcessingFilter.java:176)
	at org.springframework.security.web.FilterChainProxy$VirtualFilterChain.doFilter(FilterChainProxy.java:331)
	at org.springframework.security.web.authentication.logout.LogoutFilter.doFilter(LogoutFilter.java:116)
	at org.springframework.security.web.FilterChainProxy$VirtualFilterChain.doFilter(FilterChainProxy.java:331)
	at org.springframework.security.web.header.HeaderWriterFilter.doFilterInternal(HeaderWriterFilter.java:64)
	at org.springframework.web.filter.OncePerRequestFilter.doFilter(OncePerRequestFilter.java:107)
	at org.springframework.security.web.FilterChainProxy$VirtualFilterChain.doFilter(FilterChainProxy.java:331)
	at org.springframework.security.web.context.SecurityContextPersistenceFilter.doFilter(SecurityContextPersistenceFilter.java:105)
	at org.springframework.security.web.FilterChainProxy$VirtualFilterChain.doFilter(FilterChainProxy.java:331)
	at org.springframework.security.web.context.request.async.WebAsyncManagerIntegrationFilter.doFilterInternal(WebAsyncManagerIntegrationFilter.java:56)
	at org.springframework.web.filter.OncePerRequestFilter.doFilter(OncePerRequestFilter.java:107)
	at org.springframework.security.web.FilterChainProxy$VirtualFilterChain.doFilter(FilterChainProxy.java:331)
	at org.springframework.security.web.FilterChainProxy.doFilterInternal(FilterChainProxy.java:214)
	at org.springframework.security.web.FilterChainProxy.doFilter(FilterChainProxy.java:177)
	at org.springframework.mock.web.MockFilterChain.doFilter(MockFilterChain.java:127)
	at org.springframework.test.web.servlet.MockMvc.perform(MockMvc.java:155)
	at edu.harvard.h2ms.controllers.EventControllerTests.test_Success_EventController_findComplianceByTimeframe(EventControllerTests.java:161)

Running edu.harvard.h2ms.controllers.UserControllerTests
2018-03-31 21:09:41.330  INFO 16173 --- [           main] .b.t.c.SpringBootTestContextBootstrapper : Neither @ContextConfiguration nor @ContextHierarchy found for test class [edu.harvard.h2ms.controllers.UserControllerTests], using SpringBootContextLoader
2018-03-31 21:09:41.331  INFO 16173 --- [           main] o.s.t.c.support.AbstractContextLoader    : Could not detect default resource locations for test class [edu.harvard.h2ms.controllers.UserControllerTests]: no resource found for suffixes {-context.xml, Context.groovy}.
2018-03-31 21:09:41.331  INFO 16173 --- [           main] t.c.s.AnnotationConfigContextLoaderUtils : Could not detect default configuration classes for test class [edu.harvard.h2ms.controllers.UserControllerTests]: UserControllerTests does not declare any static, non-private, non-final, nested classes annotated with @Configuration.
2018-03-31 21:09:41.333  INFO 16173 --- [           main] .b.t.c.SpringBootTestContextBootstrapper : Found @SpringBootConfiguration edu.harvard.h2ms.H2MSRestAppInitializer for test class edu.harvard.h2ms.controllers.UserControllerTests
2018-03-31 21:09:41.337  INFO 16173 --- [           main] .b.t.c.SpringBootTestContextBootstrapper : Loaded default TestExecutionListener class names from location [META-INF/spring.factories]: [org.springframework.boot.test.mock.mockito.MockitoTestExecutionListener, org.springframework.boot.test.mock.mockito.ResetMocksTestExecutionListener, org.springframework.boot.test.autoconfigure.restdocs.RestDocsTestExecutionListener, org.springframework.boot.test.autoconfigure.web.client.MockRestServiceServerResetTestExecutionListener, org.springframework.boot.test.autoconfigure.web.servlet.MockMvcPrintOnlyOnFailureTestExecutionListener, org.springframework.boot.test.autoconfigure.web.servlet.WebDriverTestExecutionListener, org.springframework.test.context.web.ServletTestExecutionListener, org.springframework.test.context.support.DirtiesContextBeforeModesTestExecutionListener, org.springframework.test.context.support.DependencyInjectionTestExecutionListener, org.springframework.test.context.support.DirtiesContextTestExecutionListener, org.springframework.test.context.transaction.TransactionalTestExecutionListener, org.springframework.test.context.jdbc.SqlScriptsTestExecutionListener, org.springframework.security.test.context.support.WithSecurityContextTestExecutionListener]
2018-03-31 21:09:41.348  INFO 16173 --- [           main] .b.t.c.SpringBootTestContextBootstrapper : Using TestExecutionListeners: [org.springframework.test.context.web.ServletTestExecutionListener@4ce66169, org.springframework.test.context.support.DirtiesContextBeforeModesTestExecutionListener@53d0cf4d, org.springframework.boot.test.autoconfigure.SpringBootDependencyInjectionTestExecutionListener@3c6c87fa, org.springframework.test.context.support.DirtiesContextTestExecutionListener@d7645b2, org.springframework.test.context.transaction.TransactionalTestExecutionListener@72e4905c, org.springframework.test.context.jdbc.SqlScriptsTestExecutionListener@279b83ea, org.springframework.security.test.context.support.WithSecurityContextTestExecutionListener@7f9083b4, org.springframework.boot.test.mock.mockito.MockitoTestExecutionListener@40f40221, org.springframework.boot.test.mock.mockito.ResetMocksTestExecutionListener@16441c13, org.springframework.boot.test.autoconfigure.restdocs.RestDocsTestExecutionListener@6d3b59e2, org.springframework.boot.test.autoconfigure.web.client.MockRestServiceServerResetTestExecutionListener@164dfad2, org.springframework.boot.test.autoconfigure.web.servlet.MockMvcPrintOnlyOnFailureTestExecutionListener@76480730, org.springframework.boot.test.autoconfigure.web.servlet.WebDriverTestExecutionListener@405a296e]

  .   ____          _            __ _ _
 /\\ / ___'_ __ _ _(_)_ __  __ _ \ \ \ \
( ( )\___ | '_ | '_| | '_ \/ _` | \ \ \ \
 \\/  ___)| |_)| | | | | || (_| |  ) ) ) )
  '  |____| .__|_| |_|_| |_\__, | / / / /
 =========|_|==============|___/=/_/_/_/
 :: Spring Boot ::       (v1.5.10.RELEASE)

2018-03-31 21:09:41.409  INFO 16173 --- [           main] e.h.h.controllers.UserControllerTests    : Starting UserControllerTests on ancient.bitbin.de with PID 16173 (started by stbenjam in /home/stbenjam/git/h2ms)
2018-03-31 21:09:41.410  INFO 16173 --- [           main] e.h.h.controllers.UserControllerTests    : No active profile set, falling back to default profiles: default
2018-03-31 21:09:41.411  INFO 16173 --- [           main] o.s.w.c.s.GenericWebApplicationContext   : Refreshing org.springframework.web.context.support.GenericWebApplicationContext@7781b55f: startup date [Sat Mar 31 21:09:41 EDT 2018]; root of context hierarchy
2018-03-31 21:09:41.442  INFO 16173 --- [           main] o.s.c.a.ConfigurationClassParser         : Properties location [classpath:mailserver.properties] not resolvable: class path resource [mailserver.properties] cannot be opened because it does not exist
2018-03-31 21:09:41.615  INFO 16173 --- [           main] o.s.b.f.s.DefaultListableBeanFactory     : Overriding bean definition for bean 'httpRequestHandlerAdapter' with a different definition: replacing [Root bean: class [null]; scope=; abstract=false; lazyInit=false; autowireMode=3; dependencyCheck=0; autowireCandidate=true; primary=false; factoryBeanName=org.springframework.boot.autoconfigure.web.WebMvcAutoConfiguration$EnableWebMvcConfiguration; factoryMethodName=httpRequestHandlerAdapter; initMethodName=null; destroyMethodName=(inferred); defined in class path resource [org/springframework/boot/autoconfigure/web/WebMvcAutoConfiguration$EnableWebMvcConfiguration.class]] with [Root bean: class [null]; scope=; abstract=false; lazyInit=false; autowireMode=3; dependencyCheck=0; autowireCandidate=true; primary=false; factoryBeanName=org.springframework.data.rest.webmvc.config.RepositoryRestMvcConfiguration; factoryMethodName=httpRequestHandlerAdapter; initMethodName=null; destroyMethodName=(inferred); defined in class path resource [org/springframework/data/rest/webmvc/config/RepositoryRestMvcConfiguration.class]]
2018-03-31 21:09:41.728  INFO 16173 --- [           main] trationDelegate$BeanPostProcessorChecker : Bean 'org.springframework.transaction.annotation.ProxyTransactionManagementConfiguration' of type [org.springframework.transaction.annotation.ProxyTransactionManagementConfiguration$$EnhancerBySpringCGLIB$$225ecc1d] is not eligible for getting processed by all BeanPostProcessors (for example: not eligible for auto-proxying)
2018-03-31 21:09:41.749  INFO 16173 --- [           main] trationDelegate$BeanPostProcessorChecker : Bean 'org.springframework.security.config.annotation.configuration.ObjectPostProcessorConfiguration' of type [org.springframework.security.config.annotation.configuration.ObjectPostProcessorConfiguration$$EnhancerBySpringCGLIB$$bb0c9457] is not eligible for getting processed by all BeanPostProcessors (for example: not eligible for auto-proxying)
2018-03-31 21:09:41.771  INFO 16173 --- [           main] trationDelegate$BeanPostProcessorChecker : Bean 'objectPostProcessor' of type [org.springframework.security.config.annotation.configuration.AutowireBeanFactoryObjectPostProcessor] is not eligible for getting processed by all BeanPostProcessors (for example: not eligible for auto-proxying)
2018-03-31 21:09:41.775  INFO 16173 --- [           main] trationDelegate$BeanPostProcessorChecker : Bean 'org.springframework.security.access.expression.method.DefaultMethodSecurityExpressionHandler@3268f664' of type [org.springframework.security.oauth2.provider.expression.OAuth2MethodSecurityExpressionHandler] is not eligible for getting processed by all BeanPostProcessors (for example: not eligible for auto-proxying)
2018-03-31 21:09:41.787  INFO 16173 --- [           main] trationDelegate$BeanPostProcessorChecker : Bean 'org.springframework.security.config.annotation.method.configuration.GlobalMethodSecurityConfiguration' of type [org.springframework.security.config.annotation.method.configuration.GlobalMethodSecurityConfiguration$$EnhancerBySpringCGLIB$$dfe13709] is not eligible for getting processed by all BeanPostProcessors (for example: not eligible for auto-proxying)
2018-03-31 21:09:41.790  INFO 16173 --- [           main] trationDelegate$BeanPostProcessorChecker : Bean 'methodSecurityMetadataSource' of type [org.springframework.security.access.method.DelegatingMethodSecurityMetadataSource] is not eligible for getting processed by all BeanPostProcessors (for example: not eligible for auto-proxying)
2018-03-31 21:09:41.823  INFO 16173 --- [           main] trationDelegate$BeanPostProcessorChecker : Bean 'security.oauth2.client-org.springframework.boot.autoconfigure.security.oauth2.OAuth2ClientProperties' of type [org.springframework.boot.autoconfigure.security.oauth2.OAuth2ClientProperties] is not eligible for getting processed by all BeanPostProcessors (for example: not eligible for auto-proxying)
2018-03-31 21:09:41.825  INFO 16173 --- [           main] trationDelegate$BeanPostProcessorChecker : Bean 'org.springframework.boot.autoconfigure.security.oauth2.OAuth2AutoConfiguration' of type [org.springframework.boot.autoconfigure.security.oauth2.OAuth2AutoConfiguration$$EnhancerBySpringCGLIB$$d9a8881d] is not eligible for getting processed by all BeanPostProcessors (for example: not eligible for auto-proxying)
2018-03-31 21:09:41.839  INFO 16173 --- [           main] trationDelegate$BeanPostProcessorChecker : Bean 'resourceServerProperties' of type [org.springframework.boot.autoconfigure.security.oauth2.resource.ResourceServerProperties] is not eligible for getting processed by all BeanPostProcessors (for example: not eligible for auto-proxying)
2018-03-31 21:09:41.995  INFO 16173 --- [           main] j.LocalContainerEntityManagerFactoryBean : Building JPA container EntityManagerFactory for persistence unit 'default'
2018-03-31 21:09:41.995  INFO 16173 --- [           main] o.hibernate.jpa.internal.util.LogHelper  : HHH000204: Processing PersistenceUnitInfo [
	name: default
	...]
2018-03-31 21:09:42.000  INFO 16173 --- [           main] org.hibernate.dialect.Dialect            : HHH000400: Using dialect: org.hibernate.dialect.H2Dialect
2018-03-31 21:09:42.095  INFO 16173 --- [           main] org.hibernate.tool.hbm2ddl.SchemaExport  : HHH000227: Running hbm2ddl schema export
2018-03-31 21:09:42.120  INFO 16173 --- [           main] org.hibernate.tool.hbm2ddl.SchemaExport  : HHH000230: Schema export complete
2018-03-31 21:09:42.129  WARN 16173 --- [           main] o.h.j.i.EntityManagerFactoryRegistry     : HHH000436: Entity manager factory name (default) is already registered.  If entity manager will be clustered or passivated, specify a unique value for property 'hibernate.ejb.entitymanager_factory_name'
2018-03-31 21:09:42.130  INFO 16173 --- [           main] j.LocalContainerEntityManagerFactoryBean : Initialized JPA EntityManagerFactory for persistence unit 'default'
2018-03-31 21:09:42.645  INFO 16173 --- [           main] .s.o.p.e.FrameworkEndpointHandlerMapping : Mapped "{[/oauth/authorize]}" onto public org.springframework.web.servlet.ModelAndView org.springframework.security.oauth2.provider.endpoint.AuthorizationEndpoint.authorize(java.util.Map<java.lang.String, java.lang.Object>,java.util.Map<java.lang.String, java.lang.String>,org.springframework.web.bind.support.SessionStatus,java.security.Principal)
2018-03-31 21:09:42.645  INFO 16173 --- [           main] .s.o.p.e.FrameworkEndpointHandlerMapping : Mapped "{[/oauth/authorize],methods=[POST],params=[user_oauth_approval]}" onto public org.springframework.web.servlet.View org.springframework.security.oauth2.provider.endpoint.AuthorizationEndpoint.approveOrDeny(java.util.Map<java.lang.String, java.lang.String>,java.util.Map<java.lang.String, ?>,org.springframework.web.bind.support.SessionStatus,java.security.Principal)
2018-03-31 21:09:42.646  INFO 16173 --- [           main] .s.o.p.e.FrameworkEndpointHandlerMapping : Mapped "{[/oauth/token],methods=[GET]}" onto public org.springframework.http.ResponseEntity<org.springframework.security.oauth2.common.OAuth2AccessToken> org.springframework.security.oauth2.provider.endpoint.TokenEndpoint.getAccessToken(java.security.Principal,java.util.Map<java.lang.String, java.lang.String>) throws org.springframework.web.HttpRequestMethodNotSupportedException
2018-03-31 21:09:42.646  INFO 16173 --- [           main] .s.o.p.e.FrameworkEndpointHandlerMapping : Mapped "{[/oauth/token],methods=[POST]}" onto public org.springframework.http.ResponseEntity<org.springframework.security.oauth2.common.OAuth2AccessToken> org.springframework.security.oauth2.provider.endpoint.TokenEndpoint.postAccessToken(java.security.Principal,java.util.Map<java.lang.String, java.lang.String>) throws org.springframework.web.HttpRequestMethodNotSupportedException
2018-03-31 21:09:42.646  INFO 16173 --- [           main] .s.o.p.e.FrameworkEndpointHandlerMapping : Mapped "{[/oauth/check_token]}" onto public java.util.Map<java.lang.String, ?> org.springframework.security.oauth2.provider.endpoint.CheckTokenEndpoint.checkToken(java.lang.String)
2018-03-31 21:09:42.646  INFO 16173 --- [           main] .s.o.p.e.FrameworkEndpointHandlerMapping : Mapped "{[/oauth/confirm_access]}" onto public org.springframework.web.servlet.ModelAndView org.springframework.security.oauth2.provider.endpoint.WhitelabelApprovalEndpoint.getAccessConfirmation(java.util.Map<java.lang.String, java.lang.Object>,javax.servlet.http.HttpServletRequest) throws java.lang.Exception
2018-03-31 21:09:42.647  INFO 16173 --- [           main] .s.o.p.e.FrameworkEndpointHandlerMapping : Mapped "{[/oauth/error]}" onto public org.springframework.web.servlet.ModelAndView org.springframework.security.oauth2.provider.endpoint.WhitelabelErrorEndpoint.handleError(javax.servlet.http.HttpServletRequest)
2018-03-31 21:09:42.863  INFO 16173 --- [           main] o.s.s.web.DefaultSecurityFilterChain     : Creating filter chain: Ant [pattern='/'], []
2018-03-31 21:09:42.863  INFO 16173 --- [           main] o.s.s.web.DefaultSecurityFilterChain     : Creating filter chain: Ant [pattern='/login'], []
2018-03-31 21:09:42.863  INFO 16173 --- [           main] o.s.s.web.DefaultSecurityFilterChain     : Creating filter chain: Ant [pattern='/webjars/**'], []
2018-03-31 21:09:42.863  INFO 16173 --- [           main] o.s.s.web.DefaultSecurityFilterChain     : Creating filter chain: Ant [pattern='/api/passwords/**'], []
2018-03-31 21:09:42.863  INFO 16173 --- [           main] o.s.s.web.DefaultSecurityFilterChain     : Creating filter chain: Ant [pattern='/swagger-resources'], []
2018-03-31 21:09:42.863  INFO 16173 --- [           main] o.s.s.web.DefaultSecurityFilterChain     : Creating filter chain: Ant [pattern='/swagger-resources/**'], []
2018-03-31 21:09:42.863  INFO 16173 --- [           main] o.s.s.web.DefaultSecurityFilterChain     : Creating filter chain: Ant [pattern='/swagger-ui.html'], []
2018-03-31 21:09:42.864  INFO 16173 --- [           main] o.s.s.web.DefaultSecurityFilterChain     : Creating filter chain: Ant [pattern='/v2/api-docs'], []
2018-03-31 21:09:42.864  INFO 16173 --- [           main] o.s.s.web.DefaultSecurityFilterChain     : Creating filter chain: Ant [pattern='/**', OPTIONS], []
2018-03-31 21:09:42.951  INFO 16173 --- [           main] o.s.s.web.DefaultSecurityFilterChain     : Creating filter chain: OrRequestMatcher [requestMatchers=[Ant [pattern='/oauth/token'], Ant [pattern='/oauth/token_key'], Ant [pattern='/oauth/check_token']]], [org.springframework.security.web.context.request.async.WebAsyncManagerIntegrationFilter@436dded, org.springframework.security.web.context.SecurityContextPersistenceFilter@62d42eb7, org.springframework.security.web.header.HeaderWriterFilter@14a82ea, org.springframework.security.web.authentication.logout.LogoutFilter@7f4050f0, org.springframework.security.web.authentication.www.BasicAuthenticationFilter@5fae1b, org.springframework.security.web.savedrequest.RequestCacheAwareFilter@22f0d1e0, org.springframework.security.web.servletapi.SecurityContextHolderAwareRequestFilter@77784a86, org.springframework.security.web.authentication.AnonymousAuthenticationFilter@4d12e75d, org.springframework.security.web.session.SessionManagementFilter@2655ccbd, org.springframework.security.web.access.ExceptionTranslationFilter@6d8d78a, org.springframework.security.web.access.intercept.FilterSecurityInterceptor@2935042e]
2018-03-31 21:09:42.963  INFO 16173 --- [           main] o.s.s.web.DefaultSecurityFilterChain     : Creating filter chain: org.springframework.security.oauth2.config.annotation.web.configuration.ResourceServerConfiguration$NotOAuthRequestMatcher@2fc70622, [org.springframework.security.web.context.request.async.WebAsyncManagerIntegrationFilter@1e2d4645, org.springframework.security.web.context.SecurityContextPersistenceFilter@2682fe42, org.springframework.security.web.header.HeaderWriterFilter@409f9dca, org.springframework.security.web.authentication.logout.LogoutFilter@57d1e089, org.springframework.security.oauth2.provider.authentication.OAuth2AuthenticationProcessingFilter@22271065, org.springframework.security.web.savedrequest.RequestCacheAwareFilter@27f73e68, org.springframework.security.web.servletapi.SecurityContextHolderAwareRequestFilter@1b3a8691, org.springframework.security.web.authentication.AnonymousAuthenticationFilter@34eb24e2, org.springframework.security.web.session.SessionManagementFilter@7df63a2d, org.springframework.security.web.access.ExceptionTranslationFilter@3676e04a, org.springframework.security.web.access.intercept.FilterSecurityInterceptor@35798cd0]
2018-03-31 21:09:42.964  INFO 16173 --- [           main] o.s.s.web.DefaultSecurityFilterChain     : Creating filter chain: org.springframework.security.web.util.matcher.AnyRequestMatcher@1, [org.springframework.security.web.access.intercept.FilterSecurityInterceptor@6782feb8]
2018-03-31 21:09:43.213  INFO 16173 --- [           main] s.w.s.m.m.a.RequestMappingHandlerAdapter : Looking for @ControllerAdvice: org.springframework.web.context.support.GenericWebApplicationContext@7781b55f: startup date [Sat Mar 31 21:09:41 EDT 2018]; root of context hierarchy
2018-03-31 21:09:43.255  INFO 16173 --- [           main] s.w.s.m.m.a.RequestMappingHandlerMapping : Mapped "{[/events/compliance/{questionId}/{timeframe}],methods=[GET]}" onto public org.springframework.http.ResponseEntity<?> edu.harvard.h2ms.web.controller.EventController.findComplianceByTimeframe(java.lang.String,java.lang.Long)
2018-03-31 21:09:43.255  INFO 16173 --- [           main] s.w.s.m.m.a.RequestMappingHandlerMapping : Mapped "{[/events/count/{timeframe}],methods=[GET]}" onto public org.springframework.http.ResponseEntity<?> edu.harvard.h2ms.web.controller.EventController.findEventCountByTimeframe(java.lang.String)
2018-03-31 21:09:43.255  INFO 16173 --- [           main] s.w.s.m.m.a.RequestMappingHandlerMapping : Mapped "{[/api/passwords/reset/{email:.+}],methods=[GET]}" onto public org.springframework.http.ResponseEntity<java.lang.Object> edu.harvard.h2ms.web.controller.PasswordController.getPasswordResetToken(java.lang.String)
2018-03-31 21:09:43.256  INFO 16173 --- [           main] s.w.s.m.m.a.RequestMappingHandlerMapping : Mapped "{[/api/passwords/reset/token],methods=[POST]}" onto public org.springframework.http.ResponseEntity<java.lang.Object> edu.harvard.h2ms.web.controller.PasswordController.resetPasswordViaToken(java.util.Map<java.lang.String, java.lang.String>)
2018-03-31 21:09:43.256  INFO 16173 --- [           main] s.w.s.m.m.a.RequestMappingHandlerMapping : Mapped "{[/users/avgWashed],methods=[GET]}" onto public java.util.Map<java.lang.String, java.lang.Double> edu.harvard.h2ms.web.controller.UserController.findAvgWashCompliance()
2018-03-31 21:09:43.257  INFO 16173 --- [           main] s.w.s.m.m.a.RequestMappingHandlerMapping : Mapped "{[/error],produces=[text/html]}" onto public org.springframework.web.servlet.ModelAndView org.springframework.boot.autoconfigure.web.BasicErrorController.errorHtml(javax.servlet.http.HttpServletRequest,javax.servlet.http.HttpServletResponse)
2018-03-31 21:09:43.258  INFO 16173 --- [           main] s.w.s.m.m.a.RequestMappingHandlerMapping : Mapped "{[/error]}" onto public org.springframework.http.ResponseEntity<java.util.Map<java.lang.String, java.lang.Object>> org.springframework.boot.autoconfigure.web.BasicErrorController.error(javax.servlet.http.HttpServletRequest)
2018-03-31 21:09:43.318  INFO 16173 --- [           main] o.s.w.s.handler.SimpleUrlHandlerMapping  : Mapped URL path [/webjars/**] onto handler of type [class org.springframework.web.servlet.resource.ResourceHttpRequestHandler]
2018-03-31 21:09:43.318  INFO 16173 --- [           main] o.s.w.s.handler.SimpleUrlHandlerMapping  : Mapped URL path [/**] onto handler of type [class org.springframework.web.servlet.resource.ResourceHttpRequestHandler]
2018-03-31 21:09:43.332  INFO 16173 --- [           main] .m.m.a.ExceptionHandlerExceptionResolver : Detected @ExceptionHandler methods in exceptionHandlingController
2018-03-31 21:09:43.332  INFO 16173 --- [           main] .m.m.a.ExceptionHandlerExceptionResolver : Detected @ExceptionHandler methods in repositoryRestExceptionHandler
2018-03-31 21:09:43.406  INFO 16173 --- [           main] o.s.w.s.handler.SimpleUrlHandlerMapping  : Mapped URL path [/**/favicon.ico] onto handler of type [class org.springframework.web.servlet.resource.ResourceHttpRequestHandler]
2018-03-31 21:09:43.454  WARN 16173 --- [           main] .t.AbstractTemplateResolverConfiguration : Cannot find template location: classpath:/templates/ (please add some templates or check your Thymeleaf configuration)
2018-03-31 21:09:43.576  INFO 16173 --- [           main] o.s.d.r.w.RepositoryRestHandlerAdapter   : Looking for @ControllerAdvice: org.springframework.web.context.support.GenericWebApplicationContext@7781b55f: startup date [Sat Mar 31 21:09:41 EDT 2018]; root of context hierarchy
2018-03-31 21:09:43.594  INFO 16173 --- [           main] o.s.d.r.w.RepositoryRestHandlerMapping   : Mapped "{[/{repository}/{id}/{property}],methods=[GET],produces=[application/x-spring-data-compact+json || text/uri-list]}" onto public org.springframework.http.ResponseEntity<org.springframework.hateoas.ResourceSupport> org.springframework.data.rest.webmvc.RepositoryPropertyReferenceController.followPropertyReferenceCompact(org.springframework.data.rest.webmvc.RootResourceInformation,java.io.Serializable,java.lang.String,org.springframework.data.rest.webmvc.PersistentEntityResourceAssembler) throws java.lang.Exception
2018-03-31 21:09:43.595  INFO 16173 --- [           main] o.s.d.r.w.RepositoryRestHandlerMapping   : Mapped "{[/{repository}/{id}/{property}],methods=[PATCH || PUT || POST],consumes=[application/json || application/x-spring-data-compact+json || text/uri-list],produces=[application/hal+json || application/json]}" onto public org.springframework.http.ResponseEntity<? extends org.springframework.hateoas.ResourceSupport> org.springframework.data.rest.webmvc.RepositoryPropertyReferenceController.createPropertyReference(org.springframework.data.rest.webmvc.RootResourceInformation,org.springframework.http.HttpMethod,org.springframework.hateoas.Resources<java.lang.Object>,java.io.Serializable,java.lang.String) throws java.lang.Exception
2018-03-31 21:09:43.596  INFO 16173 --- [           main] o.s.d.r.w.RepositoryRestHandlerMapping   : Mapped "{[/{repository}/{id}/{property}/{propertyId}],methods=[DELETE],produces=[application/hal+json || application/json]}" onto public org.springframework.http.ResponseEntity<org.springframework.hateoas.ResourceSupport> org.springframework.data.rest.webmvc.RepositoryPropertyReferenceController.deletePropertyReferenceId(org.springframework.data.rest.webmvc.RootResourceInformation,java.io.Serializable,java.lang.String,java.lang.String) throws java.lang.Exception
2018-03-31 21:09:43.598  INFO 16173 --- [           main] o.s.d.r.w.RepositoryRestHandlerMapping   : Mapped "{[/{repository}/{id}/{property}],methods=[GET],produces=[application/hal+json || application/json]}" onto public org.springframework.http.ResponseEntity<org.springframework.hateoas.ResourceSupport> org.springframework.data.rest.webmvc.RepositoryPropertyReferenceController.followPropertyReference(org.springframework.data.rest.webmvc.RootResourceInformation,java.io.Serializable,java.lang.String,org.springframework.data.rest.webmvc.PersistentEntityResourceAssembler) throws java.lang.Exception
2018-03-31 21:09:43.599  INFO 16173 --- [           main] o.s.d.r.w.RepositoryRestHandlerMapping   : Mapped "{[/{repository}/{id}/{property}/{propertyId}],methods=[GET],produces=[application/hal+json || application/json]}" onto public org.springframework.http.ResponseEntity<org.springframework.hateoas.ResourceSupport> org.springframework.data.rest.webmvc.RepositoryPropertyReferenceController.followPropertyReference(org.springframework.data.rest.webmvc.RootResourceInformation,java.io.Serializable,java.lang.String,java.lang.String,org.springframework.data.rest.webmvc.PersistentEntityResourceAssembler) throws java.lang.Exception
2018-03-31 21:09:43.600  INFO 16173 --- [           main] o.s.d.r.w.RepositoryRestHandlerMapping   : Mapped "{[/{repository}/{id}/{property}],methods=[DELETE],produces=[application/hal+json || application/json]}" onto public org.springframework.http.ResponseEntity<? extends org.springframework.hateoas.ResourceSupport> org.springframework.data.rest.webmvc.RepositoryPropertyReferenceController.deletePropertyReference(org.springframework.data.rest.webmvc.RootResourceInformation,java.io.Serializable,java.lang.String) throws java.lang.Exception
2018-03-31 21:09:43.601  INFO 16173 --- [           main] o.s.d.r.w.RepositoryRestHandlerMapping   : Mapped "{[/{repository}/search/{search}],methods=[HEAD],produces=[application/hal+json || application/json]}" onto public org.springframework.http.ResponseEntity<java.lang.Object> org.springframework.data.rest.webmvc.RepositorySearchController.headForSearch(org.springframework.data.rest.webmvc.RootResourceInformation,java.lang.String)
2018-03-31 21:09:43.601  INFO 16173 --- [           main] o.s.d.r.w.RepositoryRestHandlerMapping   : Mapped "{[/{repository}/search/{search}],methods=[GET],produces=[application/hal+json || application/json]}" onto public org.springframework.http.ResponseEntity<?> org.springframework.data.rest.webmvc.RepositorySearchController.executeSearch(org.springframework.data.rest.webmvc.RootResourceInformation,org.springframework.util.MultiValueMap<java.lang.String, java.lang.Object>,java.lang.String,org.springframework.data.rest.webmvc.support.DefaultedPageable,org.springframework.data.domain.Sort,org.springframework.data.rest.webmvc.PersistentEntityResourceAssembler,org.springframework.http.HttpHeaders)
2018-03-31 21:09:43.601  INFO 16173 --- [           main] o.s.d.r.w.RepositoryRestHandlerMapping   : Mapped "{[/{repository}/search],methods=[GET],produces=[application/hal+json || application/json]}" onto public org.springframework.data.rest.webmvc.RepositorySearchesResource org.springframework.data.rest.webmvc.RepositorySearchController.listSearches(org.springframework.data.rest.webmvc.RootResourceInformation)
2018-03-31 21:09:43.602  INFO 16173 --- [           main] o.s.d.r.w.RepositoryRestHandlerMapping   : Mapped "{[/{repository}/search],methods=[HEAD],produces=[application/hal+json || application/json]}" onto public org.springframework.http.HttpEntity<?> org.springframework.data.rest.webmvc.RepositorySearchController.headForSearches(org.springframework.data.rest.webmvc.RootResourceInformation)
2018-03-31 21:09:43.602  INFO 16173 --- [           main] o.s.d.r.w.RepositoryRestHandlerMapping   : Mapped "{[/{repository}/search],methods=[OPTIONS],produces=[application/hal+json || application/json]}" onto public org.springframework.http.HttpEntity<?> org.springframework.data.rest.webmvc.RepositorySearchController.optionsForSearches(org.springframework.data.rest.webmvc.RootResourceInformation)
2018-03-31 21:09:43.602  INFO 16173 --- [           main] o.s.d.r.w.RepositoryRestHandlerMapping   : Mapped "{[/{repository}/search/{search}],methods=[GET],produces=[application/x-spring-data-compact+json]}" onto public org.springframework.hateoas.ResourceSupport org.springframework.data.rest.webmvc.RepositorySearchController.executeSearchCompact(org.springframework.data.rest.webmvc.RootResourceInformation,org.springframework.http.HttpHeaders,org.springframework.util.MultiValueMap<java.lang.String, java.lang.Object>,java.lang.String,java.lang.String,org.springframework.data.rest.webmvc.support.DefaultedPageable,org.springframework.data.domain.Sort,org.springframework.data.rest.webmvc.PersistentEntityResourceAssembler)
2018-03-31 21:09:43.602  INFO 16173 --- [           main] o.s.d.r.w.RepositoryRestHandlerMapping   : Mapped "{[/{repository}/search/{search}],methods=[OPTIONS],produces=[application/hal+json || application/json]}" onto public org.springframework.http.ResponseEntity<java.lang.Object> org.springframework.data.rest.webmvc.RepositorySearchController.optionsForSearch(org.springframework.data.rest.webmvc.RootResourceInformation,java.lang.String)
2018-03-31 21:09:43.603  INFO 16173 --- [           main] o.s.d.r.w.RepositoryRestHandlerMapping   : Mapped "{[/ || ],methods=[GET],produces=[application/hal+json || application/json]}" onto public org.springframework.http.HttpEntity<org.springframework.data.rest.webmvc.RepositoryLinksResource> org.springframework.data.rest.webmvc.RepositoryController.listRepositories()
2018-03-31 21:09:43.606  INFO 16173 --- [           main] o.s.d.r.w.RepositoryRestHandlerMapping   : Mapped "{[/ || ],methods=[OPTIONS],produces=[application/hal+json || application/json]}" onto public org.springframework.http.HttpEntity<?> org.springframework.data.rest.webmvc.RepositoryController.optionsForRepositories()
2018-03-31 21:09:43.607  INFO 16173 --- [           main] o.s.d.r.w.RepositoryRestHandlerMapping   : Mapped "{[/ || ],methods=[HEAD],produces=[application/hal+json || application/json]}" onto public org.springframework.http.ResponseEntity<?> org.springframework.data.rest.webmvc.RepositoryController.headForRepositories()
2018-03-31 21:09:43.609  INFO 16173 --- [           main] o.s.d.r.w.RepositoryRestHandlerMapping   : Mapped "{[/{repository}],methods=[GET],produces=[application/x-spring-data-compact+json || text/uri-list]}" onto public org.springframework.hateoas.Resources<?> org.springframework.data.rest.webmvc.RepositoryEntityController.getCollectionResourceCompact(org.springframework.data.rest.webmvc.RootResourceInformation,org.springframework.data.rest.webmvc.support.DefaultedPageable,org.springframework.data.domain.Sort,org.springframework.data.rest.webmvc.PersistentEntityResourceAssembler) throws org.springframework.data.rest.webmvc.ResourceNotFoundException,org.springframework.web.HttpRequestMethodNotSupportedException
2018-03-31 21:09:43.610  INFO 16173 --- [           main] o.s.d.r.w.RepositoryRestHandlerMapping   : Mapped "{[/{repository}],methods=[POST],produces=[application/hal+json || application/json]}" onto public org.springframework.http.ResponseEntity<org.springframework.hateoas.ResourceSupport> org.springframework.data.rest.webmvc.RepositoryEntityController.postCollectionResource(org.springframework.data.rest.webmvc.RootResourceInformation,org.springframework.data.rest.webmvc.PersistentEntityResource,org.springframework.data.rest.webmvc.PersistentEntityResourceAssembler,java.lang.String) throws org.springframework.web.HttpRequestMethodNotSupportedException
2018-03-31 21:09:43.610  INFO 16173 --- [           main] o.s.d.r.w.RepositoryRestHandlerMapping   : Mapped "{[/{repository}/{id}],methods=[OPTIONS],produces=[application/hal+json || application/json]}" onto public org.springframework.http.ResponseEntity<?> org.springframework.data.rest.webmvc.RepositoryEntityController.optionsForItemResource(org.springframework.data.rest.webmvc.RootResourceInformation)
2018-03-31 21:09:43.612  INFO 16173 --- [           main] o.s.d.r.w.RepositoryRestHandlerMapping   : Mapped "{[/{repository}/{id}],methods=[HEAD],produces=[application/hal+json || application/json]}" onto public org.springframework.http.ResponseEntity<?> org.springframework.data.rest.webmvc.RepositoryEntityController.headForItemResource(org.springframework.data.rest.webmvc.RootResourceInformation,java.io.Serializable,org.springframework.data.rest.webmvc.PersistentEntityResourceAssembler) throws org.springframework.web.HttpRequestMethodNotSupportedException
2018-03-31 21:09:43.613  INFO 16173 --- [           main] o.s.d.r.w.RepositoryRestHandlerMapping   : Mapped "{[/{repository}/{id}],methods=[GET],produces=[application/hal+json || application/json]}" onto public org.springframework.http.ResponseEntity<org.springframework.hateoas.Resource<?>> org.springframework.data.rest.webmvc.RepositoryEntityController.getItemResource(org.springframework.data.rest.webmvc.RootResourceInformation,java.io.Serializable,org.springframework.data.rest.webmvc.PersistentEntityResourceAssembler,org.springframework.http.HttpHeaders) throws org.springframework.web.HttpRequestMethodNotSupportedException
2018-03-31 21:09:43.614  INFO 16173 --- [           main] o.s.d.r.w.RepositoryRestHandlerMapping   : Mapped "{[/{repository}/{id}],methods=[PUT],produces=[application/hal+json || application/json]}" onto public org.springframework.http.ResponseEntity<? extends org.springframework.hateoas.ResourceSupport> org.springframework.data.rest.webmvc.RepositoryEntityController.putItemResource(org.springframework.data.rest.webmvc.RootResourceInformation,org.springframework.data.rest.webmvc.PersistentEntityResource,java.io.Serializable,org.springframework.data.rest.webmvc.PersistentEntityResourceAssembler,org.springframework.data.rest.webmvc.support.ETag,java.lang.String) throws org.springframework.web.HttpRequestMethodNotSupportedException
2018-03-31 21:09:43.615  INFO 16173 --- [           main] o.s.d.r.w.RepositoryRestHandlerMapping   : Mapped "{[/{repository}/{id}],methods=[PATCH],produces=[application/hal+json || application/json]}" onto public org.springframework.http.ResponseEntity<org.springframework.hateoas.ResourceSupport> org.springframework.data.rest.webmvc.RepositoryEntityController.patchItemResource(org.springframework.data.rest.webmvc.RootResourceInformation,org.springframework.data.rest.webmvc.PersistentEntityResource,java.io.Serializable,org.springframework.data.rest.webmvc.PersistentEntityResourceAssembler,org.springframework.data.rest.webmvc.support.ETag,java.lang.String) throws org.springframework.web.HttpRequestMethodNotSupportedException,org.springframework.data.rest.webmvc.ResourceNotFoundException
2018-03-31 21:09:43.615  INFO 16173 --- [           main] o.s.d.r.w.RepositoryRestHandlerMapping   : Mapped "{[/{repository}/{id}],methods=[DELETE],produces=[application/hal+json || application/json]}" onto public org.springframework.http.ResponseEntity<?> org.springframework.data.rest.webmvc.RepositoryEntityController.deleteItemResource(org.springframework.data.rest.webmvc.RootResourceInformation,java.io.Serializable,org.springframework.data.rest.webmvc.support.ETag) throws org.springframework.data.rest.webmvc.ResourceNotFoundException,org.springframework.web.HttpRequestMethodNotSupportedException
2018-03-31 21:09:43.615  INFO 16173 --- [           main] o.s.d.r.w.RepositoryRestHandlerMapping   : Mapped "{[/{repository}],methods=[OPTIONS],produces=[application/hal+json || application/json]}" onto public org.springframework.http.ResponseEntity<?> org.springframework.data.rest.webmvc.RepositoryEntityController.optionsForCollectionResource(org.springframework.data.rest.webmvc.RootResourceInformation)
2018-03-31 21:09:43.615  INFO 16173 --- [           main] o.s.d.r.w.RepositoryRestHandlerMapping   : Mapped "{[/{repository}],methods=[HEAD],produces=[application/hal+json || application/json]}" onto public org.springframework.http.ResponseEntity<?> org.springframework.data.rest.webmvc.RepositoryEntityController.headCollectionResource(org.springframework.data.rest.webmvc.RootResourceInformation,org.springframework.data.rest.webmvc.support.DefaultedPageable) throws org.springframework.web.HttpRequestMethodNotSupportedException
2018-03-31 21:09:43.615  INFO 16173 --- [           main] o.s.d.r.w.RepositoryRestHandlerMapping   : Mapped "{[/{repository}],methods=[GET],produces=[application/hal+json || application/json]}" onto public org.springframework.hateoas.Resources<?> org.springframework.data.rest.webmvc.RepositoryEntityController.getCollectionResource(org.springframework.data.rest.webmvc.RootResourceInformation,org.springframework.data.rest.webmvc.support.DefaultedPageable,org.springframework.data.domain.Sort,org.springframework.data.rest.webmvc.PersistentEntityResourceAssembler) throws org.springframework.data.rest.webmvc.ResourceNotFoundException,org.springframework.web.HttpRequestMethodNotSupportedException
2018-03-31 21:09:43.619  INFO 16173 --- [           main] o.s.d.r.w.BasePathAwareHandlerMapping    : Mapped "{[/profile/{repository}],methods=[OPTIONS],produces=[application/alps+json]}" onto org.springframework.http.HttpEntity<?> org.springframework.data.rest.webmvc.alps.AlpsController.alpsOptions()
2018-03-31 21:09:43.620  INFO 16173 --- [           main] o.s.d.r.w.BasePathAwareHandlerMapping    : Mapped "{[/profile/{repository}],methods=[GET],produces=[application/alps+json || */*]}" onto org.springframework.http.HttpEntity<org.springframework.data.rest.webmvc.RootResourceInformation> org.springframework.data.rest.webmvc.alps.AlpsController.descriptor(org.springframework.data.rest.webmvc.RootResourceInformation)
2018-03-31 21:09:43.620  INFO 16173 --- [           main] o.s.d.r.w.BasePathAwareHandlerMapping    : Mapped "{[/profile/{repository}],methods=[GET],produces=[application/schema+json]}" onto public org.springframework.http.HttpEntity<org.springframework.data.rest.webmvc.json.JsonSchema> org.springframework.data.rest.webmvc.RepositorySchemaController.schema(org.springframework.data.rest.webmvc.RootResourceInformation)
2018-03-31 21:09:43.621  INFO 16173 --- [           main] o.s.d.r.w.BasePathAwareHandlerMapping    : Mapped "{[/profile],methods=[OPTIONS]}" onto public org.springframework.http.HttpEntity<?> org.springframework.data.rest.webmvc.ProfileController.profileOptions()
2018-03-31 21:09:43.622  INFO 16173 --- [           main] o.s.d.r.w.BasePathAwareHandlerMapping    : Mapped "{[/profile],methods=[GET]}" onto org.springframework.http.HttpEntity<org.springframework.hateoas.ResourceSupport> org.springframework.data.rest.webmvc.ProfileController.listAllFormsOfMetadata()
2018-03-31 21:09:43.785  INFO 16173 --- [           main] o.h.h.i.QueryTranslatorFactoryInitiator  : HHH000397: Using ASTQueryTranslatorFactory
2018-03-31 21:09:43.877  INFO 16173 --- [           main] e.h.h.controllers.UserControllerTests    : Started UserControllerTests in 2.503 seconds (JVM running for 17.813)
2018-03-31 21:09:43.884  INFO 16173 --- [           main] o.s.b.t.m.w.SpringBootMockServletContext : Initializing Spring FrameworkServlet ''
2018-03-31 21:09:43.884  INFO 16173 --- [           main] o.s.t.web.servlet.TestDispatcherServlet  : FrameworkServlet '': initialization started
2018-03-31 21:09:43.896  INFO 16173 --- [           main] o.s.t.web.servlet.TestDispatcherServlet  : FrameworkServlet '': initialization completed in 12 ms
2018-03-31 21:09:44.247  INFO 16173 --- [           main] e.harvard.h2ms.service.UserServiceImpl   : No. of users found: 3
2018-03-31 21:09:44.250  INFO 16173 --- [           main] e.harvard.h2ms.service.UserServiceImpl   : There are 3 distinct user types 
2018-03-31 21:09:44.254  INFO 16173 --- [           main] e.harvard.h2ms.service.UserServiceImpl   : No. of events found: 1
2018-03-31 21:09:44.288  INFO 16173 --- [           main] o.s.w.c.s.GenericWebApplicationContext   : Closing org.springframework.web.context.support.GenericWebApplicationContext@7781b55f: startup date [Sat Mar 31 21:09:41 EDT 2018]; root of context hierarchy
2018-03-31 21:09:44.293  INFO 16173 --- [           main] j.LocalContainerEntityManagerFactoryBean : Closing JPA EntityManagerFactory for persistence unit 'default'
2018-03-31 21:09:44.294  INFO 16173 --- [           main] org.hibernate.tool.hbm2ddl.SchemaExport  : HHH000227: Running hbm2ddl schema export
2018-03-31 21:09:44.299  INFO 16173 --- [           main] org.hibernate.tool.hbm2ddl.SchemaExport  : HHH000230: Schema export complete
Tests run: 1, Failures: 0, Errors: 0, Skipped: 0, Time elapsed: 2.85 sec - in edu.harvard.h2ms.controllers.UserControllerTests
Running edu.harvard.h2ms.controllers.LocationControllerTests
2018-03-31 21:09:44.306  INFO 16173 --- [           main] .b.t.c.SpringBootTestContextBootstrapper : Neither @ContextConfiguration nor @ContextHierarchy found for test class [edu.harvard.h2ms.controllers.LocationControllerTests], using SpringBootContextLoader
2018-03-31 21:09:44.307  INFO 16173 --- [           main] o.s.t.c.support.AbstractContextLoader    : Could not detect default resource locations for test class [edu.harvard.h2ms.controllers.LocationControllerTests]: no resource found for suffixes {-context.xml, Context.groovy}.
2018-03-31 21:09:44.307  INFO 16173 --- [           main] t.c.s.AnnotationConfigContextLoaderUtils : Could not detect default configuration classes for test class [edu.harvard.h2ms.controllers.LocationControllerTests]: LocationControllerTests does not declare any static, non-private, non-final, nested classes annotated with @Configuration.
2018-03-31 21:09:44.309  INFO 16173 --- [           main] .b.t.c.SpringBootTestContextBootstrapper : Found @SpringBootConfiguration edu.harvard.h2ms.H2MSRestAppInitializer for test class edu.harvard.h2ms.controllers.LocationControllerTests
2018-03-31 21:09:44.310  INFO 16173 --- [           main] .b.t.c.SpringBootTestContextBootstrapper : Loaded default TestExecutionListener class names from location [META-INF/spring.factories]: [org.springframework.boot.test.mock.mockito.MockitoTestExecutionListener, org.springframework.boot.test.mock.mockito.ResetMocksTestExecutionListener, org.springframework.boot.test.autoconfigure.restdocs.RestDocsTestExecutionListener, org.springframework.boot.test.autoconfigure.web.client.MockRestServiceServerResetTestExecutionListener, org.springframework.boot.test.autoconfigure.web.servlet.MockMvcPrintOnlyOnFailureTestExecutionListener, org.springframework.boot.test.autoconfigure.web.servlet.WebDriverTestExecutionListener, org.springframework.test.context.web.ServletTestExecutionListener, org.springframework.test.context.support.DirtiesContextBeforeModesTestExecutionListener, org.springframework.test.context.support.DependencyInjectionTestExecutionListener, org.springframework.test.context.support.DirtiesContextTestExecutionListener, org.springframework.test.context.transaction.TransactionalTestExecutionListener, org.springframework.test.context.jdbc.SqlScriptsTestExecutionListener, org.springframework.security.test.context.support.WithSecurityContextTestExecutionListener]
2018-03-31 21:09:44.312  INFO 16173 --- [           main] .b.t.c.SpringBootTestContextBootstrapper : Using TestExecutionListeners: [org.springframework.test.context.web.ServletTestExecutionListener@46b3c1c2, org.springframework.test.context.support.DirtiesContextBeforeModesTestExecutionListener@53ef0db3, org.springframework.boot.test.autoconfigure.SpringBootDependencyInjectionTestExecutionListener@29957fe0, org.springframework.test.context.support.DirtiesContextTestExecutionListener@57d5dd0, org.springframework.test.context.transaction.TransactionalTestExecutionListener@5d98216c, org.springframework.test.context.jdbc.SqlScriptsTestExecutionListener@76312df9, org.springframework.security.test.context.support.WithSecurityContextTestExecutionListener@74d926a0, org.springframework.boot.test.mock.mockito.MockitoTestExecutionListener@1b256636, org.springframework.boot.test.mock.mockito.ResetMocksTestExecutionListener@7aab77f, org.springframework.boot.test.autoconfigure.restdocs.RestDocsTestExecutionListener@788b0c96, org.springframework.boot.test.autoconfigure.web.client.MockRestServiceServerResetTestExecutionListener@45dac901, org.springframework.boot.test.autoconfigure.web.servlet.MockMvcPrintOnlyOnFailureTestExecutionListener@75fe135a, org.springframework.boot.test.autoconfigure.web.servlet.WebDriverTestExecutionListener@27bd53d5]

  .   ____          _            __ _ _
 /\\ / ___'_ __ _ _(_)_ __  __ _ \ \ \ \
( ( )\___ | '_ | '_| | '_ \/ _` | \ \ \ \
 \\/  ___)| |_)| | | | | || (_| |  ) ) ) )
  '  |____| .__|_| |_|_| |_\__, | / / / /
 =========|_|==============|___/=/_/_/_/
 :: Spring Boot ::       (v1.5.10.RELEASE)

2018-03-31 21:09:44.396  INFO 16173 --- [           main] e.h.h.c.LocationControllerTests          : Starting LocationControllerTests on ancient.bitbin.de with PID 16173 (started by stbenjam in /home/stbenjam/git/h2ms)
2018-03-31 21:09:44.396  INFO 16173 --- [           main] e.h.h.c.LocationControllerTests          : No active profile set, falling back to default profiles: default
2018-03-31 21:09:44.397  INFO 16173 --- [           main] o.s.w.c.s.GenericWebApplicationContext   : Refreshing org.springframework.web.context.support.GenericWebApplicationContext@2132f68e: startup date [Sat Mar 31 21:09:44 EDT 2018]; root of context hierarchy
2018-03-31 21:09:44.455  INFO 16173 --- [           main] o.s.c.a.ConfigurationClassParser         : Properties location [classpath:mailserver.properties] not resolvable: class path resource [mailserver.properties] cannot be opened because it does not exist
2018-03-31 21:09:44.671  INFO 16173 --- [           main] o.s.b.f.s.DefaultListableBeanFactory     : Overriding bean definition for bean 'httpRequestHandlerAdapter' with a different definition: replacing [Root bean: class [null]; scope=; abstract=false; lazyInit=false; autowireMode=3; dependencyCheck=0; autowireCandidate=true; primary=false; factoryBeanName=org.springframework.boot.autoconfigure.web.WebMvcAutoConfiguration$EnableWebMvcConfiguration; factoryMethodName=httpRequestHandlerAdapter; initMethodName=null; destroyMethodName=(inferred); defined in class path resource [org/springframework/boot/autoconfigure/web/WebMvcAutoConfiguration$EnableWebMvcConfiguration.class]] with [Root bean: class [null]; scope=; abstract=false; lazyInit=false; autowireMode=3; dependencyCheck=0; autowireCandidate=true; primary=false; factoryBeanName=org.springframework.data.rest.webmvc.config.RepositoryRestMvcConfiguration; factoryMethodName=httpRequestHandlerAdapter; initMethodName=null; destroyMethodName=(inferred); defined in class path resource [org/springframework/data/rest/webmvc/config/RepositoryRestMvcConfiguration.class]]
2018-03-31 21:09:44.801  INFO 16173 --- [           main] trationDelegate$BeanPostProcessorChecker : Bean 'org.springframework.transaction.annotation.ProxyTransactionManagementConfiguration' of type [org.springframework.transaction.annotation.ProxyTransactionManagementConfiguration$$EnhancerBySpringCGLIB$$225ecc1d] is not eligible for getting processed by all BeanPostProcessors (for example: not eligible for auto-proxying)
2018-03-31 21:09:44.826  INFO 16173 --- [           main] trationDelegate$BeanPostProcessorChecker : Bean 'org.springframework.security.config.annotation.configuration.ObjectPostProcessorConfiguration' of type [org.springframework.security.config.annotation.configuration.ObjectPostProcessorConfiguration$$EnhancerBySpringCGLIB$$bb0c9457] is not eligible for getting processed by all BeanPostProcessors (for example: not eligible for auto-proxying)
2018-03-31 21:09:44.831  INFO 16173 --- [           main] trationDelegate$BeanPostProcessorChecker : Bean 'objectPostProcessor' of type [org.springframework.security.config.annotation.configuration.AutowireBeanFactoryObjectPostProcessor] is not eligible for getting processed by all BeanPostProcessors (for example: not eligible for auto-proxying)
2018-03-31 21:09:44.835  INFO 16173 --- [           main] trationDelegate$BeanPostProcessorChecker : Bean 'org.springframework.security.access.expression.method.DefaultMethodSecurityExpressionHandler@53b3cd9b' of type [org.springframework.security.oauth2.provider.expression.OAuth2MethodSecurityExpressionHandler] is not eligible for getting processed by all BeanPostProcessors (for example: not eligible for auto-proxying)
2018-03-31 21:09:44.847  INFO 16173 --- [           main] trationDelegate$BeanPostProcessorChecker : Bean 'org.springframework.security.config.annotation.method.configuration.GlobalMethodSecurityConfiguration' of type [org.springframework.security.config.annotation.method.configuration.GlobalMethodSecurityConfiguration$$EnhancerBySpringCGLIB$$dfe13709] is not eligible for getting processed by all BeanPostProcessors (for example: not eligible for auto-proxying)
2018-03-31 21:09:44.857  INFO 16173 --- [           main] trationDelegate$BeanPostProcessorChecker : Bean 'methodSecurityMetadataSource' of type [org.springframework.security.access.method.DelegatingMethodSecurityMetadataSource] is not eligible for getting processed by all BeanPostProcessors (for example: not eligible for auto-proxying)
2018-03-31 21:09:44.890  INFO 16173 --- [           main] trationDelegate$BeanPostProcessorChecker : Bean 'security.oauth2.client-org.springframework.boot.autoconfigure.security.oauth2.OAuth2ClientProperties' of type [org.springframework.boot.autoconfigure.security.oauth2.OAuth2ClientProperties] is not eligible for getting processed by all BeanPostProcessors (for example: not eligible for auto-proxying)
2018-03-31 21:09:44.893  INFO 16173 --- [           main] trationDelegate$BeanPostProcessorChecker : Bean 'org.springframework.boot.autoconfigure.security.oauth2.OAuth2AutoConfiguration' of type [org.springframework.boot.autoconfigure.security.oauth2.OAuth2AutoConfiguration$$EnhancerBySpringCGLIB$$d9a8881d] is not eligible for getting processed by all BeanPostProcessors (for example: not eligible for auto-proxying)
2018-03-31 21:09:44.905  INFO 16173 --- [           main] trationDelegate$BeanPostProcessorChecker : Bean 'resourceServerProperties' of type [org.springframework.boot.autoconfigure.security.oauth2.resource.ResourceServerProperties] is not eligible for getting processed by all BeanPostProcessors (for example: not eligible for auto-proxying)
2018-03-31 21:09:45.096  INFO 16173 --- [           main] j.LocalContainerEntityManagerFactoryBean : Building JPA container EntityManagerFactory for persistence unit 'default'
2018-03-31 21:09:45.096  INFO 16173 --- [           main] o.hibernate.jpa.internal.util.LogHelper  : HHH000204: Processing PersistenceUnitInfo [
	name: default
	...]
2018-03-31 21:09:45.101  INFO 16173 --- [           main] org.hibernate.dialect.Dialect            : HHH000400: Using dialect: org.hibernate.dialect.H2Dialect
2018-03-31 21:09:45.188  INFO 16173 --- [           main] org.hibernate.tool.hbm2ddl.SchemaExport  : HHH000227: Running hbm2ddl schema export
2018-03-31 21:09:45.213  INFO 16173 --- [           main] org.hibernate.tool.hbm2ddl.SchemaExport  : HHH000230: Schema export complete
2018-03-31 21:09:45.223  WARN 16173 --- [           main] o.h.j.i.EntityManagerFactoryRegistry     : HHH000436: Entity manager factory name (default) is already registered.  If entity manager will be clustered or passivated, specify a unique value for property 'hibernate.ejb.entitymanager_factory_name'
2018-03-31 21:09:45.224  INFO 16173 --- [           main] j.LocalContainerEntityManagerFactoryBean : Initialized JPA EntityManagerFactory for persistence unit 'default'
2018-03-31 21:09:45.731  INFO 16173 --- [           main] .s.o.p.e.FrameworkEndpointHandlerMapping : Mapped "{[/oauth/authorize]}" onto public org.springframework.web.servlet.ModelAndView org.springframework.security.oauth2.provider.endpoint.AuthorizationEndpoint.authorize(java.util.Map<java.lang.String, java.lang.Object>,java.util.Map<java.lang.String, java.lang.String>,org.springframework.web.bind.support.SessionStatus,java.security.Principal)
2018-03-31 21:09:45.732  INFO 16173 --- [           main] .s.o.p.e.FrameworkEndpointHandlerMapping : Mapped "{[/oauth/authorize],methods=[POST],params=[user_oauth_approval]}" onto public org.springframework.web.servlet.View org.springframework.security.oauth2.provider.endpoint.AuthorizationEndpoint.approveOrDeny(java.util.Map<java.lang.String, java.lang.String>,java.util.Map<java.lang.String, ?>,org.springframework.web.bind.support.SessionStatus,java.security.Principal)
2018-03-31 21:09:45.732  INFO 16173 --- [           main] .s.o.p.e.FrameworkEndpointHandlerMapping : Mapped "{[/oauth/token],methods=[GET]}" onto public org.springframework.http.ResponseEntity<org.springframework.security.oauth2.common.OAuth2AccessToken> org.springframework.security.oauth2.provider.endpoint.TokenEndpoint.getAccessToken(java.security.Principal,java.util.Map<java.lang.String, java.lang.String>) throws org.springframework.web.HttpRequestMethodNotSupportedException
2018-03-31 21:09:45.732  INFO 16173 --- [           main] .s.o.p.e.FrameworkEndpointHandlerMapping : Mapped "{[/oauth/token],methods=[POST]}" onto public org.springframework.http.ResponseEntity<org.springframework.security.oauth2.common.OAuth2AccessToken> org.springframework.security.oauth2.provider.endpoint.TokenEndpoint.postAccessToken(java.security.Principal,java.util.Map<java.lang.String, java.lang.String>) throws org.springframework.web.HttpRequestMethodNotSupportedException
2018-03-31 21:09:45.732  INFO 16173 --- [           main] .s.o.p.e.FrameworkEndpointHandlerMapping : Mapped "{[/oauth/check_token]}" onto public java.util.Map<java.lang.String, ?> org.springframework.security.oauth2.provider.endpoint.CheckTokenEndpoint.checkToken(java.lang.String)
2018-03-31 21:09:45.733  INFO 16173 --- [           main] .s.o.p.e.FrameworkEndpointHandlerMapping : Mapped "{[/oauth/confirm_access]}" onto public org.springframework.web.servlet.ModelAndView org.springframework.security.oauth2.provider.endpoint.WhitelabelApprovalEndpoint.getAccessConfirmation(java.util.Map<java.lang.String, java.lang.Object>,javax.servlet.http.HttpServletRequest) throws java.lang.Exception
2018-03-31 21:09:45.733  INFO 16173 --- [           main] .s.o.p.e.FrameworkEndpointHandlerMapping : Mapped "{[/oauth/error]}" onto public org.springframework.web.servlet.ModelAndView org.springframework.security.oauth2.provider.endpoint.WhitelabelErrorEndpoint.handleError(javax.servlet.http.HttpServletRequest)
2018-03-31 21:09:45.947  INFO 16173 --- [           main] o.s.s.web.DefaultSecurityFilterChain     : Creating filter chain: Ant [pattern='/'], []
2018-03-31 21:09:45.947  INFO 16173 --- [           main] o.s.s.web.DefaultSecurityFilterChain     : Creating filter chain: Ant [pattern='/login'], []
2018-03-31 21:09:45.947  INFO 16173 --- [           main] o.s.s.web.DefaultSecurityFilterChain     : Creating filter chain: Ant [pattern='/webjars/**'], []
2018-03-31 21:09:45.947  INFO 16173 --- [           main] o.s.s.web.DefaultSecurityFilterChain     : Creating filter chain: Ant [pattern='/api/passwords/**'], []
2018-03-31 21:09:45.947  INFO 16173 --- [           main] o.s.s.web.DefaultSecurityFilterChain     : Creating filter chain: Ant [pattern='/swagger-resources'], []
2018-03-31 21:09:45.947  INFO 16173 --- [           main] o.s.s.web.DefaultSecurityFilterChain     : Creating filter chain: Ant [pattern='/swagger-resources/**'], []
2018-03-31 21:09:45.947  INFO 16173 --- [           main] o.s.s.web.DefaultSecurityFilterChain     : Creating filter chain: Ant [pattern='/swagger-ui.html'], []
2018-03-31 21:09:45.947  INFO 16173 --- [           main] o.s.s.web.DefaultSecurityFilterChain     : Creating filter chain: Ant [pattern='/v2/api-docs'], []
2018-03-31 21:09:45.948  INFO 16173 --- [           main] o.s.s.web.DefaultSecurityFilterChain     : Creating filter chain: Ant [pattern='/**', OPTIONS], []
2018-03-31 21:09:46.023  INFO 16173 --- [           main] o.s.s.web.DefaultSecurityFilterChain     : Creating filter chain: OrRequestMatcher [requestMatchers=[Ant [pattern='/oauth/token'], Ant [pattern='/oauth/token_key'], Ant [pattern='/oauth/check_token']]], [org.springframework.security.web.context.request.async.WebAsyncManagerIntegrationFilter@8b5de1b, org.springframework.security.web.context.SecurityContextPersistenceFilter@77f4742b, org.springframework.security.web.header.HeaderWriterFilter@268206aa, org.springframework.security.web.authentication.logout.LogoutFilter@155ae856, org.springframework.security.web.authentication.www.BasicAuthenticationFilter@48313ada, org.springframework.security.web.savedrequest.RequestCacheAwareFilter@39b3de87, org.springframework.security.web.servletapi.SecurityContextHolderAwareRequestFilter@f32284d, org.springframework.security.web.authentication.AnonymousAuthenticationFilter@1dba3c62, org.springframework.security.web.session.SessionManagementFilter@58e8535e, org.springframework.security.web.access.ExceptionTranslationFilter@7826c5ef, org.springframework.security.web.access.intercept.FilterSecurityInterceptor@18870976]
2018-03-31 21:09:46.033  INFO 16173 --- [           main] o.s.s.web.DefaultSecurityFilterChain     : Creating filter chain: org.springframework.security.oauth2.config.annotation.web.configuration.ResourceServerConfiguration$NotOAuthRequestMatcher@1c22aae1, [org.springframework.security.web.context.request.async.WebAsyncManagerIntegrationFilter@9129682, org.springframework.security.web.context.SecurityContextPersistenceFilter@62885131, org.springframework.security.web.header.HeaderWriterFilter@2534b0d9, org.springframework.security.web.authentication.logout.LogoutFilter@12d658c0, org.springframework.security.oauth2.provider.authentication.OAuth2AuthenticationProcessingFilter@68cca23e, org.springframework.security.web.savedrequest.RequestCacheAwareFilter@2f193a75, org.springframework.security.web.servletapi.SecurityContextHolderAwareRequestFilter@2f2be537, org.springframework.security.web.authentication.AnonymousAuthenticationFilter@58cce034, org.springframework.security.web.session.SessionManagementFilter@7a8ea, org.springframework.security.web.access.ExceptionTranslationFilter@67054b2e, org.springframework.security.web.access.intercept.FilterSecurityInterceptor@11f237b3]
2018-03-31 21:09:46.034  INFO 16173 --- [           main] o.s.s.web.DefaultSecurityFilterChain     : Creating filter chain: org.springframework.security.web.util.matcher.AnyRequestMatcher@1, [org.springframework.security.web.access.intercept.FilterSecurityInterceptor@332c3e71]
2018-03-31 21:09:46.250  INFO 16173 --- [           main] s.w.s.m.m.a.RequestMappingHandlerAdapter : Looking for @ControllerAdvice: org.springframework.web.context.support.GenericWebApplicationContext@2132f68e: startup date [Sat Mar 31 21:09:44 EDT 2018]; root of context hierarchy
2018-03-31 21:09:46.291  INFO 16173 --- [           main] s.w.s.m.m.a.RequestMappingHandlerMapping : Mapped "{[/events/compliance/{questionId}/{timeframe}],methods=[GET]}" onto public org.springframework.http.ResponseEntity<?> edu.harvard.h2ms.web.controller.EventController.findComplianceByTimeframe(java.lang.String,java.lang.Long)
2018-03-31 21:09:46.292  INFO 16173 --- [           main] s.w.s.m.m.a.RequestMappingHandlerMapping : Mapped "{[/events/count/{timeframe}],methods=[GET]}" onto public org.springframework.http.ResponseEntity<?> edu.harvard.h2ms.web.controller.EventController.findEventCountByTimeframe(java.lang.String)
2018-03-31 21:09:46.292  INFO 16173 --- [           main] s.w.s.m.m.a.RequestMappingHandlerMapping : Mapped "{[/api/passwords/reset/{email:.+}],methods=[GET]}" onto public org.springframework.http.ResponseEntity<java.lang.Object> edu.harvard.h2ms.web.controller.PasswordController.getPasswordResetToken(java.lang.String)
2018-03-31 21:09:46.293  INFO 16173 --- [           main] s.w.s.m.m.a.RequestMappingHandlerMapping : Mapped "{[/api/passwords/reset/token],methods=[POST]}" onto public org.springframework.http.ResponseEntity<java.lang.Object> edu.harvard.h2ms.web.controller.PasswordController.resetPasswordViaToken(java.util.Map<java.lang.String, java.lang.String>)
2018-03-31 21:09:46.293  INFO 16173 --- [           main] s.w.s.m.m.a.RequestMappingHandlerMapping : Mapped "{[/users/avgWashed],methods=[GET]}" onto public java.util.Map<java.lang.String, java.lang.Double> edu.harvard.h2ms.web.controller.UserController.findAvgWashCompliance()
2018-03-31 21:09:46.294  INFO 16173 --- [           main] s.w.s.m.m.a.RequestMappingHandlerMapping : Mapped "{[/error],produces=[text/html]}" onto public org.springframework.web.servlet.ModelAndView org.springframework.boot.autoconfigure.web.BasicErrorController.errorHtml(javax.servlet.http.HttpServletRequest,javax.servlet.http.HttpServletResponse)
2018-03-31 21:09:46.295  INFO 16173 --- [           main] s.w.s.m.m.a.RequestMappingHandlerMapping : Mapped "{[/error]}" onto public org.springframework.http.ResponseEntity<java.util.Map<java.lang.String, java.lang.Object>> org.springframework.boot.autoconfigure.web.BasicErrorController.error(javax.servlet.http.HttpServletRequest)
2018-03-31 21:09:46.364  INFO 16173 --- [           main] o.s.w.s.handler.SimpleUrlHandlerMapping  : Mapped URL path [/webjars/**] onto handler of type [class org.springframework.web.servlet.resource.ResourceHttpRequestHandler]
2018-03-31 21:09:46.364  INFO 16173 --- [           main] o.s.w.s.handler.SimpleUrlHandlerMapping  : Mapped URL path [/**] onto handler of type [class org.springframework.web.servlet.resource.ResourceHttpRequestHandler]
2018-03-31 21:09:46.380  INFO 16173 --- [           main] .m.m.a.ExceptionHandlerExceptionResolver : Detected @ExceptionHandler methods in exceptionHandlingController
2018-03-31 21:09:46.380  INFO 16173 --- [           main] .m.m.a.ExceptionHandlerExceptionResolver : Detected @ExceptionHandler methods in repositoryRestExceptionHandler
2018-03-31 21:09:46.454  INFO 16173 --- [           main] o.s.w.s.handler.SimpleUrlHandlerMapping  : Mapped URL path [/**/favicon.ico] onto handler of type [class org.springframework.web.servlet.resource.ResourceHttpRequestHandler]
2018-03-31 21:09:46.494  WARN 16173 --- [           main] .t.AbstractTemplateResolverConfiguration : Cannot find template location: classpath:/templates/ (please add some templates or check your Thymeleaf configuration)
2018-03-31 21:09:46.626  INFO 16173 --- [           main] o.s.d.r.w.RepositoryRestHandlerAdapter   : Looking for @ControllerAdvice: org.springframework.web.context.support.GenericWebApplicationContext@2132f68e: startup date [Sat Mar 31 21:09:44 EDT 2018]; root of context hierarchy
2018-03-31 21:09:46.649  INFO 16173 --- [           main] o.s.d.r.w.RepositoryRestHandlerMapping   : Mapped "{[/{repository}/{id}/{property}],methods=[GET],produces=[application/x-spring-data-compact+json || text/uri-list]}" onto public org.springframework.http.ResponseEntity<org.springframework.hateoas.ResourceSupport> org.springframework.data.rest.webmvc.RepositoryPropertyReferenceController.followPropertyReferenceCompact(org.springframework.data.rest.webmvc.RootResourceInformation,java.io.Serializable,java.lang.String,org.springframework.data.rest.webmvc.PersistentEntityResourceAssembler) throws java.lang.Exception
2018-03-31 21:09:46.650  INFO 16173 --- [           main] o.s.d.r.w.RepositoryRestHandlerMapping   : Mapped "{[/{repository}/{id}/{property}],methods=[PATCH || PUT || POST],consumes=[application/json || application/x-spring-data-compact+json || text/uri-list],produces=[application/hal+json || application/json]}" onto public org.springframework.http.ResponseEntity<? extends org.springframework.hateoas.ResourceSupport> org.springframework.data.rest.webmvc.RepositoryPropertyReferenceController.createPropertyReference(org.springframework.data.rest.webmvc.RootResourceInformation,org.springframework.http.HttpMethod,org.springframework.hateoas.Resources<java.lang.Object>,java.io.Serializable,java.lang.String) throws java.lang.Exception
2018-03-31 21:09:46.650  INFO 16173 --- [           main] o.s.d.r.w.RepositoryRestHandlerMapping   : Mapped "{[/{repository}/{id}/{property}/{propertyId}],methods=[DELETE],produces=[application/hal+json || application/json]}" onto public org.springframework.http.ResponseEntity<org.springframework.hateoas.ResourceSupport> org.springframework.data.rest.webmvc.RepositoryPropertyReferenceController.deletePropertyReferenceId(org.springframework.data.rest.webmvc.RootResourceInformation,java.io.Serializable,java.lang.String,java.lang.String) throws java.lang.Exception
2018-03-31 21:09:46.650  INFO 16173 --- [           main] o.s.d.r.w.RepositoryRestHandlerMapping   : Mapped "{[/{repository}/{id}/{property}],methods=[GET],produces=[application/hal+json || application/json]}" onto public org.springframework.http.ResponseEntity<org.springframework.hateoas.ResourceSupport> org.springframework.data.rest.webmvc.RepositoryPropertyReferenceController.followPropertyReference(org.springframework.data.rest.webmvc.RootResourceInformation,java.io.Serializable,java.lang.String,org.springframework.data.rest.webmvc.PersistentEntityResourceAssembler) throws java.lang.Exception
2018-03-31 21:09:46.651  INFO 16173 --- [           main] o.s.d.r.w.RepositoryRestHandlerMapping   : Mapped "{[/{repository}/{id}/{property}/{propertyId}],methods=[GET],produces=[application/hal+json || application/json]}" onto public org.springframework.http.ResponseEntity<org.springframework.hateoas.ResourceSupport> org.springframework.data.rest.webmvc.RepositoryPropertyReferenceController.followPropertyReference(org.springframework.data.rest.webmvc.RootResourceInformation,java.io.Serializable,java.lang.String,java.lang.String,org.springframework.data.rest.webmvc.PersistentEntityResourceAssembler) throws java.lang.Exception
2018-03-31 21:09:46.651  INFO 16173 --- [           main] o.s.d.r.w.RepositoryRestHandlerMapping   : Mapped "{[/{repository}/{id}/{property}],methods=[DELETE],produces=[application/hal+json || application/json]}" onto public org.springframework.http.ResponseEntity<? extends org.springframework.hateoas.ResourceSupport> org.springframework.data.rest.webmvc.RepositoryPropertyReferenceController.deletePropertyReference(org.springframework.data.rest.webmvc.RootResourceInformation,java.io.Serializable,java.lang.String) throws java.lang.Exception
2018-03-31 21:09:46.652  INFO 16173 --- [           main] o.s.d.r.w.RepositoryRestHandlerMapping   : Mapped "{[/{repository}/search/{search}],methods=[HEAD],produces=[application/hal+json || application/json]}" onto public org.springframework.http.ResponseEntity<java.lang.Object> org.springframework.data.rest.webmvc.RepositorySearchController.headForSearch(org.springframework.data.rest.webmvc.RootResourceInformation,java.lang.String)
2018-03-31 21:09:46.652  INFO 16173 --- [           main] o.s.d.r.w.RepositoryRestHandlerMapping   : Mapped "{[/{repository}/search/{search}],methods=[GET],produces=[application/hal+json || application/json]}" onto public org.springframework.http.ResponseEntity<?> org.springframework.data.rest.webmvc.RepositorySearchController.executeSearch(org.springframework.data.rest.webmvc.RootResourceInformation,org.springframework.util.MultiValueMap<java.lang.String, java.lang.Object>,java.lang.String,org.springframework.data.rest.webmvc.support.DefaultedPageable,org.springframework.data.domain.Sort,org.springframework.data.rest.webmvc.PersistentEntityResourceAssembler,org.springframework.http.HttpHeaders)
2018-03-31 21:09:46.652  INFO 16173 --- [           main] o.s.d.r.w.RepositoryRestHandlerMapping   : Mapped "{[/{repository}/search],methods=[GET],produces=[application/hal+json || application/json]}" onto public org.springframework.data.rest.webmvc.RepositorySearchesResource org.springframework.data.rest.webmvc.RepositorySearchController.listSearches(org.springframework.data.rest.webmvc.RootResourceInformation)
2018-03-31 21:09:46.653  INFO 16173 --- [           main] o.s.d.r.w.RepositoryRestHandlerMapping   : Mapped "{[/{repository}/search],methods=[HEAD],produces=[application/hal+json || application/json]}" onto public org.springframework.http.HttpEntity<?> org.springframework.data.rest.webmvc.RepositorySearchController.headForSearches(org.springframework.data.rest.webmvc.RootResourceInformation)
2018-03-31 21:09:46.653  INFO 16173 --- [           main] o.s.d.r.w.RepositoryRestHandlerMapping   : Mapped "{[/{repository}/search],methods=[OPTIONS],produces=[application/hal+json || application/json]}" onto public org.springframework.http.HttpEntity<?> org.springframework.data.rest.webmvc.RepositorySearchController.optionsForSearches(org.springframework.data.rest.webmvc.RootResourceInformation)
2018-03-31 21:09:46.653  INFO 16173 --- [           main] o.s.d.r.w.RepositoryRestHandlerMapping   : Mapped "{[/{repository}/search/{search}],methods=[GET],produces=[application/x-spring-data-compact+json]}" onto public org.springframework.hateoas.ResourceSupport org.springframework.data.rest.webmvc.RepositorySearchController.executeSearchCompact(org.springframework.data.rest.webmvc.RootResourceInformation,org.springframework.http.HttpHeaders,org.springframework.util.MultiValueMap<java.lang.String, java.lang.Object>,java.lang.String,java.lang.String,org.springframework.data.rest.webmvc.support.DefaultedPageable,org.springframework.data.domain.Sort,org.springframework.data.rest.webmvc.PersistentEntityResourceAssembler)
2018-03-31 21:09:46.653  INFO 16173 --- [           main] o.s.d.r.w.RepositoryRestHandlerMapping   : Mapped "{[/{repository}/search/{search}],methods=[OPTIONS],produces=[application/hal+json || application/json]}" onto public org.springframework.http.ResponseEntity<java.lang.Object> org.springframework.data.rest.webmvc.RepositorySearchController.optionsForSearch(org.springframework.data.rest.webmvc.RootResourceInformation,java.lang.String)
2018-03-31 21:09:46.654  INFO 16173 --- [           main] o.s.d.r.w.RepositoryRestHandlerMapping   : Mapped "{[/ || ],methods=[GET],produces=[application/hal+json || application/json]}" onto public org.springframework.http.HttpEntity<org.springframework.data.rest.webmvc.RepositoryLinksResource> org.springframework.data.rest.webmvc.RepositoryController.listRepositories()
2018-03-31 21:09:46.654  INFO 16173 --- [           main] o.s.d.r.w.RepositoryRestHandlerMapping   : Mapped "{[/ || ],methods=[OPTIONS],produces=[application/hal+json || application/json]}" onto public org.springframework.http.HttpEntity<?> org.springframework.data.rest.webmvc.RepositoryController.optionsForRepositories()
2018-03-31 21:09:46.654  INFO 16173 --- [           main] o.s.d.r.w.RepositoryRestHandlerMapping   : Mapped "{[/ || ],methods=[HEAD],produces=[application/hal+json || application/json]}" onto public org.springframework.http.ResponseEntity<?> org.springframework.data.rest.webmvc.RepositoryController.headForRepositories()
2018-03-31 21:09:46.655  INFO 16173 --- [           main] o.s.d.r.w.RepositoryRestHandlerMapping   : Mapped "{[/{repository}],methods=[GET],produces=[application/x-spring-data-compact+json || text/uri-list]}" onto public org.springframework.hateoas.Resources<?> org.springframework.data.rest.webmvc.RepositoryEntityController.getCollectionResourceCompact(org.springframework.data.rest.webmvc.RootResourceInformation,org.springframework.data.rest.webmvc.support.DefaultedPageable,org.springframework.data.domain.Sort,org.springframework.data.rest.webmvc.PersistentEntityResourceAssembler) throws org.springframework.data.rest.webmvc.ResourceNotFoundException,org.springframework.web.HttpRequestMethodNotSupportedException
2018-03-31 21:09:46.655  INFO 16173 --- [           main] o.s.d.r.w.RepositoryRestHandlerMapping   : Mapped "{[/{repository}],methods=[POST],produces=[application/hal+json || application/json]}" onto public org.springframework.http.ResponseEntity<org.springframework.hateoas.ResourceSupport> org.springframework.data.rest.webmvc.RepositoryEntityController.postCollectionResource(org.springframework.data.rest.webmvc.RootResourceInformation,org.springframework.data.rest.webmvc.PersistentEntityResource,org.springframework.data.rest.webmvc.PersistentEntityResourceAssembler,java.lang.String) throws org.springframework.web.HttpRequestMethodNotSupportedException
2018-03-31 21:09:46.655  INFO 16173 --- [           main] o.s.d.r.w.RepositoryRestHandlerMapping   : Mapped "{[/{repository}/{id}],methods=[OPTIONS],produces=[application/hal+json || application/json]}" onto public org.springframework.http.ResponseEntity<?> org.springframework.data.rest.webmvc.RepositoryEntityController.optionsForItemResource(org.springframework.data.rest.webmvc.RootResourceInformation)
2018-03-31 21:09:46.656  INFO 16173 --- [           main] o.s.d.r.w.RepositoryRestHandlerMapping   : Mapped "{[/{repository}/{id}],methods=[HEAD],produces=[application/hal+json || application/json]}" onto public org.springframework.http.ResponseEntity<?> org.springframework.data.rest.webmvc.RepositoryEntityController.headForItemResource(org.springframework.data.rest.webmvc.RootResourceInformation,java.io.Serializable,org.springframework.data.rest.webmvc.PersistentEntityResourceAssembler) throws org.springframework.web.HttpRequestMethodNotSupportedException
2018-03-31 21:09:46.656  INFO 16173 --- [           main] o.s.d.r.w.RepositoryRestHandlerMapping   : Mapped "{[/{repository}/{id}],methods=[GET],produces=[application/hal+json || application/json]}" onto public org.springframework.http.ResponseEntity<org.springframework.hateoas.Resource<?>> org.springframework.data.rest.webmvc.RepositoryEntityController.getItemResource(org.springframework.data.rest.webmvc.RootResourceInformation,java.io.Serializable,org.springframework.data.rest.webmvc.PersistentEntityResourceAssembler,org.springframework.http.HttpHeaders) throws org.springframework.web.HttpRequestMethodNotSupportedException
2018-03-31 21:09:46.656  INFO 16173 --- [           main] o.s.d.r.w.RepositoryRestHandlerMapping   : Mapped "{[/{repository}/{id}],methods=[PUT],produces=[application/hal+json || application/json]}" onto public org.springframework.http.ResponseEntity<? extends org.springframework.hateoas.ResourceSupport> org.springframework.data.rest.webmvc.RepositoryEntityController.putItemResource(org.springframework.data.rest.webmvc.RootResourceInformation,org.springframework.data.rest.webmvc.PersistentEntityResource,java.io.Serializable,org.springframework.data.rest.webmvc.PersistentEntityResourceAssembler,org.springframework.data.rest.webmvc.support.ETag,java.lang.String) throws org.springframework.web.HttpRequestMethodNotSupportedException
2018-03-31 21:09:46.656  INFO 16173 --- [           main] o.s.d.r.w.RepositoryRestHandlerMapping   : Mapped "{[/{repository}/{id}],methods=[PATCH],produces=[application/hal+json || application/json]}" onto public org.springframework.http.ResponseEntity<org.springframework.hateoas.ResourceSupport> org.springframework.data.rest.webmvc.RepositoryEntityController.patchItemResource(org.springframework.data.rest.webmvc.RootResourceInformation,org.springframework.data.rest.webmvc.PersistentEntityResource,java.io.Serializable,org.springframework.data.rest.webmvc.PersistentEntityResourceAssembler,org.springframework.data.rest.webmvc.support.ETag,java.lang.String) throws org.springframework.web.HttpRequestMethodNotSupportedException,org.springframework.data.rest.webmvc.ResourceNotFoundException
2018-03-31 21:09:46.657  INFO 16173 --- [           main] o.s.d.r.w.RepositoryRestHandlerMapping   : Mapped "{[/{repository}/{id}],methods=[DELETE],produces=[application/hal+json || application/json]}" onto public org.springframework.http.ResponseEntity<?> org.springframework.data.rest.webmvc.RepositoryEntityController.deleteItemResource(org.springframework.data.rest.webmvc.RootResourceInformation,java.io.Serializable,org.springframework.data.rest.webmvc.support.ETag) throws org.springframework.data.rest.webmvc.ResourceNotFoundException,org.springframework.web.HttpRequestMethodNotSupportedException
2018-03-31 21:09:46.657  INFO 16173 --- [           main] o.s.d.r.w.RepositoryRestHandlerMapping   : Mapped "{[/{repository}],methods=[OPTIONS],produces=[application/hal+json || application/json]}" onto public org.springframework.http.ResponseEntity<?> org.springframework.data.rest.webmvc.RepositoryEntityController.optionsForCollectionResource(org.springframework.data.rest.webmvc.RootResourceInformation)
2018-03-31 21:09:46.657  INFO 16173 --- [           main] o.s.d.r.w.RepositoryRestHandlerMapping   : Mapped "{[/{repository}],methods=[HEAD],produces=[application/hal+json || application/json]}" onto public org.springframework.http.ResponseEntity<?> org.springframework.data.rest.webmvc.RepositoryEntityController.headCollectionResource(org.springframework.data.rest.webmvc.RootResourceInformation,org.springframework.data.rest.webmvc.support.DefaultedPageable) throws org.springframework.web.HttpRequestMethodNotSupportedException
2018-03-31 21:09:46.657  INFO 16173 --- [           main] o.s.d.r.w.RepositoryRestHandlerMapping   : Mapped "{[/{repository}],methods=[GET],produces=[application/hal+json || application/json]}" onto public org.springframework.hateoas.Resources<?> org.springframework.data.rest.webmvc.RepositoryEntityController.getCollectionResource(org.springframework.data.rest.webmvc.RootResourceInformation,org.springframework.data.rest.webmvc.support.DefaultedPageable,org.springframework.data.domain.Sort,org.springframework.data.rest.webmvc.PersistentEntityResourceAssembler) throws org.springframework.data.rest.webmvc.ResourceNotFoundException,org.springframework.web.HttpRequestMethodNotSupportedException
2018-03-31 21:09:46.660  INFO 16173 --- [           main] o.s.d.r.w.BasePathAwareHandlerMapping    : Mapped "{[/profile/{repository}],methods=[OPTIONS],produces=[application/alps+json]}" onto org.springframework.http.HttpEntity<?> org.springframework.data.rest.webmvc.alps.AlpsController.alpsOptions()
2018-03-31 21:09:46.660  INFO 16173 --- [           main] o.s.d.r.w.BasePathAwareHandlerMapping    : Mapped "{[/profile/{repository}],methods=[GET],produces=[application/alps+json || */*]}" onto org.springframework.http.HttpEntity<org.springframework.data.rest.webmvc.RootResourceInformation> org.springframework.data.rest.webmvc.alps.AlpsController.descriptor(org.springframework.data.rest.webmvc.RootResourceInformation)
2018-03-31 21:09:46.661  INFO 16173 --- [           main] o.s.d.r.w.BasePathAwareHandlerMapping    : Mapped "{[/profile/{repository}],methods=[GET],produces=[application/schema+json]}" onto public org.springframework.http.HttpEntity<org.springframework.data.rest.webmvc.json.JsonSchema> org.springframework.data.rest.webmvc.RepositorySchemaController.schema(org.springframework.data.rest.webmvc.RootResourceInformation)
2018-03-31 21:09:46.661  INFO 16173 --- [           main] o.s.d.r.w.BasePathAwareHandlerMapping    : Mapped "{[/profile],methods=[OPTIONS]}" onto public org.springframework.http.HttpEntity<?> org.springframework.data.rest.webmvc.ProfileController.profileOptions()
2018-03-31 21:09:46.661  INFO 16173 --- [           main] o.s.d.r.w.BasePathAwareHandlerMapping    : Mapped "{[/profile],methods=[GET]}" onto org.springframework.http.HttpEntity<org.springframework.hateoas.ResourceSupport> org.springframework.data.rest.webmvc.ProfileController.listAllFormsOfMetadata()
2018-03-31 21:09:46.846  INFO 16173 --- [           main] o.h.h.i.QueryTranslatorFactoryInitiator  : HHH000397: Using ASTQueryTranslatorFactory
2018-03-31 21:09:46.932  INFO 16173 --- [           main] e.h.h.c.LocationControllerTests          : Started LocationControllerTests in 2.612 seconds (JVM running for 20.867)
2018-03-31 21:09:46.939  INFO 16173 --- [           main] o.s.b.t.m.w.SpringBootMockServletContext : Initializing Spring FrameworkServlet ''
2018-03-31 21:09:46.939  INFO 16173 --- [           main] o.s.t.web.servlet.TestDispatcherServlet  : FrameworkServlet '': initialization started
2018-03-31 21:09:46.953  INFO 16173 --- [           main] o.s.t.web.servlet.TestDispatcherServlet  : FrameworkServlet '': initialization completed in 14 ms
2018-03-31 21:09:47.207  INFO 16173 --- [           main] o.s.w.c.s.GenericWebApplicationContext   : Closing org.springframework.web.context.support.GenericWebApplicationContext@2132f68e: startup date [Sat Mar 31 21:09:44 EDT 2018]; root of context hierarchy
2018-03-31 21:09:47.210  INFO 16173 --- [           main] j.LocalContainerEntityManagerFactoryBean : Closing JPA EntityManagerFactory for persistence unit 'default'
2018-03-31 21:09:47.210  INFO 16173 --- [           main] org.hibernate.tool.hbm2ddl.SchemaExport  : HHH000227: Running hbm2ddl schema export
2018-03-31 21:09:47.215  INFO 16173 --- [           main] org.hibernate.tool.hbm2ddl.SchemaExport  : HHH000230: Schema export complete
Tests run: 1, Failures: 0, Errors: 0, Skipped: 0, Time elapsed: 2.908 sec - in edu.harvard.h2ms.controllers.LocationControllerTests
Running edu.harvard.h2ms.web.init.OAuthTest
2018-03-31 21:09:47.217  INFO 16173 --- [           main] .b.t.c.SpringBootTestContextBootstrapper : Neither @ContextConfiguration nor @ContextHierarchy found for test class [edu.harvard.h2ms.web.init.OAuthTest], using SpringBootContextLoader
2018-03-31 21:09:47.218  INFO 16173 --- [           main] o.s.t.c.support.AbstractContextLoader    : Could not detect default resource locations for test class [edu.harvard.h2ms.web.init.OAuthTest]: no resource found for suffixes {-context.xml, Context.groovy}.
2018-03-31 21:09:47.218  INFO 16173 --- [           main] t.c.s.AnnotationConfigContextLoaderUtils : Could not detect default configuration classes for test class [edu.harvard.h2ms.web.init.OAuthTest]: OAuthTest does not declare any static, non-private, non-final, nested classes annotated with @Configuration.
2018-03-31 21:09:47.220  INFO 16173 --- [           main] .b.t.c.SpringBootTestContextBootstrapper : Found @SpringBootConfiguration edu.harvard.h2ms.H2MSRestAppInitializer for test class edu.harvard.h2ms.web.init.OAuthTest
2018-03-31 21:09:47.221  INFO 16173 --- [           main] .b.t.c.SpringBootTestContextBootstrapper : Loaded default TestExecutionListener class names from location [META-INF/spring.factories]: [org.springframework.boot.test.mock.mockito.MockitoTestExecutionListener, org.springframework.boot.test.mock.mockito.ResetMocksTestExecutionListener, org.springframework.boot.test.autoconfigure.restdocs.RestDocsTestExecutionListener, org.springframework.boot.test.autoconfigure.web.client.MockRestServiceServerResetTestExecutionListener, org.springframework.boot.test.autoconfigure.web.servlet.MockMvcPrintOnlyOnFailureTestExecutionListener, org.springframework.boot.test.autoconfigure.web.servlet.WebDriverTestExecutionListener, org.springframework.test.context.web.ServletTestExecutionListener, org.springframework.test.context.support.DirtiesContextBeforeModesTestExecutionListener, org.springframework.test.context.support.DependencyInjectionTestExecutionListener, org.springframework.test.context.support.DirtiesContextTestExecutionListener, org.springframework.test.context.transaction.TransactionalTestExecutionListener, org.springframework.test.context.jdbc.SqlScriptsTestExecutionListener, org.springframework.security.test.context.support.WithSecurityContextTestExecutionListener]
2018-03-31 21:09:47.223  INFO 16173 --- [           main] .b.t.c.SpringBootTestContextBootstrapper : Using TestExecutionListeners: [org.springframework.test.context.web.ServletTestExecutionListener@3fe9caee, org.springframework.test.context.support.DirtiesContextBeforeModesTestExecutionListener@32def41f, org.springframework.boot.test.autoconfigure.SpringBootDependencyInjectionTestExecutionListener@52521fc7, org.springframework.test.context.support.DirtiesContextTestExecutionListener@4b2e5d79, org.springframework.test.context.transaction.TransactionalTestExecutionListener@3ae14048, org.springframework.test.context.jdbc.SqlScriptsTestExecutionListener@7fda2507, org.springframework.security.test.context.support.WithSecurityContextTestExecutionListener@3d34b11c, org.springframework.boot.test.mock.mockito.MockitoTestExecutionListener@448f656, org.springframework.boot.test.mock.mockito.ResetMocksTestExecutionListener@341b1597, org.springframework.boot.test.autoconfigure.restdocs.RestDocsTestExecutionListener@1ac7ec0e, org.springframework.boot.test.autoconfigure.web.client.MockRestServiceServerResetTestExecutionListener@263121b, org.springframework.boot.test.autoconfigure.web.servlet.MockMvcPrintOnlyOnFailureTestExecutionListener@41dabe47, org.springframework.boot.test.autoconfigure.web.servlet.WebDriverTestExecutionListener@2d01bc46]

  .   ____          _            __ _ _
 /\\ / ___'_ __ _ _(_)_ __  __ _ \ \ \ \
( ( )\___ | '_ | '_| | '_ \/ _` | \ \ \ \
 \\/  ___)| |_)| | | | | || (_| |  ) ) ) )
  '  |____| .__|_| |_|_| |_\__, | / / / /
 =========|_|==============|___/=/_/_/_/
 :: Spring Boot ::       (v1.5.10.RELEASE)

2018-03-31 21:09:47.268  INFO 16173 --- [           main] edu.harvard.h2ms.web.init.OAuthTest      : Starting OAuthTest on ancient.bitbin.de with PID 16173 (started by stbenjam in /home/stbenjam/git/h2ms)
2018-03-31 21:09:47.268  INFO 16173 --- [           main] edu.harvard.h2ms.web.init.OAuthTest      : No active profile set, falling back to default profiles: default
2018-03-31 21:09:47.271  INFO 16173 --- [           main] o.s.w.c.s.GenericWebApplicationContext   : Refreshing org.springframework.web.context.support.GenericWebApplicationContext@3b5f3ffb: startup date [Sat Mar 31 21:09:47 EDT 2018]; root of context hierarchy
2018-03-31 21:09:47.332  INFO 16173 --- [           main] o.s.c.a.ConfigurationClassParser         : Properties location [classpath:mailserver.properties] not resolvable: class path resource [mailserver.properties] cannot be opened because it does not exist
2018-03-31 21:09:47.501  INFO 16173 --- [           main] o.s.b.f.s.DefaultListableBeanFactory     : Overriding bean definition for bean 'httpRequestHandlerAdapter' with a different definition: replacing [Root bean: class [null]; scope=; abstract=false; lazyInit=false; autowireMode=3; dependencyCheck=0; autowireCandidate=true; primary=false; factoryBeanName=org.springframework.boot.autoconfigure.web.WebMvcAutoConfiguration$EnableWebMvcConfiguration; factoryMethodName=httpRequestHandlerAdapter; initMethodName=null; destroyMethodName=(inferred); defined in class path resource [org/springframework/boot/autoconfigure/web/WebMvcAutoConfiguration$EnableWebMvcConfiguration.class]] with [Root bean: class [null]; scope=; abstract=false; lazyInit=false; autowireMode=3; dependencyCheck=0; autowireCandidate=true; primary=false; factoryBeanName=org.springframework.data.rest.webmvc.config.RepositoryRestMvcConfiguration; factoryMethodName=httpRequestHandlerAdapter; initMethodName=null; destroyMethodName=(inferred); defined in class path resource [org/springframework/data/rest/webmvc/config/RepositoryRestMvcConfiguration.class]]
2018-03-31 21:09:47.605  INFO 16173 --- [           main] trationDelegate$BeanPostProcessorChecker : Bean 'org.springframework.transaction.annotation.ProxyTransactionManagementConfiguration' of type [org.springframework.transaction.annotation.ProxyTransactionManagementConfiguration$$EnhancerBySpringCGLIB$$225ecc1d] is not eligible for getting processed by all BeanPostProcessors (for example: not eligible for auto-proxying)
2018-03-31 21:09:47.616  INFO 16173 --- [           main] trationDelegate$BeanPostProcessorChecker : Bean 'org.springframework.security.config.annotation.configuration.ObjectPostProcessorConfiguration' of type [org.springframework.security.config.annotation.configuration.ObjectPostProcessorConfiguration$$EnhancerBySpringCGLIB$$bb0c9457] is not eligible for getting processed by all BeanPostProcessors (for example: not eligible for auto-proxying)
2018-03-31 21:09:47.623  INFO 16173 --- [           main] trationDelegate$BeanPostProcessorChecker : Bean 'objectPostProcessor' of type [org.springframework.security.config.annotation.configuration.AutowireBeanFactoryObjectPostProcessor] is not eligible for getting processed by all BeanPostProcessors (for example: not eligible for auto-proxying)
2018-03-31 21:09:47.625  INFO 16173 --- [           main] trationDelegate$BeanPostProcessorChecker : Bean 'org.springframework.security.access.expression.method.DefaultMethodSecurityExpressionHandler@7eaa3a93' of type [org.springframework.security.oauth2.provider.expression.OAuth2MethodSecurityExpressionHandler] is not eligible for getting processed by all BeanPostProcessors (for example: not eligible for auto-proxying)
2018-03-31 21:09:47.647  INFO 16173 --- [           main] trationDelegate$BeanPostProcessorChecker : Bean 'org.springframework.security.config.annotation.method.configuration.GlobalMethodSecurityConfiguration' of type [org.springframework.security.config.annotation.method.configuration.GlobalMethodSecurityConfiguration$$EnhancerBySpringCGLIB$$dfe13709] is not eligible for getting processed by all BeanPostProcessors (for example: not eligible for auto-proxying)
2018-03-31 21:09:47.656  INFO 16173 --- [           main] trationDelegate$BeanPostProcessorChecker : Bean 'methodSecurityMetadataSource' of type [org.springframework.security.access.method.DelegatingMethodSecurityMetadataSource] is not eligible for getting processed by all BeanPostProcessors (for example: not eligible for auto-proxying)
2018-03-31 21:09:47.681  INFO 16173 --- [           main] trationDelegate$BeanPostProcessorChecker : Bean 'security.oauth2.client-org.springframework.boot.autoconfigure.security.oauth2.OAuth2ClientProperties' of type [org.springframework.boot.autoconfigure.security.oauth2.OAuth2ClientProperties] is not eligible for getting processed by all BeanPostProcessors (for example: not eligible for auto-proxying)
2018-03-31 21:09:47.689  INFO 16173 --- [           main] trationDelegate$BeanPostProcessorChecker : Bean 'org.springframework.boot.autoconfigure.security.oauth2.OAuth2AutoConfiguration' of type [org.springframework.boot.autoconfigure.security.oauth2.OAuth2AutoConfiguration$$EnhancerBySpringCGLIB$$d9a8881d] is not eligible for getting processed by all BeanPostProcessors (for example: not eligible for auto-proxying)
2018-03-31 21:09:47.701  INFO 16173 --- [           main] trationDelegate$BeanPostProcessorChecker : Bean 'resourceServerProperties' of type [org.springframework.boot.autoconfigure.security.oauth2.resource.ResourceServerProperties] is not eligible for getting processed by all BeanPostProcessors (for example: not eligible for auto-proxying)
2018-03-31 21:09:47.836  INFO 16173 --- [           main] j.LocalContainerEntityManagerFactoryBean : Building JPA container EntityManagerFactory for persistence unit 'default'
2018-03-31 21:09:47.836  INFO 16173 --- [           main] o.hibernate.jpa.internal.util.LogHelper  : HHH000204: Processing PersistenceUnitInfo [
	name: default
	...]
2018-03-31 21:09:47.841  INFO 16173 --- [           main] org.hibernate.dialect.Dialect            : HHH000400: Using dialect: org.hibernate.dialect.H2Dialect
2018-03-31 21:09:47.937  INFO 16173 --- [           main] org.hibernate.tool.hbm2ddl.SchemaExport  : HHH000227: Running hbm2ddl schema export
2018-03-31 21:09:47.968  INFO 16173 --- [           main] org.hibernate.tool.hbm2ddl.SchemaExport  : HHH000230: Schema export complete
2018-03-31 21:09:47.981  WARN 16173 --- [           main] o.h.j.i.EntityManagerFactoryRegistry     : HHH000436: Entity manager factory name (default) is already registered.  If entity manager will be clustered or passivated, specify a unique value for property 'hibernate.ejb.entitymanager_factory_name'
2018-03-31 21:09:47.981  INFO 16173 --- [           main] j.LocalContainerEntityManagerFactoryBean : Initialized JPA EntityManagerFactory for persistence unit 'default'
2018-03-31 21:09:48.562  INFO 16173 --- [           main] .s.o.p.e.FrameworkEndpointHandlerMapping : Mapped "{[/oauth/authorize]}" onto public org.springframework.web.servlet.ModelAndView org.springframework.security.oauth2.provider.endpoint.AuthorizationEndpoint.authorize(java.util.Map<java.lang.String, java.lang.Object>,java.util.Map<java.lang.String, java.lang.String>,org.springframework.web.bind.support.SessionStatus,java.security.Principal)
2018-03-31 21:09:48.562  INFO 16173 --- [           main] .s.o.p.e.FrameworkEndpointHandlerMapping : Mapped "{[/oauth/authorize],methods=[POST],params=[user_oauth_approval]}" onto public org.springframework.web.servlet.View org.springframework.security.oauth2.provider.endpoint.AuthorizationEndpoint.approveOrDeny(java.util.Map<java.lang.String, java.lang.String>,java.util.Map<java.lang.String, ?>,org.springframework.web.bind.support.SessionStatus,java.security.Principal)
2018-03-31 21:09:48.562  INFO 16173 --- [           main] .s.o.p.e.FrameworkEndpointHandlerMapping : Mapped "{[/oauth/token],methods=[GET]}" onto public org.springframework.http.ResponseEntity<org.springframework.security.oauth2.common.OAuth2AccessToken> org.springframework.security.oauth2.provider.endpoint.TokenEndpoint.getAccessToken(java.security.Principal,java.util.Map<java.lang.String, java.lang.String>) throws org.springframework.web.HttpRequestMethodNotSupportedException
2018-03-31 21:09:48.562  INFO 16173 --- [           main] .s.o.p.e.FrameworkEndpointHandlerMapping : Mapped "{[/oauth/token],methods=[POST]}" onto public org.springframework.http.ResponseEntity<org.springframework.security.oauth2.common.OAuth2AccessToken> org.springframework.security.oauth2.provider.endpoint.TokenEndpoint.postAccessToken(java.security.Principal,java.util.Map<java.lang.String, java.lang.String>) throws org.springframework.web.HttpRequestMethodNotSupportedException
2018-03-31 21:09:48.563  INFO 16173 --- [           main] .s.o.p.e.FrameworkEndpointHandlerMapping : Mapped "{[/oauth/check_token]}" onto public java.util.Map<java.lang.String, ?> org.springframework.security.oauth2.provider.endpoint.CheckTokenEndpoint.checkToken(java.lang.String)
2018-03-31 21:09:48.563  INFO 16173 --- [           main] .s.o.p.e.FrameworkEndpointHandlerMapping : Mapped "{[/oauth/confirm_access]}" onto public org.springframework.web.servlet.ModelAndView org.springframework.security.oauth2.provider.endpoint.WhitelabelApprovalEndpoint.getAccessConfirmation(java.util.Map<java.lang.String, java.lang.Object>,javax.servlet.http.HttpServletRequest) throws java.lang.Exception
2018-03-31 21:09:48.563  INFO 16173 --- [           main] .s.o.p.e.FrameworkEndpointHandlerMapping : Mapped "{[/oauth/error]}" onto public org.springframework.web.servlet.ModelAndView org.springframework.security.oauth2.provider.endpoint.WhitelabelErrorEndpoint.handleError(javax.servlet.http.HttpServletRequest)
2018-03-31 21:09:48.775  INFO 16173 --- [           main] o.s.s.web.DefaultSecurityFilterChain     : Creating filter chain: Ant [pattern='/'], []
2018-03-31 21:09:48.775  INFO 16173 --- [           main] o.s.s.web.DefaultSecurityFilterChain     : Creating filter chain: Ant [pattern='/login'], []
2018-03-31 21:09:48.775  INFO 16173 --- [           main] o.s.s.web.DefaultSecurityFilterChain     : Creating filter chain: Ant [pattern='/webjars/**'], []
2018-03-31 21:09:48.775  INFO 16173 --- [           main] o.s.s.web.DefaultSecurityFilterChain     : Creating filter chain: Ant [pattern='/api/passwords/**'], []
2018-03-31 21:09:48.775  INFO 16173 --- [           main] o.s.s.web.DefaultSecurityFilterChain     : Creating filter chain: Ant [pattern='/swagger-resources'], []
2018-03-31 21:09:48.775  INFO 16173 --- [           main] o.s.s.web.DefaultSecurityFilterChain     : Creating filter chain: Ant [pattern='/swagger-resources/**'], []
2018-03-31 21:09:48.775  INFO 16173 --- [           main] o.s.s.web.DefaultSecurityFilterChain     : Creating filter chain: Ant [pattern='/swagger-ui.html'], []
2018-03-31 21:09:48.775  INFO 16173 --- [           main] o.s.s.web.DefaultSecurityFilterChain     : Creating filter chain: Ant [pattern='/v2/api-docs'], []
2018-03-31 21:09:48.775  INFO 16173 --- [           main] o.s.s.web.DefaultSecurityFilterChain     : Creating filter chain: Ant [pattern='/**', OPTIONS], []
2018-03-31 21:09:48.851  INFO 16173 --- [           main] o.s.s.web.DefaultSecurityFilterChain     : Creating filter chain: OrRequestMatcher [requestMatchers=[Ant [pattern='/oauth/token'], Ant [pattern='/oauth/token_key'], Ant [pattern='/oauth/check_token']]], [org.springframework.security.web.context.request.async.WebAsyncManagerIntegrationFilter@661ccd02, org.springframework.security.web.context.SecurityContextPersistenceFilter@50b9399a, org.springframework.security.web.header.HeaderWriterFilter@4061455, org.springframework.security.web.authentication.logout.LogoutFilter@742d195f, org.springframework.security.web.authentication.www.BasicAuthenticationFilter@7b415dde, org.springframework.security.web.savedrequest.RequestCacheAwareFilter@223cd181, org.springframework.security.web.servletapi.SecurityContextHolderAwareRequestFilter@16acdd2f, org.springframework.security.web.authentication.AnonymousAuthenticationFilter@748d72cf, org.springframework.security.web.session.SessionManagementFilter@3bcb3510, org.springframework.security.web.access.ExceptionTranslationFilter@89f4d09, org.springframework.security.web.access.intercept.FilterSecurityInterceptor@22cf2c40]
2018-03-31 21:09:48.861  INFO 16173 --- [           main] o.s.s.web.DefaultSecurityFilterChain     : Creating filter chain: org.springframework.security.oauth2.config.annotation.web.configuration.ResourceServerConfiguration$NotOAuthRequestMatcher@1e571706, [org.springframework.security.web.context.request.async.WebAsyncManagerIntegrationFilter@43632eb0, org.springframework.security.web.context.SecurityContextPersistenceFilter@73c82ec1, org.springframework.security.web.header.HeaderWriterFilter@1476359e, org.springframework.security.web.authentication.logout.LogoutFilter@305db32d, org.springframework.security.oauth2.provider.authentication.OAuth2AuthenticationProcessingFilter@46e1702d, org.springframework.security.web.savedrequest.RequestCacheAwareFilter@54669c4, org.springframework.security.web.servletapi.SecurityContextHolderAwareRequestFilter@20b97637, org.springframework.security.web.authentication.AnonymousAuthenticationFilter@7f04ff02, org.springframework.security.web.session.SessionManagementFilter@7f5df538, org.springframework.security.web.access.ExceptionTranslationFilter@4036d9cd, org.springframework.security.web.access.intercept.FilterSecurityInterceptor@53fa654c]
2018-03-31 21:09:48.862  INFO 16173 --- [           main] o.s.s.web.DefaultSecurityFilterChain     : Creating filter chain: org.springframework.security.web.util.matcher.AnyRequestMatcher@1, [org.springframework.security.web.access.intercept.FilterSecurityInterceptor@5d2dd62]
2018-03-31 21:09:49.074  INFO 16173 --- [           main] s.w.s.m.m.a.RequestMappingHandlerAdapter : Looking for @ControllerAdvice: org.springframework.web.context.support.GenericWebApplicationContext@3b5f3ffb: startup date [Sat Mar 31 21:09:47 EDT 2018]; root of context hierarchy
2018-03-31 21:09:49.112  INFO 16173 --- [           main] s.w.s.m.m.a.RequestMappingHandlerMapping : Mapped "{[/events/compliance/{questionId}/{timeframe}],methods=[GET]}" onto public org.springframework.http.ResponseEntity<?> edu.harvard.h2ms.web.controller.EventController.findComplianceByTimeframe(java.lang.String,java.lang.Long)
2018-03-31 21:09:49.114  INFO 16173 --- [           main] s.w.s.m.m.a.RequestMappingHandlerMapping : Mapped "{[/events/count/{timeframe}],methods=[GET]}" onto public org.springframework.http.ResponseEntity<?> edu.harvard.h2ms.web.controller.EventController.findEventCountByTimeframe(java.lang.String)
2018-03-31 21:09:49.116  INFO 16173 --- [           main] s.w.s.m.m.a.RequestMappingHandlerMapping : Mapped "{[/api/passwords/reset/{email:.+}],methods=[GET]}" onto public org.springframework.http.ResponseEntity<java.lang.Object> edu.harvard.h2ms.web.controller.PasswordController.getPasswordResetToken(java.lang.String)
2018-03-31 21:09:49.116  INFO 16173 --- [           main] s.w.s.m.m.a.RequestMappingHandlerMapping : Mapped "{[/api/passwords/reset/token],methods=[POST]}" onto public org.springframework.http.ResponseEntity<java.lang.Object> edu.harvard.h2ms.web.controller.PasswordController.resetPasswordViaToken(java.util.Map<java.lang.String, java.lang.String>)
2018-03-31 21:09:49.117  INFO 16173 --- [           main] s.w.s.m.m.a.RequestMappingHandlerMapping : Mapped "{[/users/avgWashed],methods=[GET]}" onto public java.util.Map<java.lang.String, java.lang.Double> edu.harvard.h2ms.web.controller.UserController.findAvgWashCompliance()
2018-03-31 21:09:49.124  INFO 16173 --- [           main] s.w.s.m.m.a.RequestMappingHandlerMapping : Mapped "{[/error],produces=[text/html]}" onto public org.springframework.web.servlet.ModelAndView org.springframework.boot.autoconfigure.web.BasicErrorController.errorHtml(javax.servlet.http.HttpServletRequest,javax.servlet.http.HttpServletResponse)
2018-03-31 21:09:49.125  INFO 16173 --- [           main] s.w.s.m.m.a.RequestMappingHandlerMapping : Mapped "{[/error]}" onto public org.springframework.http.ResponseEntity<java.util.Map<java.lang.String, java.lang.Object>> org.springframework.boot.autoconfigure.web.BasicErrorController.error(javax.servlet.http.HttpServletRequest)
2018-03-31 21:09:49.182  INFO 16173 --- [           main] o.s.w.s.handler.SimpleUrlHandlerMapping  : Mapped URL path [/webjars/**] onto handler of type [class org.springframework.web.servlet.resource.ResourceHttpRequestHandler]
2018-03-31 21:09:49.182  INFO 16173 --- [           main] o.s.w.s.handler.SimpleUrlHandlerMapping  : Mapped URL path [/**] onto handler of type [class org.springframework.web.servlet.resource.ResourceHttpRequestHandler]
2018-03-31 21:09:49.199  INFO 16173 --- [           main] .m.m.a.ExceptionHandlerExceptionResolver : Detected @ExceptionHandler methods in exceptionHandlingController
2018-03-31 21:09:49.200  INFO 16173 --- [           main] .m.m.a.ExceptionHandlerExceptionResolver : Detected @ExceptionHandler methods in repositoryRestExceptionHandler
2018-03-31 21:09:49.273  INFO 16173 --- [           main] o.s.w.s.handler.SimpleUrlHandlerMapping  : Mapped URL path [/**/favicon.ico] onto handler of type [class org.springframework.web.servlet.resource.ResourceHttpRequestHandler]
2018-03-31 21:09:49.314  WARN 16173 --- [           main] .t.AbstractTemplateResolverConfiguration : Cannot find template location: classpath:/templates/ (please add some templates or check your Thymeleaf configuration)
2018-03-31 21:09:49.433  INFO 16173 --- [           main] o.s.d.r.w.RepositoryRestHandlerAdapter   : Looking for @ControllerAdvice: org.springframework.web.context.support.GenericWebApplicationContext@3b5f3ffb: startup date [Sat Mar 31 21:09:47 EDT 2018]; root of context hierarchy
2018-03-31 21:09:49.456  INFO 16173 --- [           main] o.s.d.r.w.RepositoryRestHandlerMapping   : Mapped "{[/{repository}/{id}/{property}],methods=[GET],produces=[application/x-spring-data-compact+json || text/uri-list]}" onto public org.springframework.http.ResponseEntity<org.springframework.hateoas.ResourceSupport> org.springframework.data.rest.webmvc.RepositoryPropertyReferenceController.followPropertyReferenceCompact(org.springframework.data.rest.webmvc.RootResourceInformation,java.io.Serializable,java.lang.String,org.springframework.data.rest.webmvc.PersistentEntityResourceAssembler) throws java.lang.Exception
2018-03-31 21:09:49.458  INFO 16173 --- [           main] o.s.d.r.w.RepositoryRestHandlerMapping   : Mapped "{[/{repository}/{id}/{property}],methods=[PATCH || PUT || POST],consumes=[application/json || application/x-spring-data-compact+json || text/uri-list],produces=[application/hal+json || application/json]}" onto public org.springframework.http.ResponseEntity<? extends org.springframework.hateoas.ResourceSupport> org.springframework.data.rest.webmvc.RepositoryPropertyReferenceController.createPropertyReference(org.springframework.data.rest.webmvc.RootResourceInformation,org.springframework.http.HttpMethod,org.springframework.hateoas.Resources<java.lang.Object>,java.io.Serializable,java.lang.String) throws java.lang.Exception
2018-03-31 21:09:49.459  INFO 16173 --- [           main] o.s.d.r.w.RepositoryRestHandlerMapping   : Mapped "{[/{repository}/{id}/{property}/{propertyId}],methods=[DELETE],produces=[application/hal+json || application/json]}" onto public org.springframework.http.ResponseEntity<org.springframework.hateoas.ResourceSupport> org.springframework.data.rest.webmvc.RepositoryPropertyReferenceController.deletePropertyReferenceId(org.springframework.data.rest.webmvc.RootResourceInformation,java.io.Serializable,java.lang.String,java.lang.String) throws java.lang.Exception
2018-03-31 21:09:49.459  INFO 16173 --- [           main] o.s.d.r.w.RepositoryRestHandlerMapping   : Mapped "{[/{repository}/{id}/{property}],methods=[GET],produces=[application/hal+json || application/json]}" onto public org.springframework.http.ResponseEntity<org.springframework.hateoas.ResourceSupport> org.springframework.data.rest.webmvc.RepositoryPropertyReferenceController.followPropertyReference(org.springframework.data.rest.webmvc.RootResourceInformation,java.io.Serializable,java.lang.String,org.springframework.data.rest.webmvc.PersistentEntityResourceAssembler) throws java.lang.Exception
2018-03-31 21:09:49.460  INFO 16173 --- [           main] o.s.d.r.w.RepositoryRestHandlerMapping   : Mapped "{[/{repository}/{id}/{property}/{propertyId}],methods=[GET],produces=[application/hal+json || application/json]}" onto public org.springframework.http.ResponseEntity<org.springframework.hateoas.ResourceSupport> org.springframework.data.rest.webmvc.RepositoryPropertyReferenceController.followPropertyReference(org.springframework.data.rest.webmvc.RootResourceInformation,java.io.Serializable,java.lang.String,java.lang.String,org.springframework.data.rest.webmvc.PersistentEntityResourceAssembler) throws java.lang.Exception
2018-03-31 21:09:49.460  INFO 16173 --- [           main] o.s.d.r.w.RepositoryRestHandlerMapping   : Mapped "{[/{repository}/{id}/{property}],methods=[DELETE],produces=[application/hal+json || application/json]}" onto public org.springframework.http.ResponseEntity<? extends org.springframework.hateoas.ResourceSupport> org.springframework.data.rest.webmvc.RepositoryPropertyReferenceController.deletePropertyReference(org.springframework.data.rest.webmvc.RootResourceInformation,java.io.Serializable,java.lang.String) throws java.lang.Exception
2018-03-31 21:09:49.461  INFO 16173 --- [           main] o.s.d.r.w.RepositoryRestHandlerMapping   : Mapped "{[/{repository}/search/{search}],methods=[HEAD],produces=[application/hal+json || application/json]}" onto public org.springframework.http.ResponseEntity<java.lang.Object> org.springframework.data.rest.webmvc.RepositorySearchController.headForSearch(org.springframework.data.rest.webmvc.RootResourceInformation,java.lang.String)
2018-03-31 21:09:49.461  INFO 16173 --- [           main] o.s.d.r.w.RepositoryRestHandlerMapping   : Mapped "{[/{repository}/search/{search}],methods=[GET],produces=[application/hal+json || application/json]}" onto public org.springframework.http.ResponseEntity<?> org.springframework.data.rest.webmvc.RepositorySearchController.executeSearch(org.springframework.data.rest.webmvc.RootResourceInformation,org.springframework.util.MultiValueMap<java.lang.String, java.lang.Object>,java.lang.String,org.springframework.data.rest.webmvc.support.DefaultedPageable,org.springframework.data.domain.Sort,org.springframework.data.rest.webmvc.PersistentEntityResourceAssembler,org.springframework.http.HttpHeaders)
2018-03-31 21:09:49.461  INFO 16173 --- [           main] o.s.d.r.w.RepositoryRestHandlerMapping   : Mapped "{[/{repository}/search],methods=[GET],produces=[application/hal+json || application/json]}" onto public org.springframework.data.rest.webmvc.RepositorySearchesResource org.springframework.data.rest.webmvc.RepositorySearchController.listSearches(org.springframework.data.rest.webmvc.RootResourceInformation)
2018-03-31 21:09:49.461  INFO 16173 --- [           main] o.s.d.r.w.RepositoryRestHandlerMapping   : Mapped "{[/{repository}/search],methods=[HEAD],produces=[application/hal+json || application/json]}" onto public org.springframework.http.HttpEntity<?> org.springframework.data.rest.webmvc.RepositorySearchController.headForSearches(org.springframework.data.rest.webmvc.RootResourceInformation)
2018-03-31 21:09:49.461  INFO 16173 --- [           main] o.s.d.r.w.RepositoryRestHandlerMapping   : Mapped "{[/{repository}/search],methods=[OPTIONS],produces=[application/hal+json || application/json]}" onto public org.springframework.http.HttpEntity<?> org.springframework.data.rest.webmvc.RepositorySearchController.optionsForSearches(org.springframework.data.rest.webmvc.RootResourceInformation)
2018-03-31 21:09:49.462  INFO 16173 --- [           main] o.s.d.r.w.RepositoryRestHandlerMapping   : Mapped "{[/{repository}/search/{search}],methods=[GET],produces=[application/x-spring-data-compact+json]}" onto public org.springframework.hateoas.ResourceSupport org.springframework.data.rest.webmvc.RepositorySearchController.executeSearchCompact(org.springframework.data.rest.webmvc.RootResourceInformation,org.springframework.http.HttpHeaders,org.springframework.util.MultiValueMap<java.lang.String, java.lang.Object>,java.lang.String,java.lang.String,org.springframework.data.rest.webmvc.support.DefaultedPageable,org.springframework.data.domain.Sort,org.springframework.data.rest.webmvc.PersistentEntityResourceAssembler)
2018-03-31 21:09:49.462  INFO 16173 --- [           main] o.s.d.r.w.RepositoryRestHandlerMapping   : Mapped "{[/{repository}/search/{search}],methods=[OPTIONS],produces=[application/hal+json || application/json]}" onto public org.springframework.http.ResponseEntity<java.lang.Object> org.springframework.data.rest.webmvc.RepositorySearchController.optionsForSearch(org.springframework.data.rest.webmvc.RootResourceInformation,java.lang.String)
2018-03-31 21:09:49.462  INFO 16173 --- [           main] o.s.d.r.w.RepositoryRestHandlerMapping   : Mapped "{[/ || ],methods=[GET],produces=[application/hal+json || application/json]}" onto public org.springframework.http.HttpEntity<org.springframework.data.rest.webmvc.RepositoryLinksResource> org.springframework.data.rest.webmvc.RepositoryController.listRepositories()
2018-03-31 21:09:49.463  INFO 16173 --- [           main] o.s.d.r.w.RepositoryRestHandlerMapping   : Mapped "{[/ || ],methods=[OPTIONS],produces=[application/hal+json || application/json]}" onto public org.springframework.http.HttpEntity<?> org.springframework.data.rest.webmvc.RepositoryController.optionsForRepositories()
2018-03-31 21:09:49.463  INFO 16173 --- [           main] o.s.d.r.w.RepositoryRestHandlerMapping   : Mapped "{[/ || ],methods=[HEAD],produces=[application/hal+json || application/json]}" onto public org.springframework.http.ResponseEntity<?> org.springframework.data.rest.webmvc.RepositoryController.headForRepositories()
2018-03-31 21:09:49.464  INFO 16173 --- [           main] o.s.d.r.w.RepositoryRestHandlerMapping   : Mapped "{[/{repository}],methods=[GET],produces=[application/x-spring-data-compact+json || text/uri-list]}" onto public org.springframework.hateoas.Resources<?> org.springframework.data.rest.webmvc.RepositoryEntityController.getCollectionResourceCompact(org.springframework.data.rest.webmvc.RootResourceInformation,org.springframework.data.rest.webmvc.support.DefaultedPageable,org.springframework.data.domain.Sort,org.springframework.data.rest.webmvc.PersistentEntityResourceAssembler) throws org.springframework.data.rest.webmvc.ResourceNotFoundException,org.springframework.web.HttpRequestMethodNotSupportedException
2018-03-31 21:09:49.464  INFO 16173 --- [           main] o.s.d.r.w.RepositoryRestHandlerMapping   : Mapped "{[/{repository}],methods=[POST],produces=[application/hal+json || application/json]}" onto public org.springframework.http.ResponseEntity<org.springframework.hateoas.ResourceSupport> org.springframework.data.rest.webmvc.RepositoryEntityController.postCollectionResource(org.springframework.data.rest.webmvc.RootResourceInformation,org.springframework.data.rest.webmvc.PersistentEntityResource,org.springframework.data.rest.webmvc.PersistentEntityResourceAssembler,java.lang.String) throws org.springframework.web.HttpRequestMethodNotSupportedException
2018-03-31 21:09:49.464  INFO 16173 --- [           main] o.s.d.r.w.RepositoryRestHandlerMapping   : Mapped "{[/{repository}/{id}],methods=[OPTIONS],produces=[application/hal+json || application/json]}" onto public org.springframework.http.ResponseEntity<?> org.springframework.data.rest.webmvc.RepositoryEntityController.optionsForItemResource(org.springframework.data.rest.webmvc.RootResourceInformation)
2018-03-31 21:09:49.464  INFO 16173 --- [           main] o.s.d.r.w.RepositoryRestHandlerMapping   : Mapped "{[/{repository}/{id}],methods=[HEAD],produces=[application/hal+json || application/json]}" onto public org.springframework.http.ResponseEntity<?> org.springframework.data.rest.webmvc.RepositoryEntityController.headForItemResource(org.springframework.data.rest.webmvc.RootResourceInformation,java.io.Serializable,org.springframework.data.rest.webmvc.PersistentEntityResourceAssembler) throws org.springframework.web.HttpRequestMethodNotSupportedException
2018-03-31 21:09:49.465  INFO 16173 --- [           main] o.s.d.r.w.RepositoryRestHandlerMapping   : Mapped "{[/{repository}/{id}],methods=[GET],produces=[application/hal+json || application/json]}" onto public org.springframework.http.ResponseEntity<org.springframework.hateoas.Resource<?>> org.springframework.data.rest.webmvc.RepositoryEntityController.getItemResource(org.springframework.data.rest.webmvc.RootResourceInformation,java.io.Serializable,org.springframework.data.rest.webmvc.PersistentEntityResourceAssembler,org.springframework.http.HttpHeaders) throws org.springframework.web.HttpRequestMethodNotSupportedException
2018-03-31 21:09:49.465  INFO 16173 --- [           main] o.s.d.r.w.RepositoryRestHandlerMapping   : Mapped "{[/{repository}/{id}],methods=[PUT],produces=[application/hal+json || application/json]}" onto public org.springframework.http.ResponseEntity<? extends org.springframework.hateoas.ResourceSupport> org.springframework.data.rest.webmvc.RepositoryEntityController.putItemResource(org.springframework.data.rest.webmvc.RootResourceInformation,org.springframework.data.rest.webmvc.PersistentEntityResource,java.io.Serializable,org.springframework.data.rest.webmvc.PersistentEntityResourceAssembler,org.springframework.data.rest.webmvc.support.ETag,java.lang.String) throws org.springframework.web.HttpRequestMethodNotSupportedException
2018-03-31 21:09:49.465  INFO 16173 --- [           main] o.s.d.r.w.RepositoryRestHandlerMapping   : Mapped "{[/{repository}/{id}],methods=[PATCH],produces=[application/hal+json || application/json]}" onto public org.springframework.http.ResponseEntity<org.springframework.hateoas.ResourceSupport> org.springframework.data.rest.webmvc.RepositoryEntityController.patchItemResource(org.springframework.data.rest.webmvc.RootResourceInformation,org.springframework.data.rest.webmvc.PersistentEntityResource,java.io.Serializable,org.springframework.data.rest.webmvc.PersistentEntityResourceAssembler,org.springframework.data.rest.webmvc.support.ETag,java.lang.String) throws org.springframework.web.HttpRequestMethodNotSupportedException,org.springframework.data.rest.webmvc.ResourceNotFoundException
2018-03-31 21:09:49.465  INFO 16173 --- [           main] o.s.d.r.w.RepositoryRestHandlerMapping   : Mapped "{[/{repository}/{id}],methods=[DELETE],produces=[application/hal+json || application/json]}" onto public org.springframework.http.ResponseEntity<?> org.springframework.data.rest.webmvc.RepositoryEntityController.deleteItemResource(org.springframework.data.rest.webmvc.RootResourceInformation,java.io.Serializable,org.springframework.data.rest.webmvc.support.ETag) throws org.springframework.data.rest.webmvc.ResourceNotFoundException,org.springframework.web.HttpRequestMethodNotSupportedException
2018-03-31 21:09:49.465  INFO 16173 --- [           main] o.s.d.r.w.RepositoryRestHandlerMapping   : Mapped "{[/{repository}],methods=[OPTIONS],produces=[application/hal+json || application/json]}" onto public org.springframework.http.ResponseEntity<?> org.springframework.data.rest.webmvc.RepositoryEntityController.optionsForCollectionResource(org.springframework.data.rest.webmvc.RootResourceInformation)
2018-03-31 21:09:49.465  INFO 16173 --- [           main] o.s.d.r.w.RepositoryRestHandlerMapping   : Mapped "{[/{repository}],methods=[HEAD],produces=[application/hal+json || application/json]}" onto public org.springframework.http.ResponseEntity<?> org.springframework.data.rest.webmvc.RepositoryEntityController.headCollectionResource(org.springframework.data.rest.webmvc.RootResourceInformation,org.springframework.data.rest.webmvc.support.DefaultedPageable) throws org.springframework.web.HttpRequestMethodNotSupportedException
2018-03-31 21:09:49.466  INFO 16173 --- [           main] o.s.d.r.w.RepositoryRestHandlerMapping   : Mapped "{[/{repository}],methods=[GET],produces=[application/hal+json || application/json]}" onto public org.springframework.hateoas.Resources<?> org.springframework.data.rest.webmvc.RepositoryEntityController.getCollectionResource(org.springframework.data.rest.webmvc.RootResourceInformation,org.springframework.data.rest.webmvc.support.DefaultedPageable,org.springframework.data.domain.Sort,org.springframework.data.rest.webmvc.PersistentEntityResourceAssembler) throws org.springframework.data.rest.webmvc.ResourceNotFoundException,org.springframework.web.HttpRequestMethodNotSupportedException
2018-03-31 21:09:49.474  INFO 16173 --- [           main] o.s.d.r.w.BasePathAwareHandlerMapping    : Mapped "{[/profile/{repository}],methods=[OPTIONS],produces=[application/alps+json]}" onto org.springframework.http.HttpEntity<?> org.springframework.data.rest.webmvc.alps.AlpsController.alpsOptions()
2018-03-31 21:09:49.475  INFO 16173 --- [           main] o.s.d.r.w.BasePathAwareHandlerMapping    : Mapped "{[/profile/{repository}],methods=[GET],produces=[application/alps+json || */*]}" onto org.springframework.http.HttpEntity<org.springframework.data.rest.webmvc.RootResourceInformation> org.springframework.data.rest.webmvc.alps.AlpsController.descriptor(org.springframework.data.rest.webmvc.RootResourceInformation)
2018-03-31 21:09:49.475  INFO 16173 --- [           main] o.s.d.r.w.BasePathAwareHandlerMapping    : Mapped "{[/profile/{repository}],methods=[GET],produces=[application/schema+json]}" onto public org.springframework.http.HttpEntity<org.springframework.data.rest.webmvc.json.JsonSchema> org.springframework.data.rest.webmvc.RepositorySchemaController.schema(org.springframework.data.rest.webmvc.RootResourceInformation)
2018-03-31 21:09:49.475  INFO 16173 --- [           main] o.s.d.r.w.BasePathAwareHandlerMapping    : Mapped "{[/profile],methods=[OPTIONS]}" onto public org.springframework.http.HttpEntity<?> org.springframework.data.rest.webmvc.ProfileController.profileOptions()
2018-03-31 21:09:49.475  INFO 16173 --- [           main] o.s.d.r.w.BasePathAwareHandlerMapping    : Mapped "{[/profile],methods=[GET]}" onto org.springframework.http.HttpEntity<org.springframework.hateoas.ResourceSupport> org.springframework.data.rest.webmvc.ProfileController.listAllFormsOfMetadata()
2018-03-31 21:09:49.629  INFO 16173 --- [           main] o.h.h.i.QueryTranslatorFactoryInitiator  : HHH000397: Using ASTQueryTranslatorFactory
2018-03-31 21:09:49.729  INFO 16173 --- [           main] edu.harvard.h2ms.web.init.OAuthTest      : Started OAuthTest in 2.503 seconds (JVM running for 23.664)
2018-03-31 21:09:49.738  INFO 16173 --- [           main] o.s.b.t.m.w.SpringBootMockServletContext : Initializing Spring FrameworkServlet ''
2018-03-31 21:09:49.738  INFO 16173 --- [           main] o.s.t.web.servlet.TestDispatcherServlet  : FrameworkServlet '': initialization started
2018-03-31 21:09:49.757  INFO 16173 --- [           main] o.s.t.web.servlet.TestDispatcherServlet  : FrameworkServlet '': initialization completed in 19 ms
2018-03-31 21:09:49.869  INFO 16173 --- [           main] o.s.w.c.s.GenericWebApplicationContext   : Closing org.springframework.web.context.support.GenericWebApplicationContext@3b5f3ffb: startup date [Sat Mar 31 21:09:47 EDT 2018]; root of context hierarchy
2018-03-31 21:09:49.872  INFO 16173 --- [           main] j.LocalContainerEntityManagerFactoryBean : Closing JPA EntityManagerFactory for persistence unit 'default'
2018-03-31 21:09:49.872  INFO 16173 --- [           main] org.hibernate.tool.hbm2ddl.SchemaExport  : HHH000227: Running hbm2ddl schema export
2018-03-31 21:09:49.877  INFO 16173 --- [           main] org.hibernate.tool.hbm2ddl.SchemaExport  : HHH000230: Schema export complete

  .   ____          _            __ _ _
 /\\ / ___'_ __ _ _(_)_ __  __ _ \ \ \ \
( ( )\___ | '_ | '_| | '_ \/ _` | \ \ \ \
 \\/  ___)| |_)| | | | | || (_| |  ) ) ) )
  '  |____| .__|_| |_|_| |_\__, | / / / /
 =========|_|==============|___/=/_/_/_/
 :: Spring Boot ::       (v1.5.10.RELEASE)

2018-03-31 21:09:50.080  INFO 16173 --- [           main] edu.harvard.h2ms.web.init.OAuthTest      : Starting OAuthTest on ancient.bitbin.de with PID 16173 (started by stbenjam in /home/stbenjam/git/h2ms)
2018-03-31 21:09:50.080  INFO 16173 --- [           main] edu.harvard.h2ms.web.init.OAuthTest      : No active profile set, falling back to default profiles: default
2018-03-31 21:09:50.082  INFO 16173 --- [           main] o.s.w.c.s.GenericWebApplicationContext   : Refreshing org.springframework.web.context.support.GenericWebApplicationContext@747348f1: startup date [Sat Mar 31 21:09:50 EDT 2018]; root of context hierarchy
2018-03-31 21:09:50.139  INFO 16173 --- [           main] o.s.c.a.ConfigurationClassParser         : Properties location [classpath:mailserver.properties] not resolvable: class path resource [mailserver.properties] cannot be opened because it does not exist
2018-03-31 21:09:50.357  INFO 16173 --- [           main] o.s.b.f.s.DefaultListableBeanFactory     : Overriding bean definition for bean 'httpRequestHandlerAdapter' with a different definition: replacing [Root bean: class [null]; scope=; abstract=false; lazyInit=false; autowireMode=3; dependencyCheck=0; autowireCandidate=true; primary=false; factoryBeanName=org.springframework.boot.autoconfigure.web.WebMvcAutoConfiguration$EnableWebMvcConfiguration; factoryMethodName=httpRequestHandlerAdapter; initMethodName=null; destroyMethodName=(inferred); defined in class path resource [org/springframework/boot/autoconfigure/web/WebMvcAutoConfiguration$EnableWebMvcConfiguration.class]] with [Root bean: class [null]; scope=; abstract=false; lazyInit=false; autowireMode=3; dependencyCheck=0; autowireCandidate=true; primary=false; factoryBeanName=org.springframework.data.rest.webmvc.config.RepositoryRestMvcConfiguration; factoryMethodName=httpRequestHandlerAdapter; initMethodName=null; destroyMethodName=(inferred); defined in class path resource [org/springframework/data/rest/webmvc/config/RepositoryRestMvcConfiguration.class]]
2018-03-31 21:09:50.495  INFO 16173 --- [           main] trationDelegate$BeanPostProcessorChecker : Bean 'org.springframework.transaction.annotation.ProxyTransactionManagementConfiguration' of type [org.springframework.transaction.annotation.ProxyTransactionManagementConfiguration$$EnhancerBySpringCGLIB$$225ecc1d] is not eligible for getting processed by all BeanPostProcessors (for example: not eligible for auto-proxying)
2018-03-31 21:09:50.518  INFO 16173 --- [           main] trationDelegate$BeanPostProcessorChecker : Bean 'org.springframework.security.config.annotation.configuration.ObjectPostProcessorConfiguration' of type [org.springframework.security.config.annotation.configuration.ObjectPostProcessorConfiguration$$EnhancerBySpringCGLIB$$bb0c9457] is not eligible for getting processed by all BeanPostProcessors (for example: not eligible for auto-proxying)
2018-03-31 21:09:50.526  INFO 16173 --- [           main] trationDelegate$BeanPostProcessorChecker : Bean 'objectPostProcessor' of type [org.springframework.security.config.annotation.configuration.AutowireBeanFactoryObjectPostProcessor] is not eligible for getting processed by all BeanPostProcessors (for example: not eligible for auto-proxying)
2018-03-31 21:09:50.529  INFO 16173 --- [           main] trationDelegate$BeanPostProcessorChecker : Bean 'org.springframework.security.access.expression.method.DefaultMethodSecurityExpressionHandler@61c3d248' of type [org.springframework.security.oauth2.provider.expression.OAuth2MethodSecurityExpressionHandler] is not eligible for getting processed by all BeanPostProcessors (for example: not eligible for auto-proxying)
2018-03-31 21:09:50.548  INFO 16173 --- [           main] trationDelegate$BeanPostProcessorChecker : Bean 'org.springframework.security.config.annotation.method.configuration.GlobalMethodSecurityConfiguration' of type [org.springframework.security.config.annotation.method.configuration.GlobalMethodSecurityConfiguration$$EnhancerBySpringCGLIB$$dfe13709] is not eligible for getting processed by all BeanPostProcessors (for example: not eligible for auto-proxying)
2018-03-31 21:09:50.552  INFO 16173 --- [           main] trationDelegate$BeanPostProcessorChecker : Bean 'methodSecurityMetadataSource' of type [org.springframework.security.access.method.DelegatingMethodSecurityMetadataSource] is not eligible for getting processed by all BeanPostProcessors (for example: not eligible for auto-proxying)
2018-03-31 21:09:50.577  INFO 16173 --- [           main] trationDelegate$BeanPostProcessorChecker : Bean 'security.oauth2.client-org.springframework.boot.autoconfigure.security.oauth2.OAuth2ClientProperties' of type [org.springframework.boot.autoconfigure.security.oauth2.OAuth2ClientProperties] is not eligible for getting processed by all BeanPostProcessors (for example: not eligible for auto-proxying)
2018-03-31 21:09:50.586  INFO 16173 --- [           main] trationDelegate$BeanPostProcessorChecker : Bean 'org.springframework.boot.autoconfigure.security.oauth2.OAuth2AutoConfiguration' of type [org.springframework.boot.autoconfigure.security.oauth2.OAuth2AutoConfiguration$$EnhancerBySpringCGLIB$$d9a8881d] is not eligible for getting processed by all BeanPostProcessors (for example: not eligible for auto-proxying)
2018-03-31 21:09:50.601  INFO 16173 --- [           main] trationDelegate$BeanPostProcessorChecker : Bean 'resourceServerProperties' of type [org.springframework.boot.autoconfigure.security.oauth2.resource.ResourceServerProperties] is not eligible for getting processed by all BeanPostProcessors (for example: not eligible for auto-proxying)
2018-03-31 21:09:50.788  INFO 16173 --- [           main] j.LocalContainerEntityManagerFactoryBean : Building JPA container EntityManagerFactory for persistence unit 'default'
2018-03-31 21:09:50.788  INFO 16173 --- [           main] o.hibernate.jpa.internal.util.LogHelper  : HHH000204: Processing PersistenceUnitInfo [
	name: default
	...]
2018-03-31 21:09:50.793  INFO 16173 --- [           main] org.hibernate.dialect.Dialect            : HHH000400: Using dialect: org.hibernate.dialect.H2Dialect
2018-03-31 21:09:50.878  INFO 16173 --- [           main] org.hibernate.tool.hbm2ddl.SchemaExport  : HHH000227: Running hbm2ddl schema export
2018-03-31 21:09:50.904  INFO 16173 --- [           main] org.hibernate.tool.hbm2ddl.SchemaExport  : HHH000230: Schema export complete
2018-03-31 21:09:50.921  WARN 16173 --- [           main] o.h.j.i.EntityManagerFactoryRegistry     : HHH000436: Entity manager factory name (default) is already registered.  If entity manager will be clustered or passivated, specify a unique value for property 'hibernate.ejb.entitymanager_factory_name'
2018-03-31 21:09:50.921  INFO 16173 --- [           main] j.LocalContainerEntityManagerFactoryBean : Initialized JPA EntityManagerFactory for persistence unit 'default'
2018-03-31 21:09:51.599  INFO 16173 --- [           main] .s.o.p.e.FrameworkEndpointHandlerMapping : Mapped "{[/oauth/authorize]}" onto public org.springframework.web.servlet.ModelAndView org.springframework.security.oauth2.provider.endpoint.AuthorizationEndpoint.authorize(java.util.Map<java.lang.String, java.lang.Object>,java.util.Map<java.lang.String, java.lang.String>,org.springframework.web.bind.support.SessionStatus,java.security.Principal)
2018-03-31 21:09:51.600  INFO 16173 --- [           main] .s.o.p.e.FrameworkEndpointHandlerMapping : Mapped "{[/oauth/authorize],methods=[POST],params=[user_oauth_approval]}" onto public org.springframework.web.servlet.View org.springframework.security.oauth2.provider.endpoint.AuthorizationEndpoint.approveOrDeny(java.util.Map<java.lang.String, java.lang.String>,java.util.Map<java.lang.String, ?>,org.springframework.web.bind.support.SessionStatus,java.security.Principal)
2018-03-31 21:09:51.600  INFO 16173 --- [           main] .s.o.p.e.FrameworkEndpointHandlerMapping : Mapped "{[/oauth/token],methods=[GET]}" onto public org.springframework.http.ResponseEntity<org.springframework.security.oauth2.common.OAuth2AccessToken> org.springframework.security.oauth2.provider.endpoint.TokenEndpoint.getAccessToken(java.security.Principal,java.util.Map<java.lang.String, java.lang.String>) throws org.springframework.web.HttpRequestMethodNotSupportedException
2018-03-31 21:09:51.600  INFO 16173 --- [           main] .s.o.p.e.FrameworkEndpointHandlerMapping : Mapped "{[/oauth/token],methods=[POST]}" onto public org.springframework.http.ResponseEntity<org.springframework.security.oauth2.common.OAuth2AccessToken> org.springframework.security.oauth2.provider.endpoint.TokenEndpoint.postAccessToken(java.security.Principal,java.util.Map<java.lang.String, java.lang.String>) throws org.springframework.web.HttpRequestMethodNotSupportedException
2018-03-31 21:09:51.600  INFO 16173 --- [           main] .s.o.p.e.FrameworkEndpointHandlerMapping : Mapped "{[/oauth/check_token]}" onto public java.util.Map<java.lang.String, ?> org.springframework.security.oauth2.provider.endpoint.CheckTokenEndpoint.checkToken(java.lang.String)
2018-03-31 21:09:51.601  INFO 16173 --- [           main] .s.o.p.e.FrameworkEndpointHandlerMapping : Mapped "{[/oauth/confirm_access]}" onto public org.springframework.web.servlet.ModelAndView org.springframework.security.oauth2.provider.endpoint.WhitelabelApprovalEndpoint.getAccessConfirmation(java.util.Map<java.lang.String, java.lang.Object>,javax.servlet.http.HttpServletRequest) throws java.lang.Exception
2018-03-31 21:09:51.601  INFO 16173 --- [           main] .s.o.p.e.FrameworkEndpointHandlerMapping : Mapped "{[/oauth/error]}" onto public org.springframework.web.servlet.ModelAndView org.springframework.security.oauth2.provider.endpoint.WhitelabelErrorEndpoint.handleError(javax.servlet.http.HttpServletRequest)
2018-03-31 21:09:51.859  INFO 16173 --- [           main] o.s.s.web.DefaultSecurityFilterChain     : Creating filter chain: Ant [pattern='/'], []
2018-03-31 21:09:51.860  INFO 16173 --- [           main] o.s.s.web.DefaultSecurityFilterChain     : Creating filter chain: Ant [pattern='/login'], []
2018-03-31 21:09:51.860  INFO 16173 --- [           main] o.s.s.web.DefaultSecurityFilterChain     : Creating filter chain: Ant [pattern='/webjars/**'], []
2018-03-31 21:09:51.860  INFO 16173 --- [           main] o.s.s.web.DefaultSecurityFilterChain     : Creating filter chain: Ant [pattern='/api/passwords/**'], []
2018-03-31 21:09:51.860  INFO 16173 --- [           main] o.s.s.web.DefaultSecurityFilterChain     : Creating filter chain: Ant [pattern='/swagger-resources'], []
2018-03-31 21:09:51.860  INFO 16173 --- [           main] o.s.s.web.DefaultSecurityFilterChain     : Creating filter chain: Ant [pattern='/swagger-resources/**'], []
2018-03-31 21:09:51.860  INFO 16173 --- [           main] o.s.s.web.DefaultSecurityFilterChain     : Creating filter chain: Ant [pattern='/swagger-ui.html'], []
2018-03-31 21:09:51.860  INFO 16173 --- [           main] o.s.s.web.DefaultSecurityFilterChain     : Creating filter chain: Ant [pattern='/v2/api-docs'], []
2018-03-31 21:09:51.860  INFO 16173 --- [           main] o.s.s.web.DefaultSecurityFilterChain     : Creating filter chain: Ant [pattern='/**', OPTIONS], []
2018-03-31 21:09:51.944  INFO 16173 --- [           main] o.s.s.web.DefaultSecurityFilterChain     : Creating filter chain: OrRequestMatcher [requestMatchers=[Ant [pattern='/oauth/token'], Ant [pattern='/oauth/token_key'], Ant [pattern='/oauth/check_token']]], [org.springframework.security.web.context.request.async.WebAsyncManagerIntegrationFilter@8658ba9, org.springframework.security.web.context.SecurityContextPersistenceFilter@6eae9895, org.springframework.security.web.header.HeaderWriterFilter@474e0ab4, org.springframework.security.web.authentication.logout.LogoutFilter@6d5f8cef, org.springframework.security.web.authentication.www.BasicAuthenticationFilter@5a5be2f6, org.springframework.security.web.savedrequest.RequestCacheAwareFilter@6c4c4df8, org.springframework.security.web.servletapi.SecurityContextHolderAwareRequestFilter@5be0e16f, org.springframework.security.web.authentication.AnonymousAuthenticationFilter@1a4f91ad, org.springframework.security.web.session.SessionManagementFilter@19b5f793, org.springframework.security.web.access.ExceptionTranslationFilter@27a4a890, org.springframework.security.web.access.intercept.FilterSecurityInterceptor@57d6d605]
2018-03-31 21:09:51.956  INFO 16173 --- [           main] o.s.s.web.DefaultSecurityFilterChain     : Creating filter chain: org.springframework.security.oauth2.config.annotation.web.configuration.ResourceServerConfiguration$NotOAuthRequestMatcher@49652431, [org.springframework.security.web.context.request.async.WebAsyncManagerIntegrationFilter@7ac397d6, org.springframework.security.web.context.SecurityContextPersistenceFilter@600c5acf, org.springframework.security.web.header.HeaderWriterFilter@44e0a1ce, org.springframework.security.web.authentication.logout.LogoutFilter@7bcbc143, org.springframework.security.oauth2.provider.authentication.OAuth2AuthenticationProcessingFilter@10aefe90, org.springframework.security.web.savedrequest.RequestCacheAwareFilter@a64ca7f, org.springframework.security.web.servletapi.SecurityContextHolderAwareRequestFilter@4b4be42c, org.springframework.security.web.authentication.AnonymousAuthenticationFilter@3ec69823, org.springframework.security.web.session.SessionManagementFilter@3650cc1a, org.springframework.security.web.access.ExceptionTranslationFilter@71b3763f, org.springframework.security.web.access.intercept.FilterSecurityInterceptor@2e581514]
2018-03-31 21:09:51.956  INFO 16173 --- [           main] o.s.s.web.DefaultSecurityFilterChain     : Creating filter chain: org.springframework.security.web.util.matcher.AnyRequestMatcher@1, [org.springframework.security.web.access.intercept.FilterSecurityInterceptor@4a767290]
2018-03-31 21:09:52.237  INFO 16173 --- [           main] s.w.s.m.m.a.RequestMappingHandlerAdapter : Looking for @ControllerAdvice: org.springframework.web.context.support.GenericWebApplicationContext@747348f1: startup date [Sat Mar 31 21:09:50 EDT 2018]; root of context hierarchy
2018-03-31 21:09:52.290  INFO 16173 --- [           main] s.w.s.m.m.a.RequestMappingHandlerMapping : Mapped "{[/events/compliance/{questionId}/{timeframe}],methods=[GET]}" onto public org.springframework.http.ResponseEntity<?> edu.harvard.h2ms.web.controller.EventController.findComplianceByTimeframe(java.lang.String,java.lang.Long)
2018-03-31 21:09:52.290  INFO 16173 --- [           main] s.w.s.m.m.a.RequestMappingHandlerMapping : Mapped "{[/events/count/{timeframe}],methods=[GET]}" onto public org.springframework.http.ResponseEntity<?> edu.harvard.h2ms.web.controller.EventController.findEventCountByTimeframe(java.lang.String)
2018-03-31 21:09:52.291  INFO 16173 --- [           main] s.w.s.m.m.a.RequestMappingHandlerMapping : Mapped "{[/api/passwords/reset/{email:.+}],methods=[GET]}" onto public org.springframework.http.ResponseEntity<java.lang.Object> edu.harvard.h2ms.web.controller.PasswordController.getPasswordResetToken(java.lang.String)
2018-03-31 21:09:52.291  INFO 16173 --- [           main] s.w.s.m.m.a.RequestMappingHandlerMapping : Mapped "{[/api/passwords/reset/token],methods=[POST]}" onto public org.springframework.http.ResponseEntity<java.lang.Object> edu.harvard.h2ms.web.controller.PasswordController.resetPasswordViaToken(java.util.Map<java.lang.String, java.lang.String>)
2018-03-31 21:09:52.292  INFO 16173 --- [           main] s.w.s.m.m.a.RequestMappingHandlerMapping : Mapped "{[/users/avgWashed],methods=[GET]}" onto public java.util.Map<java.lang.String, java.lang.Double> edu.harvard.h2ms.web.controller.UserController.findAvgWashCompliance()
2018-03-31 21:09:52.293  INFO 16173 --- [           main] s.w.s.m.m.a.RequestMappingHandlerMapping : Mapped "{[/error],produces=[text/html]}" onto public org.springframework.web.servlet.ModelAndView org.springframework.boot.autoconfigure.web.BasicErrorController.errorHtml(javax.servlet.http.HttpServletRequest,javax.servlet.http.HttpServletResponse)
2018-03-31 21:09:52.294  INFO 16173 --- [           main] s.w.s.m.m.a.RequestMappingHandlerMapping : Mapped "{[/error]}" onto public org.springframework.http.ResponseEntity<java.util.Map<java.lang.String, java.lang.Object>> org.springframework.boot.autoconfigure.web.BasicErrorController.error(javax.servlet.http.HttpServletRequest)
2018-03-31 21:09:52.362  INFO 16173 --- [           main] o.s.w.s.handler.SimpleUrlHandlerMapping  : Mapped URL path [/webjars/**] onto handler of type [class org.springframework.web.servlet.resource.ResourceHttpRequestHandler]
2018-03-31 21:09:52.363  INFO 16173 --- [           main] o.s.w.s.handler.SimpleUrlHandlerMapping  : Mapped URL path [/**] onto handler of type [class org.springframework.web.servlet.resource.ResourceHttpRequestHandler]
2018-03-31 21:09:52.389  INFO 16173 --- [           main] .m.m.a.ExceptionHandlerExceptionResolver : Detected @ExceptionHandler methods in exceptionHandlingController
2018-03-31 21:09:52.390  INFO 16173 --- [           main] .m.m.a.ExceptionHandlerExceptionResolver : Detected @ExceptionHandler methods in repositoryRestExceptionHandler
2018-03-31 21:09:52.479  INFO 16173 --- [           main] o.s.w.s.handler.SimpleUrlHandlerMapping  : Mapped URL path [/**/favicon.ico] onto handler of type [class org.springframework.web.servlet.resource.ResourceHttpRequestHandler]
2018-03-31 21:09:52.530  WARN 16173 --- [           main] .t.AbstractTemplateResolverConfiguration : Cannot find template location: classpath:/templates/ (please add some templates or check your Thymeleaf configuration)
2018-03-31 21:09:52.691  INFO 16173 --- [           main] o.s.d.r.w.RepositoryRestHandlerAdapter   : Looking for @ControllerAdvice: org.springframework.web.context.support.GenericWebApplicationContext@747348f1: startup date [Sat Mar 31 21:09:50 EDT 2018]; root of context hierarchy
2018-03-31 21:09:52.733  INFO 16173 --- [           main] o.s.d.r.w.RepositoryRestHandlerMapping   : Mapped "{[/{repository}/{id}/{property}],methods=[GET],produces=[application/x-spring-data-compact+json || text/uri-list]}" onto public org.springframework.http.ResponseEntity<org.springframework.hateoas.ResourceSupport> org.springframework.data.rest.webmvc.RepositoryPropertyReferenceController.followPropertyReferenceCompact(org.springframework.data.rest.webmvc.RootResourceInformation,java.io.Serializable,java.lang.String,org.springframework.data.rest.webmvc.PersistentEntityResourceAssembler) throws java.lang.Exception
2018-03-31 21:09:52.734  INFO 16173 --- [           main] o.s.d.r.w.RepositoryRestHandlerMapping   : Mapped "{[/{repository}/{id}/{property}],methods=[PATCH || PUT || POST],consumes=[application/json || application/x-spring-data-compact+json || text/uri-list],produces=[application/hal+json || application/json]}" onto public org.springframework.http.ResponseEntity<? extends org.springframework.hateoas.ResourceSupport> org.springframework.data.rest.webmvc.RepositoryPropertyReferenceController.createPropertyReference(org.springframework.data.rest.webmvc.RootResourceInformation,org.springframework.http.HttpMethod,org.springframework.hateoas.Resources<java.lang.Object>,java.io.Serializable,java.lang.String) throws java.lang.Exception
2018-03-31 21:09:52.734  INFO 16173 --- [           main] o.s.d.r.w.RepositoryRestHandlerMapping   : Mapped "{[/{repository}/{id}/{property}/{propertyId}],methods=[DELETE],produces=[application/hal+json || application/json]}" onto public org.springframework.http.ResponseEntity<org.springframework.hateoas.ResourceSupport> org.springframework.data.rest.webmvc.RepositoryPropertyReferenceController.deletePropertyReferenceId(org.springframework.data.rest.webmvc.RootResourceInformation,java.io.Serializable,java.lang.String,java.lang.String) throws java.lang.Exception
2018-03-31 21:09:52.734  INFO 16173 --- [           main] o.s.d.r.w.RepositoryRestHandlerMapping   : Mapped "{[/{repository}/{id}/{property}],methods=[GET],produces=[application/hal+json || application/json]}" onto public org.springframework.http.ResponseEntity<org.springframework.hateoas.ResourceSupport> org.springframework.data.rest.webmvc.RepositoryPropertyReferenceController.followPropertyReference(org.springframework.data.rest.webmvc.RootResourceInformation,java.io.Serializable,java.lang.String,org.springframework.data.rest.webmvc.PersistentEntityResourceAssembler) throws java.lang.Exception
2018-03-31 21:09:52.734  INFO 16173 --- [           main] o.s.d.r.w.RepositoryRestHandlerMapping   : Mapped "{[/{repository}/{id}/{property}/{propertyId}],methods=[GET],produces=[application/hal+json || application/json]}" onto public org.springframework.http.ResponseEntity<org.springframework.hateoas.ResourceSupport> org.springframework.data.rest.webmvc.RepositoryPropertyReferenceController.followPropertyReference(org.springframework.data.rest.webmvc.RootResourceInformation,java.io.Serializable,java.lang.String,java.lang.String,org.springframework.data.rest.webmvc.PersistentEntityResourceAssembler) throws java.lang.Exception
2018-03-31 21:09:52.734  INFO 16173 --- [           main] o.s.d.r.w.RepositoryRestHandlerMapping   : Mapped "{[/{repository}/{id}/{property}],methods=[DELETE],produces=[application/hal+json || application/json]}" onto public org.springframework.http.ResponseEntity<? extends org.springframework.hateoas.ResourceSupport> org.springframework.data.rest.webmvc.RepositoryPropertyReferenceController.deletePropertyReference(org.springframework.data.rest.webmvc.RootResourceInformation,java.io.Serializable,java.lang.String) throws java.lang.Exception
2018-03-31 21:09:52.735  INFO 16173 --- [           main] o.s.d.r.w.RepositoryRestHandlerMapping   : Mapped "{[/{repository}/search/{search}],methods=[HEAD],produces=[application/hal+json || application/json]}" onto public org.springframework.http.ResponseEntity<java.lang.Object> org.springframework.data.rest.webmvc.RepositorySearchController.headForSearch(org.springframework.data.rest.webmvc.RootResourceInformation,java.lang.String)
2018-03-31 21:09:52.736  INFO 16173 --- [           main] o.s.d.r.w.RepositoryRestHandlerMapping   : Mapped "{[/{repository}/search/{search}],methods=[GET],produces=[application/hal+json || application/json]}" onto public org.springframework.http.ResponseEntity<?> org.springframework.data.rest.webmvc.RepositorySearchController.executeSearch(org.springframework.data.rest.webmvc.RootResourceInformation,org.springframework.util.MultiValueMap<java.lang.String, java.lang.Object>,java.lang.String,org.springframework.data.rest.webmvc.support.DefaultedPageable,org.springframework.data.domain.Sort,org.springframework.data.rest.webmvc.PersistentEntityResourceAssembler,org.springframework.http.HttpHeaders)
2018-03-31 21:09:52.736  INFO 16173 --- [           main] o.s.d.r.w.RepositoryRestHandlerMapping   : Mapped "{[/{repository}/search],methods=[GET],produces=[application/hal+json || application/json]}" onto public org.springframework.data.rest.webmvc.RepositorySearchesResource org.springframework.data.rest.webmvc.RepositorySearchController.listSearches(org.springframework.data.rest.webmvc.RootResourceInformation)
2018-03-31 21:09:52.736  INFO 16173 --- [           main] o.s.d.r.w.RepositoryRestHandlerMapping   : Mapped "{[/{repository}/search],methods=[HEAD],produces=[application/hal+json || application/json]}" onto public org.springframework.http.HttpEntity<?> org.springframework.data.rest.webmvc.RepositorySearchController.headForSearches(org.springframework.data.rest.webmvc.RootResourceInformation)
2018-03-31 21:09:52.736  INFO 16173 --- [           main] o.s.d.r.w.RepositoryRestHandlerMapping   : Mapped "{[/{repository}/search],methods=[OPTIONS],produces=[application/hal+json || application/json]}" onto public org.springframework.http.HttpEntity<?> org.springframework.data.rest.webmvc.RepositorySearchController.optionsForSearches(org.springframework.data.rest.webmvc.RootResourceInformation)
2018-03-31 21:09:52.736  INFO 16173 --- [           main] o.s.d.r.w.RepositoryRestHandlerMapping   : Mapped "{[/{repository}/search/{search}],methods=[GET],produces=[application/x-spring-data-compact+json]}" onto public org.springframework.hateoas.ResourceSupport org.springframework.data.rest.webmvc.RepositorySearchController.executeSearchCompact(org.springframework.data.rest.webmvc.RootResourceInformation,org.springframework.http.HttpHeaders,org.springframework.util.MultiValueMap<java.lang.String, java.lang.Object>,java.lang.String,java.lang.String,org.springframework.data.rest.webmvc.support.DefaultedPageable,org.springframework.data.domain.Sort,org.springframework.data.rest.webmvc.PersistentEntityResourceAssembler)
2018-03-31 21:09:52.737  INFO 16173 --- [           main] o.s.d.r.w.RepositoryRestHandlerMapping   : Mapped "{[/{repository}/search/{search}],methods=[OPTIONS],produces=[application/hal+json || application/json]}" onto public org.springframework.http.ResponseEntity<java.lang.Object> org.springframework.data.rest.webmvc.RepositorySearchController.optionsForSearch(org.springframework.data.rest.webmvc.RootResourceInformation,java.lang.String)
2018-03-31 21:09:52.737  INFO 16173 --- [           main] o.s.d.r.w.RepositoryRestHandlerMapping   : Mapped "{[/ || ],methods=[GET],produces=[application/hal+json || application/json]}" onto public org.springframework.http.HttpEntity<org.springframework.data.rest.webmvc.RepositoryLinksResource> org.springframework.data.rest.webmvc.RepositoryController.listRepositories()
2018-03-31 21:09:52.737  INFO 16173 --- [           main] o.s.d.r.w.RepositoryRestHandlerMapping   : Mapped "{[/ || ],methods=[OPTIONS],produces=[application/hal+json || application/json]}" onto public org.springframework.http.HttpEntity<?> org.springframework.data.rest.webmvc.RepositoryController.optionsForRepositories()
2018-03-31 21:09:52.738  INFO 16173 --- [           main] o.s.d.r.w.RepositoryRestHandlerMapping   : Mapped "{[/ || ],methods=[HEAD],produces=[application/hal+json || application/json]}" onto public org.springframework.http.ResponseEntity<?> org.springframework.data.rest.webmvc.RepositoryController.headForRepositories()
2018-03-31 21:09:52.738  INFO 16173 --- [           main] o.s.d.r.w.RepositoryRestHandlerMapping   : Mapped "{[/{repository}],methods=[GET],produces=[application/x-spring-data-compact+json || text/uri-list]}" onto public org.springframework.hateoas.Resources<?> org.springframework.data.rest.webmvc.RepositoryEntityController.getCollectionResourceCompact(org.springframework.data.rest.webmvc.RootResourceInformation,org.springframework.data.rest.webmvc.support.DefaultedPageable,org.springframework.data.domain.Sort,org.springframework.data.rest.webmvc.PersistentEntityResourceAssembler) throws org.springframework.data.rest.webmvc.ResourceNotFoundException,org.springframework.web.HttpRequestMethodNotSupportedException
2018-03-31 21:09:52.739  INFO 16173 --- [           main] o.s.d.r.w.RepositoryRestHandlerMapping   : Mapped "{[/{repository}],methods=[POST],produces=[application/hal+json || application/json]}" onto public org.springframework.http.ResponseEntity<org.springframework.hateoas.ResourceSupport> org.springframework.data.rest.webmvc.RepositoryEntityController.postCollectionResource(org.springframework.data.rest.webmvc.RootResourceInformation,org.springframework.data.rest.webmvc.PersistentEntityResource,org.springframework.data.rest.webmvc.PersistentEntityResourceAssembler,java.lang.String) throws org.springframework.web.HttpRequestMethodNotSupportedException
2018-03-31 21:09:52.739  INFO 16173 --- [           main] o.s.d.r.w.RepositoryRestHandlerMapping   : Mapped "{[/{repository}/{id}],methods=[OPTIONS],produces=[application/hal+json || application/json]}" onto public org.springframework.http.ResponseEntity<?> org.springframework.data.rest.webmvc.RepositoryEntityController.optionsForItemResource(org.springframework.data.rest.webmvc.RootResourceInformation)
2018-03-31 21:09:52.739  INFO 16173 --- [           main] o.s.d.r.w.RepositoryRestHandlerMapping   : Mapped "{[/{repository}/{id}],methods=[HEAD],produces=[application/hal+json || application/json]}" onto public org.springframework.http.ResponseEntity<?> org.springframework.data.rest.webmvc.RepositoryEntityController.headForItemResource(org.springframework.data.rest.webmvc.RootResourceInformation,java.io.Serializable,org.springframework.data.rest.webmvc.PersistentEntityResourceAssembler) throws org.springframework.web.HttpRequestMethodNotSupportedException
2018-03-31 21:09:52.740  INFO 16173 --- [           main] o.s.d.r.w.RepositoryRestHandlerMapping   : Mapped "{[/{repository}/{id}],methods=[GET],produces=[application/hal+json || application/json]}" onto public org.springframework.http.ResponseEntity<org.springframework.hateoas.Resource<?>> org.springframework.data.rest.webmvc.RepositoryEntityController.getItemResource(org.springframework.data.rest.webmvc.RootResourceInformation,java.io.Serializable,org.springframework.data.rest.webmvc.PersistentEntityResourceAssembler,org.springframework.http.HttpHeaders) throws org.springframework.web.HttpRequestMethodNotSupportedException
2018-03-31 21:09:52.740  INFO 16173 --- [           main] o.s.d.r.w.RepositoryRestHandlerMapping   : Mapped "{[/{repository}/{id}],methods=[PUT],produces=[application/hal+json || application/json]}" onto public org.springframework.http.ResponseEntity<? extends org.springframework.hateoas.ResourceSupport> org.springframework.data.rest.webmvc.RepositoryEntityController.putItemResource(org.springframework.data.rest.webmvc.RootResourceInformation,org.springframework.data.rest.webmvc.PersistentEntityResource,java.io.Serializable,org.springframework.data.rest.webmvc.PersistentEntityResourceAssembler,org.springframework.data.rest.webmvc.support.ETag,java.lang.String) throws org.springframework.web.HttpRequestMethodNotSupportedException
2018-03-31 21:09:52.740  INFO 16173 --- [           main] o.s.d.r.w.RepositoryRestHandlerMapping   : Mapped "{[/{repository}/{id}],methods=[PATCH],produces=[application/hal+json || application/json]}" onto public org.springframework.http.ResponseEntity<org.springframework.hateoas.ResourceSupport> org.springframework.data.rest.webmvc.RepositoryEntityController.patchItemResource(org.springframework.data.rest.webmvc.RootResourceInformation,org.springframework.data.rest.webmvc.PersistentEntityResource,java.io.Serializable,org.springframework.data.rest.webmvc.PersistentEntityResourceAssembler,org.springframework.data.rest.webmvc.support.ETag,java.lang.String) throws org.springframework.web.HttpRequestMethodNotSupportedException,org.springframework.data.rest.webmvc.ResourceNotFoundException
2018-03-31 21:09:52.741  INFO 16173 --- [           main] o.s.d.r.w.RepositoryRestHandlerMapping   : Mapped "{[/{repository}/{id}],methods=[DELETE],produces=[application/hal+json || application/json]}" onto public org.springframework.http.ResponseEntity<?> org.springframework.data.rest.webmvc.RepositoryEntityController.deleteItemResource(org.springframework.data.rest.webmvc.RootResourceInformation,java.io.Serializable,org.springframework.data.rest.webmvc.support.ETag) throws org.springframework.data.rest.webmvc.ResourceNotFoundException,org.springframework.web.HttpRequestMethodNotSupportedException
2018-03-31 21:09:52.741  INFO 16173 --- [           main] o.s.d.r.w.RepositoryRestHandlerMapping   : Mapped "{[/{repository}],methods=[OPTIONS],produces=[application/hal+json || application/json]}" onto public org.springframework.http.ResponseEntity<?> org.springframework.data.rest.webmvc.RepositoryEntityController.optionsForCollectionResource(org.springframework.data.rest.webmvc.RootResourceInformation)
2018-03-31 21:09:52.741  INFO 16173 --- [           main] o.s.d.r.w.RepositoryRestHandlerMapping   : Mapped "{[/{repository}],methods=[HEAD],produces=[application/hal+json || application/json]}" onto public org.springframework.http.ResponseEntity<?> org.springframework.data.rest.webmvc.RepositoryEntityController.headCollectionResource(org.springframework.data.rest.webmvc.RootResourceInformation,org.springframework.data.rest.webmvc.support.DefaultedPageable) throws org.springframework.web.HttpRequestMethodNotSupportedException
2018-03-31 21:09:52.741  INFO 16173 --- [           main] o.s.d.r.w.RepositoryRestHandlerMapping   : Mapped "{[/{repository}],methods=[GET],produces=[application/hal+json || application/json]}" onto public org.springframework.hateoas.Resources<?> org.springframework.data.rest.webmvc.RepositoryEntityController.getCollectionResource(org.springframework.data.rest.webmvc.RootResourceInformation,org.springframework.data.rest.webmvc.support.DefaultedPageable,org.springframework.data.domain.Sort,org.springframework.data.rest.webmvc.PersistentEntityResourceAssembler) throws org.springframework.data.rest.webmvc.ResourceNotFoundException,org.springframework.web.HttpRequestMethodNotSupportedException
2018-03-31 21:09:52.746  INFO 16173 --- [           main] o.s.d.r.w.BasePathAwareHandlerMapping    : Mapped "{[/profile/{repository}],methods=[OPTIONS],produces=[application/alps+json]}" onto org.springframework.http.HttpEntity<?> org.springframework.data.rest.webmvc.alps.AlpsController.alpsOptions()
2018-03-31 21:09:52.746  INFO 16173 --- [           main] o.s.d.r.w.BasePathAwareHandlerMapping    : Mapped "{[/profile/{repository}],methods=[GET],produces=[application/alps+json || */*]}" onto org.springframework.http.HttpEntity<org.springframework.data.rest.webmvc.RootResourceInformation> org.springframework.data.rest.webmvc.alps.AlpsController.descriptor(org.springframework.data.rest.webmvc.RootResourceInformation)
2018-03-31 21:09:52.746  INFO 16173 --- [           main] o.s.d.r.w.BasePathAwareHandlerMapping    : Mapped "{[/profile/{repository}],methods=[GET],produces=[application/schema+json]}" onto public org.springframework.http.HttpEntity<org.springframework.data.rest.webmvc.json.JsonSchema> org.springframework.data.rest.webmvc.RepositorySchemaController.schema(org.springframework.data.rest.webmvc.RootResourceInformation)
2018-03-31 21:09:52.746  INFO 16173 --- [           main] o.s.d.r.w.BasePathAwareHandlerMapping    : Mapped "{[/profile],methods=[OPTIONS]}" onto public org.springframework.http.HttpEntity<?> org.springframework.data.rest.webmvc.ProfileController.profileOptions()
2018-03-31 21:09:52.746  INFO 16173 --- [           main] o.s.d.r.w.BasePathAwareHandlerMapping    : Mapped "{[/profile],methods=[GET]}" onto org.springframework.http.HttpEntity<org.springframework.hateoas.ResourceSupport> org.springframework.data.rest.webmvc.ProfileController.listAllFormsOfMetadata()
2018-03-31 21:09:52.948  INFO 16173 --- [           main] o.h.h.i.QueryTranslatorFactoryInitiator  : HHH000397: Using ASTQueryTranslatorFactory
2018-03-31 21:09:53.067  INFO 16173 --- [           main] edu.harvard.h2ms.web.init.OAuthTest      : Started OAuthTest in 3.186 seconds (JVM running for 27.002)
2018-03-31 21:09:53.075  INFO 16173 --- [           main] o.s.b.t.m.w.SpringBootMockServletContext : Initializing Spring FrameworkServlet ''
2018-03-31 21:09:53.075  INFO 16173 --- [           main] o.s.t.web.servlet.TestDispatcherServlet  : FrameworkServlet '': initialization started
2018-03-31 21:09:53.094  INFO 16173 --- [           main] o.s.t.web.servlet.TestDispatcherServlet  : FrameworkServlet '': initialization completed in 19 ms
936c30a5-a439-4686-8481-86066a43adbc
2018-03-31 21:09:53.355  INFO 16173 --- [           main] o.s.w.c.s.GenericWebApplicationContext   : Closing org.springframework.web.context.support.GenericWebApplicationContext@747348f1: startup date [Sat Mar 31 21:09:50 EDT 2018]; root of context hierarchy
2018-03-31 21:09:53.359  INFO 16173 --- [           main] j.LocalContainerEntityManagerFactoryBean : Closing JPA EntityManagerFactory for persistence unit 'default'
2018-03-31 21:09:53.360  INFO 16173 --- [           main] org.hibernate.tool.hbm2ddl.SchemaExport  : HHH000227: Running hbm2ddl schema export
2018-03-31 21:09:53.365  INFO 16173 --- [           main] org.hibernate.tool.hbm2ddl.SchemaExport  : HHH000230: Schema export complete
Tests run: 2, Failures: 0, Errors: 0, Skipped: 0, Time elapsed: 6.144 sec - in edu.harvard.h2ms.web.init.OAuthTest
Running edu.harvard.h2ms.web.init.H2MSRestAppInitializerTests
2018-03-31 21:09:53.394  INFO 16173 --- [           main] .b.t.c.SpringBootTestContextBootstrapper : Neither @ContextConfiguration nor @ContextHierarchy found for test class [edu.harvard.h2ms.web.init.H2MSRestAppInitializerTests], using SpringBootContextLoader
2018-03-31 21:09:53.395  INFO 16173 --- [           main] o.s.t.c.support.AbstractContextLoader    : Could not detect default resource locations for test class [edu.harvard.h2ms.web.init.H2MSRestAppInitializerTests]: no resource found for suffixes {-context.xml, Context.groovy}.
2018-03-31 21:09:53.395  INFO 16173 --- [           main] t.c.s.AnnotationConfigContextLoaderUtils : Could not detect default configuration classes for test class [edu.harvard.h2ms.web.init.H2MSRestAppInitializerTests]: H2MSRestAppInitializerTests does not declare any static, non-private, non-final, nested classes annotated with @Configuration.
2018-03-31 21:09:53.406  INFO 16173 --- [           main] .b.t.c.SpringBootTestContextBootstrapper : Found @SpringBootConfiguration edu.harvard.h2ms.H2MSRestAppInitializer for test class edu.harvard.h2ms.web.init.H2MSRestAppInitializerTests
2018-03-31 21:09:53.413  INFO 16173 --- [           main] .b.t.c.SpringBootTestContextBootstrapper : Loaded default TestExecutionListener class names from location [META-INF/spring.factories]: [org.springframework.boot.test.mock.mockito.MockitoTestExecutionListener, org.springframework.boot.test.mock.mockito.ResetMocksTestExecutionListener, org.springframework.boot.test.autoconfigure.restdocs.RestDocsTestExecutionListener, org.springframework.boot.test.autoconfigure.web.client.MockRestServiceServerResetTestExecutionListener, org.springframework.boot.test.autoconfigure.web.servlet.MockMvcPrintOnlyOnFailureTestExecutionListener, org.springframework.boot.test.autoconfigure.web.servlet.WebDriverTestExecutionListener, org.springframework.test.context.web.ServletTestExecutionListener, org.springframework.test.context.support.DirtiesContextBeforeModesTestExecutionListener, org.springframework.test.context.support.DependencyInjectionTestExecutionListener, org.springframework.test.context.support.DirtiesContextTestExecutionListener, org.springframework.test.context.transaction.TransactionalTestExecutionListener, org.springframework.test.context.jdbc.SqlScriptsTestExecutionListener, org.springframework.security.test.context.support.WithSecurityContextTestExecutionListener]
2018-03-31 21:09:53.424  INFO 16173 --- [           main] .b.t.c.SpringBootTestContextBootstrapper : Using TestExecutionListeners: [org.springframework.test.context.web.ServletTestExecutionListener@5c7744f0, org.springframework.test.context.support.DirtiesContextBeforeModesTestExecutionListener@6bc2903b, org.springframework.boot.test.autoconfigure.SpringBootDependencyInjectionTestExecutionListener@7e4c3f5b, org.springframework.test.context.support.DirtiesContextTestExecutionListener@75ff2d79, org.springframework.test.context.transaction.TransactionalTestExecutionListener@1349a7f2, org.springframework.test.context.jdbc.SqlScriptsTestExecutionListener@6c75aee8, org.springframework.security.test.context.support.WithSecurityContextTestExecutionListener@73dcf2da, org.springframework.boot.test.mock.mockito.MockitoTestExecutionListener@7f448d3d, org.springframework.boot.test.mock.mockito.ResetMocksTestExecutionListener@216cc310, org.springframework.boot.test.autoconfigure.restdocs.RestDocsTestExecutionListener@60af2b3b, org.springframework.boot.test.autoconfigure.web.client.MockRestServiceServerResetTestExecutionListener@74715fd6, org.springframework.boot.test.autoconfigure.web.servlet.MockMvcPrintOnlyOnFailureTestExecutionListener@2f071900, org.springframework.boot.test.autoconfigure.web.servlet.WebDriverTestExecutionListener@68342bb3]

  .   ____          _            __ _ _
 /\\ / ___'_ __ _ _(_)_ __  __ _ \ \ \ \
( ( )\___ | '_ | '_| | '_ \/ _` | \ \ \ \
 \\/  ___)| |_)| | | | | || (_| |  ) ) ) )
  '  |____| .__|_| |_|_| |_\__, | / / / /
 =========|_|==============|___/=/_/_/_/
 :: Spring Boot ::       (v1.5.10.RELEASE)

2018-03-31 21:09:53.476  INFO 16173 --- [           main] e.h.h.w.i.H2MSRestAppInitializerTests    : Starting H2MSRestAppInitializerTests on ancient.bitbin.de with PID 16173 (started by stbenjam in /home/stbenjam/git/h2ms)
2018-03-31 21:09:53.477  INFO 16173 --- [           main] e.h.h.w.i.H2MSRestAppInitializerTests    : No active profile set, falling back to default profiles: default
2018-03-31 21:09:53.479  INFO 16173 --- [           main] o.s.w.c.s.GenericWebApplicationContext   : Refreshing org.springframework.web.context.support.GenericWebApplicationContext@5157d57c: startup date [Sat Mar 31 21:09:53 EDT 2018]; root of context hierarchy
2018-03-31 21:09:53.547  INFO 16173 --- [           main] o.s.c.a.ConfigurationClassParser         : Properties location [classpath:mailserver.properties] not resolvable: class path resource [mailserver.properties] cannot be opened because it does not exist
2018-03-31 21:09:53.763  INFO 16173 --- [           main] o.s.b.f.s.DefaultListableBeanFactory     : Overriding bean definition for bean 'httpRequestHandlerAdapter' with a different definition: replacing [Root bean: class [null]; scope=; abstract=false; lazyInit=false; autowireMode=3; dependencyCheck=0; autowireCandidate=true; primary=false; factoryBeanName=org.springframework.boot.autoconfigure.web.WebMvcAutoConfiguration$EnableWebMvcConfiguration; factoryMethodName=httpRequestHandlerAdapter; initMethodName=null; destroyMethodName=(inferred); defined in class path resource [org/springframework/boot/autoconfigure/web/WebMvcAutoConfiguration$EnableWebMvcConfiguration.class]] with [Root bean: class [null]; scope=; abstract=false; lazyInit=false; autowireMode=3; dependencyCheck=0; autowireCandidate=true; primary=false; factoryBeanName=org.springframework.data.rest.webmvc.config.RepositoryRestMvcConfiguration; factoryMethodName=httpRequestHandlerAdapter; initMethodName=null; destroyMethodName=(inferred); defined in class path resource [org/springframework/data/rest/webmvc/config/RepositoryRestMvcConfiguration.class]]
2018-03-31 21:09:53.882  INFO 16173 --- [           main] trationDelegate$BeanPostProcessorChecker : Bean 'org.springframework.transaction.annotation.ProxyTransactionManagementConfiguration' of type [org.springframework.transaction.annotation.ProxyTransactionManagementConfiguration$$EnhancerBySpringCGLIB$$225ecc1d] is not eligible for getting processed by all BeanPostProcessors (for example: not eligible for auto-proxying)
2018-03-31 21:09:53.910  INFO 16173 --- [           main] trationDelegate$BeanPostProcessorChecker : Bean 'org.springframework.security.config.annotation.configuration.ObjectPostProcessorConfiguration' of type [org.springframework.security.config.annotation.configuration.ObjectPostProcessorConfiguration$$EnhancerBySpringCGLIB$$bb0c9457] is not eligible for getting processed by all BeanPostProcessors (for example: not eligible for auto-proxying)
2018-03-31 21:09:53.924  INFO 16173 --- [           main] trationDelegate$BeanPostProcessorChecker : Bean 'objectPostProcessor' of type [org.springframework.security.config.annotation.configuration.AutowireBeanFactoryObjectPostProcessor] is not eligible for getting processed by all BeanPostProcessors (for example: not eligible for auto-proxying)
2018-03-31 21:09:53.926  INFO 16173 --- [           main] trationDelegate$BeanPostProcessorChecker : Bean 'org.springframework.security.access.expression.method.DefaultMethodSecurityExpressionHandler@d9d2c3e' of type [org.springframework.security.oauth2.provider.expression.OAuth2MethodSecurityExpressionHandler] is not eligible for getting processed by all BeanPostProcessors (for example: not eligible for auto-proxying)
2018-03-31 21:09:53.939  INFO 16173 --- [           main] trationDelegate$BeanPostProcessorChecker : Bean 'org.springframework.security.config.annotation.method.configuration.GlobalMethodSecurityConfiguration' of type [org.springframework.security.config.annotation.method.configuration.GlobalMethodSecurityConfiguration$$EnhancerBySpringCGLIB$$dfe13709] is not eligible for getting processed by all BeanPostProcessors (for example: not eligible for auto-proxying)
2018-03-31 21:09:53.941  INFO 16173 --- [           main] trationDelegate$BeanPostProcessorChecker : Bean 'methodSecurityMetadataSource' of type [org.springframework.security.access.method.DelegatingMethodSecurityMetadataSource] is not eligible for getting processed by all BeanPostProcessors (for example: not eligible for auto-proxying)
2018-03-31 21:09:53.973  INFO 16173 --- [           main] trationDelegate$BeanPostProcessorChecker : Bean 'security.oauth2.client-org.springframework.boot.autoconfigure.security.oauth2.OAuth2ClientProperties' of type [org.springframework.boot.autoconfigure.security.oauth2.OAuth2ClientProperties] is not eligible for getting processed by all BeanPostProcessors (for example: not eligible for auto-proxying)
2018-03-31 21:09:53.975  INFO 16173 --- [           main] trationDelegate$BeanPostProcessorChecker : Bean 'org.springframework.boot.autoconfigure.security.oauth2.OAuth2AutoConfiguration' of type [org.springframework.boot.autoconfigure.security.oauth2.OAuth2AutoConfiguration$$EnhancerBySpringCGLIB$$d9a8881d] is not eligible for getting processed by all BeanPostProcessors (for example: not eligible for auto-proxying)
2018-03-31 21:09:53.988  INFO 16173 --- [           main] trationDelegate$BeanPostProcessorChecker : Bean 'resourceServerProperties' of type [org.springframework.boot.autoconfigure.security.oauth2.resource.ResourceServerProperties] is not eligible for getting processed by all BeanPostProcessors (for example: not eligible for auto-proxying)
2018-03-31 21:09:54.164  INFO 16173 --- [           main] j.LocalContainerEntityManagerFactoryBean : Building JPA container EntityManagerFactory for persistence unit 'default'
2018-03-31 21:09:54.165  INFO 16173 --- [           main] o.hibernate.jpa.internal.util.LogHelper  : HHH000204: Processing PersistenceUnitInfo [
	name: default
	...]
2018-03-31 21:09:54.169  INFO 16173 --- [           main] org.hibernate.dialect.Dialect            : HHH000400: Using dialect: org.hibernate.dialect.H2Dialect
2018-03-31 21:09:54.249  INFO 16173 --- [           main] org.hibernate.tool.hbm2ddl.SchemaExport  : HHH000227: Running hbm2ddl schema export
2018-03-31 21:09:54.260  INFO 16173 --- [           main] org.hibernate.tool.hbm2ddl.SchemaExport  : HHH000230: Schema export complete
2018-03-31 21:09:54.268  WARN 16173 --- [           main] o.h.j.i.EntityManagerFactoryRegistry     : HHH000436: Entity manager factory name (default) is already registered.  If entity manager will be clustered or passivated, specify a unique value for property 'hibernate.ejb.entitymanager_factory_name'
2018-03-31 21:09:54.269  INFO 16173 --- [           main] j.LocalContainerEntityManagerFactoryBean : Initialized JPA EntityManagerFactory for persistence unit 'default'
2018-03-31 21:09:54.955  INFO 16173 --- [           main] .s.o.p.e.FrameworkEndpointHandlerMapping : Mapped "{[/oauth/authorize]}" onto public org.springframework.web.servlet.ModelAndView org.springframework.security.oauth2.provider.endpoint.AuthorizationEndpoint.authorize(java.util.Map<java.lang.String, java.lang.Object>,java.util.Map<java.lang.String, java.lang.String>,org.springframework.web.bind.support.SessionStatus,java.security.Principal)
2018-03-31 21:09:54.956  INFO 16173 --- [           main] .s.o.p.e.FrameworkEndpointHandlerMapping : Mapped "{[/oauth/authorize],methods=[POST],params=[user_oauth_approval]}" onto public org.springframework.web.servlet.View org.springframework.security.oauth2.provider.endpoint.AuthorizationEndpoint.approveOrDeny(java.util.Map<java.lang.String, java.lang.String>,java.util.Map<java.lang.String, ?>,org.springframework.web.bind.support.SessionStatus,java.security.Principal)
2018-03-31 21:09:54.956  INFO 16173 --- [           main] .s.o.p.e.FrameworkEndpointHandlerMapping : Mapped "{[/oauth/token],methods=[GET]}" onto public org.springframework.http.ResponseEntity<org.springframework.security.oauth2.common.OAuth2AccessToken> org.springframework.security.oauth2.provider.endpoint.TokenEndpoint.getAccessToken(java.security.Principal,java.util.Map<java.lang.String, java.lang.String>) throws org.springframework.web.HttpRequestMethodNotSupportedException
2018-03-31 21:09:54.956  INFO 16173 --- [           main] .s.o.p.e.FrameworkEndpointHandlerMapping : Mapped "{[/oauth/token],methods=[POST]}" onto public org.springframework.http.ResponseEntity<org.springframework.security.oauth2.common.OAuth2AccessToken> org.springframework.security.oauth2.provider.endpoint.TokenEndpoint.postAccessToken(java.security.Principal,java.util.Map<java.lang.String, java.lang.String>) throws org.springframework.web.HttpRequestMethodNotSupportedException
2018-03-31 21:09:54.957  INFO 16173 --- [           main] .s.o.p.e.FrameworkEndpointHandlerMapping : Mapped "{[/oauth/check_token]}" onto public java.util.Map<java.lang.String, ?> org.springframework.security.oauth2.provider.endpoint.CheckTokenEndpoint.checkToken(java.lang.String)
2018-03-31 21:09:54.957  INFO 16173 --- [           main] .s.o.p.e.FrameworkEndpointHandlerMapping : Mapped "{[/oauth/confirm_access]}" onto public org.springframework.web.servlet.ModelAndView org.springframework.security.oauth2.provider.endpoint.WhitelabelApprovalEndpoint.getAccessConfirmation(java.util.Map<java.lang.String, java.lang.Object>,javax.servlet.http.HttpServletRequest) throws java.lang.Exception
2018-03-31 21:09:54.957  INFO 16173 --- [           main] .s.o.p.e.FrameworkEndpointHandlerMapping : Mapped "{[/oauth/error]}" onto public org.springframework.web.servlet.ModelAndView org.springframework.security.oauth2.provider.endpoint.WhitelabelErrorEndpoint.handleError(javax.servlet.http.HttpServletRequest)
2018-03-31 21:09:55.216  INFO 16173 --- [           main] o.s.s.web.DefaultSecurityFilterChain     : Creating filter chain: Ant [pattern='/'], []
2018-03-31 21:09:55.216  INFO 16173 --- [           main] o.s.s.web.DefaultSecurityFilterChain     : Creating filter chain: Ant [pattern='/login'], []
2018-03-31 21:09:55.216  INFO 16173 --- [           main] o.s.s.web.DefaultSecurityFilterChain     : Creating filter chain: Ant [pattern='/webjars/**'], []
2018-03-31 21:09:55.216  INFO 16173 --- [           main] o.s.s.web.DefaultSecurityFilterChain     : Creating filter chain: Ant [pattern='/api/passwords/**'], []
2018-03-31 21:09:55.216  INFO 16173 --- [           main] o.s.s.web.DefaultSecurityFilterChain     : Creating filter chain: Ant [pattern='/swagger-resources'], []
2018-03-31 21:09:55.216  INFO 16173 --- [           main] o.s.s.web.DefaultSecurityFilterChain     : Creating filter chain: Ant [pattern='/swagger-resources/**'], []
2018-03-31 21:09:55.216  INFO 16173 --- [           main] o.s.s.web.DefaultSecurityFilterChain     : Creating filter chain: Ant [pattern='/swagger-ui.html'], []
2018-03-31 21:09:55.216  INFO 16173 --- [           main] o.s.s.web.DefaultSecurityFilterChain     : Creating filter chain: Ant [pattern='/v2/api-docs'], []
2018-03-31 21:09:55.216  INFO 16173 --- [           main] o.s.s.web.DefaultSecurityFilterChain     : Creating filter chain: Ant [pattern='/**', OPTIONS], []
2018-03-31 21:09:55.322  INFO 16173 --- [           main] o.s.s.web.DefaultSecurityFilterChain     : Creating filter chain: OrRequestMatcher [requestMatchers=[Ant [pattern='/oauth/token'], Ant [pattern='/oauth/token_key'], Ant [pattern='/oauth/check_token']]], [org.springframework.security.web.context.request.async.WebAsyncManagerIntegrationFilter@14da7be4, org.springframework.security.web.context.SecurityContextPersistenceFilter@5020027c, org.springframework.security.web.header.HeaderWriterFilter@350fc25b, org.springframework.security.web.authentication.logout.LogoutFilter@460e17b8, org.springframework.security.web.authentication.www.BasicAuthenticationFilter@5d32abce, org.springframework.security.web.savedrequest.RequestCacheAwareFilter@d030dd3, org.springframework.security.web.servletapi.SecurityContextHolderAwareRequestFilter@46d50b32, org.springframework.security.web.authentication.AnonymousAuthenticationFilter@3204f493, org.springframework.security.web.session.SessionManagementFilter@1963270f, org.springframework.security.web.access.ExceptionTranslationFilter@5aa0fbd0, org.springframework.security.web.access.intercept.FilterSecurityInterceptor@90c4b53]
2018-03-31 21:09:55.331  INFO 16173 --- [           main] o.s.s.web.DefaultSecurityFilterChain     : Creating filter chain: org.springframework.security.oauth2.config.annotation.web.configuration.ResourceServerConfiguration$NotOAuthRequestMatcher@8161366, [org.springframework.security.web.context.request.async.WebAsyncManagerIntegrationFilter@5dfe144, org.springframework.security.web.context.SecurityContextPersistenceFilter@19a279cc, org.springframework.security.web.header.HeaderWriterFilter@408a0df, org.springframework.security.web.authentication.logout.LogoutFilter@1c2e1cf2, org.springframework.security.oauth2.provider.authentication.OAuth2AuthenticationProcessingFilter@3638a818, org.springframework.security.web.savedrequest.RequestCacheAwareFilter@260f6aef, org.springframework.security.web.servletapi.SecurityContextHolderAwareRequestFilter@674038a9, org.springframework.security.web.authentication.AnonymousAuthenticationFilter@1d5b2d04, org.springframework.security.web.session.SessionManagementFilter@15fdcd0e, org.springframework.security.web.access.ExceptionTranslationFilter@2ec23a05, org.springframework.security.web.access.intercept.FilterSecurityInterceptor@7b1d1c75]
2018-03-31 21:09:55.331  INFO 16173 --- [           main] o.s.s.web.DefaultSecurityFilterChain     : Creating filter chain: org.springframework.security.web.util.matcher.AnyRequestMatcher@1, [org.springframework.security.web.access.intercept.FilterSecurityInterceptor@35737e55]
2018-03-31 21:09:55.509  INFO 16173 --- [           main] s.w.s.m.m.a.RequestMappingHandlerAdapter : Looking for @ControllerAdvice: org.springframework.web.context.support.GenericWebApplicationContext@5157d57c: startup date [Sat Mar 31 21:09:53 EDT 2018]; root of context hierarchy
2018-03-31 21:09:55.536  INFO 16173 --- [           main] s.w.s.m.m.a.RequestMappingHandlerMapping : Mapped "{[/events/compliance/{questionId}/{timeframe}],methods=[GET]}" onto public org.springframework.http.ResponseEntity<?> edu.harvard.h2ms.web.controller.EventController.findComplianceByTimeframe(java.lang.String,java.lang.Long)
2018-03-31 21:09:55.536  INFO 16173 --- [           main] s.w.s.m.m.a.RequestMappingHandlerMapping : Mapped "{[/events/count/{timeframe}],methods=[GET]}" onto public org.springframework.http.ResponseEntity<?> edu.harvard.h2ms.web.controller.EventController.findEventCountByTimeframe(java.lang.String)
2018-03-31 21:09:55.537  INFO 16173 --- [           main] s.w.s.m.m.a.RequestMappingHandlerMapping : Mapped "{[/api/passwords/reset/{email:.+}],methods=[GET]}" onto public org.springframework.http.ResponseEntity<java.lang.Object> edu.harvard.h2ms.web.controller.PasswordController.getPasswordResetToken(java.lang.String)
2018-03-31 21:09:55.537  INFO 16173 --- [           main] s.w.s.m.m.a.RequestMappingHandlerMapping : Mapped "{[/api/passwords/reset/token],methods=[POST]}" onto public org.springframework.http.ResponseEntity<java.lang.Object> edu.harvard.h2ms.web.controller.PasswordController.resetPasswordViaToken(java.util.Map<java.lang.String, java.lang.String>)
2018-03-31 21:09:55.538  INFO 16173 --- [           main] s.w.s.m.m.a.RequestMappingHandlerMapping : Mapped "{[/users/avgWashed],methods=[GET]}" onto public java.util.Map<java.lang.String, java.lang.Double> edu.harvard.h2ms.web.controller.UserController.findAvgWashCompliance()
2018-03-31 21:09:55.541  INFO 16173 --- [           main] s.w.s.m.m.a.RequestMappingHandlerMapping : Mapped "{[/error],produces=[text/html]}" onto public org.springframework.web.servlet.ModelAndView org.springframework.boot.autoconfigure.web.BasicErrorController.errorHtml(javax.servlet.http.HttpServletRequest,javax.servlet.http.HttpServletResponse)
2018-03-31 21:09:55.543  INFO 16173 --- [           main] s.w.s.m.m.a.RequestMappingHandlerMapping : Mapped "{[/error]}" onto public org.springframework.http.ResponseEntity<java.util.Map<java.lang.String, java.lang.Object>> org.springframework.boot.autoconfigure.web.BasicErrorController.error(javax.servlet.http.HttpServletRequest)
2018-03-31 21:09:55.599  INFO 16173 --- [           main] o.s.w.s.handler.SimpleUrlHandlerMapping  : Mapped URL path [/webjars/**] onto handler of type [class org.springframework.web.servlet.resource.ResourceHttpRequestHandler]
2018-03-31 21:09:55.599  INFO 16173 --- [           main] o.s.w.s.handler.SimpleUrlHandlerMapping  : Mapped URL path [/**] onto handler of type [class org.springframework.web.servlet.resource.ResourceHttpRequestHandler]
2018-03-31 21:09:55.621  INFO 16173 --- [           main] .m.m.a.ExceptionHandlerExceptionResolver : Detected @ExceptionHandler methods in exceptionHandlingController
2018-03-31 21:09:55.622  INFO 16173 --- [           main] .m.m.a.ExceptionHandlerExceptionResolver : Detected @ExceptionHandler methods in repositoryRestExceptionHandler
2018-03-31 21:09:55.696  INFO 16173 --- [           main] o.s.w.s.handler.SimpleUrlHandlerMapping  : Mapped URL path [/**/favicon.ico] onto handler of type [class org.springframework.web.servlet.resource.ResourceHttpRequestHandler]
2018-03-31 21:09:55.742  WARN 16173 --- [           main] .t.AbstractTemplateResolverConfiguration : Cannot find template location: classpath:/templates/ (please add some templates or check your Thymeleaf configuration)
2018-03-31 21:09:55.861  INFO 16173 --- [           main] o.s.d.r.w.RepositoryRestHandlerAdapter   : Looking for @ControllerAdvice: org.springframework.web.context.support.GenericWebApplicationContext@5157d57c: startup date [Sat Mar 31 21:09:53 EDT 2018]; root of context hierarchy
2018-03-31 21:09:55.875  INFO 16173 --- [           main] o.s.d.r.w.RepositoryRestHandlerMapping   : Mapped "{[/{repository}/{id}/{property}],methods=[GET],produces=[application/x-spring-data-compact+json || text/uri-list]}" onto public org.springframework.http.ResponseEntity<org.springframework.hateoas.ResourceSupport> org.springframework.data.rest.webmvc.RepositoryPropertyReferenceController.followPropertyReferenceCompact(org.springframework.data.rest.webmvc.RootResourceInformation,java.io.Serializable,java.lang.String,org.springframework.data.rest.webmvc.PersistentEntityResourceAssembler) throws java.lang.Exception
2018-03-31 21:09:55.875  INFO 16173 --- [           main] o.s.d.r.w.RepositoryRestHandlerMapping   : Mapped "{[/{repository}/{id}/{property}],methods=[PATCH || PUT || POST],consumes=[application/json || application/x-spring-data-compact+json || text/uri-list],produces=[application/hal+json || application/json]}" onto public org.springframework.http.ResponseEntity<? extends org.springframework.hateoas.ResourceSupport> org.springframework.data.rest.webmvc.RepositoryPropertyReferenceController.createPropertyReference(org.springframework.data.rest.webmvc.RootResourceInformation,org.springframework.http.HttpMethod,org.springframework.hateoas.Resources<java.lang.Object>,java.io.Serializable,java.lang.String) throws java.lang.Exception
2018-03-31 21:09:55.875  INFO 16173 --- [           main] o.s.d.r.w.RepositoryRestHandlerMapping   : Mapped "{[/{repository}/{id}/{property}/{propertyId}],methods=[DELETE],produces=[application/hal+json || application/json]}" onto public org.springframework.http.ResponseEntity<org.springframework.hateoas.ResourceSupport> org.springframework.data.rest.webmvc.RepositoryPropertyReferenceController.deletePropertyReferenceId(org.springframework.data.rest.webmvc.RootResourceInformation,java.io.Serializable,java.lang.String,java.lang.String) throws java.lang.Exception
2018-03-31 21:09:55.875  INFO 16173 --- [           main] o.s.d.r.w.RepositoryRestHandlerMapping   : Mapped "{[/{repository}/{id}/{property}],methods=[GET],produces=[application/hal+json || application/json]}" onto public org.springframework.http.ResponseEntity<org.springframework.hateoas.ResourceSupport> org.springframework.data.rest.webmvc.RepositoryPropertyReferenceController.followPropertyReference(org.springframework.data.rest.webmvc.RootResourceInformation,java.io.Serializable,java.lang.String,org.springframework.data.rest.webmvc.PersistentEntityResourceAssembler) throws java.lang.Exception
2018-03-31 21:09:55.875  INFO 16173 --- [           main] o.s.d.r.w.RepositoryRestHandlerMapping   : Mapped "{[/{repository}/{id}/{property}/{propertyId}],methods=[GET],produces=[application/hal+json || application/json]}" onto public org.springframework.http.ResponseEntity<org.springframework.hateoas.ResourceSupport> org.springframework.data.rest.webmvc.RepositoryPropertyReferenceController.followPropertyReference(org.springframework.data.rest.webmvc.RootResourceInformation,java.io.Serializable,java.lang.String,java.lang.String,org.springframework.data.rest.webmvc.PersistentEntityResourceAssembler) throws java.lang.Exception
2018-03-31 21:09:55.876  INFO 16173 --- [           main] o.s.d.r.w.RepositoryRestHandlerMapping   : Mapped "{[/{repository}/{id}/{property}],methods=[DELETE],produces=[application/hal+json || application/json]}" onto public org.springframework.http.ResponseEntity<? extends org.springframework.hateoas.ResourceSupport> org.springframework.data.rest.webmvc.RepositoryPropertyReferenceController.deletePropertyReference(org.springframework.data.rest.webmvc.RootResourceInformation,java.io.Serializable,java.lang.String) throws java.lang.Exception
2018-03-31 21:09:55.876  INFO 16173 --- [           main] o.s.d.r.w.RepositoryRestHandlerMapping   : Mapped "{[/{repository}/search/{search}],methods=[HEAD],produces=[application/hal+json || application/json]}" onto public org.springframework.http.ResponseEntity<java.lang.Object> org.springframework.data.rest.webmvc.RepositorySearchController.headForSearch(org.springframework.data.rest.webmvc.RootResourceInformation,java.lang.String)
2018-03-31 21:09:55.877  INFO 16173 --- [           main] o.s.d.r.w.RepositoryRestHandlerMapping   : Mapped "{[/{repository}/search/{search}],methods=[GET],produces=[application/hal+json || application/json]}" onto public org.springframework.http.ResponseEntity<?> org.springframework.data.rest.webmvc.RepositorySearchController.executeSearch(org.springframework.data.rest.webmvc.RootResourceInformation,org.springframework.util.MultiValueMap<java.lang.String, java.lang.Object>,java.lang.String,org.springframework.data.rest.webmvc.support.DefaultedPageable,org.springframework.data.domain.Sort,org.springframework.data.rest.webmvc.PersistentEntityResourceAssembler,org.springframework.http.HttpHeaders)
2018-03-31 21:09:55.877  INFO 16173 --- [           main] o.s.d.r.w.RepositoryRestHandlerMapping   : Mapped "{[/{repository}/search],methods=[GET],produces=[application/hal+json || application/json]}" onto public org.springframework.data.rest.webmvc.RepositorySearchesResource org.springframework.data.rest.webmvc.RepositorySearchController.listSearches(org.springframework.data.rest.webmvc.RootResourceInformation)
2018-03-31 21:09:55.877  INFO 16173 --- [           main] o.s.d.r.w.RepositoryRestHandlerMapping   : Mapped "{[/{repository}/search],methods=[HEAD],produces=[application/hal+json || application/json]}" onto public org.springframework.http.HttpEntity<?> org.springframework.data.rest.webmvc.RepositorySearchController.headForSearches(org.springframework.data.rest.webmvc.RootResourceInformation)
2018-03-31 21:09:55.877  INFO 16173 --- [           main] o.s.d.r.w.RepositoryRestHandlerMapping   : Mapped "{[/{repository}/search],methods=[OPTIONS],produces=[application/hal+json || application/json]}" onto public org.springframework.http.HttpEntity<?> org.springframework.data.rest.webmvc.RepositorySearchController.optionsForSearches(org.springframework.data.rest.webmvc.RootResourceInformation)
2018-03-31 21:09:55.877  INFO 16173 --- [           main] o.s.d.r.w.RepositoryRestHandlerMapping   : Mapped "{[/{repository}/search/{search}],methods=[GET],produces=[application/x-spring-data-compact+json]}" onto public org.springframework.hateoas.ResourceSupport org.springframework.data.rest.webmvc.RepositorySearchController.executeSearchCompact(org.springframework.data.rest.webmvc.RootResourceInformation,org.springframework.http.HttpHeaders,org.springframework.util.MultiValueMap<java.lang.String, java.lang.Object>,java.lang.String,java.lang.String,org.springframework.data.rest.webmvc.support.DefaultedPageable,org.springframework.data.domain.Sort,org.springframework.data.rest.webmvc.PersistentEntityResourceAssembler)
2018-03-31 21:09:55.877  INFO 16173 --- [           main] o.s.d.r.w.RepositoryRestHandlerMapping   : Mapped "{[/{repository}/search/{search}],methods=[OPTIONS],produces=[application/hal+json || application/json]}" onto public org.springframework.http.ResponseEntity<java.lang.Object> org.springframework.data.rest.webmvc.RepositorySearchController.optionsForSearch(org.springframework.data.rest.webmvc.RootResourceInformation,java.lang.String)
2018-03-31 21:09:55.878  INFO 16173 --- [           main] o.s.d.r.w.RepositoryRestHandlerMapping   : Mapped "{[/ || ],methods=[GET],produces=[application/hal+json || application/json]}" onto public org.springframework.http.HttpEntity<org.springframework.data.rest.webmvc.RepositoryLinksResource> org.springframework.data.rest.webmvc.RepositoryController.listRepositories()
2018-03-31 21:09:55.878  INFO 16173 --- [           main] o.s.d.r.w.RepositoryRestHandlerMapping   : Mapped "{[/ || ],methods=[OPTIONS],produces=[application/hal+json || application/json]}" onto public org.springframework.http.HttpEntity<?> org.springframework.data.rest.webmvc.RepositoryController.optionsForRepositories()
2018-03-31 21:09:55.878  INFO 16173 --- [           main] o.s.d.r.w.RepositoryRestHandlerMapping   : Mapped "{[/ || ],methods=[HEAD],produces=[application/hal+json || application/json]}" onto public org.springframework.http.ResponseEntity<?> org.springframework.data.rest.webmvc.RepositoryController.headForRepositories()
2018-03-31 21:09:55.879  INFO 16173 --- [           main] o.s.d.r.w.RepositoryRestHandlerMapping   : Mapped "{[/{repository}],methods=[GET],produces=[application/x-spring-data-compact+json || text/uri-list]}" onto public org.springframework.hateoas.Resources<?> org.springframework.data.rest.webmvc.RepositoryEntityController.getCollectionResourceCompact(org.springframework.data.rest.webmvc.RootResourceInformation,org.springframework.data.rest.webmvc.support.DefaultedPageable,org.springframework.data.domain.Sort,org.springframework.data.rest.webmvc.PersistentEntityResourceAssembler) throws org.springframework.data.rest.webmvc.ResourceNotFoundException,org.springframework.web.HttpRequestMethodNotSupportedException
2018-03-31 21:09:55.879  INFO 16173 --- [           main] o.s.d.r.w.RepositoryRestHandlerMapping   : Mapped "{[/{repository}],methods=[POST],produces=[application/hal+json || application/json]}" onto public org.springframework.http.ResponseEntity<org.springframework.hateoas.ResourceSupport> org.springframework.data.rest.webmvc.RepositoryEntityController.postCollectionResource(org.springframework.data.rest.webmvc.RootResourceInformation,org.springframework.data.rest.webmvc.PersistentEntityResource,org.springframework.data.rest.webmvc.PersistentEntityResourceAssembler,java.lang.String) throws org.springframework.web.HttpRequestMethodNotSupportedException
2018-03-31 21:09:55.879  INFO 16173 --- [           main] o.s.d.r.w.RepositoryRestHandlerMapping   : Mapped "{[/{repository}/{id}],methods=[OPTIONS],produces=[application/hal+json || application/json]}" onto public org.springframework.http.ResponseEntity<?> org.springframework.data.rest.webmvc.RepositoryEntityController.optionsForItemResource(org.springframework.data.rest.webmvc.RootResourceInformation)
2018-03-31 21:09:55.879  INFO 16173 --- [           main] o.s.d.r.w.RepositoryRestHandlerMapping   : Mapped "{[/{repository}/{id}],methods=[HEAD],produces=[application/hal+json || application/json]}" onto public org.springframework.http.ResponseEntity<?> org.springframework.data.rest.webmvc.RepositoryEntityController.headForItemResource(org.springframework.data.rest.webmvc.RootResourceInformation,java.io.Serializable,org.springframework.data.rest.webmvc.PersistentEntityResourceAssembler) throws org.springframework.web.HttpRequestMethodNotSupportedException
2018-03-31 21:09:55.880  INFO 16173 --- [           main] o.s.d.r.w.RepositoryRestHandlerMapping   : Mapped "{[/{repository}/{id}],methods=[GET],produces=[application/hal+json || application/json]}" onto public org.springframework.http.ResponseEntity<org.springframework.hateoas.Resource<?>> org.springframework.data.rest.webmvc.RepositoryEntityController.getItemResource(org.springframework.data.rest.webmvc.RootResourceInformation,java.io.Serializable,org.springframework.data.rest.webmvc.PersistentEntityResourceAssembler,org.springframework.http.HttpHeaders) throws org.springframework.web.HttpRequestMethodNotSupportedException
2018-03-31 21:09:55.880  INFO 16173 --- [           main] o.s.d.r.w.RepositoryRestHandlerMapping   : Mapped "{[/{repository}/{id}],methods=[PUT],produces=[application/hal+json || application/json]}" onto public org.springframework.http.ResponseEntity<? extends org.springframework.hateoas.ResourceSupport> org.springframework.data.rest.webmvc.RepositoryEntityController.putItemResource(org.springframework.data.rest.webmvc.RootResourceInformation,org.springframework.data.rest.webmvc.PersistentEntityResource,java.io.Serializable,org.springframework.data.rest.webmvc.PersistentEntityResourceAssembler,org.springframework.data.rest.webmvc.support.ETag,java.lang.String) throws org.springframework.web.HttpRequestMethodNotSupportedException
2018-03-31 21:09:55.880  INFO 16173 --- [           main] o.s.d.r.w.RepositoryRestHandlerMapping   : Mapped "{[/{repository}/{id}],methods=[PATCH],produces=[application/hal+json || application/json]}" onto public org.springframework.http.ResponseEntity<org.springframework.hateoas.ResourceSupport> org.springframework.data.rest.webmvc.RepositoryEntityController.patchItemResource(org.springframework.data.rest.webmvc.RootResourceInformation,org.springframework.data.rest.webmvc.PersistentEntityResource,java.io.Serializable,org.springframework.data.rest.webmvc.PersistentEntityResourceAssembler,org.springframework.data.rest.webmvc.support.ETag,java.lang.String) throws org.springframework.web.HttpRequestMethodNotSupportedException,org.springframework.data.rest.webmvc.ResourceNotFoundException
2018-03-31 21:09:55.880  INFO 16173 --- [           main] o.s.d.r.w.RepositoryRestHandlerMapping   : Mapped "{[/{repository}/{id}],methods=[DELETE],produces=[application/hal+json || application/json]}" onto public org.springframework.http.ResponseEntity<?> org.springframework.data.rest.webmvc.RepositoryEntityController.deleteItemResource(org.springframework.data.rest.webmvc.RootResourceInformation,java.io.Serializable,org.springframework.data.rest.webmvc.support.ETag) throws org.springframework.data.rest.webmvc.ResourceNotFoundException,org.springframework.web.HttpRequestMethodNotSupportedException
2018-03-31 21:09:55.880  INFO 16173 --- [           main] o.s.d.r.w.RepositoryRestHandlerMapping   : Mapped "{[/{repository}],methods=[OPTIONS],produces=[application/hal+json || application/json]}" onto public org.springframework.http.ResponseEntity<?> org.springframework.data.rest.webmvc.RepositoryEntityController.optionsForCollectionResource(org.springframework.data.rest.webmvc.RootResourceInformation)
2018-03-31 21:09:55.880  INFO 16173 --- [           main] o.s.d.r.w.RepositoryRestHandlerMapping   : Mapped "{[/{repository}],methods=[HEAD],produces=[application/hal+json || application/json]}" onto public org.springframework.http.ResponseEntity<?> org.springframework.data.rest.webmvc.RepositoryEntityController.headCollectionResource(org.springframework.data.rest.webmvc.RootResourceInformation,org.springframework.data.rest.webmvc.support.DefaultedPageable) throws org.springframework.web.HttpRequestMethodNotSupportedException
2018-03-31 21:09:55.880  INFO 16173 --- [           main] o.s.d.r.w.RepositoryRestHandlerMapping   : Mapped "{[/{repository}],methods=[GET],produces=[application/hal+json || application/json]}" onto public org.springframework.hateoas.Resources<?> org.springframework.data.rest.webmvc.RepositoryEntityController.getCollectionResource(org.springframework.data.rest.webmvc.RootResourceInformation,org.springframework.data.rest.webmvc.support.DefaultedPageable,org.springframework.data.domain.Sort,org.springframework.data.rest.webmvc.PersistentEntityResourceAssembler) throws org.springframework.data.rest.webmvc.ResourceNotFoundException,org.springframework.web.HttpRequestMethodNotSupportedException
2018-03-31 21:09:55.891  INFO 16173 --- [           main] o.s.d.r.w.BasePathAwareHandlerMapping    : Mapped "{[/profile/{repository}],methods=[OPTIONS],produces=[application/alps+json]}" onto org.springframework.http.HttpEntity<?> org.springframework.data.rest.webmvc.alps.AlpsController.alpsOptions()
2018-03-31 21:09:55.891  INFO 16173 --- [           main] o.s.d.r.w.BasePathAwareHandlerMapping    : Mapped "{[/profile/{repository}],methods=[GET],produces=[application/alps+json || */*]}" onto org.springframework.http.HttpEntity<org.springframework.data.rest.webmvc.RootResourceInformation> org.springframework.data.rest.webmvc.alps.AlpsController.descriptor(org.springframework.data.rest.webmvc.RootResourceInformation)
2018-03-31 21:09:55.891  INFO 16173 --- [           main] o.s.d.r.w.BasePathAwareHandlerMapping    : Mapped "{[/profile/{repository}],methods=[GET],produces=[application/schema+json]}" onto public org.springframework.http.HttpEntity<org.springframework.data.rest.webmvc.json.JsonSchema> org.springframework.data.rest.webmvc.RepositorySchemaController.schema(org.springframework.data.rest.webmvc.RootResourceInformation)
2018-03-31 21:09:55.891  INFO 16173 --- [           main] o.s.d.r.w.BasePathAwareHandlerMapping    : Mapped "{[/profile],methods=[OPTIONS]}" onto public org.springframework.http.HttpEntity<?> org.springframework.data.rest.webmvc.ProfileController.profileOptions()
2018-03-31 21:09:55.891  INFO 16173 --- [           main] o.s.d.r.w.BasePathAwareHandlerMapping    : Mapped "{[/profile],methods=[GET]}" onto org.springframework.http.HttpEntity<org.springframework.hateoas.ResourceSupport> org.springframework.data.rest.webmvc.ProfileController.listAllFormsOfMetadata()
2018-03-31 21:09:56.082  INFO 16173 --- [           main] o.h.h.i.QueryTranslatorFactoryInitiator  : HHH000397: Using ASTQueryTranslatorFactory
2018-03-31 21:09:56.166  INFO 16173 --- [           main] e.h.h.w.i.H2MSRestAppInitializerTests    : Started H2MSRestAppInitializerTests in 2.738 seconds (JVM running for 30.101)
Tests run: 1, Failures: 0, Errors: 0, Skipped: 0, Time elapsed: 2.781 sec - in edu.harvard.h2ms.web.init.H2MSRestAppInitializerTests
Running edu.harvard.h2ms.common.H2msRestUtilsTests
2018-03-31 21:09:56.193  WARN 16173 --- [           main] e.h.h2ms.service.utils.H2msRestUtils     : There are 0 events to be grouped by timestamp.
Tests run: 82, Failures: 0, Errors: 0, Skipped: 0, Time elapsed: 0.042 sec - in edu.harvard.h2ms.common.H2msRestUtilsTests
2018-03-31 21:09:56.217  INFO 16173 --- [       Thread-4] o.s.c.support.GenericApplicationContext  : Closing org.springframework.context.support.GenericApplicationContext@8ac512e: startup date [Sat Mar 31 21:09:31 EDT 2018]; root of context hierarchy
2018-03-31 21:09:56.227  INFO 16173 --- [      Thread-26] o.s.w.c.s.GenericWebApplicationContext   : Closing org.springframework.web.context.support.GenericWebApplicationContext@5157d57c: startup date [Sat Mar 31 21:09:53 EDT 2018]; root of context hierarchy
2018-03-31 21:09:56.231  INFO 16173 --- [      Thread-26] j.LocalContainerEntityManagerFactoryBean : Closing JPA EntityManagerFactory for persistence unit 'default'
2018-03-31 21:09:56.231  INFO 16173 --- [      Thread-26] org.hibernate.tool.hbm2ddl.SchemaExport  : HHH000227: Running hbm2ddl schema export
2018-03-31 21:09:56.243  INFO 16173 --- [       Thread-2] s.c.a.AnnotationConfigApplicationContext : Closing org.springframework.context.annotation.AnnotationConfigApplicationContext@76884e4b: startup date [Sat Mar 31 21:09:27 EDT 2018]; root of context hierarchy
2018-03-31 21:09:56.245  INFO 16173 --- [       Thread-2] j.LocalContainerEntityManagerFactoryBean : Closing JPA EntityManagerFactory for persistence unit 'default'
2018-03-31 21:09:56.249  INFO 16173 --- [       Thread-2] org.hibernate.tool.hbm2ddl.SchemaExport  : HHH000227: Running hbm2ddl schema export
Hibernate: drop table answer if exists
Hibernate: drop table event if exists
2018-03-31 21:09:56.255  INFO 16173 --- [      Thread-26] org.hibernate.tool.hbm2ddl.SchemaExport  : HHH000230: Schema export complete
Hibernate: drop table event_template if exists
Hibernate: drop table h2msrole if exists
Hibernate: drop table location if exists
Hibernate: drop table question if exists
Hibernate: drop table question_options if exists
Hibernate: drop table reader if exists
Hibernate: drop table user_role if exists
Hibernate: drop table users if exists
Hibernate: drop table wrist_band if exists
2018-03-31 21:09:56.269  INFO 16173 --- [       Thread-2] org.hibernate.tool.hbm2ddl.SchemaExport  : HHH000230: Schema export complete

Results :

Tests in error: 
  EventControllerTests.test_Success_EventController_findComplianceByTimeframe:161 » NestedServlet

Tests run: 97, Failures: 0, Errors: 1, Skipped: 0

[INFO] ------------------------------------------------------------------------
[INFO] BUILD FAILURE
[INFO] ------------------------------------------------------------------------
[INFO] Total time: 33.352 s
[INFO] Finished at: 2018-03-31T21:09:56-04:00
[INFO] Final Memory: 38M/385M
[INFO] ------------------------------------------------------------------------
[ERROR] Failed to execute goal org.apache.maven.plugins:maven-surefire-plugin:2.18.1:test (default-test) on project h2ms: There are test failures.
[ERROR] 
[ERROR] Please refer to /home/stbenjam/git/h2ms/target/surefire-reports for the individual test results.
[ERROR] -> [Help 1]
[ERROR] 
[ERROR] To see the full stack trace of the errors, re-run Maven with the -e switch.
[ERROR] Re-run Maven using the -X switch to enable full debug logging.
[ERROR] 
[ERROR] For more information about the errors and possible solutions, please read the following articles:
[ERROR] [Help 1] http://cwiki.apache.org/confluence/display/MAVEN/MojoFailureException
/home/stbenjam/git/h2ms
[INFO] Scanning for projects...
[WARNING] 
[WARNING] Some problems were encountered while building the effective model for edu.harvard:h2ms:jar:0.0.1-SNAPSHOT
[WARNING] 'dependencies.dependency.(groupId:artifactId:type:classifier)' must be unique: org.postgresql:postgresql:jar -> version (?) vs 9.4-1206-jdbc42 @ line 139, column 21
[WARNING] 'dependencies.dependency.version' for com.vaadin.external.google:android-json:jar is either LATEST or RELEASE (both of them are being deprecated) @ line 164, column 22
[WARNING] 
[WARNING] It is highly recommended to fix these problems because they threaten the stability of your build.
[WARNING] 
[WARNING] For this reason, future Maven versions might no longer support building such malformed projects.
[WARNING] 
[INFO] 
[INFO] ------------------------------------------------------------------------
[INFO] Building h2ms 0.0.1-SNAPSHOT
[INFO] ------------------------------------------------------------------------
[INFO] 
[INFO] --- maven-resources-plugin:2.6:resources (default-resources) @ h2ms ---
[INFO] Using 'UTF-8' encoding to copy filtered resources.
[INFO] Copying 3 resources
[INFO] Copying 9 resources
[INFO] 
[INFO] --- maven-compiler-plugin:3.1:compile (default-compile) @ h2ms ---
[INFO] Nothing to compile - all classes are up to date
[INFO] 
[INFO] --- maven-resources-plugin:2.6:testResources (default-testResources) @ h2ms ---
[INFO] Using 'UTF-8' encoding to copy filtered resources.
[INFO] skip non existing resourceDirectory /home/stbenjam/git/h2ms/src/test/resources
[INFO] 
[INFO] --- maven-compiler-plugin:3.1:testCompile (default-testCompile) @ h2ms ---
[INFO] Changes detected - recompiling the module!
[INFO] Compiling 9 source files to /home/stbenjam/git/h2ms/target/test-classes
[WARNING] /home/stbenjam/git/h2ms/src/test/java/edu/harvard/h2ms/controllers/LocationControllerTests.java: Some input files use or override a deprecated API.
[WARNING] /home/stbenjam/git/h2ms/src/test/java/edu/harvard/h2ms/controllers/LocationControllerTests.java: Recompile with -Xlint:deprecation for details.
[INFO] 
[INFO] --- maven-surefire-plugin:2.18.1:test (default-test) @ h2ms ---
[INFO] Surefire report directory: /home/stbenjam/git/h2ms/target/surefire-reports

-------------------------------------------------------
 T E S T S
-------------------------------------------------------
21:13:05.772 [main] DEBUG org.springframework.test.context.junit4.SpringJUnit4ClassRunner - SpringJUnit4ClassRunner constructor called with [class edu.harvard.h2ms.service.LocationServiceTests]
21:13:05.778 [main] DEBUG org.springframework.test.context.BootstrapUtils - Instantiating CacheAwareContextLoaderDelegate from class [org.springframework.test.context.cache.DefaultCacheAwareContextLoaderDelegate]
21:13:05.787 [main] DEBUG org.springframework.test.context.BootstrapUtils - Instantiating BootstrapContext using constructor [public org.springframework.test.context.support.DefaultBootstrapContext(java.lang.Class,org.springframework.test.context.CacheAwareContextLoaderDelegate)]
21:13:05.822 [main] DEBUG org.springframework.test.context.BootstrapUtils - Instantiating TestContextBootstrapper for test class [edu.harvard.h2ms.service.LocationServiceTests] from class [org.springframework.boot.test.context.SpringBootTestContextBootstrapper]
21:13:05.867 [main] INFO org.springframework.boot.test.context.SpringBootTestContextBootstrapper - Neither @ContextConfiguration nor @ContextHierarchy found for test class [edu.harvard.h2ms.service.LocationServiceTests], using SpringBootContextLoader
21:13:05.876 [main] DEBUG org.springframework.test.context.support.AbstractContextLoader - Did not detect default resource location for test class [edu.harvard.h2ms.service.LocationServiceTests]: class path resource [edu/harvard/h2ms/service/LocationServiceTests-context.xml] does not exist
21:13:05.877 [main] DEBUG org.springframework.test.context.support.AbstractContextLoader - Did not detect default resource location for test class [edu.harvard.h2ms.service.LocationServiceTests]: class path resource [edu/harvard/h2ms/service/LocationServiceTestsContext.groovy] does not exist
21:13:05.881 [main] INFO org.springframework.test.context.support.AbstractContextLoader - Could not detect default resource locations for test class [edu.harvard.h2ms.service.LocationServiceTests]: no resource found for suffixes {-context.xml, Context.groovy}.
21:13:05.889 [main] INFO org.springframework.test.context.support.AnnotationConfigContextLoaderUtils - Could not detect default configuration classes for test class [edu.harvard.h2ms.service.LocationServiceTests]: LocationServiceTests does not declare any static, non-private, non-final, nested classes annotated with @Configuration.
21:13:05.982 [main] DEBUG org.springframework.test.context.support.ActiveProfilesUtils - Could not find an 'annotation declaring class' for annotation type [org.springframework.test.context.ActiveProfiles] and class [edu.harvard.h2ms.service.LocationServiceTests]
21:13:05.989 [main] DEBUG org.springframework.core.env.StandardEnvironment - Adding PropertySource 'systemProperties' with lowest search precedence
21:13:05.990 [main] DEBUG org.springframework.core.env.StandardEnvironment - Adding PropertySource 'systemEnvironment' with lowest search precedence
21:13:05.991 [main] DEBUG org.springframework.core.env.StandardEnvironment - Initialized StandardEnvironment with PropertySources [MapPropertySource@2011482127 {name='systemProperties', properties={java.runtime.name=OpenJDK Runtime Environment, sun.boot.library.path=/usr/lib/jvm/java-1.8.0-openjdk-1.8.0.161-0.b14.fc27.x86_64/jre/lib/amd64, java.vm.version=25.161-b14, java.vm.vendor=Oracle Corporation, java.vendor.url=http://java.oracle.com/, path.separator=:, java.vm.name=OpenJDK 64-Bit Server VM, file.encoding.pkg=sun.io, user.country=US, sun.java.launcher=SUN_STANDARD, sun.os.patch.level=unknown, java.vm.specification.name=Java Virtual Machine Specification, user.dir=/home/stbenjam/git/h2ms, java.runtime.version=1.8.0_161-b14, basedir=/home/stbenjam/git/h2ms, java.awt.graphicsenv=sun.awt.X11GraphicsEnvironment, java.endorsed.dirs=/usr/lib/jvm/java-1.8.0-openjdk-1.8.0.161-0.b14.fc27.x86_64/jre/lib/endorsed, os.arch=amd64, surefire.real.class.path=/home/stbenjam/git/h2ms/target/surefire/surefirebooter4478042733021414321.jar, java.io.tmpdir=/tmp, line.separator=
, java.vm.specification.vendor=Oracle Corporation, os.name=Linux, sun.jnu.encoding=UTF-8, java.library.path=/usr/java/packages/lib/amd64:/usr/lib64:/lib64:/lib:/usr/lib, surefire.test.class.path=/home/stbenjam/git/h2ms/target/test-classes:/home/stbenjam/git/h2ms/target/classes:/home/stbenjam/.m2/repository/org/springframework/boot/spring-boot-starter-data-rest/1.5.10.RELEASE/spring-boot-starter-data-rest-1.5.10.RELEASE.jar:/home/stbenjam/.m2/repository/org/springframework/boot/spring-boot-starter/1.5.10.RELEASE/spring-boot-starter-1.5.10.RELEASE.jar:/home/stbenjam/.m2/repository/org/springframework/boot/spring-boot/1.5.10.RELEASE/spring-boot-1.5.10.RELEASE.jar:/home/stbenjam/.m2/repository/org/springframework/boot/spring-boot-autoconfigure/1.5.10.RELEASE/spring-boot-autoconfigure-1.5.10.RELEASE.jar:/home/stbenjam/.m2/repository/org/springframework/boot/spring-boot-starter-logging/1.5.10.RELEASE/spring-boot-starter-logging-1.5.10.RELEASE.jar:/home/stbenjam/.m2/repository/ch/qos/logback/logback-classic/1.1.11/logback-classic-1.1.11.jar:/home/stbenjam/.m2/repository/ch/qos/logback/logback-core/1.1.11/logback-core-1.1.11.jar:/home/stbenjam/.m2/repository/org/slf4j/jul-to-slf4j/1.7.25/jul-to-slf4j-1.7.25.jar:/home/stbenjam/.m2/repository/org/slf4j/log4j-over-slf4j/1.7.25/log4j-over-slf4j-1.7.25.jar:/home/stbenjam/.m2/repository/org/yaml/snakeyaml/1.17/snakeyaml-1.17.jar:/home/stbenjam/.m2/repository/com/fasterxml/jackson/core/jackson-annotations/2.8.0/jackson-annotations-2.8.0.jar:/home/stbenjam/.m2/repository/org/springframework/data/spring-data-rest-webmvc/2.6.10.RELEASE/spring-data-rest-webmvc-2.6.10.RELEASE.jar:/home/stbenjam/.m2/repository/org/springframework/data/spring-data-rest-core/2.6.10.RELEASE/spring-data-rest-core-2.6.10.RELEASE.jar:/home/stbenjam/.m2/repository/org/atteo/evo-inflector/1.2.2/evo-inflector-1.2.2.jar:/home/stbenjam/.m2/repository/org/slf4j/jcl-over-slf4j/1.7.25/jcl-over-slf4j-1.7.25.jar:/home/stbenjam/.m2/repository/org/springframework/boot/spring-boot-starter-web/1.5.10.RELEASE/spring-boot-starter-web-1.5.10.RELEASE.jar:/home/stbenjam/.m2/repository/org/springframework/boot/spring-boot-starter-tomcat/1.5.10.RELEASE/spring-boot-starter-tomcat-1.5.10.RELEASE.jar:/home/stbenjam/.m2/repository/org/apache/tomcat/embed/tomcat-embed-core/8.5.27/tomcat-embed-core-8.5.27.jar:/home/stbenjam/.m2/repository/org/apache/tomcat/tomcat-annotations-api/8.5.27/tomcat-annotations-api-8.5.27.jar:/home/stbenjam/.m2/repository/org/apache/tomcat/embed/tomcat-embed-el/8.5.27/tomcat-embed-el-8.5.27.jar:/home/stbenjam/.m2/repository/org/apache/tomcat/embed/tomcat-embed-websocket/8.5.27/tomcat-embed-websocket-8.5.27.jar:/home/stbenjam/.m2/repository/org/hibernate/hibernate-validator/5.3.6.Final/hibernate-validator-5.3.6.Final.jar:/home/stbenjam/.m2/repository/javax/validation/validation-api/1.1.0.Final/validation-api-1.1.0.Final.jar:/home/stbenjam/.m2/repository/org/jboss/logging/jboss-logging/3.3.1.Final/jboss-logging-3.3.1.Final.jar:/home/stbenjam/.m2/repository/org/springframework/spring-web/4.3.14.RELEASE/spring-web-4.3.14.RELEASE.jar:/home/stbenjam/.m2/repository/org/springframework/spring-webmvc/4.3.14.RELEASE/spring-webmvc-4.3.14.RELEASE.jar:/home/stbenjam/.m2/repository/org/springframework/spring-expression/4.3.14.RELEASE/spring-expression-4.3.14.RELEASE.jar:/home/stbenjam/.m2/repository/org/springframework/boot/spring-boot-starter-thymeleaf/1.5.10.RELEASE/spring-boot-starter-thymeleaf-1.5.10.RELEASE.jar:/home/stbenjam/.m2/repository/org/thymeleaf/thymeleaf-spring4/2.1.6.RELEASE/thymeleaf-spring4-2.1.6.RELEASE.jar:/home/stbenjam/.m2/repository/org/thymeleaf/thymeleaf/2.1.6.RELEASE/thymeleaf-2.1.6.RELEASE.jar:/home/stbenjam/.m2/repository/ognl/ognl/3.0.8/ognl-3.0.8.jar:/home/stbenjam/.m2/repository/org/unbescape/unbescape/1.1.0.RELEASE/unbescape-1.1.0.RELEASE.jar:/home/stbenjam/.m2/repository/nz/net/ultraq/thymeleaf/thymeleaf-layout-dialect/1.4.0/thymeleaf-layout-dialect-1.4.0.jar:/home/stbenjam/.m2/repository/org/codehaus/groovy/groovy/2.4.13/groovy-2.4.13.jar:/home/stbenjam/.m2/repository/org/springframework/boot/spring-boot-starter-test/1.5.10.RELEASE/spring-boot-starter-test-1.5.10.RELEASE.jar:/home/stbenjam/.m2/repository/org/springframework/boot/spring-boot-test/1.5.10.RELEASE/spring-boot-test-1.5.10.RELEASE.jar:/home/stbenjam/.m2/repository/org/springframework/boot/spring-boot-test-autoconfigure/1.5.10.RELEASE/spring-boot-test-autoconfigure-1.5.10.RELEASE.jar:/home/stbenjam/.m2/repository/com/jayway/jsonpath/json-path/2.2.0/json-path-2.2.0.jar:/home/stbenjam/.m2/repository/net/minidev/json-smart/2.2.1/json-smart-2.2.1.jar:/home/stbenjam/.m2/repository/net/minidev/accessors-smart/1.1/accessors-smart-1.1.jar:/home/stbenjam/.m2/repository/org/ow2/asm/asm/5.0.3/asm-5.0.3.jar:/home/stbenjam/.m2/repository/junit/junit/4.12/junit-4.12.jar:/home/stbenjam/.m2/repository/org/assertj/assertj-core/2.6.0/assertj-core-2.6.0.jar:/home/stbenjam/.m2/repository/org/mockito/mockito-core/1.10.19/mockito-core-1.10.19.jar:/home/stbenjam/.m2/repository/org/objenesis/objenesis/2.1/objenesis-2.1.jar:/home/stbenjam/.m2/repository/org/hamcrest/hamcrest-core/1.3/hamcrest-core-1.3.jar:/home/stbenjam/.m2/repository/org/hamcrest/hamcrest-library/1.3/hamcrest-library-1.3.jar:/home/stbenjam/.m2/repository/org/skyscreamer/jsonassert/1.4.0/jsonassert-1.4.0.jar:/home/stbenjam/.m2/repository/org/springframework/spring-core/4.3.14.RELEASE/spring-core-4.3.14.RELEASE.jar:/home/stbenjam/.m2/repository/org/springframework/spring-test/4.3.14.RELEASE/spring-test-4.3.14.RELEASE.jar:/home/stbenjam/.m2/repository/org/springframework/restdocs/spring-restdocs-mockmvc/1.1.3.RELEASE/spring-restdocs-mockmvc-1.1.3.RELEASE.jar:/home/stbenjam/.m2/repository/org/springframework/restdocs/spring-restdocs-core/1.1.3.RELEASE/spring-restdocs-core-1.1.3.RELEASE.jar:/home/stbenjam/.m2/repository/javax/servlet/javax.servlet-api/3.1.0/javax.servlet-api-3.1.0.jar:/home/stbenjam/.m2/repository/org/springframework/boot/spring-boot-starter-data-jpa/1.5.10.RELEASE/spring-boot-starter-data-jpa-1.5.10.RELEASE.jar:/home/stbenjam/.m2/repository/org/springframework/boot/spring-boot-starter-aop/1.5.10.RELEASE/spring-boot-starter-aop-1.5.10.RELEASE.jar:/home/stbenjam/.m2/repository/org/aspectj/aspectjweaver/1.8.13/aspectjweaver-1.8.13.jar:/home/stbenjam/.m2/repository/org/springframework/boot/spring-boot-starter-jdbc/1.5.10.RELEASE/spring-boot-starter-jdbc-1.5.10.RELEASE.jar:/home/stbenjam/.m2/repository/org/apache/tomcat/tomcat-jdbc/8.5.27/tomcat-jdbc-8.5.27.jar:/home/stbenjam/.m2/repository/org/apache/tomcat/tomcat-juli/8.5.27/tomcat-juli-8.5.27.jar:/home/stbenjam/.m2/repository/org/springframework/spring-jdbc/4.3.14.RELEASE/spring-jdbc-4.3.14.RELEASE.jar:/home/stbenjam/.m2/repository/org/hibernate/hibernate-core/5.0.12.Final/hibernate-core-5.0.12.Final.jar:/home/stbenjam/.m2/repository/org/hibernate/javax/persistence/hibernate-jpa-2.1-api/1.0.0.Final/hibernate-jpa-2.1-api-1.0.0.Final.jar:/home/stbenjam/.m2/repository/org/javassist/javassist/3.21.0-GA/javassist-3.21.0-GA.jar:/home/stbenjam/.m2/repository/antlr/antlr/2.7.7/antlr-2.7.7.jar:/home/stbenjam/.m2/repository/org/jboss/jandex/2.0.0.Final/jandex-2.0.0.Final.jar:/home/stbenjam/.m2/repository/dom4j/dom4j/1.6.1/dom4j-1.6.1.jar:/home/stbenjam/.m2/repository/org/hibernate/common/hibernate-commons-annotations/5.0.1.Final/hibernate-commons-annotations-5.0.1.Final.jar:/home/stbenjam/.m2/repository/org/hibernate/hibernate-entitymanager/5.0.12.Final/hibernate-entitymanager-5.0.12.Final.jar:/home/stbenjam/.m2/repository/javax/transaction/javax.transaction-api/1.2/javax.transaction-api-1.2.jar:/home/stbenjam/.m2/repository/org/springframework/data/spring-data-jpa/1.11.10.RELEASE/spring-data-jpa-1.11.10.RELEASE.jar:/home/stbenjam/.m2/repository/org/springframework/data/spring-data-commons/1.13.10.RELEASE/spring-data-commons-1.13.10.RELEASE.jar:/home/stbenjam/.m2/repository/org/springframework/spring-orm/4.3.14.RELEASE/spring-orm-4.3.14.RELEASE.jar:/home/stbenjam/.m2/repository/org/springframework/spring-tx/4.3.14.RELEASE/spring-tx-4.3.14.RELEASE.jar:/home/stbenjam/.m2/repository/org/springframework/spring-aspects/4.3.14.RELEASE/spring-aspects-4.3.14.RELEASE.jar:/home/stbenjam/.m2/repository/com/h2database/h2/1.4.196/h2-1.4.196.jar:/home/stbenjam/.m2/repository/org/postgresql/postgresql/9.4-1206-jdbc42/postgresql-9.4-1206-jdbc42.jar:/home/stbenjam/.m2/repository/log4j/log4j/1.2.17/log4j-1.2.17.jar:/home/stbenjam/.m2/repository/com/google/guava/guava/19.0/guava-19.0.jar:/home/stbenjam/.m2/repository/javax/mail/mail/1.4/mail-1.4.jar:/home/stbenjam/.m2/repository/javax/activation/activation/1.1/activation-1.1.jar:/home/stbenjam/.m2/repository/org/springframework/boot/spring-boot-starter-security/1.5.10.RELEASE/spring-boot-starter-security-1.5.10.RELEASE.jar:/home/stbenjam/.m2/repository/org/springframework/spring-aop/4.3.14.RELEASE/spring-aop-4.3.14.RELEASE.jar:/home/stbenjam/.m2/repository/org/springframework/security/spring-security-config/4.2.4.RELEASE/spring-security-config-4.2.4.RELEASE.jar:/home/stbenjam/.m2/repository/org/springframework/security/spring-security-web/4.2.4.RELEASE/spring-security-web-4.2.4.RELEASE.jar:/home/stbenjam/.m2/repository/org/springframework/boot/spring-boot-starter-mail/1.4.3.RELEASE/spring-boot-starter-mail-1.4.3.RELEASE.jar:/home/stbenjam/.m2/repository/org/springframework/spring-context/4.3.14.RELEASE/spring-context-4.3.14.RELEASE.jar:/home/stbenjam/.m2/repository/com/sun/mail/javax.mail/1.5.6/javax.mail-1.5.6.jar:/home/stbenjam/.m2/repository/com/icegreen/greenmail/1.5.5/greenmail-1.5.5.jar:/home/stbenjam/.m2/repository/org/slf4j/slf4j-api/1.7.25/slf4j-api-1.7.25.jar:/home/stbenjam/.m2/repository/org/springframework/security/spring-security-test/4.2.4.RELEASE/spring-security-test-4.2.4.RELEASE.jar:/home/stbenjam/.m2/repository/org/springframework/security/spring-security-core/4.2.4.RELEASE/spring-security-core-4.2.4.RELEASE.jar:/home/stbenjam/.m2/repository/aopalliance/aopalliance/1.0/aopalliance-1.0.jar:/home/stbenjam/.m2/repository/org/springframework/security/oauth/spring-security-oauth2/2.0.14.RELEASE/spring-security-oauth2-2.0.14.RELEASE.jar:/home/stbenjam/.m2/repository/org/springframework/spring-beans/4.3.14.RELEASE/spring-beans-4.3.14.RELEASE.jar:/home/stbenjam/.m2/repository/commons-codec/commons-codec/1.10/commons-codec-1.10.jar:/home/stbenjam/.m2/repository/org/codehaus/jackson/jackson-mapper-asl/1.9.13/jackson-mapper-asl-1.9.13.jar:/home/stbenjam/.m2/repository/org/codehaus/jackson/jackson-core-asl/1.9.13/jackson-core-asl-1.9.13.jar:/home/stbenjam/.m2/repository/io/springfox/springfox-swagger2/2.8.0/springfox-swagger2-2.8.0.jar:/home/stbenjam/.m2/repository/io/swagger/swagger-annotations/1.5.14/swagger-annotations-1.5.14.jar:/home/stbenjam/.m2/repository/io/swagger/swagger-models/1.5.14/swagger-models-1.5.14.jar:/home/stbenjam/.m2/repository/io/springfox/springfox-spi/2.8.0/springfox-spi-2.8.0.jar:/home/stbenjam/.m2/repository/io/springfox/springfox-core/2.8.0/springfox-core-2.8.0.jar:/home/stbenjam/.m2/repository/net/bytebuddy/byte-buddy/1.7.9/byte-buddy-1.7.9.jar:/home/stbenjam/.m2/repository/io/springfox/springfox-schema/2.8.0/springfox-schema-2.8.0.jar:/home/stbenjam/.m2/repository/io/springfox/springfox-swagger-common/2.8.0/springfox-swagger-common-2.8.0.jar:/home/stbenjam/.m2/repository/io/springfox/springfox-spring-web/2.8.0/springfox-spring-web-2.8.0.jar:/home/stbenjam/.m2/repository/org/reflections/reflections/0.9.11/reflections-0.9.11.jar:/home/stbenjam/.m2/repository/com/fasterxml/classmate/1.3.4/classmate-1.3.4.jar:/home/stbenjam/.m2/repository/org/springframework/plugin/spring-plugin-core/1.2.0.RELEASE/spring-plugin-core-1.2.0.RELEASE.jar:/home/stbenjam/.m2/repository/org/springframework/plugin/spring-plugin-metadata/1.2.0.RELEASE/spring-plugin-metadata-1.2.0.RELEASE.jar:/home/stbenjam/.m2/repository/org/mapstruct/mapstruct/1.2.0.Final/mapstruct-1.2.0.Final.jar:/home/stbenjam/.m2/repository/io/springfox/springfox-swagger-ui/2.8.0/springfox-swagger-ui-2.8.0.jar:/home/stbenjam/.m2/repository/io/springfox/springfox-data-rest/2.8.0/springfox-data-rest-2.8.0.jar:/home/stbenjam/.m2/repository/org/springframework/hateoas/spring-hateoas/0.23.0.RELEASE/spring-hateoas-0.23.0.RELEASE.jar:/home/stbenjam/.m2/repository/org/usb4java/usb4java-javax/1.2.0/usb4java-javax-1.2.0.jar:/home/stbenjam/.m2/repository/javax/usb/usb-api/1.0.2/usb-api-1.0.2.jar:/home/stbenjam/.m2/repository/org/apache/commons/commons-lang3/3.2.1/commons-lang3-3.2.1.jar:/home/stbenjam/.m2/repository/org/usb4java/usb4java/1.2.0/usb4java-1.2.0.jar:/home/stbenjam/.m2/repository/org/usb4java/libusb4java/1.2.0/libusb4java-1.2.0-linux-x86.jar:/home/stbenjam/.m2/repository/org/usb4java/libusb4java/1.2.0/libusb4java-1.2.0-linux-x86_64.jar:/home/stbenjam/.m2/repository/org/usb4java/libusb4java/1.2.0/libusb4java-1.2.0-linux-arm.jar:/home/stbenjam/.m2/repository/org/usb4java/libusb4java/1.2.0/libusb4java-1.2.0-windows-x86.jar:/home/stbenjam/.m2/repository/org/usb4java/libusb4java/1.2.0/libusb4java-1.2.0-windows-x86_64.jar:/home/stbenjam/.m2/repository/org/usb4java/libusb4java/1.2.0/libusb4java-1.2.0-osx-x86.jar:/home/stbenjam/.m2/repository/org/usb4java/libusb4java/1.2.0/libusb4java-1.2.0-osx-x86_64.jar:/home/stbenjam/.m2/repository/org/mockito/mockito-all/1.9.5/mockito-all-1.9.5.jar:/home/stbenjam/.m2/repository/com/fasterxml/jackson/core/jackson-databind/2.5.0/jackson-databind-2.5.0.jar:/home/stbenjam/.m2/repository/com/fasterxml/jackson/core/jackson-core/2.8.10/jackson-core-2.8.10.jar:/home/stbenjam/.m2/repository/com/vaadin/external/google/android-json/0.0.20131108.vaadin1/android-json-0.0.20131108.vaadin1.jar:/home/stbenjam/.m2/repository/com/tngtech/java/junit-dataprovider/1.13.1/junit-dataprovider-1.13.1.jar:/home/stbenjam/.m2/repository/org/springframework/spring-context-support/3.2.0.RELEASE/spring-context-support-3.2.0.RELEASE.jar:, java.specification.name=Java Platform API Specification, java.class.version=52.0, sun.management.compiler=HotSpot 64-Bit Tiered Compilers, os.version=4.14.14-300.fc27.x86_64, user.home=/home/stbenjam, user.timezone=America/New_York, java.awt.printerjob=sun.print.PSPrinterJob, file.encoding=UTF-8, java.specification.version=1.8, java.class.path=/home/stbenjam/git/h2ms/target/test-classes:/home/stbenjam/git/h2ms/target/classes:/home/stbenjam/.m2/repository/org/springframework/boot/spring-boot-starter-data-rest/1.5.10.RELEASE/spring-boot-starter-data-rest-1.5.10.RELEASE.jar:/home/stbenjam/.m2/repository/org/springframework/boot/spring-boot-starter/1.5.10.RELEASE/spring-boot-starter-1.5.10.RELEASE.jar:/home/stbenjam/.m2/repository/org/springframework/boot/spring-boot/1.5.10.RELEASE/spring-boot-1.5.10.RELEASE.jar:/home/stbenjam/.m2/repository/org/springframework/boot/spring-boot-autoconfigure/1.5.10.RELEASE/spring-boot-autoconfigure-1.5.10.RELEASE.jar:/home/stbenjam/.m2/repository/org/springframework/boot/spring-boot-starter-logging/1.5.10.RELEASE/spring-boot-starter-logging-1.5.10.RELEASE.jar:/home/stbenjam/.m2/repository/ch/qos/logback/logback-classic/1.1.11/logback-classic-1.1.11.jar:/home/stbenjam/.m2/repository/ch/qos/logback/logback-core/1.1.11/logback-core-1.1.11.jar:/home/stbenjam/.m2/repository/org/slf4j/jul-to-slf4j/1.7.25/jul-to-slf4j-1.7.25.jar:/home/stbenjam/.m2/repository/org/slf4j/log4j-over-slf4j/1.7.25/log4j-over-slf4j-1.7.25.jar:/home/stbenjam/.m2/repository/org/yaml/snakeyaml/1.17/snakeyaml-1.17.jar:/home/stbenjam/.m2/repository/com/fasterxml/jackson/core/jackson-annotations/2.8.0/jackson-annotations-2.8.0.jar:/home/stbenjam/.m2/repository/org/springframework/data/spring-data-rest-webmvc/2.6.10.RELEASE/spring-data-rest-webmvc-2.6.10.RELEASE.jar:/home/stbenjam/.m2/repository/org/springframework/data/spring-data-rest-core/2.6.10.RELEASE/spring-data-rest-core-2.6.10.RELEASE.jar:/home/stbenjam/.m2/repository/org/atteo/evo-inflector/1.2.2/evo-inflector-1.2.2.jar:/home/stbenjam/.m2/repository/org/slf4j/jcl-over-slf4j/1.7.25/jcl-over-slf4j-1.7.25.jar:/home/stbenjam/.m2/repository/org/springframework/boot/spring-boot-starter-web/1.5.10.RELEASE/spring-boot-starter-web-1.5.10.RELEASE.jar:/home/stbenjam/.m2/repository/org/springframework/boot/spring-boot-starter-tomcat/1.5.10.RELEASE/spring-boot-starter-tomcat-1.5.10.RELEASE.jar:/home/stbenjam/.m2/repository/org/apache/tomcat/embed/tomcat-embed-core/8.5.27/tomcat-embed-core-8.5.27.jar:/home/stbenjam/.m2/repository/org/apache/tomcat/tomcat-annotations-api/8.5.27/tomcat-annotations-api-8.5.27.jar:/home/stbenjam/.m2/repository/org/apache/tomcat/embed/tomcat-embed-el/8.5.27/tomcat-embed-el-8.5.27.jar:/home/stbenjam/.m2/repository/org/apache/tomcat/embed/tomcat-embed-websocket/8.5.27/tomcat-embed-websocket-8.5.27.jar:/home/stbenjam/.m2/repository/org/hibernate/hibernate-validator/5.3.6.Final/hibernate-validator-5.3.6.Final.jar:/home/stbenjam/.m2/repository/javax/validation/validation-api/1.1.0.Final/validation-api-1.1.0.Final.jar:/home/stbenjam/.m2/repository/org/jboss/logging/jboss-logging/3.3.1.Final/jboss-logging-3.3.1.Final.jar:/home/stbenjam/.m2/repository/org/springframework/spring-web/4.3.14.RELEASE/spring-web-4.3.14.RELEASE.jar:/home/stbenjam/.m2/repository/org/springframework/spring-webmvc/4.3.14.RELEASE/spring-webmvc-4.3.14.RELEASE.jar:/home/stbenjam/.m2/repository/org/springframework/spring-expression/4.3.14.RELEASE/spring-expression-4.3.14.RELEASE.jar:/home/stbenjam/.m2/repository/org/springframework/boot/spring-boot-starter-thymeleaf/1.5.10.RELEASE/spring-boot-starter-thymeleaf-1.5.10.RELEASE.jar:/home/stbenjam/.m2/repository/org/thymeleaf/thymeleaf-spring4/2.1.6.RELEASE/thymeleaf-spring4-2.1.6.RELEASE.jar:/home/stbenjam/.m2/repository/org/thymeleaf/thymeleaf/2.1.6.RELEASE/thymeleaf-2.1.6.RELEASE.jar:/home/stbenjam/.m2/repository/ognl/ognl/3.0.8/ognl-3.0.8.jar:/home/stbenjam/.m2/repository/org/unbescape/unbescape/1.1.0.RELEASE/unbescape-1.1.0.RELEASE.jar:/home/stbenjam/.m2/repository/nz/net/ultraq/thymeleaf/thymeleaf-layout-dialect/1.4.0/thymeleaf-layout-dialect-1.4.0.jar:/home/stbenjam/.m2/repository/org/codehaus/groovy/groovy/2.4.13/groovy-2.4.13.jar:/home/stbenjam/.m2/repository/org/springframework/boot/spring-boot-starter-test/1.5.10.RELEASE/spring-boot-starter-test-1.5.10.RELEASE.jar:/home/stbenjam/.m2/repository/org/springframework/boot/spring-boot-test/1.5.10.RELEASE/spring-boot-test-1.5.10.RELEASE.jar:/home/stbenjam/.m2/repository/org/springframework/boot/spring-boot-test-autoconfigure/1.5.10.RELEASE/spring-boot-test-autoconfigure-1.5.10.RELEASE.jar:/home/stbenjam/.m2/repository/com/jayway/jsonpath/json-path/2.2.0/json-path-2.2.0.jar:/home/stbenjam/.m2/repository/net/minidev/json-smart/2.2.1/json-smart-2.2.1.jar:/home/stbenjam/.m2/repository/net/minidev/accessors-smart/1.1/accessors-smart-1.1.jar:/home/stbenjam/.m2/repository/org/ow2/asm/asm/5.0.3/asm-5.0.3.jar:/home/stbenjam/.m2/repository/junit/junit/4.12/junit-4.12.jar:/home/stbenjam/.m2/repository/org/assertj/assertj-core/2.6.0/assertj-core-2.6.0.jar:/home/stbenjam/.m2/repository/org/mockito/mockito-core/1.10.19/mockito-core-1.10.19.jar:/home/stbenjam/.m2/repository/org/objenesis/objenesis/2.1/objenesis-2.1.jar:/home/stbenjam/.m2/repository/org/hamcrest/hamcrest-core/1.3/hamcrest-core-1.3.jar:/home/stbenjam/.m2/repository/org/hamcrest/hamcrest-library/1.3/hamcrest-library-1.3.jar:/home/stbenjam/.m2/repository/org/skyscreamer/jsonassert/1.4.0/jsonassert-1.4.0.jar:/home/stbenjam/.m2/repository/org/springframework/spring-core/4.3.14.RELEASE/spring-core-4.3.14.RELEASE.jar:/home/stbenjam/.m2/repository/org/springframework/spring-test/4.3.14.RELEASE/spring-test-4.3.14.RELEASE.jar:/home/stbenjam/.m2/repository/org/springframework/restdocs/spring-restdocs-mockmvc/1.1.3.RELEASE/spring-restdocs-mockmvc-1.1.3.RELEASE.jar:/home/stbenjam/.m2/repository/org/springframework/restdocs/spring-restdocs-core/1.1.3.RELEASE/spring-restdocs-core-1.1.3.RELEASE.jar:/home/stbenjam/.m2/repository/javax/servlet/javax.servlet-api/3.1.0/javax.servlet-api-3.1.0.jar:/home/stbenjam/.m2/repository/org/springframework/boot/spring-boot-starter-data-jpa/1.5.10.RELEASE/spring-boot-starter-data-jpa-1.5.10.RELEASE.jar:/home/stbenjam/.m2/repository/org/springframework/boot/spring-boot-starter-aop/1.5.10.RELEASE/spring-boot-starter-aop-1.5.10.RELEASE.jar:/home/stbenjam/.m2/repository/org/aspectj/aspectjweaver/1.8.13/aspectjweaver-1.8.13.jar:/home/stbenjam/.m2/repository/org/springframework/boot/spring-boot-starter-jdbc/1.5.10.RELEASE/spring-boot-starter-jdbc-1.5.10.RELEASE.jar:/home/stbenjam/.m2/repository/org/apache/tomcat/tomcat-jdbc/8.5.27/tomcat-jdbc-8.5.27.jar:/home/stbenjam/.m2/repository/org/apache/tomcat/tomcat-juli/8.5.27/tomcat-juli-8.5.27.jar:/home/stbenjam/.m2/repository/org/springframework/spring-jdbc/4.3.14.RELEASE/spring-jdbc-4.3.14.RELEASE.jar:/home/stbenjam/.m2/repository/org/hibernate/hibernate-core/5.0.12.Final/hibernate-core-5.0.12.Final.jar:/home/stbenjam/.m2/repository/org/hibernate/javax/persistence/hibernate-jpa-2.1-api/1.0.0.Final/hibernate-jpa-2.1-api-1.0.0.Final.jar:/home/stbenjam/.m2/repository/org/javassist/javassist/3.21.0-GA/javassist-3.21.0-GA.jar:/home/stbenjam/.m2/repository/antlr/antlr/2.7.7/antlr-2.7.7.jar:/home/stbenjam/.m2/repository/org/jboss/jandex/2.0.0.Final/jandex-2.0.0.Final.jar:/home/stbenjam/.m2/repository/dom4j/dom4j/1.6.1/dom4j-1.6.1.jar:/home/stbenjam/.m2/repository/org/hibernate/common/hibernate-commons-annotations/5.0.1.Final/hibernate-commons-annotations-5.0.1.Final.jar:/home/stbenjam/.m2/repository/org/hibernate/hibernate-entitymanager/5.0.12.Final/hibernate-entitymanager-5.0.12.Final.jar:/home/stbenjam/.m2/repository/javax/transaction/javax.transaction-api/1.2/javax.transaction-api-1.2.jar:/home/stbenjam/.m2/repository/org/springframework/data/spring-data-jpa/1.11.10.RELEASE/spring-data-jpa-1.11.10.RELEASE.jar:/home/stbenjam/.m2/repository/org/springframework/data/spring-data-commons/1.13.10.RELEASE/spring-data-commons-1.13.10.RELEASE.jar:/home/stbenjam/.m2/repository/org/springframework/spring-orm/4.3.14.RELEASE/spring-orm-4.3.14.RELEASE.jar:/home/stbenjam/.m2/repository/org/springframework/spring-tx/4.3.14.RELEASE/spring-tx-4.3.14.RELEASE.jar:/home/stbenjam/.m2/repository/org/springframework/spring-aspects/4.3.14.RELEASE/spring-aspects-4.3.14.RELEASE.jar:/home/stbenjam/.m2/repository/com/h2database/h2/1.4.196/h2-1.4.196.jar:/home/stbenjam/.m2/repository/org/postgresql/postgresql/9.4-1206-jdbc42/postgresql-9.4-1206-jdbc42.jar:/home/stbenjam/.m2/repository/log4j/log4j/1.2.17/log4j-1.2.17.jar:/home/stbenjam/.m2/repository/com/google/guava/guava/19.0/guava-19.0.jar:/home/stbenjam/.m2/repository/javax/mail/mail/1.4/mail-1.4.jar:/home/stbenjam/.m2/repository/javax/activation/activation/1.1/activation-1.1.jar:/home/stbenjam/.m2/repository/org/springframework/boot/spring-boot-starter-security/1.5.10.RELEASE/spring-boot-starter-security-1.5.10.RELEASE.jar:/home/stbenjam/.m2/repository/org/springframework/spring-aop/4.3.14.RELEASE/spring-aop-4.3.14.RELEASE.jar:/home/stbenjam/.m2/repository/org/springframework/security/spring-security-config/4.2.4.RELEASE/spring-security-config-4.2.4.RELEASE.jar:/home/stbenjam/.m2/repository/org/springframework/security/spring-security-web/4.2.4.RELEASE/spring-security-web-4.2.4.RELEASE.jar:/home/stbenjam/.m2/repository/org/springframework/boot/spring-boot-starter-mail/1.4.3.RELEASE/spring-boot-starter-mail-1.4.3.RELEASE.jar:/home/stbenjam/.m2/repository/org/springframework/spring-context/4.3.14.RELEASE/spring-context-4.3.14.RELEASE.jar:/home/stbenjam/.m2/repository/com/sun/mail/javax.mail/1.5.6/javax.mail-1.5.6.jar:/home/stbenjam/.m2/repository/com/icegreen/greenmail/1.5.5/greenmail-1.5.5.jar:/home/stbenjam/.m2/repository/org/slf4j/slf4j-api/1.7.25/slf4j-api-1.7.25.jar:/home/stbenjam/.m2/repository/org/springframework/security/spring-security-test/4.2.4.RELEASE/spring-security-test-4.2.4.RELEASE.jar:/home/stbenjam/.m2/repository/org/springframework/security/spring-security-core/4.2.4.RELEASE/spring-security-core-4.2.4.RELEASE.jar:/home/stbenjam/.m2/repository/aopalliance/aopalliance/1.0/aopalliance-1.0.jar:/home/stbenjam/.m2/repository/org/springframework/security/oauth/spring-security-oauth2/2.0.14.RELEASE/spring-security-oauth2-2.0.14.RELEASE.jar:/home/stbenjam/.m2/repository/org/springframework/spring-beans/4.3.14.RELEASE/spring-beans-4.3.14.RELEASE.jar:/home/stbenjam/.m2/repository/commons-codec/commons-codec/1.10/commons-codec-1.10.jar:/home/stbenjam/.m2/repository/org/codehaus/jackson/jackson-mapper-asl/1.9.13/jackson-mapper-asl-1.9.13.jar:/home/stbenjam/.m2/repository/org/codehaus/jackson/jackson-core-asl/1.9.13/jackson-core-asl-1.9.13.jar:/home/stbenjam/.m2/repository/io/springfox/springfox-swagger2/2.8.0/springfox-swagger2-2.8.0.jar:/home/stbenjam/.m2/repository/io/swagger/swagger-annotations/1.5.14/swagger-annotations-1.5.14.jar:/home/stbenjam/.m2/repository/io/swagger/swagger-models/1.5.14/swagger-models-1.5.14.jar:/home/stbenjam/.m2/repository/io/springfox/springfox-spi/2.8.0/springfox-spi-2.8.0.jar:/home/stbenjam/.m2/repository/io/springfox/springfox-core/2.8.0/springfox-core-2.8.0.jar:/home/stbenjam/.m2/repository/net/bytebuddy/byte-buddy/1.7.9/byte-buddy-1.7.9.jar:/home/stbenjam/.m2/repository/io/springfox/springfox-schema/2.8.0/springfox-schema-2.8.0.jar:/home/stbenjam/.m2/repository/io/springfox/springfox-swagger-common/2.8.0/springfox-swagger-common-2.8.0.jar:/home/stbenjam/.m2/repository/io/springfox/springfox-spring-web/2.8.0/springfox-spring-web-2.8.0.jar:/home/stbenjam/.m2/repository/org/reflections/reflections/0.9.11/reflections-0.9.11.jar:/home/stbenjam/.m2/repository/com/fasterxml/classmate/1.3.4/classmate-1.3.4.jar:/home/stbenjam/.m2/repository/org/springframework/plugin/spring-plugin-core/1.2.0.RELEASE/spring-plugin-core-1.2.0.RELEASE.jar:/home/stbenjam/.m2/repository/org/springframework/plugin/spring-plugin-metadata/1.2.0.RELEASE/spring-plugin-metadata-1.2.0.RELEASE.jar:/home/stbenjam/.m2/repository/org/mapstruct/mapstruct/1.2.0.Final/mapstruct-1.2.0.Final.jar:/home/stbenjam/.m2/repository/io/springfox/springfox-swagger-ui/2.8.0/springfox-swagger-ui-2.8.0.jar:/home/stbenjam/.m2/repository/io/springfox/springfox-data-rest/2.8.0/springfox-data-rest-2.8.0.jar:/home/stbenjam/.m2/repository/org/springframework/hateoas/spring-hateoas/0.23.0.RELEASE/spring-hateoas-0.23.0.RELEASE.jar:/home/stbenjam/.m2/repository/org/usb4java/usb4java-javax/1.2.0/usb4java-javax-1.2.0.jar:/home/stbenjam/.m2/repository/javax/usb/usb-api/1.0.2/usb-api-1.0.2.jar:/home/stbenjam/.m2/repository/org/apache/commons/commons-lang3/3.2.1/commons-lang3-3.2.1.jar:/home/stbenjam/.m2/repository/org/usb4java/usb4java/1.2.0/usb4java-1.2.0.jar:/home/stbenjam/.m2/repository/org/usb4java/libusb4java/1.2.0/libusb4java-1.2.0-linux-x86.jar:/home/stbenjam/.m2/repository/org/usb4java/libusb4java/1.2.0/libusb4java-1.2.0-linux-x86_64.jar:/home/stbenjam/.m2/repository/org/usb4java/libusb4java/1.2.0/libusb4java-1.2.0-linux-arm.jar:/home/stbenjam/.m2/repository/org/usb4java/libusb4java/1.2.0/libusb4java-1.2.0-windows-x86.jar:/home/stbenjam/.m2/repository/org/usb4java/libusb4java/1.2.0/libusb4java-1.2.0-windows-x86_64.jar:/home/stbenjam/.m2/repository/org/usb4java/libusb4java/1.2.0/libusb4java-1.2.0-osx-x86.jar:/home/stbenjam/.m2/repository/org/usb4java/libusb4java/1.2.0/libusb4java-1.2.0-osx-x86_64.jar:/home/stbenjam/.m2/repository/org/mockito/mockito-all/1.9.5/mockito-all-1.9.5.jar:/home/stbenjam/.m2/repository/com/fasterxml/jackson/core/jackson-databind/2.5.0/jackson-databind-2.5.0.jar:/home/stbenjam/.m2/repository/com/fasterxml/jackson/core/jackson-core/2.8.10/jackson-core-2.8.10.jar:/home/stbenjam/.m2/repository/com/vaadin/external/google/android-json/0.0.20131108.vaadin1/android-json-0.0.20131108.vaadin1.jar:/home/stbenjam/.m2/repository/com/tngtech/java/junit-dataprovider/1.13.1/junit-dataprovider-1.13.1.jar:/home/stbenjam/.m2/repository/org/springframework/spring-context-support/3.2.0.RELEASE/spring-context-support-3.2.0.RELEASE.jar:, user.name=stbenjam, java.vm.specification.version=1.8, sun.java.command=/home/stbenjam/git/h2ms/target/surefire/surefirebooter4478042733021414321.jar /home/stbenjam/git/h2ms/target/surefire/surefire602509062644399573tmp /home/stbenjam/git/h2ms/target/surefire/surefire_08659671123201472941tmp, java.home=/usr/lib/jvm/java-1.8.0-openjdk-1.8.0.161-0.b14.fc27.x86_64/jre, sun.arch.data.model=64, user.language=en, java.specification.vendor=Oracle Corporation, awt.toolkit=sun.awt.X11.XToolkit, java.vm.info=mixed mode, java.version=1.8.0_161, java.ext.dirs=/usr/lib/jvm/java-1.8.0-openjdk-1.8.0.161-0.b14.fc27.x86_64/jre/lib/ext:/usr/java/packages/lib/ext, sun.boot.class.path=/usr/lib/jvm/java-1.8.0-openjdk-1.8.0.161-0.b14.fc27.x86_64/jre/lib/resources.jar:/usr/lib/jvm/java-1.8.0-openjdk-1.8.0.161-0.b14.fc27.x86_64/jre/lib/rt.jar:/usr/lib/jvm/java-1.8.0-openjdk-1.8.0.161-0.b14.fc27.x86_64/jre/lib/sunrsasign.jar:/usr/lib/jvm/java-1.8.0-openjdk-1.8.0.161-0.b14.fc27.x86_64/jre/lib/jsse.jar:/usr/lib/jvm/java-1.8.0-openjdk-1.8.0.161-0.b14.fc27.x86_64/jre/lib/jce.jar:/usr/lib/jvm/java-1.8.0-openjdk-1.8.0.161-0.b14.fc27.x86_64/jre/lib/charsets.jar:/usr/lib/jvm/java-1.8.0-openjdk-1.8.0.161-0.b14.fc27.x86_64/jre/lib/jfr.jar:/usr/lib/jvm/java-1.8.0-openjdk-1.8.0.161-0.b14.fc27.x86_64/jre/classes, java.vendor=Oracle Corporation, localRepository=/home/stbenjam/.m2/repository, file.separator=/, java.vendor.url.bug=http://bugreport.sun.com/bugreport/, sun.io.unicode.encoding=UnicodeLittle, sun.cpu.endian=little, sun.desktop=gnome, sun.cpu.isalist=}}, SystemEnvironmentPropertySource@905735620 {name='systemEnvironment', properties={IRBRC=/home/stbenjam/.rvm/rubies/ruby-2.3.3/.irbrc, PATH=/home/stbenjam/.rvm/gems/ruby-2.3.3/bin:/home/stbenjam/.rvm/gems/ruby-2.3.3@global/bin:/home/stbenjam/.rvm/rubies/ruby-2.3.3/bin:/usr/local/bin:/usr/bin:/bin:/usr/local/sbin:/usr/sbin:/home/stbenjam/.local/bin:/home/stbenjam/bin:/home/stbenjam/.rvm/bin, rvm_silent_flag=, HISTCONTROL=ignoredups, XMODIFIERS=@im=ibus, GDMSESSION=gnome-xorg, rvm_quiet_flag=, GUESTFISH_RESTORE=\e[0m, DBUS_SESSION_BUS_ADDRESS=unix:path=/run/user/1000/bus,guid=0ff0c73f492cc1dc3846ae835aac7cd0, COLORTERM=truecolor, rvm_ruby_make_install=, rvm_niceness=, SESSION_MANAGER=local/unix:@/tmp/.ICE-unix/1818,unix/unix:/tmp/.ICE-unix/1818, USERNAME=stbenjam, rvm_version=1.29.1 (latest), PWD=/home/stbenjam/git/h2ms, MANAGERPID=1759, LESSOPEN=||/usr/bin/lesspipe.sh %s, PAGER=less, QTINC=/usr/lib64/qt-3.3/include, rvm_hook=, rvm_wrapper_name=, MY_RUBY_HOME=/home/stbenjam/.rvm/rubies/ruby-2.3.3, rvm_nightly_flag=, ZSH=/home/stbenjam/.oh-my-zsh, rvm_path=/home/stbenjam/.rvm, GUESTFISH_INIT=\e[1;34m, GNOME_DESKTOP_SESSION_ID=this-is-deprecated, SYSTEMD_NSS_BYPASS_BUS=1, DBUS_STARTER_ADDRESS=unix:path=/run/user/1000/bus,guid=0ff0c73f492cc1dc3846ae835aac7cd0, LC_CTYPE=en_US.UTF-8, SHLVL=2, LOADEDMODULES=, HISTSIZE=10000, JAVA_HOME=/usr/lib/jvm/java-1.8.0-openjdk-1.8.0.161-0.b14.fc27.x86_64, TERM=xterm-256color, XDG_SESSION_ID=2, rvm_script_name=, rvm_ruby_make=, rvm_docs_type=, _=/usr/lib/jvm/java-1.8.0-openjdk-1.8.0.161-0.b14.fc27.x86_64/jre/bin/java, MAVEN_PROJECTBASEDIR=/home/stbenjam/git/h2ms, DESKTOP_SESSION=gnome-xorg, XDG_MENU_PREFIX=gnome-, VTE_VERSION=5002, rvm_alias_expanded=, rvm_ruby_bits=, GEM_PATH=/home/stbenjam/.rvm/gems/ruby-2.3.3:/home/stbenjam/.rvm/gems/ruby-2.3.3@global, TILIX_ID=df6230d2-2679-42ab-bd7f-667d05988153, XAUTHORITY=/run/user/1000/gdm/Xauthority, INVOCATION_ID=2a8a59bd24d3424f8a519125eeaea755, XDG_DATA_DIRS=/home/stbenjam/.local/share/flatpak/exports/share/:/var/lib/flatpak/exports/share/:/usr/local/share/:/usr/share/, MODULEPATH=/etc/scl/modulefiles:/etc/scl/modulefiles:/usr/share/Modules/modulefiles:/etc/modulefiles:/usr/share/modulefiles, rvm_bin_flag=, VAGRANT_DEFAULT_PROVIDER=libvirt, XDG_CURRENT_DESKTOP=GNOME, JOURNAL_STREAM=9:35277, MAIL=/var/spool/mail/stbenjam, rvm_ruby_mode=, LOGNAME=stbenjam, rvm_proxy=, SHELL=/bin/zsh, rvm_sdk=, OLDPWD=/home/stbenjam/git/h2ms, GEM_HOME=/home/stbenjam/.rvm/gems/ruby-2.3.3, rvm_use_flag=, GIT=/bin/git, RUBY_VERSION=ruby-2.3.3, _system_name=Fedora, LESS=-R, XDG_SESSION_DESKTOP=gnome-xorg, LS_COLORS=rs=0:di=38;5;33:ln=38;5;51:mh=00:pi=40;38;5;11:so=38;5;13:do=38;5;5:bd=48;5;232;38;5;11:cd=48;5;232;38;5;3:or=48;5;232;38;5;9:mi=01;05;37;41:su=48;5;196;38;5;15:sg=48;5;11;38;5;16:ca=48;5;196;38;5;226:tw=48;5;10;38;5;16:ow=48;5;10;38;5;21:st=48;5;21;38;5;15:ex=38;5;40:*.tar=38;5;9:*.tgz=38;5;9:*.arc=38;5;9:*.arj=38;5;9:*.taz=38;5;9:*.lha=38;5;9:*.lz4=38;5;9:*.lzh=38;5;9:*.lzma=38;5;9:*.tlz=38;5;9:*.txz=38;5;9:*.tzo=38;5;9:*.t7z=38;5;9:*.zip=38;5;9:*.z=38;5;9:*.Z=38;5;9:*.dz=38;5;9:*.gz=38;5;9:*.lrz=38;5;9:*.lz=38;5;9:*.lzo=38;5;9:*.xz=38;5;9:*.zst=38;5;9:*.tzst=38;5;9:*.bz2=38;5;9:*.bz=38;5;9:*.tbz=38;5;9:*.tbz2=38;5;9:*.tz=38;5;9:*.deb=38;5;9:*.rpm=38;5;9:*.jar=38;5;9:*.war=38;5;9:*.ear=38;5;9:*.sar=38;5;9:*.rar=38;5;9:*.alz=38;5;9:*.ace=38;5;9:*.zoo=38;5;9:*.cpio=38;5;9:*.7z=38;5;9:*.rz=38;5;9:*.cab=38;5;9:*.wim=38;5;9:*.swm=38;5;9:*.dwm=38;5;9:*.esd=38;5;9:*.jpg=38;5;13:*.jpeg=38;5;13:*.mjpg=38;5;13:*.mjpeg=38;5;13:*.gif=38;5;13:*.bmp=38;5;13:*.pbm=38;5;13:*.pgm=38;5;13:*.ppm=38;5;13:*.tga=38;5;13:*.xbm=38;5;13:*.xpm=38;5;13:*.tif=38;5;13:*.tiff=38;5;13:*.png=38;5;13:*.svg=38;5;13:*.svgz=38;5;13:*.mng=38;5;13:*.pcx=38;5;13:*.mov=38;5;13:*.mpg=38;5;13:*.mpeg=38;5;13:*.m2v=38;5;13:*.mkv=38;5;13:*.webm=38;5;13:*.ogm=38;5;13:*.mp4=38;5;13:*.m4v=38;5;13:*.mp4v=38;5;13:*.vob=38;5;13:*.qt=38;5;13:*.nuv=38;5;13:*.wmv=38;5;13:*.asf=38;5;13:*.rm=38;5;13:*.rmvb=38;5;13:*.flc=38;5;13:*.avi=38;5;13:*.fli=38;5;13:*.flv=38;5;13:*.gl=38;5;13:*.dl=38;5;13:*.xcf=38;5;13:*.xwd=38;5;13:*.yuv=38;5;13:*.cgm=38;5;13:*.emf=38;5;13:*.ogv=38;5;13:*.ogx=38;5;13:*.aac=38;5;45:*.au=38;5;45:*.flac=38;5;45:*.m4a=38;5;45:*.mid=38;5;45:*.midi=38;5;45:*.mka=38;5;45:*.mp3=38;5;45:*.mpc=38;5;45:*.ogg=38;5;45:*.ra=38;5;45:*.wav=38;5;45:*.oga=38;5;45:*.opus=38;5;45:*.spx=38;5;45:*.xspf=38;5;45:, rvm_gemstone_package_file=, _system_arch=x86_64, rvm_bin_path=/home/stbenjam/.rvm/bin, QT_IM_MODULE=ibus, rvm_only_path_flag=, rvm_prefix=/home/stbenjam, LANG=en_US.UTF-8, XDG_SESSION_TYPE=x11, DISPLAY=:0, rvm_gemstone_url=, GDM_LANG=en_US.UTF-8, GUESTFISH_PS1=\[\e[1;32m\]><fs>\[\e[0;31m\] , LSCOLORS=Gxfxcxdxbxegedabagacad, _system_type=Linux, _system_version=27, GPG_TTY=/dev/pts/1, USER=stbenjam, rvm_ruby_file=, WINDOWPATH=2, XDG_SEAT=seat0, SSH_AUTH_SOCK=/run/user/1000/keyring/ssh, EDITOR=vim, HOSTNAME=ancient.bitbin.de, MODULESHOME=/usr/share/Modules, QTDIR=/usr/lib64/qt-3.3, XDG_RUNTIME_DIR=/run/user/1000, XDG_VTNR=2, GUESTFISH_OUTPUT=\e[0m, DBUS_STARTER_BUS_TYPE=session, QTLIB=/usr/lib64/qt-3.3/lib, HOME=/home/stbenjam}}]
21:13:06.004 [main] DEBUG org.springframework.core.io.support.PathMatchingResourcePatternResolver - Resolved classpath location [edu/harvard/h2ms/service/] to resources [URL [file:/home/stbenjam/git/h2ms/target/test-classes/edu/harvard/h2ms/service/], URL [file:/home/stbenjam/git/h2ms/target/classes/edu/harvard/h2ms/service/]]
21:13:06.004 [main] DEBUG org.springframework.core.io.support.PathMatchingResourcePatternResolver - Looking for matching resources in directory tree [/home/stbenjam/git/h2ms/target/test-classes/edu/harvard/h2ms/service]
21:13:06.005 [main] DEBUG org.springframework.core.io.support.PathMatchingResourcePatternResolver - Searching directory [/home/stbenjam/git/h2ms/target/test-classes/edu/harvard/h2ms/service] for files matching pattern [/home/stbenjam/git/h2ms/target/test-classes/edu/harvard/h2ms/service/*.class]
21:13:06.013 [main] DEBUG org.springframework.core.io.support.PathMatchingResourcePatternResolver - Looking for matching resources in directory tree [/home/stbenjam/git/h2ms/target/classes/edu/harvard/h2ms/service]
21:13:06.014 [main] DEBUG org.springframework.core.io.support.PathMatchingResourcePatternResolver - Searching directory [/home/stbenjam/git/h2ms/target/classes/edu/harvard/h2ms/service] for files matching pattern [/home/stbenjam/git/h2ms/target/classes/edu/harvard/h2ms/service/*.class]
21:13:06.015 [main] DEBUG org.springframework.core.io.support.PathMatchingResourcePatternResolver - Resolved location pattern [classpath*:edu/harvard/h2ms/service/*.class] to resources [file [/home/stbenjam/git/h2ms/target/test-classes/edu/harvard/h2ms/service/LocationServiceTests.class], file [/home/stbenjam/git/h2ms/target/test-classes/edu/harvard/h2ms/service/UserDetailsServiceTest$UserDetailsServiceContextConfiguration.class], file [/home/stbenjam/git/h2ms/target/test-classes/edu/harvard/h2ms/service/UserDetailsServiceTest.class], file [/home/stbenjam/git/h2ms/target/classes/edu/harvard/h2ms/service/EmailService.class], file [/home/stbenjam/git/h2ms/target/classes/edu/harvard/h2ms/service/EmailServiceImpl.class], file [/home/stbenjam/git/h2ms/target/classes/edu/harvard/h2ms/service/EventService.class], file [/home/stbenjam/git/h2ms/target/classes/edu/harvard/h2ms/service/EventServiceImpl.class], file [/home/stbenjam/git/h2ms/target/classes/edu/harvard/h2ms/service/ManagementDashboardService.class], file [/home/stbenjam/git/h2ms/target/classes/edu/harvard/h2ms/service/ManagementDashboardServiceImpl.class], file [/home/stbenjam/git/h2ms/target/classes/edu/harvard/h2ms/service/RfidScannerService.class], file [/home/stbenjam/git/h2ms/target/classes/edu/harvard/h2ms/service/RfidScannerServiceImpl.class], file [/home/stbenjam/git/h2ms/target/classes/edu/harvard/h2ms/service/UserDetailsServiceImpl.class], file [/home/stbenjam/git/h2ms/target/classes/edu/harvard/h2ms/service/UserService.class], file [/home/stbenjam/git/h2ms/target/classes/edu/harvard/h2ms/service/UserServiceImpl.class]]
21:13:06.057 [main] DEBUG org.springframework.core.io.support.PathMatchingResourcePatternResolver - Resolved classpath location [edu/harvard/h2ms/] to resources [URL [file:/home/stbenjam/git/h2ms/target/test-classes/edu/harvard/h2ms/], URL [file:/home/stbenjam/git/h2ms/target/classes/edu/harvard/h2ms/]]
21:13:06.058 [main] DEBUG org.springframework.core.io.support.PathMatchingResourcePatternResolver - Looking for matching resources in directory tree [/home/stbenjam/git/h2ms/target/test-classes/edu/harvard/h2ms]
21:13:06.058 [main] DEBUG org.springframework.core.io.support.PathMatchingResourcePatternResolver - Searching directory [/home/stbenjam/git/h2ms/target/test-classes/edu/harvard/h2ms] for files matching pattern [/home/stbenjam/git/h2ms/target/test-classes/edu/harvard/h2ms/*.class]
21:13:06.059 [main] DEBUG org.springframework.core.io.support.PathMatchingResourcePatternResolver - Looking for matching resources in directory tree [/home/stbenjam/git/h2ms/target/classes/edu/harvard/h2ms]
21:13:06.059 [main] DEBUG org.springframework.core.io.support.PathMatchingResourcePatternResolver - Searching directory [/home/stbenjam/git/h2ms/target/classes/edu/harvard/h2ms] for files matching pattern [/home/stbenjam/git/h2ms/target/classes/edu/harvard/h2ms/*.class]
21:13:06.061 [main] DEBUG org.springframework.core.io.support.PathMatchingResourcePatternResolver - Resolved location pattern [classpath*:edu/harvard/h2ms/*.class] to resources [file [/home/stbenjam/git/h2ms/target/classes/edu/harvard/h2ms/H2MSRestAppInitializer.class]]
21:13:06.086 [main] DEBUG org.springframework.context.annotation.ClassPathScanningCandidateComponentProvider - Identified candidate component class: file [/home/stbenjam/git/h2ms/target/classes/edu/harvard/h2ms/H2MSRestAppInitializer.class]
21:13:06.087 [main] INFO org.springframework.boot.test.context.SpringBootTestContextBootstrapper - Found @SpringBootConfiguration edu.harvard.h2ms.H2MSRestAppInitializer for test class edu.harvard.h2ms.service.LocationServiceTests
21:13:06.091 [main] DEBUG org.springframework.boot.test.context.SpringBootTestContextBootstrapper - @TestExecutionListeners is not present for class [edu.harvard.h2ms.service.LocationServiceTests]: using defaults.
21:13:06.096 [main] INFO org.springframework.boot.test.context.SpringBootTestContextBootstrapper - Loaded default TestExecutionListener class names from location [META-INF/spring.factories]: [org.springframework.boot.test.mock.mockito.MockitoTestExecutionListener, org.springframework.boot.test.mock.mockito.ResetMocksTestExecutionListener, org.springframework.boot.test.autoconfigure.restdocs.RestDocsTestExecutionListener, org.springframework.boot.test.autoconfigure.web.client.MockRestServiceServerResetTestExecutionListener, org.springframework.boot.test.autoconfigure.web.servlet.MockMvcPrintOnlyOnFailureTestExecutionListener, org.springframework.boot.test.autoconfigure.web.servlet.WebDriverTestExecutionListener, org.springframework.test.context.web.ServletTestExecutionListener, org.springframework.test.context.support.DirtiesContextBeforeModesTestExecutionListener, org.springframework.test.context.support.DependencyInjectionTestExecutionListener, org.springframework.test.context.support.DirtiesContextTestExecutionListener, org.springframework.test.context.transaction.TransactionalTestExecutionListener, org.springframework.test.context.jdbc.SqlScriptsTestExecutionListener, org.springframework.security.test.context.support.WithSecurityContextTestExecutionListener]
21:13:06.131 [main] INFO org.springframework.boot.test.context.SpringBootTestContextBootstrapper - Using TestExecutionListeners: [org.springframework.test.context.web.ServletTestExecutionListener@63021689, org.springframework.test.context.support.DirtiesContextBeforeModesTestExecutionListener@703580bf, org.springframework.boot.test.autoconfigure.SpringBootDependencyInjectionTestExecutionListener@3e92efc3, org.springframework.test.context.support.DirtiesContextTestExecutionListener@1622f1b, org.springframework.test.context.transaction.TransactionalTestExecutionListener@72a7c7e0, org.springframework.test.context.jdbc.SqlScriptsTestExecutionListener@2e4b8173, org.springframework.security.test.context.support.WithSecurityContextTestExecutionListener@70e8f8e, org.springframework.boot.test.mock.mockito.MockitoTestExecutionListener@17046283, org.springframework.boot.test.mock.mockito.ResetMocksTestExecutionListener@5bd03f44, org.springframework.boot.test.autoconfigure.restdocs.RestDocsTestExecutionListener@29626d54, org.springframework.boot.test.autoconfigure.web.client.MockRestServiceServerResetTestExecutionListener@5a63f509, org.springframework.boot.test.autoconfigure.web.servlet.MockMvcPrintOnlyOnFailureTestExecutionListener@6e4784bc, org.springframework.boot.test.autoconfigure.web.servlet.WebDriverTestExecutionListener@34b7ac2f]
21:13:06.157 [main] DEBUG org.springframework.test.context.junit4.SpringJUnit4ClassRunner - SpringJUnit4ClassRunner constructor called with [class edu.harvard.h2ms.service.UserDetailsServiceTest]
21:13:06.157 [main] DEBUG org.springframework.test.context.BootstrapUtils - Instantiating CacheAwareContextLoaderDelegate from class [org.springframework.test.context.cache.DefaultCacheAwareContextLoaderDelegate]
21:13:06.158 [main] DEBUG org.springframework.test.context.BootstrapUtils - Instantiating BootstrapContext using constructor [public org.springframework.test.context.support.DefaultBootstrapContext(java.lang.Class,org.springframework.test.context.CacheAwareContextLoaderDelegate)]
21:13:06.158 [main] DEBUG org.springframework.test.context.BootstrapUtils - Instantiating TestContextBootstrapper for test class [edu.harvard.h2ms.service.UserDetailsServiceTest] from class [org.springframework.test.context.support.DefaultTestContextBootstrapper]
21:13:06.165 [main] INFO org.springframework.test.context.support.DefaultTestContextBootstrapper - Neither @ContextConfiguration nor @ContextHierarchy found for test class [edu.harvard.h2ms.service.UserDetailsServiceTest], using DelegatingSmartContextLoader
21:13:06.170 [main] DEBUG org.springframework.test.context.support.AbstractDelegatingSmartContextLoader - Delegating to GenericGroovyXmlContextLoader to process context configuration [ContextConfigurationAttributes@79e2c065 declaringClass = 'edu.harvard.h2ms.service.UserDetailsServiceTest', classes = '{}', locations = '{}', inheritLocations = false, initializers = '{}', inheritInitializers = true, name = [null], contextLoaderClass = 'org.springframework.test.context.ContextLoader'].
21:13:06.171 [main] DEBUG org.springframework.test.context.support.AbstractContextLoader - Did not detect default resource location for test class [edu.harvard.h2ms.service.UserDetailsServiceTest]: class path resource [edu/harvard/h2ms/service/UserDetailsServiceTest-context.xml] does not exist
21:13:06.172 [main] DEBUG org.springframework.test.context.support.AbstractContextLoader - Did not detect default resource location for test class [edu.harvard.h2ms.service.UserDetailsServiceTest]: class path resource [edu/harvard/h2ms/service/UserDetailsServiceTestContext.groovy] does not exist
21:13:06.172 [main] INFO org.springframework.test.context.support.AbstractContextLoader - Could not detect default resource locations for test class [edu.harvard.h2ms.service.UserDetailsServiceTest]: no resource found for suffixes {-context.xml, Context.groovy}.
21:13:06.173 [main] DEBUG org.springframework.test.context.support.AbstractDelegatingSmartContextLoader - Delegating to AnnotationConfigContextLoader to process context configuration [ContextConfigurationAttributes@79e2c065 declaringClass = 'edu.harvard.h2ms.service.UserDetailsServiceTest', classes = '{}', locations = '{}', inheritLocations = false, initializers = '{}', inheritInitializers = true, name = [null], contextLoaderClass = 'org.springframework.test.context.ContextLoader'].
21:13:06.177 [main] INFO org.springframework.test.context.support.AbstractDelegatingSmartContextLoader - AnnotationConfigContextLoader detected default configuration classes for context configuration [ContextConfigurationAttributes@79e2c065 declaringClass = 'edu.harvard.h2ms.service.UserDetailsServiceTest', classes = '{class edu.harvard.h2ms.service.UserDetailsServiceTest$UserDetailsServiceContextConfiguration}', locations = '{}', inheritLocations = false, initializers = '{}', inheritInitializers = true, name = [null], contextLoaderClass = 'org.springframework.test.context.ContextLoader'].
21:13:06.188 [main] DEBUG org.springframework.test.context.support.ActiveProfilesUtils - Could not find an 'annotation declaring class' for annotation type [org.springframework.test.context.ActiveProfiles] and class [edu.harvard.h2ms.service.UserDetailsServiceTest]
21:13:06.203 [main] DEBUG org.springframework.test.context.support.DefaultTestContextBootstrapper - @TestExecutionListeners is not present for class [edu.harvard.h2ms.service.UserDetailsServiceTest]: using defaults.
21:13:06.216 [main] INFO org.springframework.test.context.support.DefaultTestContextBootstrapper - Loaded default TestExecutionListener class names from location [META-INF/spring.factories]: [org.springframework.boot.test.mock.mockito.MockitoTestExecutionListener, org.springframework.boot.test.mock.mockito.ResetMocksTestExecutionListener, org.springframework.boot.test.autoconfigure.restdocs.RestDocsTestExecutionListener, org.springframework.boot.test.autoconfigure.web.client.MockRestServiceServerResetTestExecutionListener, org.springframework.boot.test.autoconfigure.web.servlet.MockMvcPrintOnlyOnFailureTestExecutionListener, org.springframework.boot.test.autoconfigure.web.servlet.WebDriverTestExecutionListener, org.springframework.test.context.web.ServletTestExecutionListener, org.springframework.test.context.support.DirtiesContextBeforeModesTestExecutionListener, org.springframework.test.context.support.DependencyInjectionTestExecutionListener, org.springframework.test.context.support.DirtiesContextTestExecutionListener, org.springframework.test.context.transaction.TransactionalTestExecutionListener, org.springframework.test.context.jdbc.SqlScriptsTestExecutionListener, org.springframework.security.test.context.support.WithSecurityContextTestExecutionListener]
21:13:06.219 [main] INFO org.springframework.test.context.support.DefaultTestContextBootstrapper - Using TestExecutionListeners: [org.springframework.test.context.web.ServletTestExecutionListener@6302bbb1, org.springframework.test.context.support.DirtiesContextBeforeModesTestExecutionListener@31304f14, org.springframework.test.context.support.DependencyInjectionTestExecutionListener@34a3d150, org.springframework.test.context.support.DirtiesContextTestExecutionListener@2a4fb17b, org.springframework.test.context.transaction.TransactionalTestExecutionListener@5c6648b0, org.springframework.test.context.jdbc.SqlScriptsTestExecutionListener@6f1de4c7, org.springframework.security.test.context.support.WithSecurityContextTestExecutionListener@459e9125, org.springframework.boot.test.mock.mockito.MockitoTestExecutionListener@128d2484, org.springframework.boot.test.mock.mockito.ResetMocksTestExecutionListener@7cc0cdad, org.springframework.boot.test.autoconfigure.restdocs.RestDocsTestExecutionListener@7c7b252e, org.springframework.boot.test.autoconfigure.web.client.MockRestServiceServerResetTestExecutionListener@4d5d943d, org.springframework.boot.test.autoconfigure.web.servlet.MockMvcPrintOnlyOnFailureTestExecutionListener@368f2016, org.springframework.boot.test.autoconfigure.web.servlet.WebDriverTestExecutionListener@4c583ecf]
21:13:06.229 [main] DEBUG org.springframework.test.context.junit4.SpringJUnit4ClassRunner - SpringJUnit4ClassRunner constructor called with [class edu.harvard.h2ms.domain.core.UserTest]
21:13:06.229 [main] DEBUG org.springframework.test.context.BootstrapUtils - Instantiating CacheAwareContextLoaderDelegate from class [org.springframework.test.context.cache.DefaultCacheAwareContextLoaderDelegate]
21:13:06.230 [main] DEBUG org.springframework.test.context.BootstrapUtils - Instantiating BootstrapContext using constructor [public org.springframework.test.context.support.DefaultBootstrapContext(java.lang.Class,org.springframework.test.context.CacheAwareContextLoaderDelegate)]
21:13:06.231 [main] DEBUG org.springframework.test.context.BootstrapUtils - Instantiating TestContextBootstrapper for test class [edu.harvard.h2ms.domain.core.UserTest] from class [org.springframework.boot.test.context.SpringBootTestContextBootstrapper]
21:13:06.232 [main] INFO org.springframework.boot.test.context.SpringBootTestContextBootstrapper - Neither @ContextConfiguration nor @ContextHierarchy found for test class [edu.harvard.h2ms.domain.core.UserTest], using SpringBootContextLoader
21:13:06.234 [main] DEBUG org.springframework.test.context.support.AbstractContextLoader - Did not detect default resource location for test class [edu.harvard.h2ms.domain.core.UserTest]: class path resource [edu/harvard/h2ms/domain/core/UserTest-context.xml] does not exist
21:13:06.235 [main] DEBUG org.springframework.test.context.support.AbstractContextLoader - Did not detect default resource location for test class [edu.harvard.h2ms.domain.core.UserTest]: class path resource [edu/harvard/h2ms/domain/core/UserTestContext.groovy] does not exist
21:13:06.236 [main] INFO org.springframework.test.context.support.AbstractContextLoader - Could not detect default resource locations for test class [edu.harvard.h2ms.domain.core.UserTest]: no resource found for suffixes {-context.xml, Context.groovy}.
21:13:06.237 [main] INFO org.springframework.test.context.support.AnnotationConfigContextLoaderUtils - Could not detect default configuration classes for test class [edu.harvard.h2ms.domain.core.UserTest]: UserTest does not declare any static, non-private, non-final, nested classes annotated with @Configuration.
21:13:06.317 [main] DEBUG org.springframework.test.context.support.ActiveProfilesUtils - Could not find an 'annotation declaring class' for annotation type [org.springframework.test.context.ActiveProfiles] and class [edu.harvard.h2ms.domain.core.UserTest]
21:13:06.317 [main] DEBUG org.springframework.core.env.StandardEnvironment - Adding PropertySource 'systemProperties' with lowest search precedence
21:13:06.318 [main] DEBUG org.springframework.core.env.StandardEnvironment - Adding PropertySource 'systemEnvironment' with lowest search precedence
21:13:06.319 [main] DEBUG org.springframework.core.env.StandardEnvironment - Initialized StandardEnvironment with PropertySources [MapPropertySource@1276611190 {name='systemProperties', properties={java.runtime.name=OpenJDK Runtime Environment, sun.boot.library.path=/usr/lib/jvm/java-1.8.0-openjdk-1.8.0.161-0.b14.fc27.x86_64/jre/lib/amd64, java.vm.version=25.161-b14, java.vm.vendor=Oracle Corporation, java.vendor.url=http://java.oracle.com/, path.separator=:, java.vm.name=OpenJDK 64-Bit Server VM, file.encoding.pkg=sun.io, user.country=US, sun.java.launcher=SUN_STANDARD, sun.os.patch.level=unknown, java.vm.specification.name=Java Virtual Machine Specification, user.dir=/home/stbenjam/git/h2ms, java.runtime.version=1.8.0_161-b14, basedir=/home/stbenjam/git/h2ms, java.awt.graphicsenv=sun.awt.X11GraphicsEnvironment, java.endorsed.dirs=/usr/lib/jvm/java-1.8.0-openjdk-1.8.0.161-0.b14.fc27.x86_64/jre/lib/endorsed, os.arch=amd64, surefire.real.class.path=/home/stbenjam/git/h2ms/target/surefire/surefirebooter4478042733021414321.jar, java.io.tmpdir=/tmp, line.separator=
, java.vm.specification.vendor=Oracle Corporation, os.name=Linux, sun.jnu.encoding=UTF-8, java.library.path=/usr/java/packages/lib/amd64:/usr/lib64:/lib64:/lib:/usr/lib, surefire.test.class.path=/home/stbenjam/git/h2ms/target/test-classes:/home/stbenjam/git/h2ms/target/classes:/home/stbenjam/.m2/repository/org/springframework/boot/spring-boot-starter-data-rest/1.5.10.RELEASE/spring-boot-starter-data-rest-1.5.10.RELEASE.jar:/home/stbenjam/.m2/repository/org/springframework/boot/spring-boot-starter/1.5.10.RELEASE/spring-boot-starter-1.5.10.RELEASE.jar:/home/stbenjam/.m2/repository/org/springframework/boot/spring-boot/1.5.10.RELEASE/spring-boot-1.5.10.RELEASE.jar:/home/stbenjam/.m2/repository/org/springframework/boot/spring-boot-autoconfigure/1.5.10.RELEASE/spring-boot-autoconfigure-1.5.10.RELEASE.jar:/home/stbenjam/.m2/repository/org/springframework/boot/spring-boot-starter-logging/1.5.10.RELEASE/spring-boot-starter-logging-1.5.10.RELEASE.jar:/home/stbenjam/.m2/repository/ch/qos/logback/logback-classic/1.1.11/logback-classic-1.1.11.jar:/home/stbenjam/.m2/repository/ch/qos/logback/logback-core/1.1.11/logback-core-1.1.11.jar:/home/stbenjam/.m2/repository/org/slf4j/jul-to-slf4j/1.7.25/jul-to-slf4j-1.7.25.jar:/home/stbenjam/.m2/repository/org/slf4j/log4j-over-slf4j/1.7.25/log4j-over-slf4j-1.7.25.jar:/home/stbenjam/.m2/repository/org/yaml/snakeyaml/1.17/snakeyaml-1.17.jar:/home/stbenjam/.m2/repository/com/fasterxml/jackson/core/jackson-annotations/2.8.0/jackson-annotations-2.8.0.jar:/home/stbenjam/.m2/repository/org/springframework/data/spring-data-rest-webmvc/2.6.10.RELEASE/spring-data-rest-webmvc-2.6.10.RELEASE.jar:/home/stbenjam/.m2/repository/org/springframework/data/spring-data-rest-core/2.6.10.RELEASE/spring-data-rest-core-2.6.10.RELEASE.jar:/home/stbenjam/.m2/repository/org/atteo/evo-inflector/1.2.2/evo-inflector-1.2.2.jar:/home/stbenjam/.m2/repository/org/slf4j/jcl-over-slf4j/1.7.25/jcl-over-slf4j-1.7.25.jar:/home/stbenjam/.m2/repository/org/springframework/boot/spring-boot-starter-web/1.5.10.RELEASE/spring-boot-starter-web-1.5.10.RELEASE.jar:/home/stbenjam/.m2/repository/org/springframework/boot/spring-boot-starter-tomcat/1.5.10.RELEASE/spring-boot-starter-tomcat-1.5.10.RELEASE.jar:/home/stbenjam/.m2/repository/org/apache/tomcat/embed/tomcat-embed-core/8.5.27/tomcat-embed-core-8.5.27.jar:/home/stbenjam/.m2/repository/org/apache/tomcat/tomcat-annotations-api/8.5.27/tomcat-annotations-api-8.5.27.jar:/home/stbenjam/.m2/repository/org/apache/tomcat/embed/tomcat-embed-el/8.5.27/tomcat-embed-el-8.5.27.jar:/home/stbenjam/.m2/repository/org/apache/tomcat/embed/tomcat-embed-websocket/8.5.27/tomcat-embed-websocket-8.5.27.jar:/home/stbenjam/.m2/repository/org/hibernate/hibernate-validator/5.3.6.Final/hibernate-validator-5.3.6.Final.jar:/home/stbenjam/.m2/repository/javax/validation/validation-api/1.1.0.Final/validation-api-1.1.0.Final.jar:/home/stbenjam/.m2/repository/org/jboss/logging/jboss-logging/3.3.1.Final/jboss-logging-3.3.1.Final.jar:/home/stbenjam/.m2/repository/org/springframework/spring-web/4.3.14.RELEASE/spring-web-4.3.14.RELEASE.jar:/home/stbenjam/.m2/repository/org/springframework/spring-webmvc/4.3.14.RELEASE/spring-webmvc-4.3.14.RELEASE.jar:/home/stbenjam/.m2/repository/org/springframework/spring-expression/4.3.14.RELEASE/spring-expression-4.3.14.RELEASE.jar:/home/stbenjam/.m2/repository/org/springframework/boot/spring-boot-starter-thymeleaf/1.5.10.RELEASE/spring-boot-starter-thymeleaf-1.5.10.RELEASE.jar:/home/stbenjam/.m2/repository/org/thymeleaf/thymeleaf-spring4/2.1.6.RELEASE/thymeleaf-spring4-2.1.6.RELEASE.jar:/home/stbenjam/.m2/repository/org/thymeleaf/thymeleaf/2.1.6.RELEASE/thymeleaf-2.1.6.RELEASE.jar:/home/stbenjam/.m2/repository/ognl/ognl/3.0.8/ognl-3.0.8.jar:/home/stbenjam/.m2/repository/org/unbescape/unbescape/1.1.0.RELEASE/unbescape-1.1.0.RELEASE.jar:/home/stbenjam/.m2/repository/nz/net/ultraq/thymeleaf/thymeleaf-layout-dialect/1.4.0/thymeleaf-layout-dialect-1.4.0.jar:/home/stbenjam/.m2/repository/org/codehaus/groovy/groovy/2.4.13/groovy-2.4.13.jar:/home/stbenjam/.m2/repository/org/springframework/boot/spring-boot-starter-test/1.5.10.RELEASE/spring-boot-starter-test-1.5.10.RELEASE.jar:/home/stbenjam/.m2/repository/org/springframework/boot/spring-boot-test/1.5.10.RELEASE/spring-boot-test-1.5.10.RELEASE.jar:/home/stbenjam/.m2/repository/org/springframework/boot/spring-boot-test-autoconfigure/1.5.10.RELEASE/spring-boot-test-autoconfigure-1.5.10.RELEASE.jar:/home/stbenjam/.m2/repository/com/jayway/jsonpath/json-path/2.2.0/json-path-2.2.0.jar:/home/stbenjam/.m2/repository/net/minidev/json-smart/2.2.1/json-smart-2.2.1.jar:/home/stbenjam/.m2/repository/net/minidev/accessors-smart/1.1/accessors-smart-1.1.jar:/home/stbenjam/.m2/repository/org/ow2/asm/asm/5.0.3/asm-5.0.3.jar:/home/stbenjam/.m2/repository/junit/junit/4.12/junit-4.12.jar:/home/stbenjam/.m2/repository/org/assertj/assertj-core/2.6.0/assertj-core-2.6.0.jar:/home/stbenjam/.m2/repository/org/mockito/mockito-core/1.10.19/mockito-core-1.10.19.jar:/home/stbenjam/.m2/repository/org/objenesis/objenesis/2.1/objenesis-2.1.jar:/home/stbenjam/.m2/repository/org/hamcrest/hamcrest-core/1.3/hamcrest-core-1.3.jar:/home/stbenjam/.m2/repository/org/hamcrest/hamcrest-library/1.3/hamcrest-library-1.3.jar:/home/stbenjam/.m2/repository/org/skyscreamer/jsonassert/1.4.0/jsonassert-1.4.0.jar:/home/stbenjam/.m2/repository/org/springframework/spring-core/4.3.14.RELEASE/spring-core-4.3.14.RELEASE.jar:/home/stbenjam/.m2/repository/org/springframework/spring-test/4.3.14.RELEASE/spring-test-4.3.14.RELEASE.jar:/home/stbenjam/.m2/repository/org/springframework/restdocs/spring-restdocs-mockmvc/1.1.3.RELEASE/spring-restdocs-mockmvc-1.1.3.RELEASE.jar:/home/stbenjam/.m2/repository/org/springframework/restdocs/spring-restdocs-core/1.1.3.RELEASE/spring-restdocs-core-1.1.3.RELEASE.jar:/home/stbenjam/.m2/repository/javax/servlet/javax.servlet-api/3.1.0/javax.servlet-api-3.1.0.jar:/home/stbenjam/.m2/repository/org/springframework/boot/spring-boot-starter-data-jpa/1.5.10.RELEASE/spring-boot-starter-data-jpa-1.5.10.RELEASE.jar:/home/stbenjam/.m2/repository/org/springframework/boot/spring-boot-starter-aop/1.5.10.RELEASE/spring-boot-starter-aop-1.5.10.RELEASE.jar:/home/stbenjam/.m2/repository/org/aspectj/aspectjweaver/1.8.13/aspectjweaver-1.8.13.jar:/home/stbenjam/.m2/repository/org/springframework/boot/spring-boot-starter-jdbc/1.5.10.RELEASE/spring-boot-starter-jdbc-1.5.10.RELEASE.jar:/home/stbenjam/.m2/repository/org/apache/tomcat/tomcat-jdbc/8.5.27/tomcat-jdbc-8.5.27.jar:/home/stbenjam/.m2/repository/org/apache/tomcat/tomcat-juli/8.5.27/tomcat-juli-8.5.27.jar:/home/stbenjam/.m2/repository/org/springframework/spring-jdbc/4.3.14.RELEASE/spring-jdbc-4.3.14.RELEASE.jar:/home/stbenjam/.m2/repository/org/hibernate/hibernate-core/5.0.12.Final/hibernate-core-5.0.12.Final.jar:/home/stbenjam/.m2/repository/org/hibernate/javax/persistence/hibernate-jpa-2.1-api/1.0.0.Final/hibernate-jpa-2.1-api-1.0.0.Final.jar:/home/stbenjam/.m2/repository/org/javassist/javassist/3.21.0-GA/javassist-3.21.0-GA.jar:/home/stbenjam/.m2/repository/antlr/antlr/2.7.7/antlr-2.7.7.jar:/home/stbenjam/.m2/repository/org/jboss/jandex/2.0.0.Final/jandex-2.0.0.Final.jar:/home/stbenjam/.m2/repository/dom4j/dom4j/1.6.1/dom4j-1.6.1.jar:/home/stbenjam/.m2/repository/org/hibernate/common/hibernate-commons-annotations/5.0.1.Final/hibernate-commons-annotations-5.0.1.Final.jar:/home/stbenjam/.m2/repository/org/hibernate/hibernate-entitymanager/5.0.12.Final/hibernate-entitymanager-5.0.12.Final.jar:/home/stbenjam/.m2/repository/javax/transaction/javax.transaction-api/1.2/javax.transaction-api-1.2.jar:/home/stbenjam/.m2/repository/org/springframework/data/spring-data-jpa/1.11.10.RELEASE/spring-data-jpa-1.11.10.RELEASE.jar:/home/stbenjam/.m2/repository/org/springframework/data/spring-data-commons/1.13.10.RELEASE/spring-data-commons-1.13.10.RELEASE.jar:/home/stbenjam/.m2/repository/org/springframework/spring-orm/4.3.14.RELEASE/spring-orm-4.3.14.RELEASE.jar:/home/stbenjam/.m2/repository/org/springframework/spring-tx/4.3.14.RELEASE/spring-tx-4.3.14.RELEASE.jar:/home/stbenjam/.m2/repository/org/springframework/spring-aspects/4.3.14.RELEASE/spring-aspects-4.3.14.RELEASE.jar:/home/stbenjam/.m2/repository/com/h2database/h2/1.4.196/h2-1.4.196.jar:/home/stbenjam/.m2/repository/org/postgresql/postgresql/9.4-1206-jdbc42/postgresql-9.4-1206-jdbc42.jar:/home/stbenjam/.m2/repository/log4j/log4j/1.2.17/log4j-1.2.17.jar:/home/stbenjam/.m2/repository/com/google/guava/guava/19.0/guava-19.0.jar:/home/stbenjam/.m2/repository/javax/mail/mail/1.4/mail-1.4.jar:/home/stbenjam/.m2/repository/javax/activation/activation/1.1/activation-1.1.jar:/home/stbenjam/.m2/repository/org/springframework/boot/spring-boot-starter-security/1.5.10.RELEASE/spring-boot-starter-security-1.5.10.RELEASE.jar:/home/stbenjam/.m2/repository/org/springframework/spring-aop/4.3.14.RELEASE/spring-aop-4.3.14.RELEASE.jar:/home/stbenjam/.m2/repository/org/springframework/security/spring-security-config/4.2.4.RELEASE/spring-security-config-4.2.4.RELEASE.jar:/home/stbenjam/.m2/repository/org/springframework/security/spring-security-web/4.2.4.RELEASE/spring-security-web-4.2.4.RELEASE.jar:/home/stbenjam/.m2/repository/org/springframework/boot/spring-boot-starter-mail/1.4.3.RELEASE/spring-boot-starter-mail-1.4.3.RELEASE.jar:/home/stbenjam/.m2/repository/org/springframework/spring-context/4.3.14.RELEASE/spring-context-4.3.14.RELEASE.jar:/home/stbenjam/.m2/repository/com/sun/mail/javax.mail/1.5.6/javax.mail-1.5.6.jar:/home/stbenjam/.m2/repository/com/icegreen/greenmail/1.5.5/greenmail-1.5.5.jar:/home/stbenjam/.m2/repository/org/slf4j/slf4j-api/1.7.25/slf4j-api-1.7.25.jar:/home/stbenjam/.m2/repository/org/springframework/security/spring-security-test/4.2.4.RELEASE/spring-security-test-4.2.4.RELEASE.jar:/home/stbenjam/.m2/repository/org/springframework/security/spring-security-core/4.2.4.RELEASE/spring-security-core-4.2.4.RELEASE.jar:/home/stbenjam/.m2/repository/aopalliance/aopalliance/1.0/aopalliance-1.0.jar:/home/stbenjam/.m2/repository/org/springframework/security/oauth/spring-security-oauth2/2.0.14.RELEASE/spring-security-oauth2-2.0.14.RELEASE.jar:/home/stbenjam/.m2/repository/org/springframework/spring-beans/4.3.14.RELEASE/spring-beans-4.3.14.RELEASE.jar:/home/stbenjam/.m2/repository/commons-codec/commons-codec/1.10/commons-codec-1.10.jar:/home/stbenjam/.m2/repository/org/codehaus/jackson/jackson-mapper-asl/1.9.13/jackson-mapper-asl-1.9.13.jar:/home/stbenjam/.m2/repository/org/codehaus/jackson/jackson-core-asl/1.9.13/jackson-core-asl-1.9.13.jar:/home/stbenjam/.m2/repository/io/springfox/springfox-swagger2/2.8.0/springfox-swagger2-2.8.0.jar:/home/stbenjam/.m2/repository/io/swagger/swagger-annotations/1.5.14/swagger-annotations-1.5.14.jar:/home/stbenjam/.m2/repository/io/swagger/swagger-models/1.5.14/swagger-models-1.5.14.jar:/home/stbenjam/.m2/repository/io/springfox/springfox-spi/2.8.0/springfox-spi-2.8.0.jar:/home/stbenjam/.m2/repository/io/springfox/springfox-core/2.8.0/springfox-core-2.8.0.jar:/home/stbenjam/.m2/repository/net/bytebuddy/byte-buddy/1.7.9/byte-buddy-1.7.9.jar:/home/stbenjam/.m2/repository/io/springfox/springfox-schema/2.8.0/springfox-schema-2.8.0.jar:/home/stbenjam/.m2/repository/io/springfox/springfox-swagger-common/2.8.0/springfox-swagger-common-2.8.0.jar:/home/stbenjam/.m2/repository/io/springfox/springfox-spring-web/2.8.0/springfox-spring-web-2.8.0.jar:/home/stbenjam/.m2/repository/org/reflections/reflections/0.9.11/reflections-0.9.11.jar:/home/stbenjam/.m2/repository/com/fasterxml/classmate/1.3.4/classmate-1.3.4.jar:/home/stbenjam/.m2/repository/org/springframework/plugin/spring-plugin-core/1.2.0.RELEASE/spring-plugin-core-1.2.0.RELEASE.jar:/home/stbenjam/.m2/repository/org/springframework/plugin/spring-plugin-metadata/1.2.0.RELEASE/spring-plugin-metadata-1.2.0.RELEASE.jar:/home/stbenjam/.m2/repository/org/mapstruct/mapstruct/1.2.0.Final/mapstruct-1.2.0.Final.jar:/home/stbenjam/.m2/repository/io/springfox/springfox-swagger-ui/2.8.0/springfox-swagger-ui-2.8.0.jar:/home/stbenjam/.m2/repository/io/springfox/springfox-data-rest/2.8.0/springfox-data-rest-2.8.0.jar:/home/stbenjam/.m2/repository/org/springframework/hateoas/spring-hateoas/0.23.0.RELEASE/spring-hateoas-0.23.0.RELEASE.jar:/home/stbenjam/.m2/repository/org/usb4java/usb4java-javax/1.2.0/usb4java-javax-1.2.0.jar:/home/stbenjam/.m2/repository/javax/usb/usb-api/1.0.2/usb-api-1.0.2.jar:/home/stbenjam/.m2/repository/org/apache/commons/commons-lang3/3.2.1/commons-lang3-3.2.1.jar:/home/stbenjam/.m2/repository/org/usb4java/usb4java/1.2.0/usb4java-1.2.0.jar:/home/stbenjam/.m2/repository/org/usb4java/libusb4java/1.2.0/libusb4java-1.2.0-linux-x86.jar:/home/stbenjam/.m2/repository/org/usb4java/libusb4java/1.2.0/libusb4java-1.2.0-linux-x86_64.jar:/home/stbenjam/.m2/repository/org/usb4java/libusb4java/1.2.0/libusb4java-1.2.0-linux-arm.jar:/home/stbenjam/.m2/repository/org/usb4java/libusb4java/1.2.0/libusb4java-1.2.0-windows-x86.jar:/home/stbenjam/.m2/repository/org/usb4java/libusb4java/1.2.0/libusb4java-1.2.0-windows-x86_64.jar:/home/stbenjam/.m2/repository/org/usb4java/libusb4java/1.2.0/libusb4java-1.2.0-osx-x86.jar:/home/stbenjam/.m2/repository/org/usb4java/libusb4java/1.2.0/libusb4java-1.2.0-osx-x86_64.jar:/home/stbenjam/.m2/repository/org/mockito/mockito-all/1.9.5/mockito-all-1.9.5.jar:/home/stbenjam/.m2/repository/com/fasterxml/jackson/core/jackson-databind/2.5.0/jackson-databind-2.5.0.jar:/home/stbenjam/.m2/repository/com/fasterxml/jackson/core/jackson-core/2.8.10/jackson-core-2.8.10.jar:/home/stbenjam/.m2/repository/com/vaadin/external/google/android-json/0.0.20131108.vaadin1/android-json-0.0.20131108.vaadin1.jar:/home/stbenjam/.m2/repository/com/tngtech/java/junit-dataprovider/1.13.1/junit-dataprovider-1.13.1.jar:/home/stbenjam/.m2/repository/org/springframework/spring-context-support/3.2.0.RELEASE/spring-context-support-3.2.0.RELEASE.jar:, java.specification.name=Java Platform API Specification, java.class.version=52.0, sun.management.compiler=HotSpot 64-Bit Tiered Compilers, os.version=4.14.14-300.fc27.x86_64, user.home=/home/stbenjam, user.timezone=America/New_York, java.awt.printerjob=sun.print.PSPrinterJob, file.encoding=UTF-8, java.specification.version=1.8, java.class.path=/home/stbenjam/git/h2ms/target/test-classes:/home/stbenjam/git/h2ms/target/classes:/home/stbenjam/.m2/repository/org/springframework/boot/spring-boot-starter-data-rest/1.5.10.RELEASE/spring-boot-starter-data-rest-1.5.10.RELEASE.jar:/home/stbenjam/.m2/repository/org/springframework/boot/spring-boot-starter/1.5.10.RELEASE/spring-boot-starter-1.5.10.RELEASE.jar:/home/stbenjam/.m2/repository/org/springframework/boot/spring-boot/1.5.10.RELEASE/spring-boot-1.5.10.RELEASE.jar:/home/stbenjam/.m2/repository/org/springframework/boot/spring-boot-autoconfigure/1.5.10.RELEASE/spring-boot-autoconfigure-1.5.10.RELEASE.jar:/home/stbenjam/.m2/repository/org/springframework/boot/spring-boot-starter-logging/1.5.10.RELEASE/spring-boot-starter-logging-1.5.10.RELEASE.jar:/home/stbenjam/.m2/repository/ch/qos/logback/logback-classic/1.1.11/logback-classic-1.1.11.jar:/home/stbenjam/.m2/repository/ch/qos/logback/logback-core/1.1.11/logback-core-1.1.11.jar:/home/stbenjam/.m2/repository/org/slf4j/jul-to-slf4j/1.7.25/jul-to-slf4j-1.7.25.jar:/home/stbenjam/.m2/repository/org/slf4j/log4j-over-slf4j/1.7.25/log4j-over-slf4j-1.7.25.jar:/home/stbenjam/.m2/repository/org/yaml/snakeyaml/1.17/snakeyaml-1.17.jar:/home/stbenjam/.m2/repository/com/fasterxml/jackson/core/jackson-annotations/2.8.0/jackson-annotations-2.8.0.jar:/home/stbenjam/.m2/repository/org/springframework/data/spring-data-rest-webmvc/2.6.10.RELEASE/spring-data-rest-webmvc-2.6.10.RELEASE.jar:/home/stbenjam/.m2/repository/org/springframework/data/spring-data-rest-core/2.6.10.RELEASE/spring-data-rest-core-2.6.10.RELEASE.jar:/home/stbenjam/.m2/repository/org/atteo/evo-inflector/1.2.2/evo-inflector-1.2.2.jar:/home/stbenjam/.m2/repository/org/slf4j/jcl-over-slf4j/1.7.25/jcl-over-slf4j-1.7.25.jar:/home/stbenjam/.m2/repository/org/springframework/boot/spring-boot-starter-web/1.5.10.RELEASE/spring-boot-starter-web-1.5.10.RELEASE.jar:/home/stbenjam/.m2/repository/org/springframework/boot/spring-boot-starter-tomcat/1.5.10.RELEASE/spring-boot-starter-tomcat-1.5.10.RELEASE.jar:/home/stbenjam/.m2/repository/org/apache/tomcat/embed/tomcat-embed-core/8.5.27/tomcat-embed-core-8.5.27.jar:/home/stbenjam/.m2/repository/org/apache/tomcat/tomcat-annotations-api/8.5.27/tomcat-annotations-api-8.5.27.jar:/home/stbenjam/.m2/repository/org/apache/tomcat/embed/tomcat-embed-el/8.5.27/tomcat-embed-el-8.5.27.jar:/home/stbenjam/.m2/repository/org/apache/tomcat/embed/tomcat-embed-websocket/8.5.27/tomcat-embed-websocket-8.5.27.jar:/home/stbenjam/.m2/repository/org/hibernate/hibernate-validator/5.3.6.Final/hibernate-validator-5.3.6.Final.jar:/home/stbenjam/.m2/repository/javax/validation/validation-api/1.1.0.Final/validation-api-1.1.0.Final.jar:/home/stbenjam/.m2/repository/org/jboss/logging/jboss-logging/3.3.1.Final/jboss-logging-3.3.1.Final.jar:/home/stbenjam/.m2/repository/org/springframework/spring-web/4.3.14.RELEASE/spring-web-4.3.14.RELEASE.jar:/home/stbenjam/.m2/repository/org/springframework/spring-webmvc/4.3.14.RELEASE/spring-webmvc-4.3.14.RELEASE.jar:/home/stbenjam/.m2/repository/org/springframework/spring-expression/4.3.14.RELEASE/spring-expression-4.3.14.RELEASE.jar:/home/stbenjam/.m2/repository/org/springframework/boot/spring-boot-starter-thymeleaf/1.5.10.RELEASE/spring-boot-starter-thymeleaf-1.5.10.RELEASE.jar:/home/stbenjam/.m2/repository/org/thymeleaf/thymeleaf-spring4/2.1.6.RELEASE/thymeleaf-spring4-2.1.6.RELEASE.jar:/home/stbenjam/.m2/repository/org/thymeleaf/thymeleaf/2.1.6.RELEASE/thymeleaf-2.1.6.RELEASE.jar:/home/stbenjam/.m2/repository/ognl/ognl/3.0.8/ognl-3.0.8.jar:/home/stbenjam/.m2/repository/org/unbescape/unbescape/1.1.0.RELEASE/unbescape-1.1.0.RELEASE.jar:/home/stbenjam/.m2/repository/nz/net/ultraq/thymeleaf/thymeleaf-layout-dialect/1.4.0/thymeleaf-layout-dialect-1.4.0.jar:/home/stbenjam/.m2/repository/org/codehaus/groovy/groovy/2.4.13/groovy-2.4.13.jar:/home/stbenjam/.m2/repository/org/springframework/boot/spring-boot-starter-test/1.5.10.RELEASE/spring-boot-starter-test-1.5.10.RELEASE.jar:/home/stbenjam/.m2/repository/org/springframework/boot/spring-boot-test/1.5.10.RELEASE/spring-boot-test-1.5.10.RELEASE.jar:/home/stbenjam/.m2/repository/org/springframework/boot/spring-boot-test-autoconfigure/1.5.10.RELEASE/spring-boot-test-autoconfigure-1.5.10.RELEASE.jar:/home/stbenjam/.m2/repository/com/jayway/jsonpath/json-path/2.2.0/json-path-2.2.0.jar:/home/stbenjam/.m2/repository/net/minidev/json-smart/2.2.1/json-smart-2.2.1.jar:/home/stbenjam/.m2/repository/net/minidev/accessors-smart/1.1/accessors-smart-1.1.jar:/home/stbenjam/.m2/repository/org/ow2/asm/asm/5.0.3/asm-5.0.3.jar:/home/stbenjam/.m2/repository/junit/junit/4.12/junit-4.12.jar:/home/stbenjam/.m2/repository/org/assertj/assertj-core/2.6.0/assertj-core-2.6.0.jar:/home/stbenjam/.m2/repository/org/mockito/mockito-core/1.10.19/mockito-core-1.10.19.jar:/home/stbenjam/.m2/repository/org/objenesis/objenesis/2.1/objenesis-2.1.jar:/home/stbenjam/.m2/repository/org/hamcrest/hamcrest-core/1.3/hamcrest-core-1.3.jar:/home/stbenjam/.m2/repository/org/hamcrest/hamcrest-library/1.3/hamcrest-library-1.3.jar:/home/stbenjam/.m2/repository/org/skyscreamer/jsonassert/1.4.0/jsonassert-1.4.0.jar:/home/stbenjam/.m2/repository/org/springframework/spring-core/4.3.14.RELEASE/spring-core-4.3.14.RELEASE.jar:/home/stbenjam/.m2/repository/org/springframework/spring-test/4.3.14.RELEASE/spring-test-4.3.14.RELEASE.jar:/home/stbenjam/.m2/repository/org/springframework/restdocs/spring-restdocs-mockmvc/1.1.3.RELEASE/spring-restdocs-mockmvc-1.1.3.RELEASE.jar:/home/stbenjam/.m2/repository/org/springframework/restdocs/spring-restdocs-core/1.1.3.RELEASE/spring-restdocs-core-1.1.3.RELEASE.jar:/home/stbenjam/.m2/repository/javax/servlet/javax.servlet-api/3.1.0/javax.servlet-api-3.1.0.jar:/home/stbenjam/.m2/repository/org/springframework/boot/spring-boot-starter-data-jpa/1.5.10.RELEASE/spring-boot-starter-data-jpa-1.5.10.RELEASE.jar:/home/stbenjam/.m2/repository/org/springframework/boot/spring-boot-starter-aop/1.5.10.RELEASE/spring-boot-starter-aop-1.5.10.RELEASE.jar:/home/stbenjam/.m2/repository/org/aspectj/aspectjweaver/1.8.13/aspectjweaver-1.8.13.jar:/home/stbenjam/.m2/repository/org/springframework/boot/spring-boot-starter-jdbc/1.5.10.RELEASE/spring-boot-starter-jdbc-1.5.10.RELEASE.jar:/home/stbenjam/.m2/repository/org/apache/tomcat/tomcat-jdbc/8.5.27/tomcat-jdbc-8.5.27.jar:/home/stbenjam/.m2/repository/org/apache/tomcat/tomcat-juli/8.5.27/tomcat-juli-8.5.27.jar:/home/stbenjam/.m2/repository/org/springframework/spring-jdbc/4.3.14.RELEASE/spring-jdbc-4.3.14.RELEASE.jar:/home/stbenjam/.m2/repository/org/hibernate/hibernate-core/5.0.12.Final/hibernate-core-5.0.12.Final.jar:/home/stbenjam/.m2/repository/org/hibernate/javax/persistence/hibernate-jpa-2.1-api/1.0.0.Final/hibernate-jpa-2.1-api-1.0.0.Final.jar:/home/stbenjam/.m2/repository/org/javassist/javassist/3.21.0-GA/javassist-3.21.0-GA.jar:/home/stbenjam/.m2/repository/antlr/antlr/2.7.7/antlr-2.7.7.jar:/home/stbenjam/.m2/repository/org/jboss/jandex/2.0.0.Final/jandex-2.0.0.Final.jar:/home/stbenjam/.m2/repository/dom4j/dom4j/1.6.1/dom4j-1.6.1.jar:/home/stbenjam/.m2/repository/org/hibernate/common/hibernate-commons-annotations/5.0.1.Final/hibernate-commons-annotations-5.0.1.Final.jar:/home/stbenjam/.m2/repository/org/hibernate/hibernate-entitymanager/5.0.12.Final/hibernate-entitymanager-5.0.12.Final.jar:/home/stbenjam/.m2/repository/javax/transaction/javax.transaction-api/1.2/javax.transaction-api-1.2.jar:/home/stbenjam/.m2/repository/org/springframework/data/spring-data-jpa/1.11.10.RELEASE/spring-data-jpa-1.11.10.RELEASE.jar:/home/stbenjam/.m2/repository/org/springframework/data/spring-data-commons/1.13.10.RELEASE/spring-data-commons-1.13.10.RELEASE.jar:/home/stbenjam/.m2/repository/org/springframework/spring-orm/4.3.14.RELEASE/spring-orm-4.3.14.RELEASE.jar:/home/stbenjam/.m2/repository/org/springframework/spring-tx/4.3.14.RELEASE/spring-tx-4.3.14.RELEASE.jar:/home/stbenjam/.m2/repository/org/springframework/spring-aspects/4.3.14.RELEASE/spring-aspects-4.3.14.RELEASE.jar:/home/stbenjam/.m2/repository/com/h2database/h2/1.4.196/h2-1.4.196.jar:/home/stbenjam/.m2/repository/org/postgresql/postgresql/9.4-1206-jdbc42/postgresql-9.4-1206-jdbc42.jar:/home/stbenjam/.m2/repository/log4j/log4j/1.2.17/log4j-1.2.17.jar:/home/stbenjam/.m2/repository/com/google/guava/guava/19.0/guava-19.0.jar:/home/stbenjam/.m2/repository/javax/mail/mail/1.4/mail-1.4.jar:/home/stbenjam/.m2/repository/javax/activation/activation/1.1/activation-1.1.jar:/home/stbenjam/.m2/repository/org/springframework/boot/spring-boot-starter-security/1.5.10.RELEASE/spring-boot-starter-security-1.5.10.RELEASE.jar:/home/stbenjam/.m2/repository/org/springframework/spring-aop/4.3.14.RELEASE/spring-aop-4.3.14.RELEASE.jar:/home/stbenjam/.m2/repository/org/springframework/security/spring-security-config/4.2.4.RELEASE/spring-security-config-4.2.4.RELEASE.jar:/home/stbenjam/.m2/repository/org/springframework/security/spring-security-web/4.2.4.RELEASE/spring-security-web-4.2.4.RELEASE.jar:/home/stbenjam/.m2/repository/org/springframework/boot/spring-boot-starter-mail/1.4.3.RELEASE/spring-boot-starter-mail-1.4.3.RELEASE.jar:/home/stbenjam/.m2/repository/org/springframework/spring-context/4.3.14.RELEASE/spring-context-4.3.14.RELEASE.jar:/home/stbenjam/.m2/repository/com/sun/mail/javax.mail/1.5.6/javax.mail-1.5.6.jar:/home/stbenjam/.m2/repository/com/icegreen/greenmail/1.5.5/greenmail-1.5.5.jar:/home/stbenjam/.m2/repository/org/slf4j/slf4j-api/1.7.25/slf4j-api-1.7.25.jar:/home/stbenjam/.m2/repository/org/springframework/security/spring-security-test/4.2.4.RELEASE/spring-security-test-4.2.4.RELEASE.jar:/home/stbenjam/.m2/repository/org/springframework/security/spring-security-core/4.2.4.RELEASE/spring-security-core-4.2.4.RELEASE.jar:/home/stbenjam/.m2/repository/aopalliance/aopalliance/1.0/aopalliance-1.0.jar:/home/stbenjam/.m2/repository/org/springframework/security/oauth/spring-security-oauth2/2.0.14.RELEASE/spring-security-oauth2-2.0.14.RELEASE.jar:/home/stbenjam/.m2/repository/org/springframework/spring-beans/4.3.14.RELEASE/spring-beans-4.3.14.RELEASE.jar:/home/stbenjam/.m2/repository/commons-codec/commons-codec/1.10/commons-codec-1.10.jar:/home/stbenjam/.m2/repository/org/codehaus/jackson/jackson-mapper-asl/1.9.13/jackson-mapper-asl-1.9.13.jar:/home/stbenjam/.m2/repository/org/codehaus/jackson/jackson-core-asl/1.9.13/jackson-core-asl-1.9.13.jar:/home/stbenjam/.m2/repository/io/springfox/springfox-swagger2/2.8.0/springfox-swagger2-2.8.0.jar:/home/stbenjam/.m2/repository/io/swagger/swagger-annotations/1.5.14/swagger-annotations-1.5.14.jar:/home/stbenjam/.m2/repository/io/swagger/swagger-models/1.5.14/swagger-models-1.5.14.jar:/home/stbenjam/.m2/repository/io/springfox/springfox-spi/2.8.0/springfox-spi-2.8.0.jar:/home/stbenjam/.m2/repository/io/springfox/springfox-core/2.8.0/springfox-core-2.8.0.jar:/home/stbenjam/.m2/repository/net/bytebuddy/byte-buddy/1.7.9/byte-buddy-1.7.9.jar:/home/stbenjam/.m2/repository/io/springfox/springfox-schema/2.8.0/springfox-schema-2.8.0.jar:/home/stbenjam/.m2/repository/io/springfox/springfox-swagger-common/2.8.0/springfox-swagger-common-2.8.0.jar:/home/stbenjam/.m2/repository/io/springfox/springfox-spring-web/2.8.0/springfox-spring-web-2.8.0.jar:/home/stbenjam/.m2/repository/org/reflections/reflections/0.9.11/reflections-0.9.11.jar:/home/stbenjam/.m2/repository/com/fasterxml/classmate/1.3.4/classmate-1.3.4.jar:/home/stbenjam/.m2/repository/org/springframework/plugin/spring-plugin-core/1.2.0.RELEASE/spring-plugin-core-1.2.0.RELEASE.jar:/home/stbenjam/.m2/repository/org/springframework/plugin/spring-plugin-metadata/1.2.0.RELEASE/spring-plugin-metadata-1.2.0.RELEASE.jar:/home/stbenjam/.m2/repository/org/mapstruct/mapstruct/1.2.0.Final/mapstruct-1.2.0.Final.jar:/home/stbenjam/.m2/repository/io/springfox/springfox-swagger-ui/2.8.0/springfox-swagger-ui-2.8.0.jar:/home/stbenjam/.m2/repository/io/springfox/springfox-data-rest/2.8.0/springfox-data-rest-2.8.0.jar:/home/stbenjam/.m2/repository/org/springframework/hateoas/spring-hateoas/0.23.0.RELEASE/spring-hateoas-0.23.0.RELEASE.jar:/home/stbenjam/.m2/repository/org/usb4java/usb4java-javax/1.2.0/usb4java-javax-1.2.0.jar:/home/stbenjam/.m2/repository/javax/usb/usb-api/1.0.2/usb-api-1.0.2.jar:/home/stbenjam/.m2/repository/org/apache/commons/commons-lang3/3.2.1/commons-lang3-3.2.1.jar:/home/stbenjam/.m2/repository/org/usb4java/usb4java/1.2.0/usb4java-1.2.0.jar:/home/stbenjam/.m2/repository/org/usb4java/libusb4java/1.2.0/libusb4java-1.2.0-linux-x86.jar:/home/stbenjam/.m2/repository/org/usb4java/libusb4java/1.2.0/libusb4java-1.2.0-linux-x86_64.jar:/home/stbenjam/.m2/repository/org/usb4java/libusb4java/1.2.0/libusb4java-1.2.0-linux-arm.jar:/home/stbenjam/.m2/repository/org/usb4java/libusb4java/1.2.0/libusb4java-1.2.0-windows-x86.jar:/home/stbenjam/.m2/repository/org/usb4java/libusb4java/1.2.0/libusb4java-1.2.0-windows-x86_64.jar:/home/stbenjam/.m2/repository/org/usb4java/libusb4java/1.2.0/libusb4java-1.2.0-osx-x86.jar:/home/stbenjam/.m2/repository/org/usb4java/libusb4java/1.2.0/libusb4java-1.2.0-osx-x86_64.jar:/home/stbenjam/.m2/repository/org/mockito/mockito-all/1.9.5/mockito-all-1.9.5.jar:/home/stbenjam/.m2/repository/com/fasterxml/jackson/core/jackson-databind/2.5.0/jackson-databind-2.5.0.jar:/home/stbenjam/.m2/repository/com/fasterxml/jackson/core/jackson-core/2.8.10/jackson-core-2.8.10.jar:/home/stbenjam/.m2/repository/com/vaadin/external/google/android-json/0.0.20131108.vaadin1/android-json-0.0.20131108.vaadin1.jar:/home/stbenjam/.m2/repository/com/tngtech/java/junit-dataprovider/1.13.1/junit-dataprovider-1.13.1.jar:/home/stbenjam/.m2/repository/org/springframework/spring-context-support/3.2.0.RELEASE/spring-context-support-3.2.0.RELEASE.jar:, user.name=stbenjam, java.vm.specification.version=1.8, sun.java.command=/home/stbenjam/git/h2ms/target/surefire/surefirebooter4478042733021414321.jar /home/stbenjam/git/h2ms/target/surefire/surefire602509062644399573tmp /home/stbenjam/git/h2ms/target/surefire/surefire_08659671123201472941tmp, java.home=/usr/lib/jvm/java-1.8.0-openjdk-1.8.0.161-0.b14.fc27.x86_64/jre, sun.arch.data.model=64, user.language=en, java.specification.vendor=Oracle Corporation, awt.toolkit=sun.awt.X11.XToolkit, java.vm.info=mixed mode, java.version=1.8.0_161, java.ext.dirs=/usr/lib/jvm/java-1.8.0-openjdk-1.8.0.161-0.b14.fc27.x86_64/jre/lib/ext:/usr/java/packages/lib/ext, sun.boot.class.path=/usr/lib/jvm/java-1.8.0-openjdk-1.8.0.161-0.b14.fc27.x86_64/jre/lib/resources.jar:/usr/lib/jvm/java-1.8.0-openjdk-1.8.0.161-0.b14.fc27.x86_64/jre/lib/rt.jar:/usr/lib/jvm/java-1.8.0-openjdk-1.8.0.161-0.b14.fc27.x86_64/jre/lib/sunrsasign.jar:/usr/lib/jvm/java-1.8.0-openjdk-1.8.0.161-0.b14.fc27.x86_64/jre/lib/jsse.jar:/usr/lib/jvm/java-1.8.0-openjdk-1.8.0.161-0.b14.fc27.x86_64/jre/lib/jce.jar:/usr/lib/jvm/java-1.8.0-openjdk-1.8.0.161-0.b14.fc27.x86_64/jre/lib/charsets.jar:/usr/lib/jvm/java-1.8.0-openjdk-1.8.0.161-0.b14.fc27.x86_64/jre/lib/jfr.jar:/usr/lib/jvm/java-1.8.0-openjdk-1.8.0.161-0.b14.fc27.x86_64/jre/classes, java.vendor=Oracle Corporation, localRepository=/home/stbenjam/.m2/repository, file.separator=/, java.vendor.url.bug=http://bugreport.sun.com/bugreport/, sun.io.unicode.encoding=UnicodeLittle, sun.cpu.endian=little, sun.desktop=gnome, sun.cpu.isalist=}}, SystemEnvironmentPropertySource@262457445 {name='systemEnvironment', properties={IRBRC=/home/stbenjam/.rvm/rubies/ruby-2.3.3/.irbrc, PATH=/home/stbenjam/.rvm/gems/ruby-2.3.3/bin:/home/stbenjam/.rvm/gems/ruby-2.3.3@global/bin:/home/stbenjam/.rvm/rubies/ruby-2.3.3/bin:/usr/local/bin:/usr/bin:/bin:/usr/local/sbin:/usr/sbin:/home/stbenjam/.local/bin:/home/stbenjam/bin:/home/stbenjam/.rvm/bin, rvm_silent_flag=, HISTCONTROL=ignoredups, XMODIFIERS=@im=ibus, GDMSESSION=gnome-xorg, rvm_quiet_flag=, GUESTFISH_RESTORE=\e[0m, DBUS_SESSION_BUS_ADDRESS=unix:path=/run/user/1000/bus,guid=0ff0c73f492cc1dc3846ae835aac7cd0, COLORTERM=truecolor, rvm_ruby_make_install=, rvm_niceness=, SESSION_MANAGER=local/unix:@/tmp/.ICE-unix/1818,unix/unix:/tmp/.ICE-unix/1818, USERNAME=stbenjam, rvm_version=1.29.1 (latest), PWD=/home/stbenjam/git/h2ms, MANAGERPID=1759, LESSOPEN=||/usr/bin/lesspipe.sh %s, PAGER=less, QTINC=/usr/lib64/qt-3.3/include, rvm_hook=, rvm_wrapper_name=, MY_RUBY_HOME=/home/stbenjam/.rvm/rubies/ruby-2.3.3, rvm_nightly_flag=, ZSH=/home/stbenjam/.oh-my-zsh, rvm_path=/home/stbenjam/.rvm, GUESTFISH_INIT=\e[1;34m, GNOME_DESKTOP_SESSION_ID=this-is-deprecated, SYSTEMD_NSS_BYPASS_BUS=1, DBUS_STARTER_ADDRESS=unix:path=/run/user/1000/bus,guid=0ff0c73f492cc1dc3846ae835aac7cd0, LC_CTYPE=en_US.UTF-8, SHLVL=2, LOADEDMODULES=, HISTSIZE=10000, JAVA_HOME=/usr/lib/jvm/java-1.8.0-openjdk-1.8.0.161-0.b14.fc27.x86_64, TERM=xterm-256color, XDG_SESSION_ID=2, rvm_script_name=, rvm_ruby_make=, rvm_docs_type=, _=/usr/lib/jvm/java-1.8.0-openjdk-1.8.0.161-0.b14.fc27.x86_64/jre/bin/java, MAVEN_PROJECTBASEDIR=/home/stbenjam/git/h2ms, DESKTOP_SESSION=gnome-xorg, XDG_MENU_PREFIX=gnome-, VTE_VERSION=5002, rvm_alias_expanded=, rvm_ruby_bits=, GEM_PATH=/home/stbenjam/.rvm/gems/ruby-2.3.3:/home/stbenjam/.rvm/gems/ruby-2.3.3@global, TILIX_ID=df6230d2-2679-42ab-bd7f-667d05988153, XAUTHORITY=/run/user/1000/gdm/Xauthority, INVOCATION_ID=2a8a59bd24d3424f8a519125eeaea755, XDG_DATA_DIRS=/home/stbenjam/.local/share/flatpak/exports/share/:/var/lib/flatpak/exports/share/:/usr/local/share/:/usr/share/, MODULEPATH=/etc/scl/modulefiles:/etc/scl/modulefiles:/usr/share/Modules/modulefiles:/etc/modulefiles:/usr/share/modulefiles, rvm_bin_flag=, VAGRANT_DEFAULT_PROVIDER=libvirt, XDG_CURRENT_DESKTOP=GNOME, JOURNAL_STREAM=9:35277, MAIL=/var/spool/mail/stbenjam, rvm_ruby_mode=, LOGNAME=stbenjam, rvm_proxy=, SHELL=/bin/zsh, rvm_sdk=, OLDPWD=/home/stbenjam/git/h2ms, GEM_HOME=/home/stbenjam/.rvm/gems/ruby-2.3.3, rvm_use_flag=, GIT=/bin/git, RUBY_VERSION=ruby-2.3.3, _system_name=Fedora, LESS=-R, XDG_SESSION_DESKTOP=gnome-xorg, LS_COLORS=rs=0:di=38;5;33:ln=38;5;51:mh=00:pi=40;38;5;11:so=38;5;13:do=38;5;5:bd=48;5;232;38;5;11:cd=48;5;232;38;5;3:or=48;5;232;38;5;9:mi=01;05;37;41:su=48;5;196;38;5;15:sg=48;5;11;38;5;16:ca=48;5;196;38;5;226:tw=48;5;10;38;5;16:ow=48;5;10;38;5;21:st=48;5;21;38;5;15:ex=38;5;40:*.tar=38;5;9:*.tgz=38;5;9:*.arc=38;5;9:*.arj=38;5;9:*.taz=38;5;9:*.lha=38;5;9:*.lz4=38;5;9:*.lzh=38;5;9:*.lzma=38;5;9:*.tlz=38;5;9:*.txz=38;5;9:*.tzo=38;5;9:*.t7z=38;5;9:*.zip=38;5;9:*.z=38;5;9:*.Z=38;5;9:*.dz=38;5;9:*.gz=38;5;9:*.lrz=38;5;9:*.lz=38;5;9:*.lzo=38;5;9:*.xz=38;5;9:*.zst=38;5;9:*.tzst=38;5;9:*.bz2=38;5;9:*.bz=38;5;9:*.tbz=38;5;9:*.tbz2=38;5;9:*.tz=38;5;9:*.deb=38;5;9:*.rpm=38;5;9:*.jar=38;5;9:*.war=38;5;9:*.ear=38;5;9:*.sar=38;5;9:*.rar=38;5;9:*.alz=38;5;9:*.ace=38;5;9:*.zoo=38;5;9:*.cpio=38;5;9:*.7z=38;5;9:*.rz=38;5;9:*.cab=38;5;9:*.wim=38;5;9:*.swm=38;5;9:*.dwm=38;5;9:*.esd=38;5;9:*.jpg=38;5;13:*.jpeg=38;5;13:*.mjpg=38;5;13:*.mjpeg=38;5;13:*.gif=38;5;13:*.bmp=38;5;13:*.pbm=38;5;13:*.pgm=38;5;13:*.ppm=38;5;13:*.tga=38;5;13:*.xbm=38;5;13:*.xpm=38;5;13:*.tif=38;5;13:*.tiff=38;5;13:*.png=38;5;13:*.svg=38;5;13:*.svgz=38;5;13:*.mng=38;5;13:*.pcx=38;5;13:*.mov=38;5;13:*.mpg=38;5;13:*.mpeg=38;5;13:*.m2v=38;5;13:*.mkv=38;5;13:*.webm=38;5;13:*.ogm=38;5;13:*.mp4=38;5;13:*.m4v=38;5;13:*.mp4v=38;5;13:*.vob=38;5;13:*.qt=38;5;13:*.nuv=38;5;13:*.wmv=38;5;13:*.asf=38;5;13:*.rm=38;5;13:*.rmvb=38;5;13:*.flc=38;5;13:*.avi=38;5;13:*.fli=38;5;13:*.flv=38;5;13:*.gl=38;5;13:*.dl=38;5;13:*.xcf=38;5;13:*.xwd=38;5;13:*.yuv=38;5;13:*.cgm=38;5;13:*.emf=38;5;13:*.ogv=38;5;13:*.ogx=38;5;13:*.aac=38;5;45:*.au=38;5;45:*.flac=38;5;45:*.m4a=38;5;45:*.mid=38;5;45:*.midi=38;5;45:*.mka=38;5;45:*.mp3=38;5;45:*.mpc=38;5;45:*.ogg=38;5;45:*.ra=38;5;45:*.wav=38;5;45:*.oga=38;5;45:*.opus=38;5;45:*.spx=38;5;45:*.xspf=38;5;45:, rvm_gemstone_package_file=, _system_arch=x86_64, rvm_bin_path=/home/stbenjam/.rvm/bin, QT_IM_MODULE=ibus, rvm_only_path_flag=, rvm_prefix=/home/stbenjam, LANG=en_US.UTF-8, XDG_SESSION_TYPE=x11, DISPLAY=:0, rvm_gemstone_url=, GDM_LANG=en_US.UTF-8, GUESTFISH_PS1=\[\e[1;32m\]><fs>\[\e[0;31m\] , LSCOLORS=Gxfxcxdxbxegedabagacad, _system_type=Linux, _system_version=27, GPG_TTY=/dev/pts/1, USER=stbenjam, rvm_ruby_file=, WINDOWPATH=2, XDG_SEAT=seat0, SSH_AUTH_SOCK=/run/user/1000/keyring/ssh, EDITOR=vim, HOSTNAME=ancient.bitbin.de, MODULESHOME=/usr/share/Modules, QTDIR=/usr/lib64/qt-3.3, XDG_RUNTIME_DIR=/run/user/1000, XDG_VTNR=2, GUESTFISH_OUTPUT=\e[0m, DBUS_STARTER_BUS_TYPE=session, QTLIB=/usr/lib64/qt-3.3/lib, HOME=/home/stbenjam}}]
21:13:06.322 [main] DEBUG org.springframework.core.io.support.PathMatchingResourcePatternResolver - Resolved classpath location [edu/harvard/h2ms/domain/core/] to resources [URL [file:/home/stbenjam/git/h2ms/target/test-classes/edu/harvard/h2ms/domain/core/], URL [file:/home/stbenjam/git/h2ms/target/classes/edu/harvard/h2ms/domain/core/]]
21:13:06.322 [main] DEBUG org.springframework.core.io.support.PathMatchingResourcePatternResolver - Looking for matching resources in directory tree [/home/stbenjam/git/h2ms/target/test-classes/edu/harvard/h2ms/domain/core]
21:13:06.322 [main] DEBUG org.springframework.core.io.support.PathMatchingResourcePatternResolver - Searching directory [/home/stbenjam/git/h2ms/target/test-classes/edu/harvard/h2ms/domain/core] for files matching pattern [/home/stbenjam/git/h2ms/target/test-classes/edu/harvard/h2ms/domain/core/*.class]
21:13:06.323 [main] DEBUG org.springframework.core.io.support.PathMatchingResourcePatternResolver - Looking for matching resources in directory tree [/home/stbenjam/git/h2ms/target/classes/edu/harvard/h2ms/domain/core]
21:13:06.323 [main] DEBUG org.springframework.core.io.support.PathMatchingResourcePatternResolver - Searching directory [/home/stbenjam/git/h2ms/target/classes/edu/harvard/h2ms/domain/core] for files matching pattern [/home/stbenjam/git/h2ms/target/classes/edu/harvard/h2ms/domain/core/*.class]
21:13:06.325 [main] DEBUG org.springframework.core.io.support.PathMatchingResourcePatternResolver - Resolved location pattern [classpath*:edu/harvard/h2ms/domain/core/*.class] to resources [file [/home/stbenjam/git/h2ms/target/test-classes/edu/harvard/h2ms/domain/core/UserTest.class], file [/home/stbenjam/git/h2ms/target/classes/edu/harvard/h2ms/domain/core/Answer.class], file [/home/stbenjam/git/h2ms/target/classes/edu/harvard/h2ms/domain/core/Event.class], file [/home/stbenjam/git/h2ms/target/classes/edu/harvard/h2ms/domain/core/EventTemplate.class], file [/home/stbenjam/git/h2ms/target/classes/edu/harvard/h2ms/domain/core/Location.class], file [/home/stbenjam/git/h2ms/target/classes/edu/harvard/h2ms/domain/core/Question.class], file [/home/stbenjam/git/h2ms/target/classes/edu/harvard/h2ms/domain/core/Reader.class], file [/home/stbenjam/git/h2ms/target/classes/edu/harvard/h2ms/domain/core/Role.class], file [/home/stbenjam/git/h2ms/target/classes/edu/harvard/h2ms/domain/core/User.class], file [/home/stbenjam/git/h2ms/target/classes/edu/harvard/h2ms/domain/core/WristBand.class]]
21:13:06.364 [main] DEBUG org.springframework.core.io.support.PathMatchingResourcePatternResolver - Resolved classpath location [edu/harvard/h2ms/domain/] to resources [URL [file:/home/stbenjam/git/h2ms/target/test-classes/edu/harvard/h2ms/domain/], URL [file:/home/stbenjam/git/h2ms/target/classes/edu/harvard/h2ms/domain/]]
21:13:06.365 [main] DEBUG org.springframework.core.io.support.PathMatchingResourcePatternResolver - Looking for matching resources in directory tree [/home/stbenjam/git/h2ms/target/test-classes/edu/harvard/h2ms/domain]
21:13:06.365 [main] DEBUG org.springframework.core.io.support.PathMatchingResourcePatternResolver - Searching directory [/home/stbenjam/git/h2ms/target/test-classes/edu/harvard/h2ms/domain] for files matching pattern [/home/stbenjam/git/h2ms/target/test-classes/edu/harvard/h2ms/domain/*.class]
21:13:06.365 [main] DEBUG org.springframework.core.io.support.PathMatchingResourcePatternResolver - Looking for matching resources in directory tree [/home/stbenjam/git/h2ms/target/classes/edu/harvard/h2ms/domain]
21:13:06.366 [main] DEBUG org.springframework.core.io.support.PathMatchingResourcePatternResolver - Searching directory [/home/stbenjam/git/h2ms/target/classes/edu/harvard/h2ms/domain] for files matching pattern [/home/stbenjam/git/h2ms/target/classes/edu/harvard/h2ms/domain/*.class]
21:13:06.366 [main] DEBUG org.springframework.core.io.support.PathMatchingResourcePatternResolver - Resolved location pattern [classpath*:edu/harvard/h2ms/domain/*.class] to resources []
21:13:06.367 [main] DEBUG org.springframework.core.io.support.PathMatchingResourcePatternResolver - Resolved classpath location [edu/harvard/h2ms/] to resources [URL [file:/home/stbenjam/git/h2ms/target/test-classes/edu/harvard/h2ms/], URL [file:/home/stbenjam/git/h2ms/target/classes/edu/harvard/h2ms/]]
21:13:06.367 [main] DEBUG org.springframework.core.io.support.PathMatchingResourcePatternResolver - Looking for matching resources in directory tree [/home/stbenjam/git/h2ms/target/test-classes/edu/harvard/h2ms]
21:13:06.367 [main] DEBUG org.springframework.core.io.support.PathMatchingResourcePatternResolver - Searching directory [/home/stbenjam/git/h2ms/target/test-classes/edu/harvard/h2ms] for files matching pattern [/home/stbenjam/git/h2ms/target/test-classes/edu/harvard/h2ms/*.class]
21:13:06.368 [main] DEBUG org.springframework.core.io.support.PathMatchingResourcePatternResolver - Looking for matching resources in directory tree [/home/stbenjam/git/h2ms/target/classes/edu/harvard/h2ms]
21:13:06.368 [main] DEBUG org.springframework.core.io.support.PathMatchingResourcePatternResolver - Searching directory [/home/stbenjam/git/h2ms/target/classes/edu/harvard/h2ms] for files matching pattern [/home/stbenjam/git/h2ms/target/classes/edu/harvard/h2ms/*.class]
21:13:06.369 [main] DEBUG org.springframework.core.io.support.PathMatchingResourcePatternResolver - Resolved location pattern [classpath*:edu/harvard/h2ms/*.class] to resources [file [/home/stbenjam/git/h2ms/target/classes/edu/harvard/h2ms/H2MSRestAppInitializer.class]]
21:13:06.371 [main] DEBUG org.springframework.context.annotation.ClassPathScanningCandidateComponentProvider - Identified candidate component class: file [/home/stbenjam/git/h2ms/target/classes/edu/harvard/h2ms/H2MSRestAppInitializer.class]
21:13:06.371 [main] INFO org.springframework.boot.test.context.SpringBootTestContextBootstrapper - Found @SpringBootConfiguration edu.harvard.h2ms.H2MSRestAppInitializer for test class edu.harvard.h2ms.domain.core.UserTest
21:13:06.376 [main] DEBUG org.springframework.boot.test.context.SpringBootTestContextBootstrapper - @TestExecutionListeners is not present for class [edu.harvard.h2ms.domain.core.UserTest]: using defaults.
21:13:06.379 [main] INFO org.springframework.boot.test.context.SpringBootTestContextBootstrapper - Loaded default TestExecutionListener class names from location [META-INF/spring.factories]: [org.springframework.boot.test.mock.mockito.MockitoTestExecutionListener, org.springframework.boot.test.mock.mockito.ResetMocksTestExecutionListener, org.springframework.boot.test.autoconfigure.restdocs.RestDocsTestExecutionListener, org.springframework.boot.test.autoconfigure.web.client.MockRestServiceServerResetTestExecutionListener, org.springframework.boot.test.autoconfigure.web.servlet.MockMvcPrintOnlyOnFailureTestExecutionListener, org.springframework.boot.test.autoconfigure.web.servlet.WebDriverTestExecutionListener, org.springframework.test.context.web.ServletTestExecutionListener, org.springframework.test.context.support.DirtiesContextBeforeModesTestExecutionListener, org.springframework.test.context.support.DependencyInjectionTestExecutionListener, org.springframework.test.context.support.DirtiesContextTestExecutionListener, org.springframework.test.context.transaction.TransactionalTestExecutionListener, org.springframework.test.context.jdbc.SqlScriptsTestExecutionListener, org.springframework.security.test.context.support.WithSecurityContextTestExecutionListener]
21:13:06.391 [main] INFO org.springframework.boot.test.context.SpringBootTestContextBootstrapper - Using TestExecutionListeners: [org.springframework.test.context.web.ServletTestExecutionListener@2b4bac49, org.springframework.test.context.support.DirtiesContextBeforeModesTestExecutionListener@fd07cbb, org.springframework.boot.test.autoconfigure.SpringBootDependencyInjectionTestExecutionListener@3571b748, org.springframework.test.context.support.DirtiesContextTestExecutionListener@3e96bacf, org.springframework.test.context.transaction.TransactionalTestExecutionListener@484970b0, org.springframework.test.context.jdbc.SqlScriptsTestExecutionListener@4470f8a6, org.springframework.security.test.context.support.WithSecurityContextTestExecutionListener@7c83dc97, org.springframework.boot.test.mock.mockito.MockitoTestExecutionListener@7748410a, org.springframework.boot.test.mock.mockito.ResetMocksTestExecutionListener@740773a3, org.springframework.boot.test.autoconfigure.restdocs.RestDocsTestExecutionListener@37f1104d, org.springframework.boot.test.autoconfigure.web.client.MockRestServiceServerResetTestExecutionListener@55740540, org.springframework.boot.test.autoconfigure.web.servlet.MockMvcPrintOnlyOnFailureTestExecutionListener@60015ef5, org.springframework.boot.test.autoconfigure.web.servlet.WebDriverTestExecutionListener@2f54a33d]
21:13:06.405 [main] DEBUG org.springframework.test.context.junit4.SpringJUnit4ClassRunner - SpringJUnit4ClassRunner constructor called with [class edu.harvard.h2ms.controllers.EventControllerTests]
21:13:06.406 [main] DEBUG org.springframework.test.context.BootstrapUtils - Instantiating CacheAwareContextLoaderDelegate from class [org.springframework.test.context.cache.DefaultCacheAwareContextLoaderDelegate]
21:13:06.406 [main] DEBUG org.springframework.test.context.BootstrapUtils - Instantiating BootstrapContext using constructor [public org.springframework.test.context.support.DefaultBootstrapContext(java.lang.Class,org.springframework.test.context.CacheAwareContextLoaderDelegate)]
21:13:06.412 [main] DEBUG org.springframework.test.context.BootstrapUtils - Instantiating TestContextBootstrapper for test class [edu.harvard.h2ms.controllers.EventControllerTests] from class [org.springframework.boot.test.context.SpringBootTestContextBootstrapper]
21:13:06.413 [main] INFO org.springframework.boot.test.context.SpringBootTestContextBootstrapper - Neither @ContextConfiguration nor @ContextHierarchy found for test class [edu.harvard.h2ms.controllers.EventControllerTests], using SpringBootContextLoader
21:13:06.433 [main] DEBUG org.springframework.test.context.support.AbstractContextLoader - Did not detect default resource location for test class [edu.harvard.h2ms.controllers.EventControllerTests]: class path resource [edu/harvard/h2ms/controllers/EventControllerTests-context.xml] does not exist
21:13:06.433 [main] DEBUG org.springframework.test.context.support.AbstractContextLoader - Did not detect default resource location for test class [edu.harvard.h2ms.controllers.EventControllerTests]: class path resource [edu/harvard/h2ms/controllers/EventControllerTestsContext.groovy] does not exist
21:13:06.433 [main] INFO org.springframework.test.context.support.AbstractContextLoader - Could not detect default resource locations for test class [edu.harvard.h2ms.controllers.EventControllerTests]: no resource found for suffixes {-context.xml, Context.groovy}.
21:13:06.434 [main] INFO org.springframework.test.context.support.AnnotationConfigContextLoaderUtils - Could not detect default configuration classes for test class [edu.harvard.h2ms.controllers.EventControllerTests]: EventControllerTests does not declare any static, non-private, non-final, nested classes annotated with @Configuration.
21:13:06.447 [main] DEBUG org.springframework.test.context.support.ActiveProfilesUtils - Could not find an 'annotation declaring class' for annotation type [org.springframework.test.context.ActiveProfiles] and class [edu.harvard.h2ms.controllers.EventControllerTests]
21:13:06.448 [main] DEBUG org.springframework.core.env.StandardEnvironment - Adding PropertySource 'systemProperties' with lowest search precedence
21:13:06.448 [main] DEBUG org.springframework.core.env.StandardEnvironment - Adding PropertySource 'systemEnvironment' with lowest search precedence
21:13:06.448 [main] DEBUG org.springframework.core.env.StandardEnvironment - Initialized StandardEnvironment with PropertySources [MapPropertySource@464676531 {name='systemProperties', properties={java.runtime.name=OpenJDK Runtime Environment, sun.boot.library.path=/usr/lib/jvm/java-1.8.0-openjdk-1.8.0.161-0.b14.fc27.x86_64/jre/lib/amd64, java.vm.version=25.161-b14, java.vm.vendor=Oracle Corporation, java.vendor.url=http://java.oracle.com/, path.separator=:, java.vm.name=OpenJDK 64-Bit Server VM, file.encoding.pkg=sun.io, user.country=US, sun.java.launcher=SUN_STANDARD, sun.os.patch.level=unknown, java.vm.specification.name=Java Virtual Machine Specification, user.dir=/home/stbenjam/git/h2ms, java.runtime.version=1.8.0_161-b14, basedir=/home/stbenjam/git/h2ms, java.awt.graphicsenv=sun.awt.X11GraphicsEnvironment, java.endorsed.dirs=/usr/lib/jvm/java-1.8.0-openjdk-1.8.0.161-0.b14.fc27.x86_64/jre/lib/endorsed, os.arch=amd64, surefire.real.class.path=/home/stbenjam/git/h2ms/target/surefire/surefirebooter4478042733021414321.jar, java.io.tmpdir=/tmp, line.separator=
, java.vm.specification.vendor=Oracle Corporation, os.name=Linux, sun.jnu.encoding=UTF-8, java.library.path=/usr/java/packages/lib/amd64:/usr/lib64:/lib64:/lib:/usr/lib, surefire.test.class.path=/home/stbenjam/git/h2ms/target/test-classes:/home/stbenjam/git/h2ms/target/classes:/home/stbenjam/.m2/repository/org/springframework/boot/spring-boot-starter-data-rest/1.5.10.RELEASE/spring-boot-starter-data-rest-1.5.10.RELEASE.jar:/home/stbenjam/.m2/repository/org/springframework/boot/spring-boot-starter/1.5.10.RELEASE/spring-boot-starter-1.5.10.RELEASE.jar:/home/stbenjam/.m2/repository/org/springframework/boot/spring-boot/1.5.10.RELEASE/spring-boot-1.5.10.RELEASE.jar:/home/stbenjam/.m2/repository/org/springframework/boot/spring-boot-autoconfigure/1.5.10.RELEASE/spring-boot-autoconfigure-1.5.10.RELEASE.jar:/home/stbenjam/.m2/repository/org/springframework/boot/spring-boot-starter-logging/1.5.10.RELEASE/spring-boot-starter-logging-1.5.10.RELEASE.jar:/home/stbenjam/.m2/repository/ch/qos/logback/logback-classic/1.1.11/logback-classic-1.1.11.jar:/home/stbenjam/.m2/repository/ch/qos/logback/logback-core/1.1.11/logback-core-1.1.11.jar:/home/stbenjam/.m2/repository/org/slf4j/jul-to-slf4j/1.7.25/jul-to-slf4j-1.7.25.jar:/home/stbenjam/.m2/repository/org/slf4j/log4j-over-slf4j/1.7.25/log4j-over-slf4j-1.7.25.jar:/home/stbenjam/.m2/repository/org/yaml/snakeyaml/1.17/snakeyaml-1.17.jar:/home/stbenjam/.m2/repository/com/fasterxml/jackson/core/jackson-annotations/2.8.0/jackson-annotations-2.8.0.jar:/home/stbenjam/.m2/repository/org/springframework/data/spring-data-rest-webmvc/2.6.10.RELEASE/spring-data-rest-webmvc-2.6.10.RELEASE.jar:/home/stbenjam/.m2/repository/org/springframework/data/spring-data-rest-core/2.6.10.RELEASE/spring-data-rest-core-2.6.10.RELEASE.jar:/home/stbenjam/.m2/repository/org/atteo/evo-inflector/1.2.2/evo-inflector-1.2.2.jar:/home/stbenjam/.m2/repository/org/slf4j/jcl-over-slf4j/1.7.25/jcl-over-slf4j-1.7.25.jar:/home/stbenjam/.m2/repository/org/springframework/boot/spring-boot-starter-web/1.5.10.RELEASE/spring-boot-starter-web-1.5.10.RELEASE.jar:/home/stbenjam/.m2/repository/org/springframework/boot/spring-boot-starter-tomcat/1.5.10.RELEASE/spring-boot-starter-tomcat-1.5.10.RELEASE.jar:/home/stbenjam/.m2/repository/org/apache/tomcat/embed/tomcat-embed-core/8.5.27/tomcat-embed-core-8.5.27.jar:/home/stbenjam/.m2/repository/org/apache/tomcat/tomcat-annotations-api/8.5.27/tomcat-annotations-api-8.5.27.jar:/home/stbenjam/.m2/repository/org/apache/tomcat/embed/tomcat-embed-el/8.5.27/tomcat-embed-el-8.5.27.jar:/home/stbenjam/.m2/repository/org/apache/tomcat/embed/tomcat-embed-websocket/8.5.27/tomcat-embed-websocket-8.5.27.jar:/home/stbenjam/.m2/repository/org/hibernate/hibernate-validator/5.3.6.Final/hibernate-validator-5.3.6.Final.jar:/home/stbenjam/.m2/repository/javax/validation/validation-api/1.1.0.Final/validation-api-1.1.0.Final.jar:/home/stbenjam/.m2/repository/org/jboss/logging/jboss-logging/3.3.1.Final/jboss-logging-3.3.1.Final.jar:/home/stbenjam/.m2/repository/org/springframework/spring-web/4.3.14.RELEASE/spring-web-4.3.14.RELEASE.jar:/home/stbenjam/.m2/repository/org/springframework/spring-webmvc/4.3.14.RELEASE/spring-webmvc-4.3.14.RELEASE.jar:/home/stbenjam/.m2/repository/org/springframework/spring-expression/4.3.14.RELEASE/spring-expression-4.3.14.RELEASE.jar:/home/stbenjam/.m2/repository/org/springframework/boot/spring-boot-starter-thymeleaf/1.5.10.RELEASE/spring-boot-starter-thymeleaf-1.5.10.RELEASE.jar:/home/stbenjam/.m2/repository/org/thymeleaf/thymeleaf-spring4/2.1.6.RELEASE/thymeleaf-spring4-2.1.6.RELEASE.jar:/home/stbenjam/.m2/repository/org/thymeleaf/thymeleaf/2.1.6.RELEASE/thymeleaf-2.1.6.RELEASE.jar:/home/stbenjam/.m2/repository/ognl/ognl/3.0.8/ognl-3.0.8.jar:/home/stbenjam/.m2/repository/org/unbescape/unbescape/1.1.0.RELEASE/unbescape-1.1.0.RELEASE.jar:/home/stbenjam/.m2/repository/nz/net/ultraq/thymeleaf/thymeleaf-layout-dialect/1.4.0/thymeleaf-layout-dialect-1.4.0.jar:/home/stbenjam/.m2/repository/org/codehaus/groovy/groovy/2.4.13/groovy-2.4.13.jar:/home/stbenjam/.m2/repository/org/springframework/boot/spring-boot-starter-test/1.5.10.RELEASE/spring-boot-starter-test-1.5.10.RELEASE.jar:/home/stbenjam/.m2/repository/org/springframework/boot/spring-boot-test/1.5.10.RELEASE/spring-boot-test-1.5.10.RELEASE.jar:/home/stbenjam/.m2/repository/org/springframework/boot/spring-boot-test-autoconfigure/1.5.10.RELEASE/spring-boot-test-autoconfigure-1.5.10.RELEASE.jar:/home/stbenjam/.m2/repository/com/jayway/jsonpath/json-path/2.2.0/json-path-2.2.0.jar:/home/stbenjam/.m2/repository/net/minidev/json-smart/2.2.1/json-smart-2.2.1.jar:/home/stbenjam/.m2/repository/net/minidev/accessors-smart/1.1/accessors-smart-1.1.jar:/home/stbenjam/.m2/repository/org/ow2/asm/asm/5.0.3/asm-5.0.3.jar:/home/stbenjam/.m2/repository/junit/junit/4.12/junit-4.12.jar:/home/stbenjam/.m2/repository/org/assertj/assertj-core/2.6.0/assertj-core-2.6.0.jar:/home/stbenjam/.m2/repository/org/mockito/mockito-core/1.10.19/mockito-core-1.10.19.jar:/home/stbenjam/.m2/repository/org/objenesis/objenesis/2.1/objenesis-2.1.jar:/home/stbenjam/.m2/repository/org/hamcrest/hamcrest-core/1.3/hamcrest-core-1.3.jar:/home/stbenjam/.m2/repository/org/hamcrest/hamcrest-library/1.3/hamcrest-library-1.3.jar:/home/stbenjam/.m2/repository/org/skyscreamer/jsonassert/1.4.0/jsonassert-1.4.0.jar:/home/stbenjam/.m2/repository/org/springframework/spring-core/4.3.14.RELEASE/spring-core-4.3.14.RELEASE.jar:/home/stbenjam/.m2/repository/org/springframework/spring-test/4.3.14.RELEASE/spring-test-4.3.14.RELEASE.jar:/home/stbenjam/.m2/repository/org/springframework/restdocs/spring-restdocs-mockmvc/1.1.3.RELEASE/spring-restdocs-mockmvc-1.1.3.RELEASE.jar:/home/stbenjam/.m2/repository/org/springframework/restdocs/spring-restdocs-core/1.1.3.RELEASE/spring-restdocs-core-1.1.3.RELEASE.jar:/home/stbenjam/.m2/repository/javax/servlet/javax.servlet-api/3.1.0/javax.servlet-api-3.1.0.jar:/home/stbenjam/.m2/repository/org/springframework/boot/spring-boot-starter-data-jpa/1.5.10.RELEASE/spring-boot-starter-data-jpa-1.5.10.RELEASE.jar:/home/stbenjam/.m2/repository/org/springframework/boot/spring-boot-starter-aop/1.5.10.RELEASE/spring-boot-starter-aop-1.5.10.RELEASE.jar:/home/stbenjam/.m2/repository/org/aspectj/aspectjweaver/1.8.13/aspectjweaver-1.8.13.jar:/home/stbenjam/.m2/repository/org/springframework/boot/spring-boot-starter-jdbc/1.5.10.RELEASE/spring-boot-starter-jdbc-1.5.10.RELEASE.jar:/home/stbenjam/.m2/repository/org/apache/tomcat/tomcat-jdbc/8.5.27/tomcat-jdbc-8.5.27.jar:/home/stbenjam/.m2/repository/org/apache/tomcat/tomcat-juli/8.5.27/tomcat-juli-8.5.27.jar:/home/stbenjam/.m2/repository/org/springframework/spring-jdbc/4.3.14.RELEASE/spring-jdbc-4.3.14.RELEASE.jar:/home/stbenjam/.m2/repository/org/hibernate/hibernate-core/5.0.12.Final/hibernate-core-5.0.12.Final.jar:/home/stbenjam/.m2/repository/org/hibernate/javax/persistence/hibernate-jpa-2.1-api/1.0.0.Final/hibernate-jpa-2.1-api-1.0.0.Final.jar:/home/stbenjam/.m2/repository/org/javassist/javassist/3.21.0-GA/javassist-3.21.0-GA.jar:/home/stbenjam/.m2/repository/antlr/antlr/2.7.7/antlr-2.7.7.jar:/home/stbenjam/.m2/repository/org/jboss/jandex/2.0.0.Final/jandex-2.0.0.Final.jar:/home/stbenjam/.m2/repository/dom4j/dom4j/1.6.1/dom4j-1.6.1.jar:/home/stbenjam/.m2/repository/org/hibernate/common/hibernate-commons-annotations/5.0.1.Final/hibernate-commons-annotations-5.0.1.Final.jar:/home/stbenjam/.m2/repository/org/hibernate/hibernate-entitymanager/5.0.12.Final/hibernate-entitymanager-5.0.12.Final.jar:/home/stbenjam/.m2/repository/javax/transaction/javax.transaction-api/1.2/javax.transaction-api-1.2.jar:/home/stbenjam/.m2/repository/org/springframework/data/spring-data-jpa/1.11.10.RELEASE/spring-data-jpa-1.11.10.RELEASE.jar:/home/stbenjam/.m2/repository/org/springframework/data/spring-data-commons/1.13.10.RELEASE/spring-data-commons-1.13.10.RELEASE.jar:/home/stbenjam/.m2/repository/org/springframework/spring-orm/4.3.14.RELEASE/spring-orm-4.3.14.RELEASE.jar:/home/stbenjam/.m2/repository/org/springframework/spring-tx/4.3.14.RELEASE/spring-tx-4.3.14.RELEASE.jar:/home/stbenjam/.m2/repository/org/springframework/spring-aspects/4.3.14.RELEASE/spring-aspects-4.3.14.RELEASE.jar:/home/stbenjam/.m2/repository/com/h2database/h2/1.4.196/h2-1.4.196.jar:/home/stbenjam/.m2/repository/org/postgresql/postgresql/9.4-1206-jdbc42/postgresql-9.4-1206-jdbc42.jar:/home/stbenjam/.m2/repository/log4j/log4j/1.2.17/log4j-1.2.17.jar:/home/stbenjam/.m2/repository/com/google/guava/guava/19.0/guava-19.0.jar:/home/stbenjam/.m2/repository/javax/mail/mail/1.4/mail-1.4.jar:/home/stbenjam/.m2/repository/javax/activation/activation/1.1/activation-1.1.jar:/home/stbenjam/.m2/repository/org/springframework/boot/spring-boot-starter-security/1.5.10.RELEASE/spring-boot-starter-security-1.5.10.RELEASE.jar:/home/stbenjam/.m2/repository/org/springframework/spring-aop/4.3.14.RELEASE/spring-aop-4.3.14.RELEASE.jar:/home/stbenjam/.m2/repository/org/springframework/security/spring-security-config/4.2.4.RELEASE/spring-security-config-4.2.4.RELEASE.jar:/home/stbenjam/.m2/repository/org/springframework/security/spring-security-web/4.2.4.RELEASE/spring-security-web-4.2.4.RELEASE.jar:/home/stbenjam/.m2/repository/org/springframework/boot/spring-boot-starter-mail/1.4.3.RELEASE/spring-boot-starter-mail-1.4.3.RELEASE.jar:/home/stbenjam/.m2/repository/org/springframework/spring-context/4.3.14.RELEASE/spring-context-4.3.14.RELEASE.jar:/home/stbenjam/.m2/repository/com/sun/mail/javax.mail/1.5.6/javax.mail-1.5.6.jar:/home/stbenjam/.m2/repository/com/icegreen/greenmail/1.5.5/greenmail-1.5.5.jar:/home/stbenjam/.m2/repository/org/slf4j/slf4j-api/1.7.25/slf4j-api-1.7.25.jar:/home/stbenjam/.m2/repository/org/springframework/security/spring-security-test/4.2.4.RELEASE/spring-security-test-4.2.4.RELEASE.jar:/home/stbenjam/.m2/repository/org/springframework/security/spring-security-core/4.2.4.RELEASE/spring-security-core-4.2.4.RELEASE.jar:/home/stbenjam/.m2/repository/aopalliance/aopalliance/1.0/aopalliance-1.0.jar:/home/stbenjam/.m2/repository/org/springframework/security/oauth/spring-security-oauth2/2.0.14.RELEASE/spring-security-oauth2-2.0.14.RELEASE.jar:/home/stbenjam/.m2/repository/org/springframework/spring-beans/4.3.14.RELEASE/spring-beans-4.3.14.RELEASE.jar:/home/stbenjam/.m2/repository/commons-codec/commons-codec/1.10/commons-codec-1.10.jar:/home/stbenjam/.m2/repository/org/codehaus/jackson/jackson-mapper-asl/1.9.13/jackson-mapper-asl-1.9.13.jar:/home/stbenjam/.m2/repository/org/codehaus/jackson/jackson-core-asl/1.9.13/jackson-core-asl-1.9.13.jar:/home/stbenjam/.m2/repository/io/springfox/springfox-swagger2/2.8.0/springfox-swagger2-2.8.0.jar:/home/stbenjam/.m2/repository/io/swagger/swagger-annotations/1.5.14/swagger-annotations-1.5.14.jar:/home/stbenjam/.m2/repository/io/swagger/swagger-models/1.5.14/swagger-models-1.5.14.jar:/home/stbenjam/.m2/repository/io/springfox/springfox-spi/2.8.0/springfox-spi-2.8.0.jar:/home/stbenjam/.m2/repository/io/springfox/springfox-core/2.8.0/springfox-core-2.8.0.jar:/home/stbenjam/.m2/repository/net/bytebuddy/byte-buddy/1.7.9/byte-buddy-1.7.9.jar:/home/stbenjam/.m2/repository/io/springfox/springfox-schema/2.8.0/springfox-schema-2.8.0.jar:/home/stbenjam/.m2/repository/io/springfox/springfox-swagger-common/2.8.0/springfox-swagger-common-2.8.0.jar:/home/stbenjam/.m2/repository/io/springfox/springfox-spring-web/2.8.0/springfox-spring-web-2.8.0.jar:/home/stbenjam/.m2/repository/org/reflections/reflections/0.9.11/reflections-0.9.11.jar:/home/stbenjam/.m2/repository/com/fasterxml/classmate/1.3.4/classmate-1.3.4.jar:/home/stbenjam/.m2/repository/org/springframework/plugin/spring-plugin-core/1.2.0.RELEASE/spring-plugin-core-1.2.0.RELEASE.jar:/home/stbenjam/.m2/repository/org/springframework/plugin/spring-plugin-metadata/1.2.0.RELEASE/spring-plugin-metadata-1.2.0.RELEASE.jar:/home/stbenjam/.m2/repository/org/mapstruct/mapstruct/1.2.0.Final/mapstruct-1.2.0.Final.jar:/home/stbenjam/.m2/repository/io/springfox/springfox-swagger-ui/2.8.0/springfox-swagger-ui-2.8.0.jar:/home/stbenjam/.m2/repository/io/springfox/springfox-data-rest/2.8.0/springfox-data-rest-2.8.0.jar:/home/stbenjam/.m2/repository/org/springframework/hateoas/spring-hateoas/0.23.0.RELEASE/spring-hateoas-0.23.0.RELEASE.jar:/home/stbenjam/.m2/repository/org/usb4java/usb4java-javax/1.2.0/usb4java-javax-1.2.0.jar:/home/stbenjam/.m2/repository/javax/usb/usb-api/1.0.2/usb-api-1.0.2.jar:/home/stbenjam/.m2/repository/org/apache/commons/commons-lang3/3.2.1/commons-lang3-3.2.1.jar:/home/stbenjam/.m2/repository/org/usb4java/usb4java/1.2.0/usb4java-1.2.0.jar:/home/stbenjam/.m2/repository/org/usb4java/libusb4java/1.2.0/libusb4java-1.2.0-linux-x86.jar:/home/stbenjam/.m2/repository/org/usb4java/libusb4java/1.2.0/libusb4java-1.2.0-linux-x86_64.jar:/home/stbenjam/.m2/repository/org/usb4java/libusb4java/1.2.0/libusb4java-1.2.0-linux-arm.jar:/home/stbenjam/.m2/repository/org/usb4java/libusb4java/1.2.0/libusb4java-1.2.0-windows-x86.jar:/home/stbenjam/.m2/repository/org/usb4java/libusb4java/1.2.0/libusb4java-1.2.0-windows-x86_64.jar:/home/stbenjam/.m2/repository/org/usb4java/libusb4java/1.2.0/libusb4java-1.2.0-osx-x86.jar:/home/stbenjam/.m2/repository/org/usb4java/libusb4java/1.2.0/libusb4java-1.2.0-osx-x86_64.jar:/home/stbenjam/.m2/repository/org/mockito/mockito-all/1.9.5/mockito-all-1.9.5.jar:/home/stbenjam/.m2/repository/com/fasterxml/jackson/core/jackson-databind/2.5.0/jackson-databind-2.5.0.jar:/home/stbenjam/.m2/repository/com/fasterxml/jackson/core/jackson-core/2.8.10/jackson-core-2.8.10.jar:/home/stbenjam/.m2/repository/com/vaadin/external/google/android-json/0.0.20131108.vaadin1/android-json-0.0.20131108.vaadin1.jar:/home/stbenjam/.m2/repository/com/tngtech/java/junit-dataprovider/1.13.1/junit-dataprovider-1.13.1.jar:/home/stbenjam/.m2/repository/org/springframework/spring-context-support/3.2.0.RELEASE/spring-context-support-3.2.0.RELEASE.jar:, java.specification.name=Java Platform API Specification, java.class.version=52.0, sun.management.compiler=HotSpot 64-Bit Tiered Compilers, os.version=4.14.14-300.fc27.x86_64, user.home=/home/stbenjam, user.timezone=America/New_York, java.awt.printerjob=sun.print.PSPrinterJob, file.encoding=UTF-8, java.specification.version=1.8, java.class.path=/home/stbenjam/git/h2ms/target/test-classes:/home/stbenjam/git/h2ms/target/classes:/home/stbenjam/.m2/repository/org/springframework/boot/spring-boot-starter-data-rest/1.5.10.RELEASE/spring-boot-starter-data-rest-1.5.10.RELEASE.jar:/home/stbenjam/.m2/repository/org/springframework/boot/spring-boot-starter/1.5.10.RELEASE/spring-boot-starter-1.5.10.RELEASE.jar:/home/stbenjam/.m2/repository/org/springframework/boot/spring-boot/1.5.10.RELEASE/spring-boot-1.5.10.RELEASE.jar:/home/stbenjam/.m2/repository/org/springframework/boot/spring-boot-autoconfigure/1.5.10.RELEASE/spring-boot-autoconfigure-1.5.10.RELEASE.jar:/home/stbenjam/.m2/repository/org/springframework/boot/spring-boot-starter-logging/1.5.10.RELEASE/spring-boot-starter-logging-1.5.10.RELEASE.jar:/home/stbenjam/.m2/repository/ch/qos/logback/logback-classic/1.1.11/logback-classic-1.1.11.jar:/home/stbenjam/.m2/repository/ch/qos/logback/logback-core/1.1.11/logback-core-1.1.11.jar:/home/stbenjam/.m2/repository/org/slf4j/jul-to-slf4j/1.7.25/jul-to-slf4j-1.7.25.jar:/home/stbenjam/.m2/repository/org/slf4j/log4j-over-slf4j/1.7.25/log4j-over-slf4j-1.7.25.jar:/home/stbenjam/.m2/repository/org/yaml/snakeyaml/1.17/snakeyaml-1.17.jar:/home/stbenjam/.m2/repository/com/fasterxml/jackson/core/jackson-annotations/2.8.0/jackson-annotations-2.8.0.jar:/home/stbenjam/.m2/repository/org/springframework/data/spring-data-rest-webmvc/2.6.10.RELEASE/spring-data-rest-webmvc-2.6.10.RELEASE.jar:/home/stbenjam/.m2/repository/org/springframework/data/spring-data-rest-core/2.6.10.RELEASE/spring-data-rest-core-2.6.10.RELEASE.jar:/home/stbenjam/.m2/repository/org/atteo/evo-inflector/1.2.2/evo-inflector-1.2.2.jar:/home/stbenjam/.m2/repository/org/slf4j/jcl-over-slf4j/1.7.25/jcl-over-slf4j-1.7.25.jar:/home/stbenjam/.m2/repository/org/springframework/boot/spring-boot-starter-web/1.5.10.RELEASE/spring-boot-starter-web-1.5.10.RELEASE.jar:/home/stbenjam/.m2/repository/org/springframework/boot/spring-boot-starter-tomcat/1.5.10.RELEASE/spring-boot-starter-tomcat-1.5.10.RELEASE.jar:/home/stbenjam/.m2/repository/org/apache/tomcat/embed/tomcat-embed-core/8.5.27/tomcat-embed-core-8.5.27.jar:/home/stbenjam/.m2/repository/org/apache/tomcat/tomcat-annotations-api/8.5.27/tomcat-annotations-api-8.5.27.jar:/home/stbenjam/.m2/repository/org/apache/tomcat/embed/tomcat-embed-el/8.5.27/tomcat-embed-el-8.5.27.jar:/home/stbenjam/.m2/repository/org/apache/tomcat/embed/tomcat-embed-websocket/8.5.27/tomcat-embed-websocket-8.5.27.jar:/home/stbenjam/.m2/repository/org/hibernate/hibernate-validator/5.3.6.Final/hibernate-validator-5.3.6.Final.jar:/home/stbenjam/.m2/repository/javax/validation/validation-api/1.1.0.Final/validation-api-1.1.0.Final.jar:/home/stbenjam/.m2/repository/org/jboss/logging/jboss-logging/3.3.1.Final/jboss-logging-3.3.1.Final.jar:/home/stbenjam/.m2/repository/org/springframework/spring-web/4.3.14.RELEASE/spring-web-4.3.14.RELEASE.jar:/home/stbenjam/.m2/repository/org/springframework/spring-webmvc/4.3.14.RELEASE/spring-webmvc-4.3.14.RELEASE.jar:/home/stbenjam/.m2/repository/org/springframework/spring-expression/4.3.14.RELEASE/spring-expression-4.3.14.RELEASE.jar:/home/stbenjam/.m2/repository/org/springframework/boot/spring-boot-starter-thymeleaf/1.5.10.RELEASE/spring-boot-starter-thymeleaf-1.5.10.RELEASE.jar:/home/stbenjam/.m2/repository/org/thymeleaf/thymeleaf-spring4/2.1.6.RELEASE/thymeleaf-spring4-2.1.6.RELEASE.jar:/home/stbenjam/.m2/repository/org/thymeleaf/thymeleaf/2.1.6.RELEASE/thymeleaf-2.1.6.RELEASE.jar:/home/stbenjam/.m2/repository/ognl/ognl/3.0.8/ognl-3.0.8.jar:/home/stbenjam/.m2/repository/org/unbescape/unbescape/1.1.0.RELEASE/unbescape-1.1.0.RELEASE.jar:/home/stbenjam/.m2/repository/nz/net/ultraq/thymeleaf/thymeleaf-layout-dialect/1.4.0/thymeleaf-layout-dialect-1.4.0.jar:/home/stbenjam/.m2/repository/org/codehaus/groovy/groovy/2.4.13/groovy-2.4.13.jar:/home/stbenjam/.m2/repository/org/springframework/boot/spring-boot-starter-test/1.5.10.RELEASE/spring-boot-starter-test-1.5.10.RELEASE.jar:/home/stbenjam/.m2/repository/org/springframework/boot/spring-boot-test/1.5.10.RELEASE/spring-boot-test-1.5.10.RELEASE.jar:/home/stbenjam/.m2/repository/org/springframework/boot/spring-boot-test-autoconfigure/1.5.10.RELEASE/spring-boot-test-autoconfigure-1.5.10.RELEASE.jar:/home/stbenjam/.m2/repository/com/jayway/jsonpath/json-path/2.2.0/json-path-2.2.0.jar:/home/stbenjam/.m2/repository/net/minidev/json-smart/2.2.1/json-smart-2.2.1.jar:/home/stbenjam/.m2/repository/net/minidev/accessors-smart/1.1/accessors-smart-1.1.jar:/home/stbenjam/.m2/repository/org/ow2/asm/asm/5.0.3/asm-5.0.3.jar:/home/stbenjam/.m2/repository/junit/junit/4.12/junit-4.12.jar:/home/stbenjam/.m2/repository/org/assertj/assertj-core/2.6.0/assertj-core-2.6.0.jar:/home/stbenjam/.m2/repository/org/mockito/mockito-core/1.10.19/mockito-core-1.10.19.jar:/home/stbenjam/.m2/repository/org/objenesis/objenesis/2.1/objenesis-2.1.jar:/home/stbenjam/.m2/repository/org/hamcrest/hamcrest-core/1.3/hamcrest-core-1.3.jar:/home/stbenjam/.m2/repository/org/hamcrest/hamcrest-library/1.3/hamcrest-library-1.3.jar:/home/stbenjam/.m2/repository/org/skyscreamer/jsonassert/1.4.0/jsonassert-1.4.0.jar:/home/stbenjam/.m2/repository/org/springframework/spring-core/4.3.14.RELEASE/spring-core-4.3.14.RELEASE.jar:/home/stbenjam/.m2/repository/org/springframework/spring-test/4.3.14.RELEASE/spring-test-4.3.14.RELEASE.jar:/home/stbenjam/.m2/repository/org/springframework/restdocs/spring-restdocs-mockmvc/1.1.3.RELEASE/spring-restdocs-mockmvc-1.1.3.RELEASE.jar:/home/stbenjam/.m2/repository/org/springframework/restdocs/spring-restdocs-core/1.1.3.RELEASE/spring-restdocs-core-1.1.3.RELEASE.jar:/home/stbenjam/.m2/repository/javax/servlet/javax.servlet-api/3.1.0/javax.servlet-api-3.1.0.jar:/home/stbenjam/.m2/repository/org/springframework/boot/spring-boot-starter-data-jpa/1.5.10.RELEASE/spring-boot-starter-data-jpa-1.5.10.RELEASE.jar:/home/stbenjam/.m2/repository/org/springframework/boot/spring-boot-starter-aop/1.5.10.RELEASE/spring-boot-starter-aop-1.5.10.RELEASE.jar:/home/stbenjam/.m2/repository/org/aspectj/aspectjweaver/1.8.13/aspectjweaver-1.8.13.jar:/home/stbenjam/.m2/repository/org/springframework/boot/spring-boot-starter-jdbc/1.5.10.RELEASE/spring-boot-starter-jdbc-1.5.10.RELEASE.jar:/home/stbenjam/.m2/repository/org/apache/tomcat/tomcat-jdbc/8.5.27/tomcat-jdbc-8.5.27.jar:/home/stbenjam/.m2/repository/org/apache/tomcat/tomcat-juli/8.5.27/tomcat-juli-8.5.27.jar:/home/stbenjam/.m2/repository/org/springframework/spring-jdbc/4.3.14.RELEASE/spring-jdbc-4.3.14.RELEASE.jar:/home/stbenjam/.m2/repository/org/hibernate/hibernate-core/5.0.12.Final/hibernate-core-5.0.12.Final.jar:/home/stbenjam/.m2/repository/org/hibernate/javax/persistence/hibernate-jpa-2.1-api/1.0.0.Final/hibernate-jpa-2.1-api-1.0.0.Final.jar:/home/stbenjam/.m2/repository/org/javassist/javassist/3.21.0-GA/javassist-3.21.0-GA.jar:/home/stbenjam/.m2/repository/antlr/antlr/2.7.7/antlr-2.7.7.jar:/home/stbenjam/.m2/repository/org/jboss/jandex/2.0.0.Final/jandex-2.0.0.Final.jar:/home/stbenjam/.m2/repository/dom4j/dom4j/1.6.1/dom4j-1.6.1.jar:/home/stbenjam/.m2/repository/org/hibernate/common/hibernate-commons-annotations/5.0.1.Final/hibernate-commons-annotations-5.0.1.Final.jar:/home/stbenjam/.m2/repository/org/hibernate/hibernate-entitymanager/5.0.12.Final/hibernate-entitymanager-5.0.12.Final.jar:/home/stbenjam/.m2/repository/javax/transaction/javax.transaction-api/1.2/javax.transaction-api-1.2.jar:/home/stbenjam/.m2/repository/org/springframework/data/spring-data-jpa/1.11.10.RELEASE/spring-data-jpa-1.11.10.RELEASE.jar:/home/stbenjam/.m2/repository/org/springframework/data/spring-data-commons/1.13.10.RELEASE/spring-data-commons-1.13.10.RELEASE.jar:/home/stbenjam/.m2/repository/org/springframework/spring-orm/4.3.14.RELEASE/spring-orm-4.3.14.RELEASE.jar:/home/stbenjam/.m2/repository/org/springframework/spring-tx/4.3.14.RELEASE/spring-tx-4.3.14.RELEASE.jar:/home/stbenjam/.m2/repository/org/springframework/spring-aspects/4.3.14.RELEASE/spring-aspects-4.3.14.RELEASE.jar:/home/stbenjam/.m2/repository/com/h2database/h2/1.4.196/h2-1.4.196.jar:/home/stbenjam/.m2/repository/org/postgresql/postgresql/9.4-1206-jdbc42/postgresql-9.4-1206-jdbc42.jar:/home/stbenjam/.m2/repository/log4j/log4j/1.2.17/log4j-1.2.17.jar:/home/stbenjam/.m2/repository/com/google/guava/guava/19.0/guava-19.0.jar:/home/stbenjam/.m2/repository/javax/mail/mail/1.4/mail-1.4.jar:/home/stbenjam/.m2/repository/javax/activation/activation/1.1/activation-1.1.jar:/home/stbenjam/.m2/repository/org/springframework/boot/spring-boot-starter-security/1.5.10.RELEASE/spring-boot-starter-security-1.5.10.RELEASE.jar:/home/stbenjam/.m2/repository/org/springframework/spring-aop/4.3.14.RELEASE/spring-aop-4.3.14.RELEASE.jar:/home/stbenjam/.m2/repository/org/springframework/security/spring-security-config/4.2.4.RELEASE/spring-security-config-4.2.4.RELEASE.jar:/home/stbenjam/.m2/repository/org/springframework/security/spring-security-web/4.2.4.RELEASE/spring-security-web-4.2.4.RELEASE.jar:/home/stbenjam/.m2/repository/org/springframework/boot/spring-boot-starter-mail/1.4.3.RELEASE/spring-boot-starter-mail-1.4.3.RELEASE.jar:/home/stbenjam/.m2/repository/org/springframework/spring-context/4.3.14.RELEASE/spring-context-4.3.14.RELEASE.jar:/home/stbenjam/.m2/repository/com/sun/mail/javax.mail/1.5.6/javax.mail-1.5.6.jar:/home/stbenjam/.m2/repository/com/icegreen/greenmail/1.5.5/greenmail-1.5.5.jar:/home/stbenjam/.m2/repository/org/slf4j/slf4j-api/1.7.25/slf4j-api-1.7.25.jar:/home/stbenjam/.m2/repository/org/springframework/security/spring-security-test/4.2.4.RELEASE/spring-security-test-4.2.4.RELEASE.jar:/home/stbenjam/.m2/repository/org/springframework/security/spring-security-core/4.2.4.RELEASE/spring-security-core-4.2.4.RELEASE.jar:/home/stbenjam/.m2/repository/aopalliance/aopalliance/1.0/aopalliance-1.0.jar:/home/stbenjam/.m2/repository/org/springframework/security/oauth/spring-security-oauth2/2.0.14.RELEASE/spring-security-oauth2-2.0.14.RELEASE.jar:/home/stbenjam/.m2/repository/org/springframework/spring-beans/4.3.14.RELEASE/spring-beans-4.3.14.RELEASE.jar:/home/stbenjam/.m2/repository/commons-codec/commons-codec/1.10/commons-codec-1.10.jar:/home/stbenjam/.m2/repository/org/codehaus/jackson/jackson-mapper-asl/1.9.13/jackson-mapper-asl-1.9.13.jar:/home/stbenjam/.m2/repository/org/codehaus/jackson/jackson-core-asl/1.9.13/jackson-core-asl-1.9.13.jar:/home/stbenjam/.m2/repository/io/springfox/springfox-swagger2/2.8.0/springfox-swagger2-2.8.0.jar:/home/stbenjam/.m2/repository/io/swagger/swagger-annotations/1.5.14/swagger-annotations-1.5.14.jar:/home/stbenjam/.m2/repository/io/swagger/swagger-models/1.5.14/swagger-models-1.5.14.jar:/home/stbenjam/.m2/repository/io/springfox/springfox-spi/2.8.0/springfox-spi-2.8.0.jar:/home/stbenjam/.m2/repository/io/springfox/springfox-core/2.8.0/springfox-core-2.8.0.jar:/home/stbenjam/.m2/repository/net/bytebuddy/byte-buddy/1.7.9/byte-buddy-1.7.9.jar:/home/stbenjam/.m2/repository/io/springfox/springfox-schema/2.8.0/springfox-schema-2.8.0.jar:/home/stbenjam/.m2/repository/io/springfox/springfox-swagger-common/2.8.0/springfox-swagger-common-2.8.0.jar:/home/stbenjam/.m2/repository/io/springfox/springfox-spring-web/2.8.0/springfox-spring-web-2.8.0.jar:/home/stbenjam/.m2/repository/org/reflections/reflections/0.9.11/reflections-0.9.11.jar:/home/stbenjam/.m2/repository/com/fasterxml/classmate/1.3.4/classmate-1.3.4.jar:/home/stbenjam/.m2/repository/org/springframework/plugin/spring-plugin-core/1.2.0.RELEASE/spring-plugin-core-1.2.0.RELEASE.jar:/home/stbenjam/.m2/repository/org/springframework/plugin/spring-plugin-metadata/1.2.0.RELEASE/spring-plugin-metadata-1.2.0.RELEASE.jar:/home/stbenjam/.m2/repository/org/mapstruct/mapstruct/1.2.0.Final/mapstruct-1.2.0.Final.jar:/home/stbenjam/.m2/repository/io/springfox/springfox-swagger-ui/2.8.0/springfox-swagger-ui-2.8.0.jar:/home/stbenjam/.m2/repository/io/springfox/springfox-data-rest/2.8.0/springfox-data-rest-2.8.0.jar:/home/stbenjam/.m2/repository/org/springframework/hateoas/spring-hateoas/0.23.0.RELEASE/spring-hateoas-0.23.0.RELEASE.jar:/home/stbenjam/.m2/repository/org/usb4java/usb4java-javax/1.2.0/usb4java-javax-1.2.0.jar:/home/stbenjam/.m2/repository/javax/usb/usb-api/1.0.2/usb-api-1.0.2.jar:/home/stbenjam/.m2/repository/org/apache/commons/commons-lang3/3.2.1/commons-lang3-3.2.1.jar:/home/stbenjam/.m2/repository/org/usb4java/usb4java/1.2.0/usb4java-1.2.0.jar:/home/stbenjam/.m2/repository/org/usb4java/libusb4java/1.2.0/libusb4java-1.2.0-linux-x86.jar:/home/stbenjam/.m2/repository/org/usb4java/libusb4java/1.2.0/libusb4java-1.2.0-linux-x86_64.jar:/home/stbenjam/.m2/repository/org/usb4java/libusb4java/1.2.0/libusb4java-1.2.0-linux-arm.jar:/home/stbenjam/.m2/repository/org/usb4java/libusb4java/1.2.0/libusb4java-1.2.0-windows-x86.jar:/home/stbenjam/.m2/repository/org/usb4java/libusb4java/1.2.0/libusb4java-1.2.0-windows-x86_64.jar:/home/stbenjam/.m2/repository/org/usb4java/libusb4java/1.2.0/libusb4java-1.2.0-osx-x86.jar:/home/stbenjam/.m2/repository/org/usb4java/libusb4java/1.2.0/libusb4java-1.2.0-osx-x86_64.jar:/home/stbenjam/.m2/repository/org/mockito/mockito-all/1.9.5/mockito-all-1.9.5.jar:/home/stbenjam/.m2/repository/com/fasterxml/jackson/core/jackson-databind/2.5.0/jackson-databind-2.5.0.jar:/home/stbenjam/.m2/repository/com/fasterxml/jackson/core/jackson-core/2.8.10/jackson-core-2.8.10.jar:/home/stbenjam/.m2/repository/com/vaadin/external/google/android-json/0.0.20131108.vaadin1/android-json-0.0.20131108.vaadin1.jar:/home/stbenjam/.m2/repository/com/tngtech/java/junit-dataprovider/1.13.1/junit-dataprovider-1.13.1.jar:/home/stbenjam/.m2/repository/org/springframework/spring-context-support/3.2.0.RELEASE/spring-context-support-3.2.0.RELEASE.jar:, user.name=stbenjam, java.vm.specification.version=1.8, sun.java.command=/home/stbenjam/git/h2ms/target/surefire/surefirebooter4478042733021414321.jar /home/stbenjam/git/h2ms/target/surefire/surefire602509062644399573tmp /home/stbenjam/git/h2ms/target/surefire/surefire_08659671123201472941tmp, java.home=/usr/lib/jvm/java-1.8.0-openjdk-1.8.0.161-0.b14.fc27.x86_64/jre, sun.arch.data.model=64, user.language=en, java.specification.vendor=Oracle Corporation, awt.toolkit=sun.awt.X11.XToolkit, java.vm.info=mixed mode, java.version=1.8.0_161, java.ext.dirs=/usr/lib/jvm/java-1.8.0-openjdk-1.8.0.161-0.b14.fc27.x86_64/jre/lib/ext:/usr/java/packages/lib/ext, sun.boot.class.path=/usr/lib/jvm/java-1.8.0-openjdk-1.8.0.161-0.b14.fc27.x86_64/jre/lib/resources.jar:/usr/lib/jvm/java-1.8.0-openjdk-1.8.0.161-0.b14.fc27.x86_64/jre/lib/rt.jar:/usr/lib/jvm/java-1.8.0-openjdk-1.8.0.161-0.b14.fc27.x86_64/jre/lib/sunrsasign.jar:/usr/lib/jvm/java-1.8.0-openjdk-1.8.0.161-0.b14.fc27.x86_64/jre/lib/jsse.jar:/usr/lib/jvm/java-1.8.0-openjdk-1.8.0.161-0.b14.fc27.x86_64/jre/lib/jce.jar:/usr/lib/jvm/java-1.8.0-openjdk-1.8.0.161-0.b14.fc27.x86_64/jre/lib/charsets.jar:/usr/lib/jvm/java-1.8.0-openjdk-1.8.0.161-0.b14.fc27.x86_64/jre/lib/jfr.jar:/usr/lib/jvm/java-1.8.0-openjdk-1.8.0.161-0.b14.fc27.x86_64/jre/classes, java.vendor=Oracle Corporation, localRepository=/home/stbenjam/.m2/repository, file.separator=/, java.vendor.url.bug=http://bugreport.sun.com/bugreport/, sun.io.unicode.encoding=UnicodeLittle, sun.cpu.endian=little, sun.desktop=gnome, sun.cpu.isalist=}}, SystemEnvironmentPropertySource@812446698 {name='systemEnvironment', properties={IRBRC=/home/stbenjam/.rvm/rubies/ruby-2.3.3/.irbrc, PATH=/home/stbenjam/.rvm/gems/ruby-2.3.3/bin:/home/stbenjam/.rvm/gems/ruby-2.3.3@global/bin:/home/stbenjam/.rvm/rubies/ruby-2.3.3/bin:/usr/local/bin:/usr/bin:/bin:/usr/local/sbin:/usr/sbin:/home/stbenjam/.local/bin:/home/stbenjam/bin:/home/stbenjam/.rvm/bin, rvm_silent_flag=, HISTCONTROL=ignoredups, XMODIFIERS=@im=ibus, GDMSESSION=gnome-xorg, rvm_quiet_flag=, GUESTFISH_RESTORE=\e[0m, DBUS_SESSION_BUS_ADDRESS=unix:path=/run/user/1000/bus,guid=0ff0c73f492cc1dc3846ae835aac7cd0, COLORTERM=truecolor, rvm_ruby_make_install=, rvm_niceness=, SESSION_MANAGER=local/unix:@/tmp/.ICE-unix/1818,unix/unix:/tmp/.ICE-unix/1818, USERNAME=stbenjam, rvm_version=1.29.1 (latest), PWD=/home/stbenjam/git/h2ms, MANAGERPID=1759, LESSOPEN=||/usr/bin/lesspipe.sh %s, PAGER=less, QTINC=/usr/lib64/qt-3.3/include, rvm_hook=, rvm_wrapper_name=, MY_RUBY_HOME=/home/stbenjam/.rvm/rubies/ruby-2.3.3, rvm_nightly_flag=, ZSH=/home/stbenjam/.oh-my-zsh, rvm_path=/home/stbenjam/.rvm, GUESTFISH_INIT=\e[1;34m, GNOME_DESKTOP_SESSION_ID=this-is-deprecated, SYSTEMD_NSS_BYPASS_BUS=1, DBUS_STARTER_ADDRESS=unix:path=/run/user/1000/bus,guid=0ff0c73f492cc1dc3846ae835aac7cd0, LC_CTYPE=en_US.UTF-8, SHLVL=2, LOADEDMODULES=, HISTSIZE=10000, JAVA_HOME=/usr/lib/jvm/java-1.8.0-openjdk-1.8.0.161-0.b14.fc27.x86_64, TERM=xterm-256color, XDG_SESSION_ID=2, rvm_script_name=, rvm_ruby_make=, rvm_docs_type=, _=/usr/lib/jvm/java-1.8.0-openjdk-1.8.0.161-0.b14.fc27.x86_64/jre/bin/java, MAVEN_PROJECTBASEDIR=/home/stbenjam/git/h2ms, DESKTOP_SESSION=gnome-xorg, XDG_MENU_PREFIX=gnome-, VTE_VERSION=5002, rvm_alias_expanded=, rvm_ruby_bits=, GEM_PATH=/home/stbenjam/.rvm/gems/ruby-2.3.3:/home/stbenjam/.rvm/gems/ruby-2.3.3@global, TILIX_ID=df6230d2-2679-42ab-bd7f-667d05988153, XAUTHORITY=/run/user/1000/gdm/Xauthority, INVOCATION_ID=2a8a59bd24d3424f8a519125eeaea755, XDG_DATA_DIRS=/home/stbenjam/.local/share/flatpak/exports/share/:/var/lib/flatpak/exports/share/:/usr/local/share/:/usr/share/, MODULEPATH=/etc/scl/modulefiles:/etc/scl/modulefiles:/usr/share/Modules/modulefiles:/etc/modulefiles:/usr/share/modulefiles, rvm_bin_flag=, VAGRANT_DEFAULT_PROVIDER=libvirt, XDG_CURRENT_DESKTOP=GNOME, JOURNAL_STREAM=9:35277, MAIL=/var/spool/mail/stbenjam, rvm_ruby_mode=, LOGNAME=stbenjam, rvm_proxy=, SHELL=/bin/zsh, rvm_sdk=, OLDPWD=/home/stbenjam/git/h2ms, GEM_HOME=/home/stbenjam/.rvm/gems/ruby-2.3.3, rvm_use_flag=, GIT=/bin/git, RUBY_VERSION=ruby-2.3.3, _system_name=Fedora, LESS=-R, XDG_SESSION_DESKTOP=gnome-xorg, LS_COLORS=rs=0:di=38;5;33:ln=38;5;51:mh=00:pi=40;38;5;11:so=38;5;13:do=38;5;5:bd=48;5;232;38;5;11:cd=48;5;232;38;5;3:or=48;5;232;38;5;9:mi=01;05;37;41:su=48;5;196;38;5;15:sg=48;5;11;38;5;16:ca=48;5;196;38;5;226:tw=48;5;10;38;5;16:ow=48;5;10;38;5;21:st=48;5;21;38;5;15:ex=38;5;40:*.tar=38;5;9:*.tgz=38;5;9:*.arc=38;5;9:*.arj=38;5;9:*.taz=38;5;9:*.lha=38;5;9:*.lz4=38;5;9:*.lzh=38;5;9:*.lzma=38;5;9:*.tlz=38;5;9:*.txz=38;5;9:*.tzo=38;5;9:*.t7z=38;5;9:*.zip=38;5;9:*.z=38;5;9:*.Z=38;5;9:*.dz=38;5;9:*.gz=38;5;9:*.lrz=38;5;9:*.lz=38;5;9:*.lzo=38;5;9:*.xz=38;5;9:*.zst=38;5;9:*.tzst=38;5;9:*.bz2=38;5;9:*.bz=38;5;9:*.tbz=38;5;9:*.tbz2=38;5;9:*.tz=38;5;9:*.deb=38;5;9:*.rpm=38;5;9:*.jar=38;5;9:*.war=38;5;9:*.ear=38;5;9:*.sar=38;5;9:*.rar=38;5;9:*.alz=38;5;9:*.ace=38;5;9:*.zoo=38;5;9:*.cpio=38;5;9:*.7z=38;5;9:*.rz=38;5;9:*.cab=38;5;9:*.wim=38;5;9:*.swm=38;5;9:*.dwm=38;5;9:*.esd=38;5;9:*.jpg=38;5;13:*.jpeg=38;5;13:*.mjpg=38;5;13:*.mjpeg=38;5;13:*.gif=38;5;13:*.bmp=38;5;13:*.pbm=38;5;13:*.pgm=38;5;13:*.ppm=38;5;13:*.tga=38;5;13:*.xbm=38;5;13:*.xpm=38;5;13:*.tif=38;5;13:*.tiff=38;5;13:*.png=38;5;13:*.svg=38;5;13:*.svgz=38;5;13:*.mng=38;5;13:*.pcx=38;5;13:*.mov=38;5;13:*.mpg=38;5;13:*.mpeg=38;5;13:*.m2v=38;5;13:*.mkv=38;5;13:*.webm=38;5;13:*.ogm=38;5;13:*.mp4=38;5;13:*.m4v=38;5;13:*.mp4v=38;5;13:*.vob=38;5;13:*.qt=38;5;13:*.nuv=38;5;13:*.wmv=38;5;13:*.asf=38;5;13:*.rm=38;5;13:*.rmvb=38;5;13:*.flc=38;5;13:*.avi=38;5;13:*.fli=38;5;13:*.flv=38;5;13:*.gl=38;5;13:*.dl=38;5;13:*.xcf=38;5;13:*.xwd=38;5;13:*.yuv=38;5;13:*.cgm=38;5;13:*.emf=38;5;13:*.ogv=38;5;13:*.ogx=38;5;13:*.aac=38;5;45:*.au=38;5;45:*.flac=38;5;45:*.m4a=38;5;45:*.mid=38;5;45:*.midi=38;5;45:*.mka=38;5;45:*.mp3=38;5;45:*.mpc=38;5;45:*.ogg=38;5;45:*.ra=38;5;45:*.wav=38;5;45:*.oga=38;5;45:*.opus=38;5;45:*.spx=38;5;45:*.xspf=38;5;45:, rvm_gemstone_package_file=, _system_arch=x86_64, rvm_bin_path=/home/stbenjam/.rvm/bin, QT_IM_MODULE=ibus, rvm_only_path_flag=, rvm_prefix=/home/stbenjam, LANG=en_US.UTF-8, XDG_SESSION_TYPE=x11, DISPLAY=:0, rvm_gemstone_url=, GDM_LANG=en_US.UTF-8, GUESTFISH_PS1=\[\e[1;32m\]><fs>\[\e[0;31m\] , LSCOLORS=Gxfxcxdxbxegedabagacad, _system_type=Linux, _system_version=27, GPG_TTY=/dev/pts/1, USER=stbenjam, rvm_ruby_file=, WINDOWPATH=2, XDG_SEAT=seat0, SSH_AUTH_SOCK=/run/user/1000/keyring/ssh, EDITOR=vim, HOSTNAME=ancient.bitbin.de, MODULESHOME=/usr/share/Modules, QTDIR=/usr/lib64/qt-3.3, XDG_RUNTIME_DIR=/run/user/1000, XDG_VTNR=2, GUESTFISH_OUTPUT=\e[0m, DBUS_STARTER_BUS_TYPE=session, QTLIB=/usr/lib64/qt-3.3/lib, HOME=/home/stbenjam}}]
21:13:06.463 [main] DEBUG org.springframework.core.io.support.PathMatchingResourcePatternResolver - Resolved classpath location [edu/harvard/h2ms/controllers/] to resources [URL [file:/home/stbenjam/git/h2ms/target/test-classes/edu/harvard/h2ms/controllers/]]
21:13:06.464 [main] DEBUG org.springframework.core.io.support.PathMatchingResourcePatternResolver - Looking for matching resources in directory tree [/home/stbenjam/git/h2ms/target/test-classes/edu/harvard/h2ms/controllers]
21:13:06.464 [main] DEBUG org.springframework.core.io.support.PathMatchingResourcePatternResolver - Searching directory [/home/stbenjam/git/h2ms/target/test-classes/edu/harvard/h2ms/controllers] for files matching pattern [/home/stbenjam/git/h2ms/target/test-classes/edu/harvard/h2ms/controllers/*.class]
21:13:06.465 [main] DEBUG org.springframework.core.io.support.PathMatchingResourcePatternResolver - Resolved location pattern [classpath*:edu/harvard/h2ms/controllers/*.class] to resources [file [/home/stbenjam/git/h2ms/target/test-classes/edu/harvard/h2ms/controllers/EventControllerTests.class], file [/home/stbenjam/git/h2ms/target/test-classes/edu/harvard/h2ms/controllers/LocationControllerTests.class], file [/home/stbenjam/git/h2ms/target/test-classes/edu/harvard/h2ms/controllers/UserControllerTests.class]]
21:13:06.470 [main] DEBUG org.springframework.core.io.support.PathMatchingResourcePatternResolver - Resolved classpath location [edu/harvard/h2ms/] to resources [URL [file:/home/stbenjam/git/h2ms/target/test-classes/edu/harvard/h2ms/], URL [file:/home/stbenjam/git/h2ms/target/classes/edu/harvard/h2ms/]]
21:13:06.471 [main] DEBUG org.springframework.core.io.support.PathMatchingResourcePatternResolver - Looking for matching resources in directory tree [/home/stbenjam/git/h2ms/target/test-classes/edu/harvard/h2ms]
21:13:06.471 [main] DEBUG org.springframework.core.io.support.PathMatchingResourcePatternResolver - Searching directory [/home/stbenjam/git/h2ms/target/test-classes/edu/harvard/h2ms] for files matching pattern [/home/stbenjam/git/h2ms/target/test-classes/edu/harvard/h2ms/*.class]
21:13:06.484 [main] DEBUG org.springframework.core.io.support.PathMatchingResourcePatternResolver - Looking for matching resources in directory tree [/home/stbenjam/git/h2ms/target/classes/edu/harvard/h2ms]
21:13:06.485 [main] DEBUG org.springframework.core.io.support.PathMatchingResourcePatternResolver - Searching directory [/home/stbenjam/git/h2ms/target/classes/edu/harvard/h2ms] for files matching pattern [/home/stbenjam/git/h2ms/target/classes/edu/harvard/h2ms/*.class]
21:13:06.486 [main] DEBUG org.springframework.core.io.support.PathMatchingResourcePatternResolver - Resolved location pattern [classpath*:edu/harvard/h2ms/*.class] to resources [file [/home/stbenjam/git/h2ms/target/classes/edu/harvard/h2ms/H2MSRestAppInitializer.class]]
21:13:06.487 [main] DEBUG org.springframework.context.annotation.ClassPathScanningCandidateComponentProvider - Identified candidate component class: file [/home/stbenjam/git/h2ms/target/classes/edu/harvard/h2ms/H2MSRestAppInitializer.class]
21:13:06.488 [main] INFO org.springframework.boot.test.context.SpringBootTestContextBootstrapper - Found @SpringBootConfiguration edu.harvard.h2ms.H2MSRestAppInitializer for test class edu.harvard.h2ms.controllers.EventControllerTests
21:13:06.490 [main] DEBUG org.springframework.boot.test.context.SpringBootTestContextBootstrapper - @TestExecutionListeners is not present for class [edu.harvard.h2ms.controllers.EventControllerTests]: using defaults.
21:13:06.492 [main] INFO org.springframework.boot.test.context.SpringBootTestContextBootstrapper - Loaded default TestExecutionListener class names from location [META-INF/spring.factories]: [org.springframework.boot.test.mock.mockito.MockitoTestExecutionListener, org.springframework.boot.test.mock.mockito.ResetMocksTestExecutionListener, org.springframework.boot.test.autoconfigure.restdocs.RestDocsTestExecutionListener, org.springframework.boot.test.autoconfigure.web.client.MockRestServiceServerResetTestExecutionListener, org.springframework.boot.test.autoconfigure.web.servlet.MockMvcPrintOnlyOnFailureTestExecutionListener, org.springframework.boot.test.autoconfigure.web.servlet.WebDriverTestExecutionListener, org.springframework.test.context.web.ServletTestExecutionListener, org.springframework.test.context.support.DirtiesContextBeforeModesTestExecutionListener, org.springframework.test.context.support.DependencyInjectionTestExecutionListener, org.springframework.test.context.support.DirtiesContextTestExecutionListener, org.springframework.test.context.transaction.TransactionalTestExecutionListener, org.springframework.test.context.jdbc.SqlScriptsTestExecutionListener, org.springframework.security.test.context.support.WithSecurityContextTestExecutionListener]
21:13:06.500 [main] INFO org.springframework.boot.test.context.SpringBootTestContextBootstrapper - Using TestExecutionListeners: [org.springframework.test.context.web.ServletTestExecutionListener@1eb5174b, org.springframework.test.context.support.DirtiesContextBeforeModesTestExecutionListener@67080771, org.springframework.boot.test.autoconfigure.SpringBootDependencyInjectionTestExecutionListener@72cde7cc, org.springframework.test.context.support.DirtiesContextTestExecutionListener@5fd4f8f5, org.springframework.test.context.transaction.TransactionalTestExecutionListener@696da30b, org.springframework.test.context.jdbc.SqlScriptsTestExecutionListener@4e7912d8, org.springframework.security.test.context.support.WithSecurityContextTestExecutionListener@53976f5c, org.springframework.boot.test.mock.mockito.MockitoTestExecutionListener@2bfc268b, org.springframework.boot.test.mock.mockito.ResetMocksTestExecutionListener@2f8dad04, org.springframework.boot.test.autoconfigure.restdocs.RestDocsTestExecutionListener@29e495ff, org.springframework.boot.test.autoconfigure.web.client.MockRestServiceServerResetTestExecutionListener@41e1e210, org.springframework.boot.test.autoconfigure.web.servlet.MockMvcPrintOnlyOnFailureTestExecutionListener@be35cd9, org.springframework.boot.test.autoconfigure.web.servlet.WebDriverTestExecutionListener@4944252c]
21:13:06.504 [main] DEBUG org.springframework.test.context.junit4.SpringJUnit4ClassRunner - SpringJUnit4ClassRunner constructor called with [class edu.harvard.h2ms.controllers.UserControllerTests]
21:13:06.513 [main] DEBUG org.springframework.test.context.BootstrapUtils - Instantiating CacheAwareContextLoaderDelegate from class [org.springframework.test.context.cache.DefaultCacheAwareContextLoaderDelegate]
21:13:06.515 [main] DEBUG org.springframework.test.context.BootstrapUtils - Instantiating BootstrapContext using constructor [public org.springframework.test.context.support.DefaultBootstrapContext(java.lang.Class,org.springframework.test.context.CacheAwareContextLoaderDelegate)]
21:13:06.519 [main] DEBUG org.springframework.test.context.BootstrapUtils - Instantiating TestContextBootstrapper for test class [edu.harvard.h2ms.controllers.UserControllerTests] from class [org.springframework.boot.test.context.SpringBootTestContextBootstrapper]
21:13:06.526 [main] INFO org.springframework.boot.test.context.SpringBootTestContextBootstrapper - Neither @ContextConfiguration nor @ContextHierarchy found for test class [edu.harvard.h2ms.controllers.UserControllerTests], using SpringBootContextLoader
21:13:06.527 [main] DEBUG org.springframework.test.context.support.AbstractContextLoader - Did not detect default resource location for test class [edu.harvard.h2ms.controllers.UserControllerTests]: class path resource [edu/harvard/h2ms/controllers/UserControllerTests-context.xml] does not exist
21:13:06.527 [main] DEBUG org.springframework.test.context.support.AbstractContextLoader - Did not detect default resource location for test class [edu.harvard.h2ms.controllers.UserControllerTests]: class path resource [edu/harvard/h2ms/controllers/UserControllerTestsContext.groovy] does not exist
21:13:06.528 [main] INFO org.springframework.test.context.support.AbstractContextLoader - Could not detect default resource locations for test class [edu.harvard.h2ms.controllers.UserControllerTests]: no resource found for suffixes {-context.xml, Context.groovy}.
21:13:06.528 [main] INFO org.springframework.test.context.support.AnnotationConfigContextLoaderUtils - Could not detect default configuration classes for test class [edu.harvard.h2ms.controllers.UserControllerTests]: UserControllerTests does not declare any static, non-private, non-final, nested classes annotated with @Configuration.
21:13:06.533 [main] DEBUG org.springframework.test.context.support.ActiveProfilesUtils - Could not find an 'annotation declaring class' for annotation type [org.springframework.test.context.ActiveProfiles] and class [edu.harvard.h2ms.controllers.UserControllerTests]
21:13:06.533 [main] DEBUG org.springframework.core.env.StandardEnvironment - Adding PropertySource 'systemProperties' with lowest search precedence
21:13:06.533 [main] DEBUG org.springframework.core.env.StandardEnvironment - Adding PropertySource 'systemEnvironment' with lowest search precedence
21:13:06.534 [main] DEBUG org.springframework.core.env.StandardEnvironment - Initialized StandardEnvironment with PropertySources [MapPropertySource@1604002113 {name='systemProperties', properties={java.runtime.name=OpenJDK Runtime Environment, sun.boot.library.path=/usr/lib/jvm/java-1.8.0-openjdk-1.8.0.161-0.b14.fc27.x86_64/jre/lib/amd64, java.vm.version=25.161-b14, java.vm.vendor=Oracle Corporation, java.vendor.url=http://java.oracle.com/, path.separator=:, java.vm.name=OpenJDK 64-Bit Server VM, file.encoding.pkg=sun.io, user.country=US, sun.java.launcher=SUN_STANDARD, sun.os.patch.level=unknown, java.vm.specification.name=Java Virtual Machine Specification, user.dir=/home/stbenjam/git/h2ms, java.runtime.version=1.8.0_161-b14, basedir=/home/stbenjam/git/h2ms, java.awt.graphicsenv=sun.awt.X11GraphicsEnvironment, java.endorsed.dirs=/usr/lib/jvm/java-1.8.0-openjdk-1.8.0.161-0.b14.fc27.x86_64/jre/lib/endorsed, os.arch=amd64, surefire.real.class.path=/home/stbenjam/git/h2ms/target/surefire/surefirebooter4478042733021414321.jar, java.io.tmpdir=/tmp, line.separator=
, java.vm.specification.vendor=Oracle Corporation, os.name=Linux, sun.jnu.encoding=UTF-8, java.library.path=/usr/java/packages/lib/amd64:/usr/lib64:/lib64:/lib:/usr/lib, surefire.test.class.path=/home/stbenjam/git/h2ms/target/test-classes:/home/stbenjam/git/h2ms/target/classes:/home/stbenjam/.m2/repository/org/springframework/boot/spring-boot-starter-data-rest/1.5.10.RELEASE/spring-boot-starter-data-rest-1.5.10.RELEASE.jar:/home/stbenjam/.m2/repository/org/springframework/boot/spring-boot-starter/1.5.10.RELEASE/spring-boot-starter-1.5.10.RELEASE.jar:/home/stbenjam/.m2/repository/org/springframework/boot/spring-boot/1.5.10.RELEASE/spring-boot-1.5.10.RELEASE.jar:/home/stbenjam/.m2/repository/org/springframework/boot/spring-boot-autoconfigure/1.5.10.RELEASE/spring-boot-autoconfigure-1.5.10.RELEASE.jar:/home/stbenjam/.m2/repository/org/springframework/boot/spring-boot-starter-logging/1.5.10.RELEASE/spring-boot-starter-logging-1.5.10.RELEASE.jar:/home/stbenjam/.m2/repository/ch/qos/logback/logback-classic/1.1.11/logback-classic-1.1.11.jar:/home/stbenjam/.m2/repository/ch/qos/logback/logback-core/1.1.11/logback-core-1.1.11.jar:/home/stbenjam/.m2/repository/org/slf4j/jul-to-slf4j/1.7.25/jul-to-slf4j-1.7.25.jar:/home/stbenjam/.m2/repository/org/slf4j/log4j-over-slf4j/1.7.25/log4j-over-slf4j-1.7.25.jar:/home/stbenjam/.m2/repository/org/yaml/snakeyaml/1.17/snakeyaml-1.17.jar:/home/stbenjam/.m2/repository/com/fasterxml/jackson/core/jackson-annotations/2.8.0/jackson-annotations-2.8.0.jar:/home/stbenjam/.m2/repository/org/springframework/data/spring-data-rest-webmvc/2.6.10.RELEASE/spring-data-rest-webmvc-2.6.10.RELEASE.jar:/home/stbenjam/.m2/repository/org/springframework/data/spring-data-rest-core/2.6.10.RELEASE/spring-data-rest-core-2.6.10.RELEASE.jar:/home/stbenjam/.m2/repository/org/atteo/evo-inflector/1.2.2/evo-inflector-1.2.2.jar:/home/stbenjam/.m2/repository/org/slf4j/jcl-over-slf4j/1.7.25/jcl-over-slf4j-1.7.25.jar:/home/stbenjam/.m2/repository/org/springframework/boot/spring-boot-starter-web/1.5.10.RELEASE/spring-boot-starter-web-1.5.10.RELEASE.jar:/home/stbenjam/.m2/repository/org/springframework/boot/spring-boot-starter-tomcat/1.5.10.RELEASE/spring-boot-starter-tomcat-1.5.10.RELEASE.jar:/home/stbenjam/.m2/repository/org/apache/tomcat/embed/tomcat-embed-core/8.5.27/tomcat-embed-core-8.5.27.jar:/home/stbenjam/.m2/repository/org/apache/tomcat/tomcat-annotations-api/8.5.27/tomcat-annotations-api-8.5.27.jar:/home/stbenjam/.m2/repository/org/apache/tomcat/embed/tomcat-embed-el/8.5.27/tomcat-embed-el-8.5.27.jar:/home/stbenjam/.m2/repository/org/apache/tomcat/embed/tomcat-embed-websocket/8.5.27/tomcat-embed-websocket-8.5.27.jar:/home/stbenjam/.m2/repository/org/hibernate/hibernate-validator/5.3.6.Final/hibernate-validator-5.3.6.Final.jar:/home/stbenjam/.m2/repository/javax/validation/validation-api/1.1.0.Final/validation-api-1.1.0.Final.jar:/home/stbenjam/.m2/repository/org/jboss/logging/jboss-logging/3.3.1.Final/jboss-logging-3.3.1.Final.jar:/home/stbenjam/.m2/repository/org/springframework/spring-web/4.3.14.RELEASE/spring-web-4.3.14.RELEASE.jar:/home/stbenjam/.m2/repository/org/springframework/spring-webmvc/4.3.14.RELEASE/spring-webmvc-4.3.14.RELEASE.jar:/home/stbenjam/.m2/repository/org/springframework/spring-expression/4.3.14.RELEASE/spring-expression-4.3.14.RELEASE.jar:/home/stbenjam/.m2/repository/org/springframework/boot/spring-boot-starter-thymeleaf/1.5.10.RELEASE/spring-boot-starter-thymeleaf-1.5.10.RELEASE.jar:/home/stbenjam/.m2/repository/org/thymeleaf/thymeleaf-spring4/2.1.6.RELEASE/thymeleaf-spring4-2.1.6.RELEASE.jar:/home/stbenjam/.m2/repository/org/thymeleaf/thymeleaf/2.1.6.RELEASE/thymeleaf-2.1.6.RELEASE.jar:/home/stbenjam/.m2/repository/ognl/ognl/3.0.8/ognl-3.0.8.jar:/home/stbenjam/.m2/repository/org/unbescape/unbescape/1.1.0.RELEASE/unbescape-1.1.0.RELEASE.jar:/home/stbenjam/.m2/repository/nz/net/ultraq/thymeleaf/thymeleaf-layout-dialect/1.4.0/thymeleaf-layout-dialect-1.4.0.jar:/home/stbenjam/.m2/repository/org/codehaus/groovy/groovy/2.4.13/groovy-2.4.13.jar:/home/stbenjam/.m2/repository/org/springframework/boot/spring-boot-starter-test/1.5.10.RELEASE/spring-boot-starter-test-1.5.10.RELEASE.jar:/home/stbenjam/.m2/repository/org/springframework/boot/spring-boot-test/1.5.10.RELEASE/spring-boot-test-1.5.10.RELEASE.jar:/home/stbenjam/.m2/repository/org/springframework/boot/spring-boot-test-autoconfigure/1.5.10.RELEASE/spring-boot-test-autoconfigure-1.5.10.RELEASE.jar:/home/stbenjam/.m2/repository/com/jayway/jsonpath/json-path/2.2.0/json-path-2.2.0.jar:/home/stbenjam/.m2/repository/net/minidev/json-smart/2.2.1/json-smart-2.2.1.jar:/home/stbenjam/.m2/repository/net/minidev/accessors-smart/1.1/accessors-smart-1.1.jar:/home/stbenjam/.m2/repository/org/ow2/asm/asm/5.0.3/asm-5.0.3.jar:/home/stbenjam/.m2/repository/junit/junit/4.12/junit-4.12.jar:/home/stbenjam/.m2/repository/org/assertj/assertj-core/2.6.0/assertj-core-2.6.0.jar:/home/stbenjam/.m2/repository/org/mockito/mockito-core/1.10.19/mockito-core-1.10.19.jar:/home/stbenjam/.m2/repository/org/objenesis/objenesis/2.1/objenesis-2.1.jar:/home/stbenjam/.m2/repository/org/hamcrest/hamcrest-core/1.3/hamcrest-core-1.3.jar:/home/stbenjam/.m2/repository/org/hamcrest/hamcrest-library/1.3/hamcrest-library-1.3.jar:/home/stbenjam/.m2/repository/org/skyscreamer/jsonassert/1.4.0/jsonassert-1.4.0.jar:/home/stbenjam/.m2/repository/org/springframework/spring-core/4.3.14.RELEASE/spring-core-4.3.14.RELEASE.jar:/home/stbenjam/.m2/repository/org/springframework/spring-test/4.3.14.RELEASE/spring-test-4.3.14.RELEASE.jar:/home/stbenjam/.m2/repository/org/springframework/restdocs/spring-restdocs-mockmvc/1.1.3.RELEASE/spring-restdocs-mockmvc-1.1.3.RELEASE.jar:/home/stbenjam/.m2/repository/org/springframework/restdocs/spring-restdocs-core/1.1.3.RELEASE/spring-restdocs-core-1.1.3.RELEASE.jar:/home/stbenjam/.m2/repository/javax/servlet/javax.servlet-api/3.1.0/javax.servlet-api-3.1.0.jar:/home/stbenjam/.m2/repository/org/springframework/boot/spring-boot-starter-data-jpa/1.5.10.RELEASE/spring-boot-starter-data-jpa-1.5.10.RELEASE.jar:/home/stbenjam/.m2/repository/org/springframework/boot/spring-boot-starter-aop/1.5.10.RELEASE/spring-boot-starter-aop-1.5.10.RELEASE.jar:/home/stbenjam/.m2/repository/org/aspectj/aspectjweaver/1.8.13/aspectjweaver-1.8.13.jar:/home/stbenjam/.m2/repository/org/springframework/boot/spring-boot-starter-jdbc/1.5.10.RELEASE/spring-boot-starter-jdbc-1.5.10.RELEASE.jar:/home/stbenjam/.m2/repository/org/apache/tomcat/tomcat-jdbc/8.5.27/tomcat-jdbc-8.5.27.jar:/home/stbenjam/.m2/repository/org/apache/tomcat/tomcat-juli/8.5.27/tomcat-juli-8.5.27.jar:/home/stbenjam/.m2/repository/org/springframework/spring-jdbc/4.3.14.RELEASE/spring-jdbc-4.3.14.RELEASE.jar:/home/stbenjam/.m2/repository/org/hibernate/hibernate-core/5.0.12.Final/hibernate-core-5.0.12.Final.jar:/home/stbenjam/.m2/repository/org/hibernate/javax/persistence/hibernate-jpa-2.1-api/1.0.0.Final/hibernate-jpa-2.1-api-1.0.0.Final.jar:/home/stbenjam/.m2/repository/org/javassist/javassist/3.21.0-GA/javassist-3.21.0-GA.jar:/home/stbenjam/.m2/repository/antlr/antlr/2.7.7/antlr-2.7.7.jar:/home/stbenjam/.m2/repository/org/jboss/jandex/2.0.0.Final/jandex-2.0.0.Final.jar:/home/stbenjam/.m2/repository/dom4j/dom4j/1.6.1/dom4j-1.6.1.jar:/home/stbenjam/.m2/repository/org/hibernate/common/hibernate-commons-annotations/5.0.1.Final/hibernate-commons-annotations-5.0.1.Final.jar:/home/stbenjam/.m2/repository/org/hibernate/hibernate-entitymanager/5.0.12.Final/hibernate-entitymanager-5.0.12.Final.jar:/home/stbenjam/.m2/repository/javax/transaction/javax.transaction-api/1.2/javax.transaction-api-1.2.jar:/home/stbenjam/.m2/repository/org/springframework/data/spring-data-jpa/1.11.10.RELEASE/spring-data-jpa-1.11.10.RELEASE.jar:/home/stbenjam/.m2/repository/org/springframework/data/spring-data-commons/1.13.10.RELEASE/spring-data-commons-1.13.10.RELEASE.jar:/home/stbenjam/.m2/repository/org/springframework/spring-orm/4.3.14.RELEASE/spring-orm-4.3.14.RELEASE.jar:/home/stbenjam/.m2/repository/org/springframework/spring-tx/4.3.14.RELEASE/spring-tx-4.3.14.RELEASE.jar:/home/stbenjam/.m2/repository/org/springframework/spring-aspects/4.3.14.RELEASE/spring-aspects-4.3.14.RELEASE.jar:/home/stbenjam/.m2/repository/com/h2database/h2/1.4.196/h2-1.4.196.jar:/home/stbenjam/.m2/repository/org/postgresql/postgresql/9.4-1206-jdbc42/postgresql-9.4-1206-jdbc42.jar:/home/stbenjam/.m2/repository/log4j/log4j/1.2.17/log4j-1.2.17.jar:/home/stbenjam/.m2/repository/com/google/guava/guava/19.0/guava-19.0.jar:/home/stbenjam/.m2/repository/javax/mail/mail/1.4/mail-1.4.jar:/home/stbenjam/.m2/repository/javax/activation/activation/1.1/activation-1.1.jar:/home/stbenjam/.m2/repository/org/springframework/boot/spring-boot-starter-security/1.5.10.RELEASE/spring-boot-starter-security-1.5.10.RELEASE.jar:/home/stbenjam/.m2/repository/org/springframework/spring-aop/4.3.14.RELEASE/spring-aop-4.3.14.RELEASE.jar:/home/stbenjam/.m2/repository/org/springframework/security/spring-security-config/4.2.4.RELEASE/spring-security-config-4.2.4.RELEASE.jar:/home/stbenjam/.m2/repository/org/springframework/security/spring-security-web/4.2.4.RELEASE/spring-security-web-4.2.4.RELEASE.jar:/home/stbenjam/.m2/repository/org/springframework/boot/spring-boot-starter-mail/1.4.3.RELEASE/spring-boot-starter-mail-1.4.3.RELEASE.jar:/home/stbenjam/.m2/repository/org/springframework/spring-context/4.3.14.RELEASE/spring-context-4.3.14.RELEASE.jar:/home/stbenjam/.m2/repository/com/sun/mail/javax.mail/1.5.6/javax.mail-1.5.6.jar:/home/stbenjam/.m2/repository/com/icegreen/greenmail/1.5.5/greenmail-1.5.5.jar:/home/stbenjam/.m2/repository/org/slf4j/slf4j-api/1.7.25/slf4j-api-1.7.25.jar:/home/stbenjam/.m2/repository/org/springframework/security/spring-security-test/4.2.4.RELEASE/spring-security-test-4.2.4.RELEASE.jar:/home/stbenjam/.m2/repository/org/springframework/security/spring-security-core/4.2.4.RELEASE/spring-security-core-4.2.4.RELEASE.jar:/home/stbenjam/.m2/repository/aopalliance/aopalliance/1.0/aopalliance-1.0.jar:/home/stbenjam/.m2/repository/org/springframework/security/oauth/spring-security-oauth2/2.0.14.RELEASE/spring-security-oauth2-2.0.14.RELEASE.jar:/home/stbenjam/.m2/repository/org/springframework/spring-beans/4.3.14.RELEASE/spring-beans-4.3.14.RELEASE.jar:/home/stbenjam/.m2/repository/commons-codec/commons-codec/1.10/commons-codec-1.10.jar:/home/stbenjam/.m2/repository/org/codehaus/jackson/jackson-mapper-asl/1.9.13/jackson-mapper-asl-1.9.13.jar:/home/stbenjam/.m2/repository/org/codehaus/jackson/jackson-core-asl/1.9.13/jackson-core-asl-1.9.13.jar:/home/stbenjam/.m2/repository/io/springfox/springfox-swagger2/2.8.0/springfox-swagger2-2.8.0.jar:/home/stbenjam/.m2/repository/io/swagger/swagger-annotations/1.5.14/swagger-annotations-1.5.14.jar:/home/stbenjam/.m2/repository/io/swagger/swagger-models/1.5.14/swagger-models-1.5.14.jar:/home/stbenjam/.m2/repository/io/springfox/springfox-spi/2.8.0/springfox-spi-2.8.0.jar:/home/stbenjam/.m2/repository/io/springfox/springfox-core/2.8.0/springfox-core-2.8.0.jar:/home/stbenjam/.m2/repository/net/bytebuddy/byte-buddy/1.7.9/byte-buddy-1.7.9.jar:/home/stbenjam/.m2/repository/io/springfox/springfox-schema/2.8.0/springfox-schema-2.8.0.jar:/home/stbenjam/.m2/repository/io/springfox/springfox-swagger-common/2.8.0/springfox-swagger-common-2.8.0.jar:/home/stbenjam/.m2/repository/io/springfox/springfox-spring-web/2.8.0/springfox-spring-web-2.8.0.jar:/home/stbenjam/.m2/repository/org/reflections/reflections/0.9.11/reflections-0.9.11.jar:/home/stbenjam/.m2/repository/com/fasterxml/classmate/1.3.4/classmate-1.3.4.jar:/home/stbenjam/.m2/repository/org/springframework/plugin/spring-plugin-core/1.2.0.RELEASE/spring-plugin-core-1.2.0.RELEASE.jar:/home/stbenjam/.m2/repository/org/springframework/plugin/spring-plugin-metadata/1.2.0.RELEASE/spring-plugin-metadata-1.2.0.RELEASE.jar:/home/stbenjam/.m2/repository/org/mapstruct/mapstruct/1.2.0.Final/mapstruct-1.2.0.Final.jar:/home/stbenjam/.m2/repository/io/springfox/springfox-swagger-ui/2.8.0/springfox-swagger-ui-2.8.0.jar:/home/stbenjam/.m2/repository/io/springfox/springfox-data-rest/2.8.0/springfox-data-rest-2.8.0.jar:/home/stbenjam/.m2/repository/org/springframework/hateoas/spring-hateoas/0.23.0.RELEASE/spring-hateoas-0.23.0.RELEASE.jar:/home/stbenjam/.m2/repository/org/usb4java/usb4java-javax/1.2.0/usb4java-javax-1.2.0.jar:/home/stbenjam/.m2/repository/javax/usb/usb-api/1.0.2/usb-api-1.0.2.jar:/home/stbenjam/.m2/repository/org/apache/commons/commons-lang3/3.2.1/commons-lang3-3.2.1.jar:/home/stbenjam/.m2/repository/org/usb4java/usb4java/1.2.0/usb4java-1.2.0.jar:/home/stbenjam/.m2/repository/org/usb4java/libusb4java/1.2.0/libusb4java-1.2.0-linux-x86.jar:/home/stbenjam/.m2/repository/org/usb4java/libusb4java/1.2.0/libusb4java-1.2.0-linux-x86_64.jar:/home/stbenjam/.m2/repository/org/usb4java/libusb4java/1.2.0/libusb4java-1.2.0-linux-arm.jar:/home/stbenjam/.m2/repository/org/usb4java/libusb4java/1.2.0/libusb4java-1.2.0-windows-x86.jar:/home/stbenjam/.m2/repository/org/usb4java/libusb4java/1.2.0/libusb4java-1.2.0-windows-x86_64.jar:/home/stbenjam/.m2/repository/org/usb4java/libusb4java/1.2.0/libusb4java-1.2.0-osx-x86.jar:/home/stbenjam/.m2/repository/org/usb4java/libusb4java/1.2.0/libusb4java-1.2.0-osx-x86_64.jar:/home/stbenjam/.m2/repository/org/mockito/mockito-all/1.9.5/mockito-all-1.9.5.jar:/home/stbenjam/.m2/repository/com/fasterxml/jackson/core/jackson-databind/2.5.0/jackson-databind-2.5.0.jar:/home/stbenjam/.m2/repository/com/fasterxml/jackson/core/jackson-core/2.8.10/jackson-core-2.8.10.jar:/home/stbenjam/.m2/repository/com/vaadin/external/google/android-json/0.0.20131108.vaadin1/android-json-0.0.20131108.vaadin1.jar:/home/stbenjam/.m2/repository/com/tngtech/java/junit-dataprovider/1.13.1/junit-dataprovider-1.13.1.jar:/home/stbenjam/.m2/repository/org/springframework/spring-context-support/3.2.0.RELEASE/spring-context-support-3.2.0.RELEASE.jar:, java.specification.name=Java Platform API Specification, java.class.version=52.0, sun.management.compiler=HotSpot 64-Bit Tiered Compilers, os.version=4.14.14-300.fc27.x86_64, user.home=/home/stbenjam, user.timezone=America/New_York, java.awt.printerjob=sun.print.PSPrinterJob, file.encoding=UTF-8, java.specification.version=1.8, java.class.path=/home/stbenjam/git/h2ms/target/test-classes:/home/stbenjam/git/h2ms/target/classes:/home/stbenjam/.m2/repository/org/springframework/boot/spring-boot-starter-data-rest/1.5.10.RELEASE/spring-boot-starter-data-rest-1.5.10.RELEASE.jar:/home/stbenjam/.m2/repository/org/springframework/boot/spring-boot-starter/1.5.10.RELEASE/spring-boot-starter-1.5.10.RELEASE.jar:/home/stbenjam/.m2/repository/org/springframework/boot/spring-boot/1.5.10.RELEASE/spring-boot-1.5.10.RELEASE.jar:/home/stbenjam/.m2/repository/org/springframework/boot/spring-boot-autoconfigure/1.5.10.RELEASE/spring-boot-autoconfigure-1.5.10.RELEASE.jar:/home/stbenjam/.m2/repository/org/springframework/boot/spring-boot-starter-logging/1.5.10.RELEASE/spring-boot-starter-logging-1.5.10.RELEASE.jar:/home/stbenjam/.m2/repository/ch/qos/logback/logback-classic/1.1.11/logback-classic-1.1.11.jar:/home/stbenjam/.m2/repository/ch/qos/logback/logback-core/1.1.11/logback-core-1.1.11.jar:/home/stbenjam/.m2/repository/org/slf4j/jul-to-slf4j/1.7.25/jul-to-slf4j-1.7.25.jar:/home/stbenjam/.m2/repository/org/slf4j/log4j-over-slf4j/1.7.25/log4j-over-slf4j-1.7.25.jar:/home/stbenjam/.m2/repository/org/yaml/snakeyaml/1.17/snakeyaml-1.17.jar:/home/stbenjam/.m2/repository/com/fasterxml/jackson/core/jackson-annotations/2.8.0/jackson-annotations-2.8.0.jar:/home/stbenjam/.m2/repository/org/springframework/data/spring-data-rest-webmvc/2.6.10.RELEASE/spring-data-rest-webmvc-2.6.10.RELEASE.jar:/home/stbenjam/.m2/repository/org/springframework/data/spring-data-rest-core/2.6.10.RELEASE/spring-data-rest-core-2.6.10.RELEASE.jar:/home/stbenjam/.m2/repository/org/atteo/evo-inflector/1.2.2/evo-inflector-1.2.2.jar:/home/stbenjam/.m2/repository/org/slf4j/jcl-over-slf4j/1.7.25/jcl-over-slf4j-1.7.25.jar:/home/stbenjam/.m2/repository/org/springframework/boot/spring-boot-starter-web/1.5.10.RELEASE/spring-boot-starter-web-1.5.10.RELEASE.jar:/home/stbenjam/.m2/repository/org/springframework/boot/spring-boot-starter-tomcat/1.5.10.RELEASE/spring-boot-starter-tomcat-1.5.10.RELEASE.jar:/home/stbenjam/.m2/repository/org/apache/tomcat/embed/tomcat-embed-core/8.5.27/tomcat-embed-core-8.5.27.jar:/home/stbenjam/.m2/repository/org/apache/tomcat/tomcat-annotations-api/8.5.27/tomcat-annotations-api-8.5.27.jar:/home/stbenjam/.m2/repository/org/apache/tomcat/embed/tomcat-embed-el/8.5.27/tomcat-embed-el-8.5.27.jar:/home/stbenjam/.m2/repository/org/apache/tomcat/embed/tomcat-embed-websocket/8.5.27/tomcat-embed-websocket-8.5.27.jar:/home/stbenjam/.m2/repository/org/hibernate/hibernate-validator/5.3.6.Final/hibernate-validator-5.3.6.Final.jar:/home/stbenjam/.m2/repository/javax/validation/validation-api/1.1.0.Final/validation-api-1.1.0.Final.jar:/home/stbenjam/.m2/repository/org/jboss/logging/jboss-logging/3.3.1.Final/jboss-logging-3.3.1.Final.jar:/home/stbenjam/.m2/repository/org/springframework/spring-web/4.3.14.RELEASE/spring-web-4.3.14.RELEASE.jar:/home/stbenjam/.m2/repository/org/springframework/spring-webmvc/4.3.14.RELEASE/spring-webmvc-4.3.14.RELEASE.jar:/home/stbenjam/.m2/repository/org/springframework/spring-expression/4.3.14.RELEASE/spring-expression-4.3.14.RELEASE.jar:/home/stbenjam/.m2/repository/org/springframework/boot/spring-boot-starter-thymeleaf/1.5.10.RELEASE/spring-boot-starter-thymeleaf-1.5.10.RELEASE.jar:/home/stbenjam/.m2/repository/org/thymeleaf/thymeleaf-spring4/2.1.6.RELEASE/thymeleaf-spring4-2.1.6.RELEASE.jar:/home/stbenjam/.m2/repository/org/thymeleaf/thymeleaf/2.1.6.RELEASE/thymeleaf-2.1.6.RELEASE.jar:/home/stbenjam/.m2/repository/ognl/ognl/3.0.8/ognl-3.0.8.jar:/home/stbenjam/.m2/repository/org/unbescape/unbescape/1.1.0.RELEASE/unbescape-1.1.0.RELEASE.jar:/home/stbenjam/.m2/repository/nz/net/ultraq/thymeleaf/thymeleaf-layout-dialect/1.4.0/thymeleaf-layout-dialect-1.4.0.jar:/home/stbenjam/.m2/repository/org/codehaus/groovy/groovy/2.4.13/groovy-2.4.13.jar:/home/stbenjam/.m2/repository/org/springframework/boot/spring-boot-starter-test/1.5.10.RELEASE/spring-boot-starter-test-1.5.10.RELEASE.jar:/home/stbenjam/.m2/repository/org/springframework/boot/spring-boot-test/1.5.10.RELEASE/spring-boot-test-1.5.10.RELEASE.jar:/home/stbenjam/.m2/repository/org/springframework/boot/spring-boot-test-autoconfigure/1.5.10.RELEASE/spring-boot-test-autoconfigure-1.5.10.RELEASE.jar:/home/stbenjam/.m2/repository/com/jayway/jsonpath/json-path/2.2.0/json-path-2.2.0.jar:/home/stbenjam/.m2/repository/net/minidev/json-smart/2.2.1/json-smart-2.2.1.jar:/home/stbenjam/.m2/repository/net/minidev/accessors-smart/1.1/accessors-smart-1.1.jar:/home/stbenjam/.m2/repository/org/ow2/asm/asm/5.0.3/asm-5.0.3.jar:/home/stbenjam/.m2/repository/junit/junit/4.12/junit-4.12.jar:/home/stbenjam/.m2/repository/org/assertj/assertj-core/2.6.0/assertj-core-2.6.0.jar:/home/stbenjam/.m2/repository/org/mockito/mockito-core/1.10.19/mockito-core-1.10.19.jar:/home/stbenjam/.m2/repository/org/objenesis/objenesis/2.1/objenesis-2.1.jar:/home/stbenjam/.m2/repository/org/hamcrest/hamcrest-core/1.3/hamcrest-core-1.3.jar:/home/stbenjam/.m2/repository/org/hamcrest/hamcrest-library/1.3/hamcrest-library-1.3.jar:/home/stbenjam/.m2/repository/org/skyscreamer/jsonassert/1.4.0/jsonassert-1.4.0.jar:/home/stbenjam/.m2/repository/org/springframework/spring-core/4.3.14.RELEASE/spring-core-4.3.14.RELEASE.jar:/home/stbenjam/.m2/repository/org/springframework/spring-test/4.3.14.RELEASE/spring-test-4.3.14.RELEASE.jar:/home/stbenjam/.m2/repository/org/springframework/restdocs/spring-restdocs-mockmvc/1.1.3.RELEASE/spring-restdocs-mockmvc-1.1.3.RELEASE.jar:/home/stbenjam/.m2/repository/org/springframework/restdocs/spring-restdocs-core/1.1.3.RELEASE/spring-restdocs-core-1.1.3.RELEASE.jar:/home/stbenjam/.m2/repository/javax/servlet/javax.servlet-api/3.1.0/javax.servlet-api-3.1.0.jar:/home/stbenjam/.m2/repository/org/springframework/boot/spring-boot-starter-data-jpa/1.5.10.RELEASE/spring-boot-starter-data-jpa-1.5.10.RELEASE.jar:/home/stbenjam/.m2/repository/org/springframework/boot/spring-boot-starter-aop/1.5.10.RELEASE/spring-boot-starter-aop-1.5.10.RELEASE.jar:/home/stbenjam/.m2/repository/org/aspectj/aspectjweaver/1.8.13/aspectjweaver-1.8.13.jar:/home/stbenjam/.m2/repository/org/springframework/boot/spring-boot-starter-jdbc/1.5.10.RELEASE/spring-boot-starter-jdbc-1.5.10.RELEASE.jar:/home/stbenjam/.m2/repository/org/apache/tomcat/tomcat-jdbc/8.5.27/tomcat-jdbc-8.5.27.jar:/home/stbenjam/.m2/repository/org/apache/tomcat/tomcat-juli/8.5.27/tomcat-juli-8.5.27.jar:/home/stbenjam/.m2/repository/org/springframework/spring-jdbc/4.3.14.RELEASE/spring-jdbc-4.3.14.RELEASE.jar:/home/stbenjam/.m2/repository/org/hibernate/hibernate-core/5.0.12.Final/hibernate-core-5.0.12.Final.jar:/home/stbenjam/.m2/repository/org/hibernate/javax/persistence/hibernate-jpa-2.1-api/1.0.0.Final/hibernate-jpa-2.1-api-1.0.0.Final.jar:/home/stbenjam/.m2/repository/org/javassist/javassist/3.21.0-GA/javassist-3.21.0-GA.jar:/home/stbenjam/.m2/repository/antlr/antlr/2.7.7/antlr-2.7.7.jar:/home/stbenjam/.m2/repository/org/jboss/jandex/2.0.0.Final/jandex-2.0.0.Final.jar:/home/stbenjam/.m2/repository/dom4j/dom4j/1.6.1/dom4j-1.6.1.jar:/home/stbenjam/.m2/repository/org/hibernate/common/hibernate-commons-annotations/5.0.1.Final/hibernate-commons-annotations-5.0.1.Final.jar:/home/stbenjam/.m2/repository/org/hibernate/hibernate-entitymanager/5.0.12.Final/hibernate-entitymanager-5.0.12.Final.jar:/home/stbenjam/.m2/repository/javax/transaction/javax.transaction-api/1.2/javax.transaction-api-1.2.jar:/home/stbenjam/.m2/repository/org/springframework/data/spring-data-jpa/1.11.10.RELEASE/spring-data-jpa-1.11.10.RELEASE.jar:/home/stbenjam/.m2/repository/org/springframework/data/spring-data-commons/1.13.10.RELEASE/spring-data-commons-1.13.10.RELEASE.jar:/home/stbenjam/.m2/repository/org/springframework/spring-orm/4.3.14.RELEASE/spring-orm-4.3.14.RELEASE.jar:/home/stbenjam/.m2/repository/org/springframework/spring-tx/4.3.14.RELEASE/spring-tx-4.3.14.RELEASE.jar:/home/stbenjam/.m2/repository/org/springframework/spring-aspects/4.3.14.RELEASE/spring-aspects-4.3.14.RELEASE.jar:/home/stbenjam/.m2/repository/com/h2database/h2/1.4.196/h2-1.4.196.jar:/home/stbenjam/.m2/repository/org/postgresql/postgresql/9.4-1206-jdbc42/postgresql-9.4-1206-jdbc42.jar:/home/stbenjam/.m2/repository/log4j/log4j/1.2.17/log4j-1.2.17.jar:/home/stbenjam/.m2/repository/com/google/guava/guava/19.0/guava-19.0.jar:/home/stbenjam/.m2/repository/javax/mail/mail/1.4/mail-1.4.jar:/home/stbenjam/.m2/repository/javax/activation/activation/1.1/activation-1.1.jar:/home/stbenjam/.m2/repository/org/springframework/boot/spring-boot-starter-security/1.5.10.RELEASE/spring-boot-starter-security-1.5.10.RELEASE.jar:/home/stbenjam/.m2/repository/org/springframework/spring-aop/4.3.14.RELEASE/spring-aop-4.3.14.RELEASE.jar:/home/stbenjam/.m2/repository/org/springframework/security/spring-security-config/4.2.4.RELEASE/spring-security-config-4.2.4.RELEASE.jar:/home/stbenjam/.m2/repository/org/springframework/security/spring-security-web/4.2.4.RELEASE/spring-security-web-4.2.4.RELEASE.jar:/home/stbenjam/.m2/repository/org/springframework/boot/spring-boot-starter-mail/1.4.3.RELEASE/spring-boot-starter-mail-1.4.3.RELEASE.jar:/home/stbenjam/.m2/repository/org/springframework/spring-context/4.3.14.RELEASE/spring-context-4.3.14.RELEASE.jar:/home/stbenjam/.m2/repository/com/sun/mail/javax.mail/1.5.6/javax.mail-1.5.6.jar:/home/stbenjam/.m2/repository/com/icegreen/greenmail/1.5.5/greenmail-1.5.5.jar:/home/stbenjam/.m2/repository/org/slf4j/slf4j-api/1.7.25/slf4j-api-1.7.25.jar:/home/stbenjam/.m2/repository/org/springframework/security/spring-security-test/4.2.4.RELEASE/spring-security-test-4.2.4.RELEASE.jar:/home/stbenjam/.m2/repository/org/springframework/security/spring-security-core/4.2.4.RELEASE/spring-security-core-4.2.4.RELEASE.jar:/home/stbenjam/.m2/repository/aopalliance/aopalliance/1.0/aopalliance-1.0.jar:/home/stbenjam/.m2/repository/org/springframework/security/oauth/spring-security-oauth2/2.0.14.RELEASE/spring-security-oauth2-2.0.14.RELEASE.jar:/home/stbenjam/.m2/repository/org/springframework/spring-beans/4.3.14.RELEASE/spring-beans-4.3.14.RELEASE.jar:/home/stbenjam/.m2/repository/commons-codec/commons-codec/1.10/commons-codec-1.10.jar:/home/stbenjam/.m2/repository/org/codehaus/jackson/jackson-mapper-asl/1.9.13/jackson-mapper-asl-1.9.13.jar:/home/stbenjam/.m2/repository/org/codehaus/jackson/jackson-core-asl/1.9.13/jackson-core-asl-1.9.13.jar:/home/stbenjam/.m2/repository/io/springfox/springfox-swagger2/2.8.0/springfox-swagger2-2.8.0.jar:/home/stbenjam/.m2/repository/io/swagger/swagger-annotations/1.5.14/swagger-annotations-1.5.14.jar:/home/stbenjam/.m2/repository/io/swagger/swagger-models/1.5.14/swagger-models-1.5.14.jar:/home/stbenjam/.m2/repository/io/springfox/springfox-spi/2.8.0/springfox-spi-2.8.0.jar:/home/stbenjam/.m2/repository/io/springfox/springfox-core/2.8.0/springfox-core-2.8.0.jar:/home/stbenjam/.m2/repository/net/bytebuddy/byte-buddy/1.7.9/byte-buddy-1.7.9.jar:/home/stbenjam/.m2/repository/io/springfox/springfox-schema/2.8.0/springfox-schema-2.8.0.jar:/home/stbenjam/.m2/repository/io/springfox/springfox-swagger-common/2.8.0/springfox-swagger-common-2.8.0.jar:/home/stbenjam/.m2/repository/io/springfox/springfox-spring-web/2.8.0/springfox-spring-web-2.8.0.jar:/home/stbenjam/.m2/repository/org/reflections/reflections/0.9.11/reflections-0.9.11.jar:/home/stbenjam/.m2/repository/com/fasterxml/classmate/1.3.4/classmate-1.3.4.jar:/home/stbenjam/.m2/repository/org/springframework/plugin/spring-plugin-core/1.2.0.RELEASE/spring-plugin-core-1.2.0.RELEASE.jar:/home/stbenjam/.m2/repository/org/springframework/plugin/spring-plugin-metadata/1.2.0.RELEASE/spring-plugin-metadata-1.2.0.RELEASE.jar:/home/stbenjam/.m2/repository/org/mapstruct/mapstruct/1.2.0.Final/mapstruct-1.2.0.Final.jar:/home/stbenjam/.m2/repository/io/springfox/springfox-swagger-ui/2.8.0/springfox-swagger-ui-2.8.0.jar:/home/stbenjam/.m2/repository/io/springfox/springfox-data-rest/2.8.0/springfox-data-rest-2.8.0.jar:/home/stbenjam/.m2/repository/org/springframework/hateoas/spring-hateoas/0.23.0.RELEASE/spring-hateoas-0.23.0.RELEASE.jar:/home/stbenjam/.m2/repository/org/usb4java/usb4java-javax/1.2.0/usb4java-javax-1.2.0.jar:/home/stbenjam/.m2/repository/javax/usb/usb-api/1.0.2/usb-api-1.0.2.jar:/home/stbenjam/.m2/repository/org/apache/commons/commons-lang3/3.2.1/commons-lang3-3.2.1.jar:/home/stbenjam/.m2/repository/org/usb4java/usb4java/1.2.0/usb4java-1.2.0.jar:/home/stbenjam/.m2/repository/org/usb4java/libusb4java/1.2.0/libusb4java-1.2.0-linux-x86.jar:/home/stbenjam/.m2/repository/org/usb4java/libusb4java/1.2.0/libusb4java-1.2.0-linux-x86_64.jar:/home/stbenjam/.m2/repository/org/usb4java/libusb4java/1.2.0/libusb4java-1.2.0-linux-arm.jar:/home/stbenjam/.m2/repository/org/usb4java/libusb4java/1.2.0/libusb4java-1.2.0-windows-x86.jar:/home/stbenjam/.m2/repository/org/usb4java/libusb4java/1.2.0/libusb4java-1.2.0-windows-x86_64.jar:/home/stbenjam/.m2/repository/org/usb4java/libusb4java/1.2.0/libusb4java-1.2.0-osx-x86.jar:/home/stbenjam/.m2/repository/org/usb4java/libusb4java/1.2.0/libusb4java-1.2.0-osx-x86_64.jar:/home/stbenjam/.m2/repository/org/mockito/mockito-all/1.9.5/mockito-all-1.9.5.jar:/home/stbenjam/.m2/repository/com/fasterxml/jackson/core/jackson-databind/2.5.0/jackson-databind-2.5.0.jar:/home/stbenjam/.m2/repository/com/fasterxml/jackson/core/jackson-core/2.8.10/jackson-core-2.8.10.jar:/home/stbenjam/.m2/repository/com/vaadin/external/google/android-json/0.0.20131108.vaadin1/android-json-0.0.20131108.vaadin1.jar:/home/stbenjam/.m2/repository/com/tngtech/java/junit-dataprovider/1.13.1/junit-dataprovider-1.13.1.jar:/home/stbenjam/.m2/repository/org/springframework/spring-context-support/3.2.0.RELEASE/spring-context-support-3.2.0.RELEASE.jar:, user.name=stbenjam, java.vm.specification.version=1.8, sun.java.command=/home/stbenjam/git/h2ms/target/surefire/surefirebooter4478042733021414321.jar /home/stbenjam/git/h2ms/target/surefire/surefire602509062644399573tmp /home/stbenjam/git/h2ms/target/surefire/surefire_08659671123201472941tmp, java.home=/usr/lib/jvm/java-1.8.0-openjdk-1.8.0.161-0.b14.fc27.x86_64/jre, sun.arch.data.model=64, user.language=en, java.specification.vendor=Oracle Corporation, awt.toolkit=sun.awt.X11.XToolkit, java.vm.info=mixed mode, java.version=1.8.0_161, java.ext.dirs=/usr/lib/jvm/java-1.8.0-openjdk-1.8.0.161-0.b14.fc27.x86_64/jre/lib/ext:/usr/java/packages/lib/ext, sun.boot.class.path=/usr/lib/jvm/java-1.8.0-openjdk-1.8.0.161-0.b14.fc27.x86_64/jre/lib/resources.jar:/usr/lib/jvm/java-1.8.0-openjdk-1.8.0.161-0.b14.fc27.x86_64/jre/lib/rt.jar:/usr/lib/jvm/java-1.8.0-openjdk-1.8.0.161-0.b14.fc27.x86_64/jre/lib/sunrsasign.jar:/usr/lib/jvm/java-1.8.0-openjdk-1.8.0.161-0.b14.fc27.x86_64/jre/lib/jsse.jar:/usr/lib/jvm/java-1.8.0-openjdk-1.8.0.161-0.b14.fc27.x86_64/jre/lib/jce.jar:/usr/lib/jvm/java-1.8.0-openjdk-1.8.0.161-0.b14.fc27.x86_64/jre/lib/charsets.jar:/usr/lib/jvm/java-1.8.0-openjdk-1.8.0.161-0.b14.fc27.x86_64/jre/lib/jfr.jar:/usr/lib/jvm/java-1.8.0-openjdk-1.8.0.161-0.b14.fc27.x86_64/jre/classes, java.vendor=Oracle Corporation, localRepository=/home/stbenjam/.m2/repository, file.separator=/, java.vendor.url.bug=http://bugreport.sun.com/bugreport/, sun.io.unicode.encoding=UnicodeLittle, sun.cpu.endian=little, sun.desktop=gnome, sun.cpu.isalist=}}, SystemEnvironmentPropertySource@38262958 {name='systemEnvironment', properties={IRBRC=/home/stbenjam/.rvm/rubies/ruby-2.3.3/.irbrc, PATH=/home/stbenjam/.rvm/gems/ruby-2.3.3/bin:/home/stbenjam/.rvm/gems/ruby-2.3.3@global/bin:/home/stbenjam/.rvm/rubies/ruby-2.3.3/bin:/usr/local/bin:/usr/bin:/bin:/usr/local/sbin:/usr/sbin:/home/stbenjam/.local/bin:/home/stbenjam/bin:/home/stbenjam/.rvm/bin, rvm_silent_flag=, HISTCONTROL=ignoredups, XMODIFIERS=@im=ibus, GDMSESSION=gnome-xorg, rvm_quiet_flag=, GUESTFISH_RESTORE=\e[0m, DBUS_SESSION_BUS_ADDRESS=unix:path=/run/user/1000/bus,guid=0ff0c73f492cc1dc3846ae835aac7cd0, COLORTERM=truecolor, rvm_ruby_make_install=, rvm_niceness=, SESSION_MANAGER=local/unix:@/tmp/.ICE-unix/1818,unix/unix:/tmp/.ICE-unix/1818, USERNAME=stbenjam, rvm_version=1.29.1 (latest), PWD=/home/stbenjam/git/h2ms, MANAGERPID=1759, LESSOPEN=||/usr/bin/lesspipe.sh %s, PAGER=less, QTINC=/usr/lib64/qt-3.3/include, rvm_hook=, rvm_wrapper_name=, MY_RUBY_HOME=/home/stbenjam/.rvm/rubies/ruby-2.3.3, rvm_nightly_flag=, ZSH=/home/stbenjam/.oh-my-zsh, rvm_path=/home/stbenjam/.rvm, GUESTFISH_INIT=\e[1;34m, GNOME_DESKTOP_SESSION_ID=this-is-deprecated, SYSTEMD_NSS_BYPASS_BUS=1, DBUS_STARTER_ADDRESS=unix:path=/run/user/1000/bus,guid=0ff0c73f492cc1dc3846ae835aac7cd0, LC_CTYPE=en_US.UTF-8, SHLVL=2, LOADEDMODULES=, HISTSIZE=10000, JAVA_HOME=/usr/lib/jvm/java-1.8.0-openjdk-1.8.0.161-0.b14.fc27.x86_64, TERM=xterm-256color, XDG_SESSION_ID=2, rvm_script_name=, rvm_ruby_make=, rvm_docs_type=, _=/usr/lib/jvm/java-1.8.0-openjdk-1.8.0.161-0.b14.fc27.x86_64/jre/bin/java, MAVEN_PROJECTBASEDIR=/home/stbenjam/git/h2ms, DESKTOP_SESSION=gnome-xorg, XDG_MENU_PREFIX=gnome-, VTE_VERSION=5002, rvm_alias_expanded=, rvm_ruby_bits=, GEM_PATH=/home/stbenjam/.rvm/gems/ruby-2.3.3:/home/stbenjam/.rvm/gems/ruby-2.3.3@global, TILIX_ID=df6230d2-2679-42ab-bd7f-667d05988153, XAUTHORITY=/run/user/1000/gdm/Xauthority, INVOCATION_ID=2a8a59bd24d3424f8a519125eeaea755, XDG_DATA_DIRS=/home/stbenjam/.local/share/flatpak/exports/share/:/var/lib/flatpak/exports/share/:/usr/local/share/:/usr/share/, MODULEPATH=/etc/scl/modulefiles:/etc/scl/modulefiles:/usr/share/Modules/modulefiles:/etc/modulefiles:/usr/share/modulefiles, rvm_bin_flag=, VAGRANT_DEFAULT_PROVIDER=libvirt, XDG_CURRENT_DESKTOP=GNOME, JOURNAL_STREAM=9:35277, MAIL=/var/spool/mail/stbenjam, rvm_ruby_mode=, LOGNAME=stbenjam, rvm_proxy=, SHELL=/bin/zsh, rvm_sdk=, OLDPWD=/home/stbenjam/git/h2ms, GEM_HOME=/home/stbenjam/.rvm/gems/ruby-2.3.3, rvm_use_flag=, GIT=/bin/git, RUBY_VERSION=ruby-2.3.3, _system_name=Fedora, LESS=-R, XDG_SESSION_DESKTOP=gnome-xorg, LS_COLORS=rs=0:di=38;5;33:ln=38;5;51:mh=00:pi=40;38;5;11:so=38;5;13:do=38;5;5:bd=48;5;232;38;5;11:cd=48;5;232;38;5;3:or=48;5;232;38;5;9:mi=01;05;37;41:su=48;5;196;38;5;15:sg=48;5;11;38;5;16:ca=48;5;196;38;5;226:tw=48;5;10;38;5;16:ow=48;5;10;38;5;21:st=48;5;21;38;5;15:ex=38;5;40:*.tar=38;5;9:*.tgz=38;5;9:*.arc=38;5;9:*.arj=38;5;9:*.taz=38;5;9:*.lha=38;5;9:*.lz4=38;5;9:*.lzh=38;5;9:*.lzma=38;5;9:*.tlz=38;5;9:*.txz=38;5;9:*.tzo=38;5;9:*.t7z=38;5;9:*.zip=38;5;9:*.z=38;5;9:*.Z=38;5;9:*.dz=38;5;9:*.gz=38;5;9:*.lrz=38;5;9:*.lz=38;5;9:*.lzo=38;5;9:*.xz=38;5;9:*.zst=38;5;9:*.tzst=38;5;9:*.bz2=38;5;9:*.bz=38;5;9:*.tbz=38;5;9:*.tbz2=38;5;9:*.tz=38;5;9:*.deb=38;5;9:*.rpm=38;5;9:*.jar=38;5;9:*.war=38;5;9:*.ear=38;5;9:*.sar=38;5;9:*.rar=38;5;9:*.alz=38;5;9:*.ace=38;5;9:*.zoo=38;5;9:*.cpio=38;5;9:*.7z=38;5;9:*.rz=38;5;9:*.cab=38;5;9:*.wim=38;5;9:*.swm=38;5;9:*.dwm=38;5;9:*.esd=38;5;9:*.jpg=38;5;13:*.jpeg=38;5;13:*.mjpg=38;5;13:*.mjpeg=38;5;13:*.gif=38;5;13:*.bmp=38;5;13:*.pbm=38;5;13:*.pgm=38;5;13:*.ppm=38;5;13:*.tga=38;5;13:*.xbm=38;5;13:*.xpm=38;5;13:*.tif=38;5;13:*.tiff=38;5;13:*.png=38;5;13:*.svg=38;5;13:*.svgz=38;5;13:*.mng=38;5;13:*.pcx=38;5;13:*.mov=38;5;13:*.mpg=38;5;13:*.mpeg=38;5;13:*.m2v=38;5;13:*.mkv=38;5;13:*.webm=38;5;13:*.ogm=38;5;13:*.mp4=38;5;13:*.m4v=38;5;13:*.mp4v=38;5;13:*.vob=38;5;13:*.qt=38;5;13:*.nuv=38;5;13:*.wmv=38;5;13:*.asf=38;5;13:*.rm=38;5;13:*.rmvb=38;5;13:*.flc=38;5;13:*.avi=38;5;13:*.fli=38;5;13:*.flv=38;5;13:*.gl=38;5;13:*.dl=38;5;13:*.xcf=38;5;13:*.xwd=38;5;13:*.yuv=38;5;13:*.cgm=38;5;13:*.emf=38;5;13:*.ogv=38;5;13:*.ogx=38;5;13:*.aac=38;5;45:*.au=38;5;45:*.flac=38;5;45:*.m4a=38;5;45:*.mid=38;5;45:*.midi=38;5;45:*.mka=38;5;45:*.mp3=38;5;45:*.mpc=38;5;45:*.ogg=38;5;45:*.ra=38;5;45:*.wav=38;5;45:*.oga=38;5;45:*.opus=38;5;45:*.spx=38;5;45:*.xspf=38;5;45:, rvm_gemstone_package_file=, _system_arch=x86_64, rvm_bin_path=/home/stbenjam/.rvm/bin, QT_IM_MODULE=ibus, rvm_only_path_flag=, rvm_prefix=/home/stbenjam, LANG=en_US.UTF-8, XDG_SESSION_TYPE=x11, DISPLAY=:0, rvm_gemstone_url=, GDM_LANG=en_US.UTF-8, GUESTFISH_PS1=\[\e[1;32m\]><fs>\[\e[0;31m\] , LSCOLORS=Gxfxcxdxbxegedabagacad, _system_type=Linux, _system_version=27, GPG_TTY=/dev/pts/1, USER=stbenjam, rvm_ruby_file=, WINDOWPATH=2, XDG_SEAT=seat0, SSH_AUTH_SOCK=/run/user/1000/keyring/ssh, EDITOR=vim, HOSTNAME=ancient.bitbin.de, MODULESHOME=/usr/share/Modules, QTDIR=/usr/lib64/qt-3.3, XDG_RUNTIME_DIR=/run/user/1000, XDG_VTNR=2, GUESTFISH_OUTPUT=\e[0m, DBUS_STARTER_BUS_TYPE=session, QTLIB=/usr/lib64/qt-3.3/lib, HOME=/home/stbenjam}}]
21:13:06.536 [main] INFO org.springframework.boot.test.context.SpringBootTestContextBootstrapper - Found @SpringBootConfiguration edu.harvard.h2ms.H2MSRestAppInitializer for test class edu.harvard.h2ms.controllers.UserControllerTests
21:13:06.538 [main] DEBUG org.springframework.boot.test.context.SpringBootTestContextBootstrapper - @TestExecutionListeners is not present for class [edu.harvard.h2ms.controllers.UserControllerTests]: using defaults.
21:13:06.547 [main] INFO org.springframework.boot.test.context.SpringBootTestContextBootstrapper - Loaded default TestExecutionListener class names from location [META-INF/spring.factories]: [org.springframework.boot.test.mock.mockito.MockitoTestExecutionListener, org.springframework.boot.test.mock.mockito.ResetMocksTestExecutionListener, org.springframework.boot.test.autoconfigure.restdocs.RestDocsTestExecutionListener, org.springframework.boot.test.autoconfigure.web.client.MockRestServiceServerResetTestExecutionListener, org.springframework.boot.test.autoconfigure.web.servlet.MockMvcPrintOnlyOnFailureTestExecutionListener, org.springframework.boot.test.autoconfigure.web.servlet.WebDriverTestExecutionListener, org.springframework.test.context.web.ServletTestExecutionListener, org.springframework.test.context.support.DirtiesContextBeforeModesTestExecutionListener, org.springframework.test.context.support.DependencyInjectionTestExecutionListener, org.springframework.test.context.support.DirtiesContextTestExecutionListener, org.springframework.test.context.transaction.TransactionalTestExecutionListener, org.springframework.test.context.jdbc.SqlScriptsTestExecutionListener, org.springframework.security.test.context.support.WithSecurityContextTestExecutionListener]
21:13:06.556 [main] INFO org.springframework.boot.test.context.SpringBootTestContextBootstrapper - Using TestExecutionListeners: [org.springframework.test.context.web.ServletTestExecutionListener@581ac8a8, org.springframework.test.context.support.DirtiesContextBeforeModesTestExecutionListener@6d4e5011, org.springframework.boot.test.autoconfigure.SpringBootDependencyInjectionTestExecutionListener@57d7f8ca, org.springframework.test.context.support.DirtiesContextTestExecutionListener@76c3e77a, org.springframework.test.context.transaction.TransactionalTestExecutionListener@78123e82, org.springframework.test.context.jdbc.SqlScriptsTestExecutionListener@67c33749, org.springframework.security.test.context.support.WithSecurityContextTestExecutionListener@fba92d3, org.springframework.boot.test.mock.mockito.MockitoTestExecutionListener@662b4c69, org.springframework.boot.test.mock.mockito.ResetMocksTestExecutionListener@fa49800, org.springframework.boot.test.autoconfigure.restdocs.RestDocsTestExecutionListener@71238fc2, org.springframework.boot.test.autoconfigure.web.client.MockRestServiceServerResetTestExecutionListener@2a54a73f, org.springframework.boot.test.autoconfigure.web.servlet.MockMvcPrintOnlyOnFailureTestExecutionListener@16a0ee18, org.springframework.boot.test.autoconfigure.web.servlet.WebDriverTestExecutionListener@3d6f0054]
21:13:06.561 [main] DEBUG org.springframework.test.context.junit4.SpringJUnit4ClassRunner - SpringJUnit4ClassRunner constructor called with [class edu.harvard.h2ms.controllers.LocationControllerTests]
21:13:06.562 [main] DEBUG org.springframework.test.context.BootstrapUtils - Instantiating CacheAwareContextLoaderDelegate from class [org.springframework.test.context.cache.DefaultCacheAwareContextLoaderDelegate]
21:13:06.563 [main] DEBUG org.springframework.test.context.BootstrapUtils - Instantiating BootstrapContext using constructor [public org.springframework.test.context.support.DefaultBootstrapContext(java.lang.Class,org.springframework.test.context.CacheAwareContextLoaderDelegate)]
21:13:06.564 [main] DEBUG org.springframework.test.context.BootstrapUtils - Instantiating TestContextBootstrapper for test class [edu.harvard.h2ms.controllers.LocationControllerTests] from class [org.springframework.boot.test.context.SpringBootTestContextBootstrapper]
21:13:06.565 [main] INFO org.springframework.boot.test.context.SpringBootTestContextBootstrapper - Neither @ContextConfiguration nor @ContextHierarchy found for test class [edu.harvard.h2ms.controllers.LocationControllerTests], using SpringBootContextLoader
21:13:06.566 [main] DEBUG org.springframework.test.context.support.AbstractContextLoader - Did not detect default resource location for test class [edu.harvard.h2ms.controllers.LocationControllerTests]: class path resource [edu/harvard/h2ms/controllers/LocationControllerTests-context.xml] does not exist
21:13:06.567 [main] DEBUG org.springframework.test.context.support.AbstractContextLoader - Did not detect default resource location for test class [edu.harvard.h2ms.controllers.LocationControllerTests]: class path resource [edu/harvard/h2ms/controllers/LocationControllerTestsContext.groovy] does not exist
21:13:06.567 [main] INFO org.springframework.test.context.support.AbstractContextLoader - Could not detect default resource locations for test class [edu.harvard.h2ms.controllers.LocationControllerTests]: no resource found for suffixes {-context.xml, Context.groovy}.
21:13:06.567 [main] INFO org.springframework.test.context.support.AnnotationConfigContextLoaderUtils - Could not detect default configuration classes for test class [edu.harvard.h2ms.controllers.LocationControllerTests]: LocationControllerTests does not declare any static, non-private, non-final, nested classes annotated with @Configuration.
21:13:06.579 [main] DEBUG org.springframework.test.context.support.ActiveProfilesUtils - Could not find an 'annotation declaring class' for annotation type [org.springframework.test.context.ActiveProfiles] and class [edu.harvard.h2ms.controllers.LocationControllerTests]
21:13:06.580 [main] DEBUG org.springframework.core.env.StandardEnvironment - Adding PropertySource 'systemProperties' with lowest search precedence
21:13:06.580 [main] DEBUG org.springframework.core.env.StandardEnvironment - Adding PropertySource 'systemEnvironment' with lowest search precedence
21:13:06.580 [main] DEBUG org.springframework.core.env.StandardEnvironment - Initialized StandardEnvironment with PropertySources [MapPropertySource@1912960603 {name='systemProperties', properties={java.runtime.name=OpenJDK Runtime Environment, sun.boot.library.path=/usr/lib/jvm/java-1.8.0-openjdk-1.8.0.161-0.b14.fc27.x86_64/jre/lib/amd64, java.vm.version=25.161-b14, java.vm.vendor=Oracle Corporation, java.vendor.url=http://java.oracle.com/, path.separator=:, java.vm.name=OpenJDK 64-Bit Server VM, file.encoding.pkg=sun.io, user.country=US, sun.java.launcher=SUN_STANDARD, sun.os.patch.level=unknown, java.vm.specification.name=Java Virtual Machine Specification, user.dir=/home/stbenjam/git/h2ms, java.runtime.version=1.8.0_161-b14, basedir=/home/stbenjam/git/h2ms, java.awt.graphicsenv=sun.awt.X11GraphicsEnvironment, java.endorsed.dirs=/usr/lib/jvm/java-1.8.0-openjdk-1.8.0.161-0.b14.fc27.x86_64/jre/lib/endorsed, os.arch=amd64, surefire.real.class.path=/home/stbenjam/git/h2ms/target/surefire/surefirebooter4478042733021414321.jar, java.io.tmpdir=/tmp, line.separator=
, java.vm.specification.vendor=Oracle Corporation, os.name=Linux, sun.jnu.encoding=UTF-8, java.library.path=/usr/java/packages/lib/amd64:/usr/lib64:/lib64:/lib:/usr/lib, surefire.test.class.path=/home/stbenjam/git/h2ms/target/test-classes:/home/stbenjam/git/h2ms/target/classes:/home/stbenjam/.m2/repository/org/springframework/boot/spring-boot-starter-data-rest/1.5.10.RELEASE/spring-boot-starter-data-rest-1.5.10.RELEASE.jar:/home/stbenjam/.m2/repository/org/springframework/boot/spring-boot-starter/1.5.10.RELEASE/spring-boot-starter-1.5.10.RELEASE.jar:/home/stbenjam/.m2/repository/org/springframework/boot/spring-boot/1.5.10.RELEASE/spring-boot-1.5.10.RELEASE.jar:/home/stbenjam/.m2/repository/org/springframework/boot/spring-boot-autoconfigure/1.5.10.RELEASE/spring-boot-autoconfigure-1.5.10.RELEASE.jar:/home/stbenjam/.m2/repository/org/springframework/boot/spring-boot-starter-logging/1.5.10.RELEASE/spring-boot-starter-logging-1.5.10.RELEASE.jar:/home/stbenjam/.m2/repository/ch/qos/logback/logback-classic/1.1.11/logback-classic-1.1.11.jar:/home/stbenjam/.m2/repository/ch/qos/logback/logback-core/1.1.11/logback-core-1.1.11.jar:/home/stbenjam/.m2/repository/org/slf4j/jul-to-slf4j/1.7.25/jul-to-slf4j-1.7.25.jar:/home/stbenjam/.m2/repository/org/slf4j/log4j-over-slf4j/1.7.25/log4j-over-slf4j-1.7.25.jar:/home/stbenjam/.m2/repository/org/yaml/snakeyaml/1.17/snakeyaml-1.17.jar:/home/stbenjam/.m2/repository/com/fasterxml/jackson/core/jackson-annotations/2.8.0/jackson-annotations-2.8.0.jar:/home/stbenjam/.m2/repository/org/springframework/data/spring-data-rest-webmvc/2.6.10.RELEASE/spring-data-rest-webmvc-2.6.10.RELEASE.jar:/home/stbenjam/.m2/repository/org/springframework/data/spring-data-rest-core/2.6.10.RELEASE/spring-data-rest-core-2.6.10.RELEASE.jar:/home/stbenjam/.m2/repository/org/atteo/evo-inflector/1.2.2/evo-inflector-1.2.2.jar:/home/stbenjam/.m2/repository/org/slf4j/jcl-over-slf4j/1.7.25/jcl-over-slf4j-1.7.25.jar:/home/stbenjam/.m2/repository/org/springframework/boot/spring-boot-starter-web/1.5.10.RELEASE/spring-boot-starter-web-1.5.10.RELEASE.jar:/home/stbenjam/.m2/repository/org/springframework/boot/spring-boot-starter-tomcat/1.5.10.RELEASE/spring-boot-starter-tomcat-1.5.10.RELEASE.jar:/home/stbenjam/.m2/repository/org/apache/tomcat/embed/tomcat-embed-core/8.5.27/tomcat-embed-core-8.5.27.jar:/home/stbenjam/.m2/repository/org/apache/tomcat/tomcat-annotations-api/8.5.27/tomcat-annotations-api-8.5.27.jar:/home/stbenjam/.m2/repository/org/apache/tomcat/embed/tomcat-embed-el/8.5.27/tomcat-embed-el-8.5.27.jar:/home/stbenjam/.m2/repository/org/apache/tomcat/embed/tomcat-embed-websocket/8.5.27/tomcat-embed-websocket-8.5.27.jar:/home/stbenjam/.m2/repository/org/hibernate/hibernate-validator/5.3.6.Final/hibernate-validator-5.3.6.Final.jar:/home/stbenjam/.m2/repository/javax/validation/validation-api/1.1.0.Final/validation-api-1.1.0.Final.jar:/home/stbenjam/.m2/repository/org/jboss/logging/jboss-logging/3.3.1.Final/jboss-logging-3.3.1.Final.jar:/home/stbenjam/.m2/repository/org/springframework/spring-web/4.3.14.RELEASE/spring-web-4.3.14.RELEASE.jar:/home/stbenjam/.m2/repository/org/springframework/spring-webmvc/4.3.14.RELEASE/spring-webmvc-4.3.14.RELEASE.jar:/home/stbenjam/.m2/repository/org/springframework/spring-expression/4.3.14.RELEASE/spring-expression-4.3.14.RELEASE.jar:/home/stbenjam/.m2/repository/org/springframework/boot/spring-boot-starter-thymeleaf/1.5.10.RELEASE/spring-boot-starter-thymeleaf-1.5.10.RELEASE.jar:/home/stbenjam/.m2/repository/org/thymeleaf/thymeleaf-spring4/2.1.6.RELEASE/thymeleaf-spring4-2.1.6.RELEASE.jar:/home/stbenjam/.m2/repository/org/thymeleaf/thymeleaf/2.1.6.RELEASE/thymeleaf-2.1.6.RELEASE.jar:/home/stbenjam/.m2/repository/ognl/ognl/3.0.8/ognl-3.0.8.jar:/home/stbenjam/.m2/repository/org/unbescape/unbescape/1.1.0.RELEASE/unbescape-1.1.0.RELEASE.jar:/home/stbenjam/.m2/repository/nz/net/ultraq/thymeleaf/thymeleaf-layout-dialect/1.4.0/thymeleaf-layout-dialect-1.4.0.jar:/home/stbenjam/.m2/repository/org/codehaus/groovy/groovy/2.4.13/groovy-2.4.13.jar:/home/stbenjam/.m2/repository/org/springframework/boot/spring-boot-starter-test/1.5.10.RELEASE/spring-boot-starter-test-1.5.10.RELEASE.jar:/home/stbenjam/.m2/repository/org/springframework/boot/spring-boot-test/1.5.10.RELEASE/spring-boot-test-1.5.10.RELEASE.jar:/home/stbenjam/.m2/repository/org/springframework/boot/spring-boot-test-autoconfigure/1.5.10.RELEASE/spring-boot-test-autoconfigure-1.5.10.RELEASE.jar:/home/stbenjam/.m2/repository/com/jayway/jsonpath/json-path/2.2.0/json-path-2.2.0.jar:/home/stbenjam/.m2/repository/net/minidev/json-smart/2.2.1/json-smart-2.2.1.jar:/home/stbenjam/.m2/repository/net/minidev/accessors-smart/1.1/accessors-smart-1.1.jar:/home/stbenjam/.m2/repository/org/ow2/asm/asm/5.0.3/asm-5.0.3.jar:/home/stbenjam/.m2/repository/junit/junit/4.12/junit-4.12.jar:/home/stbenjam/.m2/repository/org/assertj/assertj-core/2.6.0/assertj-core-2.6.0.jar:/home/stbenjam/.m2/repository/org/mockito/mockito-core/1.10.19/mockito-core-1.10.19.jar:/home/stbenjam/.m2/repository/org/objenesis/objenesis/2.1/objenesis-2.1.jar:/home/stbenjam/.m2/repository/org/hamcrest/hamcrest-core/1.3/hamcrest-core-1.3.jar:/home/stbenjam/.m2/repository/org/hamcrest/hamcrest-library/1.3/hamcrest-library-1.3.jar:/home/stbenjam/.m2/repository/org/skyscreamer/jsonassert/1.4.0/jsonassert-1.4.0.jar:/home/stbenjam/.m2/repository/org/springframework/spring-core/4.3.14.RELEASE/spring-core-4.3.14.RELEASE.jar:/home/stbenjam/.m2/repository/org/springframework/spring-test/4.3.14.RELEASE/spring-test-4.3.14.RELEASE.jar:/home/stbenjam/.m2/repository/org/springframework/restdocs/spring-restdocs-mockmvc/1.1.3.RELEASE/spring-restdocs-mockmvc-1.1.3.RELEASE.jar:/home/stbenjam/.m2/repository/org/springframework/restdocs/spring-restdocs-core/1.1.3.RELEASE/spring-restdocs-core-1.1.3.RELEASE.jar:/home/stbenjam/.m2/repository/javax/servlet/javax.servlet-api/3.1.0/javax.servlet-api-3.1.0.jar:/home/stbenjam/.m2/repository/org/springframework/boot/spring-boot-starter-data-jpa/1.5.10.RELEASE/spring-boot-starter-data-jpa-1.5.10.RELEASE.jar:/home/stbenjam/.m2/repository/org/springframework/boot/spring-boot-starter-aop/1.5.10.RELEASE/spring-boot-starter-aop-1.5.10.RELEASE.jar:/home/stbenjam/.m2/repository/org/aspectj/aspectjweaver/1.8.13/aspectjweaver-1.8.13.jar:/home/stbenjam/.m2/repository/org/springframework/boot/spring-boot-starter-jdbc/1.5.10.RELEASE/spring-boot-starter-jdbc-1.5.10.RELEASE.jar:/home/stbenjam/.m2/repository/org/apache/tomcat/tomcat-jdbc/8.5.27/tomcat-jdbc-8.5.27.jar:/home/stbenjam/.m2/repository/org/apache/tomcat/tomcat-juli/8.5.27/tomcat-juli-8.5.27.jar:/home/stbenjam/.m2/repository/org/springframework/spring-jdbc/4.3.14.RELEASE/spring-jdbc-4.3.14.RELEASE.jar:/home/stbenjam/.m2/repository/org/hibernate/hibernate-core/5.0.12.Final/hibernate-core-5.0.12.Final.jar:/home/stbenjam/.m2/repository/org/hibernate/javax/persistence/hibernate-jpa-2.1-api/1.0.0.Final/hibernate-jpa-2.1-api-1.0.0.Final.jar:/home/stbenjam/.m2/repository/org/javassist/javassist/3.21.0-GA/javassist-3.21.0-GA.jar:/home/stbenjam/.m2/repository/antlr/antlr/2.7.7/antlr-2.7.7.jar:/home/stbenjam/.m2/repository/org/jboss/jandex/2.0.0.Final/jandex-2.0.0.Final.jar:/home/stbenjam/.m2/repository/dom4j/dom4j/1.6.1/dom4j-1.6.1.jar:/home/stbenjam/.m2/repository/org/hibernate/common/hibernate-commons-annotations/5.0.1.Final/hibernate-commons-annotations-5.0.1.Final.jar:/home/stbenjam/.m2/repository/org/hibernate/hibernate-entitymanager/5.0.12.Final/hibernate-entitymanager-5.0.12.Final.jar:/home/stbenjam/.m2/repository/javax/transaction/javax.transaction-api/1.2/javax.transaction-api-1.2.jar:/home/stbenjam/.m2/repository/org/springframework/data/spring-data-jpa/1.11.10.RELEASE/spring-data-jpa-1.11.10.RELEASE.jar:/home/stbenjam/.m2/repository/org/springframework/data/spring-data-commons/1.13.10.RELEASE/spring-data-commons-1.13.10.RELEASE.jar:/home/stbenjam/.m2/repository/org/springframework/spring-orm/4.3.14.RELEASE/spring-orm-4.3.14.RELEASE.jar:/home/stbenjam/.m2/repository/org/springframework/spring-tx/4.3.14.RELEASE/spring-tx-4.3.14.RELEASE.jar:/home/stbenjam/.m2/repository/org/springframework/spring-aspects/4.3.14.RELEASE/spring-aspects-4.3.14.RELEASE.jar:/home/stbenjam/.m2/repository/com/h2database/h2/1.4.196/h2-1.4.196.jar:/home/stbenjam/.m2/repository/org/postgresql/postgresql/9.4-1206-jdbc42/postgresql-9.4-1206-jdbc42.jar:/home/stbenjam/.m2/repository/log4j/log4j/1.2.17/log4j-1.2.17.jar:/home/stbenjam/.m2/repository/com/google/guava/guava/19.0/guava-19.0.jar:/home/stbenjam/.m2/repository/javax/mail/mail/1.4/mail-1.4.jar:/home/stbenjam/.m2/repository/javax/activation/activation/1.1/activation-1.1.jar:/home/stbenjam/.m2/repository/org/springframework/boot/spring-boot-starter-security/1.5.10.RELEASE/spring-boot-starter-security-1.5.10.RELEASE.jar:/home/stbenjam/.m2/repository/org/springframework/spring-aop/4.3.14.RELEASE/spring-aop-4.3.14.RELEASE.jar:/home/stbenjam/.m2/repository/org/springframework/security/spring-security-config/4.2.4.RELEASE/spring-security-config-4.2.4.RELEASE.jar:/home/stbenjam/.m2/repository/org/springframework/security/spring-security-web/4.2.4.RELEASE/spring-security-web-4.2.4.RELEASE.jar:/home/stbenjam/.m2/repository/org/springframework/boot/spring-boot-starter-mail/1.4.3.RELEASE/spring-boot-starter-mail-1.4.3.RELEASE.jar:/home/stbenjam/.m2/repository/org/springframework/spring-context/4.3.14.RELEASE/spring-context-4.3.14.RELEASE.jar:/home/stbenjam/.m2/repository/com/sun/mail/javax.mail/1.5.6/javax.mail-1.5.6.jar:/home/stbenjam/.m2/repository/com/icegreen/greenmail/1.5.5/greenmail-1.5.5.jar:/home/stbenjam/.m2/repository/org/slf4j/slf4j-api/1.7.25/slf4j-api-1.7.25.jar:/home/stbenjam/.m2/repository/org/springframework/security/spring-security-test/4.2.4.RELEASE/spring-security-test-4.2.4.RELEASE.jar:/home/stbenjam/.m2/repository/org/springframework/security/spring-security-core/4.2.4.RELEASE/spring-security-core-4.2.4.RELEASE.jar:/home/stbenjam/.m2/repository/aopalliance/aopalliance/1.0/aopalliance-1.0.jar:/home/stbenjam/.m2/repository/org/springframework/security/oauth/spring-security-oauth2/2.0.14.RELEASE/spring-security-oauth2-2.0.14.RELEASE.jar:/home/stbenjam/.m2/repository/org/springframework/spring-beans/4.3.14.RELEASE/spring-beans-4.3.14.RELEASE.jar:/home/stbenjam/.m2/repository/commons-codec/commons-codec/1.10/commons-codec-1.10.jar:/home/stbenjam/.m2/repository/org/codehaus/jackson/jackson-mapper-asl/1.9.13/jackson-mapper-asl-1.9.13.jar:/home/stbenjam/.m2/repository/org/codehaus/jackson/jackson-core-asl/1.9.13/jackson-core-asl-1.9.13.jar:/home/stbenjam/.m2/repository/io/springfox/springfox-swagger2/2.8.0/springfox-swagger2-2.8.0.jar:/home/stbenjam/.m2/repository/io/swagger/swagger-annotations/1.5.14/swagger-annotations-1.5.14.jar:/home/stbenjam/.m2/repository/io/swagger/swagger-models/1.5.14/swagger-models-1.5.14.jar:/home/stbenjam/.m2/repository/io/springfox/springfox-spi/2.8.0/springfox-spi-2.8.0.jar:/home/stbenjam/.m2/repository/io/springfox/springfox-core/2.8.0/springfox-core-2.8.0.jar:/home/stbenjam/.m2/repository/net/bytebuddy/byte-buddy/1.7.9/byte-buddy-1.7.9.jar:/home/stbenjam/.m2/repository/io/springfox/springfox-schema/2.8.0/springfox-schema-2.8.0.jar:/home/stbenjam/.m2/repository/io/springfox/springfox-swagger-common/2.8.0/springfox-swagger-common-2.8.0.jar:/home/stbenjam/.m2/repository/io/springfox/springfox-spring-web/2.8.0/springfox-spring-web-2.8.0.jar:/home/stbenjam/.m2/repository/org/reflections/reflections/0.9.11/reflections-0.9.11.jar:/home/stbenjam/.m2/repository/com/fasterxml/classmate/1.3.4/classmate-1.3.4.jar:/home/stbenjam/.m2/repository/org/springframework/plugin/spring-plugin-core/1.2.0.RELEASE/spring-plugin-core-1.2.0.RELEASE.jar:/home/stbenjam/.m2/repository/org/springframework/plugin/spring-plugin-metadata/1.2.0.RELEASE/spring-plugin-metadata-1.2.0.RELEASE.jar:/home/stbenjam/.m2/repository/org/mapstruct/mapstruct/1.2.0.Final/mapstruct-1.2.0.Final.jar:/home/stbenjam/.m2/repository/io/springfox/springfox-swagger-ui/2.8.0/springfox-swagger-ui-2.8.0.jar:/home/stbenjam/.m2/repository/io/springfox/springfox-data-rest/2.8.0/springfox-data-rest-2.8.0.jar:/home/stbenjam/.m2/repository/org/springframework/hateoas/spring-hateoas/0.23.0.RELEASE/spring-hateoas-0.23.0.RELEASE.jar:/home/stbenjam/.m2/repository/org/usb4java/usb4java-javax/1.2.0/usb4java-javax-1.2.0.jar:/home/stbenjam/.m2/repository/javax/usb/usb-api/1.0.2/usb-api-1.0.2.jar:/home/stbenjam/.m2/repository/org/apache/commons/commons-lang3/3.2.1/commons-lang3-3.2.1.jar:/home/stbenjam/.m2/repository/org/usb4java/usb4java/1.2.0/usb4java-1.2.0.jar:/home/stbenjam/.m2/repository/org/usb4java/libusb4java/1.2.0/libusb4java-1.2.0-linux-x86.jar:/home/stbenjam/.m2/repository/org/usb4java/libusb4java/1.2.0/libusb4java-1.2.0-linux-x86_64.jar:/home/stbenjam/.m2/repository/org/usb4java/libusb4java/1.2.0/libusb4java-1.2.0-linux-arm.jar:/home/stbenjam/.m2/repository/org/usb4java/libusb4java/1.2.0/libusb4java-1.2.0-windows-x86.jar:/home/stbenjam/.m2/repository/org/usb4java/libusb4java/1.2.0/libusb4java-1.2.0-windows-x86_64.jar:/home/stbenjam/.m2/repository/org/usb4java/libusb4java/1.2.0/libusb4java-1.2.0-osx-x86.jar:/home/stbenjam/.m2/repository/org/usb4java/libusb4java/1.2.0/libusb4java-1.2.0-osx-x86_64.jar:/home/stbenjam/.m2/repository/org/mockito/mockito-all/1.9.5/mockito-all-1.9.5.jar:/home/stbenjam/.m2/repository/com/fasterxml/jackson/core/jackson-databind/2.5.0/jackson-databind-2.5.0.jar:/home/stbenjam/.m2/repository/com/fasterxml/jackson/core/jackson-core/2.8.10/jackson-core-2.8.10.jar:/home/stbenjam/.m2/repository/com/vaadin/external/google/android-json/0.0.20131108.vaadin1/android-json-0.0.20131108.vaadin1.jar:/home/stbenjam/.m2/repository/com/tngtech/java/junit-dataprovider/1.13.1/junit-dataprovider-1.13.1.jar:/home/stbenjam/.m2/repository/org/springframework/spring-context-support/3.2.0.RELEASE/spring-context-support-3.2.0.RELEASE.jar:, java.specification.name=Java Platform API Specification, java.class.version=52.0, sun.management.compiler=HotSpot 64-Bit Tiered Compilers, os.version=4.14.14-300.fc27.x86_64, user.home=/home/stbenjam, user.timezone=America/New_York, java.awt.printerjob=sun.print.PSPrinterJob, file.encoding=UTF-8, java.specification.version=1.8, java.class.path=/home/stbenjam/git/h2ms/target/test-classes:/home/stbenjam/git/h2ms/target/classes:/home/stbenjam/.m2/repository/org/springframework/boot/spring-boot-starter-data-rest/1.5.10.RELEASE/spring-boot-starter-data-rest-1.5.10.RELEASE.jar:/home/stbenjam/.m2/repository/org/springframework/boot/spring-boot-starter/1.5.10.RELEASE/spring-boot-starter-1.5.10.RELEASE.jar:/home/stbenjam/.m2/repository/org/springframework/boot/spring-boot/1.5.10.RELEASE/spring-boot-1.5.10.RELEASE.jar:/home/stbenjam/.m2/repository/org/springframework/boot/spring-boot-autoconfigure/1.5.10.RELEASE/spring-boot-autoconfigure-1.5.10.RELEASE.jar:/home/stbenjam/.m2/repository/org/springframework/boot/spring-boot-starter-logging/1.5.10.RELEASE/spring-boot-starter-logging-1.5.10.RELEASE.jar:/home/stbenjam/.m2/repository/ch/qos/logback/logback-classic/1.1.11/logback-classic-1.1.11.jar:/home/stbenjam/.m2/repository/ch/qos/logback/logback-core/1.1.11/logback-core-1.1.11.jar:/home/stbenjam/.m2/repository/org/slf4j/jul-to-slf4j/1.7.25/jul-to-slf4j-1.7.25.jar:/home/stbenjam/.m2/repository/org/slf4j/log4j-over-slf4j/1.7.25/log4j-over-slf4j-1.7.25.jar:/home/stbenjam/.m2/repository/org/yaml/snakeyaml/1.17/snakeyaml-1.17.jar:/home/stbenjam/.m2/repository/com/fasterxml/jackson/core/jackson-annotations/2.8.0/jackson-annotations-2.8.0.jar:/home/stbenjam/.m2/repository/org/springframework/data/spring-data-rest-webmvc/2.6.10.RELEASE/spring-data-rest-webmvc-2.6.10.RELEASE.jar:/home/stbenjam/.m2/repository/org/springframework/data/spring-data-rest-core/2.6.10.RELEASE/spring-data-rest-core-2.6.10.RELEASE.jar:/home/stbenjam/.m2/repository/org/atteo/evo-inflector/1.2.2/evo-inflector-1.2.2.jar:/home/stbenjam/.m2/repository/org/slf4j/jcl-over-slf4j/1.7.25/jcl-over-slf4j-1.7.25.jar:/home/stbenjam/.m2/repository/org/springframework/boot/spring-boot-starter-web/1.5.10.RELEASE/spring-boot-starter-web-1.5.10.RELEASE.jar:/home/stbenjam/.m2/repository/org/springframework/boot/spring-boot-starter-tomcat/1.5.10.RELEASE/spring-boot-starter-tomcat-1.5.10.RELEASE.jar:/home/stbenjam/.m2/repository/org/apache/tomcat/embed/tomcat-embed-core/8.5.27/tomcat-embed-core-8.5.27.jar:/home/stbenjam/.m2/repository/org/apache/tomcat/tomcat-annotations-api/8.5.27/tomcat-annotations-api-8.5.27.jar:/home/stbenjam/.m2/repository/org/apache/tomcat/embed/tomcat-embed-el/8.5.27/tomcat-embed-el-8.5.27.jar:/home/stbenjam/.m2/repository/org/apache/tomcat/embed/tomcat-embed-websocket/8.5.27/tomcat-embed-websocket-8.5.27.jar:/home/stbenjam/.m2/repository/org/hibernate/hibernate-validator/5.3.6.Final/hibernate-validator-5.3.6.Final.jar:/home/stbenjam/.m2/repository/javax/validation/validation-api/1.1.0.Final/validation-api-1.1.0.Final.jar:/home/stbenjam/.m2/repository/org/jboss/logging/jboss-logging/3.3.1.Final/jboss-logging-3.3.1.Final.jar:/home/stbenjam/.m2/repository/org/springframework/spring-web/4.3.14.RELEASE/spring-web-4.3.14.RELEASE.jar:/home/stbenjam/.m2/repository/org/springframework/spring-webmvc/4.3.14.RELEASE/spring-webmvc-4.3.14.RELEASE.jar:/home/stbenjam/.m2/repository/org/springframework/spring-expression/4.3.14.RELEASE/spring-expression-4.3.14.RELEASE.jar:/home/stbenjam/.m2/repository/org/springframework/boot/spring-boot-starter-thymeleaf/1.5.10.RELEASE/spring-boot-starter-thymeleaf-1.5.10.RELEASE.jar:/home/stbenjam/.m2/repository/org/thymeleaf/thymeleaf-spring4/2.1.6.RELEASE/thymeleaf-spring4-2.1.6.RELEASE.jar:/home/stbenjam/.m2/repository/org/thymeleaf/thymeleaf/2.1.6.RELEASE/thymeleaf-2.1.6.RELEASE.jar:/home/stbenjam/.m2/repository/ognl/ognl/3.0.8/ognl-3.0.8.jar:/home/stbenjam/.m2/repository/org/unbescape/unbescape/1.1.0.RELEASE/unbescape-1.1.0.RELEASE.jar:/home/stbenjam/.m2/repository/nz/net/ultraq/thymeleaf/thymeleaf-layout-dialect/1.4.0/thymeleaf-layout-dialect-1.4.0.jar:/home/stbenjam/.m2/repository/org/codehaus/groovy/groovy/2.4.13/groovy-2.4.13.jar:/home/stbenjam/.m2/repository/org/springframework/boot/spring-boot-starter-test/1.5.10.RELEASE/spring-boot-starter-test-1.5.10.RELEASE.jar:/home/stbenjam/.m2/repository/org/springframework/boot/spring-boot-test/1.5.10.RELEASE/spring-boot-test-1.5.10.RELEASE.jar:/home/stbenjam/.m2/repository/org/springframework/boot/spring-boot-test-autoconfigure/1.5.10.RELEASE/spring-boot-test-autoconfigure-1.5.10.RELEASE.jar:/home/stbenjam/.m2/repository/com/jayway/jsonpath/json-path/2.2.0/json-path-2.2.0.jar:/home/stbenjam/.m2/repository/net/minidev/json-smart/2.2.1/json-smart-2.2.1.jar:/home/stbenjam/.m2/repository/net/minidev/accessors-smart/1.1/accessors-smart-1.1.jar:/home/stbenjam/.m2/repository/org/ow2/asm/asm/5.0.3/asm-5.0.3.jar:/home/stbenjam/.m2/repository/junit/junit/4.12/junit-4.12.jar:/home/stbenjam/.m2/repository/org/assertj/assertj-core/2.6.0/assertj-core-2.6.0.jar:/home/stbenjam/.m2/repository/org/mockito/mockito-core/1.10.19/mockito-core-1.10.19.jar:/home/stbenjam/.m2/repository/org/objenesis/objenesis/2.1/objenesis-2.1.jar:/home/stbenjam/.m2/repository/org/hamcrest/hamcrest-core/1.3/hamcrest-core-1.3.jar:/home/stbenjam/.m2/repository/org/hamcrest/hamcrest-library/1.3/hamcrest-library-1.3.jar:/home/stbenjam/.m2/repository/org/skyscreamer/jsonassert/1.4.0/jsonassert-1.4.0.jar:/home/stbenjam/.m2/repository/org/springframework/spring-core/4.3.14.RELEASE/spring-core-4.3.14.RELEASE.jar:/home/stbenjam/.m2/repository/org/springframework/spring-test/4.3.14.RELEASE/spring-test-4.3.14.RELEASE.jar:/home/stbenjam/.m2/repository/org/springframework/restdocs/spring-restdocs-mockmvc/1.1.3.RELEASE/spring-restdocs-mockmvc-1.1.3.RELEASE.jar:/home/stbenjam/.m2/repository/org/springframework/restdocs/spring-restdocs-core/1.1.3.RELEASE/spring-restdocs-core-1.1.3.RELEASE.jar:/home/stbenjam/.m2/repository/javax/servlet/javax.servlet-api/3.1.0/javax.servlet-api-3.1.0.jar:/home/stbenjam/.m2/repository/org/springframework/boot/spring-boot-starter-data-jpa/1.5.10.RELEASE/spring-boot-starter-data-jpa-1.5.10.RELEASE.jar:/home/stbenjam/.m2/repository/org/springframework/boot/spring-boot-starter-aop/1.5.10.RELEASE/spring-boot-starter-aop-1.5.10.RELEASE.jar:/home/stbenjam/.m2/repository/org/aspectj/aspectjweaver/1.8.13/aspectjweaver-1.8.13.jar:/home/stbenjam/.m2/repository/org/springframework/boot/spring-boot-starter-jdbc/1.5.10.RELEASE/spring-boot-starter-jdbc-1.5.10.RELEASE.jar:/home/stbenjam/.m2/repository/org/apache/tomcat/tomcat-jdbc/8.5.27/tomcat-jdbc-8.5.27.jar:/home/stbenjam/.m2/repository/org/apache/tomcat/tomcat-juli/8.5.27/tomcat-juli-8.5.27.jar:/home/stbenjam/.m2/repository/org/springframework/spring-jdbc/4.3.14.RELEASE/spring-jdbc-4.3.14.RELEASE.jar:/home/stbenjam/.m2/repository/org/hibernate/hibernate-core/5.0.12.Final/hibernate-core-5.0.12.Final.jar:/home/stbenjam/.m2/repository/org/hibernate/javax/persistence/hibernate-jpa-2.1-api/1.0.0.Final/hibernate-jpa-2.1-api-1.0.0.Final.jar:/home/stbenjam/.m2/repository/org/javassist/javassist/3.21.0-GA/javassist-3.21.0-GA.jar:/home/stbenjam/.m2/repository/antlr/antlr/2.7.7/antlr-2.7.7.jar:/home/stbenjam/.m2/repository/org/jboss/jandex/2.0.0.Final/jandex-2.0.0.Final.jar:/home/stbenjam/.m2/repository/dom4j/dom4j/1.6.1/dom4j-1.6.1.jar:/home/stbenjam/.m2/repository/org/hibernate/common/hibernate-commons-annotations/5.0.1.Final/hibernate-commons-annotations-5.0.1.Final.jar:/home/stbenjam/.m2/repository/org/hibernate/hibernate-entitymanager/5.0.12.Final/hibernate-entitymanager-5.0.12.Final.jar:/home/stbenjam/.m2/repository/javax/transaction/javax.transaction-api/1.2/javax.transaction-api-1.2.jar:/home/stbenjam/.m2/repository/org/springframework/data/spring-data-jpa/1.11.10.RELEASE/spring-data-jpa-1.11.10.RELEASE.jar:/home/stbenjam/.m2/repository/org/springframework/data/spring-data-commons/1.13.10.RELEASE/spring-data-commons-1.13.10.RELEASE.jar:/home/stbenjam/.m2/repository/org/springframework/spring-orm/4.3.14.RELEASE/spring-orm-4.3.14.RELEASE.jar:/home/stbenjam/.m2/repository/org/springframework/spring-tx/4.3.14.RELEASE/spring-tx-4.3.14.RELEASE.jar:/home/stbenjam/.m2/repository/org/springframework/spring-aspects/4.3.14.RELEASE/spring-aspects-4.3.14.RELEASE.jar:/home/stbenjam/.m2/repository/com/h2database/h2/1.4.196/h2-1.4.196.jar:/home/stbenjam/.m2/repository/org/postgresql/postgresql/9.4-1206-jdbc42/postgresql-9.4-1206-jdbc42.jar:/home/stbenjam/.m2/repository/log4j/log4j/1.2.17/log4j-1.2.17.jar:/home/stbenjam/.m2/repository/com/google/guava/guava/19.0/guava-19.0.jar:/home/stbenjam/.m2/repository/javax/mail/mail/1.4/mail-1.4.jar:/home/stbenjam/.m2/repository/javax/activation/activation/1.1/activation-1.1.jar:/home/stbenjam/.m2/repository/org/springframework/boot/spring-boot-starter-security/1.5.10.RELEASE/spring-boot-starter-security-1.5.10.RELEASE.jar:/home/stbenjam/.m2/repository/org/springframework/spring-aop/4.3.14.RELEASE/spring-aop-4.3.14.RELEASE.jar:/home/stbenjam/.m2/repository/org/springframework/security/spring-security-config/4.2.4.RELEASE/spring-security-config-4.2.4.RELEASE.jar:/home/stbenjam/.m2/repository/org/springframework/security/spring-security-web/4.2.4.RELEASE/spring-security-web-4.2.4.RELEASE.jar:/home/stbenjam/.m2/repository/org/springframework/boot/spring-boot-starter-mail/1.4.3.RELEASE/spring-boot-starter-mail-1.4.3.RELEASE.jar:/home/stbenjam/.m2/repository/org/springframework/spring-context/4.3.14.RELEASE/spring-context-4.3.14.RELEASE.jar:/home/stbenjam/.m2/repository/com/sun/mail/javax.mail/1.5.6/javax.mail-1.5.6.jar:/home/stbenjam/.m2/repository/com/icegreen/greenmail/1.5.5/greenmail-1.5.5.jar:/home/stbenjam/.m2/repository/org/slf4j/slf4j-api/1.7.25/slf4j-api-1.7.25.jar:/home/stbenjam/.m2/repository/org/springframework/security/spring-security-test/4.2.4.RELEASE/spring-security-test-4.2.4.RELEASE.jar:/home/stbenjam/.m2/repository/org/springframework/security/spring-security-core/4.2.4.RELEASE/spring-security-core-4.2.4.RELEASE.jar:/home/stbenjam/.m2/repository/aopalliance/aopalliance/1.0/aopalliance-1.0.jar:/home/stbenjam/.m2/repository/org/springframework/security/oauth/spring-security-oauth2/2.0.14.RELEASE/spring-security-oauth2-2.0.14.RELEASE.jar:/home/stbenjam/.m2/repository/org/springframework/spring-beans/4.3.14.RELEASE/spring-beans-4.3.14.RELEASE.jar:/home/stbenjam/.m2/repository/commons-codec/commons-codec/1.10/commons-codec-1.10.jar:/home/stbenjam/.m2/repository/org/codehaus/jackson/jackson-mapper-asl/1.9.13/jackson-mapper-asl-1.9.13.jar:/home/stbenjam/.m2/repository/org/codehaus/jackson/jackson-core-asl/1.9.13/jackson-core-asl-1.9.13.jar:/home/stbenjam/.m2/repository/io/springfox/springfox-swagger2/2.8.0/springfox-swagger2-2.8.0.jar:/home/stbenjam/.m2/repository/io/swagger/swagger-annotations/1.5.14/swagger-annotations-1.5.14.jar:/home/stbenjam/.m2/repository/io/swagger/swagger-models/1.5.14/swagger-models-1.5.14.jar:/home/stbenjam/.m2/repository/io/springfox/springfox-spi/2.8.0/springfox-spi-2.8.0.jar:/home/stbenjam/.m2/repository/io/springfox/springfox-core/2.8.0/springfox-core-2.8.0.jar:/home/stbenjam/.m2/repository/net/bytebuddy/byte-buddy/1.7.9/byte-buddy-1.7.9.jar:/home/stbenjam/.m2/repository/io/springfox/springfox-schema/2.8.0/springfox-schema-2.8.0.jar:/home/stbenjam/.m2/repository/io/springfox/springfox-swagger-common/2.8.0/springfox-swagger-common-2.8.0.jar:/home/stbenjam/.m2/repository/io/springfox/springfox-spring-web/2.8.0/springfox-spring-web-2.8.0.jar:/home/stbenjam/.m2/repository/org/reflections/reflections/0.9.11/reflections-0.9.11.jar:/home/stbenjam/.m2/repository/com/fasterxml/classmate/1.3.4/classmate-1.3.4.jar:/home/stbenjam/.m2/repository/org/springframework/plugin/spring-plugin-core/1.2.0.RELEASE/spring-plugin-core-1.2.0.RELEASE.jar:/home/stbenjam/.m2/repository/org/springframework/plugin/spring-plugin-metadata/1.2.0.RELEASE/spring-plugin-metadata-1.2.0.RELEASE.jar:/home/stbenjam/.m2/repository/org/mapstruct/mapstruct/1.2.0.Final/mapstruct-1.2.0.Final.jar:/home/stbenjam/.m2/repository/io/springfox/springfox-swagger-ui/2.8.0/springfox-swagger-ui-2.8.0.jar:/home/stbenjam/.m2/repository/io/springfox/springfox-data-rest/2.8.0/springfox-data-rest-2.8.0.jar:/home/stbenjam/.m2/repository/org/springframework/hateoas/spring-hateoas/0.23.0.RELEASE/spring-hateoas-0.23.0.RELEASE.jar:/home/stbenjam/.m2/repository/org/usb4java/usb4java-javax/1.2.0/usb4java-javax-1.2.0.jar:/home/stbenjam/.m2/repository/javax/usb/usb-api/1.0.2/usb-api-1.0.2.jar:/home/stbenjam/.m2/repository/org/apache/commons/commons-lang3/3.2.1/commons-lang3-3.2.1.jar:/home/stbenjam/.m2/repository/org/usb4java/usb4java/1.2.0/usb4java-1.2.0.jar:/home/stbenjam/.m2/repository/org/usb4java/libusb4java/1.2.0/libusb4java-1.2.0-linux-x86.jar:/home/stbenjam/.m2/repository/org/usb4java/libusb4java/1.2.0/libusb4java-1.2.0-linux-x86_64.jar:/home/stbenjam/.m2/repository/org/usb4java/libusb4java/1.2.0/libusb4java-1.2.0-linux-arm.jar:/home/stbenjam/.m2/repository/org/usb4java/libusb4java/1.2.0/libusb4java-1.2.0-windows-x86.jar:/home/stbenjam/.m2/repository/org/usb4java/libusb4java/1.2.0/libusb4java-1.2.0-windows-x86_64.jar:/home/stbenjam/.m2/repository/org/usb4java/libusb4java/1.2.0/libusb4java-1.2.0-osx-x86.jar:/home/stbenjam/.m2/repository/org/usb4java/libusb4java/1.2.0/libusb4java-1.2.0-osx-x86_64.jar:/home/stbenjam/.m2/repository/org/mockito/mockito-all/1.9.5/mockito-all-1.9.5.jar:/home/stbenjam/.m2/repository/com/fasterxml/jackson/core/jackson-databind/2.5.0/jackson-databind-2.5.0.jar:/home/stbenjam/.m2/repository/com/fasterxml/jackson/core/jackson-core/2.8.10/jackson-core-2.8.10.jar:/home/stbenjam/.m2/repository/com/vaadin/external/google/android-json/0.0.20131108.vaadin1/android-json-0.0.20131108.vaadin1.jar:/home/stbenjam/.m2/repository/com/tngtech/java/junit-dataprovider/1.13.1/junit-dataprovider-1.13.1.jar:/home/stbenjam/.m2/repository/org/springframework/spring-context-support/3.2.0.RELEASE/spring-context-support-3.2.0.RELEASE.jar:, user.name=stbenjam, java.vm.specification.version=1.8, sun.java.command=/home/stbenjam/git/h2ms/target/surefire/surefirebooter4478042733021414321.jar /home/stbenjam/git/h2ms/target/surefire/surefire602509062644399573tmp /home/stbenjam/git/h2ms/target/surefire/surefire_08659671123201472941tmp, java.home=/usr/lib/jvm/java-1.8.0-openjdk-1.8.0.161-0.b14.fc27.x86_64/jre, sun.arch.data.model=64, user.language=en, java.specification.vendor=Oracle Corporation, awt.toolkit=sun.awt.X11.XToolkit, java.vm.info=mixed mode, java.version=1.8.0_161, java.ext.dirs=/usr/lib/jvm/java-1.8.0-openjdk-1.8.0.161-0.b14.fc27.x86_64/jre/lib/ext:/usr/java/packages/lib/ext, sun.boot.class.path=/usr/lib/jvm/java-1.8.0-openjdk-1.8.0.161-0.b14.fc27.x86_64/jre/lib/resources.jar:/usr/lib/jvm/java-1.8.0-openjdk-1.8.0.161-0.b14.fc27.x86_64/jre/lib/rt.jar:/usr/lib/jvm/java-1.8.0-openjdk-1.8.0.161-0.b14.fc27.x86_64/jre/lib/sunrsasign.jar:/usr/lib/jvm/java-1.8.0-openjdk-1.8.0.161-0.b14.fc27.x86_64/jre/lib/jsse.jar:/usr/lib/jvm/java-1.8.0-openjdk-1.8.0.161-0.b14.fc27.x86_64/jre/lib/jce.jar:/usr/lib/jvm/java-1.8.0-openjdk-1.8.0.161-0.b14.fc27.x86_64/jre/lib/charsets.jar:/usr/lib/jvm/java-1.8.0-openjdk-1.8.0.161-0.b14.fc27.x86_64/jre/lib/jfr.jar:/usr/lib/jvm/java-1.8.0-openjdk-1.8.0.161-0.b14.fc27.x86_64/jre/classes, java.vendor=Oracle Corporation, localRepository=/home/stbenjam/.m2/repository, file.separator=/, java.vendor.url.bug=http://bugreport.sun.com/bugreport/, sun.io.unicode.encoding=UnicodeLittle, sun.cpu.endian=little, sun.desktop=gnome, sun.cpu.isalist=}}, SystemEnvironmentPropertySource@1201173334 {name='systemEnvironment', properties={IRBRC=/home/stbenjam/.rvm/rubies/ruby-2.3.3/.irbrc, PATH=/home/stbenjam/.rvm/gems/ruby-2.3.3/bin:/home/stbenjam/.rvm/gems/ruby-2.3.3@global/bin:/home/stbenjam/.rvm/rubies/ruby-2.3.3/bin:/usr/local/bin:/usr/bin:/bin:/usr/local/sbin:/usr/sbin:/home/stbenjam/.local/bin:/home/stbenjam/bin:/home/stbenjam/.rvm/bin, rvm_silent_flag=, HISTCONTROL=ignoredups, XMODIFIERS=@im=ibus, GDMSESSION=gnome-xorg, rvm_quiet_flag=, GUESTFISH_RESTORE=\e[0m, DBUS_SESSION_BUS_ADDRESS=unix:path=/run/user/1000/bus,guid=0ff0c73f492cc1dc3846ae835aac7cd0, COLORTERM=truecolor, rvm_ruby_make_install=, rvm_niceness=, SESSION_MANAGER=local/unix:@/tmp/.ICE-unix/1818,unix/unix:/tmp/.ICE-unix/1818, USERNAME=stbenjam, rvm_version=1.29.1 (latest), PWD=/home/stbenjam/git/h2ms, MANAGERPID=1759, LESSOPEN=||/usr/bin/lesspipe.sh %s, PAGER=less, QTINC=/usr/lib64/qt-3.3/include, rvm_hook=, rvm_wrapper_name=, MY_RUBY_HOME=/home/stbenjam/.rvm/rubies/ruby-2.3.3, rvm_nightly_flag=, ZSH=/home/stbenjam/.oh-my-zsh, rvm_path=/home/stbenjam/.rvm, GUESTFISH_INIT=\e[1;34m, GNOME_DESKTOP_SESSION_ID=this-is-deprecated, SYSTEMD_NSS_BYPASS_BUS=1, DBUS_STARTER_ADDRESS=unix:path=/run/user/1000/bus,guid=0ff0c73f492cc1dc3846ae835aac7cd0, LC_CTYPE=en_US.UTF-8, SHLVL=2, LOADEDMODULES=, HISTSIZE=10000, JAVA_HOME=/usr/lib/jvm/java-1.8.0-openjdk-1.8.0.161-0.b14.fc27.x86_64, TERM=xterm-256color, XDG_SESSION_ID=2, rvm_script_name=, rvm_ruby_make=, rvm_docs_type=, _=/usr/lib/jvm/java-1.8.0-openjdk-1.8.0.161-0.b14.fc27.x86_64/jre/bin/java, MAVEN_PROJECTBASEDIR=/home/stbenjam/git/h2ms, DESKTOP_SESSION=gnome-xorg, XDG_MENU_PREFIX=gnome-, VTE_VERSION=5002, rvm_alias_expanded=, rvm_ruby_bits=, GEM_PATH=/home/stbenjam/.rvm/gems/ruby-2.3.3:/home/stbenjam/.rvm/gems/ruby-2.3.3@global, TILIX_ID=df6230d2-2679-42ab-bd7f-667d05988153, XAUTHORITY=/run/user/1000/gdm/Xauthority, INVOCATION_ID=2a8a59bd24d3424f8a519125eeaea755, XDG_DATA_DIRS=/home/stbenjam/.local/share/flatpak/exports/share/:/var/lib/flatpak/exports/share/:/usr/local/share/:/usr/share/, MODULEPATH=/etc/scl/modulefiles:/etc/scl/modulefiles:/usr/share/Modules/modulefiles:/etc/modulefiles:/usr/share/modulefiles, rvm_bin_flag=, VAGRANT_DEFAULT_PROVIDER=libvirt, XDG_CURRENT_DESKTOP=GNOME, JOURNAL_STREAM=9:35277, MAIL=/var/spool/mail/stbenjam, rvm_ruby_mode=, LOGNAME=stbenjam, rvm_proxy=, SHELL=/bin/zsh, rvm_sdk=, OLDPWD=/home/stbenjam/git/h2ms, GEM_HOME=/home/stbenjam/.rvm/gems/ruby-2.3.3, rvm_use_flag=, GIT=/bin/git, RUBY_VERSION=ruby-2.3.3, _system_name=Fedora, LESS=-R, XDG_SESSION_DESKTOP=gnome-xorg, LS_COLORS=rs=0:di=38;5;33:ln=38;5;51:mh=00:pi=40;38;5;11:so=38;5;13:do=38;5;5:bd=48;5;232;38;5;11:cd=48;5;232;38;5;3:or=48;5;232;38;5;9:mi=01;05;37;41:su=48;5;196;38;5;15:sg=48;5;11;38;5;16:ca=48;5;196;38;5;226:tw=48;5;10;38;5;16:ow=48;5;10;38;5;21:st=48;5;21;38;5;15:ex=38;5;40:*.tar=38;5;9:*.tgz=38;5;9:*.arc=38;5;9:*.arj=38;5;9:*.taz=38;5;9:*.lha=38;5;9:*.lz4=38;5;9:*.lzh=38;5;9:*.lzma=38;5;9:*.tlz=38;5;9:*.txz=38;5;9:*.tzo=38;5;9:*.t7z=38;5;9:*.zip=38;5;9:*.z=38;5;9:*.Z=38;5;9:*.dz=38;5;9:*.gz=38;5;9:*.lrz=38;5;9:*.lz=38;5;9:*.lzo=38;5;9:*.xz=38;5;9:*.zst=38;5;9:*.tzst=38;5;9:*.bz2=38;5;9:*.bz=38;5;9:*.tbz=38;5;9:*.tbz2=38;5;9:*.tz=38;5;9:*.deb=38;5;9:*.rpm=38;5;9:*.jar=38;5;9:*.war=38;5;9:*.ear=38;5;9:*.sar=38;5;9:*.rar=38;5;9:*.alz=38;5;9:*.ace=38;5;9:*.zoo=38;5;9:*.cpio=38;5;9:*.7z=38;5;9:*.rz=38;5;9:*.cab=38;5;9:*.wim=38;5;9:*.swm=38;5;9:*.dwm=38;5;9:*.esd=38;5;9:*.jpg=38;5;13:*.jpeg=38;5;13:*.mjpg=38;5;13:*.mjpeg=38;5;13:*.gif=38;5;13:*.bmp=38;5;13:*.pbm=38;5;13:*.pgm=38;5;13:*.ppm=38;5;13:*.tga=38;5;13:*.xbm=38;5;13:*.xpm=38;5;13:*.tif=38;5;13:*.tiff=38;5;13:*.png=38;5;13:*.svg=38;5;13:*.svgz=38;5;13:*.mng=38;5;13:*.pcx=38;5;13:*.mov=38;5;13:*.mpg=38;5;13:*.mpeg=38;5;13:*.m2v=38;5;13:*.mkv=38;5;13:*.webm=38;5;13:*.ogm=38;5;13:*.mp4=38;5;13:*.m4v=38;5;13:*.mp4v=38;5;13:*.vob=38;5;13:*.qt=38;5;13:*.nuv=38;5;13:*.wmv=38;5;13:*.asf=38;5;13:*.rm=38;5;13:*.rmvb=38;5;13:*.flc=38;5;13:*.avi=38;5;13:*.fli=38;5;13:*.flv=38;5;13:*.gl=38;5;13:*.dl=38;5;13:*.xcf=38;5;13:*.xwd=38;5;13:*.yuv=38;5;13:*.cgm=38;5;13:*.emf=38;5;13:*.ogv=38;5;13:*.ogx=38;5;13:*.aac=38;5;45:*.au=38;5;45:*.flac=38;5;45:*.m4a=38;5;45:*.mid=38;5;45:*.midi=38;5;45:*.mka=38;5;45:*.mp3=38;5;45:*.mpc=38;5;45:*.ogg=38;5;45:*.ra=38;5;45:*.wav=38;5;45:*.oga=38;5;45:*.opus=38;5;45:*.spx=38;5;45:*.xspf=38;5;45:, rvm_gemstone_package_file=, _system_arch=x86_64, rvm_bin_path=/home/stbenjam/.rvm/bin, QT_IM_MODULE=ibus, rvm_only_path_flag=, rvm_prefix=/home/stbenjam, LANG=en_US.UTF-8, XDG_SESSION_TYPE=x11, DISPLAY=:0, rvm_gemstone_url=, GDM_LANG=en_US.UTF-8, GUESTFISH_PS1=\[\e[1;32m\]><fs>\[\e[0;31m\] , LSCOLORS=Gxfxcxdxbxegedabagacad, _system_type=Linux, _system_version=27, GPG_TTY=/dev/pts/1, USER=stbenjam, rvm_ruby_file=, WINDOWPATH=2, XDG_SEAT=seat0, SSH_AUTH_SOCK=/run/user/1000/keyring/ssh, EDITOR=vim, HOSTNAME=ancient.bitbin.de, MODULESHOME=/usr/share/Modules, QTDIR=/usr/lib64/qt-3.3, XDG_RUNTIME_DIR=/run/user/1000, XDG_VTNR=2, GUESTFISH_OUTPUT=\e[0m, DBUS_STARTER_BUS_TYPE=session, QTLIB=/usr/lib64/qt-3.3/lib, HOME=/home/stbenjam}}]
21:13:06.581 [main] INFO org.springframework.boot.test.context.SpringBootTestContextBootstrapper - Found @SpringBootConfiguration edu.harvard.h2ms.H2MSRestAppInitializer for test class edu.harvard.h2ms.controllers.LocationControllerTests
21:13:06.582 [main] DEBUG org.springframework.boot.test.context.SpringBootTestContextBootstrapper - @TestExecutionListeners is not present for class [edu.harvard.h2ms.controllers.LocationControllerTests]: using defaults.
21:13:06.584 [main] INFO org.springframework.boot.test.context.SpringBootTestContextBootstrapper - Loaded default TestExecutionListener class names from location [META-INF/spring.factories]: [org.springframework.boot.test.mock.mockito.MockitoTestExecutionListener, org.springframework.boot.test.mock.mockito.ResetMocksTestExecutionListener, org.springframework.boot.test.autoconfigure.restdocs.RestDocsTestExecutionListener, org.springframework.boot.test.autoconfigure.web.client.MockRestServiceServerResetTestExecutionListener, org.springframework.boot.test.autoconfigure.web.servlet.MockMvcPrintOnlyOnFailureTestExecutionListener, org.springframework.boot.test.autoconfigure.web.servlet.WebDriverTestExecutionListener, org.springframework.test.context.web.ServletTestExecutionListener, org.springframework.test.context.support.DirtiesContextBeforeModesTestExecutionListener, org.springframework.test.context.support.DependencyInjectionTestExecutionListener, org.springframework.test.context.support.DirtiesContextTestExecutionListener, org.springframework.test.context.transaction.TransactionalTestExecutionListener, org.springframework.test.context.jdbc.SqlScriptsTestExecutionListener, org.springframework.security.test.context.support.WithSecurityContextTestExecutionListener]
21:13:06.593 [main] INFO org.springframework.boot.test.context.SpringBootTestContextBootstrapper - Using TestExecutionListeners: [org.springframework.test.context.web.ServletTestExecutionListener@7c711375, org.springframework.test.context.support.DirtiesContextBeforeModesTestExecutionListener@57cf54e1, org.springframework.boot.test.autoconfigure.SpringBootDependencyInjectionTestExecutionListener@5b03b9fe, org.springframework.test.context.support.DirtiesContextTestExecutionListener@37d4349f, org.springframework.test.context.transaction.TransactionalTestExecutionListener@434a63ab, org.springframework.test.context.jdbc.SqlScriptsTestExecutionListener@6e0f5f7f, org.springframework.security.test.context.support.WithSecurityContextTestExecutionListener@2805d709, org.springframework.boot.test.mock.mockito.MockitoTestExecutionListener@3ee37e5a, org.springframework.boot.test.mock.mockito.ResetMocksTestExecutionListener@2ea41516, org.springframework.boot.test.autoconfigure.restdocs.RestDocsTestExecutionListener@3a44431a, org.springframework.boot.test.autoconfigure.web.client.MockRestServiceServerResetTestExecutionListener@3c7f66c4, org.springframework.boot.test.autoconfigure.web.servlet.MockMvcPrintOnlyOnFailureTestExecutionListener@194bcebf, org.springframework.boot.test.autoconfigure.web.servlet.WebDriverTestExecutionListener@17497425]
21:13:06.599 [main] DEBUG org.springframework.test.context.junit4.SpringJUnit4ClassRunner - SpringJUnit4ClassRunner constructor called with [class edu.harvard.h2ms.web.init.OAuthTest]
21:13:06.601 [main] DEBUG org.springframework.test.context.BootstrapUtils - Instantiating CacheAwareContextLoaderDelegate from class [org.springframework.test.context.cache.DefaultCacheAwareContextLoaderDelegate]
21:13:06.602 [main] DEBUG org.springframework.test.context.BootstrapUtils - Instantiating BootstrapContext using constructor [public org.springframework.test.context.support.DefaultBootstrapContext(java.lang.Class,org.springframework.test.context.CacheAwareContextLoaderDelegate)]
21:13:06.605 [main] DEBUG org.springframework.test.context.BootstrapUtils - Instantiating TestContextBootstrapper for test class [edu.harvard.h2ms.web.init.OAuthTest] from class [org.springframework.boot.test.context.SpringBootTestContextBootstrapper]
21:13:06.606 [main] INFO org.springframework.boot.test.context.SpringBootTestContextBootstrapper - Neither @ContextConfiguration nor @ContextHierarchy found for test class [edu.harvard.h2ms.web.init.OAuthTest], using SpringBootContextLoader
21:13:06.607 [main] DEBUG org.springframework.test.context.support.AbstractContextLoader - Did not detect default resource location for test class [edu.harvard.h2ms.web.init.OAuthTest]: class path resource [edu/harvard/h2ms/web/init/OAuthTest-context.xml] does not exist
21:13:06.608 [main] DEBUG org.springframework.test.context.support.AbstractContextLoader - Did not detect default resource location for test class [edu.harvard.h2ms.web.init.OAuthTest]: class path resource [edu/harvard/h2ms/web/init/OAuthTestContext.groovy] does not exist
21:13:06.609 [main] INFO org.springframework.test.context.support.AbstractContextLoader - Could not detect default resource locations for test class [edu.harvard.h2ms.web.init.OAuthTest]: no resource found for suffixes {-context.xml, Context.groovy}.
21:13:06.609 [main] INFO org.springframework.test.context.support.AnnotationConfigContextLoaderUtils - Could not detect default configuration classes for test class [edu.harvard.h2ms.web.init.OAuthTest]: OAuthTest does not declare any static, non-private, non-final, nested classes annotated with @Configuration.
21:13:06.613 [main] DEBUG org.springframework.test.context.support.ActiveProfilesUtils - Could not find an 'annotation declaring class' for annotation type [org.springframework.test.context.ActiveProfiles] and class [edu.harvard.h2ms.web.init.OAuthTest]
21:13:06.614 [main] DEBUG org.springframework.core.env.StandardEnvironment - Adding PropertySource 'systemProperties' with lowest search precedence
21:13:06.614 [main] DEBUG org.springframework.core.env.StandardEnvironment - Adding PropertySource 'systemEnvironment' with lowest search precedence
21:13:06.614 [main] DEBUG org.springframework.core.env.StandardEnvironment - Initialized StandardEnvironment with PropertySources [MapPropertySource@1704237553 {name='systemProperties', properties={java.runtime.name=OpenJDK Runtime Environment, sun.boot.library.path=/usr/lib/jvm/java-1.8.0-openjdk-1.8.0.161-0.b14.fc27.x86_64/jre/lib/amd64, java.vm.version=25.161-b14, java.vm.vendor=Oracle Corporation, java.vendor.url=http://java.oracle.com/, path.separator=:, java.vm.name=OpenJDK 64-Bit Server VM, file.encoding.pkg=sun.io, user.country=US, sun.java.launcher=SUN_STANDARD, sun.os.patch.level=unknown, java.vm.specification.name=Java Virtual Machine Specification, user.dir=/home/stbenjam/git/h2ms, java.runtime.version=1.8.0_161-b14, basedir=/home/stbenjam/git/h2ms, java.awt.graphicsenv=sun.awt.X11GraphicsEnvironment, java.endorsed.dirs=/usr/lib/jvm/java-1.8.0-openjdk-1.8.0.161-0.b14.fc27.x86_64/jre/lib/endorsed, os.arch=amd64, surefire.real.class.path=/home/stbenjam/git/h2ms/target/surefire/surefirebooter4478042733021414321.jar, java.io.tmpdir=/tmp, line.separator=
, java.vm.specification.vendor=Oracle Corporation, os.name=Linux, sun.jnu.encoding=UTF-8, java.library.path=/usr/java/packages/lib/amd64:/usr/lib64:/lib64:/lib:/usr/lib, surefire.test.class.path=/home/stbenjam/git/h2ms/target/test-classes:/home/stbenjam/git/h2ms/target/classes:/home/stbenjam/.m2/repository/org/springframework/boot/spring-boot-starter-data-rest/1.5.10.RELEASE/spring-boot-starter-data-rest-1.5.10.RELEASE.jar:/home/stbenjam/.m2/repository/org/springframework/boot/spring-boot-starter/1.5.10.RELEASE/spring-boot-starter-1.5.10.RELEASE.jar:/home/stbenjam/.m2/repository/org/springframework/boot/spring-boot/1.5.10.RELEASE/spring-boot-1.5.10.RELEASE.jar:/home/stbenjam/.m2/repository/org/springframework/boot/spring-boot-autoconfigure/1.5.10.RELEASE/spring-boot-autoconfigure-1.5.10.RELEASE.jar:/home/stbenjam/.m2/repository/org/springframework/boot/spring-boot-starter-logging/1.5.10.RELEASE/spring-boot-starter-logging-1.5.10.RELEASE.jar:/home/stbenjam/.m2/repository/ch/qos/logback/logback-classic/1.1.11/logback-classic-1.1.11.jar:/home/stbenjam/.m2/repository/ch/qos/logback/logback-core/1.1.11/logback-core-1.1.11.jar:/home/stbenjam/.m2/repository/org/slf4j/jul-to-slf4j/1.7.25/jul-to-slf4j-1.7.25.jar:/home/stbenjam/.m2/repository/org/slf4j/log4j-over-slf4j/1.7.25/log4j-over-slf4j-1.7.25.jar:/home/stbenjam/.m2/repository/org/yaml/snakeyaml/1.17/snakeyaml-1.17.jar:/home/stbenjam/.m2/repository/com/fasterxml/jackson/core/jackson-annotations/2.8.0/jackson-annotations-2.8.0.jar:/home/stbenjam/.m2/repository/org/springframework/data/spring-data-rest-webmvc/2.6.10.RELEASE/spring-data-rest-webmvc-2.6.10.RELEASE.jar:/home/stbenjam/.m2/repository/org/springframework/data/spring-data-rest-core/2.6.10.RELEASE/spring-data-rest-core-2.6.10.RELEASE.jar:/home/stbenjam/.m2/repository/org/atteo/evo-inflector/1.2.2/evo-inflector-1.2.2.jar:/home/stbenjam/.m2/repository/org/slf4j/jcl-over-slf4j/1.7.25/jcl-over-slf4j-1.7.25.jar:/home/stbenjam/.m2/repository/org/springframework/boot/spring-boot-starter-web/1.5.10.RELEASE/spring-boot-starter-web-1.5.10.RELEASE.jar:/home/stbenjam/.m2/repository/org/springframework/boot/spring-boot-starter-tomcat/1.5.10.RELEASE/spring-boot-starter-tomcat-1.5.10.RELEASE.jar:/home/stbenjam/.m2/repository/org/apache/tomcat/embed/tomcat-embed-core/8.5.27/tomcat-embed-core-8.5.27.jar:/home/stbenjam/.m2/repository/org/apache/tomcat/tomcat-annotations-api/8.5.27/tomcat-annotations-api-8.5.27.jar:/home/stbenjam/.m2/repository/org/apache/tomcat/embed/tomcat-embed-el/8.5.27/tomcat-embed-el-8.5.27.jar:/home/stbenjam/.m2/repository/org/apache/tomcat/embed/tomcat-embed-websocket/8.5.27/tomcat-embed-websocket-8.5.27.jar:/home/stbenjam/.m2/repository/org/hibernate/hibernate-validator/5.3.6.Final/hibernate-validator-5.3.6.Final.jar:/home/stbenjam/.m2/repository/javax/validation/validation-api/1.1.0.Final/validation-api-1.1.0.Final.jar:/home/stbenjam/.m2/repository/org/jboss/logging/jboss-logging/3.3.1.Final/jboss-logging-3.3.1.Final.jar:/home/stbenjam/.m2/repository/org/springframework/spring-web/4.3.14.RELEASE/spring-web-4.3.14.RELEASE.jar:/home/stbenjam/.m2/repository/org/springframework/spring-webmvc/4.3.14.RELEASE/spring-webmvc-4.3.14.RELEASE.jar:/home/stbenjam/.m2/repository/org/springframework/spring-expression/4.3.14.RELEASE/spring-expression-4.3.14.RELEASE.jar:/home/stbenjam/.m2/repository/org/springframework/boot/spring-boot-starter-thymeleaf/1.5.10.RELEASE/spring-boot-starter-thymeleaf-1.5.10.RELEASE.jar:/home/stbenjam/.m2/repository/org/thymeleaf/thymeleaf-spring4/2.1.6.RELEASE/thymeleaf-spring4-2.1.6.RELEASE.jar:/home/stbenjam/.m2/repository/org/thymeleaf/thymeleaf/2.1.6.RELEASE/thymeleaf-2.1.6.RELEASE.jar:/home/stbenjam/.m2/repository/ognl/ognl/3.0.8/ognl-3.0.8.jar:/home/stbenjam/.m2/repository/org/unbescape/unbescape/1.1.0.RELEASE/unbescape-1.1.0.RELEASE.jar:/home/stbenjam/.m2/repository/nz/net/ultraq/thymeleaf/thymeleaf-layout-dialect/1.4.0/thymeleaf-layout-dialect-1.4.0.jar:/home/stbenjam/.m2/repository/org/codehaus/groovy/groovy/2.4.13/groovy-2.4.13.jar:/home/stbenjam/.m2/repository/org/springframework/boot/spring-boot-starter-test/1.5.10.RELEASE/spring-boot-starter-test-1.5.10.RELEASE.jar:/home/stbenjam/.m2/repository/org/springframework/boot/spring-boot-test/1.5.10.RELEASE/spring-boot-test-1.5.10.RELEASE.jar:/home/stbenjam/.m2/repository/org/springframework/boot/spring-boot-test-autoconfigure/1.5.10.RELEASE/spring-boot-test-autoconfigure-1.5.10.RELEASE.jar:/home/stbenjam/.m2/repository/com/jayway/jsonpath/json-path/2.2.0/json-path-2.2.0.jar:/home/stbenjam/.m2/repository/net/minidev/json-smart/2.2.1/json-smart-2.2.1.jar:/home/stbenjam/.m2/repository/net/minidev/accessors-smart/1.1/accessors-smart-1.1.jar:/home/stbenjam/.m2/repository/org/ow2/asm/asm/5.0.3/asm-5.0.3.jar:/home/stbenjam/.m2/repository/junit/junit/4.12/junit-4.12.jar:/home/stbenjam/.m2/repository/org/assertj/assertj-core/2.6.0/assertj-core-2.6.0.jar:/home/stbenjam/.m2/repository/org/mockito/mockito-core/1.10.19/mockito-core-1.10.19.jar:/home/stbenjam/.m2/repository/org/objenesis/objenesis/2.1/objenesis-2.1.jar:/home/stbenjam/.m2/repository/org/hamcrest/hamcrest-core/1.3/hamcrest-core-1.3.jar:/home/stbenjam/.m2/repository/org/hamcrest/hamcrest-library/1.3/hamcrest-library-1.3.jar:/home/stbenjam/.m2/repository/org/skyscreamer/jsonassert/1.4.0/jsonassert-1.4.0.jar:/home/stbenjam/.m2/repository/org/springframework/spring-core/4.3.14.RELEASE/spring-core-4.3.14.RELEASE.jar:/home/stbenjam/.m2/repository/org/springframework/spring-test/4.3.14.RELEASE/spring-test-4.3.14.RELEASE.jar:/home/stbenjam/.m2/repository/org/springframework/restdocs/spring-restdocs-mockmvc/1.1.3.RELEASE/spring-restdocs-mockmvc-1.1.3.RELEASE.jar:/home/stbenjam/.m2/repository/org/springframework/restdocs/spring-restdocs-core/1.1.3.RELEASE/spring-restdocs-core-1.1.3.RELEASE.jar:/home/stbenjam/.m2/repository/javax/servlet/javax.servlet-api/3.1.0/javax.servlet-api-3.1.0.jar:/home/stbenjam/.m2/repository/org/springframework/boot/spring-boot-starter-data-jpa/1.5.10.RELEASE/spring-boot-starter-data-jpa-1.5.10.RELEASE.jar:/home/stbenjam/.m2/repository/org/springframework/boot/spring-boot-starter-aop/1.5.10.RELEASE/spring-boot-starter-aop-1.5.10.RELEASE.jar:/home/stbenjam/.m2/repository/org/aspectj/aspectjweaver/1.8.13/aspectjweaver-1.8.13.jar:/home/stbenjam/.m2/repository/org/springframework/boot/spring-boot-starter-jdbc/1.5.10.RELEASE/spring-boot-starter-jdbc-1.5.10.RELEASE.jar:/home/stbenjam/.m2/repository/org/apache/tomcat/tomcat-jdbc/8.5.27/tomcat-jdbc-8.5.27.jar:/home/stbenjam/.m2/repository/org/apache/tomcat/tomcat-juli/8.5.27/tomcat-juli-8.5.27.jar:/home/stbenjam/.m2/repository/org/springframework/spring-jdbc/4.3.14.RELEASE/spring-jdbc-4.3.14.RELEASE.jar:/home/stbenjam/.m2/repository/org/hibernate/hibernate-core/5.0.12.Final/hibernate-core-5.0.12.Final.jar:/home/stbenjam/.m2/repository/org/hibernate/javax/persistence/hibernate-jpa-2.1-api/1.0.0.Final/hibernate-jpa-2.1-api-1.0.0.Final.jar:/home/stbenjam/.m2/repository/org/javassist/javassist/3.21.0-GA/javassist-3.21.0-GA.jar:/home/stbenjam/.m2/repository/antlr/antlr/2.7.7/antlr-2.7.7.jar:/home/stbenjam/.m2/repository/org/jboss/jandex/2.0.0.Final/jandex-2.0.0.Final.jar:/home/stbenjam/.m2/repository/dom4j/dom4j/1.6.1/dom4j-1.6.1.jar:/home/stbenjam/.m2/repository/org/hibernate/common/hibernate-commons-annotations/5.0.1.Final/hibernate-commons-annotations-5.0.1.Final.jar:/home/stbenjam/.m2/repository/org/hibernate/hibernate-entitymanager/5.0.12.Final/hibernate-entitymanager-5.0.12.Final.jar:/home/stbenjam/.m2/repository/javax/transaction/javax.transaction-api/1.2/javax.transaction-api-1.2.jar:/home/stbenjam/.m2/repository/org/springframework/data/spring-data-jpa/1.11.10.RELEASE/spring-data-jpa-1.11.10.RELEASE.jar:/home/stbenjam/.m2/repository/org/springframework/data/spring-data-commons/1.13.10.RELEASE/spring-data-commons-1.13.10.RELEASE.jar:/home/stbenjam/.m2/repository/org/springframework/spring-orm/4.3.14.RELEASE/spring-orm-4.3.14.RELEASE.jar:/home/stbenjam/.m2/repository/org/springframework/spring-tx/4.3.14.RELEASE/spring-tx-4.3.14.RELEASE.jar:/home/stbenjam/.m2/repository/org/springframework/spring-aspects/4.3.14.RELEASE/spring-aspects-4.3.14.RELEASE.jar:/home/stbenjam/.m2/repository/com/h2database/h2/1.4.196/h2-1.4.196.jar:/home/stbenjam/.m2/repository/org/postgresql/postgresql/9.4-1206-jdbc42/postgresql-9.4-1206-jdbc42.jar:/home/stbenjam/.m2/repository/log4j/log4j/1.2.17/log4j-1.2.17.jar:/home/stbenjam/.m2/repository/com/google/guava/guava/19.0/guava-19.0.jar:/home/stbenjam/.m2/repository/javax/mail/mail/1.4/mail-1.4.jar:/home/stbenjam/.m2/repository/javax/activation/activation/1.1/activation-1.1.jar:/home/stbenjam/.m2/repository/org/springframework/boot/spring-boot-starter-security/1.5.10.RELEASE/spring-boot-starter-security-1.5.10.RELEASE.jar:/home/stbenjam/.m2/repository/org/springframework/spring-aop/4.3.14.RELEASE/spring-aop-4.3.14.RELEASE.jar:/home/stbenjam/.m2/repository/org/springframework/security/spring-security-config/4.2.4.RELEASE/spring-security-config-4.2.4.RELEASE.jar:/home/stbenjam/.m2/repository/org/springframework/security/spring-security-web/4.2.4.RELEASE/spring-security-web-4.2.4.RELEASE.jar:/home/stbenjam/.m2/repository/org/springframework/boot/spring-boot-starter-mail/1.4.3.RELEASE/spring-boot-starter-mail-1.4.3.RELEASE.jar:/home/stbenjam/.m2/repository/org/springframework/spring-context/4.3.14.RELEASE/spring-context-4.3.14.RELEASE.jar:/home/stbenjam/.m2/repository/com/sun/mail/javax.mail/1.5.6/javax.mail-1.5.6.jar:/home/stbenjam/.m2/repository/com/icegreen/greenmail/1.5.5/greenmail-1.5.5.jar:/home/stbenjam/.m2/repository/org/slf4j/slf4j-api/1.7.25/slf4j-api-1.7.25.jar:/home/stbenjam/.m2/repository/org/springframework/security/spring-security-test/4.2.4.RELEASE/spring-security-test-4.2.4.RELEASE.jar:/home/stbenjam/.m2/repository/org/springframework/security/spring-security-core/4.2.4.RELEASE/spring-security-core-4.2.4.RELEASE.jar:/home/stbenjam/.m2/repository/aopalliance/aopalliance/1.0/aopalliance-1.0.jar:/home/stbenjam/.m2/repository/org/springframework/security/oauth/spring-security-oauth2/2.0.14.RELEASE/spring-security-oauth2-2.0.14.RELEASE.jar:/home/stbenjam/.m2/repository/org/springframework/spring-beans/4.3.14.RELEASE/spring-beans-4.3.14.RELEASE.jar:/home/stbenjam/.m2/repository/commons-codec/commons-codec/1.10/commons-codec-1.10.jar:/home/stbenjam/.m2/repository/org/codehaus/jackson/jackson-mapper-asl/1.9.13/jackson-mapper-asl-1.9.13.jar:/home/stbenjam/.m2/repository/org/codehaus/jackson/jackson-core-asl/1.9.13/jackson-core-asl-1.9.13.jar:/home/stbenjam/.m2/repository/io/springfox/springfox-swagger2/2.8.0/springfox-swagger2-2.8.0.jar:/home/stbenjam/.m2/repository/io/swagger/swagger-annotations/1.5.14/swagger-annotations-1.5.14.jar:/home/stbenjam/.m2/repository/io/swagger/swagger-models/1.5.14/swagger-models-1.5.14.jar:/home/stbenjam/.m2/repository/io/springfox/springfox-spi/2.8.0/springfox-spi-2.8.0.jar:/home/stbenjam/.m2/repository/io/springfox/springfox-core/2.8.0/springfox-core-2.8.0.jar:/home/stbenjam/.m2/repository/net/bytebuddy/byte-buddy/1.7.9/byte-buddy-1.7.9.jar:/home/stbenjam/.m2/repository/io/springfox/springfox-schema/2.8.0/springfox-schema-2.8.0.jar:/home/stbenjam/.m2/repository/io/springfox/springfox-swagger-common/2.8.0/springfox-swagger-common-2.8.0.jar:/home/stbenjam/.m2/repository/io/springfox/springfox-spring-web/2.8.0/springfox-spring-web-2.8.0.jar:/home/stbenjam/.m2/repository/org/reflections/reflections/0.9.11/reflections-0.9.11.jar:/home/stbenjam/.m2/repository/com/fasterxml/classmate/1.3.4/classmate-1.3.4.jar:/home/stbenjam/.m2/repository/org/springframework/plugin/spring-plugin-core/1.2.0.RELEASE/spring-plugin-core-1.2.0.RELEASE.jar:/home/stbenjam/.m2/repository/org/springframework/plugin/spring-plugin-metadata/1.2.0.RELEASE/spring-plugin-metadata-1.2.0.RELEASE.jar:/home/stbenjam/.m2/repository/org/mapstruct/mapstruct/1.2.0.Final/mapstruct-1.2.0.Final.jar:/home/stbenjam/.m2/repository/io/springfox/springfox-swagger-ui/2.8.0/springfox-swagger-ui-2.8.0.jar:/home/stbenjam/.m2/repository/io/springfox/springfox-data-rest/2.8.0/springfox-data-rest-2.8.0.jar:/home/stbenjam/.m2/repository/org/springframework/hateoas/spring-hateoas/0.23.0.RELEASE/spring-hateoas-0.23.0.RELEASE.jar:/home/stbenjam/.m2/repository/org/usb4java/usb4java-javax/1.2.0/usb4java-javax-1.2.0.jar:/home/stbenjam/.m2/repository/javax/usb/usb-api/1.0.2/usb-api-1.0.2.jar:/home/stbenjam/.m2/repository/org/apache/commons/commons-lang3/3.2.1/commons-lang3-3.2.1.jar:/home/stbenjam/.m2/repository/org/usb4java/usb4java/1.2.0/usb4java-1.2.0.jar:/home/stbenjam/.m2/repository/org/usb4java/libusb4java/1.2.0/libusb4java-1.2.0-linux-x86.jar:/home/stbenjam/.m2/repository/org/usb4java/libusb4java/1.2.0/libusb4java-1.2.0-linux-x86_64.jar:/home/stbenjam/.m2/repository/org/usb4java/libusb4java/1.2.0/libusb4java-1.2.0-linux-arm.jar:/home/stbenjam/.m2/repository/org/usb4java/libusb4java/1.2.0/libusb4java-1.2.0-windows-x86.jar:/home/stbenjam/.m2/repository/org/usb4java/libusb4java/1.2.0/libusb4java-1.2.0-windows-x86_64.jar:/home/stbenjam/.m2/repository/org/usb4java/libusb4java/1.2.0/libusb4java-1.2.0-osx-x86.jar:/home/stbenjam/.m2/repository/org/usb4java/libusb4java/1.2.0/libusb4java-1.2.0-osx-x86_64.jar:/home/stbenjam/.m2/repository/org/mockito/mockito-all/1.9.5/mockito-all-1.9.5.jar:/home/stbenjam/.m2/repository/com/fasterxml/jackson/core/jackson-databind/2.5.0/jackson-databind-2.5.0.jar:/home/stbenjam/.m2/repository/com/fasterxml/jackson/core/jackson-core/2.8.10/jackson-core-2.8.10.jar:/home/stbenjam/.m2/repository/com/vaadin/external/google/android-json/0.0.20131108.vaadin1/android-json-0.0.20131108.vaadin1.jar:/home/stbenjam/.m2/repository/com/tngtech/java/junit-dataprovider/1.13.1/junit-dataprovider-1.13.1.jar:/home/stbenjam/.m2/repository/org/springframework/spring-context-support/3.2.0.RELEASE/spring-context-support-3.2.0.RELEASE.jar:, java.specification.name=Java Platform API Specification, java.class.version=52.0, sun.management.compiler=HotSpot 64-Bit Tiered Compilers, os.version=4.14.14-300.fc27.x86_64, user.home=/home/stbenjam, user.timezone=America/New_York, java.awt.printerjob=sun.print.PSPrinterJob, file.encoding=UTF-8, java.specification.version=1.8, java.class.path=/home/stbenjam/git/h2ms/target/test-classes:/home/stbenjam/git/h2ms/target/classes:/home/stbenjam/.m2/repository/org/springframework/boot/spring-boot-starter-data-rest/1.5.10.RELEASE/spring-boot-starter-data-rest-1.5.10.RELEASE.jar:/home/stbenjam/.m2/repository/org/springframework/boot/spring-boot-starter/1.5.10.RELEASE/spring-boot-starter-1.5.10.RELEASE.jar:/home/stbenjam/.m2/repository/org/springframework/boot/spring-boot/1.5.10.RELEASE/spring-boot-1.5.10.RELEASE.jar:/home/stbenjam/.m2/repository/org/springframework/boot/spring-boot-autoconfigure/1.5.10.RELEASE/spring-boot-autoconfigure-1.5.10.RELEASE.jar:/home/stbenjam/.m2/repository/org/springframework/boot/spring-boot-starter-logging/1.5.10.RELEASE/spring-boot-starter-logging-1.5.10.RELEASE.jar:/home/stbenjam/.m2/repository/ch/qos/logback/logback-classic/1.1.11/logback-classic-1.1.11.jar:/home/stbenjam/.m2/repository/ch/qos/logback/logback-core/1.1.11/logback-core-1.1.11.jar:/home/stbenjam/.m2/repository/org/slf4j/jul-to-slf4j/1.7.25/jul-to-slf4j-1.7.25.jar:/home/stbenjam/.m2/repository/org/slf4j/log4j-over-slf4j/1.7.25/log4j-over-slf4j-1.7.25.jar:/home/stbenjam/.m2/repository/org/yaml/snakeyaml/1.17/snakeyaml-1.17.jar:/home/stbenjam/.m2/repository/com/fasterxml/jackson/core/jackson-annotations/2.8.0/jackson-annotations-2.8.0.jar:/home/stbenjam/.m2/repository/org/springframework/data/spring-data-rest-webmvc/2.6.10.RELEASE/spring-data-rest-webmvc-2.6.10.RELEASE.jar:/home/stbenjam/.m2/repository/org/springframework/data/spring-data-rest-core/2.6.10.RELEASE/spring-data-rest-core-2.6.10.RELEASE.jar:/home/stbenjam/.m2/repository/org/atteo/evo-inflector/1.2.2/evo-inflector-1.2.2.jar:/home/stbenjam/.m2/repository/org/slf4j/jcl-over-slf4j/1.7.25/jcl-over-slf4j-1.7.25.jar:/home/stbenjam/.m2/repository/org/springframework/boot/spring-boot-starter-web/1.5.10.RELEASE/spring-boot-starter-web-1.5.10.RELEASE.jar:/home/stbenjam/.m2/repository/org/springframework/boot/spring-boot-starter-tomcat/1.5.10.RELEASE/spring-boot-starter-tomcat-1.5.10.RELEASE.jar:/home/stbenjam/.m2/repository/org/apache/tomcat/embed/tomcat-embed-core/8.5.27/tomcat-embed-core-8.5.27.jar:/home/stbenjam/.m2/repository/org/apache/tomcat/tomcat-annotations-api/8.5.27/tomcat-annotations-api-8.5.27.jar:/home/stbenjam/.m2/repository/org/apache/tomcat/embed/tomcat-embed-el/8.5.27/tomcat-embed-el-8.5.27.jar:/home/stbenjam/.m2/repository/org/apache/tomcat/embed/tomcat-embed-websocket/8.5.27/tomcat-embed-websocket-8.5.27.jar:/home/stbenjam/.m2/repository/org/hibernate/hibernate-validator/5.3.6.Final/hibernate-validator-5.3.6.Final.jar:/home/stbenjam/.m2/repository/javax/validation/validation-api/1.1.0.Final/validation-api-1.1.0.Final.jar:/home/stbenjam/.m2/repository/org/jboss/logging/jboss-logging/3.3.1.Final/jboss-logging-3.3.1.Final.jar:/home/stbenjam/.m2/repository/org/springframework/spring-web/4.3.14.RELEASE/spring-web-4.3.14.RELEASE.jar:/home/stbenjam/.m2/repository/org/springframework/spring-webmvc/4.3.14.RELEASE/spring-webmvc-4.3.14.RELEASE.jar:/home/stbenjam/.m2/repository/org/springframework/spring-expression/4.3.14.RELEASE/spring-expression-4.3.14.RELEASE.jar:/home/stbenjam/.m2/repository/org/springframework/boot/spring-boot-starter-thymeleaf/1.5.10.RELEASE/spring-boot-starter-thymeleaf-1.5.10.RELEASE.jar:/home/stbenjam/.m2/repository/org/thymeleaf/thymeleaf-spring4/2.1.6.RELEASE/thymeleaf-spring4-2.1.6.RELEASE.jar:/home/stbenjam/.m2/repository/org/thymeleaf/thymeleaf/2.1.6.RELEASE/thymeleaf-2.1.6.RELEASE.jar:/home/stbenjam/.m2/repository/ognl/ognl/3.0.8/ognl-3.0.8.jar:/home/stbenjam/.m2/repository/org/unbescape/unbescape/1.1.0.RELEASE/unbescape-1.1.0.RELEASE.jar:/home/stbenjam/.m2/repository/nz/net/ultraq/thymeleaf/thymeleaf-layout-dialect/1.4.0/thymeleaf-layout-dialect-1.4.0.jar:/home/stbenjam/.m2/repository/org/codehaus/groovy/groovy/2.4.13/groovy-2.4.13.jar:/home/stbenjam/.m2/repository/org/springframework/boot/spring-boot-starter-test/1.5.10.RELEASE/spring-boot-starter-test-1.5.10.RELEASE.jar:/home/stbenjam/.m2/repository/org/springframework/boot/spring-boot-test/1.5.10.RELEASE/spring-boot-test-1.5.10.RELEASE.jar:/home/stbenjam/.m2/repository/org/springframework/boot/spring-boot-test-autoconfigure/1.5.10.RELEASE/spring-boot-test-autoconfigure-1.5.10.RELEASE.jar:/home/stbenjam/.m2/repository/com/jayway/jsonpath/json-path/2.2.0/json-path-2.2.0.jar:/home/stbenjam/.m2/repository/net/minidev/json-smart/2.2.1/json-smart-2.2.1.jar:/home/stbenjam/.m2/repository/net/minidev/accessors-smart/1.1/accessors-smart-1.1.jar:/home/stbenjam/.m2/repository/org/ow2/asm/asm/5.0.3/asm-5.0.3.jar:/home/stbenjam/.m2/repository/junit/junit/4.12/junit-4.12.jar:/home/stbenjam/.m2/repository/org/assertj/assertj-core/2.6.0/assertj-core-2.6.0.jar:/home/stbenjam/.m2/repository/org/mockito/mockito-core/1.10.19/mockito-core-1.10.19.jar:/home/stbenjam/.m2/repository/org/objenesis/objenesis/2.1/objenesis-2.1.jar:/home/stbenjam/.m2/repository/org/hamcrest/hamcrest-core/1.3/hamcrest-core-1.3.jar:/home/stbenjam/.m2/repository/org/hamcrest/hamcrest-library/1.3/hamcrest-library-1.3.jar:/home/stbenjam/.m2/repository/org/skyscreamer/jsonassert/1.4.0/jsonassert-1.4.0.jar:/home/stbenjam/.m2/repository/org/springframework/spring-core/4.3.14.RELEASE/spring-core-4.3.14.RELEASE.jar:/home/stbenjam/.m2/repository/org/springframework/spring-test/4.3.14.RELEASE/spring-test-4.3.14.RELEASE.jar:/home/stbenjam/.m2/repository/org/springframework/restdocs/spring-restdocs-mockmvc/1.1.3.RELEASE/spring-restdocs-mockmvc-1.1.3.RELEASE.jar:/home/stbenjam/.m2/repository/org/springframework/restdocs/spring-restdocs-core/1.1.3.RELEASE/spring-restdocs-core-1.1.3.RELEASE.jar:/home/stbenjam/.m2/repository/javax/servlet/javax.servlet-api/3.1.0/javax.servlet-api-3.1.0.jar:/home/stbenjam/.m2/repository/org/springframework/boot/spring-boot-starter-data-jpa/1.5.10.RELEASE/spring-boot-starter-data-jpa-1.5.10.RELEASE.jar:/home/stbenjam/.m2/repository/org/springframework/boot/spring-boot-starter-aop/1.5.10.RELEASE/spring-boot-starter-aop-1.5.10.RELEASE.jar:/home/stbenjam/.m2/repository/org/aspectj/aspectjweaver/1.8.13/aspectjweaver-1.8.13.jar:/home/stbenjam/.m2/repository/org/springframework/boot/spring-boot-starter-jdbc/1.5.10.RELEASE/spring-boot-starter-jdbc-1.5.10.RELEASE.jar:/home/stbenjam/.m2/repository/org/apache/tomcat/tomcat-jdbc/8.5.27/tomcat-jdbc-8.5.27.jar:/home/stbenjam/.m2/repository/org/apache/tomcat/tomcat-juli/8.5.27/tomcat-juli-8.5.27.jar:/home/stbenjam/.m2/repository/org/springframework/spring-jdbc/4.3.14.RELEASE/spring-jdbc-4.3.14.RELEASE.jar:/home/stbenjam/.m2/repository/org/hibernate/hibernate-core/5.0.12.Final/hibernate-core-5.0.12.Final.jar:/home/stbenjam/.m2/repository/org/hibernate/javax/persistence/hibernate-jpa-2.1-api/1.0.0.Final/hibernate-jpa-2.1-api-1.0.0.Final.jar:/home/stbenjam/.m2/repository/org/javassist/javassist/3.21.0-GA/javassist-3.21.0-GA.jar:/home/stbenjam/.m2/repository/antlr/antlr/2.7.7/antlr-2.7.7.jar:/home/stbenjam/.m2/repository/org/jboss/jandex/2.0.0.Final/jandex-2.0.0.Final.jar:/home/stbenjam/.m2/repository/dom4j/dom4j/1.6.1/dom4j-1.6.1.jar:/home/stbenjam/.m2/repository/org/hibernate/common/hibernate-commons-annotations/5.0.1.Final/hibernate-commons-annotations-5.0.1.Final.jar:/home/stbenjam/.m2/repository/org/hibernate/hibernate-entitymanager/5.0.12.Final/hibernate-entitymanager-5.0.12.Final.jar:/home/stbenjam/.m2/repository/javax/transaction/javax.transaction-api/1.2/javax.transaction-api-1.2.jar:/home/stbenjam/.m2/repository/org/springframework/data/spring-data-jpa/1.11.10.RELEASE/spring-data-jpa-1.11.10.RELEASE.jar:/home/stbenjam/.m2/repository/org/springframework/data/spring-data-commons/1.13.10.RELEASE/spring-data-commons-1.13.10.RELEASE.jar:/home/stbenjam/.m2/repository/org/springframework/spring-orm/4.3.14.RELEASE/spring-orm-4.3.14.RELEASE.jar:/home/stbenjam/.m2/repository/org/springframework/spring-tx/4.3.14.RELEASE/spring-tx-4.3.14.RELEASE.jar:/home/stbenjam/.m2/repository/org/springframework/spring-aspects/4.3.14.RELEASE/spring-aspects-4.3.14.RELEASE.jar:/home/stbenjam/.m2/repository/com/h2database/h2/1.4.196/h2-1.4.196.jar:/home/stbenjam/.m2/repository/org/postgresql/postgresql/9.4-1206-jdbc42/postgresql-9.4-1206-jdbc42.jar:/home/stbenjam/.m2/repository/log4j/log4j/1.2.17/log4j-1.2.17.jar:/home/stbenjam/.m2/repository/com/google/guava/guava/19.0/guava-19.0.jar:/home/stbenjam/.m2/repository/javax/mail/mail/1.4/mail-1.4.jar:/home/stbenjam/.m2/repository/javax/activation/activation/1.1/activation-1.1.jar:/home/stbenjam/.m2/repository/org/springframework/boot/spring-boot-starter-security/1.5.10.RELEASE/spring-boot-starter-security-1.5.10.RELEASE.jar:/home/stbenjam/.m2/repository/org/springframework/spring-aop/4.3.14.RELEASE/spring-aop-4.3.14.RELEASE.jar:/home/stbenjam/.m2/repository/org/springframework/security/spring-security-config/4.2.4.RELEASE/spring-security-config-4.2.4.RELEASE.jar:/home/stbenjam/.m2/repository/org/springframework/security/spring-security-web/4.2.4.RELEASE/spring-security-web-4.2.4.RELEASE.jar:/home/stbenjam/.m2/repository/org/springframework/boot/spring-boot-starter-mail/1.4.3.RELEASE/spring-boot-starter-mail-1.4.3.RELEASE.jar:/home/stbenjam/.m2/repository/org/springframework/spring-context/4.3.14.RELEASE/spring-context-4.3.14.RELEASE.jar:/home/stbenjam/.m2/repository/com/sun/mail/javax.mail/1.5.6/javax.mail-1.5.6.jar:/home/stbenjam/.m2/repository/com/icegreen/greenmail/1.5.5/greenmail-1.5.5.jar:/home/stbenjam/.m2/repository/org/slf4j/slf4j-api/1.7.25/slf4j-api-1.7.25.jar:/home/stbenjam/.m2/repository/org/springframework/security/spring-security-test/4.2.4.RELEASE/spring-security-test-4.2.4.RELEASE.jar:/home/stbenjam/.m2/repository/org/springframework/security/spring-security-core/4.2.4.RELEASE/spring-security-core-4.2.4.RELEASE.jar:/home/stbenjam/.m2/repository/aopalliance/aopalliance/1.0/aopalliance-1.0.jar:/home/stbenjam/.m2/repository/org/springframework/security/oauth/spring-security-oauth2/2.0.14.RELEASE/spring-security-oauth2-2.0.14.RELEASE.jar:/home/stbenjam/.m2/repository/org/springframework/spring-beans/4.3.14.RELEASE/spring-beans-4.3.14.RELEASE.jar:/home/stbenjam/.m2/repository/commons-codec/commons-codec/1.10/commons-codec-1.10.jar:/home/stbenjam/.m2/repository/org/codehaus/jackson/jackson-mapper-asl/1.9.13/jackson-mapper-asl-1.9.13.jar:/home/stbenjam/.m2/repository/org/codehaus/jackson/jackson-core-asl/1.9.13/jackson-core-asl-1.9.13.jar:/home/stbenjam/.m2/repository/io/springfox/springfox-swagger2/2.8.0/springfox-swagger2-2.8.0.jar:/home/stbenjam/.m2/repository/io/swagger/swagger-annotations/1.5.14/swagger-annotations-1.5.14.jar:/home/stbenjam/.m2/repository/io/swagger/swagger-models/1.5.14/swagger-models-1.5.14.jar:/home/stbenjam/.m2/repository/io/springfox/springfox-spi/2.8.0/springfox-spi-2.8.0.jar:/home/stbenjam/.m2/repository/io/springfox/springfox-core/2.8.0/springfox-core-2.8.0.jar:/home/stbenjam/.m2/repository/net/bytebuddy/byte-buddy/1.7.9/byte-buddy-1.7.9.jar:/home/stbenjam/.m2/repository/io/springfox/springfox-schema/2.8.0/springfox-schema-2.8.0.jar:/home/stbenjam/.m2/repository/io/springfox/springfox-swagger-common/2.8.0/springfox-swagger-common-2.8.0.jar:/home/stbenjam/.m2/repository/io/springfox/springfox-spring-web/2.8.0/springfox-spring-web-2.8.0.jar:/home/stbenjam/.m2/repository/org/reflections/reflections/0.9.11/reflections-0.9.11.jar:/home/stbenjam/.m2/repository/com/fasterxml/classmate/1.3.4/classmate-1.3.4.jar:/home/stbenjam/.m2/repository/org/springframework/plugin/spring-plugin-core/1.2.0.RELEASE/spring-plugin-core-1.2.0.RELEASE.jar:/home/stbenjam/.m2/repository/org/springframework/plugin/spring-plugin-metadata/1.2.0.RELEASE/spring-plugin-metadata-1.2.0.RELEASE.jar:/home/stbenjam/.m2/repository/org/mapstruct/mapstruct/1.2.0.Final/mapstruct-1.2.0.Final.jar:/home/stbenjam/.m2/repository/io/springfox/springfox-swagger-ui/2.8.0/springfox-swagger-ui-2.8.0.jar:/home/stbenjam/.m2/repository/io/springfox/springfox-data-rest/2.8.0/springfox-data-rest-2.8.0.jar:/home/stbenjam/.m2/repository/org/springframework/hateoas/spring-hateoas/0.23.0.RELEASE/spring-hateoas-0.23.0.RELEASE.jar:/home/stbenjam/.m2/repository/org/usb4java/usb4java-javax/1.2.0/usb4java-javax-1.2.0.jar:/home/stbenjam/.m2/repository/javax/usb/usb-api/1.0.2/usb-api-1.0.2.jar:/home/stbenjam/.m2/repository/org/apache/commons/commons-lang3/3.2.1/commons-lang3-3.2.1.jar:/home/stbenjam/.m2/repository/org/usb4java/usb4java/1.2.0/usb4java-1.2.0.jar:/home/stbenjam/.m2/repository/org/usb4java/libusb4java/1.2.0/libusb4java-1.2.0-linux-x86.jar:/home/stbenjam/.m2/repository/org/usb4java/libusb4java/1.2.0/libusb4java-1.2.0-linux-x86_64.jar:/home/stbenjam/.m2/repository/org/usb4java/libusb4java/1.2.0/libusb4java-1.2.0-linux-arm.jar:/home/stbenjam/.m2/repository/org/usb4java/libusb4java/1.2.0/libusb4java-1.2.0-windows-x86.jar:/home/stbenjam/.m2/repository/org/usb4java/libusb4java/1.2.0/libusb4java-1.2.0-windows-x86_64.jar:/home/stbenjam/.m2/repository/org/usb4java/libusb4java/1.2.0/libusb4java-1.2.0-osx-x86.jar:/home/stbenjam/.m2/repository/org/usb4java/libusb4java/1.2.0/libusb4java-1.2.0-osx-x86_64.jar:/home/stbenjam/.m2/repository/org/mockito/mockito-all/1.9.5/mockito-all-1.9.5.jar:/home/stbenjam/.m2/repository/com/fasterxml/jackson/core/jackson-databind/2.5.0/jackson-databind-2.5.0.jar:/home/stbenjam/.m2/repository/com/fasterxml/jackson/core/jackson-core/2.8.10/jackson-core-2.8.10.jar:/home/stbenjam/.m2/repository/com/vaadin/external/google/android-json/0.0.20131108.vaadin1/android-json-0.0.20131108.vaadin1.jar:/home/stbenjam/.m2/repository/com/tngtech/java/junit-dataprovider/1.13.1/junit-dataprovider-1.13.1.jar:/home/stbenjam/.m2/repository/org/springframework/spring-context-support/3.2.0.RELEASE/spring-context-support-3.2.0.RELEASE.jar:, user.name=stbenjam, java.vm.specification.version=1.8, sun.java.command=/home/stbenjam/git/h2ms/target/surefire/surefirebooter4478042733021414321.jar /home/stbenjam/git/h2ms/target/surefire/surefire602509062644399573tmp /home/stbenjam/git/h2ms/target/surefire/surefire_08659671123201472941tmp, java.home=/usr/lib/jvm/java-1.8.0-openjdk-1.8.0.161-0.b14.fc27.x86_64/jre, sun.arch.data.model=64, user.language=en, java.specification.vendor=Oracle Corporation, awt.toolkit=sun.awt.X11.XToolkit, java.vm.info=mixed mode, java.version=1.8.0_161, java.ext.dirs=/usr/lib/jvm/java-1.8.0-openjdk-1.8.0.161-0.b14.fc27.x86_64/jre/lib/ext:/usr/java/packages/lib/ext, sun.boot.class.path=/usr/lib/jvm/java-1.8.0-openjdk-1.8.0.161-0.b14.fc27.x86_64/jre/lib/resources.jar:/usr/lib/jvm/java-1.8.0-openjdk-1.8.0.161-0.b14.fc27.x86_64/jre/lib/rt.jar:/usr/lib/jvm/java-1.8.0-openjdk-1.8.0.161-0.b14.fc27.x86_64/jre/lib/sunrsasign.jar:/usr/lib/jvm/java-1.8.0-openjdk-1.8.0.161-0.b14.fc27.x86_64/jre/lib/jsse.jar:/usr/lib/jvm/java-1.8.0-openjdk-1.8.0.161-0.b14.fc27.x86_64/jre/lib/jce.jar:/usr/lib/jvm/java-1.8.0-openjdk-1.8.0.161-0.b14.fc27.x86_64/jre/lib/charsets.jar:/usr/lib/jvm/java-1.8.0-openjdk-1.8.0.161-0.b14.fc27.x86_64/jre/lib/jfr.jar:/usr/lib/jvm/java-1.8.0-openjdk-1.8.0.161-0.b14.fc27.x86_64/jre/classes, java.vendor=Oracle Corporation, localRepository=/home/stbenjam/.m2/repository, file.separator=/, java.vendor.url.bug=http://bugreport.sun.com/bugreport/, sun.io.unicode.encoding=UnicodeLittle, sun.cpu.endian=little, sun.desktop=gnome, sun.cpu.isalist=}}, SystemEnvironmentPropertySource@1374066265 {name='systemEnvironment', properties={IRBRC=/home/stbenjam/.rvm/rubies/ruby-2.3.3/.irbrc, PATH=/home/stbenjam/.rvm/gems/ruby-2.3.3/bin:/home/stbenjam/.rvm/gems/ruby-2.3.3@global/bin:/home/stbenjam/.rvm/rubies/ruby-2.3.3/bin:/usr/local/bin:/usr/bin:/bin:/usr/local/sbin:/usr/sbin:/home/stbenjam/.local/bin:/home/stbenjam/bin:/home/stbenjam/.rvm/bin, rvm_silent_flag=, HISTCONTROL=ignoredups, XMODIFIERS=@im=ibus, GDMSESSION=gnome-xorg, rvm_quiet_flag=, GUESTFISH_RESTORE=\e[0m, DBUS_SESSION_BUS_ADDRESS=unix:path=/run/user/1000/bus,guid=0ff0c73f492cc1dc3846ae835aac7cd0, COLORTERM=truecolor, rvm_ruby_make_install=, rvm_niceness=, SESSION_MANAGER=local/unix:@/tmp/.ICE-unix/1818,unix/unix:/tmp/.ICE-unix/1818, USERNAME=stbenjam, rvm_version=1.29.1 (latest), PWD=/home/stbenjam/git/h2ms, MANAGERPID=1759, LESSOPEN=||/usr/bin/lesspipe.sh %s, PAGER=less, QTINC=/usr/lib64/qt-3.3/include, rvm_hook=, rvm_wrapper_name=, MY_RUBY_HOME=/home/stbenjam/.rvm/rubies/ruby-2.3.3, rvm_nightly_flag=, ZSH=/home/stbenjam/.oh-my-zsh, rvm_path=/home/stbenjam/.rvm, GUESTFISH_INIT=\e[1;34m, GNOME_DESKTOP_SESSION_ID=this-is-deprecated, SYSTEMD_NSS_BYPASS_BUS=1, DBUS_STARTER_ADDRESS=unix:path=/run/user/1000/bus,guid=0ff0c73f492cc1dc3846ae835aac7cd0, LC_CTYPE=en_US.UTF-8, SHLVL=2, LOADEDMODULES=, HISTSIZE=10000, JAVA_HOME=/usr/lib/jvm/java-1.8.0-openjdk-1.8.0.161-0.b14.fc27.x86_64, TERM=xterm-256color, XDG_SESSION_ID=2, rvm_script_name=, rvm_ruby_make=, rvm_docs_type=, _=/usr/lib/jvm/java-1.8.0-openjdk-1.8.0.161-0.b14.fc27.x86_64/jre/bin/java, MAVEN_PROJECTBASEDIR=/home/stbenjam/git/h2ms, DESKTOP_SESSION=gnome-xorg, XDG_MENU_PREFIX=gnome-, VTE_VERSION=5002, rvm_alias_expanded=, rvm_ruby_bits=, GEM_PATH=/home/stbenjam/.rvm/gems/ruby-2.3.3:/home/stbenjam/.rvm/gems/ruby-2.3.3@global, TILIX_ID=df6230d2-2679-42ab-bd7f-667d05988153, XAUTHORITY=/run/user/1000/gdm/Xauthority, INVOCATION_ID=2a8a59bd24d3424f8a519125eeaea755, XDG_DATA_DIRS=/home/stbenjam/.local/share/flatpak/exports/share/:/var/lib/flatpak/exports/share/:/usr/local/share/:/usr/share/, MODULEPATH=/etc/scl/modulefiles:/etc/scl/modulefiles:/usr/share/Modules/modulefiles:/etc/modulefiles:/usr/share/modulefiles, rvm_bin_flag=, VAGRANT_DEFAULT_PROVIDER=libvirt, XDG_CURRENT_DESKTOP=GNOME, JOURNAL_STREAM=9:35277, MAIL=/var/spool/mail/stbenjam, rvm_ruby_mode=, LOGNAME=stbenjam, rvm_proxy=, SHELL=/bin/zsh, rvm_sdk=, OLDPWD=/home/stbenjam/git/h2ms, GEM_HOME=/home/stbenjam/.rvm/gems/ruby-2.3.3, rvm_use_flag=, GIT=/bin/git, RUBY_VERSION=ruby-2.3.3, _system_name=Fedora, LESS=-R, XDG_SESSION_DESKTOP=gnome-xorg, LS_COLORS=rs=0:di=38;5;33:ln=38;5;51:mh=00:pi=40;38;5;11:so=38;5;13:do=38;5;5:bd=48;5;232;38;5;11:cd=48;5;232;38;5;3:or=48;5;232;38;5;9:mi=01;05;37;41:su=48;5;196;38;5;15:sg=48;5;11;38;5;16:ca=48;5;196;38;5;226:tw=48;5;10;38;5;16:ow=48;5;10;38;5;21:st=48;5;21;38;5;15:ex=38;5;40:*.tar=38;5;9:*.tgz=38;5;9:*.arc=38;5;9:*.arj=38;5;9:*.taz=38;5;9:*.lha=38;5;9:*.lz4=38;5;9:*.lzh=38;5;9:*.lzma=38;5;9:*.tlz=38;5;9:*.txz=38;5;9:*.tzo=38;5;9:*.t7z=38;5;9:*.zip=38;5;9:*.z=38;5;9:*.Z=38;5;9:*.dz=38;5;9:*.gz=38;5;9:*.lrz=38;5;9:*.lz=38;5;9:*.lzo=38;5;9:*.xz=38;5;9:*.zst=38;5;9:*.tzst=38;5;9:*.bz2=38;5;9:*.bz=38;5;9:*.tbz=38;5;9:*.tbz2=38;5;9:*.tz=38;5;9:*.deb=38;5;9:*.rpm=38;5;9:*.jar=38;5;9:*.war=38;5;9:*.ear=38;5;9:*.sar=38;5;9:*.rar=38;5;9:*.alz=38;5;9:*.ace=38;5;9:*.zoo=38;5;9:*.cpio=38;5;9:*.7z=38;5;9:*.rz=38;5;9:*.cab=38;5;9:*.wim=38;5;9:*.swm=38;5;9:*.dwm=38;5;9:*.esd=38;5;9:*.jpg=38;5;13:*.jpeg=38;5;13:*.mjpg=38;5;13:*.mjpeg=38;5;13:*.gif=38;5;13:*.bmp=38;5;13:*.pbm=38;5;13:*.pgm=38;5;13:*.ppm=38;5;13:*.tga=38;5;13:*.xbm=38;5;13:*.xpm=38;5;13:*.tif=38;5;13:*.tiff=38;5;13:*.png=38;5;13:*.svg=38;5;13:*.svgz=38;5;13:*.mng=38;5;13:*.pcx=38;5;13:*.mov=38;5;13:*.mpg=38;5;13:*.mpeg=38;5;13:*.m2v=38;5;13:*.mkv=38;5;13:*.webm=38;5;13:*.ogm=38;5;13:*.mp4=38;5;13:*.m4v=38;5;13:*.mp4v=38;5;13:*.vob=38;5;13:*.qt=38;5;13:*.nuv=38;5;13:*.wmv=38;5;13:*.asf=38;5;13:*.rm=38;5;13:*.rmvb=38;5;13:*.flc=38;5;13:*.avi=38;5;13:*.fli=38;5;13:*.flv=38;5;13:*.gl=38;5;13:*.dl=38;5;13:*.xcf=38;5;13:*.xwd=38;5;13:*.yuv=38;5;13:*.cgm=38;5;13:*.emf=38;5;13:*.ogv=38;5;13:*.ogx=38;5;13:*.aac=38;5;45:*.au=38;5;45:*.flac=38;5;45:*.m4a=38;5;45:*.mid=38;5;45:*.midi=38;5;45:*.mka=38;5;45:*.mp3=38;5;45:*.mpc=38;5;45:*.ogg=38;5;45:*.ra=38;5;45:*.wav=38;5;45:*.oga=38;5;45:*.opus=38;5;45:*.spx=38;5;45:*.xspf=38;5;45:, rvm_gemstone_package_file=, _system_arch=x86_64, rvm_bin_path=/home/stbenjam/.rvm/bin, QT_IM_MODULE=ibus, rvm_only_path_flag=, rvm_prefix=/home/stbenjam, LANG=en_US.UTF-8, XDG_SESSION_TYPE=x11, DISPLAY=:0, rvm_gemstone_url=, GDM_LANG=en_US.UTF-8, GUESTFISH_PS1=\[\e[1;32m\]><fs>\[\e[0;31m\] , LSCOLORS=Gxfxcxdxbxegedabagacad, _system_type=Linux, _system_version=27, GPG_TTY=/dev/pts/1, USER=stbenjam, rvm_ruby_file=, WINDOWPATH=2, XDG_SEAT=seat0, SSH_AUTH_SOCK=/run/user/1000/keyring/ssh, EDITOR=vim, HOSTNAME=ancient.bitbin.de, MODULESHOME=/usr/share/Modules, QTDIR=/usr/lib64/qt-3.3, XDG_RUNTIME_DIR=/run/user/1000, XDG_VTNR=2, GUESTFISH_OUTPUT=\e[0m, DBUS_STARTER_BUS_TYPE=session, QTLIB=/usr/lib64/qt-3.3/lib, HOME=/home/stbenjam}}]
21:13:06.619 [main] DEBUG org.springframework.core.io.support.PathMatchingResourcePatternResolver - Resolved classpath location [edu/harvard/h2ms/web/init/] to resources [URL [file:/home/stbenjam/git/h2ms/target/test-classes/edu/harvard/h2ms/web/init/]]
21:13:06.620 [main] DEBUG org.springframework.core.io.support.PathMatchingResourcePatternResolver - Looking for matching resources in directory tree [/home/stbenjam/git/h2ms/target/test-classes/edu/harvard/h2ms/web/init]
21:13:06.621 [main] DEBUG org.springframework.core.io.support.PathMatchingResourcePatternResolver - Searching directory [/home/stbenjam/git/h2ms/target/test-classes/edu/harvard/h2ms/web/init] for files matching pattern [/home/stbenjam/git/h2ms/target/test-classes/edu/harvard/h2ms/web/init/*.class]
21:13:06.621 [main] DEBUG org.springframework.core.io.support.PathMatchingResourcePatternResolver - Resolved location pattern [classpath*:edu/harvard/h2ms/web/init/*.class] to resources [file [/home/stbenjam/git/h2ms/target/test-classes/edu/harvard/h2ms/web/init/H2MSRestAppInitializerTests.class], file [/home/stbenjam/git/h2ms/target/test-classes/edu/harvard/h2ms/web/init/OAuthTest.class]]
21:13:06.623 [main] DEBUG org.springframework.core.io.support.PathMatchingResourcePatternResolver - Resolved classpath location [edu/harvard/h2ms/web/] to resources [URL [file:/home/stbenjam/git/h2ms/target/test-classes/edu/harvard/h2ms/web/], URL [file:/home/stbenjam/git/h2ms/target/classes/edu/harvard/h2ms/web/]]
21:13:06.623 [main] DEBUG org.springframework.core.io.support.PathMatchingResourcePatternResolver - Looking for matching resources in directory tree [/home/stbenjam/git/h2ms/target/test-classes/edu/harvard/h2ms/web]
21:13:06.623 [main] DEBUG org.springframework.core.io.support.PathMatchingResourcePatternResolver - Searching directory [/home/stbenjam/git/h2ms/target/test-classes/edu/harvard/h2ms/web] for files matching pattern [/home/stbenjam/git/h2ms/target/test-classes/edu/harvard/h2ms/web/*.class]
21:13:06.624 [main] DEBUG org.springframework.core.io.support.PathMatchingResourcePatternResolver - Looking for matching resources in directory tree [/home/stbenjam/git/h2ms/target/classes/edu/harvard/h2ms/web]
21:13:06.624 [main] DEBUG org.springframework.core.io.support.PathMatchingResourcePatternResolver - Searching directory [/home/stbenjam/git/h2ms/target/classes/edu/harvard/h2ms/web] for files matching pattern [/home/stbenjam/git/h2ms/target/classes/edu/harvard/h2ms/web/*.class]
21:13:06.624 [main] DEBUG org.springframework.core.io.support.PathMatchingResourcePatternResolver - Resolved location pattern [classpath*:edu/harvard/h2ms/web/*.class] to resources []
21:13:06.625 [main] DEBUG org.springframework.core.io.support.PathMatchingResourcePatternResolver - Resolved classpath location [edu/harvard/h2ms/] to resources [URL [file:/home/stbenjam/git/h2ms/target/test-classes/edu/harvard/h2ms/], URL [file:/home/stbenjam/git/h2ms/target/classes/edu/harvard/h2ms/]]
21:13:06.625 [main] DEBUG org.springframework.core.io.support.PathMatchingResourcePatternResolver - Looking for matching resources in directory tree [/home/stbenjam/git/h2ms/target/test-classes/edu/harvard/h2ms]
21:13:06.625 [main] DEBUG org.springframework.core.io.support.PathMatchingResourcePatternResolver - Searching directory [/home/stbenjam/git/h2ms/target/test-classes/edu/harvard/h2ms] for files matching pattern [/home/stbenjam/git/h2ms/target/test-classes/edu/harvard/h2ms/*.class]
21:13:06.626 [main] DEBUG org.springframework.core.io.support.PathMatchingResourcePatternResolver - Looking for matching resources in directory tree [/home/stbenjam/git/h2ms/target/classes/edu/harvard/h2ms]
21:13:06.626 [main] DEBUG org.springframework.core.io.support.PathMatchingResourcePatternResolver - Searching directory [/home/stbenjam/git/h2ms/target/classes/edu/harvard/h2ms] for files matching pattern [/home/stbenjam/git/h2ms/target/classes/edu/harvard/h2ms/*.class]
21:13:06.627 [main] DEBUG org.springframework.core.io.support.PathMatchingResourcePatternResolver - Resolved location pattern [classpath*:edu/harvard/h2ms/*.class] to resources [file [/home/stbenjam/git/h2ms/target/classes/edu/harvard/h2ms/H2MSRestAppInitializer.class]]
21:13:06.634 [main] DEBUG org.springframework.context.annotation.ClassPathScanningCandidateComponentProvider - Identified candidate component class: file [/home/stbenjam/git/h2ms/target/classes/edu/harvard/h2ms/H2MSRestAppInitializer.class]
21:13:06.635 [main] INFO org.springframework.boot.test.context.SpringBootTestContextBootstrapper - Found @SpringBootConfiguration edu.harvard.h2ms.H2MSRestAppInitializer for test class edu.harvard.h2ms.web.init.OAuthTest
21:13:06.636 [main] DEBUG org.springframework.boot.test.context.SpringBootTestContextBootstrapper - @TestExecutionListeners is not present for class [edu.harvard.h2ms.web.init.OAuthTest]: using defaults.
21:13:06.638 [main] INFO org.springframework.boot.test.context.SpringBootTestContextBootstrapper - Loaded default TestExecutionListener class names from location [META-INF/spring.factories]: [org.springframework.boot.test.mock.mockito.MockitoTestExecutionListener, org.springframework.boot.test.mock.mockito.ResetMocksTestExecutionListener, org.springframework.boot.test.autoconfigure.restdocs.RestDocsTestExecutionListener, org.springframework.boot.test.autoconfigure.web.client.MockRestServiceServerResetTestExecutionListener, org.springframework.boot.test.autoconfigure.web.servlet.MockMvcPrintOnlyOnFailureTestExecutionListener, org.springframework.boot.test.autoconfigure.web.servlet.WebDriverTestExecutionListener, org.springframework.test.context.web.ServletTestExecutionListener, org.springframework.test.context.support.DirtiesContextBeforeModesTestExecutionListener, org.springframework.test.context.support.DependencyInjectionTestExecutionListener, org.springframework.test.context.support.DirtiesContextTestExecutionListener, org.springframework.test.context.transaction.TransactionalTestExecutionListener, org.springframework.test.context.jdbc.SqlScriptsTestExecutionListener, org.springframework.security.test.context.support.WithSecurityContextTestExecutionListener]
21:13:06.648 [main] INFO org.springframework.boot.test.context.SpringBootTestContextBootstrapper - Using TestExecutionListeners: [org.springframework.test.context.web.ServletTestExecutionListener@3012646b, org.springframework.test.context.support.DirtiesContextBeforeModesTestExecutionListener@4a883b15, org.springframework.boot.test.autoconfigure.SpringBootDependencyInjectionTestExecutionListener@25641d39, org.springframework.test.context.support.DirtiesContextTestExecutionListener@7b36aa0c, org.springframework.test.context.transaction.TransactionalTestExecutionListener@5824a83d, org.springframework.test.context.jdbc.SqlScriptsTestExecutionListener@537f60bf, org.springframework.security.test.context.support.WithSecurityContextTestExecutionListener@5677323c, org.springframework.boot.test.mock.mockito.MockitoTestExecutionListener@18df8434, org.springframework.boot.test.mock.mockito.ResetMocksTestExecutionListener@65c7a252, org.springframework.boot.test.autoconfigure.restdocs.RestDocsTestExecutionListener@4d154ccd, org.springframework.boot.test.autoconfigure.web.client.MockRestServiceServerResetTestExecutionListener@229c6181, org.springframework.boot.test.autoconfigure.web.servlet.MockMvcPrintOnlyOnFailureTestExecutionListener@4686afc2, org.springframework.boot.test.autoconfigure.web.servlet.WebDriverTestExecutionListener@1e0b4072]
21:13:06.649 [main] DEBUG org.springframework.test.context.junit4.SpringJUnit4ClassRunner - SpringJUnit4ClassRunner constructor called with [class edu.harvard.h2ms.web.init.H2MSRestAppInitializerTests]
21:13:06.650 [main] DEBUG org.springframework.test.context.BootstrapUtils - Instantiating CacheAwareContextLoaderDelegate from class [org.springframework.test.context.cache.DefaultCacheAwareContextLoaderDelegate]
21:13:06.651 [main] DEBUG org.springframework.test.context.BootstrapUtils - Instantiating BootstrapContext using constructor [public org.springframework.test.context.support.DefaultBootstrapContext(java.lang.Class,org.springframework.test.context.CacheAwareContextLoaderDelegate)]
21:13:06.652 [main] DEBUG org.springframework.test.context.BootstrapUtils - Instantiating TestContextBootstrapper for test class [edu.harvard.h2ms.web.init.H2MSRestAppInitializerTests] from class [org.springframework.boot.test.context.SpringBootTestContextBootstrapper]
21:13:06.653 [main] INFO org.springframework.boot.test.context.SpringBootTestContextBootstrapper - Neither @ContextConfiguration nor @ContextHierarchy found for test class [edu.harvard.h2ms.web.init.H2MSRestAppInitializerTests], using SpringBootContextLoader
21:13:06.655 [main] DEBUG org.springframework.test.context.support.AbstractContextLoader - Did not detect default resource location for test class [edu.harvard.h2ms.web.init.H2MSRestAppInitializerTests]: class path resource [edu/harvard/h2ms/web/init/H2MSRestAppInitializerTests-context.xml] does not exist
21:13:06.656 [main] DEBUG org.springframework.test.context.support.AbstractContextLoader - Did not detect default resource location for test class [edu.harvard.h2ms.web.init.H2MSRestAppInitializerTests]: class path resource [edu/harvard/h2ms/web/init/H2MSRestAppInitializerTestsContext.groovy] does not exist
21:13:06.656 [main] INFO org.springframework.test.context.support.AbstractContextLoader - Could not detect default resource locations for test class [edu.harvard.h2ms.web.init.H2MSRestAppInitializerTests]: no resource found for suffixes {-context.xml, Context.groovy}.
21:13:06.656 [main] INFO org.springframework.test.context.support.AnnotationConfigContextLoaderUtils - Could not detect default configuration classes for test class [edu.harvard.h2ms.web.init.H2MSRestAppInitializerTests]: H2MSRestAppInitializerTests does not declare any static, non-private, non-final, nested classes annotated with @Configuration.
21:13:06.664 [main] DEBUG org.springframework.test.context.support.ActiveProfilesUtils - Could not find an 'annotation declaring class' for annotation type [org.springframework.test.context.ActiveProfiles] and class [edu.harvard.h2ms.web.init.H2MSRestAppInitializerTests]
21:13:06.664 [main] DEBUG org.springframework.core.env.StandardEnvironment - Adding PropertySource 'systemProperties' with lowest search precedence
21:13:06.664 [main] DEBUG org.springframework.core.env.StandardEnvironment - Adding PropertySource 'systemEnvironment' with lowest search precedence
21:13:06.664 [main] DEBUG org.springframework.core.env.StandardEnvironment - Initialized StandardEnvironment with PropertySources [MapPropertySource@42544488 {name='systemProperties', properties={java.runtime.name=OpenJDK Runtime Environment, sun.boot.library.path=/usr/lib/jvm/java-1.8.0-openjdk-1.8.0.161-0.b14.fc27.x86_64/jre/lib/amd64, java.vm.version=25.161-b14, java.vm.vendor=Oracle Corporation, java.vendor.url=http://java.oracle.com/, path.separator=:, java.vm.name=OpenJDK 64-Bit Server VM, file.encoding.pkg=sun.io, user.country=US, sun.java.launcher=SUN_STANDARD, sun.os.patch.level=unknown, java.vm.specification.name=Java Virtual Machine Specification, user.dir=/home/stbenjam/git/h2ms, java.runtime.version=1.8.0_161-b14, basedir=/home/stbenjam/git/h2ms, java.awt.graphicsenv=sun.awt.X11GraphicsEnvironment, java.endorsed.dirs=/usr/lib/jvm/java-1.8.0-openjdk-1.8.0.161-0.b14.fc27.x86_64/jre/lib/endorsed, os.arch=amd64, surefire.real.class.path=/home/stbenjam/git/h2ms/target/surefire/surefirebooter4478042733021414321.jar, java.io.tmpdir=/tmp, line.separator=
, java.vm.specification.vendor=Oracle Corporation, os.name=Linux, sun.jnu.encoding=UTF-8, java.library.path=/usr/java/packages/lib/amd64:/usr/lib64:/lib64:/lib:/usr/lib, surefire.test.class.path=/home/stbenjam/git/h2ms/target/test-classes:/home/stbenjam/git/h2ms/target/classes:/home/stbenjam/.m2/repository/org/springframework/boot/spring-boot-starter-data-rest/1.5.10.RELEASE/spring-boot-starter-data-rest-1.5.10.RELEASE.jar:/home/stbenjam/.m2/repository/org/springframework/boot/spring-boot-starter/1.5.10.RELEASE/spring-boot-starter-1.5.10.RELEASE.jar:/home/stbenjam/.m2/repository/org/springframework/boot/spring-boot/1.5.10.RELEASE/spring-boot-1.5.10.RELEASE.jar:/home/stbenjam/.m2/repository/org/springframework/boot/spring-boot-autoconfigure/1.5.10.RELEASE/spring-boot-autoconfigure-1.5.10.RELEASE.jar:/home/stbenjam/.m2/repository/org/springframework/boot/spring-boot-starter-logging/1.5.10.RELEASE/spring-boot-starter-logging-1.5.10.RELEASE.jar:/home/stbenjam/.m2/repository/ch/qos/logback/logback-classic/1.1.11/logback-classic-1.1.11.jar:/home/stbenjam/.m2/repository/ch/qos/logback/logback-core/1.1.11/logback-core-1.1.11.jar:/home/stbenjam/.m2/repository/org/slf4j/jul-to-slf4j/1.7.25/jul-to-slf4j-1.7.25.jar:/home/stbenjam/.m2/repository/org/slf4j/log4j-over-slf4j/1.7.25/log4j-over-slf4j-1.7.25.jar:/home/stbenjam/.m2/repository/org/yaml/snakeyaml/1.17/snakeyaml-1.17.jar:/home/stbenjam/.m2/repository/com/fasterxml/jackson/core/jackson-annotations/2.8.0/jackson-annotations-2.8.0.jar:/home/stbenjam/.m2/repository/org/springframework/data/spring-data-rest-webmvc/2.6.10.RELEASE/spring-data-rest-webmvc-2.6.10.RELEASE.jar:/home/stbenjam/.m2/repository/org/springframework/data/spring-data-rest-core/2.6.10.RELEASE/spring-data-rest-core-2.6.10.RELEASE.jar:/home/stbenjam/.m2/repository/org/atteo/evo-inflector/1.2.2/evo-inflector-1.2.2.jar:/home/stbenjam/.m2/repository/org/slf4j/jcl-over-slf4j/1.7.25/jcl-over-slf4j-1.7.25.jar:/home/stbenjam/.m2/repository/org/springframework/boot/spring-boot-starter-web/1.5.10.RELEASE/spring-boot-starter-web-1.5.10.RELEASE.jar:/home/stbenjam/.m2/repository/org/springframework/boot/spring-boot-starter-tomcat/1.5.10.RELEASE/spring-boot-starter-tomcat-1.5.10.RELEASE.jar:/home/stbenjam/.m2/repository/org/apache/tomcat/embed/tomcat-embed-core/8.5.27/tomcat-embed-core-8.5.27.jar:/home/stbenjam/.m2/repository/org/apache/tomcat/tomcat-annotations-api/8.5.27/tomcat-annotations-api-8.5.27.jar:/home/stbenjam/.m2/repository/org/apache/tomcat/embed/tomcat-embed-el/8.5.27/tomcat-embed-el-8.5.27.jar:/home/stbenjam/.m2/repository/org/apache/tomcat/embed/tomcat-embed-websocket/8.5.27/tomcat-embed-websocket-8.5.27.jar:/home/stbenjam/.m2/repository/org/hibernate/hibernate-validator/5.3.6.Final/hibernate-validator-5.3.6.Final.jar:/home/stbenjam/.m2/repository/javax/validation/validation-api/1.1.0.Final/validation-api-1.1.0.Final.jar:/home/stbenjam/.m2/repository/org/jboss/logging/jboss-logging/3.3.1.Final/jboss-logging-3.3.1.Final.jar:/home/stbenjam/.m2/repository/org/springframework/spring-web/4.3.14.RELEASE/spring-web-4.3.14.RELEASE.jar:/home/stbenjam/.m2/repository/org/springframework/spring-webmvc/4.3.14.RELEASE/spring-webmvc-4.3.14.RELEASE.jar:/home/stbenjam/.m2/repository/org/springframework/spring-expression/4.3.14.RELEASE/spring-expression-4.3.14.RELEASE.jar:/home/stbenjam/.m2/repository/org/springframework/boot/spring-boot-starter-thymeleaf/1.5.10.RELEASE/spring-boot-starter-thymeleaf-1.5.10.RELEASE.jar:/home/stbenjam/.m2/repository/org/thymeleaf/thymeleaf-spring4/2.1.6.RELEASE/thymeleaf-spring4-2.1.6.RELEASE.jar:/home/stbenjam/.m2/repository/org/thymeleaf/thymeleaf/2.1.6.RELEASE/thymeleaf-2.1.6.RELEASE.jar:/home/stbenjam/.m2/repository/ognl/ognl/3.0.8/ognl-3.0.8.jar:/home/stbenjam/.m2/repository/org/unbescape/unbescape/1.1.0.RELEASE/unbescape-1.1.0.RELEASE.jar:/home/stbenjam/.m2/repository/nz/net/ultraq/thymeleaf/thymeleaf-layout-dialect/1.4.0/thymeleaf-layout-dialect-1.4.0.jar:/home/stbenjam/.m2/repository/org/codehaus/groovy/groovy/2.4.13/groovy-2.4.13.jar:/home/stbenjam/.m2/repository/org/springframework/boot/spring-boot-starter-test/1.5.10.RELEASE/spring-boot-starter-test-1.5.10.RELEASE.jar:/home/stbenjam/.m2/repository/org/springframework/boot/spring-boot-test/1.5.10.RELEASE/spring-boot-test-1.5.10.RELEASE.jar:/home/stbenjam/.m2/repository/org/springframework/boot/spring-boot-test-autoconfigure/1.5.10.RELEASE/spring-boot-test-autoconfigure-1.5.10.RELEASE.jar:/home/stbenjam/.m2/repository/com/jayway/jsonpath/json-path/2.2.0/json-path-2.2.0.jar:/home/stbenjam/.m2/repository/net/minidev/json-smart/2.2.1/json-smart-2.2.1.jar:/home/stbenjam/.m2/repository/net/minidev/accessors-smart/1.1/accessors-smart-1.1.jar:/home/stbenjam/.m2/repository/org/ow2/asm/asm/5.0.3/asm-5.0.3.jar:/home/stbenjam/.m2/repository/junit/junit/4.12/junit-4.12.jar:/home/stbenjam/.m2/repository/org/assertj/assertj-core/2.6.0/assertj-core-2.6.0.jar:/home/stbenjam/.m2/repository/org/mockito/mockito-core/1.10.19/mockito-core-1.10.19.jar:/home/stbenjam/.m2/repository/org/objenesis/objenesis/2.1/objenesis-2.1.jar:/home/stbenjam/.m2/repository/org/hamcrest/hamcrest-core/1.3/hamcrest-core-1.3.jar:/home/stbenjam/.m2/repository/org/hamcrest/hamcrest-library/1.3/hamcrest-library-1.3.jar:/home/stbenjam/.m2/repository/org/skyscreamer/jsonassert/1.4.0/jsonassert-1.4.0.jar:/home/stbenjam/.m2/repository/org/springframework/spring-core/4.3.14.RELEASE/spring-core-4.3.14.RELEASE.jar:/home/stbenjam/.m2/repository/org/springframework/spring-test/4.3.14.RELEASE/spring-test-4.3.14.RELEASE.jar:/home/stbenjam/.m2/repository/org/springframework/restdocs/spring-restdocs-mockmvc/1.1.3.RELEASE/spring-restdocs-mockmvc-1.1.3.RELEASE.jar:/home/stbenjam/.m2/repository/org/springframework/restdocs/spring-restdocs-core/1.1.3.RELEASE/spring-restdocs-core-1.1.3.RELEASE.jar:/home/stbenjam/.m2/repository/javax/servlet/javax.servlet-api/3.1.0/javax.servlet-api-3.1.0.jar:/home/stbenjam/.m2/repository/org/springframework/boot/spring-boot-starter-data-jpa/1.5.10.RELEASE/spring-boot-starter-data-jpa-1.5.10.RELEASE.jar:/home/stbenjam/.m2/repository/org/springframework/boot/spring-boot-starter-aop/1.5.10.RELEASE/spring-boot-starter-aop-1.5.10.RELEASE.jar:/home/stbenjam/.m2/repository/org/aspectj/aspectjweaver/1.8.13/aspectjweaver-1.8.13.jar:/home/stbenjam/.m2/repository/org/springframework/boot/spring-boot-starter-jdbc/1.5.10.RELEASE/spring-boot-starter-jdbc-1.5.10.RELEASE.jar:/home/stbenjam/.m2/repository/org/apache/tomcat/tomcat-jdbc/8.5.27/tomcat-jdbc-8.5.27.jar:/home/stbenjam/.m2/repository/org/apache/tomcat/tomcat-juli/8.5.27/tomcat-juli-8.5.27.jar:/home/stbenjam/.m2/repository/org/springframework/spring-jdbc/4.3.14.RELEASE/spring-jdbc-4.3.14.RELEASE.jar:/home/stbenjam/.m2/repository/org/hibernate/hibernate-core/5.0.12.Final/hibernate-core-5.0.12.Final.jar:/home/stbenjam/.m2/repository/org/hibernate/javax/persistence/hibernate-jpa-2.1-api/1.0.0.Final/hibernate-jpa-2.1-api-1.0.0.Final.jar:/home/stbenjam/.m2/repository/org/javassist/javassist/3.21.0-GA/javassist-3.21.0-GA.jar:/home/stbenjam/.m2/repository/antlr/antlr/2.7.7/antlr-2.7.7.jar:/home/stbenjam/.m2/repository/org/jboss/jandex/2.0.0.Final/jandex-2.0.0.Final.jar:/home/stbenjam/.m2/repository/dom4j/dom4j/1.6.1/dom4j-1.6.1.jar:/home/stbenjam/.m2/repository/org/hibernate/common/hibernate-commons-annotations/5.0.1.Final/hibernate-commons-annotations-5.0.1.Final.jar:/home/stbenjam/.m2/repository/org/hibernate/hibernate-entitymanager/5.0.12.Final/hibernate-entitymanager-5.0.12.Final.jar:/home/stbenjam/.m2/repository/javax/transaction/javax.transaction-api/1.2/javax.transaction-api-1.2.jar:/home/stbenjam/.m2/repository/org/springframework/data/spring-data-jpa/1.11.10.RELEASE/spring-data-jpa-1.11.10.RELEASE.jar:/home/stbenjam/.m2/repository/org/springframework/data/spring-data-commons/1.13.10.RELEASE/spring-data-commons-1.13.10.RELEASE.jar:/home/stbenjam/.m2/repository/org/springframework/spring-orm/4.3.14.RELEASE/spring-orm-4.3.14.RELEASE.jar:/home/stbenjam/.m2/repository/org/springframework/spring-tx/4.3.14.RELEASE/spring-tx-4.3.14.RELEASE.jar:/home/stbenjam/.m2/repository/org/springframework/spring-aspects/4.3.14.RELEASE/spring-aspects-4.3.14.RELEASE.jar:/home/stbenjam/.m2/repository/com/h2database/h2/1.4.196/h2-1.4.196.jar:/home/stbenjam/.m2/repository/org/postgresql/postgresql/9.4-1206-jdbc42/postgresql-9.4-1206-jdbc42.jar:/home/stbenjam/.m2/repository/log4j/log4j/1.2.17/log4j-1.2.17.jar:/home/stbenjam/.m2/repository/com/google/guava/guava/19.0/guava-19.0.jar:/home/stbenjam/.m2/repository/javax/mail/mail/1.4/mail-1.4.jar:/home/stbenjam/.m2/repository/javax/activation/activation/1.1/activation-1.1.jar:/home/stbenjam/.m2/repository/org/springframework/boot/spring-boot-starter-security/1.5.10.RELEASE/spring-boot-starter-security-1.5.10.RELEASE.jar:/home/stbenjam/.m2/repository/org/springframework/spring-aop/4.3.14.RELEASE/spring-aop-4.3.14.RELEASE.jar:/home/stbenjam/.m2/repository/org/springframework/security/spring-security-config/4.2.4.RELEASE/spring-security-config-4.2.4.RELEASE.jar:/home/stbenjam/.m2/repository/org/springframework/security/spring-security-web/4.2.4.RELEASE/spring-security-web-4.2.4.RELEASE.jar:/home/stbenjam/.m2/repository/org/springframework/boot/spring-boot-starter-mail/1.4.3.RELEASE/spring-boot-starter-mail-1.4.3.RELEASE.jar:/home/stbenjam/.m2/repository/org/springframework/spring-context/4.3.14.RELEASE/spring-context-4.3.14.RELEASE.jar:/home/stbenjam/.m2/repository/com/sun/mail/javax.mail/1.5.6/javax.mail-1.5.6.jar:/home/stbenjam/.m2/repository/com/icegreen/greenmail/1.5.5/greenmail-1.5.5.jar:/home/stbenjam/.m2/repository/org/slf4j/slf4j-api/1.7.25/slf4j-api-1.7.25.jar:/home/stbenjam/.m2/repository/org/springframework/security/spring-security-test/4.2.4.RELEASE/spring-security-test-4.2.4.RELEASE.jar:/home/stbenjam/.m2/repository/org/springframework/security/spring-security-core/4.2.4.RELEASE/spring-security-core-4.2.4.RELEASE.jar:/home/stbenjam/.m2/repository/aopalliance/aopalliance/1.0/aopalliance-1.0.jar:/home/stbenjam/.m2/repository/org/springframework/security/oauth/spring-security-oauth2/2.0.14.RELEASE/spring-security-oauth2-2.0.14.RELEASE.jar:/home/stbenjam/.m2/repository/org/springframework/spring-beans/4.3.14.RELEASE/spring-beans-4.3.14.RELEASE.jar:/home/stbenjam/.m2/repository/commons-codec/commons-codec/1.10/commons-codec-1.10.jar:/home/stbenjam/.m2/repository/org/codehaus/jackson/jackson-mapper-asl/1.9.13/jackson-mapper-asl-1.9.13.jar:/home/stbenjam/.m2/repository/org/codehaus/jackson/jackson-core-asl/1.9.13/jackson-core-asl-1.9.13.jar:/home/stbenjam/.m2/repository/io/springfox/springfox-swagger2/2.8.0/springfox-swagger2-2.8.0.jar:/home/stbenjam/.m2/repository/io/swagger/swagger-annotations/1.5.14/swagger-annotations-1.5.14.jar:/home/stbenjam/.m2/repository/io/swagger/swagger-models/1.5.14/swagger-models-1.5.14.jar:/home/stbenjam/.m2/repository/io/springfox/springfox-spi/2.8.0/springfox-spi-2.8.0.jar:/home/stbenjam/.m2/repository/io/springfox/springfox-core/2.8.0/springfox-core-2.8.0.jar:/home/stbenjam/.m2/repository/net/bytebuddy/byte-buddy/1.7.9/byte-buddy-1.7.9.jar:/home/stbenjam/.m2/repository/io/springfox/springfox-schema/2.8.0/springfox-schema-2.8.0.jar:/home/stbenjam/.m2/repository/io/springfox/springfox-swagger-common/2.8.0/springfox-swagger-common-2.8.0.jar:/home/stbenjam/.m2/repository/io/springfox/springfox-spring-web/2.8.0/springfox-spring-web-2.8.0.jar:/home/stbenjam/.m2/repository/org/reflections/reflections/0.9.11/reflections-0.9.11.jar:/home/stbenjam/.m2/repository/com/fasterxml/classmate/1.3.4/classmate-1.3.4.jar:/home/stbenjam/.m2/repository/org/springframework/plugin/spring-plugin-core/1.2.0.RELEASE/spring-plugin-core-1.2.0.RELEASE.jar:/home/stbenjam/.m2/repository/org/springframework/plugin/spring-plugin-metadata/1.2.0.RELEASE/spring-plugin-metadata-1.2.0.RELEASE.jar:/home/stbenjam/.m2/repository/org/mapstruct/mapstruct/1.2.0.Final/mapstruct-1.2.0.Final.jar:/home/stbenjam/.m2/repository/io/springfox/springfox-swagger-ui/2.8.0/springfox-swagger-ui-2.8.0.jar:/home/stbenjam/.m2/repository/io/springfox/springfox-data-rest/2.8.0/springfox-data-rest-2.8.0.jar:/home/stbenjam/.m2/repository/org/springframework/hateoas/spring-hateoas/0.23.0.RELEASE/spring-hateoas-0.23.0.RELEASE.jar:/home/stbenjam/.m2/repository/org/usb4java/usb4java-javax/1.2.0/usb4java-javax-1.2.0.jar:/home/stbenjam/.m2/repository/javax/usb/usb-api/1.0.2/usb-api-1.0.2.jar:/home/stbenjam/.m2/repository/org/apache/commons/commons-lang3/3.2.1/commons-lang3-3.2.1.jar:/home/stbenjam/.m2/repository/org/usb4java/usb4java/1.2.0/usb4java-1.2.0.jar:/home/stbenjam/.m2/repository/org/usb4java/libusb4java/1.2.0/libusb4java-1.2.0-linux-x86.jar:/home/stbenjam/.m2/repository/org/usb4java/libusb4java/1.2.0/libusb4java-1.2.0-linux-x86_64.jar:/home/stbenjam/.m2/repository/org/usb4java/libusb4java/1.2.0/libusb4java-1.2.0-linux-arm.jar:/home/stbenjam/.m2/repository/org/usb4java/libusb4java/1.2.0/libusb4java-1.2.0-windows-x86.jar:/home/stbenjam/.m2/repository/org/usb4java/libusb4java/1.2.0/libusb4java-1.2.0-windows-x86_64.jar:/home/stbenjam/.m2/repository/org/usb4java/libusb4java/1.2.0/libusb4java-1.2.0-osx-x86.jar:/home/stbenjam/.m2/repository/org/usb4java/libusb4java/1.2.0/libusb4java-1.2.0-osx-x86_64.jar:/home/stbenjam/.m2/repository/org/mockito/mockito-all/1.9.5/mockito-all-1.9.5.jar:/home/stbenjam/.m2/repository/com/fasterxml/jackson/core/jackson-databind/2.5.0/jackson-databind-2.5.0.jar:/home/stbenjam/.m2/repository/com/fasterxml/jackson/core/jackson-core/2.8.10/jackson-core-2.8.10.jar:/home/stbenjam/.m2/repository/com/vaadin/external/google/android-json/0.0.20131108.vaadin1/android-json-0.0.20131108.vaadin1.jar:/home/stbenjam/.m2/repository/com/tngtech/java/junit-dataprovider/1.13.1/junit-dataprovider-1.13.1.jar:/home/stbenjam/.m2/repository/org/springframework/spring-context-support/3.2.0.RELEASE/spring-context-support-3.2.0.RELEASE.jar:, java.specification.name=Java Platform API Specification, java.class.version=52.0, sun.management.compiler=HotSpot 64-Bit Tiered Compilers, os.version=4.14.14-300.fc27.x86_64, user.home=/home/stbenjam, user.timezone=America/New_York, java.awt.printerjob=sun.print.PSPrinterJob, file.encoding=UTF-8, java.specification.version=1.8, java.class.path=/home/stbenjam/git/h2ms/target/test-classes:/home/stbenjam/git/h2ms/target/classes:/home/stbenjam/.m2/repository/org/springframework/boot/spring-boot-starter-data-rest/1.5.10.RELEASE/spring-boot-starter-data-rest-1.5.10.RELEASE.jar:/home/stbenjam/.m2/repository/org/springframework/boot/spring-boot-starter/1.5.10.RELEASE/spring-boot-starter-1.5.10.RELEASE.jar:/home/stbenjam/.m2/repository/org/springframework/boot/spring-boot/1.5.10.RELEASE/spring-boot-1.5.10.RELEASE.jar:/home/stbenjam/.m2/repository/org/springframework/boot/spring-boot-autoconfigure/1.5.10.RELEASE/spring-boot-autoconfigure-1.5.10.RELEASE.jar:/home/stbenjam/.m2/repository/org/springframework/boot/spring-boot-starter-logging/1.5.10.RELEASE/spring-boot-starter-logging-1.5.10.RELEASE.jar:/home/stbenjam/.m2/repository/ch/qos/logback/logback-classic/1.1.11/logback-classic-1.1.11.jar:/home/stbenjam/.m2/repository/ch/qos/logback/logback-core/1.1.11/logback-core-1.1.11.jar:/home/stbenjam/.m2/repository/org/slf4j/jul-to-slf4j/1.7.25/jul-to-slf4j-1.7.25.jar:/home/stbenjam/.m2/repository/org/slf4j/log4j-over-slf4j/1.7.25/log4j-over-slf4j-1.7.25.jar:/home/stbenjam/.m2/repository/org/yaml/snakeyaml/1.17/snakeyaml-1.17.jar:/home/stbenjam/.m2/repository/com/fasterxml/jackson/core/jackson-annotations/2.8.0/jackson-annotations-2.8.0.jar:/home/stbenjam/.m2/repository/org/springframework/data/spring-data-rest-webmvc/2.6.10.RELEASE/spring-data-rest-webmvc-2.6.10.RELEASE.jar:/home/stbenjam/.m2/repository/org/springframework/data/spring-data-rest-core/2.6.10.RELEASE/spring-data-rest-core-2.6.10.RELEASE.jar:/home/stbenjam/.m2/repository/org/atteo/evo-inflector/1.2.2/evo-inflector-1.2.2.jar:/home/stbenjam/.m2/repository/org/slf4j/jcl-over-slf4j/1.7.25/jcl-over-slf4j-1.7.25.jar:/home/stbenjam/.m2/repository/org/springframework/boot/spring-boot-starter-web/1.5.10.RELEASE/spring-boot-starter-web-1.5.10.RELEASE.jar:/home/stbenjam/.m2/repository/org/springframework/boot/spring-boot-starter-tomcat/1.5.10.RELEASE/spring-boot-starter-tomcat-1.5.10.RELEASE.jar:/home/stbenjam/.m2/repository/org/apache/tomcat/embed/tomcat-embed-core/8.5.27/tomcat-embed-core-8.5.27.jar:/home/stbenjam/.m2/repository/org/apache/tomcat/tomcat-annotations-api/8.5.27/tomcat-annotations-api-8.5.27.jar:/home/stbenjam/.m2/repository/org/apache/tomcat/embed/tomcat-embed-el/8.5.27/tomcat-embed-el-8.5.27.jar:/home/stbenjam/.m2/repository/org/apache/tomcat/embed/tomcat-embed-websocket/8.5.27/tomcat-embed-websocket-8.5.27.jar:/home/stbenjam/.m2/repository/org/hibernate/hibernate-validator/5.3.6.Final/hibernate-validator-5.3.6.Final.jar:/home/stbenjam/.m2/repository/javax/validation/validation-api/1.1.0.Final/validation-api-1.1.0.Final.jar:/home/stbenjam/.m2/repository/org/jboss/logging/jboss-logging/3.3.1.Final/jboss-logging-3.3.1.Final.jar:/home/stbenjam/.m2/repository/org/springframework/spring-web/4.3.14.RELEASE/spring-web-4.3.14.RELEASE.jar:/home/stbenjam/.m2/repository/org/springframework/spring-webmvc/4.3.14.RELEASE/spring-webmvc-4.3.14.RELEASE.jar:/home/stbenjam/.m2/repository/org/springframework/spring-expression/4.3.14.RELEASE/spring-expression-4.3.14.RELEASE.jar:/home/stbenjam/.m2/repository/org/springframework/boot/spring-boot-starter-thymeleaf/1.5.10.RELEASE/spring-boot-starter-thymeleaf-1.5.10.RELEASE.jar:/home/stbenjam/.m2/repository/org/thymeleaf/thymeleaf-spring4/2.1.6.RELEASE/thymeleaf-spring4-2.1.6.RELEASE.jar:/home/stbenjam/.m2/repository/org/thymeleaf/thymeleaf/2.1.6.RELEASE/thymeleaf-2.1.6.RELEASE.jar:/home/stbenjam/.m2/repository/ognl/ognl/3.0.8/ognl-3.0.8.jar:/home/stbenjam/.m2/repository/org/unbescape/unbescape/1.1.0.RELEASE/unbescape-1.1.0.RELEASE.jar:/home/stbenjam/.m2/repository/nz/net/ultraq/thymeleaf/thymeleaf-layout-dialect/1.4.0/thymeleaf-layout-dialect-1.4.0.jar:/home/stbenjam/.m2/repository/org/codehaus/groovy/groovy/2.4.13/groovy-2.4.13.jar:/home/stbenjam/.m2/repository/org/springframework/boot/spring-boot-starter-test/1.5.10.RELEASE/spring-boot-starter-test-1.5.10.RELEASE.jar:/home/stbenjam/.m2/repository/org/springframework/boot/spring-boot-test/1.5.10.RELEASE/spring-boot-test-1.5.10.RELEASE.jar:/home/stbenjam/.m2/repository/org/springframework/boot/spring-boot-test-autoconfigure/1.5.10.RELEASE/spring-boot-test-autoconfigure-1.5.10.RELEASE.jar:/home/stbenjam/.m2/repository/com/jayway/jsonpath/json-path/2.2.0/json-path-2.2.0.jar:/home/stbenjam/.m2/repository/net/minidev/json-smart/2.2.1/json-smart-2.2.1.jar:/home/stbenjam/.m2/repository/net/minidev/accessors-smart/1.1/accessors-smart-1.1.jar:/home/stbenjam/.m2/repository/org/ow2/asm/asm/5.0.3/asm-5.0.3.jar:/home/stbenjam/.m2/repository/junit/junit/4.12/junit-4.12.jar:/home/stbenjam/.m2/repository/org/assertj/assertj-core/2.6.0/assertj-core-2.6.0.jar:/home/stbenjam/.m2/repository/org/mockito/mockito-core/1.10.19/mockito-core-1.10.19.jar:/home/stbenjam/.m2/repository/org/objenesis/objenesis/2.1/objenesis-2.1.jar:/home/stbenjam/.m2/repository/org/hamcrest/hamcrest-core/1.3/hamcrest-core-1.3.jar:/home/stbenjam/.m2/repository/org/hamcrest/hamcrest-library/1.3/hamcrest-library-1.3.jar:/home/stbenjam/.m2/repository/org/skyscreamer/jsonassert/1.4.0/jsonassert-1.4.0.jar:/home/stbenjam/.m2/repository/org/springframework/spring-core/4.3.14.RELEASE/spring-core-4.3.14.RELEASE.jar:/home/stbenjam/.m2/repository/org/springframework/spring-test/4.3.14.RELEASE/spring-test-4.3.14.RELEASE.jar:/home/stbenjam/.m2/repository/org/springframework/restdocs/spring-restdocs-mockmvc/1.1.3.RELEASE/spring-restdocs-mockmvc-1.1.3.RELEASE.jar:/home/stbenjam/.m2/repository/org/springframework/restdocs/spring-restdocs-core/1.1.3.RELEASE/spring-restdocs-core-1.1.3.RELEASE.jar:/home/stbenjam/.m2/repository/javax/servlet/javax.servlet-api/3.1.0/javax.servlet-api-3.1.0.jar:/home/stbenjam/.m2/repository/org/springframework/boot/spring-boot-starter-data-jpa/1.5.10.RELEASE/spring-boot-starter-data-jpa-1.5.10.RELEASE.jar:/home/stbenjam/.m2/repository/org/springframework/boot/spring-boot-starter-aop/1.5.10.RELEASE/spring-boot-starter-aop-1.5.10.RELEASE.jar:/home/stbenjam/.m2/repository/org/aspectj/aspectjweaver/1.8.13/aspectjweaver-1.8.13.jar:/home/stbenjam/.m2/repository/org/springframework/boot/spring-boot-starter-jdbc/1.5.10.RELEASE/spring-boot-starter-jdbc-1.5.10.RELEASE.jar:/home/stbenjam/.m2/repository/org/apache/tomcat/tomcat-jdbc/8.5.27/tomcat-jdbc-8.5.27.jar:/home/stbenjam/.m2/repository/org/apache/tomcat/tomcat-juli/8.5.27/tomcat-juli-8.5.27.jar:/home/stbenjam/.m2/repository/org/springframework/spring-jdbc/4.3.14.RELEASE/spring-jdbc-4.3.14.RELEASE.jar:/home/stbenjam/.m2/repository/org/hibernate/hibernate-core/5.0.12.Final/hibernate-core-5.0.12.Final.jar:/home/stbenjam/.m2/repository/org/hibernate/javax/persistence/hibernate-jpa-2.1-api/1.0.0.Final/hibernate-jpa-2.1-api-1.0.0.Final.jar:/home/stbenjam/.m2/repository/org/javassist/javassist/3.21.0-GA/javassist-3.21.0-GA.jar:/home/stbenjam/.m2/repository/antlr/antlr/2.7.7/antlr-2.7.7.jar:/home/stbenjam/.m2/repository/org/jboss/jandex/2.0.0.Final/jandex-2.0.0.Final.jar:/home/stbenjam/.m2/repository/dom4j/dom4j/1.6.1/dom4j-1.6.1.jar:/home/stbenjam/.m2/repository/org/hibernate/common/hibernate-commons-annotations/5.0.1.Final/hibernate-commons-annotations-5.0.1.Final.jar:/home/stbenjam/.m2/repository/org/hibernate/hibernate-entitymanager/5.0.12.Final/hibernate-entitymanager-5.0.12.Final.jar:/home/stbenjam/.m2/repository/javax/transaction/javax.transaction-api/1.2/javax.transaction-api-1.2.jar:/home/stbenjam/.m2/repository/org/springframework/data/spring-data-jpa/1.11.10.RELEASE/spring-data-jpa-1.11.10.RELEASE.jar:/home/stbenjam/.m2/repository/org/springframework/data/spring-data-commons/1.13.10.RELEASE/spring-data-commons-1.13.10.RELEASE.jar:/home/stbenjam/.m2/repository/org/springframework/spring-orm/4.3.14.RELEASE/spring-orm-4.3.14.RELEASE.jar:/home/stbenjam/.m2/repository/org/springframework/spring-tx/4.3.14.RELEASE/spring-tx-4.3.14.RELEASE.jar:/home/stbenjam/.m2/repository/org/springframework/spring-aspects/4.3.14.RELEASE/spring-aspects-4.3.14.RELEASE.jar:/home/stbenjam/.m2/repository/com/h2database/h2/1.4.196/h2-1.4.196.jar:/home/stbenjam/.m2/repository/org/postgresql/postgresql/9.4-1206-jdbc42/postgresql-9.4-1206-jdbc42.jar:/home/stbenjam/.m2/repository/log4j/log4j/1.2.17/log4j-1.2.17.jar:/home/stbenjam/.m2/repository/com/google/guava/guava/19.0/guava-19.0.jar:/home/stbenjam/.m2/repository/javax/mail/mail/1.4/mail-1.4.jar:/home/stbenjam/.m2/repository/javax/activation/activation/1.1/activation-1.1.jar:/home/stbenjam/.m2/repository/org/springframework/boot/spring-boot-starter-security/1.5.10.RELEASE/spring-boot-starter-security-1.5.10.RELEASE.jar:/home/stbenjam/.m2/repository/org/springframework/spring-aop/4.3.14.RELEASE/spring-aop-4.3.14.RELEASE.jar:/home/stbenjam/.m2/repository/org/springframework/security/spring-security-config/4.2.4.RELEASE/spring-security-config-4.2.4.RELEASE.jar:/home/stbenjam/.m2/repository/org/springframework/security/spring-security-web/4.2.4.RELEASE/spring-security-web-4.2.4.RELEASE.jar:/home/stbenjam/.m2/repository/org/springframework/boot/spring-boot-starter-mail/1.4.3.RELEASE/spring-boot-starter-mail-1.4.3.RELEASE.jar:/home/stbenjam/.m2/repository/org/springframework/spring-context/4.3.14.RELEASE/spring-context-4.3.14.RELEASE.jar:/home/stbenjam/.m2/repository/com/sun/mail/javax.mail/1.5.6/javax.mail-1.5.6.jar:/home/stbenjam/.m2/repository/com/icegreen/greenmail/1.5.5/greenmail-1.5.5.jar:/home/stbenjam/.m2/repository/org/slf4j/slf4j-api/1.7.25/slf4j-api-1.7.25.jar:/home/stbenjam/.m2/repository/org/springframework/security/spring-security-test/4.2.4.RELEASE/spring-security-test-4.2.4.RELEASE.jar:/home/stbenjam/.m2/repository/org/springframework/security/spring-security-core/4.2.4.RELEASE/spring-security-core-4.2.4.RELEASE.jar:/home/stbenjam/.m2/repository/aopalliance/aopalliance/1.0/aopalliance-1.0.jar:/home/stbenjam/.m2/repository/org/springframework/security/oauth/spring-security-oauth2/2.0.14.RELEASE/spring-security-oauth2-2.0.14.RELEASE.jar:/home/stbenjam/.m2/repository/org/springframework/spring-beans/4.3.14.RELEASE/spring-beans-4.3.14.RELEASE.jar:/home/stbenjam/.m2/repository/commons-codec/commons-codec/1.10/commons-codec-1.10.jar:/home/stbenjam/.m2/repository/org/codehaus/jackson/jackson-mapper-asl/1.9.13/jackson-mapper-asl-1.9.13.jar:/home/stbenjam/.m2/repository/org/codehaus/jackson/jackson-core-asl/1.9.13/jackson-core-asl-1.9.13.jar:/home/stbenjam/.m2/repository/io/springfox/springfox-swagger2/2.8.0/springfox-swagger2-2.8.0.jar:/home/stbenjam/.m2/repository/io/swagger/swagger-annotations/1.5.14/swagger-annotations-1.5.14.jar:/home/stbenjam/.m2/repository/io/swagger/swagger-models/1.5.14/swagger-models-1.5.14.jar:/home/stbenjam/.m2/repository/io/springfox/springfox-spi/2.8.0/springfox-spi-2.8.0.jar:/home/stbenjam/.m2/repository/io/springfox/springfox-core/2.8.0/springfox-core-2.8.0.jar:/home/stbenjam/.m2/repository/net/bytebuddy/byte-buddy/1.7.9/byte-buddy-1.7.9.jar:/home/stbenjam/.m2/repository/io/springfox/springfox-schema/2.8.0/springfox-schema-2.8.0.jar:/home/stbenjam/.m2/repository/io/springfox/springfox-swagger-common/2.8.0/springfox-swagger-common-2.8.0.jar:/home/stbenjam/.m2/repository/io/springfox/springfox-spring-web/2.8.0/springfox-spring-web-2.8.0.jar:/home/stbenjam/.m2/repository/org/reflections/reflections/0.9.11/reflections-0.9.11.jar:/home/stbenjam/.m2/repository/com/fasterxml/classmate/1.3.4/classmate-1.3.4.jar:/home/stbenjam/.m2/repository/org/springframework/plugin/spring-plugin-core/1.2.0.RELEASE/spring-plugin-core-1.2.0.RELEASE.jar:/home/stbenjam/.m2/repository/org/springframework/plugin/spring-plugin-metadata/1.2.0.RELEASE/spring-plugin-metadata-1.2.0.RELEASE.jar:/home/stbenjam/.m2/repository/org/mapstruct/mapstruct/1.2.0.Final/mapstruct-1.2.0.Final.jar:/home/stbenjam/.m2/repository/io/springfox/springfox-swagger-ui/2.8.0/springfox-swagger-ui-2.8.0.jar:/home/stbenjam/.m2/repository/io/springfox/springfox-data-rest/2.8.0/springfox-data-rest-2.8.0.jar:/home/stbenjam/.m2/repository/org/springframework/hateoas/spring-hateoas/0.23.0.RELEASE/spring-hateoas-0.23.0.RELEASE.jar:/home/stbenjam/.m2/repository/org/usb4java/usb4java-javax/1.2.0/usb4java-javax-1.2.0.jar:/home/stbenjam/.m2/repository/javax/usb/usb-api/1.0.2/usb-api-1.0.2.jar:/home/stbenjam/.m2/repository/org/apache/commons/commons-lang3/3.2.1/commons-lang3-3.2.1.jar:/home/stbenjam/.m2/repository/org/usb4java/usb4java/1.2.0/usb4java-1.2.0.jar:/home/stbenjam/.m2/repository/org/usb4java/libusb4java/1.2.0/libusb4java-1.2.0-linux-x86.jar:/home/stbenjam/.m2/repository/org/usb4java/libusb4java/1.2.0/libusb4java-1.2.0-linux-x86_64.jar:/home/stbenjam/.m2/repository/org/usb4java/libusb4java/1.2.0/libusb4java-1.2.0-linux-arm.jar:/home/stbenjam/.m2/repository/org/usb4java/libusb4java/1.2.0/libusb4java-1.2.0-windows-x86.jar:/home/stbenjam/.m2/repository/org/usb4java/libusb4java/1.2.0/libusb4java-1.2.0-windows-x86_64.jar:/home/stbenjam/.m2/repository/org/usb4java/libusb4java/1.2.0/libusb4java-1.2.0-osx-x86.jar:/home/stbenjam/.m2/repository/org/usb4java/libusb4java/1.2.0/libusb4java-1.2.0-osx-x86_64.jar:/home/stbenjam/.m2/repository/org/mockito/mockito-all/1.9.5/mockito-all-1.9.5.jar:/home/stbenjam/.m2/repository/com/fasterxml/jackson/core/jackson-databind/2.5.0/jackson-databind-2.5.0.jar:/home/stbenjam/.m2/repository/com/fasterxml/jackson/core/jackson-core/2.8.10/jackson-core-2.8.10.jar:/home/stbenjam/.m2/repository/com/vaadin/external/google/android-json/0.0.20131108.vaadin1/android-json-0.0.20131108.vaadin1.jar:/home/stbenjam/.m2/repository/com/tngtech/java/junit-dataprovider/1.13.1/junit-dataprovider-1.13.1.jar:/home/stbenjam/.m2/repository/org/springframework/spring-context-support/3.2.0.RELEASE/spring-context-support-3.2.0.RELEASE.jar:, user.name=stbenjam, java.vm.specification.version=1.8, sun.java.command=/home/stbenjam/git/h2ms/target/surefire/surefirebooter4478042733021414321.jar /home/stbenjam/git/h2ms/target/surefire/surefire602509062644399573tmp /home/stbenjam/git/h2ms/target/surefire/surefire_08659671123201472941tmp, java.home=/usr/lib/jvm/java-1.8.0-openjdk-1.8.0.161-0.b14.fc27.x86_64/jre, sun.arch.data.model=64, user.language=en, java.specification.vendor=Oracle Corporation, awt.toolkit=sun.awt.X11.XToolkit, java.vm.info=mixed mode, java.version=1.8.0_161, java.ext.dirs=/usr/lib/jvm/java-1.8.0-openjdk-1.8.0.161-0.b14.fc27.x86_64/jre/lib/ext:/usr/java/packages/lib/ext, sun.boot.class.path=/usr/lib/jvm/java-1.8.0-openjdk-1.8.0.161-0.b14.fc27.x86_64/jre/lib/resources.jar:/usr/lib/jvm/java-1.8.0-openjdk-1.8.0.161-0.b14.fc27.x86_64/jre/lib/rt.jar:/usr/lib/jvm/java-1.8.0-openjdk-1.8.0.161-0.b14.fc27.x86_64/jre/lib/sunrsasign.jar:/usr/lib/jvm/java-1.8.0-openjdk-1.8.0.161-0.b14.fc27.x86_64/jre/lib/jsse.jar:/usr/lib/jvm/java-1.8.0-openjdk-1.8.0.161-0.b14.fc27.x86_64/jre/lib/jce.jar:/usr/lib/jvm/java-1.8.0-openjdk-1.8.0.161-0.b14.fc27.x86_64/jre/lib/charsets.jar:/usr/lib/jvm/java-1.8.0-openjdk-1.8.0.161-0.b14.fc27.x86_64/jre/lib/jfr.jar:/usr/lib/jvm/java-1.8.0-openjdk-1.8.0.161-0.b14.fc27.x86_64/jre/classes, java.vendor=Oracle Corporation, localRepository=/home/stbenjam/.m2/repository, file.separator=/, java.vendor.url.bug=http://bugreport.sun.com/bugreport/, sun.io.unicode.encoding=UnicodeLittle, sun.cpu.endian=little, sun.desktop=gnome, sun.cpu.isalist=}}, SystemEnvironmentPropertySource@1522095831 {name='systemEnvironment', properties={IRBRC=/home/stbenjam/.rvm/rubies/ruby-2.3.3/.irbrc, PATH=/home/stbenjam/.rvm/gems/ruby-2.3.3/bin:/home/stbenjam/.rvm/gems/ruby-2.3.3@global/bin:/home/stbenjam/.rvm/rubies/ruby-2.3.3/bin:/usr/local/bin:/usr/bin:/bin:/usr/local/sbin:/usr/sbin:/home/stbenjam/.local/bin:/home/stbenjam/bin:/home/stbenjam/.rvm/bin, rvm_silent_flag=, HISTCONTROL=ignoredups, XMODIFIERS=@im=ibus, GDMSESSION=gnome-xorg, rvm_quiet_flag=, GUESTFISH_RESTORE=\e[0m, DBUS_SESSION_BUS_ADDRESS=unix:path=/run/user/1000/bus,guid=0ff0c73f492cc1dc3846ae835aac7cd0, COLORTERM=truecolor, rvm_ruby_make_install=, rvm_niceness=, SESSION_MANAGER=local/unix:@/tmp/.ICE-unix/1818,unix/unix:/tmp/.ICE-unix/1818, USERNAME=stbenjam, rvm_version=1.29.1 (latest), PWD=/home/stbenjam/git/h2ms, MANAGERPID=1759, LESSOPEN=||/usr/bin/lesspipe.sh %s, PAGER=less, QTINC=/usr/lib64/qt-3.3/include, rvm_hook=, rvm_wrapper_name=, MY_RUBY_HOME=/home/stbenjam/.rvm/rubies/ruby-2.3.3, rvm_nightly_flag=, ZSH=/home/stbenjam/.oh-my-zsh, rvm_path=/home/stbenjam/.rvm, GUESTFISH_INIT=\e[1;34m, GNOME_DESKTOP_SESSION_ID=this-is-deprecated, SYSTEMD_NSS_BYPASS_BUS=1, DBUS_STARTER_ADDRESS=unix:path=/run/user/1000/bus,guid=0ff0c73f492cc1dc3846ae835aac7cd0, LC_CTYPE=en_US.UTF-8, SHLVL=2, LOADEDMODULES=, HISTSIZE=10000, JAVA_HOME=/usr/lib/jvm/java-1.8.0-openjdk-1.8.0.161-0.b14.fc27.x86_64, TERM=xterm-256color, XDG_SESSION_ID=2, rvm_script_name=, rvm_ruby_make=, rvm_docs_type=, _=/usr/lib/jvm/java-1.8.0-openjdk-1.8.0.161-0.b14.fc27.x86_64/jre/bin/java, MAVEN_PROJECTBASEDIR=/home/stbenjam/git/h2ms, DESKTOP_SESSION=gnome-xorg, XDG_MENU_PREFIX=gnome-, VTE_VERSION=5002, rvm_alias_expanded=, rvm_ruby_bits=, GEM_PATH=/home/stbenjam/.rvm/gems/ruby-2.3.3:/home/stbenjam/.rvm/gems/ruby-2.3.3@global, TILIX_ID=df6230d2-2679-42ab-bd7f-667d05988153, XAUTHORITY=/run/user/1000/gdm/Xauthority, INVOCATION_ID=2a8a59bd24d3424f8a519125eeaea755, XDG_DATA_DIRS=/home/stbenjam/.local/share/flatpak/exports/share/:/var/lib/flatpak/exports/share/:/usr/local/share/:/usr/share/, MODULEPATH=/etc/scl/modulefiles:/etc/scl/modulefiles:/usr/share/Modules/modulefiles:/etc/modulefiles:/usr/share/modulefiles, rvm_bin_flag=, VAGRANT_DEFAULT_PROVIDER=libvirt, XDG_CURRENT_DESKTOP=GNOME, JOURNAL_STREAM=9:35277, MAIL=/var/spool/mail/stbenjam, rvm_ruby_mode=, LOGNAME=stbenjam, rvm_proxy=, SHELL=/bin/zsh, rvm_sdk=, OLDPWD=/home/stbenjam/git/h2ms, GEM_HOME=/home/stbenjam/.rvm/gems/ruby-2.3.3, rvm_use_flag=, GIT=/bin/git, RUBY_VERSION=ruby-2.3.3, _system_name=Fedora, LESS=-R, XDG_SESSION_DESKTOP=gnome-xorg, LS_COLORS=rs=0:di=38;5;33:ln=38;5;51:mh=00:pi=40;38;5;11:so=38;5;13:do=38;5;5:bd=48;5;232;38;5;11:cd=48;5;232;38;5;3:or=48;5;232;38;5;9:mi=01;05;37;41:su=48;5;196;38;5;15:sg=48;5;11;38;5;16:ca=48;5;196;38;5;226:tw=48;5;10;38;5;16:ow=48;5;10;38;5;21:st=48;5;21;38;5;15:ex=38;5;40:*.tar=38;5;9:*.tgz=38;5;9:*.arc=38;5;9:*.arj=38;5;9:*.taz=38;5;9:*.lha=38;5;9:*.lz4=38;5;9:*.lzh=38;5;9:*.lzma=38;5;9:*.tlz=38;5;9:*.txz=38;5;9:*.tzo=38;5;9:*.t7z=38;5;9:*.zip=38;5;9:*.z=38;5;9:*.Z=38;5;9:*.dz=38;5;9:*.gz=38;5;9:*.lrz=38;5;9:*.lz=38;5;9:*.lzo=38;5;9:*.xz=38;5;9:*.zst=38;5;9:*.tzst=38;5;9:*.bz2=38;5;9:*.bz=38;5;9:*.tbz=38;5;9:*.tbz2=38;5;9:*.tz=38;5;9:*.deb=38;5;9:*.rpm=38;5;9:*.jar=38;5;9:*.war=38;5;9:*.ear=38;5;9:*.sar=38;5;9:*.rar=38;5;9:*.alz=38;5;9:*.ace=38;5;9:*.zoo=38;5;9:*.cpio=38;5;9:*.7z=38;5;9:*.rz=38;5;9:*.cab=38;5;9:*.wim=38;5;9:*.swm=38;5;9:*.dwm=38;5;9:*.esd=38;5;9:*.jpg=38;5;13:*.jpeg=38;5;13:*.mjpg=38;5;13:*.mjpeg=38;5;13:*.gif=38;5;13:*.bmp=38;5;13:*.pbm=38;5;13:*.pgm=38;5;13:*.ppm=38;5;13:*.tga=38;5;13:*.xbm=38;5;13:*.xpm=38;5;13:*.tif=38;5;13:*.tiff=38;5;13:*.png=38;5;13:*.svg=38;5;13:*.svgz=38;5;13:*.mng=38;5;13:*.pcx=38;5;13:*.mov=38;5;13:*.mpg=38;5;13:*.mpeg=38;5;13:*.m2v=38;5;13:*.mkv=38;5;13:*.webm=38;5;13:*.ogm=38;5;13:*.mp4=38;5;13:*.m4v=38;5;13:*.mp4v=38;5;13:*.vob=38;5;13:*.qt=38;5;13:*.nuv=38;5;13:*.wmv=38;5;13:*.asf=38;5;13:*.rm=38;5;13:*.rmvb=38;5;13:*.flc=38;5;13:*.avi=38;5;13:*.fli=38;5;13:*.flv=38;5;13:*.gl=38;5;13:*.dl=38;5;13:*.xcf=38;5;13:*.xwd=38;5;13:*.yuv=38;5;13:*.cgm=38;5;13:*.emf=38;5;13:*.ogv=38;5;13:*.ogx=38;5;13:*.aac=38;5;45:*.au=38;5;45:*.flac=38;5;45:*.m4a=38;5;45:*.mid=38;5;45:*.midi=38;5;45:*.mka=38;5;45:*.mp3=38;5;45:*.mpc=38;5;45:*.ogg=38;5;45:*.ra=38;5;45:*.wav=38;5;45:*.oga=38;5;45:*.opus=38;5;45:*.spx=38;5;45:*.xspf=38;5;45:, rvm_gemstone_package_file=, _system_arch=x86_64, rvm_bin_path=/home/stbenjam/.rvm/bin, QT_IM_MODULE=ibus, rvm_only_path_flag=, rvm_prefix=/home/stbenjam, LANG=en_US.UTF-8, XDG_SESSION_TYPE=x11, DISPLAY=:0, rvm_gemstone_url=, GDM_LANG=en_US.UTF-8, GUESTFISH_PS1=\[\e[1;32m\]><fs>\[\e[0;31m\] , LSCOLORS=Gxfxcxdxbxegedabagacad, _system_type=Linux, _system_version=27, GPG_TTY=/dev/pts/1, USER=stbenjam, rvm_ruby_file=, WINDOWPATH=2, XDG_SEAT=seat0, SSH_AUTH_SOCK=/run/user/1000/keyring/ssh, EDITOR=vim, HOSTNAME=ancient.bitbin.de, MODULESHOME=/usr/share/Modules, QTDIR=/usr/lib64/qt-3.3, XDG_RUNTIME_DIR=/run/user/1000, XDG_VTNR=2, GUESTFISH_OUTPUT=\e[0m, DBUS_STARTER_BUS_TYPE=session, QTLIB=/usr/lib64/qt-3.3/lib, HOME=/home/stbenjam}}]
21:13:06.664 [main] INFO org.springframework.boot.test.context.SpringBootTestContextBootstrapper - Found @SpringBootConfiguration edu.harvard.h2ms.H2MSRestAppInitializer for test class edu.harvard.h2ms.web.init.H2MSRestAppInitializerTests
21:13:06.665 [main] DEBUG org.springframework.boot.test.context.SpringBootTestContextBootstrapper - @TestExecutionListeners is not present for class [edu.harvard.h2ms.web.init.H2MSRestAppInitializerTests]: using defaults.
21:13:06.667 [main] INFO org.springframework.boot.test.context.SpringBootTestContextBootstrapper - Loaded default TestExecutionListener class names from location [META-INF/spring.factories]: [org.springframework.boot.test.mock.mockito.MockitoTestExecutionListener, org.springframework.boot.test.mock.mockito.ResetMocksTestExecutionListener, org.springframework.boot.test.autoconfigure.restdocs.RestDocsTestExecutionListener, org.springframework.boot.test.autoconfigure.web.client.MockRestServiceServerResetTestExecutionListener, org.springframework.boot.test.autoconfigure.web.servlet.MockMvcPrintOnlyOnFailureTestExecutionListener, org.springframework.boot.test.autoconfigure.web.servlet.WebDriverTestExecutionListener, org.springframework.test.context.web.ServletTestExecutionListener, org.springframework.test.context.support.DirtiesContextBeforeModesTestExecutionListener, org.springframework.test.context.support.DependencyInjectionTestExecutionListener, org.springframework.test.context.support.DirtiesContextTestExecutionListener, org.springframework.test.context.transaction.TransactionalTestExecutionListener, org.springframework.test.context.jdbc.SqlScriptsTestExecutionListener, org.springframework.security.test.context.support.WithSecurityContextTestExecutionListener]
21:13:06.669 [main] INFO org.springframework.boot.test.context.SpringBootTestContextBootstrapper - Using TestExecutionListeners: [org.springframework.test.context.web.ServletTestExecutionListener@7ef82753, org.springframework.test.context.support.DirtiesContextBeforeModesTestExecutionListener@3b0fe47a, org.springframework.boot.test.autoconfigure.SpringBootDependencyInjectionTestExecutionListener@202b0582, org.springframework.test.context.support.DirtiesContextTestExecutionListener@235ecd9f, org.springframework.test.context.transaction.TransactionalTestExecutionListener@1ca3b418, org.springframework.test.context.jdbc.SqlScriptsTestExecutionListener@58cbafc2, org.springframework.security.test.context.support.WithSecurityContextTestExecutionListener@2034b64c, org.springframework.boot.test.mock.mockito.MockitoTestExecutionListener@75d3a5e0, org.springframework.boot.test.mock.mockito.ResetMocksTestExecutionListener@74d1dc36, org.springframework.boot.test.autoconfigure.restdocs.RestDocsTestExecutionListener@7161d8d1, org.springframework.boot.test.autoconfigure.web.client.MockRestServiceServerResetTestExecutionListener@74e28667, org.springframework.boot.test.autoconfigure.web.servlet.MockMvcPrintOnlyOnFailureTestExecutionListener@1cf6d1be, org.springframework.boot.test.autoconfigure.web.servlet.WebDriverTestExecutionListener@663c9e7a]
21:13:06.701 [main] DEBUG org.springframework.test.annotation.ProfileValueUtils - Retrieved @ProfileValueSourceConfiguration [null] for test class [edu.harvard.h2ms.service.LocationServiceTests]
21:13:06.701 [main] DEBUG org.springframework.test.annotation.ProfileValueUtils - Retrieved ProfileValueSource type [class org.springframework.test.annotation.SystemProfileValueSource] for class [edu.harvard.h2ms.service.LocationServiceTests]
21:13:06.702 [main] DEBUG org.springframework.test.annotation.ProfileValueUtils - Retrieved @ProfileValueSourceConfiguration [null] for test class [edu.harvard.h2ms.service.UserDetailsServiceTest]
21:13:06.702 [main] DEBUG org.springframework.test.annotation.ProfileValueUtils - Retrieved ProfileValueSource type [class org.springframework.test.annotation.SystemProfileValueSource] for class [edu.harvard.h2ms.service.UserDetailsServiceTest]
21:13:06.703 [main] DEBUG org.springframework.test.annotation.ProfileValueUtils - Retrieved @ProfileValueSourceConfiguration [null] for test class [edu.harvard.h2ms.domain.core.UserTest]
21:13:06.703 [main] DEBUG org.springframework.test.annotation.ProfileValueUtils - Retrieved ProfileValueSource type [class org.springframework.test.annotation.SystemProfileValueSource] for class [edu.harvard.h2ms.domain.core.UserTest]
21:13:06.703 [main] DEBUG org.springframework.test.annotation.ProfileValueUtils - Retrieved @ProfileValueSourceConfiguration [null] for test class [edu.harvard.h2ms.controllers.EventControllerTests]
21:13:06.703 [main] DEBUG org.springframework.test.annotation.ProfileValueUtils - Retrieved ProfileValueSource type [class org.springframework.test.annotation.SystemProfileValueSource] for class [edu.harvard.h2ms.controllers.EventControllerTests]
21:13:06.703 [main] DEBUG org.springframework.test.annotation.ProfileValueUtils - Retrieved @ProfileValueSourceConfiguration [null] for test class [edu.harvard.h2ms.controllers.UserControllerTests]
21:13:06.703 [main] DEBUG org.springframework.test.annotation.ProfileValueUtils - Retrieved ProfileValueSource type [class org.springframework.test.annotation.SystemProfileValueSource] for class [edu.harvard.h2ms.controllers.UserControllerTests]
21:13:06.704 [main] DEBUG org.springframework.test.annotation.ProfileValueUtils - Retrieved @ProfileValueSourceConfiguration [null] for test class [edu.harvard.h2ms.controllers.LocationControllerTests]
21:13:06.704 [main] DEBUG org.springframework.test.annotation.ProfileValueUtils - Retrieved ProfileValueSource type [class org.springframework.test.annotation.SystemProfileValueSource] for class [edu.harvard.h2ms.controllers.LocationControllerTests]
21:13:06.704 [main] DEBUG org.springframework.test.annotation.ProfileValueUtils - Retrieved @ProfileValueSourceConfiguration [null] for test class [edu.harvard.h2ms.web.init.OAuthTest]
21:13:06.704 [main] DEBUG org.springframework.test.annotation.ProfileValueUtils - Retrieved ProfileValueSource type [class org.springframework.test.annotation.SystemProfileValueSource] for class [edu.harvard.h2ms.web.init.OAuthTest]
21:13:06.704 [main] DEBUG org.springframework.test.annotation.ProfileValueUtils - Retrieved @ProfileValueSourceConfiguration [null] for test class [edu.harvard.h2ms.web.init.H2MSRestAppInitializerTests]
21:13:06.704 [main] DEBUG org.springframework.test.annotation.ProfileValueUtils - Retrieved ProfileValueSource type [class org.springframework.test.annotation.SystemProfileValueSource] for class [edu.harvard.h2ms.web.init.H2MSRestAppInitializerTests]
Running edu.harvard.h2ms.service.LocationServiceTests
21:13:06.736 [main] DEBUG org.springframework.test.context.junit4.SpringJUnit4ClassRunner - SpringJUnit4ClassRunner constructor called with [class edu.harvard.h2ms.service.LocationServiceTests]
21:13:06.737 [main] DEBUG org.springframework.test.context.BootstrapUtils - Instantiating CacheAwareContextLoaderDelegate from class [org.springframework.test.context.cache.DefaultCacheAwareContextLoaderDelegate]
21:13:06.737 [main] DEBUG org.springframework.test.context.BootstrapUtils - Instantiating BootstrapContext using constructor [public org.springframework.test.context.support.DefaultBootstrapContext(java.lang.Class,org.springframework.test.context.CacheAwareContextLoaderDelegate)]
21:13:06.738 [main] DEBUG org.springframework.test.context.BootstrapUtils - Instantiating TestContextBootstrapper for test class [edu.harvard.h2ms.service.LocationServiceTests] from class [org.springframework.boot.test.context.SpringBootTestContextBootstrapper]
21:13:06.739 [main] INFO org.springframework.boot.test.context.SpringBootTestContextBootstrapper - Neither @ContextConfiguration nor @ContextHierarchy found for test class [edu.harvard.h2ms.service.LocationServiceTests], using SpringBootContextLoader
21:13:06.740 [main] DEBUG org.springframework.test.context.support.AbstractContextLoader - Did not detect default resource location for test class [edu.harvard.h2ms.service.LocationServiceTests]: class path resource [edu/harvard/h2ms/service/LocationServiceTests-context.xml] does not exist
21:13:06.741 [main] DEBUG org.springframework.test.context.support.AbstractContextLoader - Did not detect default resource location for test class [edu.harvard.h2ms.service.LocationServiceTests]: class path resource [edu/harvard/h2ms/service/LocationServiceTestsContext.groovy] does not exist
21:13:06.742 [main] INFO org.springframework.test.context.support.AbstractContextLoader - Could not detect default resource locations for test class [edu.harvard.h2ms.service.LocationServiceTests]: no resource found for suffixes {-context.xml, Context.groovy}.
21:13:06.742 [main] INFO org.springframework.test.context.support.AnnotationConfigContextLoaderUtils - Could not detect default configuration classes for test class [edu.harvard.h2ms.service.LocationServiceTests]: LocationServiceTests does not declare any static, non-private, non-final, nested classes annotated with @Configuration.
21:13:06.770 [main] DEBUG org.springframework.test.context.support.ActiveProfilesUtils - Could not find an 'annotation declaring class' for annotation type [org.springframework.test.context.ActiveProfiles] and class [edu.harvard.h2ms.service.LocationServiceTests]
21:13:06.771 [main] DEBUG org.springframework.core.env.StandardEnvironment - Adding PropertySource 'systemProperties' with lowest search precedence
21:13:06.772 [main] DEBUG org.springframework.core.env.StandardEnvironment - Adding PropertySource 'systemEnvironment' with lowest search precedence
21:13:06.774 [main] DEBUG org.springframework.core.env.StandardEnvironment - Initialized StandardEnvironment with PropertySources [MapPropertySource@884860061 {name='systemProperties', properties={java.runtime.name=OpenJDK Runtime Environment, sun.boot.library.path=/usr/lib/jvm/java-1.8.0-openjdk-1.8.0.161-0.b14.fc27.x86_64/jre/lib/amd64, java.vm.version=25.161-b14, java.vm.vendor=Oracle Corporation, java.vendor.url=http://java.oracle.com/, path.separator=:, java.vm.name=OpenJDK 64-Bit Server VM, file.encoding.pkg=sun.io, user.country=US, sun.java.launcher=SUN_STANDARD, sun.os.patch.level=unknown, java.vm.specification.name=Java Virtual Machine Specification, user.dir=/home/stbenjam/git/h2ms, java.runtime.version=1.8.0_161-b14, basedir=/home/stbenjam/git/h2ms, java.awt.graphicsenv=sun.awt.X11GraphicsEnvironment, java.endorsed.dirs=/usr/lib/jvm/java-1.8.0-openjdk-1.8.0.161-0.b14.fc27.x86_64/jre/lib/endorsed, os.arch=amd64, surefire.real.class.path=/home/stbenjam/git/h2ms/target/surefire/surefirebooter4478042733021414321.jar, java.io.tmpdir=/tmp, line.separator=
, java.vm.specification.vendor=Oracle Corporation, os.name=Linux, sun.jnu.encoding=UTF-8, java.library.path=/usr/java/packages/lib/amd64:/usr/lib64:/lib64:/lib:/usr/lib, surefire.test.class.path=/home/stbenjam/git/h2ms/target/test-classes:/home/stbenjam/git/h2ms/target/classes:/home/stbenjam/.m2/repository/org/springframework/boot/spring-boot-starter-data-rest/1.5.10.RELEASE/spring-boot-starter-data-rest-1.5.10.RELEASE.jar:/home/stbenjam/.m2/repository/org/springframework/boot/spring-boot-starter/1.5.10.RELEASE/spring-boot-starter-1.5.10.RELEASE.jar:/home/stbenjam/.m2/repository/org/springframework/boot/spring-boot/1.5.10.RELEASE/spring-boot-1.5.10.RELEASE.jar:/home/stbenjam/.m2/repository/org/springframework/boot/spring-boot-autoconfigure/1.5.10.RELEASE/spring-boot-autoconfigure-1.5.10.RELEASE.jar:/home/stbenjam/.m2/repository/org/springframework/boot/spring-boot-starter-logging/1.5.10.RELEASE/spring-boot-starter-logging-1.5.10.RELEASE.jar:/home/stbenjam/.m2/repository/ch/qos/logback/logback-classic/1.1.11/logback-classic-1.1.11.jar:/home/stbenjam/.m2/repository/ch/qos/logback/logback-core/1.1.11/logback-core-1.1.11.jar:/home/stbenjam/.m2/repository/org/slf4j/jul-to-slf4j/1.7.25/jul-to-slf4j-1.7.25.jar:/home/stbenjam/.m2/repository/org/slf4j/log4j-over-slf4j/1.7.25/log4j-over-slf4j-1.7.25.jar:/home/stbenjam/.m2/repository/org/yaml/snakeyaml/1.17/snakeyaml-1.17.jar:/home/stbenjam/.m2/repository/com/fasterxml/jackson/core/jackson-annotations/2.8.0/jackson-annotations-2.8.0.jar:/home/stbenjam/.m2/repository/org/springframework/data/spring-data-rest-webmvc/2.6.10.RELEASE/spring-data-rest-webmvc-2.6.10.RELEASE.jar:/home/stbenjam/.m2/repository/org/springframework/data/spring-data-rest-core/2.6.10.RELEASE/spring-data-rest-core-2.6.10.RELEASE.jar:/home/stbenjam/.m2/repository/org/atteo/evo-inflector/1.2.2/evo-inflector-1.2.2.jar:/home/stbenjam/.m2/repository/org/slf4j/jcl-over-slf4j/1.7.25/jcl-over-slf4j-1.7.25.jar:/home/stbenjam/.m2/repository/org/springframework/boot/spring-boot-starter-web/1.5.10.RELEASE/spring-boot-starter-web-1.5.10.RELEASE.jar:/home/stbenjam/.m2/repository/org/springframework/boot/spring-boot-starter-tomcat/1.5.10.RELEASE/spring-boot-starter-tomcat-1.5.10.RELEASE.jar:/home/stbenjam/.m2/repository/org/apache/tomcat/embed/tomcat-embed-core/8.5.27/tomcat-embed-core-8.5.27.jar:/home/stbenjam/.m2/repository/org/apache/tomcat/tomcat-annotations-api/8.5.27/tomcat-annotations-api-8.5.27.jar:/home/stbenjam/.m2/repository/org/apache/tomcat/embed/tomcat-embed-el/8.5.27/tomcat-embed-el-8.5.27.jar:/home/stbenjam/.m2/repository/org/apache/tomcat/embed/tomcat-embed-websocket/8.5.27/tomcat-embed-websocket-8.5.27.jar:/home/stbenjam/.m2/repository/org/hibernate/hibernate-validator/5.3.6.Final/hibernate-validator-5.3.6.Final.jar:/home/stbenjam/.m2/repository/javax/validation/validation-api/1.1.0.Final/validation-api-1.1.0.Final.jar:/home/stbenjam/.m2/repository/org/jboss/logging/jboss-logging/3.3.1.Final/jboss-logging-3.3.1.Final.jar:/home/stbenjam/.m2/repository/org/springframework/spring-web/4.3.14.RELEASE/spring-web-4.3.14.RELEASE.jar:/home/stbenjam/.m2/repository/org/springframework/spring-webmvc/4.3.14.RELEASE/spring-webmvc-4.3.14.RELEASE.jar:/home/stbenjam/.m2/repository/org/springframework/spring-expression/4.3.14.RELEASE/spring-expression-4.3.14.RELEASE.jar:/home/stbenjam/.m2/repository/org/springframework/boot/spring-boot-starter-thymeleaf/1.5.10.RELEASE/spring-boot-starter-thymeleaf-1.5.10.RELEASE.jar:/home/stbenjam/.m2/repository/org/thymeleaf/thymeleaf-spring4/2.1.6.RELEASE/thymeleaf-spring4-2.1.6.RELEASE.jar:/home/stbenjam/.m2/repository/org/thymeleaf/thymeleaf/2.1.6.RELEASE/thymeleaf-2.1.6.RELEASE.jar:/home/stbenjam/.m2/repository/ognl/ognl/3.0.8/ognl-3.0.8.jar:/home/stbenjam/.m2/repository/org/unbescape/unbescape/1.1.0.RELEASE/unbescape-1.1.0.RELEASE.jar:/home/stbenjam/.m2/repository/nz/net/ultraq/thymeleaf/thymeleaf-layout-dialect/1.4.0/thymeleaf-layout-dialect-1.4.0.jar:/home/stbenjam/.m2/repository/org/codehaus/groovy/groovy/2.4.13/groovy-2.4.13.jar:/home/stbenjam/.m2/repository/org/springframework/boot/spring-boot-starter-test/1.5.10.RELEASE/spring-boot-starter-test-1.5.10.RELEASE.jar:/home/stbenjam/.m2/repository/org/springframework/boot/spring-boot-test/1.5.10.RELEASE/spring-boot-test-1.5.10.RELEASE.jar:/home/stbenjam/.m2/repository/org/springframework/boot/spring-boot-test-autoconfigure/1.5.10.RELEASE/spring-boot-test-autoconfigure-1.5.10.RELEASE.jar:/home/stbenjam/.m2/repository/com/jayway/jsonpath/json-path/2.2.0/json-path-2.2.0.jar:/home/stbenjam/.m2/repository/net/minidev/json-smart/2.2.1/json-smart-2.2.1.jar:/home/stbenjam/.m2/repository/net/minidev/accessors-smart/1.1/accessors-smart-1.1.jar:/home/stbenjam/.m2/repository/org/ow2/asm/asm/5.0.3/asm-5.0.3.jar:/home/stbenjam/.m2/repository/junit/junit/4.12/junit-4.12.jar:/home/stbenjam/.m2/repository/org/assertj/assertj-core/2.6.0/assertj-core-2.6.0.jar:/home/stbenjam/.m2/repository/org/mockito/mockito-core/1.10.19/mockito-core-1.10.19.jar:/home/stbenjam/.m2/repository/org/objenesis/objenesis/2.1/objenesis-2.1.jar:/home/stbenjam/.m2/repository/org/hamcrest/hamcrest-core/1.3/hamcrest-core-1.3.jar:/home/stbenjam/.m2/repository/org/hamcrest/hamcrest-library/1.3/hamcrest-library-1.3.jar:/home/stbenjam/.m2/repository/org/skyscreamer/jsonassert/1.4.0/jsonassert-1.4.0.jar:/home/stbenjam/.m2/repository/org/springframework/spring-core/4.3.14.RELEASE/spring-core-4.3.14.RELEASE.jar:/home/stbenjam/.m2/repository/org/springframework/spring-test/4.3.14.RELEASE/spring-test-4.3.14.RELEASE.jar:/home/stbenjam/.m2/repository/org/springframework/restdocs/spring-restdocs-mockmvc/1.1.3.RELEASE/spring-restdocs-mockmvc-1.1.3.RELEASE.jar:/home/stbenjam/.m2/repository/org/springframework/restdocs/spring-restdocs-core/1.1.3.RELEASE/spring-restdocs-core-1.1.3.RELEASE.jar:/home/stbenjam/.m2/repository/javax/servlet/javax.servlet-api/3.1.0/javax.servlet-api-3.1.0.jar:/home/stbenjam/.m2/repository/org/springframework/boot/spring-boot-starter-data-jpa/1.5.10.RELEASE/spring-boot-starter-data-jpa-1.5.10.RELEASE.jar:/home/stbenjam/.m2/repository/org/springframework/boot/spring-boot-starter-aop/1.5.10.RELEASE/spring-boot-starter-aop-1.5.10.RELEASE.jar:/home/stbenjam/.m2/repository/org/aspectj/aspectjweaver/1.8.13/aspectjweaver-1.8.13.jar:/home/stbenjam/.m2/repository/org/springframework/boot/spring-boot-starter-jdbc/1.5.10.RELEASE/spring-boot-starter-jdbc-1.5.10.RELEASE.jar:/home/stbenjam/.m2/repository/org/apache/tomcat/tomcat-jdbc/8.5.27/tomcat-jdbc-8.5.27.jar:/home/stbenjam/.m2/repository/org/apache/tomcat/tomcat-juli/8.5.27/tomcat-juli-8.5.27.jar:/home/stbenjam/.m2/repository/org/springframework/spring-jdbc/4.3.14.RELEASE/spring-jdbc-4.3.14.RELEASE.jar:/home/stbenjam/.m2/repository/org/hibernate/hibernate-core/5.0.12.Final/hibernate-core-5.0.12.Final.jar:/home/stbenjam/.m2/repository/org/hibernate/javax/persistence/hibernate-jpa-2.1-api/1.0.0.Final/hibernate-jpa-2.1-api-1.0.0.Final.jar:/home/stbenjam/.m2/repository/org/javassist/javassist/3.21.0-GA/javassist-3.21.0-GA.jar:/home/stbenjam/.m2/repository/antlr/antlr/2.7.7/antlr-2.7.7.jar:/home/stbenjam/.m2/repository/org/jboss/jandex/2.0.0.Final/jandex-2.0.0.Final.jar:/home/stbenjam/.m2/repository/dom4j/dom4j/1.6.1/dom4j-1.6.1.jar:/home/stbenjam/.m2/repository/org/hibernate/common/hibernate-commons-annotations/5.0.1.Final/hibernate-commons-annotations-5.0.1.Final.jar:/home/stbenjam/.m2/repository/org/hibernate/hibernate-entitymanager/5.0.12.Final/hibernate-entitymanager-5.0.12.Final.jar:/home/stbenjam/.m2/repository/javax/transaction/javax.transaction-api/1.2/javax.transaction-api-1.2.jar:/home/stbenjam/.m2/repository/org/springframework/data/spring-data-jpa/1.11.10.RELEASE/spring-data-jpa-1.11.10.RELEASE.jar:/home/stbenjam/.m2/repository/org/springframework/data/spring-data-commons/1.13.10.RELEASE/spring-data-commons-1.13.10.RELEASE.jar:/home/stbenjam/.m2/repository/org/springframework/spring-orm/4.3.14.RELEASE/spring-orm-4.3.14.RELEASE.jar:/home/stbenjam/.m2/repository/org/springframework/spring-tx/4.3.14.RELEASE/spring-tx-4.3.14.RELEASE.jar:/home/stbenjam/.m2/repository/org/springframework/spring-aspects/4.3.14.RELEASE/spring-aspects-4.3.14.RELEASE.jar:/home/stbenjam/.m2/repository/com/h2database/h2/1.4.196/h2-1.4.196.jar:/home/stbenjam/.m2/repository/org/postgresql/postgresql/9.4-1206-jdbc42/postgresql-9.4-1206-jdbc42.jar:/home/stbenjam/.m2/repository/log4j/log4j/1.2.17/log4j-1.2.17.jar:/home/stbenjam/.m2/repository/com/google/guava/guava/19.0/guava-19.0.jar:/home/stbenjam/.m2/repository/javax/mail/mail/1.4/mail-1.4.jar:/home/stbenjam/.m2/repository/javax/activation/activation/1.1/activation-1.1.jar:/home/stbenjam/.m2/repository/org/springframework/boot/spring-boot-starter-security/1.5.10.RELEASE/spring-boot-starter-security-1.5.10.RELEASE.jar:/home/stbenjam/.m2/repository/org/springframework/spring-aop/4.3.14.RELEASE/spring-aop-4.3.14.RELEASE.jar:/home/stbenjam/.m2/repository/org/springframework/security/spring-security-config/4.2.4.RELEASE/spring-security-config-4.2.4.RELEASE.jar:/home/stbenjam/.m2/repository/org/springframework/security/spring-security-web/4.2.4.RELEASE/spring-security-web-4.2.4.RELEASE.jar:/home/stbenjam/.m2/repository/org/springframework/boot/spring-boot-starter-mail/1.4.3.RELEASE/spring-boot-starter-mail-1.4.3.RELEASE.jar:/home/stbenjam/.m2/repository/org/springframework/spring-context/4.3.14.RELEASE/spring-context-4.3.14.RELEASE.jar:/home/stbenjam/.m2/repository/com/sun/mail/javax.mail/1.5.6/javax.mail-1.5.6.jar:/home/stbenjam/.m2/repository/com/icegreen/greenmail/1.5.5/greenmail-1.5.5.jar:/home/stbenjam/.m2/repository/org/slf4j/slf4j-api/1.7.25/slf4j-api-1.7.25.jar:/home/stbenjam/.m2/repository/org/springframework/security/spring-security-test/4.2.4.RELEASE/spring-security-test-4.2.4.RELEASE.jar:/home/stbenjam/.m2/repository/org/springframework/security/spring-security-core/4.2.4.RELEASE/spring-security-core-4.2.4.RELEASE.jar:/home/stbenjam/.m2/repository/aopalliance/aopalliance/1.0/aopalliance-1.0.jar:/home/stbenjam/.m2/repository/org/springframework/security/oauth/spring-security-oauth2/2.0.14.RELEASE/spring-security-oauth2-2.0.14.RELEASE.jar:/home/stbenjam/.m2/repository/org/springframework/spring-beans/4.3.14.RELEASE/spring-beans-4.3.14.RELEASE.jar:/home/stbenjam/.m2/repository/commons-codec/commons-codec/1.10/commons-codec-1.10.jar:/home/stbenjam/.m2/repository/org/codehaus/jackson/jackson-mapper-asl/1.9.13/jackson-mapper-asl-1.9.13.jar:/home/stbenjam/.m2/repository/org/codehaus/jackson/jackson-core-asl/1.9.13/jackson-core-asl-1.9.13.jar:/home/stbenjam/.m2/repository/io/springfox/springfox-swagger2/2.8.0/springfox-swagger2-2.8.0.jar:/home/stbenjam/.m2/repository/io/swagger/swagger-annotations/1.5.14/swagger-annotations-1.5.14.jar:/home/stbenjam/.m2/repository/io/swagger/swagger-models/1.5.14/swagger-models-1.5.14.jar:/home/stbenjam/.m2/repository/io/springfox/springfox-spi/2.8.0/springfox-spi-2.8.0.jar:/home/stbenjam/.m2/repository/io/springfox/springfox-core/2.8.0/springfox-core-2.8.0.jar:/home/stbenjam/.m2/repository/net/bytebuddy/byte-buddy/1.7.9/byte-buddy-1.7.9.jar:/home/stbenjam/.m2/repository/io/springfox/springfox-schema/2.8.0/springfox-schema-2.8.0.jar:/home/stbenjam/.m2/repository/io/springfox/springfox-swagger-common/2.8.0/springfox-swagger-common-2.8.0.jar:/home/stbenjam/.m2/repository/io/springfox/springfox-spring-web/2.8.0/springfox-spring-web-2.8.0.jar:/home/stbenjam/.m2/repository/org/reflections/reflections/0.9.11/reflections-0.9.11.jar:/home/stbenjam/.m2/repository/com/fasterxml/classmate/1.3.4/classmate-1.3.4.jar:/home/stbenjam/.m2/repository/org/springframework/plugin/spring-plugin-core/1.2.0.RELEASE/spring-plugin-core-1.2.0.RELEASE.jar:/home/stbenjam/.m2/repository/org/springframework/plugin/spring-plugin-metadata/1.2.0.RELEASE/spring-plugin-metadata-1.2.0.RELEASE.jar:/home/stbenjam/.m2/repository/org/mapstruct/mapstruct/1.2.0.Final/mapstruct-1.2.0.Final.jar:/home/stbenjam/.m2/repository/io/springfox/springfox-swagger-ui/2.8.0/springfox-swagger-ui-2.8.0.jar:/home/stbenjam/.m2/repository/io/springfox/springfox-data-rest/2.8.0/springfox-data-rest-2.8.0.jar:/home/stbenjam/.m2/repository/org/springframework/hateoas/spring-hateoas/0.23.0.RELEASE/spring-hateoas-0.23.0.RELEASE.jar:/home/stbenjam/.m2/repository/org/usb4java/usb4java-javax/1.2.0/usb4java-javax-1.2.0.jar:/home/stbenjam/.m2/repository/javax/usb/usb-api/1.0.2/usb-api-1.0.2.jar:/home/stbenjam/.m2/repository/org/apache/commons/commons-lang3/3.2.1/commons-lang3-3.2.1.jar:/home/stbenjam/.m2/repository/org/usb4java/usb4java/1.2.0/usb4java-1.2.0.jar:/home/stbenjam/.m2/repository/org/usb4java/libusb4java/1.2.0/libusb4java-1.2.0-linux-x86.jar:/home/stbenjam/.m2/repository/org/usb4java/libusb4java/1.2.0/libusb4java-1.2.0-linux-x86_64.jar:/home/stbenjam/.m2/repository/org/usb4java/libusb4java/1.2.0/libusb4java-1.2.0-linux-arm.jar:/home/stbenjam/.m2/repository/org/usb4java/libusb4java/1.2.0/libusb4java-1.2.0-windows-x86.jar:/home/stbenjam/.m2/repository/org/usb4java/libusb4java/1.2.0/libusb4java-1.2.0-windows-x86_64.jar:/home/stbenjam/.m2/repository/org/usb4java/libusb4java/1.2.0/libusb4java-1.2.0-osx-x86.jar:/home/stbenjam/.m2/repository/org/usb4java/libusb4java/1.2.0/libusb4java-1.2.0-osx-x86_64.jar:/home/stbenjam/.m2/repository/org/mockito/mockito-all/1.9.5/mockito-all-1.9.5.jar:/home/stbenjam/.m2/repository/com/fasterxml/jackson/core/jackson-databind/2.5.0/jackson-databind-2.5.0.jar:/home/stbenjam/.m2/repository/com/fasterxml/jackson/core/jackson-core/2.8.10/jackson-core-2.8.10.jar:/home/stbenjam/.m2/repository/com/vaadin/external/google/android-json/0.0.20131108.vaadin1/android-json-0.0.20131108.vaadin1.jar:/home/stbenjam/.m2/repository/com/tngtech/java/junit-dataprovider/1.13.1/junit-dataprovider-1.13.1.jar:/home/stbenjam/.m2/repository/org/springframework/spring-context-support/3.2.0.RELEASE/spring-context-support-3.2.0.RELEASE.jar:, java.specification.name=Java Platform API Specification, java.class.version=52.0, sun.management.compiler=HotSpot 64-Bit Tiered Compilers, os.version=4.14.14-300.fc27.x86_64, user.home=/home/stbenjam, user.timezone=America/New_York, java.awt.printerjob=sun.print.PSPrinterJob, file.encoding=UTF-8, java.specification.version=1.8, java.class.path=/home/stbenjam/git/h2ms/target/test-classes:/home/stbenjam/git/h2ms/target/classes:/home/stbenjam/.m2/repository/org/springframework/boot/spring-boot-starter-data-rest/1.5.10.RELEASE/spring-boot-starter-data-rest-1.5.10.RELEASE.jar:/home/stbenjam/.m2/repository/org/springframework/boot/spring-boot-starter/1.5.10.RELEASE/spring-boot-starter-1.5.10.RELEASE.jar:/home/stbenjam/.m2/repository/org/springframework/boot/spring-boot/1.5.10.RELEASE/spring-boot-1.5.10.RELEASE.jar:/home/stbenjam/.m2/repository/org/springframework/boot/spring-boot-autoconfigure/1.5.10.RELEASE/spring-boot-autoconfigure-1.5.10.RELEASE.jar:/home/stbenjam/.m2/repository/org/springframework/boot/spring-boot-starter-logging/1.5.10.RELEASE/spring-boot-starter-logging-1.5.10.RELEASE.jar:/home/stbenjam/.m2/repository/ch/qos/logback/logback-classic/1.1.11/logback-classic-1.1.11.jar:/home/stbenjam/.m2/repository/ch/qos/logback/logback-core/1.1.11/logback-core-1.1.11.jar:/home/stbenjam/.m2/repository/org/slf4j/jul-to-slf4j/1.7.25/jul-to-slf4j-1.7.25.jar:/home/stbenjam/.m2/repository/org/slf4j/log4j-over-slf4j/1.7.25/log4j-over-slf4j-1.7.25.jar:/home/stbenjam/.m2/repository/org/yaml/snakeyaml/1.17/snakeyaml-1.17.jar:/home/stbenjam/.m2/repository/com/fasterxml/jackson/core/jackson-annotations/2.8.0/jackson-annotations-2.8.0.jar:/home/stbenjam/.m2/repository/org/springframework/data/spring-data-rest-webmvc/2.6.10.RELEASE/spring-data-rest-webmvc-2.6.10.RELEASE.jar:/home/stbenjam/.m2/repository/org/springframework/data/spring-data-rest-core/2.6.10.RELEASE/spring-data-rest-core-2.6.10.RELEASE.jar:/home/stbenjam/.m2/repository/org/atteo/evo-inflector/1.2.2/evo-inflector-1.2.2.jar:/home/stbenjam/.m2/repository/org/slf4j/jcl-over-slf4j/1.7.25/jcl-over-slf4j-1.7.25.jar:/home/stbenjam/.m2/repository/org/springframework/boot/spring-boot-starter-web/1.5.10.RELEASE/spring-boot-starter-web-1.5.10.RELEASE.jar:/home/stbenjam/.m2/repository/org/springframework/boot/spring-boot-starter-tomcat/1.5.10.RELEASE/spring-boot-starter-tomcat-1.5.10.RELEASE.jar:/home/stbenjam/.m2/repository/org/apache/tomcat/embed/tomcat-embed-core/8.5.27/tomcat-embed-core-8.5.27.jar:/home/stbenjam/.m2/repository/org/apache/tomcat/tomcat-annotations-api/8.5.27/tomcat-annotations-api-8.5.27.jar:/home/stbenjam/.m2/repository/org/apache/tomcat/embed/tomcat-embed-el/8.5.27/tomcat-embed-el-8.5.27.jar:/home/stbenjam/.m2/repository/org/apache/tomcat/embed/tomcat-embed-websocket/8.5.27/tomcat-embed-websocket-8.5.27.jar:/home/stbenjam/.m2/repository/org/hibernate/hibernate-validator/5.3.6.Final/hibernate-validator-5.3.6.Final.jar:/home/stbenjam/.m2/repository/javax/validation/validation-api/1.1.0.Final/validation-api-1.1.0.Final.jar:/home/stbenjam/.m2/repository/org/jboss/logging/jboss-logging/3.3.1.Final/jboss-logging-3.3.1.Final.jar:/home/stbenjam/.m2/repository/org/springframework/spring-web/4.3.14.RELEASE/spring-web-4.3.14.RELEASE.jar:/home/stbenjam/.m2/repository/org/springframework/spring-webmvc/4.3.14.RELEASE/spring-webmvc-4.3.14.RELEASE.jar:/home/stbenjam/.m2/repository/org/springframework/spring-expression/4.3.14.RELEASE/spring-expression-4.3.14.RELEASE.jar:/home/stbenjam/.m2/repository/org/springframework/boot/spring-boot-starter-thymeleaf/1.5.10.RELEASE/spring-boot-starter-thymeleaf-1.5.10.RELEASE.jar:/home/stbenjam/.m2/repository/org/thymeleaf/thymeleaf-spring4/2.1.6.RELEASE/thymeleaf-spring4-2.1.6.RELEASE.jar:/home/stbenjam/.m2/repository/org/thymeleaf/thymeleaf/2.1.6.RELEASE/thymeleaf-2.1.6.RELEASE.jar:/home/stbenjam/.m2/repository/ognl/ognl/3.0.8/ognl-3.0.8.jar:/home/stbenjam/.m2/repository/org/unbescape/unbescape/1.1.0.RELEASE/unbescape-1.1.0.RELEASE.jar:/home/stbenjam/.m2/repository/nz/net/ultraq/thymeleaf/thymeleaf-layout-dialect/1.4.0/thymeleaf-layout-dialect-1.4.0.jar:/home/stbenjam/.m2/repository/org/codehaus/groovy/groovy/2.4.13/groovy-2.4.13.jar:/home/stbenjam/.m2/repository/org/springframework/boot/spring-boot-starter-test/1.5.10.RELEASE/spring-boot-starter-test-1.5.10.RELEASE.jar:/home/stbenjam/.m2/repository/org/springframework/boot/spring-boot-test/1.5.10.RELEASE/spring-boot-test-1.5.10.RELEASE.jar:/home/stbenjam/.m2/repository/org/springframework/boot/spring-boot-test-autoconfigure/1.5.10.RELEASE/spring-boot-test-autoconfigure-1.5.10.RELEASE.jar:/home/stbenjam/.m2/repository/com/jayway/jsonpath/json-path/2.2.0/json-path-2.2.0.jar:/home/stbenjam/.m2/repository/net/minidev/json-smart/2.2.1/json-smart-2.2.1.jar:/home/stbenjam/.m2/repository/net/minidev/accessors-smart/1.1/accessors-smart-1.1.jar:/home/stbenjam/.m2/repository/org/ow2/asm/asm/5.0.3/asm-5.0.3.jar:/home/stbenjam/.m2/repository/junit/junit/4.12/junit-4.12.jar:/home/stbenjam/.m2/repository/org/assertj/assertj-core/2.6.0/assertj-core-2.6.0.jar:/home/stbenjam/.m2/repository/org/mockito/mockito-core/1.10.19/mockito-core-1.10.19.jar:/home/stbenjam/.m2/repository/org/objenesis/objenesis/2.1/objenesis-2.1.jar:/home/stbenjam/.m2/repository/org/hamcrest/hamcrest-core/1.3/hamcrest-core-1.3.jar:/home/stbenjam/.m2/repository/org/hamcrest/hamcrest-library/1.3/hamcrest-library-1.3.jar:/home/stbenjam/.m2/repository/org/skyscreamer/jsonassert/1.4.0/jsonassert-1.4.0.jar:/home/stbenjam/.m2/repository/org/springframework/spring-core/4.3.14.RELEASE/spring-core-4.3.14.RELEASE.jar:/home/stbenjam/.m2/repository/org/springframework/spring-test/4.3.14.RELEASE/spring-test-4.3.14.RELEASE.jar:/home/stbenjam/.m2/repository/org/springframework/restdocs/spring-restdocs-mockmvc/1.1.3.RELEASE/spring-restdocs-mockmvc-1.1.3.RELEASE.jar:/home/stbenjam/.m2/repository/org/springframework/restdocs/spring-restdocs-core/1.1.3.RELEASE/spring-restdocs-core-1.1.3.RELEASE.jar:/home/stbenjam/.m2/repository/javax/servlet/javax.servlet-api/3.1.0/javax.servlet-api-3.1.0.jar:/home/stbenjam/.m2/repository/org/springframework/boot/spring-boot-starter-data-jpa/1.5.10.RELEASE/spring-boot-starter-data-jpa-1.5.10.RELEASE.jar:/home/stbenjam/.m2/repository/org/springframework/boot/spring-boot-starter-aop/1.5.10.RELEASE/spring-boot-starter-aop-1.5.10.RELEASE.jar:/home/stbenjam/.m2/repository/org/aspectj/aspectjweaver/1.8.13/aspectjweaver-1.8.13.jar:/home/stbenjam/.m2/repository/org/springframework/boot/spring-boot-starter-jdbc/1.5.10.RELEASE/spring-boot-starter-jdbc-1.5.10.RELEASE.jar:/home/stbenjam/.m2/repository/org/apache/tomcat/tomcat-jdbc/8.5.27/tomcat-jdbc-8.5.27.jar:/home/stbenjam/.m2/repository/org/apache/tomcat/tomcat-juli/8.5.27/tomcat-juli-8.5.27.jar:/home/stbenjam/.m2/repository/org/springframework/spring-jdbc/4.3.14.RELEASE/spring-jdbc-4.3.14.RELEASE.jar:/home/stbenjam/.m2/repository/org/hibernate/hibernate-core/5.0.12.Final/hibernate-core-5.0.12.Final.jar:/home/stbenjam/.m2/repository/org/hibernate/javax/persistence/hibernate-jpa-2.1-api/1.0.0.Final/hibernate-jpa-2.1-api-1.0.0.Final.jar:/home/stbenjam/.m2/repository/org/javassist/javassist/3.21.0-GA/javassist-3.21.0-GA.jar:/home/stbenjam/.m2/repository/antlr/antlr/2.7.7/antlr-2.7.7.jar:/home/stbenjam/.m2/repository/org/jboss/jandex/2.0.0.Final/jandex-2.0.0.Final.jar:/home/stbenjam/.m2/repository/dom4j/dom4j/1.6.1/dom4j-1.6.1.jar:/home/stbenjam/.m2/repository/org/hibernate/common/hibernate-commons-annotations/5.0.1.Final/hibernate-commons-annotations-5.0.1.Final.jar:/home/stbenjam/.m2/repository/org/hibernate/hibernate-entitymanager/5.0.12.Final/hibernate-entitymanager-5.0.12.Final.jar:/home/stbenjam/.m2/repository/javax/transaction/javax.transaction-api/1.2/javax.transaction-api-1.2.jar:/home/stbenjam/.m2/repository/org/springframework/data/spring-data-jpa/1.11.10.RELEASE/spring-data-jpa-1.11.10.RELEASE.jar:/home/stbenjam/.m2/repository/org/springframework/data/spring-data-commons/1.13.10.RELEASE/spring-data-commons-1.13.10.RELEASE.jar:/home/stbenjam/.m2/repository/org/springframework/spring-orm/4.3.14.RELEASE/spring-orm-4.3.14.RELEASE.jar:/home/stbenjam/.m2/repository/org/springframework/spring-tx/4.3.14.RELEASE/spring-tx-4.3.14.RELEASE.jar:/home/stbenjam/.m2/repository/org/springframework/spring-aspects/4.3.14.RELEASE/spring-aspects-4.3.14.RELEASE.jar:/home/stbenjam/.m2/repository/com/h2database/h2/1.4.196/h2-1.4.196.jar:/home/stbenjam/.m2/repository/org/postgresql/postgresql/9.4-1206-jdbc42/postgresql-9.4-1206-jdbc42.jar:/home/stbenjam/.m2/repository/log4j/log4j/1.2.17/log4j-1.2.17.jar:/home/stbenjam/.m2/repository/com/google/guava/guava/19.0/guava-19.0.jar:/home/stbenjam/.m2/repository/javax/mail/mail/1.4/mail-1.4.jar:/home/stbenjam/.m2/repository/javax/activation/activation/1.1/activation-1.1.jar:/home/stbenjam/.m2/repository/org/springframework/boot/spring-boot-starter-security/1.5.10.RELEASE/spring-boot-starter-security-1.5.10.RELEASE.jar:/home/stbenjam/.m2/repository/org/springframework/spring-aop/4.3.14.RELEASE/spring-aop-4.3.14.RELEASE.jar:/home/stbenjam/.m2/repository/org/springframework/security/spring-security-config/4.2.4.RELEASE/spring-security-config-4.2.4.RELEASE.jar:/home/stbenjam/.m2/repository/org/springframework/security/spring-security-web/4.2.4.RELEASE/spring-security-web-4.2.4.RELEASE.jar:/home/stbenjam/.m2/repository/org/springframework/boot/spring-boot-starter-mail/1.4.3.RELEASE/spring-boot-starter-mail-1.4.3.RELEASE.jar:/home/stbenjam/.m2/repository/org/springframework/spring-context/4.3.14.RELEASE/spring-context-4.3.14.RELEASE.jar:/home/stbenjam/.m2/repository/com/sun/mail/javax.mail/1.5.6/javax.mail-1.5.6.jar:/home/stbenjam/.m2/repository/com/icegreen/greenmail/1.5.5/greenmail-1.5.5.jar:/home/stbenjam/.m2/repository/org/slf4j/slf4j-api/1.7.25/slf4j-api-1.7.25.jar:/home/stbenjam/.m2/repository/org/springframework/security/spring-security-test/4.2.4.RELEASE/spring-security-test-4.2.4.RELEASE.jar:/home/stbenjam/.m2/repository/org/springframework/security/spring-security-core/4.2.4.RELEASE/spring-security-core-4.2.4.RELEASE.jar:/home/stbenjam/.m2/repository/aopalliance/aopalliance/1.0/aopalliance-1.0.jar:/home/stbenjam/.m2/repository/org/springframework/security/oauth/spring-security-oauth2/2.0.14.RELEASE/spring-security-oauth2-2.0.14.RELEASE.jar:/home/stbenjam/.m2/repository/org/springframework/spring-beans/4.3.14.RELEASE/spring-beans-4.3.14.RELEASE.jar:/home/stbenjam/.m2/repository/commons-codec/commons-codec/1.10/commons-codec-1.10.jar:/home/stbenjam/.m2/repository/org/codehaus/jackson/jackson-mapper-asl/1.9.13/jackson-mapper-asl-1.9.13.jar:/home/stbenjam/.m2/repository/org/codehaus/jackson/jackson-core-asl/1.9.13/jackson-core-asl-1.9.13.jar:/home/stbenjam/.m2/repository/io/springfox/springfox-swagger2/2.8.0/springfox-swagger2-2.8.0.jar:/home/stbenjam/.m2/repository/io/swagger/swagger-annotations/1.5.14/swagger-annotations-1.5.14.jar:/home/stbenjam/.m2/repository/io/swagger/swagger-models/1.5.14/swagger-models-1.5.14.jar:/home/stbenjam/.m2/repository/io/springfox/springfox-spi/2.8.0/springfox-spi-2.8.0.jar:/home/stbenjam/.m2/repository/io/springfox/springfox-core/2.8.0/springfox-core-2.8.0.jar:/home/stbenjam/.m2/repository/net/bytebuddy/byte-buddy/1.7.9/byte-buddy-1.7.9.jar:/home/stbenjam/.m2/repository/io/springfox/springfox-schema/2.8.0/springfox-schema-2.8.0.jar:/home/stbenjam/.m2/repository/io/springfox/springfox-swagger-common/2.8.0/springfox-swagger-common-2.8.0.jar:/home/stbenjam/.m2/repository/io/springfox/springfox-spring-web/2.8.0/springfox-spring-web-2.8.0.jar:/home/stbenjam/.m2/repository/org/reflections/reflections/0.9.11/reflections-0.9.11.jar:/home/stbenjam/.m2/repository/com/fasterxml/classmate/1.3.4/classmate-1.3.4.jar:/home/stbenjam/.m2/repository/org/springframework/plugin/spring-plugin-core/1.2.0.RELEASE/spring-plugin-core-1.2.0.RELEASE.jar:/home/stbenjam/.m2/repository/org/springframework/plugin/spring-plugin-metadata/1.2.0.RELEASE/spring-plugin-metadata-1.2.0.RELEASE.jar:/home/stbenjam/.m2/repository/org/mapstruct/mapstruct/1.2.0.Final/mapstruct-1.2.0.Final.jar:/home/stbenjam/.m2/repository/io/springfox/springfox-swagger-ui/2.8.0/springfox-swagger-ui-2.8.0.jar:/home/stbenjam/.m2/repository/io/springfox/springfox-data-rest/2.8.0/springfox-data-rest-2.8.0.jar:/home/stbenjam/.m2/repository/org/springframework/hateoas/spring-hateoas/0.23.0.RELEASE/spring-hateoas-0.23.0.RELEASE.jar:/home/stbenjam/.m2/repository/org/usb4java/usb4java-javax/1.2.0/usb4java-javax-1.2.0.jar:/home/stbenjam/.m2/repository/javax/usb/usb-api/1.0.2/usb-api-1.0.2.jar:/home/stbenjam/.m2/repository/org/apache/commons/commons-lang3/3.2.1/commons-lang3-3.2.1.jar:/home/stbenjam/.m2/repository/org/usb4java/usb4java/1.2.0/usb4java-1.2.0.jar:/home/stbenjam/.m2/repository/org/usb4java/libusb4java/1.2.0/libusb4java-1.2.0-linux-x86.jar:/home/stbenjam/.m2/repository/org/usb4java/libusb4java/1.2.0/libusb4java-1.2.0-linux-x86_64.jar:/home/stbenjam/.m2/repository/org/usb4java/libusb4java/1.2.0/libusb4java-1.2.0-linux-arm.jar:/home/stbenjam/.m2/repository/org/usb4java/libusb4java/1.2.0/libusb4java-1.2.0-windows-x86.jar:/home/stbenjam/.m2/repository/org/usb4java/libusb4java/1.2.0/libusb4java-1.2.0-windows-x86_64.jar:/home/stbenjam/.m2/repository/org/usb4java/libusb4java/1.2.0/libusb4java-1.2.0-osx-x86.jar:/home/stbenjam/.m2/repository/org/usb4java/libusb4java/1.2.0/libusb4java-1.2.0-osx-x86_64.jar:/home/stbenjam/.m2/repository/org/mockito/mockito-all/1.9.5/mockito-all-1.9.5.jar:/home/stbenjam/.m2/repository/com/fasterxml/jackson/core/jackson-databind/2.5.0/jackson-databind-2.5.0.jar:/home/stbenjam/.m2/repository/com/fasterxml/jackson/core/jackson-core/2.8.10/jackson-core-2.8.10.jar:/home/stbenjam/.m2/repository/com/vaadin/external/google/android-json/0.0.20131108.vaadin1/android-json-0.0.20131108.vaadin1.jar:/home/stbenjam/.m2/repository/com/tngtech/java/junit-dataprovider/1.13.1/junit-dataprovider-1.13.1.jar:/home/stbenjam/.m2/repository/org/springframework/spring-context-support/3.2.0.RELEASE/spring-context-support-3.2.0.RELEASE.jar:, user.name=stbenjam, java.vm.specification.version=1.8, sun.java.command=/home/stbenjam/git/h2ms/target/surefire/surefirebooter4478042733021414321.jar /home/stbenjam/git/h2ms/target/surefire/surefire602509062644399573tmp /home/stbenjam/git/h2ms/target/surefire/surefire_08659671123201472941tmp, java.home=/usr/lib/jvm/java-1.8.0-openjdk-1.8.0.161-0.b14.fc27.x86_64/jre, sun.arch.data.model=64, user.language=en, java.specification.vendor=Oracle Corporation, awt.toolkit=sun.awt.X11.XToolkit, java.vm.info=mixed mode, java.version=1.8.0_161, java.ext.dirs=/usr/lib/jvm/java-1.8.0-openjdk-1.8.0.161-0.b14.fc27.x86_64/jre/lib/ext:/usr/java/packages/lib/ext, sun.boot.class.path=/usr/lib/jvm/java-1.8.0-openjdk-1.8.0.161-0.b14.fc27.x86_64/jre/lib/resources.jar:/usr/lib/jvm/java-1.8.0-openjdk-1.8.0.161-0.b14.fc27.x86_64/jre/lib/rt.jar:/usr/lib/jvm/java-1.8.0-openjdk-1.8.0.161-0.b14.fc27.x86_64/jre/lib/sunrsasign.jar:/usr/lib/jvm/java-1.8.0-openjdk-1.8.0.161-0.b14.fc27.x86_64/jre/lib/jsse.jar:/usr/lib/jvm/java-1.8.0-openjdk-1.8.0.161-0.b14.fc27.x86_64/jre/lib/jce.jar:/usr/lib/jvm/java-1.8.0-openjdk-1.8.0.161-0.b14.fc27.x86_64/jre/lib/charsets.jar:/usr/lib/jvm/java-1.8.0-openjdk-1.8.0.161-0.b14.fc27.x86_64/jre/lib/jfr.jar:/usr/lib/jvm/java-1.8.0-openjdk-1.8.0.161-0.b14.fc27.x86_64/jre/classes, java.vendor=Oracle Corporation, localRepository=/home/stbenjam/.m2/repository, file.separator=/, java.vendor.url.bug=http://bugreport.sun.com/bugreport/, sun.io.unicode.encoding=UnicodeLittle, sun.cpu.endian=little, sun.desktop=gnome, sun.cpu.isalist=}}, SystemEnvironmentPropertySource@454884231 {name='systemEnvironment', properties={IRBRC=/home/stbenjam/.rvm/rubies/ruby-2.3.3/.irbrc, PATH=/home/stbenjam/.rvm/gems/ruby-2.3.3/bin:/home/stbenjam/.rvm/gems/ruby-2.3.3@global/bin:/home/stbenjam/.rvm/rubies/ruby-2.3.3/bin:/usr/local/bin:/usr/bin:/bin:/usr/local/sbin:/usr/sbin:/home/stbenjam/.local/bin:/home/stbenjam/bin:/home/stbenjam/.rvm/bin, rvm_silent_flag=, HISTCONTROL=ignoredups, XMODIFIERS=@im=ibus, GDMSESSION=gnome-xorg, rvm_quiet_flag=, GUESTFISH_RESTORE=\e[0m, DBUS_SESSION_BUS_ADDRESS=unix:path=/run/user/1000/bus,guid=0ff0c73f492cc1dc3846ae835aac7cd0, COLORTERM=truecolor, rvm_ruby_make_install=, rvm_niceness=, SESSION_MANAGER=local/unix:@/tmp/.ICE-unix/1818,unix/unix:/tmp/.ICE-unix/1818, USERNAME=stbenjam, rvm_version=1.29.1 (latest), PWD=/home/stbenjam/git/h2ms, MANAGERPID=1759, LESSOPEN=||/usr/bin/lesspipe.sh %s, PAGER=less, QTINC=/usr/lib64/qt-3.3/include, rvm_hook=, rvm_wrapper_name=, MY_RUBY_HOME=/home/stbenjam/.rvm/rubies/ruby-2.3.3, rvm_nightly_flag=, ZSH=/home/stbenjam/.oh-my-zsh, rvm_path=/home/stbenjam/.rvm, GUESTFISH_INIT=\e[1;34m, GNOME_DESKTOP_SESSION_ID=this-is-deprecated, SYSTEMD_NSS_BYPASS_BUS=1, DBUS_STARTER_ADDRESS=unix:path=/run/user/1000/bus,guid=0ff0c73f492cc1dc3846ae835aac7cd0, LC_CTYPE=en_US.UTF-8, SHLVL=2, LOADEDMODULES=, HISTSIZE=10000, JAVA_HOME=/usr/lib/jvm/java-1.8.0-openjdk-1.8.0.161-0.b14.fc27.x86_64, TERM=xterm-256color, XDG_SESSION_ID=2, rvm_script_name=, rvm_ruby_make=, rvm_docs_type=, _=/usr/lib/jvm/java-1.8.0-openjdk-1.8.0.161-0.b14.fc27.x86_64/jre/bin/java, MAVEN_PROJECTBASEDIR=/home/stbenjam/git/h2ms, DESKTOP_SESSION=gnome-xorg, XDG_MENU_PREFIX=gnome-, VTE_VERSION=5002, rvm_alias_expanded=, rvm_ruby_bits=, GEM_PATH=/home/stbenjam/.rvm/gems/ruby-2.3.3:/home/stbenjam/.rvm/gems/ruby-2.3.3@global, TILIX_ID=df6230d2-2679-42ab-bd7f-667d05988153, XAUTHORITY=/run/user/1000/gdm/Xauthority, INVOCATION_ID=2a8a59bd24d3424f8a519125eeaea755, XDG_DATA_DIRS=/home/stbenjam/.local/share/flatpak/exports/share/:/var/lib/flatpak/exports/share/:/usr/local/share/:/usr/share/, MODULEPATH=/etc/scl/modulefiles:/etc/scl/modulefiles:/usr/share/Modules/modulefiles:/etc/modulefiles:/usr/share/modulefiles, rvm_bin_flag=, VAGRANT_DEFAULT_PROVIDER=libvirt, XDG_CURRENT_DESKTOP=GNOME, JOURNAL_STREAM=9:35277, MAIL=/var/spool/mail/stbenjam, rvm_ruby_mode=, LOGNAME=stbenjam, rvm_proxy=, SHELL=/bin/zsh, rvm_sdk=, OLDPWD=/home/stbenjam/git/h2ms, GEM_HOME=/home/stbenjam/.rvm/gems/ruby-2.3.3, rvm_use_flag=, GIT=/bin/git, RUBY_VERSION=ruby-2.3.3, _system_name=Fedora, LESS=-R, XDG_SESSION_DESKTOP=gnome-xorg, LS_COLORS=rs=0:di=38;5;33:ln=38;5;51:mh=00:pi=40;38;5;11:so=38;5;13:do=38;5;5:bd=48;5;232;38;5;11:cd=48;5;232;38;5;3:or=48;5;232;38;5;9:mi=01;05;37;41:su=48;5;196;38;5;15:sg=48;5;11;38;5;16:ca=48;5;196;38;5;226:tw=48;5;10;38;5;16:ow=48;5;10;38;5;21:st=48;5;21;38;5;15:ex=38;5;40:*.tar=38;5;9:*.tgz=38;5;9:*.arc=38;5;9:*.arj=38;5;9:*.taz=38;5;9:*.lha=38;5;9:*.lz4=38;5;9:*.lzh=38;5;9:*.lzma=38;5;9:*.tlz=38;5;9:*.txz=38;5;9:*.tzo=38;5;9:*.t7z=38;5;9:*.zip=38;5;9:*.z=38;5;9:*.Z=38;5;9:*.dz=38;5;9:*.gz=38;5;9:*.lrz=38;5;9:*.lz=38;5;9:*.lzo=38;5;9:*.xz=38;5;9:*.zst=38;5;9:*.tzst=38;5;9:*.bz2=38;5;9:*.bz=38;5;9:*.tbz=38;5;9:*.tbz2=38;5;9:*.tz=38;5;9:*.deb=38;5;9:*.rpm=38;5;9:*.jar=38;5;9:*.war=38;5;9:*.ear=38;5;9:*.sar=38;5;9:*.rar=38;5;9:*.alz=38;5;9:*.ace=38;5;9:*.zoo=38;5;9:*.cpio=38;5;9:*.7z=38;5;9:*.rz=38;5;9:*.cab=38;5;9:*.wim=38;5;9:*.swm=38;5;9:*.dwm=38;5;9:*.esd=38;5;9:*.jpg=38;5;13:*.jpeg=38;5;13:*.mjpg=38;5;13:*.mjpeg=38;5;13:*.gif=38;5;13:*.bmp=38;5;13:*.pbm=38;5;13:*.pgm=38;5;13:*.ppm=38;5;13:*.tga=38;5;13:*.xbm=38;5;13:*.xpm=38;5;13:*.tif=38;5;13:*.tiff=38;5;13:*.png=38;5;13:*.svg=38;5;13:*.svgz=38;5;13:*.mng=38;5;13:*.pcx=38;5;13:*.mov=38;5;13:*.mpg=38;5;13:*.mpeg=38;5;13:*.m2v=38;5;13:*.mkv=38;5;13:*.webm=38;5;13:*.ogm=38;5;13:*.mp4=38;5;13:*.m4v=38;5;13:*.mp4v=38;5;13:*.vob=38;5;13:*.qt=38;5;13:*.nuv=38;5;13:*.wmv=38;5;13:*.asf=38;5;13:*.rm=38;5;13:*.rmvb=38;5;13:*.flc=38;5;13:*.avi=38;5;13:*.fli=38;5;13:*.flv=38;5;13:*.gl=38;5;13:*.dl=38;5;13:*.xcf=38;5;13:*.xwd=38;5;13:*.yuv=38;5;13:*.cgm=38;5;13:*.emf=38;5;13:*.ogv=38;5;13:*.ogx=38;5;13:*.aac=38;5;45:*.au=38;5;45:*.flac=38;5;45:*.m4a=38;5;45:*.mid=38;5;45:*.midi=38;5;45:*.mka=38;5;45:*.mp3=38;5;45:*.mpc=38;5;45:*.ogg=38;5;45:*.ra=38;5;45:*.wav=38;5;45:*.oga=38;5;45:*.opus=38;5;45:*.spx=38;5;45:*.xspf=38;5;45:, rvm_gemstone_package_file=, _system_arch=x86_64, rvm_bin_path=/home/stbenjam/.rvm/bin, QT_IM_MODULE=ibus, rvm_only_path_flag=, rvm_prefix=/home/stbenjam, LANG=en_US.UTF-8, XDG_SESSION_TYPE=x11, DISPLAY=:0, rvm_gemstone_url=, GDM_LANG=en_US.UTF-8, GUESTFISH_PS1=\[\e[1;32m\]><fs>\[\e[0;31m\] , LSCOLORS=Gxfxcxdxbxegedabagacad, _system_type=Linux, _system_version=27, GPG_TTY=/dev/pts/1, USER=stbenjam, rvm_ruby_file=, WINDOWPATH=2, XDG_SEAT=seat0, SSH_AUTH_SOCK=/run/user/1000/keyring/ssh, EDITOR=vim, HOSTNAME=ancient.bitbin.de, MODULESHOME=/usr/share/Modules, QTDIR=/usr/lib64/qt-3.3, XDG_RUNTIME_DIR=/run/user/1000, XDG_VTNR=2, GUESTFISH_OUTPUT=\e[0m, DBUS_STARTER_BUS_TYPE=session, QTLIB=/usr/lib64/qt-3.3/lib, HOME=/home/stbenjam}}]
21:13:06.775 [main] INFO org.springframework.boot.test.context.SpringBootTestContextBootstrapper - Found @SpringBootConfiguration edu.harvard.h2ms.H2MSRestAppInitializer for test class edu.harvard.h2ms.service.LocationServiceTests
21:13:06.782 [main] DEBUG org.springframework.boot.test.context.SpringBootTestContextBootstrapper - @TestExecutionListeners is not present for class [edu.harvard.h2ms.service.LocationServiceTests]: using defaults.
21:13:06.786 [main] INFO org.springframework.boot.test.context.SpringBootTestContextBootstrapper - Loaded default TestExecutionListener class names from location [META-INF/spring.factories]: [org.springframework.boot.test.mock.mockito.MockitoTestExecutionListener, org.springframework.boot.test.mock.mockito.ResetMocksTestExecutionListener, org.springframework.boot.test.autoconfigure.restdocs.RestDocsTestExecutionListener, org.springframework.boot.test.autoconfigure.web.client.MockRestServiceServerResetTestExecutionListener, org.springframework.boot.test.autoconfigure.web.servlet.MockMvcPrintOnlyOnFailureTestExecutionListener, org.springframework.boot.test.autoconfigure.web.servlet.WebDriverTestExecutionListener, org.springframework.test.context.web.ServletTestExecutionListener, org.springframework.test.context.support.DirtiesContextBeforeModesTestExecutionListener, org.springframework.test.context.support.DependencyInjectionTestExecutionListener, org.springframework.test.context.support.DirtiesContextTestExecutionListener, org.springframework.test.context.transaction.TransactionalTestExecutionListener, org.springframework.test.context.jdbc.SqlScriptsTestExecutionListener, org.springframework.security.test.context.support.WithSecurityContextTestExecutionListener]
21:13:06.788 [main] INFO org.springframework.boot.test.context.SpringBootTestContextBootstrapper - Using TestExecutionListeners: [org.springframework.test.context.web.ServletTestExecutionListener@d2de489, org.springframework.test.context.support.DirtiesContextBeforeModesTestExecutionListener@14bdbc74, org.springframework.boot.test.autoconfigure.SpringBootDependencyInjectionTestExecutionListener@12591ac8, org.springframework.test.context.support.DirtiesContextTestExecutionListener@5a7fe64f, org.springframework.test.context.transaction.TransactionalTestExecutionListener@38145825, org.springframework.test.context.jdbc.SqlScriptsTestExecutionListener@41330d4f, org.springframework.security.test.context.support.WithSecurityContextTestExecutionListener@1b66c0fb, org.springframework.boot.test.mock.mockito.MockitoTestExecutionListener@3e0e1046, org.springframework.boot.test.mock.mockito.ResetMocksTestExecutionListener@24c1b2d2, org.springframework.boot.test.autoconfigure.restdocs.RestDocsTestExecutionListener@7dc19a70, org.springframework.boot.test.autoconfigure.web.client.MockRestServiceServerResetTestExecutionListener@508dec2b, org.springframework.boot.test.autoconfigure.web.servlet.MockMvcPrintOnlyOnFailureTestExecutionListener@1e4f4a5c, org.springframework.boot.test.autoconfigure.web.servlet.WebDriverTestExecutionListener@37313c65]
21:13:06.788 [main] DEBUG org.springframework.test.annotation.ProfileValueUtils - Retrieved @ProfileValueSourceConfiguration [null] for test class [edu.harvard.h2ms.service.LocationServiceTests]
21:13:06.789 [main] DEBUG org.springframework.test.annotation.ProfileValueUtils - Retrieved ProfileValueSource type [class org.springframework.test.annotation.SystemProfileValueSource] for class [edu.harvard.h2ms.service.LocationServiceTests]
21:13:06.789 [main] DEBUG org.springframework.test.annotation.ProfileValueUtils - Retrieved @ProfileValueSourceConfiguration [null] for test class [edu.harvard.h2ms.service.LocationServiceTests]
21:13:06.790 [main] DEBUG org.springframework.test.annotation.ProfileValueUtils - Retrieved ProfileValueSource type [class org.springframework.test.annotation.SystemProfileValueSource] for class [edu.harvard.h2ms.service.LocationServiceTests]
21:13:06.791 [main] DEBUG org.springframework.test.context.support.AbstractDirtiesContextTestExecutionListener - Before test class: context [DefaultTestContext@7486b455 testClass = LocationServiceTests, testInstance = [null], testMethod = [null], testException = [null], mergedContextConfiguration = [MergedContextConfiguration@660acfb testClass = LocationServiceTests, locations = '{}', classes = '{class edu.harvard.h2ms.H2MSRestAppInitializer}', contextInitializerClasses = '[]', activeProfiles = '{}', propertySourceLocations = '{}', propertySourceProperties = '{org.springframework.boot.test.context.SpringBootTestContextBootstrapper=true}', contextCustomizers = set[[ImportsContextCustomizer@5d908d47 key = [org.springframework.boot.autoconfigure.cache.CacheAutoConfiguration, org.springframework.boot.autoconfigure.data.jpa.JpaRepositoriesAutoConfiguration, org.springframework.boot.autoconfigure.flyway.FlywayAutoConfiguration, org.springframework.boot.autoconfigure.jdbc.DataSourceAutoConfiguration, org.springframework.boot.autoconfigure.jdbc.DataSourceTransactionManagerAutoConfiguration, org.springframework.boot.autoconfigure.jdbc.JdbcTemplateAutoConfiguration, org.springframework.boot.autoconfigure.liquibase.LiquibaseAutoConfiguration, org.springframework.boot.autoconfigure.orm.jpa.HibernateJpaAutoConfiguration, org.springframework.boot.autoconfigure.transaction.TransactionAutoConfiguration, org.springframework.boot.test.autoconfigure.jdbc.TestDatabaseAutoConfiguration, org.springframework.boot.test.autoconfigure.orm.jpa.TestEntityManagerAutoConfiguration]], org.springframework.boot.test.context.filter.ExcludeFilterContextCustomizer@1ee807c6, org.springframework.boot.test.json.DuplicateJsonObjectContextCustomizerFactory$DuplicateJsonObjectContextCustomizer@6cc7b4de, org.springframework.boot.test.mock.mockito.MockitoContextCustomizer@0, org.springframework.boot.test.autoconfigure.OverrideAutoConfigurationContextCustomizerFactory$DisableAutoConfigurationContextCustomizer@5e25a92e, org.springframework.boot.test.autoconfigure.filter.TypeExcludeFiltersContextCustomizer@351584c0, org.springframework.boot.test.autoconfigure.properties.PropertyMappingContextCustomizer@21f6a1b6, org.springframework.boot.test.autoconfigure.web.servlet.WebDriverContextCustomizerFactory$Customizer@1c72da34], contextLoader = 'org.springframework.boot.test.context.SpringBootContextLoader', parent = [null]]], class annotated with @DirtiesContext [false] with mode [null].
21:13:06.792 [main] DEBUG org.springframework.test.annotation.ProfileValueUtils - Retrieved @ProfileValueSourceConfiguration [null] for test class [edu.harvard.h2ms.service.LocationServiceTests]
21:13:06.792 [main] DEBUG org.springframework.test.annotation.ProfileValueUtils - Retrieved ProfileValueSource type [class org.springframework.test.annotation.SystemProfileValueSource] for class [edu.harvard.h2ms.service.LocationServiceTests]
21:13:06.794 [main] DEBUG org.springframework.test.context.support.DependencyInjectionTestExecutionListener - Performing dependency injection for test context [[DefaultTestContext@7486b455 testClass = LocationServiceTests, testInstance = edu.harvard.h2ms.service.LocationServiceTests@2d29b4ee, testMethod = [null], testException = [null], mergedContextConfiguration = [MergedContextConfiguration@660acfb testClass = LocationServiceTests, locations = '{}', classes = '{class edu.harvard.h2ms.H2MSRestAppInitializer}', contextInitializerClasses = '[]', activeProfiles = '{}', propertySourceLocations = '{}', propertySourceProperties = '{org.springframework.boot.test.context.SpringBootTestContextBootstrapper=true}', contextCustomizers = set[[ImportsContextCustomizer@5d908d47 key = [org.springframework.boot.autoconfigure.cache.CacheAutoConfiguration, org.springframework.boot.autoconfigure.data.jpa.JpaRepositoriesAutoConfiguration, org.springframework.boot.autoconfigure.flyway.FlywayAutoConfiguration, org.springframework.boot.autoconfigure.jdbc.DataSourceAutoConfiguration, org.springframework.boot.autoconfigure.jdbc.DataSourceTransactionManagerAutoConfiguration, org.springframework.boot.autoconfigure.jdbc.JdbcTemplateAutoConfiguration, org.springframework.boot.autoconfigure.liquibase.LiquibaseAutoConfiguration, org.springframework.boot.autoconfigure.orm.jpa.HibernateJpaAutoConfiguration, org.springframework.boot.autoconfigure.transaction.TransactionAutoConfiguration, org.springframework.boot.test.autoconfigure.jdbc.TestDatabaseAutoConfiguration, org.springframework.boot.test.autoconfigure.orm.jpa.TestEntityManagerAutoConfiguration]], org.springframework.boot.test.context.filter.ExcludeFilterContextCustomizer@1ee807c6, org.springframework.boot.test.json.DuplicateJsonObjectContextCustomizerFactory$DuplicateJsonObjectContextCustomizer@6cc7b4de, org.springframework.boot.test.mock.mockito.MockitoContextCustomizer@0, org.springframework.boot.test.autoconfigure.OverrideAutoConfigurationContextCustomizerFactory$DisableAutoConfigurationContextCustomizer@5e25a92e, org.springframework.boot.test.autoconfigure.filter.TypeExcludeFiltersContextCustomizer@351584c0, org.springframework.boot.test.autoconfigure.properties.PropertyMappingContextCustomizer@21f6a1b6, org.springframework.boot.test.autoconfigure.web.servlet.WebDriverContextCustomizerFactory$Customizer@1c72da34], contextLoader = 'org.springframework.boot.test.context.SpringBootContextLoader', parent = [null]]]].
21:13:06.871 [main] DEBUG org.springframework.core.env.StandardEnvironment - Adding PropertySource 'systemProperties' with lowest search precedence
21:13:06.871 [main] DEBUG org.springframework.core.env.StandardEnvironment - Adding PropertySource 'systemEnvironment' with lowest search precedence
21:13:06.872 [main] DEBUG org.springframework.core.env.StandardEnvironment - Initialized StandardEnvironment with PropertySources [MapPropertySource@652176954 {name='systemProperties', properties={java.runtime.name=OpenJDK Runtime Environment, sun.boot.library.path=/usr/lib/jvm/java-1.8.0-openjdk-1.8.0.161-0.b14.fc27.x86_64/jre/lib/amd64, java.vm.version=25.161-b14, java.vm.vendor=Oracle Corporation, java.vendor.url=http://java.oracle.com/, path.separator=:, java.vm.name=OpenJDK 64-Bit Server VM, file.encoding.pkg=sun.io, user.country=US, sun.java.launcher=SUN_STANDARD, sun.os.patch.level=unknown, java.vm.specification.name=Java Virtual Machine Specification, user.dir=/home/stbenjam/git/h2ms, java.runtime.version=1.8.0_161-b14, basedir=/home/stbenjam/git/h2ms, java.awt.graphicsenv=sun.awt.X11GraphicsEnvironment, java.endorsed.dirs=/usr/lib/jvm/java-1.8.0-openjdk-1.8.0.161-0.b14.fc27.x86_64/jre/lib/endorsed, os.arch=amd64, surefire.real.class.path=/home/stbenjam/git/h2ms/target/surefire/surefirebooter4478042733021414321.jar, java.io.tmpdir=/tmp, line.separator=
, java.vm.specification.vendor=Oracle Corporation, os.name=Linux, sun.jnu.encoding=UTF-8, java.library.path=/usr/java/packages/lib/amd64:/usr/lib64:/lib64:/lib:/usr/lib, surefire.test.class.path=/home/stbenjam/git/h2ms/target/test-classes:/home/stbenjam/git/h2ms/target/classes:/home/stbenjam/.m2/repository/org/springframework/boot/spring-boot-starter-data-rest/1.5.10.RELEASE/spring-boot-starter-data-rest-1.5.10.RELEASE.jar:/home/stbenjam/.m2/repository/org/springframework/boot/spring-boot-starter/1.5.10.RELEASE/spring-boot-starter-1.5.10.RELEASE.jar:/home/stbenjam/.m2/repository/org/springframework/boot/spring-boot/1.5.10.RELEASE/spring-boot-1.5.10.RELEASE.jar:/home/stbenjam/.m2/repository/org/springframework/boot/spring-boot-autoconfigure/1.5.10.RELEASE/spring-boot-autoconfigure-1.5.10.RELEASE.jar:/home/stbenjam/.m2/repository/org/springframework/boot/spring-boot-starter-logging/1.5.10.RELEASE/spring-boot-starter-logging-1.5.10.RELEASE.jar:/home/stbenjam/.m2/repository/ch/qos/logback/logback-classic/1.1.11/logback-classic-1.1.11.jar:/home/stbenjam/.m2/repository/ch/qos/logback/logback-core/1.1.11/logback-core-1.1.11.jar:/home/stbenjam/.m2/repository/org/slf4j/jul-to-slf4j/1.7.25/jul-to-slf4j-1.7.25.jar:/home/stbenjam/.m2/repository/org/slf4j/log4j-over-slf4j/1.7.25/log4j-over-slf4j-1.7.25.jar:/home/stbenjam/.m2/repository/org/yaml/snakeyaml/1.17/snakeyaml-1.17.jar:/home/stbenjam/.m2/repository/com/fasterxml/jackson/core/jackson-annotations/2.8.0/jackson-annotations-2.8.0.jar:/home/stbenjam/.m2/repository/org/springframework/data/spring-data-rest-webmvc/2.6.10.RELEASE/spring-data-rest-webmvc-2.6.10.RELEASE.jar:/home/stbenjam/.m2/repository/org/springframework/data/spring-data-rest-core/2.6.10.RELEASE/spring-data-rest-core-2.6.10.RELEASE.jar:/home/stbenjam/.m2/repository/org/atteo/evo-inflector/1.2.2/evo-inflector-1.2.2.jar:/home/stbenjam/.m2/repository/org/slf4j/jcl-over-slf4j/1.7.25/jcl-over-slf4j-1.7.25.jar:/home/stbenjam/.m2/repository/org/springframework/boot/spring-boot-starter-web/1.5.10.RELEASE/spring-boot-starter-web-1.5.10.RELEASE.jar:/home/stbenjam/.m2/repository/org/springframework/boot/spring-boot-starter-tomcat/1.5.10.RELEASE/spring-boot-starter-tomcat-1.5.10.RELEASE.jar:/home/stbenjam/.m2/repository/org/apache/tomcat/embed/tomcat-embed-core/8.5.27/tomcat-embed-core-8.5.27.jar:/home/stbenjam/.m2/repository/org/apache/tomcat/tomcat-annotations-api/8.5.27/tomcat-annotations-api-8.5.27.jar:/home/stbenjam/.m2/repository/org/apache/tomcat/embed/tomcat-embed-el/8.5.27/tomcat-embed-el-8.5.27.jar:/home/stbenjam/.m2/repository/org/apache/tomcat/embed/tomcat-embed-websocket/8.5.27/tomcat-embed-websocket-8.5.27.jar:/home/stbenjam/.m2/repository/org/hibernate/hibernate-validator/5.3.6.Final/hibernate-validator-5.3.6.Final.jar:/home/stbenjam/.m2/repository/javax/validation/validation-api/1.1.0.Final/validation-api-1.1.0.Final.jar:/home/stbenjam/.m2/repository/org/jboss/logging/jboss-logging/3.3.1.Final/jboss-logging-3.3.1.Final.jar:/home/stbenjam/.m2/repository/org/springframework/spring-web/4.3.14.RELEASE/spring-web-4.3.14.RELEASE.jar:/home/stbenjam/.m2/repository/org/springframework/spring-webmvc/4.3.14.RELEASE/spring-webmvc-4.3.14.RELEASE.jar:/home/stbenjam/.m2/repository/org/springframework/spring-expression/4.3.14.RELEASE/spring-expression-4.3.14.RELEASE.jar:/home/stbenjam/.m2/repository/org/springframework/boot/spring-boot-starter-thymeleaf/1.5.10.RELEASE/spring-boot-starter-thymeleaf-1.5.10.RELEASE.jar:/home/stbenjam/.m2/repository/org/thymeleaf/thymeleaf-spring4/2.1.6.RELEASE/thymeleaf-spring4-2.1.6.RELEASE.jar:/home/stbenjam/.m2/repository/org/thymeleaf/thymeleaf/2.1.6.RELEASE/thymeleaf-2.1.6.RELEASE.jar:/home/stbenjam/.m2/repository/ognl/ognl/3.0.8/ognl-3.0.8.jar:/home/stbenjam/.m2/repository/org/unbescape/unbescape/1.1.0.RELEASE/unbescape-1.1.0.RELEASE.jar:/home/stbenjam/.m2/repository/nz/net/ultraq/thymeleaf/thymeleaf-layout-dialect/1.4.0/thymeleaf-layout-dialect-1.4.0.jar:/home/stbenjam/.m2/repository/org/codehaus/groovy/groovy/2.4.13/groovy-2.4.13.jar:/home/stbenjam/.m2/repository/org/springframework/boot/spring-boot-starter-test/1.5.10.RELEASE/spring-boot-starter-test-1.5.10.RELEASE.jar:/home/stbenjam/.m2/repository/org/springframework/boot/spring-boot-test/1.5.10.RELEASE/spring-boot-test-1.5.10.RELEASE.jar:/home/stbenjam/.m2/repository/org/springframework/boot/spring-boot-test-autoconfigure/1.5.10.RELEASE/spring-boot-test-autoconfigure-1.5.10.RELEASE.jar:/home/stbenjam/.m2/repository/com/jayway/jsonpath/json-path/2.2.0/json-path-2.2.0.jar:/home/stbenjam/.m2/repository/net/minidev/json-smart/2.2.1/json-smart-2.2.1.jar:/home/stbenjam/.m2/repository/net/minidev/accessors-smart/1.1/accessors-smart-1.1.jar:/home/stbenjam/.m2/repository/org/ow2/asm/asm/5.0.3/asm-5.0.3.jar:/home/stbenjam/.m2/repository/junit/junit/4.12/junit-4.12.jar:/home/stbenjam/.m2/repository/org/assertj/assertj-core/2.6.0/assertj-core-2.6.0.jar:/home/stbenjam/.m2/repository/org/mockito/mockito-core/1.10.19/mockito-core-1.10.19.jar:/home/stbenjam/.m2/repository/org/objenesis/objenesis/2.1/objenesis-2.1.jar:/home/stbenjam/.m2/repository/org/hamcrest/hamcrest-core/1.3/hamcrest-core-1.3.jar:/home/stbenjam/.m2/repository/org/hamcrest/hamcrest-library/1.3/hamcrest-library-1.3.jar:/home/stbenjam/.m2/repository/org/skyscreamer/jsonassert/1.4.0/jsonassert-1.4.0.jar:/home/stbenjam/.m2/repository/org/springframework/spring-core/4.3.14.RELEASE/spring-core-4.3.14.RELEASE.jar:/home/stbenjam/.m2/repository/org/springframework/spring-test/4.3.14.RELEASE/spring-test-4.3.14.RELEASE.jar:/home/stbenjam/.m2/repository/org/springframework/restdocs/spring-restdocs-mockmvc/1.1.3.RELEASE/spring-restdocs-mockmvc-1.1.3.RELEASE.jar:/home/stbenjam/.m2/repository/org/springframework/restdocs/spring-restdocs-core/1.1.3.RELEASE/spring-restdocs-core-1.1.3.RELEASE.jar:/home/stbenjam/.m2/repository/javax/servlet/javax.servlet-api/3.1.0/javax.servlet-api-3.1.0.jar:/home/stbenjam/.m2/repository/org/springframework/boot/spring-boot-starter-data-jpa/1.5.10.RELEASE/spring-boot-starter-data-jpa-1.5.10.RELEASE.jar:/home/stbenjam/.m2/repository/org/springframework/boot/spring-boot-starter-aop/1.5.10.RELEASE/spring-boot-starter-aop-1.5.10.RELEASE.jar:/home/stbenjam/.m2/repository/org/aspectj/aspectjweaver/1.8.13/aspectjweaver-1.8.13.jar:/home/stbenjam/.m2/repository/org/springframework/boot/spring-boot-starter-jdbc/1.5.10.RELEASE/spring-boot-starter-jdbc-1.5.10.RELEASE.jar:/home/stbenjam/.m2/repository/org/apache/tomcat/tomcat-jdbc/8.5.27/tomcat-jdbc-8.5.27.jar:/home/stbenjam/.m2/repository/org/apache/tomcat/tomcat-juli/8.5.27/tomcat-juli-8.5.27.jar:/home/stbenjam/.m2/repository/org/springframework/spring-jdbc/4.3.14.RELEASE/spring-jdbc-4.3.14.RELEASE.jar:/home/stbenjam/.m2/repository/org/hibernate/hibernate-core/5.0.12.Final/hibernate-core-5.0.12.Final.jar:/home/stbenjam/.m2/repository/org/hibernate/javax/persistence/hibernate-jpa-2.1-api/1.0.0.Final/hibernate-jpa-2.1-api-1.0.0.Final.jar:/home/stbenjam/.m2/repository/org/javassist/javassist/3.21.0-GA/javassist-3.21.0-GA.jar:/home/stbenjam/.m2/repository/antlr/antlr/2.7.7/antlr-2.7.7.jar:/home/stbenjam/.m2/repository/org/jboss/jandex/2.0.0.Final/jandex-2.0.0.Final.jar:/home/stbenjam/.m2/repository/dom4j/dom4j/1.6.1/dom4j-1.6.1.jar:/home/stbenjam/.m2/repository/org/hibernate/common/hibernate-commons-annotations/5.0.1.Final/hibernate-commons-annotations-5.0.1.Final.jar:/home/stbenjam/.m2/repository/org/hibernate/hibernate-entitymanager/5.0.12.Final/hibernate-entitymanager-5.0.12.Final.jar:/home/stbenjam/.m2/repository/javax/transaction/javax.transaction-api/1.2/javax.transaction-api-1.2.jar:/home/stbenjam/.m2/repository/org/springframework/data/spring-data-jpa/1.11.10.RELEASE/spring-data-jpa-1.11.10.RELEASE.jar:/home/stbenjam/.m2/repository/org/springframework/data/spring-data-commons/1.13.10.RELEASE/spring-data-commons-1.13.10.RELEASE.jar:/home/stbenjam/.m2/repository/org/springframework/spring-orm/4.3.14.RELEASE/spring-orm-4.3.14.RELEASE.jar:/home/stbenjam/.m2/repository/org/springframework/spring-tx/4.3.14.RELEASE/spring-tx-4.3.14.RELEASE.jar:/home/stbenjam/.m2/repository/org/springframework/spring-aspects/4.3.14.RELEASE/spring-aspects-4.3.14.RELEASE.jar:/home/stbenjam/.m2/repository/com/h2database/h2/1.4.196/h2-1.4.196.jar:/home/stbenjam/.m2/repository/org/postgresql/postgresql/9.4-1206-jdbc42/postgresql-9.4-1206-jdbc42.jar:/home/stbenjam/.m2/repository/log4j/log4j/1.2.17/log4j-1.2.17.jar:/home/stbenjam/.m2/repository/com/google/guava/guava/19.0/guava-19.0.jar:/home/stbenjam/.m2/repository/javax/mail/mail/1.4/mail-1.4.jar:/home/stbenjam/.m2/repository/javax/activation/activation/1.1/activation-1.1.jar:/home/stbenjam/.m2/repository/org/springframework/boot/spring-boot-starter-security/1.5.10.RELEASE/spring-boot-starter-security-1.5.10.RELEASE.jar:/home/stbenjam/.m2/repository/org/springframework/spring-aop/4.3.14.RELEASE/spring-aop-4.3.14.RELEASE.jar:/home/stbenjam/.m2/repository/org/springframework/security/spring-security-config/4.2.4.RELEASE/spring-security-config-4.2.4.RELEASE.jar:/home/stbenjam/.m2/repository/org/springframework/security/spring-security-web/4.2.4.RELEASE/spring-security-web-4.2.4.RELEASE.jar:/home/stbenjam/.m2/repository/org/springframework/boot/spring-boot-starter-mail/1.4.3.RELEASE/spring-boot-starter-mail-1.4.3.RELEASE.jar:/home/stbenjam/.m2/repository/org/springframework/spring-context/4.3.14.RELEASE/spring-context-4.3.14.RELEASE.jar:/home/stbenjam/.m2/repository/com/sun/mail/javax.mail/1.5.6/javax.mail-1.5.6.jar:/home/stbenjam/.m2/repository/com/icegreen/greenmail/1.5.5/greenmail-1.5.5.jar:/home/stbenjam/.m2/repository/org/slf4j/slf4j-api/1.7.25/slf4j-api-1.7.25.jar:/home/stbenjam/.m2/repository/org/springframework/security/spring-security-test/4.2.4.RELEASE/spring-security-test-4.2.4.RELEASE.jar:/home/stbenjam/.m2/repository/org/springframework/security/spring-security-core/4.2.4.RELEASE/spring-security-core-4.2.4.RELEASE.jar:/home/stbenjam/.m2/repository/aopalliance/aopalliance/1.0/aopalliance-1.0.jar:/home/stbenjam/.m2/repository/org/springframework/security/oauth/spring-security-oauth2/2.0.14.RELEASE/spring-security-oauth2-2.0.14.RELEASE.jar:/home/stbenjam/.m2/repository/org/springframework/spring-beans/4.3.14.RELEASE/spring-beans-4.3.14.RELEASE.jar:/home/stbenjam/.m2/repository/commons-codec/commons-codec/1.10/commons-codec-1.10.jar:/home/stbenjam/.m2/repository/org/codehaus/jackson/jackson-mapper-asl/1.9.13/jackson-mapper-asl-1.9.13.jar:/home/stbenjam/.m2/repository/org/codehaus/jackson/jackson-core-asl/1.9.13/jackson-core-asl-1.9.13.jar:/home/stbenjam/.m2/repository/io/springfox/springfox-swagger2/2.8.0/springfox-swagger2-2.8.0.jar:/home/stbenjam/.m2/repository/io/swagger/swagger-annotations/1.5.14/swagger-annotations-1.5.14.jar:/home/stbenjam/.m2/repository/io/swagger/swagger-models/1.5.14/swagger-models-1.5.14.jar:/home/stbenjam/.m2/repository/io/springfox/springfox-spi/2.8.0/springfox-spi-2.8.0.jar:/home/stbenjam/.m2/repository/io/springfox/springfox-core/2.8.0/springfox-core-2.8.0.jar:/home/stbenjam/.m2/repository/net/bytebuddy/byte-buddy/1.7.9/byte-buddy-1.7.9.jar:/home/stbenjam/.m2/repository/io/springfox/springfox-schema/2.8.0/springfox-schema-2.8.0.jar:/home/stbenjam/.m2/repository/io/springfox/springfox-swagger-common/2.8.0/springfox-swagger-common-2.8.0.jar:/home/stbenjam/.m2/repository/io/springfox/springfox-spring-web/2.8.0/springfox-spring-web-2.8.0.jar:/home/stbenjam/.m2/repository/org/reflections/reflections/0.9.11/reflections-0.9.11.jar:/home/stbenjam/.m2/repository/com/fasterxml/classmate/1.3.4/classmate-1.3.4.jar:/home/stbenjam/.m2/repository/org/springframework/plugin/spring-plugin-core/1.2.0.RELEASE/spring-plugin-core-1.2.0.RELEASE.jar:/home/stbenjam/.m2/repository/org/springframework/plugin/spring-plugin-metadata/1.2.0.RELEASE/spring-plugin-metadata-1.2.0.RELEASE.jar:/home/stbenjam/.m2/repository/org/mapstruct/mapstruct/1.2.0.Final/mapstruct-1.2.0.Final.jar:/home/stbenjam/.m2/repository/io/springfox/springfox-swagger-ui/2.8.0/springfox-swagger-ui-2.8.0.jar:/home/stbenjam/.m2/repository/io/springfox/springfox-data-rest/2.8.0/springfox-data-rest-2.8.0.jar:/home/stbenjam/.m2/repository/org/springframework/hateoas/spring-hateoas/0.23.0.RELEASE/spring-hateoas-0.23.0.RELEASE.jar:/home/stbenjam/.m2/repository/org/usb4java/usb4java-javax/1.2.0/usb4java-javax-1.2.0.jar:/home/stbenjam/.m2/repository/javax/usb/usb-api/1.0.2/usb-api-1.0.2.jar:/home/stbenjam/.m2/repository/org/apache/commons/commons-lang3/3.2.1/commons-lang3-3.2.1.jar:/home/stbenjam/.m2/repository/org/usb4java/usb4java/1.2.0/usb4java-1.2.0.jar:/home/stbenjam/.m2/repository/org/usb4java/libusb4java/1.2.0/libusb4java-1.2.0-linux-x86.jar:/home/stbenjam/.m2/repository/org/usb4java/libusb4java/1.2.0/libusb4java-1.2.0-linux-x86_64.jar:/home/stbenjam/.m2/repository/org/usb4java/libusb4java/1.2.0/libusb4java-1.2.0-linux-arm.jar:/home/stbenjam/.m2/repository/org/usb4java/libusb4java/1.2.0/libusb4java-1.2.0-windows-x86.jar:/home/stbenjam/.m2/repository/org/usb4java/libusb4java/1.2.0/libusb4java-1.2.0-windows-x86_64.jar:/home/stbenjam/.m2/repository/org/usb4java/libusb4java/1.2.0/libusb4java-1.2.0-osx-x86.jar:/home/stbenjam/.m2/repository/org/usb4java/libusb4java/1.2.0/libusb4java-1.2.0-osx-x86_64.jar:/home/stbenjam/.m2/repository/org/mockito/mockito-all/1.9.5/mockito-all-1.9.5.jar:/home/stbenjam/.m2/repository/com/fasterxml/jackson/core/jackson-databind/2.5.0/jackson-databind-2.5.0.jar:/home/stbenjam/.m2/repository/com/fasterxml/jackson/core/jackson-core/2.8.10/jackson-core-2.8.10.jar:/home/stbenjam/.m2/repository/com/vaadin/external/google/android-json/0.0.20131108.vaadin1/android-json-0.0.20131108.vaadin1.jar:/home/stbenjam/.m2/repository/com/tngtech/java/junit-dataprovider/1.13.1/junit-dataprovider-1.13.1.jar:/home/stbenjam/.m2/repository/org/springframework/spring-context-support/3.2.0.RELEASE/spring-context-support-3.2.0.RELEASE.jar:, java.specification.name=Java Platform API Specification, java.class.version=52.0, sun.management.compiler=HotSpot 64-Bit Tiered Compilers, os.version=4.14.14-300.fc27.x86_64, user.home=/home/stbenjam, user.timezone=America/New_York, java.awt.printerjob=sun.print.PSPrinterJob, file.encoding=UTF-8, java.specification.version=1.8, java.class.path=/home/stbenjam/git/h2ms/target/test-classes:/home/stbenjam/git/h2ms/target/classes:/home/stbenjam/.m2/repository/org/springframework/boot/spring-boot-starter-data-rest/1.5.10.RELEASE/spring-boot-starter-data-rest-1.5.10.RELEASE.jar:/home/stbenjam/.m2/repository/org/springframework/boot/spring-boot-starter/1.5.10.RELEASE/spring-boot-starter-1.5.10.RELEASE.jar:/home/stbenjam/.m2/repository/org/springframework/boot/spring-boot/1.5.10.RELEASE/spring-boot-1.5.10.RELEASE.jar:/home/stbenjam/.m2/repository/org/springframework/boot/spring-boot-autoconfigure/1.5.10.RELEASE/spring-boot-autoconfigure-1.5.10.RELEASE.jar:/home/stbenjam/.m2/repository/org/springframework/boot/spring-boot-starter-logging/1.5.10.RELEASE/spring-boot-starter-logging-1.5.10.RELEASE.jar:/home/stbenjam/.m2/repository/ch/qos/logback/logback-classic/1.1.11/logback-classic-1.1.11.jar:/home/stbenjam/.m2/repository/ch/qos/logback/logback-core/1.1.11/logback-core-1.1.11.jar:/home/stbenjam/.m2/repository/org/slf4j/jul-to-slf4j/1.7.25/jul-to-slf4j-1.7.25.jar:/home/stbenjam/.m2/repository/org/slf4j/log4j-over-slf4j/1.7.25/log4j-over-slf4j-1.7.25.jar:/home/stbenjam/.m2/repository/org/yaml/snakeyaml/1.17/snakeyaml-1.17.jar:/home/stbenjam/.m2/repository/com/fasterxml/jackson/core/jackson-annotations/2.8.0/jackson-annotations-2.8.0.jar:/home/stbenjam/.m2/repository/org/springframework/data/spring-data-rest-webmvc/2.6.10.RELEASE/spring-data-rest-webmvc-2.6.10.RELEASE.jar:/home/stbenjam/.m2/repository/org/springframework/data/spring-data-rest-core/2.6.10.RELEASE/spring-data-rest-core-2.6.10.RELEASE.jar:/home/stbenjam/.m2/repository/org/atteo/evo-inflector/1.2.2/evo-inflector-1.2.2.jar:/home/stbenjam/.m2/repository/org/slf4j/jcl-over-slf4j/1.7.25/jcl-over-slf4j-1.7.25.jar:/home/stbenjam/.m2/repository/org/springframework/boot/spring-boot-starter-web/1.5.10.RELEASE/spring-boot-starter-web-1.5.10.RELEASE.jar:/home/stbenjam/.m2/repository/org/springframework/boot/spring-boot-starter-tomcat/1.5.10.RELEASE/spring-boot-starter-tomcat-1.5.10.RELEASE.jar:/home/stbenjam/.m2/repository/org/apache/tomcat/embed/tomcat-embed-core/8.5.27/tomcat-embed-core-8.5.27.jar:/home/stbenjam/.m2/repository/org/apache/tomcat/tomcat-annotations-api/8.5.27/tomcat-annotations-api-8.5.27.jar:/home/stbenjam/.m2/repository/org/apache/tomcat/embed/tomcat-embed-el/8.5.27/tomcat-embed-el-8.5.27.jar:/home/stbenjam/.m2/repository/org/apache/tomcat/embed/tomcat-embed-websocket/8.5.27/tomcat-embed-websocket-8.5.27.jar:/home/stbenjam/.m2/repository/org/hibernate/hibernate-validator/5.3.6.Final/hibernate-validator-5.3.6.Final.jar:/home/stbenjam/.m2/repository/javax/validation/validation-api/1.1.0.Final/validation-api-1.1.0.Final.jar:/home/stbenjam/.m2/repository/org/jboss/logging/jboss-logging/3.3.1.Final/jboss-logging-3.3.1.Final.jar:/home/stbenjam/.m2/repository/org/springframework/spring-web/4.3.14.RELEASE/spring-web-4.3.14.RELEASE.jar:/home/stbenjam/.m2/repository/org/springframework/spring-webmvc/4.3.14.RELEASE/spring-webmvc-4.3.14.RELEASE.jar:/home/stbenjam/.m2/repository/org/springframework/spring-expression/4.3.14.RELEASE/spring-expression-4.3.14.RELEASE.jar:/home/stbenjam/.m2/repository/org/springframework/boot/spring-boot-starter-thymeleaf/1.5.10.RELEASE/spring-boot-starter-thymeleaf-1.5.10.RELEASE.jar:/home/stbenjam/.m2/repository/org/thymeleaf/thymeleaf-spring4/2.1.6.RELEASE/thymeleaf-spring4-2.1.6.RELEASE.jar:/home/stbenjam/.m2/repository/org/thymeleaf/thymeleaf/2.1.6.RELEASE/thymeleaf-2.1.6.RELEASE.jar:/home/stbenjam/.m2/repository/ognl/ognl/3.0.8/ognl-3.0.8.jar:/home/stbenjam/.m2/repository/org/unbescape/unbescape/1.1.0.RELEASE/unbescape-1.1.0.RELEASE.jar:/home/stbenjam/.m2/repository/nz/net/ultraq/thymeleaf/thymeleaf-layout-dialect/1.4.0/thymeleaf-layout-dialect-1.4.0.jar:/home/stbenjam/.m2/repository/org/codehaus/groovy/groovy/2.4.13/groovy-2.4.13.jar:/home/stbenjam/.m2/repository/org/springframework/boot/spring-boot-starter-test/1.5.10.RELEASE/spring-boot-starter-test-1.5.10.RELEASE.jar:/home/stbenjam/.m2/repository/org/springframework/boot/spring-boot-test/1.5.10.RELEASE/spring-boot-test-1.5.10.RELEASE.jar:/home/stbenjam/.m2/repository/org/springframework/boot/spring-boot-test-autoconfigure/1.5.10.RELEASE/spring-boot-test-autoconfigure-1.5.10.RELEASE.jar:/home/stbenjam/.m2/repository/com/jayway/jsonpath/json-path/2.2.0/json-path-2.2.0.jar:/home/stbenjam/.m2/repository/net/minidev/json-smart/2.2.1/json-smart-2.2.1.jar:/home/stbenjam/.m2/repository/net/minidev/accessors-smart/1.1/accessors-smart-1.1.jar:/home/stbenjam/.m2/repository/org/ow2/asm/asm/5.0.3/asm-5.0.3.jar:/home/stbenjam/.m2/repository/junit/junit/4.12/junit-4.12.jar:/home/stbenjam/.m2/repository/org/assertj/assertj-core/2.6.0/assertj-core-2.6.0.jar:/home/stbenjam/.m2/repository/org/mockito/mockito-core/1.10.19/mockito-core-1.10.19.jar:/home/stbenjam/.m2/repository/org/objenesis/objenesis/2.1/objenesis-2.1.jar:/home/stbenjam/.m2/repository/org/hamcrest/hamcrest-core/1.3/hamcrest-core-1.3.jar:/home/stbenjam/.m2/repository/org/hamcrest/hamcrest-library/1.3/hamcrest-library-1.3.jar:/home/stbenjam/.m2/repository/org/skyscreamer/jsonassert/1.4.0/jsonassert-1.4.0.jar:/home/stbenjam/.m2/repository/org/springframework/spring-core/4.3.14.RELEASE/spring-core-4.3.14.RELEASE.jar:/home/stbenjam/.m2/repository/org/springframework/spring-test/4.3.14.RELEASE/spring-test-4.3.14.RELEASE.jar:/home/stbenjam/.m2/repository/org/springframework/restdocs/spring-restdocs-mockmvc/1.1.3.RELEASE/spring-restdocs-mockmvc-1.1.3.RELEASE.jar:/home/stbenjam/.m2/repository/org/springframework/restdocs/spring-restdocs-core/1.1.3.RELEASE/spring-restdocs-core-1.1.3.RELEASE.jar:/home/stbenjam/.m2/repository/javax/servlet/javax.servlet-api/3.1.0/javax.servlet-api-3.1.0.jar:/home/stbenjam/.m2/repository/org/springframework/boot/spring-boot-starter-data-jpa/1.5.10.RELEASE/spring-boot-starter-data-jpa-1.5.10.RELEASE.jar:/home/stbenjam/.m2/repository/org/springframework/boot/spring-boot-starter-aop/1.5.10.RELEASE/spring-boot-starter-aop-1.5.10.RELEASE.jar:/home/stbenjam/.m2/repository/org/aspectj/aspectjweaver/1.8.13/aspectjweaver-1.8.13.jar:/home/stbenjam/.m2/repository/org/springframework/boot/spring-boot-starter-jdbc/1.5.10.RELEASE/spring-boot-starter-jdbc-1.5.10.RELEASE.jar:/home/stbenjam/.m2/repository/org/apache/tomcat/tomcat-jdbc/8.5.27/tomcat-jdbc-8.5.27.jar:/home/stbenjam/.m2/repository/org/apache/tomcat/tomcat-juli/8.5.27/tomcat-juli-8.5.27.jar:/home/stbenjam/.m2/repository/org/springframework/spring-jdbc/4.3.14.RELEASE/spring-jdbc-4.3.14.RELEASE.jar:/home/stbenjam/.m2/repository/org/hibernate/hibernate-core/5.0.12.Final/hibernate-core-5.0.12.Final.jar:/home/stbenjam/.m2/repository/org/hibernate/javax/persistence/hibernate-jpa-2.1-api/1.0.0.Final/hibernate-jpa-2.1-api-1.0.0.Final.jar:/home/stbenjam/.m2/repository/org/javassist/javassist/3.21.0-GA/javassist-3.21.0-GA.jar:/home/stbenjam/.m2/repository/antlr/antlr/2.7.7/antlr-2.7.7.jar:/home/stbenjam/.m2/repository/org/jboss/jandex/2.0.0.Final/jandex-2.0.0.Final.jar:/home/stbenjam/.m2/repository/dom4j/dom4j/1.6.1/dom4j-1.6.1.jar:/home/stbenjam/.m2/repository/org/hibernate/common/hibernate-commons-annotations/5.0.1.Final/hibernate-commons-annotations-5.0.1.Final.jar:/home/stbenjam/.m2/repository/org/hibernate/hibernate-entitymanager/5.0.12.Final/hibernate-entitymanager-5.0.12.Final.jar:/home/stbenjam/.m2/repository/javax/transaction/javax.transaction-api/1.2/javax.transaction-api-1.2.jar:/home/stbenjam/.m2/repository/org/springframework/data/spring-data-jpa/1.11.10.RELEASE/spring-data-jpa-1.11.10.RELEASE.jar:/home/stbenjam/.m2/repository/org/springframework/data/spring-data-commons/1.13.10.RELEASE/spring-data-commons-1.13.10.RELEASE.jar:/home/stbenjam/.m2/repository/org/springframework/spring-orm/4.3.14.RELEASE/spring-orm-4.3.14.RELEASE.jar:/home/stbenjam/.m2/repository/org/springframework/spring-tx/4.3.14.RELEASE/spring-tx-4.3.14.RELEASE.jar:/home/stbenjam/.m2/repository/org/springframework/spring-aspects/4.3.14.RELEASE/spring-aspects-4.3.14.RELEASE.jar:/home/stbenjam/.m2/repository/com/h2database/h2/1.4.196/h2-1.4.196.jar:/home/stbenjam/.m2/repository/org/postgresql/postgresql/9.4-1206-jdbc42/postgresql-9.4-1206-jdbc42.jar:/home/stbenjam/.m2/repository/log4j/log4j/1.2.17/log4j-1.2.17.jar:/home/stbenjam/.m2/repository/com/google/guava/guava/19.0/guava-19.0.jar:/home/stbenjam/.m2/repository/javax/mail/mail/1.4/mail-1.4.jar:/home/stbenjam/.m2/repository/javax/activation/activation/1.1/activation-1.1.jar:/home/stbenjam/.m2/repository/org/springframework/boot/spring-boot-starter-security/1.5.10.RELEASE/spring-boot-starter-security-1.5.10.RELEASE.jar:/home/stbenjam/.m2/repository/org/springframework/spring-aop/4.3.14.RELEASE/spring-aop-4.3.14.RELEASE.jar:/home/stbenjam/.m2/repository/org/springframework/security/spring-security-config/4.2.4.RELEASE/spring-security-config-4.2.4.RELEASE.jar:/home/stbenjam/.m2/repository/org/springframework/security/spring-security-web/4.2.4.RELEASE/spring-security-web-4.2.4.RELEASE.jar:/home/stbenjam/.m2/repository/org/springframework/boot/spring-boot-starter-mail/1.4.3.RELEASE/spring-boot-starter-mail-1.4.3.RELEASE.jar:/home/stbenjam/.m2/repository/org/springframework/spring-context/4.3.14.RELEASE/spring-context-4.3.14.RELEASE.jar:/home/stbenjam/.m2/repository/com/sun/mail/javax.mail/1.5.6/javax.mail-1.5.6.jar:/home/stbenjam/.m2/repository/com/icegreen/greenmail/1.5.5/greenmail-1.5.5.jar:/home/stbenjam/.m2/repository/org/slf4j/slf4j-api/1.7.25/slf4j-api-1.7.25.jar:/home/stbenjam/.m2/repository/org/springframework/security/spring-security-test/4.2.4.RELEASE/spring-security-test-4.2.4.RELEASE.jar:/home/stbenjam/.m2/repository/org/springframework/security/spring-security-core/4.2.4.RELEASE/spring-security-core-4.2.4.RELEASE.jar:/home/stbenjam/.m2/repository/aopalliance/aopalliance/1.0/aopalliance-1.0.jar:/home/stbenjam/.m2/repository/org/springframework/security/oauth/spring-security-oauth2/2.0.14.RELEASE/spring-security-oauth2-2.0.14.RELEASE.jar:/home/stbenjam/.m2/repository/org/springframework/spring-beans/4.3.14.RELEASE/spring-beans-4.3.14.RELEASE.jar:/home/stbenjam/.m2/repository/commons-codec/commons-codec/1.10/commons-codec-1.10.jar:/home/stbenjam/.m2/repository/org/codehaus/jackson/jackson-mapper-asl/1.9.13/jackson-mapper-asl-1.9.13.jar:/home/stbenjam/.m2/repository/org/codehaus/jackson/jackson-core-asl/1.9.13/jackson-core-asl-1.9.13.jar:/home/stbenjam/.m2/repository/io/springfox/springfox-swagger2/2.8.0/springfox-swagger2-2.8.0.jar:/home/stbenjam/.m2/repository/io/swagger/swagger-annotations/1.5.14/swagger-annotations-1.5.14.jar:/home/stbenjam/.m2/repository/io/swagger/swagger-models/1.5.14/swagger-models-1.5.14.jar:/home/stbenjam/.m2/repository/io/springfox/springfox-spi/2.8.0/springfox-spi-2.8.0.jar:/home/stbenjam/.m2/repository/io/springfox/springfox-core/2.8.0/springfox-core-2.8.0.jar:/home/stbenjam/.m2/repository/net/bytebuddy/byte-buddy/1.7.9/byte-buddy-1.7.9.jar:/home/stbenjam/.m2/repository/io/springfox/springfox-schema/2.8.0/springfox-schema-2.8.0.jar:/home/stbenjam/.m2/repository/io/springfox/springfox-swagger-common/2.8.0/springfox-swagger-common-2.8.0.jar:/home/stbenjam/.m2/repository/io/springfox/springfox-spring-web/2.8.0/springfox-spring-web-2.8.0.jar:/home/stbenjam/.m2/repository/org/reflections/reflections/0.9.11/reflections-0.9.11.jar:/home/stbenjam/.m2/repository/com/fasterxml/classmate/1.3.4/classmate-1.3.4.jar:/home/stbenjam/.m2/repository/org/springframework/plugin/spring-plugin-core/1.2.0.RELEASE/spring-plugin-core-1.2.0.RELEASE.jar:/home/stbenjam/.m2/repository/org/springframework/plugin/spring-plugin-metadata/1.2.0.RELEASE/spring-plugin-metadata-1.2.0.RELEASE.jar:/home/stbenjam/.m2/repository/org/mapstruct/mapstruct/1.2.0.Final/mapstruct-1.2.0.Final.jar:/home/stbenjam/.m2/repository/io/springfox/springfox-swagger-ui/2.8.0/springfox-swagger-ui-2.8.0.jar:/home/stbenjam/.m2/repository/io/springfox/springfox-data-rest/2.8.0/springfox-data-rest-2.8.0.jar:/home/stbenjam/.m2/repository/org/springframework/hateoas/spring-hateoas/0.23.0.RELEASE/spring-hateoas-0.23.0.RELEASE.jar:/home/stbenjam/.m2/repository/org/usb4java/usb4java-javax/1.2.0/usb4java-javax-1.2.0.jar:/home/stbenjam/.m2/repository/javax/usb/usb-api/1.0.2/usb-api-1.0.2.jar:/home/stbenjam/.m2/repository/org/apache/commons/commons-lang3/3.2.1/commons-lang3-3.2.1.jar:/home/stbenjam/.m2/repository/org/usb4java/usb4java/1.2.0/usb4java-1.2.0.jar:/home/stbenjam/.m2/repository/org/usb4java/libusb4java/1.2.0/libusb4java-1.2.0-linux-x86.jar:/home/stbenjam/.m2/repository/org/usb4java/libusb4java/1.2.0/libusb4java-1.2.0-linux-x86_64.jar:/home/stbenjam/.m2/repository/org/usb4java/libusb4java/1.2.0/libusb4java-1.2.0-linux-arm.jar:/home/stbenjam/.m2/repository/org/usb4java/libusb4java/1.2.0/libusb4java-1.2.0-windows-x86.jar:/home/stbenjam/.m2/repository/org/usb4java/libusb4java/1.2.0/libusb4java-1.2.0-windows-x86_64.jar:/home/stbenjam/.m2/repository/org/usb4java/libusb4java/1.2.0/libusb4java-1.2.0-osx-x86.jar:/home/stbenjam/.m2/repository/org/usb4java/libusb4java/1.2.0/libusb4java-1.2.0-osx-x86_64.jar:/home/stbenjam/.m2/repository/org/mockito/mockito-all/1.9.5/mockito-all-1.9.5.jar:/home/stbenjam/.m2/repository/com/fasterxml/jackson/core/jackson-databind/2.5.0/jackson-databind-2.5.0.jar:/home/stbenjam/.m2/repository/com/fasterxml/jackson/core/jackson-core/2.8.10/jackson-core-2.8.10.jar:/home/stbenjam/.m2/repository/com/vaadin/external/google/android-json/0.0.20131108.vaadin1/android-json-0.0.20131108.vaadin1.jar:/home/stbenjam/.m2/repository/com/tngtech/java/junit-dataprovider/1.13.1/junit-dataprovider-1.13.1.jar:/home/stbenjam/.m2/repository/org/springframework/spring-context-support/3.2.0.RELEASE/spring-context-support-3.2.0.RELEASE.jar:, user.name=stbenjam, java.vm.specification.version=1.8, sun.java.command=/home/stbenjam/git/h2ms/target/surefire/surefirebooter4478042733021414321.jar /home/stbenjam/git/h2ms/target/surefire/surefire602509062644399573tmp /home/stbenjam/git/h2ms/target/surefire/surefire_08659671123201472941tmp, java.home=/usr/lib/jvm/java-1.8.0-openjdk-1.8.0.161-0.b14.fc27.x86_64/jre, sun.arch.data.model=64, user.language=en, java.specification.vendor=Oracle Corporation, awt.toolkit=sun.awt.X11.XToolkit, java.vm.info=mixed mode, java.version=1.8.0_161, java.ext.dirs=/usr/lib/jvm/java-1.8.0-openjdk-1.8.0.161-0.b14.fc27.x86_64/jre/lib/ext:/usr/java/packages/lib/ext, sun.boot.class.path=/usr/lib/jvm/java-1.8.0-openjdk-1.8.0.161-0.b14.fc27.x86_64/jre/lib/resources.jar:/usr/lib/jvm/java-1.8.0-openjdk-1.8.0.161-0.b14.fc27.x86_64/jre/lib/rt.jar:/usr/lib/jvm/java-1.8.0-openjdk-1.8.0.161-0.b14.fc27.x86_64/jre/lib/sunrsasign.jar:/usr/lib/jvm/java-1.8.0-openjdk-1.8.0.161-0.b14.fc27.x86_64/jre/lib/jsse.jar:/usr/lib/jvm/java-1.8.0-openjdk-1.8.0.161-0.b14.fc27.x86_64/jre/lib/jce.jar:/usr/lib/jvm/java-1.8.0-openjdk-1.8.0.161-0.b14.fc27.x86_64/jre/lib/charsets.jar:/usr/lib/jvm/java-1.8.0-openjdk-1.8.0.161-0.b14.fc27.x86_64/jre/lib/jfr.jar:/usr/lib/jvm/java-1.8.0-openjdk-1.8.0.161-0.b14.fc27.x86_64/jre/classes, java.vendor=Oracle Corporation, localRepository=/home/stbenjam/.m2/repository, file.separator=/, java.vendor.url.bug=http://bugreport.sun.com/bugreport/, sun.io.unicode.encoding=UnicodeLittle, sun.cpu.endian=little, sun.desktop=gnome, sun.cpu.isalist=}}, SystemEnvironmentPropertySource@1245065720 {name='systemEnvironment', properties={IRBRC=/home/stbenjam/.rvm/rubies/ruby-2.3.3/.irbrc, PATH=/home/stbenjam/.rvm/gems/ruby-2.3.3/bin:/home/stbenjam/.rvm/gems/ruby-2.3.3@global/bin:/home/stbenjam/.rvm/rubies/ruby-2.3.3/bin:/usr/local/bin:/usr/bin:/bin:/usr/local/sbin:/usr/sbin:/home/stbenjam/.local/bin:/home/stbenjam/bin:/home/stbenjam/.rvm/bin, rvm_silent_flag=, HISTCONTROL=ignoredups, XMODIFIERS=@im=ibus, GDMSESSION=gnome-xorg, rvm_quiet_flag=, GUESTFISH_RESTORE=\e[0m, DBUS_SESSION_BUS_ADDRESS=unix:path=/run/user/1000/bus,guid=0ff0c73f492cc1dc3846ae835aac7cd0, COLORTERM=truecolor, rvm_ruby_make_install=, rvm_niceness=, SESSION_MANAGER=local/unix:@/tmp/.ICE-unix/1818,unix/unix:/tmp/.ICE-unix/1818, USERNAME=stbenjam, rvm_version=1.29.1 (latest), PWD=/home/stbenjam/git/h2ms, MANAGERPID=1759, LESSOPEN=||/usr/bin/lesspipe.sh %s, PAGER=less, QTINC=/usr/lib64/qt-3.3/include, rvm_hook=, rvm_wrapper_name=, MY_RUBY_HOME=/home/stbenjam/.rvm/rubies/ruby-2.3.3, rvm_nightly_flag=, ZSH=/home/stbenjam/.oh-my-zsh, rvm_path=/home/stbenjam/.rvm, GUESTFISH_INIT=\e[1;34m, GNOME_DESKTOP_SESSION_ID=this-is-deprecated, SYSTEMD_NSS_BYPASS_BUS=1, DBUS_STARTER_ADDRESS=unix:path=/run/user/1000/bus,guid=0ff0c73f492cc1dc3846ae835aac7cd0, LC_CTYPE=en_US.UTF-8, SHLVL=2, LOADEDMODULES=, HISTSIZE=10000, JAVA_HOME=/usr/lib/jvm/java-1.8.0-openjdk-1.8.0.161-0.b14.fc27.x86_64, TERM=xterm-256color, XDG_SESSION_ID=2, rvm_script_name=, rvm_ruby_make=, rvm_docs_type=, _=/usr/lib/jvm/java-1.8.0-openjdk-1.8.0.161-0.b14.fc27.x86_64/jre/bin/java, MAVEN_PROJECTBASEDIR=/home/stbenjam/git/h2ms, DESKTOP_SESSION=gnome-xorg, XDG_MENU_PREFIX=gnome-, VTE_VERSION=5002, rvm_alias_expanded=, rvm_ruby_bits=, GEM_PATH=/home/stbenjam/.rvm/gems/ruby-2.3.3:/home/stbenjam/.rvm/gems/ruby-2.3.3@global, TILIX_ID=df6230d2-2679-42ab-bd7f-667d05988153, XAUTHORITY=/run/user/1000/gdm/Xauthority, INVOCATION_ID=2a8a59bd24d3424f8a519125eeaea755, XDG_DATA_DIRS=/home/stbenjam/.local/share/flatpak/exports/share/:/var/lib/flatpak/exports/share/:/usr/local/share/:/usr/share/, MODULEPATH=/etc/scl/modulefiles:/etc/scl/modulefiles:/usr/share/Modules/modulefiles:/etc/modulefiles:/usr/share/modulefiles, rvm_bin_flag=, VAGRANT_DEFAULT_PROVIDER=libvirt, XDG_CURRENT_DESKTOP=GNOME, JOURNAL_STREAM=9:35277, MAIL=/var/spool/mail/stbenjam, rvm_ruby_mode=, LOGNAME=stbenjam, rvm_proxy=, SHELL=/bin/zsh, rvm_sdk=, OLDPWD=/home/stbenjam/git/h2ms, GEM_HOME=/home/stbenjam/.rvm/gems/ruby-2.3.3, rvm_use_flag=, GIT=/bin/git, RUBY_VERSION=ruby-2.3.3, _system_name=Fedora, LESS=-R, XDG_SESSION_DESKTOP=gnome-xorg, LS_COLORS=rs=0:di=38;5;33:ln=38;5;51:mh=00:pi=40;38;5;11:so=38;5;13:do=38;5;5:bd=48;5;232;38;5;11:cd=48;5;232;38;5;3:or=48;5;232;38;5;9:mi=01;05;37;41:su=48;5;196;38;5;15:sg=48;5;11;38;5;16:ca=48;5;196;38;5;226:tw=48;5;10;38;5;16:ow=48;5;10;38;5;21:st=48;5;21;38;5;15:ex=38;5;40:*.tar=38;5;9:*.tgz=38;5;9:*.arc=38;5;9:*.arj=38;5;9:*.taz=38;5;9:*.lha=38;5;9:*.lz4=38;5;9:*.lzh=38;5;9:*.lzma=38;5;9:*.tlz=38;5;9:*.txz=38;5;9:*.tzo=38;5;9:*.t7z=38;5;9:*.zip=38;5;9:*.z=38;5;9:*.Z=38;5;9:*.dz=38;5;9:*.gz=38;5;9:*.lrz=38;5;9:*.lz=38;5;9:*.lzo=38;5;9:*.xz=38;5;9:*.zst=38;5;9:*.tzst=38;5;9:*.bz2=38;5;9:*.bz=38;5;9:*.tbz=38;5;9:*.tbz2=38;5;9:*.tz=38;5;9:*.deb=38;5;9:*.rpm=38;5;9:*.jar=38;5;9:*.war=38;5;9:*.ear=38;5;9:*.sar=38;5;9:*.rar=38;5;9:*.alz=38;5;9:*.ace=38;5;9:*.zoo=38;5;9:*.cpio=38;5;9:*.7z=38;5;9:*.rz=38;5;9:*.cab=38;5;9:*.wim=38;5;9:*.swm=38;5;9:*.dwm=38;5;9:*.esd=38;5;9:*.jpg=38;5;13:*.jpeg=38;5;13:*.mjpg=38;5;13:*.mjpeg=38;5;13:*.gif=38;5;13:*.bmp=38;5;13:*.pbm=38;5;13:*.pgm=38;5;13:*.ppm=38;5;13:*.tga=38;5;13:*.xbm=38;5;13:*.xpm=38;5;13:*.tif=38;5;13:*.tiff=38;5;13:*.png=38;5;13:*.svg=38;5;13:*.svgz=38;5;13:*.mng=38;5;13:*.pcx=38;5;13:*.mov=38;5;13:*.mpg=38;5;13:*.mpeg=38;5;13:*.m2v=38;5;13:*.mkv=38;5;13:*.webm=38;5;13:*.ogm=38;5;13:*.mp4=38;5;13:*.m4v=38;5;13:*.mp4v=38;5;13:*.vob=38;5;13:*.qt=38;5;13:*.nuv=38;5;13:*.wmv=38;5;13:*.asf=38;5;13:*.rm=38;5;13:*.rmvb=38;5;13:*.flc=38;5;13:*.avi=38;5;13:*.fli=38;5;13:*.flv=38;5;13:*.gl=38;5;13:*.dl=38;5;13:*.xcf=38;5;13:*.xwd=38;5;13:*.yuv=38;5;13:*.cgm=38;5;13:*.emf=38;5;13:*.ogv=38;5;13:*.ogx=38;5;13:*.aac=38;5;45:*.au=38;5;45:*.flac=38;5;45:*.m4a=38;5;45:*.mid=38;5;45:*.midi=38;5;45:*.mka=38;5;45:*.mp3=38;5;45:*.mpc=38;5;45:*.ogg=38;5;45:*.ra=38;5;45:*.wav=38;5;45:*.oga=38;5;45:*.opus=38;5;45:*.spx=38;5;45:*.xspf=38;5;45:, rvm_gemstone_package_file=, _system_arch=x86_64, rvm_bin_path=/home/stbenjam/.rvm/bin, QT_IM_MODULE=ibus, rvm_only_path_flag=, rvm_prefix=/home/stbenjam, LANG=en_US.UTF-8, XDG_SESSION_TYPE=x11, DISPLAY=:0, rvm_gemstone_url=, GDM_LANG=en_US.UTF-8, GUESTFISH_PS1=\[\e[1;32m\]><fs>\[\e[0;31m\] , LSCOLORS=Gxfxcxdxbxegedabagacad, _system_type=Linux, _system_version=27, GPG_TTY=/dev/pts/1, USER=stbenjam, rvm_ruby_file=, WINDOWPATH=2, XDG_SEAT=seat0, SSH_AUTH_SOCK=/run/user/1000/keyring/ssh, EDITOR=vim, HOSTNAME=ancient.bitbin.de, MODULESHOME=/usr/share/Modules, QTDIR=/usr/lib64/qt-3.3, XDG_RUNTIME_DIR=/run/user/1000, XDG_VTNR=2, GUESTFISH_OUTPUT=\e[0m, DBUS_STARTER_BUS_TYPE=session, QTLIB=/usr/lib64/qt-3.3/lib, HOME=/home/stbenjam}}]
21:13:06.873 [main] DEBUG org.springframework.core.env.MutablePropertySources - Adding PropertySource 'inline' with highest search precedence
21:13:06.877 [main] DEBUG org.springframework.test.context.support.TestPropertySourceUtils - Adding inlined properties to environment: {spring.jmx.enabled=false, org.springframework.boot.test.context.SpringBootTestContextBootstrapper=true, server.port=-1}
21:13:06.878 [main] DEBUG org.springframework.core.env.StandardEnvironment - Adding PropertySource 'Inlined Test Properties' with highest search precedence

  .   ____          _            __ _ _
 /\\ / ___'_ __ _ _(_)_ __  __ _ \ \ \ \
( ( )\___ | '_ | '_| | '_ \/ _` | \ \ \ \
 \\/  ___)| |_)| | | | | || (_| |  ) ) ) )
  '  |____| .__|_| |_|_| |_\__, | / / / /
 =========|_|==============|___/=/_/_/_/
 :: Spring Boot ::       (v1.5.10.RELEASE)

2018-03-31 21:13:07.266  INFO 16379 --- [           main] e.h.h2ms.service.LocationServiceTests    : Starting LocationServiceTests on ancient.bitbin.de with PID 16379 (started by stbenjam in /home/stbenjam/git/h2ms)
2018-03-31 21:13:07.267  INFO 16379 --- [           main] e.h.h2ms.service.LocationServiceTests    : No active profile set, falling back to default profiles: default
2018-03-31 21:13:07.512  INFO 16379 --- [           main] s.c.a.AnnotationConfigApplicationContext : Refreshing org.springframework.context.annotation.AnnotationConfigApplicationContext@76884e4b: startup date [Sat Mar 31 21:13:07 EDT 2018]; root of context hierarchy
2018-03-31 21:13:08.025  INFO 16379 --- [           main] beddedDataSourceBeanFactoryPostProcessor : Replacing 'dataSource' DataSource bean with embedded version
2018-03-31 21:13:08.026  INFO 16379 --- [           main] o.s.b.f.s.DefaultListableBeanFactory     : Overriding bean definition for bean 'dataSource' with a different definition: replacing [Root bean: class [null]; scope=; abstract=false; lazyInit=false; autowireMode=3; dependencyCheck=0; autowireCandidate=true; primary=false; factoryBeanName=org.springframework.boot.autoconfigure.jdbc.DataSourceConfiguration$Tomcat; factoryMethodName=dataSource; initMethodName=null; destroyMethodName=(inferred); defined in class path resource [org/springframework/boot/autoconfigure/jdbc/DataSourceConfiguration$Tomcat.class]] with [Root bean: class [org.springframework.boot.test.autoconfigure.jdbc.TestDatabaseAutoConfiguration$EmbeddedDataSourceFactoryBean]; scope=; abstract=false; lazyInit=false; autowireMode=0; dependencyCheck=0; autowireCandidate=true; primary=false; factoryBeanName=null; factoryMethodName=null; initMethodName=null; destroyMethodName=null]
2018-03-31 21:13:08.285  INFO 16379 --- [           main] o.s.j.d.e.EmbeddedDatabaseFactory        : Starting embedded database: url='jdbc:h2:mem:a8cfca6d-2b64-440a-ba1c-fd524710597e;DB_CLOSE_DELAY=-1;DB_CLOSE_ON_EXIT=false', username='sa'
2018-03-31 21:13:08.923  INFO 16379 --- [           main] j.LocalContainerEntityManagerFactoryBean : Building JPA container EntityManagerFactory for persistence unit 'default'
2018-03-31 21:13:08.945  INFO 16379 --- [           main] o.hibernate.jpa.internal.util.LogHelper  : HHH000204: Processing PersistenceUnitInfo [
	name: default
	...]
2018-03-31 21:13:09.020  INFO 16379 --- [           main] org.hibernate.Version                    : HHH000412: Hibernate Core {5.0.12.Final}
2018-03-31 21:13:09.022  INFO 16379 --- [           main] org.hibernate.cfg.Environment            : HHH000206: hibernate.properties not found
2018-03-31 21:13:09.024  INFO 16379 --- [           main] org.hibernate.cfg.Environment            : HHH000021: Bytecode provider name : javassist
2018-03-31 21:13:09.084  INFO 16379 --- [           main] o.hibernate.annotations.common.Version   : HCANN000001: Hibernate Commons Annotations {5.0.1.Final}
2018-03-31 21:13:09.278  INFO 16379 --- [           main] org.hibernate.dialect.Dialect            : HHH000400: Using dialect: org.hibernate.dialect.H2Dialect
2018-03-31 21:13:10.171  INFO 16379 --- [           main] org.hibernate.tool.hbm2ddl.SchemaExport  : HHH000227: Running hbm2ddl schema export
Hibernate: drop table answer if exists
Hibernate: drop table event if exists
Hibernate: drop table event_template if exists
Hibernate: drop table h2msrole if exists
Hibernate: drop table location if exists
Hibernate: drop table question if exists
Hibernate: drop table question_options if exists
Hibernate: drop table reader if exists
Hibernate: drop table user_role if exists
Hibernate: drop table users if exists
Hibernate: drop table wrist_band if exists
Hibernate: create table answer (id bigint generated by default as identity, answer_type varchar(255) not null, value varchar(255), event_id bigint, question_id bigint, primary key (id))
Hibernate: create table event (id bigint generated by default as identity, location varchar(255) not null, timestamp timestamp not null, event_template_id bigint not null, observer_id bigint not null, subject_id bigint not null, primary key (id))
Hibernate: create table event_template (id bigint generated by default as identity, name varchar(255) not null, primary key (id))
Hibernate: create table h2msrole (id bigint generated by default as identity, name varchar(255), primary key (id))
Hibernate: create table location (id bigint generated by default as identity, address varchar(255), country varchar(255), name varchar(255), type varchar(255), zip varchar(255), parent_id bigint, parent bigint, primary key (id))
Hibernate: create table question (id bigint generated by default as identity, answer_type varchar(255) not null, priority integer not null, question varchar(255) not null, required boolean not null, event_template_id bigint, primary key (id))
Hibernate: create table question_options (question_id bigint not null, options varchar(255))
Hibernate: create table reader (id bigint generated by default as identity, brand_name varchar(255), capacity varchar(255), charge_time varchar(255), model_number varchar(255), order_number integer, voltage varchar(255), primary key (id))
Hibernate: create table user_role (user_id bigint not null, role_id bigint not null, primary key (user_id, role_id))
Hibernate: create table users (id bigint generated by default as identity, created_on timestamp, email varchar(255) not null, enabled boolean, first_name varchar(255) not null, last_login timestamp, last_name varchar(255) not null, middle_name varchar(255), notification_frequency varchar(255), password varchar(255) not null, reset_token varchar(255), type varchar(255), primary key (id))
Hibernate: create table wrist_band (id bigint generated by default as identity, bit_format varchar(255), color varchar(255), laser_engraved boolean, order_number integer, sku varchar(255), primary key (id))
Hibernate: alter table users add constraint UK_6dotkott2kjsp8vw4d0m25fb7 unique (email)
Hibernate: alter table answer add constraint FKhyn1ywsrt6rxgi79g73fbg2h9 foreign key (event_id) references event
Hibernate: alter table answer add constraint FK8frr4bcabmmeyyu60qt7iiblo foreign key (question_id) references question
Hibernate: alter table event add constraint FKgfsn4ag41954gfg40gmrwib2q foreign key (event_template_id) references event_template
Hibernate: alter table event add constraint FKjs3rogwcqbcsduon6uvailjd6 foreign key (observer_id) references users
Hibernate: alter table event add constraint FK3niylmreok2j1hfoua3xmeydy foreign key (subject_id) references users
Hibernate: alter table location add constraint FKm5xl34yboc8re75qsac6svt6g foreign key (parent_id) references location
Hibernate: alter table location add constraint FKfansd4i9xv9x97fyq62yq3yh9 foreign key (parent) references location
Hibernate: alter table question add constraint FKmthmx291pg64rij16qshkx6o4 foreign key (event_template_id) references event_template
Hibernate: alter table question_options add constraint FKjk4v42xhyfv4ca1yyhorsg5tv foreign key (question_id) references question
Hibernate: alter table user_role add constraint FKmpa6lwndu56ekdvo6qlyudgmq foreign key (role_id) references h2msrole
Hibernate: alter table user_role add constraint FKj345gk1bovqvfame88rcx7yyx foreign key (user_id) references users
2018-03-31 21:13:10.229  INFO 16379 --- [           main] org.hibernate.tool.hbm2ddl.SchemaExport  : HHH000230: Schema export complete
2018-03-31 21:13:10.285  INFO 16379 --- [           main] j.LocalContainerEntityManagerFactoryBean : Initialized JPA EntityManagerFactory for persistence unit 'default'
2018-03-31 21:13:10.896  INFO 16379 --- [           main] e.h.h2ms.service.LocationServiceTests    : Started LocationServiceTests in 4.016 seconds (JVM running for 5.466)
2018-03-31 21:13:10.961  INFO 16379 --- [           main] o.s.t.c.transaction.TransactionContext   : Began transaction (1) for test context [DefaultTestContext@7486b455 testClass = LocationServiceTests, testInstance = edu.harvard.h2ms.service.LocationServiceTests@2d29b4ee, testMethod = whenFindByName_thenReturnLocation@LocationServiceTests, testException = [null], mergedContextConfiguration = [MergedContextConfiguration@660acfb testClass = LocationServiceTests, locations = '{}', classes = '{class edu.harvard.h2ms.H2MSRestAppInitializer}', contextInitializerClasses = '[]', activeProfiles = '{}', propertySourceLocations = '{}', propertySourceProperties = '{org.springframework.boot.test.context.SpringBootTestContextBootstrapper=true}', contextCustomizers = set[[ImportsContextCustomizer@5d908d47 key = [org.springframework.boot.autoconfigure.cache.CacheAutoConfiguration, org.springframework.boot.autoconfigure.data.jpa.JpaRepositoriesAutoConfiguration, org.springframework.boot.autoconfigure.flyway.FlywayAutoConfiguration, org.springframework.boot.autoconfigure.jdbc.DataSourceAutoConfiguration, org.springframework.boot.autoconfigure.jdbc.DataSourceTransactionManagerAutoConfiguration, org.springframework.boot.autoconfigure.jdbc.JdbcTemplateAutoConfiguration, org.springframework.boot.autoconfigure.liquibase.LiquibaseAutoConfiguration, org.springframework.boot.autoconfigure.orm.jpa.HibernateJpaAutoConfiguration, org.springframework.boot.autoconfigure.transaction.TransactionAutoConfiguration, org.springframework.boot.test.autoconfigure.jdbc.TestDatabaseAutoConfiguration, org.springframework.boot.test.autoconfigure.orm.jpa.TestEntityManagerAutoConfiguration]], org.springframework.boot.test.context.filter.ExcludeFilterContextCustomizer@1ee807c6, org.springframework.boot.test.json.DuplicateJsonObjectContextCustomizerFactory$DuplicateJsonObjectContextCustomizer@6cc7b4de, org.springframework.boot.test.mock.mockito.MockitoContextCustomizer@0, org.springframework.boot.test.autoconfigure.OverrideAutoConfigurationContextCustomizerFactory$DisableAutoConfigurationContextCustomizer@5e25a92e, org.springframework.boot.test.autoconfigure.filter.TypeExcludeFiltersContextCustomizer@351584c0, org.springframework.boot.test.autoconfigure.properties.PropertyMappingContextCustomizer@21f6a1b6, org.springframework.boot.test.autoconfigure.web.servlet.WebDriverContextCustomizerFactory$Customizer@1c72da34], contextLoader = 'org.springframework.boot.test.context.SpringBootContextLoader', parent = [null]]]; transaction manager [org.springframework.orm.jpa.JpaTransactionManager@57ce2898]; rollback [true]
Hibernate: insert into location (id, address, country, name, parent_id, type, zip) values (null, ?, ?, ?, ?, ?, ?)
2018-03-31 21:13:11.084  INFO 16379 --- [           main] o.h.h.i.QueryTranslatorFactoryInitiator  : HHH000397: Using ASTQueryTranslatorFactory
Hibernate: select location0_.id as id1_4_, location0_.address as address2_4_, location0_.country as country3_4_, location0_.name as name4_4_, location0_.parent_id as parent_i7_4_, location0_.type as type5_4_, location0_.zip as zip6_4_ from location location0_ where location0_.name=?
Hibernate: insert into location (id, address, country, name, parent_id, type, zip) values (null, ?, ?, ?, ?, ?, ?)
Hibernate: select location0_.id as id1_4_, location0_.address as address2_4_, location0_.country as country3_4_, location0_.name as name4_4_, location0_.parent_id as parent_i7_4_, location0_.type as type5_4_, location0_.zip as zip6_4_ from location location0_ where location0_.name=?
2018-03-31 21:13:11.346  INFO 16379 --- [           main] o.s.t.c.transaction.TransactionContext   : Rolled back transaction for test context [DefaultTestContext@7486b455 testClass = LocationServiceTests, testInstance = edu.harvard.h2ms.service.LocationServiceTests@2d29b4ee, testMethod = whenFindByName_thenReturnLocation@LocationServiceTests, testException = [null], mergedContextConfiguration = [MergedContextConfiguration@660acfb testClass = LocationServiceTests, locations = '{}', classes = '{class edu.harvard.h2ms.H2MSRestAppInitializer}', contextInitializerClasses = '[]', activeProfiles = '{}', propertySourceLocations = '{}', propertySourceProperties = '{org.springframework.boot.test.context.SpringBootTestContextBootstrapper=true}', contextCustomizers = set[[ImportsContextCustomizer@5d908d47 key = [org.springframework.boot.autoconfigure.cache.CacheAutoConfiguration, org.springframework.boot.autoconfigure.data.jpa.JpaRepositoriesAutoConfiguration, org.springframework.boot.autoconfigure.flyway.FlywayAutoConfiguration, org.springframework.boot.autoconfigure.jdbc.DataSourceAutoConfiguration, org.springframework.boot.autoconfigure.jdbc.DataSourceTransactionManagerAutoConfiguration, org.springframework.boot.autoconfigure.jdbc.JdbcTemplateAutoConfiguration, org.springframework.boot.autoconfigure.liquibase.LiquibaseAutoConfiguration, org.springframework.boot.autoconfigure.orm.jpa.HibernateJpaAutoConfiguration, org.springframework.boot.autoconfigure.transaction.TransactionAutoConfiguration, org.springframework.boot.test.autoconfigure.jdbc.TestDatabaseAutoConfiguration, org.springframework.boot.test.autoconfigure.orm.jpa.TestEntityManagerAutoConfiguration]], org.springframework.boot.test.context.filter.ExcludeFilterContextCustomizer@1ee807c6, org.springframework.boot.test.json.DuplicateJsonObjectContextCustomizerFactory$DuplicateJsonObjectContextCustomizer@6cc7b4de, org.springframework.boot.test.mock.mockito.MockitoContextCustomizer@0, org.springframework.boot.test.autoconfigure.OverrideAutoConfigurationContextCustomizerFactory$DisableAutoConfigurationContextCustomizer@5e25a92e, org.springframework.boot.test.autoconfigure.filter.TypeExcludeFiltersContextCustomizer@351584c0, org.springframework.boot.test.autoconfigure.properties.PropertyMappingContextCustomizer@21f6a1b6, org.springframework.boot.test.autoconfigure.web.servlet.WebDriverContextCustomizerFactory$Customizer@1c72da34], contextLoader = 'org.springframework.boot.test.context.SpringBootContextLoader', parent = [null]]].
Tests run: 1, Failures: 0, Errors: 0, Skipped: 0, Time elapsed: 4.619 sec - in edu.harvard.h2ms.service.LocationServiceTests
Running edu.harvard.h2ms.service.UserDetailsServiceTest
2018-03-31 21:13:11.354  INFO 16379 --- [           main] o.s.t.c.s.DefaultTestContextBootstrapper : Neither @ContextConfiguration nor @ContextHierarchy found for test class [edu.harvard.h2ms.service.UserDetailsServiceTest], using DelegatingSmartContextLoader
2018-03-31 21:13:11.355  INFO 16379 --- [           main] o.s.t.c.support.AbstractContextLoader    : Could not detect default resource locations for test class [edu.harvard.h2ms.service.UserDetailsServiceTest]: no resource found for suffixes {-context.xml, Context.groovy}.
2018-03-31 21:13:11.357  INFO 16379 --- [           main] c.s.AbstractDelegatingSmartContextLoader : AnnotationConfigContextLoader detected default configuration classes for context configuration [ContextConfigurationAttributes@7cd1ec54 declaringClass = 'edu.harvard.h2ms.service.UserDetailsServiceTest', classes = '{class edu.harvard.h2ms.service.UserDetailsServiceTest$UserDetailsServiceContextConfiguration}', locations = '{}', inheritLocations = false, initializers = '{}', inheritInitializers = true, name = [null], contextLoaderClass = 'org.springframework.test.context.ContextLoader'].
2018-03-31 21:13:11.374  INFO 16379 --- [           main] o.s.t.c.s.DefaultTestContextBootstrapper : Loaded default TestExecutionListener class names from location [META-INF/spring.factories]: [org.springframework.boot.test.mock.mockito.MockitoTestExecutionListener, org.springframework.boot.test.mock.mockito.ResetMocksTestExecutionListener, org.springframework.boot.test.autoconfigure.restdocs.RestDocsTestExecutionListener, org.springframework.boot.test.autoconfigure.web.client.MockRestServiceServerResetTestExecutionListener, org.springframework.boot.test.autoconfigure.web.servlet.MockMvcPrintOnlyOnFailureTestExecutionListener, org.springframework.boot.test.autoconfigure.web.servlet.WebDriverTestExecutionListener, org.springframework.test.context.web.ServletTestExecutionListener, org.springframework.test.context.support.DirtiesContextBeforeModesTestExecutionListener, org.springframework.test.context.support.DependencyInjectionTestExecutionListener, org.springframework.test.context.support.DirtiesContextTestExecutionListener, org.springframework.test.context.transaction.TransactionalTestExecutionListener, org.springframework.test.context.jdbc.SqlScriptsTestExecutionListener, org.springframework.security.test.context.support.WithSecurityContextTestExecutionListener]
2018-03-31 21:13:11.375  INFO 16379 --- [           main] o.s.t.c.s.DefaultTestContextBootstrapper : Using TestExecutionListeners: [org.springframework.test.context.web.ServletTestExecutionListener@c11332b, org.springframework.test.context.support.DirtiesContextBeforeModesTestExecutionListener@7e5e6573, org.springframework.test.context.support.DependencyInjectionTestExecutionListener@3005623b, org.springframework.test.context.support.DirtiesContextTestExecutionListener@58aa5c94, org.springframework.test.context.transaction.TransactionalTestExecutionListener@5d27b4c1, org.springframework.test.context.jdbc.SqlScriptsTestExecutionListener@50df37eb, org.springframework.security.test.context.support.WithSecurityContextTestExecutionListener@4b508371, org.springframework.boot.test.mock.mockito.MockitoTestExecutionListener@41143873, org.springframework.boot.test.mock.mockito.ResetMocksTestExecutionListener@21f50d2c, org.springframework.boot.test.autoconfigure.restdocs.RestDocsTestExecutionListener@8bc0696, org.springframework.boot.test.autoconfigure.web.client.MockRestServiceServerResetTestExecutionListener@473847fb, org.springframework.boot.test.autoconfigure.web.servlet.MockMvcPrintOnlyOnFailureTestExecutionListener@270f28cf, org.springframework.boot.test.autoconfigure.web.servlet.WebDriverTestExecutionListener@2e1add6f]
2018-03-31 21:13:11.390  INFO 16379 --- [           main] o.s.c.support.GenericApplicationContext  : Refreshing org.springframework.context.support.GenericApplicationContext@467af68c: startup date [Sat Mar 31 21:13:11 EDT 2018]; root of context hierarchy
2018-03-31 21:13:11.735  INFO 16379 --- [           main] o.s.c.support.GenericApplicationContext  : Closing org.springframework.context.support.GenericApplicationContext@467af68c: startup date [Sat Mar 31 21:13:11 EDT 2018]; root of context hierarchy
2018-03-31 21:13:11.738  INFO 16379 --- [           main] o.s.c.support.GenericApplicationContext  : Refreshing org.springframework.context.support.GenericApplicationContext@4bbc21bd: startup date [Sat Mar 31 21:13:11 EDT 2018]; root of context hierarchy
Tests run: 2, Failures: 0, Errors: 0, Skipped: 0, Time elapsed: 0.447 sec - in edu.harvard.h2ms.service.UserDetailsServiceTest
Running edu.harvard.h2ms.domain.core.UserTest
2018-03-31 21:13:11.862  INFO 16379 --- [           main] .b.t.c.SpringBootTestContextBootstrapper : Neither @ContextConfiguration nor @ContextHierarchy found for test class [edu.harvard.h2ms.domain.core.UserTest], using SpringBootContextLoader
2018-03-31 21:13:11.863  INFO 16379 --- [           main] o.s.t.c.support.AbstractContextLoader    : Could not detect default resource locations for test class [edu.harvard.h2ms.domain.core.UserTest]: no resource found for suffixes {-context.xml, Context.groovy}.
2018-03-31 21:13:11.863  INFO 16379 --- [           main] t.c.s.AnnotationConfigContextLoaderUtils : Could not detect default configuration classes for test class [edu.harvard.h2ms.domain.core.UserTest]: UserTest does not declare any static, non-private, non-final, nested classes annotated with @Configuration.
2018-03-31 21:13:11.874  INFO 16379 --- [           main] .b.t.c.SpringBootTestContextBootstrapper : Found @SpringBootConfiguration edu.harvard.h2ms.H2MSRestAppInitializer for test class edu.harvard.h2ms.domain.core.UserTest
2018-03-31 21:13:11.876  INFO 16379 --- [           main] .b.t.c.SpringBootTestContextBootstrapper : Loaded default TestExecutionListener class names from location [META-INF/spring.factories]: [org.springframework.boot.test.mock.mockito.MockitoTestExecutionListener, org.springframework.boot.test.mock.mockito.ResetMocksTestExecutionListener, org.springframework.boot.test.autoconfigure.restdocs.RestDocsTestExecutionListener, org.springframework.boot.test.autoconfigure.web.client.MockRestServiceServerResetTestExecutionListener, org.springframework.boot.test.autoconfigure.web.servlet.MockMvcPrintOnlyOnFailureTestExecutionListener, org.springframework.boot.test.autoconfigure.web.servlet.WebDriverTestExecutionListener, org.springframework.test.context.web.ServletTestExecutionListener, org.springframework.test.context.support.DirtiesContextBeforeModesTestExecutionListener, org.springframework.test.context.support.DependencyInjectionTestExecutionListener, org.springframework.test.context.support.DirtiesContextTestExecutionListener, org.springframework.test.context.transaction.TransactionalTestExecutionListener, org.springframework.test.context.jdbc.SqlScriptsTestExecutionListener, org.springframework.security.test.context.support.WithSecurityContextTestExecutionListener]
2018-03-31 21:13:11.878  INFO 16379 --- [           main] .b.t.c.SpringBootTestContextBootstrapper : Using TestExecutionListeners: [org.springframework.test.context.web.ServletTestExecutionListener@1a7d0c9f, org.springframework.test.context.support.DirtiesContextBeforeModesTestExecutionListener@2b1a901d, org.springframework.boot.test.autoconfigure.SpringBootDependencyInjectionTestExecutionListener@11bdab37, org.springframework.test.context.support.DirtiesContextTestExecutionListener@280484c7, org.springframework.test.context.transaction.TransactionalTestExecutionListener@5a6f6cac, org.springframework.test.context.jdbc.SqlScriptsTestExecutionListener@258a8584, org.springframework.security.test.context.support.WithSecurityContextTestExecutionListener@59127611, org.springframework.boot.test.mock.mockito.MockitoTestExecutionListener@553ce348, org.springframework.boot.test.mock.mockito.ResetMocksTestExecutionListener@7417ef4f, org.springframework.boot.test.autoconfigure.restdocs.RestDocsTestExecutionListener@5c0e2ec, org.springframework.boot.test.autoconfigure.web.client.MockRestServiceServerResetTestExecutionListener@4fa8bebb, org.springframework.boot.test.autoconfigure.web.servlet.MockMvcPrintOnlyOnFailureTestExecutionListener@7d3c22a5, org.springframework.boot.test.autoconfigure.web.servlet.WebDriverTestExecutionListener@369ad7da]
2018-03-31 21:13:11.902  INFO 16379 --- [           main] o.s.t.c.transaction.TransactionContext   : Began transaction (1) for test context [DefaultTestContext@305e95a4 testClass = UserTest, testInstance = edu.harvard.h2ms.domain.core.UserTest@55e42684, testMethod = testLastNameRequired@UserTest, testException = [null], mergedContextConfiguration = [MergedContextConfiguration@344f9467 testClass = UserTest, locations = '{}', classes = '{class edu.harvard.h2ms.H2MSRestAppInitializer}', contextInitializerClasses = '[]', activeProfiles = '{}', propertySourceLocations = '{}', propertySourceProperties = '{org.springframework.boot.test.context.SpringBootTestContextBootstrapper=true}', contextCustomizers = set[[ImportsContextCustomizer@3e98b933 key = [org.springframework.boot.autoconfigure.cache.CacheAutoConfiguration, org.springframework.boot.autoconfigure.data.jpa.JpaRepositoriesAutoConfiguration, org.springframework.boot.autoconfigure.flyway.FlywayAutoConfiguration, org.springframework.boot.autoconfigure.jdbc.DataSourceAutoConfiguration, org.springframework.boot.autoconfigure.jdbc.DataSourceTransactionManagerAutoConfiguration, org.springframework.boot.autoconfigure.jdbc.JdbcTemplateAutoConfiguration, org.springframework.boot.autoconfigure.liquibase.LiquibaseAutoConfiguration, org.springframework.boot.autoconfigure.orm.jpa.HibernateJpaAutoConfiguration, org.springframework.boot.autoconfigure.transaction.TransactionAutoConfiguration, org.springframework.boot.test.autoconfigure.jdbc.TestDatabaseAutoConfiguration, org.springframework.boot.test.autoconfigure.orm.jpa.TestEntityManagerAutoConfiguration]], org.springframework.boot.test.context.filter.ExcludeFilterContextCustomizer@1ee807c6, org.springframework.boot.test.json.DuplicateJsonObjectContextCustomizerFactory$DuplicateJsonObjectContextCustomizer@6cc7b4de, org.springframework.boot.test.mock.mockito.MockitoContextCustomizer@0, org.springframework.boot.test.autoconfigure.OverrideAutoConfigurationContextCustomizerFactory$DisableAutoConfigurationContextCustomizer@5e25a92e, org.springframework.boot.test.autoconfigure.filter.TypeExcludeFiltersContextCustomizer@351584c0, org.springframework.boot.test.autoconfigure.properties.PropertyMappingContextCustomizer@21f6a1b6, org.springframework.boot.test.autoconfigure.web.servlet.WebDriverContextCustomizerFactory$Customizer@1c72da34], contextLoader = 'org.springframework.boot.test.context.SpringBootContextLoader', parent = [null]]]; transaction manager [org.springframework.orm.jpa.JpaTransactionManager@57ce2898]; rollback [true]
2018-03-31 21:13:12.006  INFO 16379 --- [           main] o.s.t.c.transaction.TransactionContext   : Rolled back transaction for test context [DefaultTestContext@305e95a4 testClass = UserTest, testInstance = edu.harvard.h2ms.domain.core.UserTest@55e42684, testMethod = testLastNameRequired@UserTest, testException = [null], mergedContextConfiguration = [MergedContextConfiguration@344f9467 testClass = UserTest, locations = '{}', classes = '{class edu.harvard.h2ms.H2MSRestAppInitializer}', contextInitializerClasses = '[]', activeProfiles = '{}', propertySourceLocations = '{}', propertySourceProperties = '{org.springframework.boot.test.context.SpringBootTestContextBootstrapper=true}', contextCustomizers = set[[ImportsContextCustomizer@3e98b933 key = [org.springframework.boot.autoconfigure.cache.CacheAutoConfiguration, org.springframework.boot.autoconfigure.data.jpa.JpaRepositoriesAutoConfiguration, org.springframework.boot.autoconfigure.flyway.FlywayAutoConfiguration, org.springframework.boot.autoconfigure.jdbc.DataSourceAutoConfiguration, org.springframework.boot.autoconfigure.jdbc.DataSourceTransactionManagerAutoConfiguration, org.springframework.boot.autoconfigure.jdbc.JdbcTemplateAutoConfiguration, org.springframework.boot.autoconfigure.liquibase.LiquibaseAutoConfiguration, org.springframework.boot.autoconfigure.orm.jpa.HibernateJpaAutoConfiguration, org.springframework.boot.autoconfigure.transaction.TransactionAutoConfiguration, org.springframework.boot.test.autoconfigure.jdbc.TestDatabaseAutoConfiguration, org.springframework.boot.test.autoconfigure.orm.jpa.TestEntityManagerAutoConfiguration]], org.springframework.boot.test.context.filter.ExcludeFilterContextCustomizer@1ee807c6, org.springframework.boot.test.json.DuplicateJsonObjectContextCustomizerFactory$DuplicateJsonObjectContextCustomizer@6cc7b4de, org.springframework.boot.test.mock.mockito.MockitoContextCustomizer@0, org.springframework.boot.test.autoconfigure.OverrideAutoConfigurationContextCustomizerFactory$DisableAutoConfigurationContextCustomizer@5e25a92e, org.springframework.boot.test.autoconfigure.filter.TypeExcludeFiltersContextCustomizer@351584c0, org.springframework.boot.test.autoconfigure.properties.PropertyMappingContextCustomizer@21f6a1b6, org.springframework.boot.test.autoconfigure.web.servlet.WebDriverContextCustomizerFactory$Customizer@1c72da34], contextLoader = 'org.springframework.boot.test.context.SpringBootContextLoader', parent = [null]]].
2018-03-31 21:13:12.009  INFO 16379 --- [           main] o.s.t.c.transaction.TransactionContext   : Began transaction (1) for test context [DefaultTestContext@305e95a4 testClass = UserTest, testInstance = edu.harvard.h2ms.domain.core.UserTest@485c84d7, testMethod = testPasswordIsHashed@UserTest, testException = [null], mergedContextConfiguration = [MergedContextConfiguration@344f9467 testClass = UserTest, locations = '{}', classes = '{class edu.harvard.h2ms.H2MSRestAppInitializer}', contextInitializerClasses = '[]', activeProfiles = '{}', propertySourceLocations = '{}', propertySourceProperties = '{org.springframework.boot.test.context.SpringBootTestContextBootstrapper=true}', contextCustomizers = set[[ImportsContextCustomizer@3e98b933 key = [org.springframework.boot.autoconfigure.cache.CacheAutoConfiguration, org.springframework.boot.autoconfigure.data.jpa.JpaRepositoriesAutoConfiguration, org.springframework.boot.autoconfigure.flyway.FlywayAutoConfiguration, org.springframework.boot.autoconfigure.jdbc.DataSourceAutoConfiguration, org.springframework.boot.autoconfigure.jdbc.DataSourceTransactionManagerAutoConfiguration, org.springframework.boot.autoconfigure.jdbc.JdbcTemplateAutoConfiguration, org.springframework.boot.autoconfigure.liquibase.LiquibaseAutoConfiguration, org.springframework.boot.autoconfigure.orm.jpa.HibernateJpaAutoConfiguration, org.springframework.boot.autoconfigure.transaction.TransactionAutoConfiguration, org.springframework.boot.test.autoconfigure.jdbc.TestDatabaseAutoConfiguration, org.springframework.boot.test.autoconfigure.orm.jpa.TestEntityManagerAutoConfiguration]], org.springframework.boot.test.context.filter.ExcludeFilterContextCustomizer@1ee807c6, org.springframework.boot.test.json.DuplicateJsonObjectContextCustomizerFactory$DuplicateJsonObjectContextCustomizer@6cc7b4de, org.springframework.boot.test.mock.mockito.MockitoContextCustomizer@0, org.springframework.boot.test.autoconfigure.OverrideAutoConfigurationContextCustomizerFactory$DisableAutoConfigurationContextCustomizer@5e25a92e, org.springframework.boot.test.autoconfigure.filter.TypeExcludeFiltersContextCustomizer@351584c0, org.springframework.boot.test.autoconfigure.properties.PropertyMappingContextCustomizer@21f6a1b6, org.springframework.boot.test.autoconfigure.web.servlet.WebDriverContextCustomizerFactory$Customizer@1c72da34], contextLoader = 'org.springframework.boot.test.context.SpringBootContextLoader', parent = [null]]]; transaction manager [org.springframework.orm.jpa.JpaTransactionManager@57ce2898]; rollback [true]
Hibernate: insert into users (id, created_on, email, enabled, first_name, last_login, last_name, middle_name, notification_frequency, password, reset_token, type) values (null, ?, ?, ?, ?, ?, ?, ?, ?, ?, ?, ?)
Hibernate: select user0_.id as id1_9_, user0_.created_on as created_2_9_, user0_.email as email3_9_, user0_.enabled as enabled4_9_, user0_.first_name as first_na5_9_, user0_.last_login as last_log6_9_, user0_.last_name as last_nam7_9_, user0_.middle_name as middle_n8_9_, user0_.notification_frequency as notifica9_9_, user0_.password as passwor10_9_, user0_.reset_token as reset_t11_9_, user0_.type as type12_9_ from users user0_ where user0_.email=?
2018-03-31 21:13:12.199  INFO 16379 --- [           main] o.s.t.c.transaction.TransactionContext   : Rolled back transaction for test context [DefaultTestContext@305e95a4 testClass = UserTest, testInstance = edu.harvard.h2ms.domain.core.UserTest@485c84d7, testMethod = testPasswordIsHashed@UserTest, testException = [null], mergedContextConfiguration = [MergedContextConfiguration@344f9467 testClass = UserTest, locations = '{}', classes = '{class edu.harvard.h2ms.H2MSRestAppInitializer}', contextInitializerClasses = '[]', activeProfiles = '{}', propertySourceLocations = '{}', propertySourceProperties = '{org.springframework.boot.test.context.SpringBootTestContextBootstrapper=true}', contextCustomizers = set[[ImportsContextCustomizer@3e98b933 key = [org.springframework.boot.autoconfigure.cache.CacheAutoConfiguration, org.springframework.boot.autoconfigure.data.jpa.JpaRepositoriesAutoConfiguration, org.springframework.boot.autoconfigure.flyway.FlywayAutoConfiguration, org.springframework.boot.autoconfigure.jdbc.DataSourceAutoConfiguration, org.springframework.boot.autoconfigure.jdbc.DataSourceTransactionManagerAutoConfiguration, org.springframework.boot.autoconfigure.jdbc.JdbcTemplateAutoConfiguration, org.springframework.boot.autoconfigure.liquibase.LiquibaseAutoConfiguration, org.springframework.boot.autoconfigure.orm.jpa.HibernateJpaAutoConfiguration, org.springframework.boot.autoconfigure.transaction.TransactionAutoConfiguration, org.springframework.boot.test.autoconfigure.jdbc.TestDatabaseAutoConfiguration, org.springframework.boot.test.autoconfigure.orm.jpa.TestEntityManagerAutoConfiguration]], org.springframework.boot.test.context.filter.ExcludeFilterContextCustomizer@1ee807c6, org.springframework.boot.test.json.DuplicateJsonObjectContextCustomizerFactory$DuplicateJsonObjectContextCustomizer@6cc7b4de, org.springframework.boot.test.mock.mockito.MockitoContextCustomizer@0, org.springframework.boot.test.autoconfigure.OverrideAutoConfigurationContextCustomizerFactory$DisableAutoConfigurationContextCustomizer@5e25a92e, org.springframework.boot.test.autoconfigure.filter.TypeExcludeFiltersContextCustomizer@351584c0, org.springframework.boot.test.autoconfigure.properties.PropertyMappingContextCustomizer@21f6a1b6, org.springframework.boot.test.autoconfigure.web.servlet.WebDriverContextCustomizerFactory$Customizer@1c72da34], contextLoader = 'org.springframework.boot.test.context.SpringBootContextLoader', parent = [null]]].
2018-03-31 21:13:12.202  INFO 16379 --- [           main] o.s.t.c.transaction.TransactionContext   : Began transaction (1) for test context [DefaultTestContext@305e95a4 testClass = UserTest, testInstance = edu.harvard.h2ms.domain.core.UserTest@5b7ee56c, testMethod = testPasswordRequired@UserTest, testException = [null], mergedContextConfiguration = [MergedContextConfiguration@344f9467 testClass = UserTest, locations = '{}', classes = '{class edu.harvard.h2ms.H2MSRestAppInitializer}', contextInitializerClasses = '[]', activeProfiles = '{}', propertySourceLocations = '{}', propertySourceProperties = '{org.springframework.boot.test.context.SpringBootTestContextBootstrapper=true}', contextCustomizers = set[[ImportsContextCustomizer@3e98b933 key = [org.springframework.boot.autoconfigure.cache.CacheAutoConfiguration, org.springframework.boot.autoconfigure.data.jpa.JpaRepositoriesAutoConfiguration, org.springframework.boot.autoconfigure.flyway.FlywayAutoConfiguration, org.springframework.boot.autoconfigure.jdbc.DataSourceAutoConfiguration, org.springframework.boot.autoconfigure.jdbc.DataSourceTransactionManagerAutoConfiguration, org.springframework.boot.autoconfigure.jdbc.JdbcTemplateAutoConfiguration, org.springframework.boot.autoconfigure.liquibase.LiquibaseAutoConfiguration, org.springframework.boot.autoconfigure.orm.jpa.HibernateJpaAutoConfiguration, org.springframework.boot.autoconfigure.transaction.TransactionAutoConfiguration, org.springframework.boot.test.autoconfigure.jdbc.TestDatabaseAutoConfiguration, org.springframework.boot.test.autoconfigure.orm.jpa.TestEntityManagerAutoConfiguration]], org.springframework.boot.test.context.filter.ExcludeFilterContextCustomizer@1ee807c6, org.springframework.boot.test.json.DuplicateJsonObjectContextCustomizerFactory$DuplicateJsonObjectContextCustomizer@6cc7b4de, org.springframework.boot.test.mock.mockito.MockitoContextCustomizer@0, org.springframework.boot.test.autoconfigure.OverrideAutoConfigurationContextCustomizerFactory$DisableAutoConfigurationContextCustomizer@5e25a92e, org.springframework.boot.test.autoconfigure.filter.TypeExcludeFiltersContextCustomizer@351584c0, org.springframework.boot.test.autoconfigure.properties.PropertyMappingContextCustomizer@21f6a1b6, org.springframework.boot.test.autoconfigure.web.servlet.WebDriverContextCustomizerFactory$Customizer@1c72da34], contextLoader = 'org.springframework.boot.test.context.SpringBootContextLoader', parent = [null]]]; transaction manager [org.springframework.orm.jpa.JpaTransactionManager@57ce2898]; rollback [true]
2018-03-31 21:13:12.205  INFO 16379 --- [           main] o.s.t.c.transaction.TransactionContext   : Rolled back transaction for test context [DefaultTestContext@305e95a4 testClass = UserTest, testInstance = edu.harvard.h2ms.domain.core.UserTest@5b7ee56c, testMethod = testPasswordRequired@UserTest, testException = [null], mergedContextConfiguration = [MergedContextConfiguration@344f9467 testClass = UserTest, locations = '{}', classes = '{class edu.harvard.h2ms.H2MSRestAppInitializer}', contextInitializerClasses = '[]', activeProfiles = '{}', propertySourceLocations = '{}', propertySourceProperties = '{org.springframework.boot.test.context.SpringBootTestContextBootstrapper=true}', contextCustomizers = set[[ImportsContextCustomizer@3e98b933 key = [org.springframework.boot.autoconfigure.cache.CacheAutoConfiguration, org.springframework.boot.autoconfigure.data.jpa.JpaRepositoriesAutoConfiguration, org.springframework.boot.autoconfigure.flyway.FlywayAutoConfiguration, org.springframework.boot.autoconfigure.jdbc.DataSourceAutoConfiguration, org.springframework.boot.autoconfigure.jdbc.DataSourceTransactionManagerAutoConfiguration, org.springframework.boot.autoconfigure.jdbc.JdbcTemplateAutoConfiguration, org.springframework.boot.autoconfigure.liquibase.LiquibaseAutoConfiguration, org.springframework.boot.autoconfigure.orm.jpa.HibernateJpaAutoConfiguration, org.springframework.boot.autoconfigure.transaction.TransactionAutoConfiguration, org.springframework.boot.test.autoconfigure.jdbc.TestDatabaseAutoConfiguration, org.springframework.boot.test.autoconfigure.orm.jpa.TestEntityManagerAutoConfiguration]], org.springframework.boot.test.context.filter.ExcludeFilterContextCustomizer@1ee807c6, org.springframework.boot.test.json.DuplicateJsonObjectContextCustomizerFactory$DuplicateJsonObjectContextCustomizer@6cc7b4de, org.springframework.boot.test.mock.mockito.MockitoContextCustomizer@0, org.springframework.boot.test.autoconfigure.OverrideAutoConfigurationContextCustomizerFactory$DisableAutoConfigurationContextCustomizer@5e25a92e, org.springframework.boot.test.autoconfigure.filter.TypeExcludeFiltersContextCustomizer@351584c0, org.springframework.boot.test.autoconfigure.properties.PropertyMappingContextCustomizer@21f6a1b6, org.springframework.boot.test.autoconfigure.web.servlet.WebDriverContextCustomizerFactory$Customizer@1c72da34], contextLoader = 'org.springframework.boot.test.context.SpringBootContextLoader', parent = [null]]].
2018-03-31 21:13:12.208  INFO 16379 --- [           main] o.s.t.c.transaction.TransactionContext   : Began transaction (1) for test context [DefaultTestContext@305e95a4 testClass = UserTest, testInstance = edu.harvard.h2ms.domain.core.UserTest@21abda60, testMethod = testFirstNameRequired@UserTest, testException = [null], mergedContextConfiguration = [MergedContextConfiguration@344f9467 testClass = UserTest, locations = '{}', classes = '{class edu.harvard.h2ms.H2MSRestAppInitializer}', contextInitializerClasses = '[]', activeProfiles = '{}', propertySourceLocations = '{}', propertySourceProperties = '{org.springframework.boot.test.context.SpringBootTestContextBootstrapper=true}', contextCustomizers = set[[ImportsContextCustomizer@3e98b933 key = [org.springframework.boot.autoconfigure.cache.CacheAutoConfiguration, org.springframework.boot.autoconfigure.data.jpa.JpaRepositoriesAutoConfiguration, org.springframework.boot.autoconfigure.flyway.FlywayAutoConfiguration, org.springframework.boot.autoconfigure.jdbc.DataSourceAutoConfiguration, org.springframework.boot.autoconfigure.jdbc.DataSourceTransactionManagerAutoConfiguration, org.springframework.boot.autoconfigure.jdbc.JdbcTemplateAutoConfiguration, org.springframework.boot.autoconfigure.liquibase.LiquibaseAutoConfiguration, org.springframework.boot.autoconfigure.orm.jpa.HibernateJpaAutoConfiguration, org.springframework.boot.autoconfigure.transaction.TransactionAutoConfiguration, org.springframework.boot.test.autoconfigure.jdbc.TestDatabaseAutoConfiguration, org.springframework.boot.test.autoconfigure.orm.jpa.TestEntityManagerAutoConfiguration]], org.springframework.boot.test.context.filter.ExcludeFilterContextCustomizer@1ee807c6, org.springframework.boot.test.json.DuplicateJsonObjectContextCustomizerFactory$DuplicateJsonObjectContextCustomizer@6cc7b4de, org.springframework.boot.test.mock.mockito.MockitoContextCustomizer@0, org.springframework.boot.test.autoconfigure.OverrideAutoConfigurationContextCustomizerFactory$DisableAutoConfigurationContextCustomizer@5e25a92e, org.springframework.boot.test.autoconfigure.filter.TypeExcludeFiltersContextCustomizer@351584c0, org.springframework.boot.test.autoconfigure.properties.PropertyMappingContextCustomizer@21f6a1b6, org.springframework.boot.test.autoconfigure.web.servlet.WebDriverContextCustomizerFactory$Customizer@1c72da34], contextLoader = 'org.springframework.boot.test.context.SpringBootContextLoader', parent = [null]]]; transaction manager [org.springframework.orm.jpa.JpaTransactionManager@57ce2898]; rollback [true]
2018-03-31 21:13:12.286  INFO 16379 --- [           main] o.s.t.c.transaction.TransactionContext   : Rolled back transaction for test context [DefaultTestContext@305e95a4 testClass = UserTest, testInstance = edu.harvard.h2ms.domain.core.UserTest@21abda60, testMethod = testFirstNameRequired@UserTest, testException = [null], mergedContextConfiguration = [MergedContextConfiguration@344f9467 testClass = UserTest, locations = '{}', classes = '{class edu.harvard.h2ms.H2MSRestAppInitializer}', contextInitializerClasses = '[]', activeProfiles = '{}', propertySourceLocations = '{}', propertySourceProperties = '{org.springframework.boot.test.context.SpringBootTestContextBootstrapper=true}', contextCustomizers = set[[ImportsContextCustomizer@3e98b933 key = [org.springframework.boot.autoconfigure.cache.CacheAutoConfiguration, org.springframework.boot.autoconfigure.data.jpa.JpaRepositoriesAutoConfiguration, org.springframework.boot.autoconfigure.flyway.FlywayAutoConfiguration, org.springframework.boot.autoconfigure.jdbc.DataSourceAutoConfiguration, org.springframework.boot.autoconfigure.jdbc.DataSourceTransactionManagerAutoConfiguration, org.springframework.boot.autoconfigure.jdbc.JdbcTemplateAutoConfiguration, org.springframework.boot.autoconfigure.liquibase.LiquibaseAutoConfiguration, org.springframework.boot.autoconfigure.orm.jpa.HibernateJpaAutoConfiguration, org.springframework.boot.autoconfigure.transaction.TransactionAutoConfiguration, org.springframework.boot.test.autoconfigure.jdbc.TestDatabaseAutoConfiguration, org.springframework.boot.test.autoconfigure.orm.jpa.TestEntityManagerAutoConfiguration]], org.springframework.boot.test.context.filter.ExcludeFilterContextCustomizer@1ee807c6, org.springframework.boot.test.json.DuplicateJsonObjectContextCustomizerFactory$DuplicateJsonObjectContextCustomizer@6cc7b4de, org.springframework.boot.test.mock.mockito.MockitoContextCustomizer@0, org.springframework.boot.test.autoconfigure.OverrideAutoConfigurationContextCustomizerFactory$DisableAutoConfigurationContextCustomizer@5e25a92e, org.springframework.boot.test.autoconfigure.filter.TypeExcludeFiltersContextCustomizer@351584c0, org.springframework.boot.test.autoconfigure.properties.PropertyMappingContextCustomizer@21f6a1b6, org.springframework.boot.test.autoconfigure.web.servlet.WebDriverContextCustomizerFactory$Customizer@1c72da34], contextLoader = 'org.springframework.boot.test.context.SpringBootContextLoader', parent = [null]]].
2018-03-31 21:13:12.289  INFO 16379 --- [           main] o.s.t.c.transaction.TransactionContext   : Began transaction (1) for test context [DefaultTestContext@305e95a4 testClass = UserTest, testInstance = edu.harvard.h2ms.domain.core.UserTest@16a09809, testMethod = testEmailRequired@UserTest, testException = [null], mergedContextConfiguration = [MergedContextConfiguration@344f9467 testClass = UserTest, locations = '{}', classes = '{class edu.harvard.h2ms.H2MSRestAppInitializer}', contextInitializerClasses = '[]', activeProfiles = '{}', propertySourceLocations = '{}', propertySourceProperties = '{org.springframework.boot.test.context.SpringBootTestContextBootstrapper=true}', contextCustomizers = set[[ImportsContextCustomizer@3e98b933 key = [org.springframework.boot.autoconfigure.cache.CacheAutoConfiguration, org.springframework.boot.autoconfigure.data.jpa.JpaRepositoriesAutoConfiguration, org.springframework.boot.autoconfigure.flyway.FlywayAutoConfiguration, org.springframework.boot.autoconfigure.jdbc.DataSourceAutoConfiguration, org.springframework.boot.autoconfigure.jdbc.DataSourceTransactionManagerAutoConfiguration, org.springframework.boot.autoconfigure.jdbc.JdbcTemplateAutoConfiguration, org.springframework.boot.autoconfigure.liquibase.LiquibaseAutoConfiguration, org.springframework.boot.autoconfigure.orm.jpa.HibernateJpaAutoConfiguration, org.springframework.boot.autoconfigure.transaction.TransactionAutoConfiguration, org.springframework.boot.test.autoconfigure.jdbc.TestDatabaseAutoConfiguration, org.springframework.boot.test.autoconfigure.orm.jpa.TestEntityManagerAutoConfiguration]], org.springframework.boot.test.context.filter.ExcludeFilterContextCustomizer@1ee807c6, org.springframework.boot.test.json.DuplicateJsonObjectContextCustomizerFactory$DuplicateJsonObjectContextCustomizer@6cc7b4de, org.springframework.boot.test.mock.mockito.MockitoContextCustomizer@0, org.springframework.boot.test.autoconfigure.OverrideAutoConfigurationContextCustomizerFactory$DisableAutoConfigurationContextCustomizer@5e25a92e, org.springframework.boot.test.autoconfigure.filter.TypeExcludeFiltersContextCustomizer@351584c0, org.springframework.boot.test.autoconfigure.properties.PropertyMappingContextCustomizer@21f6a1b6, org.springframework.boot.test.autoconfigure.web.servlet.WebDriverContextCustomizerFactory$Customizer@1c72da34], contextLoader = 'org.springframework.boot.test.context.SpringBootContextLoader', parent = [null]]]; transaction manager [org.springframework.orm.jpa.JpaTransactionManager@57ce2898]; rollback [true]
2018-03-31 21:13:12.368  INFO 16379 --- [           main] o.s.t.c.transaction.TransactionContext   : Rolled back transaction for test context [DefaultTestContext@305e95a4 testClass = UserTest, testInstance = edu.harvard.h2ms.domain.core.UserTest@16a09809, testMethod = testEmailRequired@UserTest, testException = [null], mergedContextConfiguration = [MergedContextConfiguration@344f9467 testClass = UserTest, locations = '{}', classes = '{class edu.harvard.h2ms.H2MSRestAppInitializer}', contextInitializerClasses = '[]', activeProfiles = '{}', propertySourceLocations = '{}', propertySourceProperties = '{org.springframework.boot.test.context.SpringBootTestContextBootstrapper=true}', contextCustomizers = set[[ImportsContextCustomizer@3e98b933 key = [org.springframework.boot.autoconfigure.cache.CacheAutoConfiguration, org.springframework.boot.autoconfigure.data.jpa.JpaRepositoriesAutoConfiguration, org.springframework.boot.autoconfigure.flyway.FlywayAutoConfiguration, org.springframework.boot.autoconfigure.jdbc.DataSourceAutoConfiguration, org.springframework.boot.autoconfigure.jdbc.DataSourceTransactionManagerAutoConfiguration, org.springframework.boot.autoconfigure.jdbc.JdbcTemplateAutoConfiguration, org.springframework.boot.autoconfigure.liquibase.LiquibaseAutoConfiguration, org.springframework.boot.autoconfigure.orm.jpa.HibernateJpaAutoConfiguration, org.springframework.boot.autoconfigure.transaction.TransactionAutoConfiguration, org.springframework.boot.test.autoconfigure.jdbc.TestDatabaseAutoConfiguration, org.springframework.boot.test.autoconfigure.orm.jpa.TestEntityManagerAutoConfiguration]], org.springframework.boot.test.context.filter.ExcludeFilterContextCustomizer@1ee807c6, org.springframework.boot.test.json.DuplicateJsonObjectContextCustomizerFactory$DuplicateJsonObjectContextCustomizer@6cc7b4de, org.springframework.boot.test.mock.mockito.MockitoContextCustomizer@0, org.springframework.boot.test.autoconfigure.OverrideAutoConfigurationContextCustomizerFactory$DisableAutoConfigurationContextCustomizer@5e25a92e, org.springframework.boot.test.autoconfigure.filter.TypeExcludeFiltersContextCustomizer@351584c0, org.springframework.boot.test.autoconfigure.properties.PropertyMappingContextCustomizer@21f6a1b6, org.springframework.boot.test.autoconfigure.web.servlet.WebDriverContextCustomizerFactory$Customizer@1c72da34], contextLoader = 'org.springframework.boot.test.context.SpringBootContextLoader', parent = [null]]].
Tests run: 5, Failures: 0, Errors: 0, Skipped: 0, Time elapsed: 0.506 sec - in edu.harvard.h2ms.domain.core.UserTest
Running edu.harvard.h2ms.controllers.EventControllerTests
2018-03-31 21:13:12.369  INFO 16379 --- [           main] .b.t.c.SpringBootTestContextBootstrapper : Neither @ContextConfiguration nor @ContextHierarchy found for test class [edu.harvard.h2ms.controllers.EventControllerTests], using SpringBootContextLoader
2018-03-31 21:13:12.370  INFO 16379 --- [           main] o.s.t.c.support.AbstractContextLoader    : Could not detect default resource locations for test class [edu.harvard.h2ms.controllers.EventControllerTests]: no resource found for suffixes {-context.xml, Context.groovy}.
2018-03-31 21:13:12.370  INFO 16379 --- [           main] t.c.s.AnnotationConfigContextLoaderUtils : Could not detect default configuration classes for test class [edu.harvard.h2ms.controllers.EventControllerTests]: EventControllerTests does not declare any static, non-private, non-final, nested classes annotated with @Configuration.
2018-03-31 21:13:12.373  INFO 16379 --- [           main] .b.t.c.SpringBootTestContextBootstrapper : Found @SpringBootConfiguration edu.harvard.h2ms.H2MSRestAppInitializer for test class edu.harvard.h2ms.controllers.EventControllerTests
2018-03-31 21:13:12.375  INFO 16379 --- [           main] .b.t.c.SpringBootTestContextBootstrapper : Loaded default TestExecutionListener class names from location [META-INF/spring.factories]: [org.springframework.boot.test.mock.mockito.MockitoTestExecutionListener, org.springframework.boot.test.mock.mockito.ResetMocksTestExecutionListener, org.springframework.boot.test.autoconfigure.restdocs.RestDocsTestExecutionListener, org.springframework.boot.test.autoconfigure.web.client.MockRestServiceServerResetTestExecutionListener, org.springframework.boot.test.autoconfigure.web.servlet.MockMvcPrintOnlyOnFailureTestExecutionListener, org.springframework.boot.test.autoconfigure.web.servlet.WebDriverTestExecutionListener, org.springframework.test.context.web.ServletTestExecutionListener, org.springframework.test.context.support.DirtiesContextBeforeModesTestExecutionListener, org.springframework.test.context.support.DependencyInjectionTestExecutionListener, org.springframework.test.context.support.DirtiesContextTestExecutionListener, org.springframework.test.context.transaction.TransactionalTestExecutionListener, org.springframework.test.context.jdbc.SqlScriptsTestExecutionListener, org.springframework.security.test.context.support.WithSecurityContextTestExecutionListener]
2018-03-31 21:13:12.377  INFO 16379 --- [           main] .b.t.c.SpringBootTestContextBootstrapper : Using TestExecutionListeners: [org.springframework.test.context.web.ServletTestExecutionListener@3982206a, org.springframework.test.context.support.DirtiesContextBeforeModesTestExecutionListener@3e9fb485, org.springframework.boot.test.autoconfigure.SpringBootDependencyInjectionTestExecutionListener@4f3fec43, org.springframework.test.context.support.DirtiesContextTestExecutionListener@38dbeb39, org.springframework.test.context.transaction.TransactionalTestExecutionListener@10f20d38, org.springframework.test.context.jdbc.SqlScriptsTestExecutionListener@538aa83f, org.springframework.security.test.context.support.WithSecurityContextTestExecutionListener@63e70bf9, org.springframework.boot.test.mock.mockito.MockitoTestExecutionListener@402a69f, org.springframework.boot.test.mock.mockito.ResetMocksTestExecutionListener@419f0ea, org.springframework.boot.test.autoconfigure.restdocs.RestDocsTestExecutionListener@2d47b06, org.springframework.boot.test.autoconfigure.web.client.MockRestServiceServerResetTestExecutionListener@59371066, org.springframework.boot.test.autoconfigure.web.servlet.MockMvcPrintOnlyOnFailureTestExecutionListener@48106381, org.springframework.boot.test.autoconfigure.web.servlet.WebDriverTestExecutionListener@3c544c9]

  .   ____          _            __ _ _
 /\\ / ___'_ __ _ _(_)_ __  __ _ \ \ \ \
( ( )\___ | '_ | '_| | '_ \/ _` | \ \ \ \
 \\/  ___)| |_)| | | | | || (_| |  ) ) ) )
  '  |____| .__|_| |_|_| |_\__, | / / / /
 =========|_|==============|___/=/_/_/_/
 :: Spring Boot ::       (v1.5.10.RELEASE)

2018-03-31 21:13:12.470  INFO 16379 --- [           main] e.h.h.controllers.EventControllerTests   : Starting EventControllerTests on ancient.bitbin.de with PID 16379 (started by stbenjam in /home/stbenjam/git/h2ms)
2018-03-31 21:13:12.470  INFO 16379 --- [           main] e.h.h.controllers.EventControllerTests   : No active profile set, falling back to default profiles: default
2018-03-31 21:13:12.473  INFO 16379 --- [           main] o.s.w.c.s.GenericWebApplicationContext   : Refreshing org.springframework.web.context.support.GenericWebApplicationContext@77d0dbba: startup date [Sat Mar 31 21:13:12 EDT 2018]; root of context hierarchy
2018-03-31 21:13:12.547  INFO 16379 --- [           main] o.s.c.a.ConfigurationClassParser         : Properties location [classpath:mailserver.properties] not resolvable: class path resource [mailserver.properties] cannot be opened because it does not exist
2018-03-31 21:13:13.013  INFO 16379 --- [           main] o.s.b.f.s.DefaultListableBeanFactory     : Overriding bean definition for bean 'httpRequestHandlerAdapter' with a different definition: replacing [Root bean: class [null]; scope=; abstract=false; lazyInit=false; autowireMode=3; dependencyCheck=0; autowireCandidate=true; primary=false; factoryBeanName=org.springframework.boot.autoconfigure.web.WebMvcAutoConfiguration$EnableWebMvcConfiguration; factoryMethodName=httpRequestHandlerAdapter; initMethodName=null; destroyMethodName=(inferred); defined in class path resource [org/springframework/boot/autoconfigure/web/WebMvcAutoConfiguration$EnableWebMvcConfiguration.class]] with [Root bean: class [null]; scope=; abstract=false; lazyInit=false; autowireMode=3; dependencyCheck=0; autowireCandidate=true; primary=false; factoryBeanName=org.springframework.data.rest.webmvc.config.RepositoryRestMvcConfiguration; factoryMethodName=httpRequestHandlerAdapter; initMethodName=null; destroyMethodName=(inferred); defined in class path resource [org/springframework/data/rest/webmvc/config/RepositoryRestMvcConfiguration.class]]
2018-03-31 21:13:13.652  INFO 16379 --- [           main] trationDelegate$BeanPostProcessorChecker : Bean 'org.springframework.transaction.annotation.ProxyTransactionManagementConfiguration' of type [org.springframework.transaction.annotation.ProxyTransactionManagementConfiguration$$EnhancerBySpringCGLIB$$225ecc1d] is not eligible for getting processed by all BeanPostProcessors (for example: not eligible for auto-proxying)
2018-03-31 21:13:13.729  INFO 16379 --- [           main] trationDelegate$BeanPostProcessorChecker : Bean 'org.springframework.security.config.annotation.configuration.ObjectPostProcessorConfiguration' of type [org.springframework.security.config.annotation.configuration.ObjectPostProcessorConfiguration$$EnhancerBySpringCGLIB$$bb0c9457] is not eligible for getting processed by all BeanPostProcessors (for example: not eligible for auto-proxying)
2018-03-31 21:13:13.753  INFO 16379 --- [           main] trationDelegate$BeanPostProcessorChecker : Bean 'objectPostProcessor' of type [org.springframework.security.config.annotation.configuration.AutowireBeanFactoryObjectPostProcessor] is not eligible for getting processed by all BeanPostProcessors (for example: not eligible for auto-proxying)
2018-03-31 21:13:13.776  INFO 16379 --- [           main] trationDelegate$BeanPostProcessorChecker : Bean 'org.springframework.security.access.expression.method.DefaultMethodSecurityExpressionHandler@35744f8' of type [org.springframework.security.oauth2.provider.expression.OAuth2MethodSecurityExpressionHandler] is not eligible for getting processed by all BeanPostProcessors (for example: not eligible for auto-proxying)
2018-03-31 21:13:13.797  INFO 16379 --- [           main] trationDelegate$BeanPostProcessorChecker : Bean 'org.springframework.security.config.annotation.method.configuration.GlobalMethodSecurityConfiguration' of type [org.springframework.security.config.annotation.method.configuration.GlobalMethodSecurityConfiguration$$EnhancerBySpringCGLIB$$dfe13709] is not eligible for getting processed by all BeanPostProcessors (for example: not eligible for auto-proxying)
2018-03-31 21:13:13.826  INFO 16379 --- [           main] trationDelegate$BeanPostProcessorChecker : Bean 'methodSecurityMetadataSource' of type [org.springframework.security.access.method.DelegatingMethodSecurityMetadataSource] is not eligible for getting processed by all BeanPostProcessors (for example: not eligible for auto-proxying)
2018-03-31 21:13:13.876  INFO 16379 --- [           main] trationDelegate$BeanPostProcessorChecker : Bean 'security.oauth2.client-org.springframework.boot.autoconfigure.security.oauth2.OAuth2ClientProperties' of type [org.springframework.boot.autoconfigure.security.oauth2.OAuth2ClientProperties] is not eligible for getting processed by all BeanPostProcessors (for example: not eligible for auto-proxying)
2018-03-31 21:13:13.880  INFO 16379 --- [           main] trationDelegate$BeanPostProcessorChecker : Bean 'org.springframework.boot.autoconfigure.security.oauth2.OAuth2AutoConfiguration' of type [org.springframework.boot.autoconfigure.security.oauth2.OAuth2AutoConfiguration$$EnhancerBySpringCGLIB$$d9a8881d] is not eligible for getting processed by all BeanPostProcessors (for example: not eligible for auto-proxying)
2018-03-31 21:13:13.943  INFO 16379 --- [           main] trationDelegate$BeanPostProcessorChecker : Bean 'resourceServerProperties' of type [org.springframework.boot.autoconfigure.security.oauth2.resource.ResourceServerProperties] is not eligible for getting processed by all BeanPostProcessors (for example: not eligible for auto-proxying)
2018-03-31 21:13:14.493  INFO 16379 --- [           main] j.LocalContainerEntityManagerFactoryBean : Building JPA container EntityManagerFactory for persistence unit 'default'
2018-03-31 21:13:14.493  INFO 16379 --- [           main] o.hibernate.jpa.internal.util.LogHelper  : HHH000204: Processing PersistenceUnitInfo [
	name: default
	...]
2018-03-31 21:13:14.500  INFO 16379 --- [           main] org.hibernate.dialect.Dialect            : HHH000400: Using dialect: org.hibernate.dialect.H2Dialect
2018-03-31 21:13:14.651  INFO 16379 --- [           main] org.hibernate.tool.hbm2ddl.SchemaExport  : HHH000227: Running hbm2ddl schema export
2018-03-31 21:13:14.711  INFO 16379 --- [           main] org.hibernate.tool.hbm2ddl.SchemaExport  : HHH000230: Schema export complete
2018-03-31 21:13:14.717  WARN 16379 --- [           main] o.h.j.i.EntityManagerFactoryRegistry     : HHH000436: Entity manager factory name (default) is already registered.  If entity manager will be clustered or passivated, specify a unique value for property 'hibernate.ejb.entitymanager_factory_name'
2018-03-31 21:13:14.719  INFO 16379 --- [           main] j.LocalContainerEntityManagerFactoryBean : Initialized JPA EntityManagerFactory for persistence unit 'default'
2018-03-31 21:13:15.831  INFO 16379 --- [           main] .s.o.p.e.FrameworkEndpointHandlerMapping : Mapped "{[/oauth/authorize]}" onto public org.springframework.web.servlet.ModelAndView org.springframework.security.oauth2.provider.endpoint.AuthorizationEndpoint.authorize(java.util.Map<java.lang.String, java.lang.Object>,java.util.Map<java.lang.String, java.lang.String>,org.springframework.web.bind.support.SessionStatus,java.security.Principal)
2018-03-31 21:13:15.832  INFO 16379 --- [           main] .s.o.p.e.FrameworkEndpointHandlerMapping : Mapped "{[/oauth/authorize],methods=[POST],params=[user_oauth_approval]}" onto public org.springframework.web.servlet.View org.springframework.security.oauth2.provider.endpoint.AuthorizationEndpoint.approveOrDeny(java.util.Map<java.lang.String, java.lang.String>,java.util.Map<java.lang.String, ?>,org.springframework.web.bind.support.SessionStatus,java.security.Principal)
2018-03-31 21:13:15.833  INFO 16379 --- [           main] .s.o.p.e.FrameworkEndpointHandlerMapping : Mapped "{[/oauth/token],methods=[POST]}" onto public org.springframework.http.ResponseEntity<org.springframework.security.oauth2.common.OAuth2AccessToken> org.springframework.security.oauth2.provider.endpoint.TokenEndpoint.postAccessToken(java.security.Principal,java.util.Map<java.lang.String, java.lang.String>) throws org.springframework.web.HttpRequestMethodNotSupportedException
2018-03-31 21:13:15.834  INFO 16379 --- [           main] .s.o.p.e.FrameworkEndpointHandlerMapping : Mapped "{[/oauth/token],methods=[GET]}" onto public org.springframework.http.ResponseEntity<org.springframework.security.oauth2.common.OAuth2AccessToken> org.springframework.security.oauth2.provider.endpoint.TokenEndpoint.getAccessToken(java.security.Principal,java.util.Map<java.lang.String, java.lang.String>) throws org.springframework.web.HttpRequestMethodNotSupportedException
2018-03-31 21:13:15.835  INFO 16379 --- [           main] .s.o.p.e.FrameworkEndpointHandlerMapping : Mapped "{[/oauth/check_token]}" onto public java.util.Map<java.lang.String, ?> org.springframework.security.oauth2.provider.endpoint.CheckTokenEndpoint.checkToken(java.lang.String)
2018-03-31 21:13:15.835  INFO 16379 --- [           main] .s.o.p.e.FrameworkEndpointHandlerMapping : Mapped "{[/oauth/confirm_access]}" onto public org.springframework.web.servlet.ModelAndView org.springframework.security.oauth2.provider.endpoint.WhitelabelApprovalEndpoint.getAccessConfirmation(java.util.Map<java.lang.String, java.lang.Object>,javax.servlet.http.HttpServletRequest) throws java.lang.Exception
2018-03-31 21:13:15.835  INFO 16379 --- [           main] .s.o.p.e.FrameworkEndpointHandlerMapping : Mapped "{[/oauth/error]}" onto public org.springframework.web.servlet.ModelAndView org.springframework.security.oauth2.provider.endpoint.WhitelabelErrorEndpoint.handleError(javax.servlet.http.HttpServletRequest)
2018-03-31 21:13:16.220  INFO 16379 --- [           main] o.s.s.web.DefaultSecurityFilterChain     : Creating filter chain: Ant [pattern='/'], []
2018-03-31 21:13:16.220  INFO 16379 --- [           main] o.s.s.web.DefaultSecurityFilterChain     : Creating filter chain: Ant [pattern='/login'], []
2018-03-31 21:13:16.220  INFO 16379 --- [           main] o.s.s.web.DefaultSecurityFilterChain     : Creating filter chain: Ant [pattern='/webjars/**'], []
2018-03-31 21:13:16.220  INFO 16379 --- [           main] o.s.s.web.DefaultSecurityFilterChain     : Creating filter chain: Ant [pattern='/api/passwords/**'], []
2018-03-31 21:13:16.220  INFO 16379 --- [           main] o.s.s.web.DefaultSecurityFilterChain     : Creating filter chain: Ant [pattern='/swagger-resources'], []
2018-03-31 21:13:16.220  INFO 16379 --- [           main] o.s.s.web.DefaultSecurityFilterChain     : Creating filter chain: Ant [pattern='/swagger-resources/**'], []
2018-03-31 21:13:16.220  INFO 16379 --- [           main] o.s.s.web.DefaultSecurityFilterChain     : Creating filter chain: Ant [pattern='/swagger-ui.html'], []
2018-03-31 21:13:16.220  INFO 16379 --- [           main] o.s.s.web.DefaultSecurityFilterChain     : Creating filter chain: Ant [pattern='/v2/api-docs'], []
2018-03-31 21:13:16.221  INFO 16379 --- [           main] o.s.s.web.DefaultSecurityFilterChain     : Creating filter chain: Ant [pattern='/**', OPTIONS], []
2018-03-31 21:13:16.340  INFO 16379 --- [           main] o.s.s.web.DefaultSecurityFilterChain     : Creating filter chain: OrRequestMatcher [requestMatchers=[Ant [pattern='/oauth/token'], Ant [pattern='/oauth/token_key'], Ant [pattern='/oauth/check_token']]], [org.springframework.security.web.context.request.async.WebAsyncManagerIntegrationFilter@5aec151b, org.springframework.security.web.context.SecurityContextPersistenceFilter@703947bd, org.springframework.security.web.header.HeaderWriterFilter@787b7796, org.springframework.security.web.authentication.logout.LogoutFilter@2f09907, org.springframework.security.web.authentication.www.BasicAuthenticationFilter@4e3c0627, org.springframework.security.web.savedrequest.RequestCacheAwareFilter@46bff388, org.springframework.security.web.servletapi.SecurityContextHolderAwareRequestFilter@65871cfd, org.springframework.security.web.authentication.AnonymousAuthenticationFilter@74cf2d5f, org.springframework.security.web.session.SessionManagementFilter@cce672c, org.springframework.security.web.access.ExceptionTranslationFilter@47800bd7, org.springframework.security.web.access.intercept.FilterSecurityInterceptor@13b5598b]
2018-03-31 21:13:16.357  INFO 16379 --- [           main] o.s.s.web.DefaultSecurityFilterChain     : Creating filter chain: org.springframework.security.oauth2.config.annotation.web.configuration.ResourceServerConfiguration$NotOAuthRequestMatcher@c76762, [org.springframework.security.web.context.request.async.WebAsyncManagerIntegrationFilter@5318731f, org.springframework.security.web.context.SecurityContextPersistenceFilter@6a4238ff, org.springframework.security.web.header.HeaderWriterFilter@26619e5, org.springframework.security.web.authentication.logout.LogoutFilter@26361572, org.springframework.security.oauth2.provider.authentication.OAuth2AuthenticationProcessingFilter@795e8ef5, org.springframework.security.web.savedrequest.RequestCacheAwareFilter@2b98c310, org.springframework.security.web.servletapi.SecurityContextHolderAwareRequestFilter@19834eb7, org.springframework.security.web.authentication.AnonymousAuthenticationFilter@2db82155, org.springframework.security.web.session.SessionManagementFilter@445f6aa7, org.springframework.security.web.access.ExceptionTranslationFilter@4cf1bd4a, org.springframework.security.web.access.intercept.FilterSecurityInterceptor@2df24f19]
2018-03-31 21:13:16.359  INFO 16379 --- [           main] o.s.s.web.DefaultSecurityFilterChain     : Creating filter chain: org.springframework.security.web.util.matcher.AnyRequestMatcher@1, [org.springframework.security.web.access.intercept.FilterSecurityInterceptor@2eb91767]
2018-03-31 21:13:16.805  INFO 16379 --- [           main] s.w.s.m.m.a.RequestMappingHandlerAdapter : Looking for @ControllerAdvice: org.springframework.web.context.support.GenericWebApplicationContext@77d0dbba: startup date [Sat Mar 31 21:13:12 EDT 2018]; root of context hierarchy
2018-03-31 21:13:16.909  INFO 16379 --- [           main] s.w.s.m.m.a.RequestMappingHandlerMapping : Mapped "{[/events/count/{timeframe}],methods=[GET]}" onto public org.springframework.http.ResponseEntity<?> edu.harvard.h2ms.web.controller.EventController.findEventCountByTimeframe(java.lang.String)
2018-03-31 21:13:16.910  INFO 16379 --- [           main] s.w.s.m.m.a.RequestMappingHandlerMapping : Mapped "{[/events/compliance/{questionId}/{timeframe}],methods=[GET]}" onto public org.springframework.http.ResponseEntity<?> edu.harvard.h2ms.web.controller.EventController.findComplianceByTimeframe(java.lang.String,java.lang.Long)
2018-03-31 21:13:16.911  INFO 16379 --- [           main] s.w.s.m.m.a.RequestMappingHandlerMapping : Mapped "{[/api/passwords/reset/{email:.+}],methods=[GET]}" onto public org.springframework.http.ResponseEntity<java.lang.Object> edu.harvard.h2ms.web.controller.PasswordController.getPasswordResetToken(java.lang.String)
2018-03-31 21:13:16.911  INFO 16379 --- [           main] s.w.s.m.m.a.RequestMappingHandlerMapping : Mapped "{[/api/passwords/reset/token],methods=[POST]}" onto public org.springframework.http.ResponseEntity<java.lang.Object> edu.harvard.h2ms.web.controller.PasswordController.resetPasswordViaToken(java.util.Map<java.lang.String, java.lang.String>)
2018-03-31 21:13:16.912  INFO 16379 --- [           main] s.w.s.m.m.a.RequestMappingHandlerMapping : Mapped "{[/users/avgWashed],methods=[GET]}" onto public java.util.Map<java.lang.String, java.lang.Double> edu.harvard.h2ms.web.controller.UserController.findAvgWashCompliance()
2018-03-31 21:13:16.914  INFO 16379 --- [           main] s.w.s.m.m.a.RequestMappingHandlerMapping : Mapped "{[/error],produces=[text/html]}" onto public org.springframework.web.servlet.ModelAndView org.springframework.boot.autoconfigure.web.BasicErrorController.errorHtml(javax.servlet.http.HttpServletRequest,javax.servlet.http.HttpServletResponse)
2018-03-31 21:13:16.915  INFO 16379 --- [           main] s.w.s.m.m.a.RequestMappingHandlerMapping : Mapped "{[/error]}" onto public org.springframework.http.ResponseEntity<java.util.Map<java.lang.String, java.lang.Object>> org.springframework.boot.autoconfigure.web.BasicErrorController.error(javax.servlet.http.HttpServletRequest)
2018-03-31 21:13:17.001  INFO 16379 --- [           main] o.s.w.s.handler.SimpleUrlHandlerMapping  : Mapped URL path [/webjars/**] onto handler of type [class org.springframework.web.servlet.resource.ResourceHttpRequestHandler]
2018-03-31 21:13:17.001  INFO 16379 --- [           main] o.s.w.s.handler.SimpleUrlHandlerMapping  : Mapped URL path [/**] onto handler of type [class org.springframework.web.servlet.resource.ResourceHttpRequestHandler]
2018-03-31 21:13:17.047  INFO 16379 --- [           main] .m.m.a.ExceptionHandlerExceptionResolver : Detected @ExceptionHandler methods in exceptionHandlingController
2018-03-31 21:13:17.048  INFO 16379 --- [           main] .m.m.a.ExceptionHandlerExceptionResolver : Detected @ExceptionHandler methods in repositoryRestExceptionHandler
2018-03-31 21:13:17.159  INFO 16379 --- [           main] o.s.w.s.handler.SimpleUrlHandlerMapping  : Mapped URL path [/**/favicon.ico] onto handler of type [class org.springframework.web.servlet.resource.ResourceHttpRequestHandler]
2018-03-31 21:13:17.251  WARN 16379 --- [           main] .t.AbstractTemplateResolverConfiguration : Cannot find template location: classpath:/templates/ (please add some templates or check your Thymeleaf configuration)
2018-03-31 21:13:17.804  INFO 16379 --- [           main] o.s.d.r.w.RepositoryRestHandlerAdapter   : Looking for @ControllerAdvice: org.springframework.web.context.support.GenericWebApplicationContext@77d0dbba: startup date [Sat Mar 31 21:13:12 EDT 2018]; root of context hierarchy
2018-03-31 21:13:17.851  INFO 16379 --- [           main] o.s.d.r.w.RepositoryRestHandlerMapping   : Mapped "{[/{repository}/{id}/{property}],methods=[GET],produces=[application/x-spring-data-compact+json || text/uri-list]}" onto public org.springframework.http.ResponseEntity<org.springframework.hateoas.ResourceSupport> org.springframework.data.rest.webmvc.RepositoryPropertyReferenceController.followPropertyReferenceCompact(org.springframework.data.rest.webmvc.RootResourceInformation,java.io.Serializable,java.lang.String,org.springframework.data.rest.webmvc.PersistentEntityResourceAssembler) throws java.lang.Exception
2018-03-31 21:13:17.851  INFO 16379 --- [           main] o.s.d.r.w.RepositoryRestHandlerMapping   : Mapped "{[/{repository}/{id}/{property}],methods=[PATCH || PUT || POST],consumes=[application/json || application/x-spring-data-compact+json || text/uri-list],produces=[application/hal+json || application/json]}" onto public org.springframework.http.ResponseEntity<? extends org.springframework.hateoas.ResourceSupport> org.springframework.data.rest.webmvc.RepositoryPropertyReferenceController.createPropertyReference(org.springframework.data.rest.webmvc.RootResourceInformation,org.springframework.http.HttpMethod,org.springframework.hateoas.Resources<java.lang.Object>,java.io.Serializable,java.lang.String) throws java.lang.Exception
2018-03-31 21:13:17.852  INFO 16379 --- [           main] o.s.d.r.w.RepositoryRestHandlerMapping   : Mapped "{[/{repository}/{id}/{property}/{propertyId}],methods=[DELETE],produces=[application/hal+json || application/json]}" onto public org.springframework.http.ResponseEntity<org.springframework.hateoas.ResourceSupport> org.springframework.data.rest.webmvc.RepositoryPropertyReferenceController.deletePropertyReferenceId(org.springframework.data.rest.webmvc.RootResourceInformation,java.io.Serializable,java.lang.String,java.lang.String) throws java.lang.Exception
2018-03-31 21:13:17.852  INFO 16379 --- [           main] o.s.d.r.w.RepositoryRestHandlerMapping   : Mapped "{[/{repository}/{id}/{property}/{propertyId}],methods=[GET],produces=[application/hal+json || application/json]}" onto public org.springframework.http.ResponseEntity<org.springframework.hateoas.ResourceSupport> org.springframework.data.rest.webmvc.RepositoryPropertyReferenceController.followPropertyReference(org.springframework.data.rest.webmvc.RootResourceInformation,java.io.Serializable,java.lang.String,java.lang.String,org.springframework.data.rest.webmvc.PersistentEntityResourceAssembler) throws java.lang.Exception
2018-03-31 21:13:17.853  INFO 16379 --- [           main] o.s.d.r.w.RepositoryRestHandlerMapping   : Mapped "{[/{repository}/{id}/{property}],methods=[GET],produces=[application/hal+json || application/json]}" onto public org.springframework.http.ResponseEntity<org.springframework.hateoas.ResourceSupport> org.springframework.data.rest.webmvc.RepositoryPropertyReferenceController.followPropertyReference(org.springframework.data.rest.webmvc.RootResourceInformation,java.io.Serializable,java.lang.String,org.springframework.data.rest.webmvc.PersistentEntityResourceAssembler) throws java.lang.Exception
2018-03-31 21:13:17.853  INFO 16379 --- [           main] o.s.d.r.w.RepositoryRestHandlerMapping   : Mapped "{[/{repository}/{id}/{property}],methods=[DELETE],produces=[application/hal+json || application/json]}" onto public org.springframework.http.ResponseEntity<? extends org.springframework.hateoas.ResourceSupport> org.springframework.data.rest.webmvc.RepositoryPropertyReferenceController.deletePropertyReference(org.springframework.data.rest.webmvc.RootResourceInformation,java.io.Serializable,java.lang.String) throws java.lang.Exception
2018-03-31 21:13:17.854  INFO 16379 --- [           main] o.s.d.r.w.RepositoryRestHandlerMapping   : Mapped "{[/{repository}/search/{search}],methods=[GET],produces=[application/hal+json || application/json]}" onto public org.springframework.http.ResponseEntity<?> org.springframework.data.rest.webmvc.RepositorySearchController.executeSearch(org.springframework.data.rest.webmvc.RootResourceInformation,org.springframework.util.MultiValueMap<java.lang.String, java.lang.Object>,java.lang.String,org.springframework.data.rest.webmvc.support.DefaultedPageable,org.springframework.data.domain.Sort,org.springframework.data.rest.webmvc.PersistentEntityResourceAssembler,org.springframework.http.HttpHeaders)
2018-03-31 21:13:17.855  INFO 16379 --- [           main] o.s.d.r.w.RepositoryRestHandlerMapping   : Mapped "{[/{repository}/search],methods=[OPTIONS],produces=[application/hal+json || application/json]}" onto public org.springframework.http.HttpEntity<?> org.springframework.data.rest.webmvc.RepositorySearchController.optionsForSearches(org.springframework.data.rest.webmvc.RootResourceInformation)
2018-03-31 21:13:17.855  INFO 16379 --- [           main] o.s.d.r.w.RepositoryRestHandlerMapping   : Mapped "{[/{repository}/search/{search}],methods=[GET],produces=[application/x-spring-data-compact+json]}" onto public org.springframework.hateoas.ResourceSupport org.springframework.data.rest.webmvc.RepositorySearchController.executeSearchCompact(org.springframework.data.rest.webmvc.RootResourceInformation,org.springframework.http.HttpHeaders,org.springframework.util.MultiValueMap<java.lang.String, java.lang.Object>,java.lang.String,java.lang.String,org.springframework.data.rest.webmvc.support.DefaultedPageable,org.springframework.data.domain.Sort,org.springframework.data.rest.webmvc.PersistentEntityResourceAssembler)
2018-03-31 21:13:17.855  INFO 16379 --- [           main] o.s.d.r.w.RepositoryRestHandlerMapping   : Mapped "{[/{repository}/search/{search}],methods=[OPTIONS],produces=[application/hal+json || application/json]}" onto public org.springframework.http.ResponseEntity<java.lang.Object> org.springframework.data.rest.webmvc.RepositorySearchController.optionsForSearch(org.springframework.data.rest.webmvc.RootResourceInformation,java.lang.String)
2018-03-31 21:13:17.855  INFO 16379 --- [           main] o.s.d.r.w.RepositoryRestHandlerMapping   : Mapped "{[/{repository}/search/{search}],methods=[HEAD],produces=[application/hal+json || application/json]}" onto public org.springframework.http.ResponseEntity<java.lang.Object> org.springframework.data.rest.webmvc.RepositorySearchController.headForSearch(org.springframework.data.rest.webmvc.RootResourceInformation,java.lang.String)
2018-03-31 21:13:17.856  INFO 16379 --- [           main] o.s.d.r.w.RepositoryRestHandlerMapping   : Mapped "{[/{repository}/search],methods=[GET],produces=[application/hal+json || application/json]}" onto public org.springframework.data.rest.webmvc.RepositorySearchesResource org.springframework.data.rest.webmvc.RepositorySearchController.listSearches(org.springframework.data.rest.webmvc.RootResourceInformation)
2018-03-31 21:13:17.856  INFO 16379 --- [           main] o.s.d.r.w.RepositoryRestHandlerMapping   : Mapped "{[/{repository}/search],methods=[HEAD],produces=[application/hal+json || application/json]}" onto public org.springframework.http.HttpEntity<?> org.springframework.data.rest.webmvc.RepositorySearchController.headForSearches(org.springframework.data.rest.webmvc.RootResourceInformation)
2018-03-31 21:13:17.857  INFO 16379 --- [           main] o.s.d.r.w.RepositoryRestHandlerMapping   : Mapped "{[/ || ],methods=[GET],produces=[application/hal+json || application/json]}" onto public org.springframework.http.HttpEntity<org.springframework.data.rest.webmvc.RepositoryLinksResource> org.springframework.data.rest.webmvc.RepositoryController.listRepositories()
2018-03-31 21:13:17.857  INFO 16379 --- [           main] o.s.d.r.w.RepositoryRestHandlerMapping   : Mapped "{[/ || ],methods=[OPTIONS],produces=[application/hal+json || application/json]}" onto public org.springframework.http.HttpEntity<?> org.springframework.data.rest.webmvc.RepositoryController.optionsForRepositories()
2018-03-31 21:13:17.857  INFO 16379 --- [           main] o.s.d.r.w.RepositoryRestHandlerMapping   : Mapped "{[/ || ],methods=[HEAD],produces=[application/hal+json || application/json]}" onto public org.springframework.http.ResponseEntity<?> org.springframework.data.rest.webmvc.RepositoryController.headForRepositories()
2018-03-31 21:13:17.859  INFO 16379 --- [           main] o.s.d.r.w.RepositoryRestHandlerMapping   : Mapped "{[/{repository}],methods=[OPTIONS],produces=[application/hal+json || application/json]}" onto public org.springframework.http.ResponseEntity<?> org.springframework.data.rest.webmvc.RepositoryEntityController.optionsForCollectionResource(org.springframework.data.rest.webmvc.RootResourceInformation)
2018-03-31 21:13:17.859  INFO 16379 --- [           main] o.s.d.r.w.RepositoryRestHandlerMapping   : Mapped "{[/{repository}],methods=[HEAD],produces=[application/hal+json || application/json]}" onto public org.springframework.http.ResponseEntity<?> org.springframework.data.rest.webmvc.RepositoryEntityController.headCollectionResource(org.springframework.data.rest.webmvc.RootResourceInformation,org.springframework.data.rest.webmvc.support.DefaultedPageable) throws org.springframework.web.HttpRequestMethodNotSupportedException
2018-03-31 21:13:17.859  INFO 16379 --- [           main] o.s.d.r.w.RepositoryRestHandlerMapping   : Mapped "{[/{repository}],methods=[GET],produces=[application/hal+json || application/json]}" onto public org.springframework.hateoas.Resources<?> org.springframework.data.rest.webmvc.RepositoryEntityController.getCollectionResource(org.springframework.data.rest.webmvc.RootResourceInformation,org.springframework.data.rest.webmvc.support.DefaultedPageable,org.springframework.data.domain.Sort,org.springframework.data.rest.webmvc.PersistentEntityResourceAssembler) throws org.springframework.data.rest.webmvc.ResourceNotFoundException,org.springframework.web.HttpRequestMethodNotSupportedException
2018-03-31 21:13:17.860  INFO 16379 --- [           main] o.s.d.r.w.RepositoryRestHandlerMapping   : Mapped "{[/{repository}],methods=[GET],produces=[application/x-spring-data-compact+json || text/uri-list]}" onto public org.springframework.hateoas.Resources<?> org.springframework.data.rest.webmvc.RepositoryEntityController.getCollectionResourceCompact(org.springframework.data.rest.webmvc.RootResourceInformation,org.springframework.data.rest.webmvc.support.DefaultedPageable,org.springframework.data.domain.Sort,org.springframework.data.rest.webmvc.PersistentEntityResourceAssembler) throws org.springframework.data.rest.webmvc.ResourceNotFoundException,org.springframework.web.HttpRequestMethodNotSupportedException
2018-03-31 21:13:17.860  INFO 16379 --- [           main] o.s.d.r.w.RepositoryRestHandlerMapping   : Mapped "{[/{repository}],methods=[POST],produces=[application/hal+json || application/json]}" onto public org.springframework.http.ResponseEntity<org.springframework.hateoas.ResourceSupport> org.springframework.data.rest.webmvc.RepositoryEntityController.postCollectionResource(org.springframework.data.rest.webmvc.RootResourceInformation,org.springframework.data.rest.webmvc.PersistentEntityResource,org.springframework.data.rest.webmvc.PersistentEntityResourceAssembler,java.lang.String) throws org.springframework.web.HttpRequestMethodNotSupportedException
2018-03-31 21:13:17.860  INFO 16379 --- [           main] o.s.d.r.w.RepositoryRestHandlerMapping   : Mapped "{[/{repository}/{id}],methods=[OPTIONS],produces=[application/hal+json || application/json]}" onto public org.springframework.http.ResponseEntity<?> org.springframework.data.rest.webmvc.RepositoryEntityController.optionsForItemResource(org.springframework.data.rest.webmvc.RootResourceInformation)
2018-03-31 21:13:17.861  INFO 16379 --- [           main] o.s.d.r.w.RepositoryRestHandlerMapping   : Mapped "{[/{repository}/{id}],methods=[HEAD],produces=[application/hal+json || application/json]}" onto public org.springframework.http.ResponseEntity<?> org.springframework.data.rest.webmvc.RepositoryEntityController.headForItemResource(org.springframework.data.rest.webmvc.RootResourceInformation,java.io.Serializable,org.springframework.data.rest.webmvc.PersistentEntityResourceAssembler) throws org.springframework.web.HttpRequestMethodNotSupportedException
2018-03-31 21:13:17.861  INFO 16379 --- [           main] o.s.d.r.w.RepositoryRestHandlerMapping   : Mapped "{[/{repository}/{id}],methods=[GET],produces=[application/hal+json || application/json]}" onto public org.springframework.http.ResponseEntity<org.springframework.hateoas.Resource<?>> org.springframework.data.rest.webmvc.RepositoryEntityController.getItemResource(org.springframework.data.rest.webmvc.RootResourceInformation,java.io.Serializable,org.springframework.data.rest.webmvc.PersistentEntityResourceAssembler,org.springframework.http.HttpHeaders) throws org.springframework.web.HttpRequestMethodNotSupportedException
2018-03-31 21:13:17.861  INFO 16379 --- [           main] o.s.d.r.w.RepositoryRestHandlerMapping   : Mapped "{[/{repository}/{id}],methods=[PUT],produces=[application/hal+json || application/json]}" onto public org.springframework.http.ResponseEntity<? extends org.springframework.hateoas.ResourceSupport> org.springframework.data.rest.webmvc.RepositoryEntityController.putItemResource(org.springframework.data.rest.webmvc.RootResourceInformation,org.springframework.data.rest.webmvc.PersistentEntityResource,java.io.Serializable,org.springframework.data.rest.webmvc.PersistentEntityResourceAssembler,org.springframework.data.rest.webmvc.support.ETag,java.lang.String) throws org.springframework.web.HttpRequestMethodNotSupportedException
2018-03-31 21:13:17.861  INFO 16379 --- [           main] o.s.d.r.w.RepositoryRestHandlerMapping   : Mapped "{[/{repository}/{id}],methods=[PATCH],produces=[application/hal+json || application/json]}" onto public org.springframework.http.ResponseEntity<org.springframework.hateoas.ResourceSupport> org.springframework.data.rest.webmvc.RepositoryEntityController.patchItemResource(org.springframework.data.rest.webmvc.RootResourceInformation,org.springframework.data.rest.webmvc.PersistentEntityResource,java.io.Serializable,org.springframework.data.rest.webmvc.PersistentEntityResourceAssembler,org.springframework.data.rest.webmvc.support.ETag,java.lang.String) throws org.springframework.web.HttpRequestMethodNotSupportedException,org.springframework.data.rest.webmvc.ResourceNotFoundException
2018-03-31 21:13:17.862  INFO 16379 --- [           main] o.s.d.r.w.RepositoryRestHandlerMapping   : Mapped "{[/{repository}/{id}],methods=[DELETE],produces=[application/hal+json || application/json]}" onto public org.springframework.http.ResponseEntity<?> org.springframework.data.rest.webmvc.RepositoryEntityController.deleteItemResource(org.springframework.data.rest.webmvc.RootResourceInformation,java.io.Serializable,org.springframework.data.rest.webmvc.support.ETag) throws org.springframework.data.rest.webmvc.ResourceNotFoundException,org.springframework.web.HttpRequestMethodNotSupportedException
2018-03-31 21:13:17.865  INFO 16379 --- [           main] o.s.d.r.w.BasePathAwareHandlerMapping    : Mapped "{[/profile/{repository}],methods=[OPTIONS],produces=[application/alps+json]}" onto org.springframework.http.HttpEntity<?> org.springframework.data.rest.webmvc.alps.AlpsController.alpsOptions()
2018-03-31 21:13:17.866  INFO 16379 --- [           main] o.s.d.r.w.BasePathAwareHandlerMapping    : Mapped "{[/profile/{repository}],methods=[GET],produces=[application/alps+json || */*]}" onto org.springframework.http.HttpEntity<org.springframework.data.rest.webmvc.RootResourceInformation> org.springframework.data.rest.webmvc.alps.AlpsController.descriptor(org.springframework.data.rest.webmvc.RootResourceInformation)
2018-03-31 21:13:17.866  INFO 16379 --- [           main] o.s.d.r.w.BasePathAwareHandlerMapping    : Mapped "{[/profile/{repository}],methods=[GET],produces=[application/schema+json]}" onto public org.springframework.http.HttpEntity<org.springframework.data.rest.webmvc.json.JsonSchema> org.springframework.data.rest.webmvc.RepositorySchemaController.schema(org.springframework.data.rest.webmvc.RootResourceInformation)
2018-03-31 21:13:17.866  INFO 16379 --- [           main] o.s.d.r.w.BasePathAwareHandlerMapping    : Mapped "{[/profile],methods=[OPTIONS]}" onto public org.springframework.http.HttpEntity<?> org.springframework.data.rest.webmvc.ProfileController.profileOptions()
2018-03-31 21:13:17.866  INFO 16379 --- [           main] o.s.d.r.w.BasePathAwareHandlerMapping    : Mapped "{[/profile],methods=[GET]}" onto org.springframework.http.HttpEntity<org.springframework.hateoas.ResourceSupport> org.springframework.data.rest.webmvc.ProfileController.listAllFormsOfMetadata()
2018-03-31 21:13:18.188  INFO 16379 --- [           main] o.h.h.i.QueryTranslatorFactoryInitiator  : HHH000397: Using ASTQueryTranslatorFactory
2018-03-31 21:13:18.286  INFO 16379 --- [           main] e.harvard.h2ms.service.EmailServiceImpl  : ************************STARTING GREENMAIL****************
2018-03-31 21:13:18.304  INFO 16379 --- [           main] e.h.h.controllers.EventControllerTests   : Started EventControllerTests in 5.918 seconds (JVM running for 12.874)
2018-03-31 21:13:18.368  INFO 16379 --- [           main] o.s.b.t.m.w.SpringBootMockServletContext : Initializing Spring FrameworkServlet ''
2018-03-31 21:13:18.368  INFO 16379 --- [           main] o.s.t.web.servlet.TestDispatcherServlet  : FrameworkServlet '': initialization started
2018-03-31 21:13:18.385  INFO 16379 --- [           main] o.s.t.web.servlet.TestDispatcherServlet  : FrameworkServlet '': initialization completed in 17 ms
2018-03-31 21:13:18.914  INFO 16379 --- [           main] o.s.w.c.s.GenericWebApplicationContext   : Closing org.springframework.web.context.support.GenericWebApplicationContext@77d0dbba: startup date [Sat Mar 31 21:13:12 EDT 2018]; root of context hierarchy
2018-03-31 21:13:18.920  INFO 16379 --- [           main] j.LocalContainerEntityManagerFactoryBean : Closing JPA EntityManagerFactory for persistence unit 'default'
2018-03-31 21:13:18.920  INFO 16379 --- [           main] org.hibernate.tool.hbm2ddl.SchemaExport  : HHH000227: Running hbm2ddl schema export
2018-03-31 21:13:18.958  INFO 16379 --- [           main] org.hibernate.tool.hbm2ddl.SchemaExport  : HHH000230: Schema export complete

  .   ____          _            __ _ _
 /\\ / ___'_ __ _ _(_)_ __  __ _ \ \ \ \
( ( )\___ | '_ | '_| | '_ \/ _` | \ \ \ \
 \\/  ___)| |_)| | | | | || (_| |  ) ) ) )
  '  |____| .__|_| |_|_| |_\__, | / / / /
 =========|_|==============|___/=/_/_/_/
 :: Spring Boot ::       (v1.5.10.RELEASE)

2018-03-31 21:13:19.033  INFO 16379 --- [           main] e.h.h.controllers.EventControllerTests   : Starting EventControllerTests on ancient.bitbin.de with PID 16379 (started by stbenjam in /home/stbenjam/git/h2ms)
2018-03-31 21:13:19.033  INFO 16379 --- [           main] e.h.h.controllers.EventControllerTests   : No active profile set, falling back to default profiles: default
2018-03-31 21:13:19.034  INFO 16379 --- [           main] o.s.w.c.s.GenericWebApplicationContext   : Refreshing org.springframework.web.context.support.GenericWebApplicationContext@6cb5a64d: startup date [Sat Mar 31 21:13:19 EDT 2018]; root of context hierarchy
2018-03-31 21:13:19.085  INFO 16379 --- [           main] o.s.c.a.ConfigurationClassParser         : Properties location [classpath:mailserver.properties] not resolvable: class path resource [mailserver.properties] cannot be opened because it does not exist
2018-03-31 21:13:19.278  INFO 16379 --- [           main] o.s.b.f.s.DefaultListableBeanFactory     : Overriding bean definition for bean 'httpRequestHandlerAdapter' with a different definition: replacing [Root bean: class [null]; scope=; abstract=false; lazyInit=false; autowireMode=3; dependencyCheck=0; autowireCandidate=true; primary=false; factoryBeanName=org.springframework.boot.autoconfigure.web.WebMvcAutoConfiguration$EnableWebMvcConfiguration; factoryMethodName=httpRequestHandlerAdapter; initMethodName=null; destroyMethodName=(inferred); defined in class path resource [org/springframework/boot/autoconfigure/web/WebMvcAutoConfiguration$EnableWebMvcConfiguration.class]] with [Root bean: class [null]; scope=; abstract=false; lazyInit=false; autowireMode=3; dependencyCheck=0; autowireCandidate=true; primary=false; factoryBeanName=org.springframework.data.rest.webmvc.config.RepositoryRestMvcConfiguration; factoryMethodName=httpRequestHandlerAdapter; initMethodName=null; destroyMethodName=(inferred); defined in class path resource [org/springframework/data/rest/webmvc/config/RepositoryRestMvcConfiguration.class]]
2018-03-31 21:13:19.384  INFO 16379 --- [           main] trationDelegate$BeanPostProcessorChecker : Bean 'org.springframework.transaction.annotation.ProxyTransactionManagementConfiguration' of type [org.springframework.transaction.annotation.ProxyTransactionManagementConfiguration$$EnhancerBySpringCGLIB$$225ecc1d] is not eligible for getting processed by all BeanPostProcessors (for example: not eligible for auto-proxying)
2018-03-31 21:13:19.413  INFO 16379 --- [           main] trationDelegate$BeanPostProcessorChecker : Bean 'org.springframework.security.config.annotation.configuration.ObjectPostProcessorConfiguration' of type [org.springframework.security.config.annotation.configuration.ObjectPostProcessorConfiguration$$EnhancerBySpringCGLIB$$bb0c9457] is not eligible for getting processed by all BeanPostProcessors (for example: not eligible for auto-proxying)
2018-03-31 21:13:19.424  INFO 16379 --- [           main] trationDelegate$BeanPostProcessorChecker : Bean 'objectPostProcessor' of type [org.springframework.security.config.annotation.configuration.AutowireBeanFactoryObjectPostProcessor] is not eligible for getting processed by all BeanPostProcessors (for example: not eligible for auto-proxying)
2018-03-31 21:13:19.425  INFO 16379 --- [           main] trationDelegate$BeanPostProcessorChecker : Bean 'org.springframework.security.access.expression.method.DefaultMethodSecurityExpressionHandler@28806954' of type [org.springframework.security.oauth2.provider.expression.OAuth2MethodSecurityExpressionHandler] is not eligible for getting processed by all BeanPostProcessors (for example: not eligible for auto-proxying)
2018-03-31 21:13:19.430  INFO 16379 --- [           main] trationDelegate$BeanPostProcessorChecker : Bean 'org.springframework.security.config.annotation.method.configuration.GlobalMethodSecurityConfiguration' of type [org.springframework.security.config.annotation.method.configuration.GlobalMethodSecurityConfiguration$$EnhancerBySpringCGLIB$$dfe13709] is not eligible for getting processed by all BeanPostProcessors (for example: not eligible for auto-proxying)
2018-03-31 21:13:19.432  INFO 16379 --- [           main] trationDelegate$BeanPostProcessorChecker : Bean 'methodSecurityMetadataSource' of type [org.springframework.security.access.method.DelegatingMethodSecurityMetadataSource] is not eligible for getting processed by all BeanPostProcessors (for example: not eligible for auto-proxying)
2018-03-31 21:13:19.461  INFO 16379 --- [           main] trationDelegate$BeanPostProcessorChecker : Bean 'security.oauth2.client-org.springframework.boot.autoconfigure.security.oauth2.OAuth2ClientProperties' of type [org.springframework.boot.autoconfigure.security.oauth2.OAuth2ClientProperties] is not eligible for getting processed by all BeanPostProcessors (for example: not eligible for auto-proxying)
2018-03-31 21:13:19.468  INFO 16379 --- [           main] trationDelegate$BeanPostProcessorChecker : Bean 'org.springframework.boot.autoconfigure.security.oauth2.OAuth2AutoConfiguration' of type [org.springframework.boot.autoconfigure.security.oauth2.OAuth2AutoConfiguration$$EnhancerBySpringCGLIB$$d9a8881d] is not eligible for getting processed by all BeanPostProcessors (for example: not eligible for auto-proxying)
2018-03-31 21:13:19.494  INFO 16379 --- [           main] trationDelegate$BeanPostProcessorChecker : Bean 'resourceServerProperties' of type [org.springframework.boot.autoconfigure.security.oauth2.resource.ResourceServerProperties] is not eligible for getting processed by all BeanPostProcessors (for example: not eligible for auto-proxying)
2018-03-31 21:13:19.673  INFO 16379 --- [           main] j.LocalContainerEntityManagerFactoryBean : Building JPA container EntityManagerFactory for persistence unit 'default'
2018-03-31 21:13:19.673  INFO 16379 --- [           main] o.hibernate.jpa.internal.util.LogHelper  : HHH000204: Processing PersistenceUnitInfo [
	name: default
	...]
2018-03-31 21:13:19.678  INFO 16379 --- [           main] org.hibernate.dialect.Dialect            : HHH000400: Using dialect: org.hibernate.dialect.H2Dialect
2018-03-31 21:13:19.763  INFO 16379 --- [           main] org.hibernate.tool.hbm2ddl.SchemaExport  : HHH000227: Running hbm2ddl schema export
2018-03-31 21:13:19.788  INFO 16379 --- [           main] org.hibernate.tool.hbm2ddl.SchemaExport  : HHH000230: Schema export complete
2018-03-31 21:13:19.803  WARN 16379 --- [           main] o.h.j.i.EntityManagerFactoryRegistry     : HHH000436: Entity manager factory name (default) is already registered.  If entity manager will be clustered or passivated, specify a unique value for property 'hibernate.ejb.entitymanager_factory_name'
2018-03-31 21:13:19.804  INFO 16379 --- [           main] j.LocalContainerEntityManagerFactoryBean : Initialized JPA EntityManagerFactory for persistence unit 'default'
2018-03-31 21:13:20.385  INFO 16379 --- [           main] .s.o.p.e.FrameworkEndpointHandlerMapping : Mapped "{[/oauth/authorize]}" onto public org.springframework.web.servlet.ModelAndView org.springframework.security.oauth2.provider.endpoint.AuthorizationEndpoint.authorize(java.util.Map<java.lang.String, java.lang.Object>,java.util.Map<java.lang.String, java.lang.String>,org.springframework.web.bind.support.SessionStatus,java.security.Principal)
2018-03-31 21:13:20.386  INFO 16379 --- [           main] .s.o.p.e.FrameworkEndpointHandlerMapping : Mapped "{[/oauth/authorize],methods=[POST],params=[user_oauth_approval]}" onto public org.springframework.web.servlet.View org.springframework.security.oauth2.provider.endpoint.AuthorizationEndpoint.approveOrDeny(java.util.Map<java.lang.String, java.lang.String>,java.util.Map<java.lang.String, ?>,org.springframework.web.bind.support.SessionStatus,java.security.Principal)
2018-03-31 21:13:20.386  INFO 16379 --- [           main] .s.o.p.e.FrameworkEndpointHandlerMapping : Mapped "{[/oauth/token],methods=[POST]}" onto public org.springframework.http.ResponseEntity<org.springframework.security.oauth2.common.OAuth2AccessToken> org.springframework.security.oauth2.provider.endpoint.TokenEndpoint.postAccessToken(java.security.Principal,java.util.Map<java.lang.String, java.lang.String>) throws org.springframework.web.HttpRequestMethodNotSupportedException
2018-03-31 21:13:20.386  INFO 16379 --- [           main] .s.o.p.e.FrameworkEndpointHandlerMapping : Mapped "{[/oauth/token],methods=[GET]}" onto public org.springframework.http.ResponseEntity<org.springframework.security.oauth2.common.OAuth2AccessToken> org.springframework.security.oauth2.provider.endpoint.TokenEndpoint.getAccessToken(java.security.Principal,java.util.Map<java.lang.String, java.lang.String>) throws org.springframework.web.HttpRequestMethodNotSupportedException
2018-03-31 21:13:20.387  INFO 16379 --- [           main] .s.o.p.e.FrameworkEndpointHandlerMapping : Mapped "{[/oauth/check_token]}" onto public java.util.Map<java.lang.String, ?> org.springframework.security.oauth2.provider.endpoint.CheckTokenEndpoint.checkToken(java.lang.String)
2018-03-31 21:13:20.387  INFO 16379 --- [           main] .s.o.p.e.FrameworkEndpointHandlerMapping : Mapped "{[/oauth/confirm_access]}" onto public org.springframework.web.servlet.ModelAndView org.springframework.security.oauth2.provider.endpoint.WhitelabelApprovalEndpoint.getAccessConfirmation(java.util.Map<java.lang.String, java.lang.Object>,javax.servlet.http.HttpServletRequest) throws java.lang.Exception
2018-03-31 21:13:20.388  INFO 16379 --- [           main] .s.o.p.e.FrameworkEndpointHandlerMapping : Mapped "{[/oauth/error]}" onto public org.springframework.web.servlet.ModelAndView org.springframework.security.oauth2.provider.endpoint.WhitelabelErrorEndpoint.handleError(javax.servlet.http.HttpServletRequest)
2018-03-31 21:13:20.657  INFO 16379 --- [           main] o.s.s.web.DefaultSecurityFilterChain     : Creating filter chain: Ant [pattern='/'], []
2018-03-31 21:13:20.658  INFO 16379 --- [           main] o.s.s.web.DefaultSecurityFilterChain     : Creating filter chain: Ant [pattern='/login'], []
2018-03-31 21:13:20.658  INFO 16379 --- [           main] o.s.s.web.DefaultSecurityFilterChain     : Creating filter chain: Ant [pattern='/webjars/**'], []
2018-03-31 21:13:20.658  INFO 16379 --- [           main] o.s.s.web.DefaultSecurityFilterChain     : Creating filter chain: Ant [pattern='/api/passwords/**'], []
2018-03-31 21:13:20.658  INFO 16379 --- [           main] o.s.s.web.DefaultSecurityFilterChain     : Creating filter chain: Ant [pattern='/swagger-resources'], []
2018-03-31 21:13:20.658  INFO 16379 --- [           main] o.s.s.web.DefaultSecurityFilterChain     : Creating filter chain: Ant [pattern='/swagger-resources/**'], []
2018-03-31 21:13:20.658  INFO 16379 --- [           main] o.s.s.web.DefaultSecurityFilterChain     : Creating filter chain: Ant [pattern='/swagger-ui.html'], []
2018-03-31 21:13:20.658  INFO 16379 --- [           main] o.s.s.web.DefaultSecurityFilterChain     : Creating filter chain: Ant [pattern='/v2/api-docs'], []
2018-03-31 21:13:20.658  INFO 16379 --- [           main] o.s.s.web.DefaultSecurityFilterChain     : Creating filter chain: Ant [pattern='/**', OPTIONS], []
2018-03-31 21:13:20.757  INFO 16379 --- [           main] o.s.s.web.DefaultSecurityFilterChain     : Creating filter chain: OrRequestMatcher [requestMatchers=[Ant [pattern='/oauth/token'], Ant [pattern='/oauth/token_key'], Ant [pattern='/oauth/check_token']]], [org.springframework.security.web.context.request.async.WebAsyncManagerIntegrationFilter@5165783c, org.springframework.security.web.context.SecurityContextPersistenceFilter@13668c8b, org.springframework.security.web.header.HeaderWriterFilter@642aa8ea, org.springframework.security.web.authentication.logout.LogoutFilter@47ffce5d, org.springframework.security.web.authentication.www.BasicAuthenticationFilter@240fe338, org.springframework.security.web.savedrequest.RequestCacheAwareFilter@10ecdd85, org.springframework.security.web.servletapi.SecurityContextHolderAwareRequestFilter@21b05a8a, org.springframework.security.web.authentication.AnonymousAuthenticationFilter@7d1f60cf, org.springframework.security.web.session.SessionManagementFilter@5de769c8, org.springframework.security.web.access.ExceptionTranslationFilter@67dc8aa8, org.springframework.security.web.access.intercept.FilterSecurityInterceptor@4d23b242]
2018-03-31 21:13:20.782  INFO 16379 --- [           main] o.s.s.web.DefaultSecurityFilterChain     : Creating filter chain: org.springframework.security.oauth2.config.annotation.web.configuration.ResourceServerConfiguration$NotOAuthRequestMatcher@6a4940e1, [org.springframework.security.web.context.request.async.WebAsyncManagerIntegrationFilter@31330344, org.springframework.security.web.context.SecurityContextPersistenceFilter@21f41593, org.springframework.security.web.header.HeaderWriterFilter@5f709b99, org.springframework.security.web.authentication.logout.LogoutFilter@1e0be005, org.springframework.security.oauth2.provider.authentication.OAuth2AuthenticationProcessingFilter@26204f8f, org.springframework.security.web.savedrequest.RequestCacheAwareFilter@5ceeab0c, org.springframework.security.web.servletapi.SecurityContextHolderAwareRequestFilter@7194f5b, org.springframework.security.web.authentication.AnonymousAuthenticationFilter@72ab75c, org.springframework.security.web.session.SessionManagementFilter@46ebfc09, org.springframework.security.web.access.ExceptionTranslationFilter@3808bdfc, org.springframework.security.web.access.intercept.FilterSecurityInterceptor@4e31229f]
2018-03-31 21:13:20.783  INFO 16379 --- [           main] o.s.s.web.DefaultSecurityFilterChain     : Creating filter chain: org.springframework.security.web.util.matcher.AnyRequestMatcher@1, [org.springframework.security.web.access.intercept.FilterSecurityInterceptor@19e93a38]
2018-03-31 21:13:21.127  INFO 16379 --- [           main] s.w.s.m.m.a.RequestMappingHandlerAdapter : Looking for @ControllerAdvice: org.springframework.web.context.support.GenericWebApplicationContext@6cb5a64d: startup date [Sat Mar 31 21:13:19 EDT 2018]; root of context hierarchy
2018-03-31 21:13:21.167  INFO 16379 --- [           main] s.w.s.m.m.a.RequestMappingHandlerMapping : Mapped "{[/events/count/{timeframe}],methods=[GET]}" onto public org.springframework.http.ResponseEntity<?> edu.harvard.h2ms.web.controller.EventController.findEventCountByTimeframe(java.lang.String)
2018-03-31 21:13:21.167  INFO 16379 --- [           main] s.w.s.m.m.a.RequestMappingHandlerMapping : Mapped "{[/events/compliance/{questionId}/{timeframe}],methods=[GET]}" onto public org.springframework.http.ResponseEntity<?> edu.harvard.h2ms.web.controller.EventController.findComplianceByTimeframe(java.lang.String,java.lang.Long)
2018-03-31 21:13:21.167  INFO 16379 --- [           main] s.w.s.m.m.a.RequestMappingHandlerMapping : Mapped "{[/api/passwords/reset/{email:.+}],methods=[GET]}" onto public org.springframework.http.ResponseEntity<java.lang.Object> edu.harvard.h2ms.web.controller.PasswordController.getPasswordResetToken(java.lang.String)
2018-03-31 21:13:21.167  INFO 16379 --- [           main] s.w.s.m.m.a.RequestMappingHandlerMapping : Mapped "{[/api/passwords/reset/token],methods=[POST]}" onto public org.springframework.http.ResponseEntity<java.lang.Object> edu.harvard.h2ms.web.controller.PasswordController.resetPasswordViaToken(java.util.Map<java.lang.String, java.lang.String>)
2018-03-31 21:13:21.168  INFO 16379 --- [           main] s.w.s.m.m.a.RequestMappingHandlerMapping : Mapped "{[/users/avgWashed],methods=[GET]}" onto public java.util.Map<java.lang.String, java.lang.Double> edu.harvard.h2ms.web.controller.UserController.findAvgWashCompliance()
2018-03-31 21:13:21.169  INFO 16379 --- [           main] s.w.s.m.m.a.RequestMappingHandlerMapping : Mapped "{[/error],produces=[text/html]}" onto public org.springframework.web.servlet.ModelAndView org.springframework.boot.autoconfigure.web.BasicErrorController.errorHtml(javax.servlet.http.HttpServletRequest,javax.servlet.http.HttpServletResponse)
2018-03-31 21:13:21.169  INFO 16379 --- [           main] s.w.s.m.m.a.RequestMappingHandlerMapping : Mapped "{[/error]}" onto public org.springframework.http.ResponseEntity<java.util.Map<java.lang.String, java.lang.Object>> org.springframework.boot.autoconfigure.web.BasicErrorController.error(javax.servlet.http.HttpServletRequest)
2018-03-31 21:13:21.229  INFO 16379 --- [           main] o.s.w.s.handler.SimpleUrlHandlerMapping  : Mapped URL path [/webjars/**] onto handler of type [class org.springframework.web.servlet.resource.ResourceHttpRequestHandler]
2018-03-31 21:13:21.229  INFO 16379 --- [           main] o.s.w.s.handler.SimpleUrlHandlerMapping  : Mapped URL path [/**] onto handler of type [class org.springframework.web.servlet.resource.ResourceHttpRequestHandler]
2018-03-31 21:13:21.255  INFO 16379 --- [           main] .m.m.a.ExceptionHandlerExceptionResolver : Detected @ExceptionHandler methods in exceptionHandlingController
2018-03-31 21:13:21.256  INFO 16379 --- [           main] .m.m.a.ExceptionHandlerExceptionResolver : Detected @ExceptionHandler methods in repositoryRestExceptionHandler
2018-03-31 21:13:21.327  INFO 16379 --- [           main] o.s.w.s.handler.SimpleUrlHandlerMapping  : Mapped URL path [/**/favicon.ico] onto handler of type [class org.springframework.web.servlet.resource.ResourceHttpRequestHandler]
2018-03-31 21:13:21.379  WARN 16379 --- [           main] .t.AbstractTemplateResolverConfiguration : Cannot find template location: classpath:/templates/ (please add some templates or check your Thymeleaf configuration)
2018-03-31 21:13:21.502  INFO 16379 --- [           main] o.s.d.r.w.RepositoryRestHandlerAdapter   : Looking for @ControllerAdvice: org.springframework.web.context.support.GenericWebApplicationContext@6cb5a64d: startup date [Sat Mar 31 21:13:19 EDT 2018]; root of context hierarchy
2018-03-31 21:13:21.525  INFO 16379 --- [           main] o.s.d.r.w.RepositoryRestHandlerMapping   : Mapped "{[/{repository}/{id}/{property}],methods=[GET],produces=[application/x-spring-data-compact+json || text/uri-list]}" onto public org.springframework.http.ResponseEntity<org.springframework.hateoas.ResourceSupport> org.springframework.data.rest.webmvc.RepositoryPropertyReferenceController.followPropertyReferenceCompact(org.springframework.data.rest.webmvc.RootResourceInformation,java.io.Serializable,java.lang.String,org.springframework.data.rest.webmvc.PersistentEntityResourceAssembler) throws java.lang.Exception
2018-03-31 21:13:21.525  INFO 16379 --- [           main] o.s.d.r.w.RepositoryRestHandlerMapping   : Mapped "{[/{repository}/{id}/{property}],methods=[PATCH || PUT || POST],consumes=[application/json || application/x-spring-data-compact+json || text/uri-list],produces=[application/hal+json || application/json]}" onto public org.springframework.http.ResponseEntity<? extends org.springframework.hateoas.ResourceSupport> org.springframework.data.rest.webmvc.RepositoryPropertyReferenceController.createPropertyReference(org.springframework.data.rest.webmvc.RootResourceInformation,org.springframework.http.HttpMethod,org.springframework.hateoas.Resources<java.lang.Object>,java.io.Serializable,java.lang.String) throws java.lang.Exception
2018-03-31 21:13:21.526  INFO 16379 --- [           main] o.s.d.r.w.RepositoryRestHandlerMapping   : Mapped "{[/{repository}/{id}/{property}/{propertyId}],methods=[DELETE],produces=[application/hal+json || application/json]}" onto public org.springframework.http.ResponseEntity<org.springframework.hateoas.ResourceSupport> org.springframework.data.rest.webmvc.RepositoryPropertyReferenceController.deletePropertyReferenceId(org.springframework.data.rest.webmvc.RootResourceInformation,java.io.Serializable,java.lang.String,java.lang.String) throws java.lang.Exception
2018-03-31 21:13:21.526  INFO 16379 --- [           main] o.s.d.r.w.RepositoryRestHandlerMapping   : Mapped "{[/{repository}/{id}/{property}/{propertyId}],methods=[GET],produces=[application/hal+json || application/json]}" onto public org.springframework.http.ResponseEntity<org.springframework.hateoas.ResourceSupport> org.springframework.data.rest.webmvc.RepositoryPropertyReferenceController.followPropertyReference(org.springframework.data.rest.webmvc.RootResourceInformation,java.io.Serializable,java.lang.String,java.lang.String,org.springframework.data.rest.webmvc.PersistentEntityResourceAssembler) throws java.lang.Exception
2018-03-31 21:13:21.526  INFO 16379 --- [           main] o.s.d.r.w.RepositoryRestHandlerMapping   : Mapped "{[/{repository}/{id}/{property}],methods=[GET],produces=[application/hal+json || application/json]}" onto public org.springframework.http.ResponseEntity<org.springframework.hateoas.ResourceSupport> org.springframework.data.rest.webmvc.RepositoryPropertyReferenceController.followPropertyReference(org.springframework.data.rest.webmvc.RootResourceInformation,java.io.Serializable,java.lang.String,org.springframework.data.rest.webmvc.PersistentEntityResourceAssembler) throws java.lang.Exception
2018-03-31 21:13:21.526  INFO 16379 --- [           main] o.s.d.r.w.RepositoryRestHandlerMapping   : Mapped "{[/{repository}/{id}/{property}],methods=[DELETE],produces=[application/hal+json || application/json]}" onto public org.springframework.http.ResponseEntity<? extends org.springframework.hateoas.ResourceSupport> org.springframework.data.rest.webmvc.RepositoryPropertyReferenceController.deletePropertyReference(org.springframework.data.rest.webmvc.RootResourceInformation,java.io.Serializable,java.lang.String) throws java.lang.Exception
2018-03-31 21:13:21.527  INFO 16379 --- [           main] o.s.d.r.w.RepositoryRestHandlerMapping   : Mapped "{[/{repository}/search/{search}],methods=[GET],produces=[application/hal+json || application/json]}" onto public org.springframework.http.ResponseEntity<?> org.springframework.data.rest.webmvc.RepositorySearchController.executeSearch(org.springframework.data.rest.webmvc.RootResourceInformation,org.springframework.util.MultiValueMap<java.lang.String, java.lang.Object>,java.lang.String,org.springframework.data.rest.webmvc.support.DefaultedPageable,org.springframework.data.domain.Sort,org.springframework.data.rest.webmvc.PersistentEntityResourceAssembler,org.springframework.http.HttpHeaders)
2018-03-31 21:13:21.527  INFO 16379 --- [           main] o.s.d.r.w.RepositoryRestHandlerMapping   : Mapped "{[/{repository}/search],methods=[OPTIONS],produces=[application/hal+json || application/json]}" onto public org.springframework.http.HttpEntity<?> org.springframework.data.rest.webmvc.RepositorySearchController.optionsForSearches(org.springframework.data.rest.webmvc.RootResourceInformation)
2018-03-31 21:13:21.528  INFO 16379 --- [           main] o.s.d.r.w.RepositoryRestHandlerMapping   : Mapped "{[/{repository}/search/{search}],methods=[GET],produces=[application/x-spring-data-compact+json]}" onto public org.springframework.hateoas.ResourceSupport org.springframework.data.rest.webmvc.RepositorySearchController.executeSearchCompact(org.springframework.data.rest.webmvc.RootResourceInformation,org.springframework.http.HttpHeaders,org.springframework.util.MultiValueMap<java.lang.String, java.lang.Object>,java.lang.String,java.lang.String,org.springframework.data.rest.webmvc.support.DefaultedPageable,org.springframework.data.domain.Sort,org.springframework.data.rest.webmvc.PersistentEntityResourceAssembler)
2018-03-31 21:13:21.528  INFO 16379 --- [           main] o.s.d.r.w.RepositoryRestHandlerMapping   : Mapped "{[/{repository}/search/{search}],methods=[OPTIONS],produces=[application/hal+json || application/json]}" onto public org.springframework.http.ResponseEntity<java.lang.Object> org.springframework.data.rest.webmvc.RepositorySearchController.optionsForSearch(org.springframework.data.rest.webmvc.RootResourceInformation,java.lang.String)
2018-03-31 21:13:21.528  INFO 16379 --- [           main] o.s.d.r.w.RepositoryRestHandlerMapping   : Mapped "{[/{repository}/search/{search}],methods=[HEAD],produces=[application/hal+json || application/json]}" onto public org.springframework.http.ResponseEntity<java.lang.Object> org.springframework.data.rest.webmvc.RepositorySearchController.headForSearch(org.springframework.data.rest.webmvc.RootResourceInformation,java.lang.String)
2018-03-31 21:13:21.528  INFO 16379 --- [           main] o.s.d.r.w.RepositoryRestHandlerMapping   : Mapped "{[/{repository}/search],methods=[GET],produces=[application/hal+json || application/json]}" onto public org.springframework.data.rest.webmvc.RepositorySearchesResource org.springframework.data.rest.webmvc.RepositorySearchController.listSearches(org.springframework.data.rest.webmvc.RootResourceInformation)
2018-03-31 21:13:21.529  INFO 16379 --- [           main] o.s.d.r.w.RepositoryRestHandlerMapping   : Mapped "{[/{repository}/search],methods=[HEAD],produces=[application/hal+json || application/json]}" onto public org.springframework.http.HttpEntity<?> org.springframework.data.rest.webmvc.RepositorySearchController.headForSearches(org.springframework.data.rest.webmvc.RootResourceInformation)
2018-03-31 21:13:21.529  INFO 16379 --- [           main] o.s.d.r.w.RepositoryRestHandlerMapping   : Mapped "{[/ || ],methods=[GET],produces=[application/hal+json || application/json]}" onto public org.springframework.http.HttpEntity<org.springframework.data.rest.webmvc.RepositoryLinksResource> org.springframework.data.rest.webmvc.RepositoryController.listRepositories()
2018-03-31 21:13:21.529  INFO 16379 --- [           main] o.s.d.r.w.RepositoryRestHandlerMapping   : Mapped "{[/ || ],methods=[OPTIONS],produces=[application/hal+json || application/json]}" onto public org.springframework.http.HttpEntity<?> org.springframework.data.rest.webmvc.RepositoryController.optionsForRepositories()
2018-03-31 21:13:21.529  INFO 16379 --- [           main] o.s.d.r.w.RepositoryRestHandlerMapping   : Mapped "{[/ || ],methods=[HEAD],produces=[application/hal+json || application/json]}" onto public org.springframework.http.ResponseEntity<?> org.springframework.data.rest.webmvc.RepositoryController.headForRepositories()
2018-03-31 21:13:21.530  INFO 16379 --- [           main] o.s.d.r.w.RepositoryRestHandlerMapping   : Mapped "{[/{repository}],methods=[OPTIONS],produces=[application/hal+json || application/json]}" onto public org.springframework.http.ResponseEntity<?> org.springframework.data.rest.webmvc.RepositoryEntityController.optionsForCollectionResource(org.springframework.data.rest.webmvc.RootResourceInformation)
2018-03-31 21:13:21.531  INFO 16379 --- [           main] o.s.d.r.w.RepositoryRestHandlerMapping   : Mapped "{[/{repository}],methods=[HEAD],produces=[application/hal+json || application/json]}" onto public org.springframework.http.ResponseEntity<?> org.springframework.data.rest.webmvc.RepositoryEntityController.headCollectionResource(org.springframework.data.rest.webmvc.RootResourceInformation,org.springframework.data.rest.webmvc.support.DefaultedPageable) throws org.springframework.web.HttpRequestMethodNotSupportedException
2018-03-31 21:13:21.531  INFO 16379 --- [           main] o.s.d.r.w.RepositoryRestHandlerMapping   : Mapped "{[/{repository}],methods=[GET],produces=[application/hal+json || application/json]}" onto public org.springframework.hateoas.Resources<?> org.springframework.data.rest.webmvc.RepositoryEntityController.getCollectionResource(org.springframework.data.rest.webmvc.RootResourceInformation,org.springframework.data.rest.webmvc.support.DefaultedPageable,org.springframework.data.domain.Sort,org.springframework.data.rest.webmvc.PersistentEntityResourceAssembler) throws org.springframework.data.rest.webmvc.ResourceNotFoundException,org.springframework.web.HttpRequestMethodNotSupportedException
2018-03-31 21:13:21.531  INFO 16379 --- [           main] o.s.d.r.w.RepositoryRestHandlerMapping   : Mapped "{[/{repository}],methods=[GET],produces=[application/x-spring-data-compact+json || text/uri-list]}" onto public org.springframework.hateoas.Resources<?> org.springframework.data.rest.webmvc.RepositoryEntityController.getCollectionResourceCompact(org.springframework.data.rest.webmvc.RootResourceInformation,org.springframework.data.rest.webmvc.support.DefaultedPageable,org.springframework.data.domain.Sort,org.springframework.data.rest.webmvc.PersistentEntityResourceAssembler) throws org.springframework.data.rest.webmvc.ResourceNotFoundException,org.springframework.web.HttpRequestMethodNotSupportedException
2018-03-31 21:13:21.532  INFO 16379 --- [           main] o.s.d.r.w.RepositoryRestHandlerMapping   : Mapped "{[/{repository}],methods=[POST],produces=[application/hal+json || application/json]}" onto public org.springframework.http.ResponseEntity<org.springframework.hateoas.ResourceSupport> org.springframework.data.rest.webmvc.RepositoryEntityController.postCollectionResource(org.springframework.data.rest.webmvc.RootResourceInformation,org.springframework.data.rest.webmvc.PersistentEntityResource,org.springframework.data.rest.webmvc.PersistentEntityResourceAssembler,java.lang.String) throws org.springframework.web.HttpRequestMethodNotSupportedException
2018-03-31 21:13:21.532  INFO 16379 --- [           main] o.s.d.r.w.RepositoryRestHandlerMapping   : Mapped "{[/{repository}/{id}],methods=[OPTIONS],produces=[application/hal+json || application/json]}" onto public org.springframework.http.ResponseEntity<?> org.springframework.data.rest.webmvc.RepositoryEntityController.optionsForItemResource(org.springframework.data.rest.webmvc.RootResourceInformation)
2018-03-31 21:13:21.532  INFO 16379 --- [           main] o.s.d.r.w.RepositoryRestHandlerMapping   : Mapped "{[/{repository}/{id}],methods=[HEAD],produces=[application/hal+json || application/json]}" onto public org.springframework.http.ResponseEntity<?> org.springframework.data.rest.webmvc.RepositoryEntityController.headForItemResource(org.springframework.data.rest.webmvc.RootResourceInformation,java.io.Serializable,org.springframework.data.rest.webmvc.PersistentEntityResourceAssembler) throws org.springframework.web.HttpRequestMethodNotSupportedException
2018-03-31 21:13:21.532  INFO 16379 --- [           main] o.s.d.r.w.RepositoryRestHandlerMapping   : Mapped "{[/{repository}/{id}],methods=[GET],produces=[application/hal+json || application/json]}" onto public org.springframework.http.ResponseEntity<org.springframework.hateoas.Resource<?>> org.springframework.data.rest.webmvc.RepositoryEntityController.getItemResource(org.springframework.data.rest.webmvc.RootResourceInformation,java.io.Serializable,org.springframework.data.rest.webmvc.PersistentEntityResourceAssembler,org.springframework.http.HttpHeaders) throws org.springframework.web.HttpRequestMethodNotSupportedException
2018-03-31 21:13:21.532  INFO 16379 --- [           main] o.s.d.r.w.RepositoryRestHandlerMapping   : Mapped "{[/{repository}/{id}],methods=[PUT],produces=[application/hal+json || application/json]}" onto public org.springframework.http.ResponseEntity<? extends org.springframework.hateoas.ResourceSupport> org.springframework.data.rest.webmvc.RepositoryEntityController.putItemResource(org.springframework.data.rest.webmvc.RootResourceInformation,org.springframework.data.rest.webmvc.PersistentEntityResource,java.io.Serializable,org.springframework.data.rest.webmvc.PersistentEntityResourceAssembler,org.springframework.data.rest.webmvc.support.ETag,java.lang.String) throws org.springframework.web.HttpRequestMethodNotSupportedException
2018-03-31 21:13:21.533  INFO 16379 --- [           main] o.s.d.r.w.RepositoryRestHandlerMapping   : Mapped "{[/{repository}/{id}],methods=[PATCH],produces=[application/hal+json || application/json]}" onto public org.springframework.http.ResponseEntity<org.springframework.hateoas.ResourceSupport> org.springframework.data.rest.webmvc.RepositoryEntityController.patchItemResource(org.springframework.data.rest.webmvc.RootResourceInformation,org.springframework.data.rest.webmvc.PersistentEntityResource,java.io.Serializable,org.springframework.data.rest.webmvc.PersistentEntityResourceAssembler,org.springframework.data.rest.webmvc.support.ETag,java.lang.String) throws org.springframework.web.HttpRequestMethodNotSupportedException,org.springframework.data.rest.webmvc.ResourceNotFoundException
2018-03-31 21:13:21.533  INFO 16379 --- [           main] o.s.d.r.w.RepositoryRestHandlerMapping   : Mapped "{[/{repository}/{id}],methods=[DELETE],produces=[application/hal+json || application/json]}" onto public org.springframework.http.ResponseEntity<?> org.springframework.data.rest.webmvc.RepositoryEntityController.deleteItemResource(org.springframework.data.rest.webmvc.RootResourceInformation,java.io.Serializable,org.springframework.data.rest.webmvc.support.ETag) throws org.springframework.data.rest.webmvc.ResourceNotFoundException,org.springframework.web.HttpRequestMethodNotSupportedException
2018-03-31 21:13:21.536  INFO 16379 --- [           main] o.s.d.r.w.BasePathAwareHandlerMapping    : Mapped "{[/profile/{repository}],methods=[OPTIONS],produces=[application/alps+json]}" onto org.springframework.http.HttpEntity<?> org.springframework.data.rest.webmvc.alps.AlpsController.alpsOptions()
2018-03-31 21:13:21.537  INFO 16379 --- [           main] o.s.d.r.w.BasePathAwareHandlerMapping    : Mapped "{[/profile/{repository}],methods=[GET],produces=[application/alps+json || */*]}" onto org.springframework.http.HttpEntity<org.springframework.data.rest.webmvc.RootResourceInformation> org.springframework.data.rest.webmvc.alps.AlpsController.descriptor(org.springframework.data.rest.webmvc.RootResourceInformation)
2018-03-31 21:13:21.539  INFO 16379 --- [           main] o.s.d.r.w.BasePathAwareHandlerMapping    : Mapped "{[/profile/{repository}],methods=[GET],produces=[application/schema+json]}" onto public org.springframework.http.HttpEntity<org.springframework.data.rest.webmvc.json.JsonSchema> org.springframework.data.rest.webmvc.RepositorySchemaController.schema(org.springframework.data.rest.webmvc.RootResourceInformation)
2018-03-31 21:13:21.542  INFO 16379 --- [           main] o.s.d.r.w.BasePathAwareHandlerMapping    : Mapped "{[/profile],methods=[OPTIONS]}" onto public org.springframework.http.HttpEntity<?> org.springframework.data.rest.webmvc.ProfileController.profileOptions()
2018-03-31 21:13:21.543  INFO 16379 --- [           main] o.s.d.r.w.BasePathAwareHandlerMapping    : Mapped "{[/profile],methods=[GET]}" onto org.springframework.http.HttpEntity<org.springframework.hateoas.ResourceSupport> org.springframework.data.rest.webmvc.ProfileController.listAllFormsOfMetadata()
2018-03-31 21:13:21.738  INFO 16379 --- [           main] o.h.h.i.QueryTranslatorFactoryInitiator  : HHH000397: Using ASTQueryTranslatorFactory
2018-03-31 21:13:21.822  INFO 16379 --- [           main] e.h.h.controllers.EventControllerTests   : Started EventControllerTests in 2.857 seconds (JVM running for 16.392)
2018-03-31 21:13:21.830  INFO 16379 --- [           main] o.s.b.t.m.w.SpringBootMockServletContext : Initializing Spring FrameworkServlet ''
2018-03-31 21:13:21.830  INFO 16379 --- [           main] o.s.t.web.servlet.TestDispatcherServlet  : FrameworkServlet '': initialization started
2018-03-31 21:13:21.846  INFO 16379 --- [           main] o.s.t.web.servlet.TestDispatcherServlet  : FrameworkServlet '': initialization completed in 16 ms
2018-03-31 21:13:22.091  INFO 16379 --- [           main] e.h.h2ms.web.controller.EventController  : Searching for all events grouping by week
2018-03-31 21:13:22.100  INFO 16379 --- [           main] e.harvard.h2ms.service.EventServiceImpl  : No. of events found: 1
2018-03-31 21:13:22.100  INFO 16379 --- [           main] e.harvard.h2ms.service.EventServiceImpl  : Parsed 1 timestamps by week
2018-03-31 21:13:22.105  INFO 16379 --- [           main] o.s.w.c.s.GenericWebApplicationContext   : Closing org.springframework.web.context.support.GenericWebApplicationContext@6cb5a64d: startup date [Sat Mar 31 21:13:19 EDT 2018]; root of context hierarchy
2018-03-31 21:13:22.114  INFO 16379 --- [           main] j.LocalContainerEntityManagerFactoryBean : Closing JPA EntityManagerFactory for persistence unit 'default'
2018-03-31 21:13:22.115  INFO 16379 --- [           main] org.hibernate.tool.hbm2ddl.SchemaExport  : HHH000227: Running hbm2ddl schema export
2018-03-31 21:13:22.130  INFO 16379 --- [           main] org.hibernate.tool.hbm2ddl.SchemaExport  : HHH000230: Schema export complete
Tests run: 2, Failures: 0, Errors: 0, Skipped: 0, Time elapsed: 9.757 sec - in edu.harvard.h2ms.controllers.EventControllerTests
Running edu.harvard.h2ms.controllers.UserControllerTests
2018-03-31 21:13:22.136  INFO 16379 --- [           main] .b.t.c.SpringBootTestContextBootstrapper : Neither @ContextConfiguration nor @ContextHierarchy found for test class [edu.harvard.h2ms.controllers.UserControllerTests], using SpringBootContextLoader
2018-03-31 21:13:22.137  INFO 16379 --- [           main] o.s.t.c.support.AbstractContextLoader    : Could not detect default resource locations for test class [edu.harvard.h2ms.controllers.UserControllerTests]: no resource found for suffixes {-context.xml, Context.groovy}.
2018-03-31 21:13:22.138  INFO 16379 --- [           main] t.c.s.AnnotationConfigContextLoaderUtils : Could not detect default configuration classes for test class [edu.harvard.h2ms.controllers.UserControllerTests]: UserControllerTests does not declare any static, non-private, non-final, nested classes annotated with @Configuration.
2018-03-31 21:13:22.142  INFO 16379 --- [           main] .b.t.c.SpringBootTestContextBootstrapper : Found @SpringBootConfiguration edu.harvard.h2ms.H2MSRestAppInitializer for test class edu.harvard.h2ms.controllers.UserControllerTests
2018-03-31 21:13:22.144  INFO 16379 --- [           main] .b.t.c.SpringBootTestContextBootstrapper : Loaded default TestExecutionListener class names from location [META-INF/spring.factories]: [org.springframework.boot.test.mock.mockito.MockitoTestExecutionListener, org.springframework.boot.test.mock.mockito.ResetMocksTestExecutionListener, org.springframework.boot.test.autoconfigure.restdocs.RestDocsTestExecutionListener, org.springframework.boot.test.autoconfigure.web.client.MockRestServiceServerResetTestExecutionListener, org.springframework.boot.test.autoconfigure.web.servlet.MockMvcPrintOnlyOnFailureTestExecutionListener, org.springframework.boot.test.autoconfigure.web.servlet.WebDriverTestExecutionListener, org.springframework.test.context.web.ServletTestExecutionListener, org.springframework.test.context.support.DirtiesContextBeforeModesTestExecutionListener, org.springframework.test.context.support.DependencyInjectionTestExecutionListener, org.springframework.test.context.support.DirtiesContextTestExecutionListener, org.springframework.test.context.transaction.TransactionalTestExecutionListener, org.springframework.test.context.jdbc.SqlScriptsTestExecutionListener, org.springframework.security.test.context.support.WithSecurityContextTestExecutionListener]
2018-03-31 21:13:22.149  INFO 16379 --- [           main] .b.t.c.SpringBootTestContextBootstrapper : Using TestExecutionListeners: [org.springframework.test.context.web.ServletTestExecutionListener@5bd585a5, org.springframework.test.context.support.DirtiesContextBeforeModesTestExecutionListener@65c040c9, org.springframework.boot.test.autoconfigure.SpringBootDependencyInjectionTestExecutionListener@11736ebc, org.springframework.test.context.support.DirtiesContextTestExecutionListener@4a03c4bc, org.springframework.test.context.transaction.TransactionalTestExecutionListener@3d0c88f4, org.springframework.test.context.jdbc.SqlScriptsTestExecutionListener@5aad4194, org.springframework.security.test.context.support.WithSecurityContextTestExecutionListener@50a1c2f3, org.springframework.boot.test.mock.mockito.MockitoTestExecutionListener@453ca7f, org.springframework.boot.test.mock.mockito.ResetMocksTestExecutionListener@5d41b929, org.springframework.boot.test.autoconfigure.restdocs.RestDocsTestExecutionListener@6dd0e2f4, org.springframework.boot.test.autoconfigure.web.client.MockRestServiceServerResetTestExecutionListener@333813e7, org.springframework.boot.test.autoconfigure.web.servlet.MockMvcPrintOnlyOnFailureTestExecutionListener@292237cd, org.springframework.boot.test.autoconfigure.web.servlet.WebDriverTestExecutionListener@797a5b31]

  .   ____          _            __ _ _
 /\\ / ___'_ __ _ _(_)_ __  __ _ \ \ \ \
( ( )\___ | '_ | '_| | '_ \/ _` | \ \ \ \
 \\/  ___)| |_)| | | | | || (_| |  ) ) ) )
  '  |____| .__|_| |_|_| |_\__, | / / / /
 =========|_|==============|___/=/_/_/_/
 :: Spring Boot ::       (v1.5.10.RELEASE)

2018-03-31 21:13:22.201  INFO 16379 --- [           main] e.h.h.controllers.UserControllerTests    : Starting UserControllerTests on ancient.bitbin.de with PID 16379 (started by stbenjam in /home/stbenjam/git/h2ms)
2018-03-31 21:13:22.201  INFO 16379 --- [           main] e.h.h.controllers.UserControllerTests    : No active profile set, falling back to default profiles: default
2018-03-31 21:13:22.203  INFO 16379 --- [           main] o.s.w.c.s.GenericWebApplicationContext   : Refreshing org.springframework.web.context.support.GenericWebApplicationContext@6daeaff2: startup date [Sat Mar 31 21:13:22 EDT 2018]; root of context hierarchy
2018-03-31 21:13:22.259  INFO 16379 --- [           main] o.s.c.a.ConfigurationClassParser         : Properties location [classpath:mailserver.properties] not resolvable: class path resource [mailserver.properties] cannot be opened because it does not exist
2018-03-31 21:13:22.422  INFO 16379 --- [           main] o.s.b.f.s.DefaultListableBeanFactory     : Overriding bean definition for bean 'httpRequestHandlerAdapter' with a different definition: replacing [Root bean: class [null]; scope=; abstract=false; lazyInit=false; autowireMode=3; dependencyCheck=0; autowireCandidate=true; primary=false; factoryBeanName=org.springframework.boot.autoconfigure.web.WebMvcAutoConfiguration$EnableWebMvcConfiguration; factoryMethodName=httpRequestHandlerAdapter; initMethodName=null; destroyMethodName=(inferred); defined in class path resource [org/springframework/boot/autoconfigure/web/WebMvcAutoConfiguration$EnableWebMvcConfiguration.class]] with [Root bean: class [null]; scope=; abstract=false; lazyInit=false; autowireMode=3; dependencyCheck=0; autowireCandidate=true; primary=false; factoryBeanName=org.springframework.data.rest.webmvc.config.RepositoryRestMvcConfiguration; factoryMethodName=httpRequestHandlerAdapter; initMethodName=null; destroyMethodName=(inferred); defined in class path resource [org/springframework/data/rest/webmvc/config/RepositoryRestMvcConfiguration.class]]
2018-03-31 21:13:22.518  INFO 16379 --- [           main] trationDelegate$BeanPostProcessorChecker : Bean 'org.springframework.transaction.annotation.ProxyTransactionManagementConfiguration' of type [org.springframework.transaction.annotation.ProxyTransactionManagementConfiguration$$EnhancerBySpringCGLIB$$225ecc1d] is not eligible for getting processed by all BeanPostProcessors (for example: not eligible for auto-proxying)
2018-03-31 21:13:22.531  INFO 16379 --- [           main] trationDelegate$BeanPostProcessorChecker : Bean 'org.springframework.security.config.annotation.configuration.ObjectPostProcessorConfiguration' of type [org.springframework.security.config.annotation.configuration.ObjectPostProcessorConfiguration$$EnhancerBySpringCGLIB$$bb0c9457] is not eligible for getting processed by all BeanPostProcessors (for example: not eligible for auto-proxying)
2018-03-31 21:13:22.540  INFO 16379 --- [           main] trationDelegate$BeanPostProcessorChecker : Bean 'objectPostProcessor' of type [org.springframework.security.config.annotation.configuration.AutowireBeanFactoryObjectPostProcessor] is not eligible for getting processed by all BeanPostProcessors (for example: not eligible for auto-proxying)
2018-03-31 21:13:22.542  INFO 16379 --- [           main] trationDelegate$BeanPostProcessorChecker : Bean 'org.springframework.security.access.expression.method.DefaultMethodSecurityExpressionHandler@a809a62' of type [org.springframework.security.oauth2.provider.expression.OAuth2MethodSecurityExpressionHandler] is not eligible for getting processed by all BeanPostProcessors (for example: not eligible for auto-proxying)
2018-03-31 21:13:22.546  INFO 16379 --- [           main] trationDelegate$BeanPostProcessorChecker : Bean 'org.springframework.security.config.annotation.method.configuration.GlobalMethodSecurityConfiguration' of type [org.springframework.security.config.annotation.method.configuration.GlobalMethodSecurityConfiguration$$EnhancerBySpringCGLIB$$dfe13709] is not eligible for getting processed by all BeanPostProcessors (for example: not eligible for auto-proxying)
2018-03-31 21:13:22.553  INFO 16379 --- [           main] trationDelegate$BeanPostProcessorChecker : Bean 'methodSecurityMetadataSource' of type [org.springframework.security.access.method.DelegatingMethodSecurityMetadataSource] is not eligible for getting processed by all BeanPostProcessors (for example: not eligible for auto-proxying)
2018-03-31 21:13:22.586  INFO 16379 --- [           main] trationDelegate$BeanPostProcessorChecker : Bean 'security.oauth2.client-org.springframework.boot.autoconfigure.security.oauth2.OAuth2ClientProperties' of type [org.springframework.boot.autoconfigure.security.oauth2.OAuth2ClientProperties] is not eligible for getting processed by all BeanPostProcessors (for example: not eligible for auto-proxying)
2018-03-31 21:13:22.588  INFO 16379 --- [           main] trationDelegate$BeanPostProcessorChecker : Bean 'org.springframework.boot.autoconfigure.security.oauth2.OAuth2AutoConfiguration' of type [org.springframework.boot.autoconfigure.security.oauth2.OAuth2AutoConfiguration$$EnhancerBySpringCGLIB$$d9a8881d] is not eligible for getting processed by all BeanPostProcessors (for example: not eligible for auto-proxying)
2018-03-31 21:13:22.617  INFO 16379 --- [           main] trationDelegate$BeanPostProcessorChecker : Bean 'resourceServerProperties' of type [org.springframework.boot.autoconfigure.security.oauth2.resource.ResourceServerProperties] is not eligible for getting processed by all BeanPostProcessors (for example: not eligible for auto-proxying)
2018-03-31 21:13:22.773  INFO 16379 --- [           main] j.LocalContainerEntityManagerFactoryBean : Building JPA container EntityManagerFactory for persistence unit 'default'
2018-03-31 21:13:22.773  INFO 16379 --- [           main] o.hibernate.jpa.internal.util.LogHelper  : HHH000204: Processing PersistenceUnitInfo [
	name: default
	...]
2018-03-31 21:13:22.778  INFO 16379 --- [           main] org.hibernate.dialect.Dialect            : HHH000400: Using dialect: org.hibernate.dialect.H2Dialect
2018-03-31 21:13:22.864  INFO 16379 --- [           main] org.hibernate.tool.hbm2ddl.SchemaExport  : HHH000227: Running hbm2ddl schema export
2018-03-31 21:13:22.882  INFO 16379 --- [           main] org.hibernate.tool.hbm2ddl.SchemaExport  : HHH000230: Schema export complete
2018-03-31 21:13:22.890  WARN 16379 --- [           main] o.h.j.i.EntityManagerFactoryRegistry     : HHH000436: Entity manager factory name (default) is already registered.  If entity manager will be clustered or passivated, specify a unique value for property 'hibernate.ejb.entitymanager_factory_name'
2018-03-31 21:13:22.890  INFO 16379 --- [           main] j.LocalContainerEntityManagerFactoryBean : Initialized JPA EntityManagerFactory for persistence unit 'default'
2018-03-31 21:13:23.398  INFO 16379 --- [           main] .s.o.p.e.FrameworkEndpointHandlerMapping : Mapped "{[/oauth/authorize]}" onto public org.springframework.web.servlet.ModelAndView org.springframework.security.oauth2.provider.endpoint.AuthorizationEndpoint.authorize(java.util.Map<java.lang.String, java.lang.Object>,java.util.Map<java.lang.String, java.lang.String>,org.springframework.web.bind.support.SessionStatus,java.security.Principal)
2018-03-31 21:13:23.398  INFO 16379 --- [           main] .s.o.p.e.FrameworkEndpointHandlerMapping : Mapped "{[/oauth/authorize],methods=[POST],params=[user_oauth_approval]}" onto public org.springframework.web.servlet.View org.springframework.security.oauth2.provider.endpoint.AuthorizationEndpoint.approveOrDeny(java.util.Map<java.lang.String, java.lang.String>,java.util.Map<java.lang.String, ?>,org.springframework.web.bind.support.SessionStatus,java.security.Principal)
2018-03-31 21:13:23.399  INFO 16379 --- [           main] .s.o.p.e.FrameworkEndpointHandlerMapping : Mapped "{[/oauth/token],methods=[POST]}" onto public org.springframework.http.ResponseEntity<org.springframework.security.oauth2.common.OAuth2AccessToken> org.springframework.security.oauth2.provider.endpoint.TokenEndpoint.postAccessToken(java.security.Principal,java.util.Map<java.lang.String, java.lang.String>) throws org.springframework.web.HttpRequestMethodNotSupportedException
2018-03-31 21:13:23.399  INFO 16379 --- [           main] .s.o.p.e.FrameworkEndpointHandlerMapping : Mapped "{[/oauth/token],methods=[GET]}" onto public org.springframework.http.ResponseEntity<org.springframework.security.oauth2.common.OAuth2AccessToken> org.springframework.security.oauth2.provider.endpoint.TokenEndpoint.getAccessToken(java.security.Principal,java.util.Map<java.lang.String, java.lang.String>) throws org.springframework.web.HttpRequestMethodNotSupportedException
2018-03-31 21:13:23.399  INFO 16379 --- [           main] .s.o.p.e.FrameworkEndpointHandlerMapping : Mapped "{[/oauth/check_token]}" onto public java.util.Map<java.lang.String, ?> org.springframework.security.oauth2.provider.endpoint.CheckTokenEndpoint.checkToken(java.lang.String)
2018-03-31 21:13:23.399  INFO 16379 --- [           main] .s.o.p.e.FrameworkEndpointHandlerMapping : Mapped "{[/oauth/confirm_access]}" onto public org.springframework.web.servlet.ModelAndView org.springframework.security.oauth2.provider.endpoint.WhitelabelApprovalEndpoint.getAccessConfirmation(java.util.Map<java.lang.String, java.lang.Object>,javax.servlet.http.HttpServletRequest) throws java.lang.Exception
2018-03-31 21:13:23.400  INFO 16379 --- [           main] .s.o.p.e.FrameworkEndpointHandlerMapping : Mapped "{[/oauth/error]}" onto public org.springframework.web.servlet.ModelAndView org.springframework.security.oauth2.provider.endpoint.WhitelabelErrorEndpoint.handleError(javax.servlet.http.HttpServletRequest)
2018-03-31 21:13:23.596  INFO 16379 --- [           main] o.s.s.web.DefaultSecurityFilterChain     : Creating filter chain: Ant [pattern='/'], []
2018-03-31 21:13:23.596  INFO 16379 --- [           main] o.s.s.web.DefaultSecurityFilterChain     : Creating filter chain: Ant [pattern='/login'], []
2018-03-31 21:13:23.596  INFO 16379 --- [           main] o.s.s.web.DefaultSecurityFilterChain     : Creating filter chain: Ant [pattern='/webjars/**'], []
2018-03-31 21:13:23.596  INFO 16379 --- [           main] o.s.s.web.DefaultSecurityFilterChain     : Creating filter chain: Ant [pattern='/api/passwords/**'], []
2018-03-31 21:13:23.596  INFO 16379 --- [           main] o.s.s.web.DefaultSecurityFilterChain     : Creating filter chain: Ant [pattern='/swagger-resources'], []
2018-03-31 21:13:23.596  INFO 16379 --- [           main] o.s.s.web.DefaultSecurityFilterChain     : Creating filter chain: Ant [pattern='/swagger-resources/**'], []
2018-03-31 21:13:23.596  INFO 16379 --- [           main] o.s.s.web.DefaultSecurityFilterChain     : Creating filter chain: Ant [pattern='/swagger-ui.html'], []
2018-03-31 21:13:23.596  INFO 16379 --- [           main] o.s.s.web.DefaultSecurityFilterChain     : Creating filter chain: Ant [pattern='/v2/api-docs'], []
2018-03-31 21:13:23.596  INFO 16379 --- [           main] o.s.s.web.DefaultSecurityFilterChain     : Creating filter chain: Ant [pattern='/**', OPTIONS], []
2018-03-31 21:13:23.661  INFO 16379 --- [           main] o.s.s.web.DefaultSecurityFilterChain     : Creating filter chain: OrRequestMatcher [requestMatchers=[Ant [pattern='/oauth/token'], Ant [pattern='/oauth/token_key'], Ant [pattern='/oauth/check_token']]], [org.springframework.security.web.context.request.async.WebAsyncManagerIntegrationFilter@2cef365b, org.springframework.security.web.context.SecurityContextPersistenceFilter@751661b, org.springframework.security.web.header.HeaderWriterFilter@1d5a2267, org.springframework.security.web.authentication.logout.LogoutFilter@4971a92a, org.springframework.security.web.authentication.www.BasicAuthenticationFilter@1c57a111, org.springframework.security.web.savedrequest.RequestCacheAwareFilter@72018ba5, org.springframework.security.web.servletapi.SecurityContextHolderAwareRequestFilter@3e84c698, org.springframework.security.web.authentication.AnonymousAuthenticationFilter@25f73ef, org.springframework.security.web.session.SessionManagementFilter@42d6aa88, org.springframework.security.web.access.ExceptionTranslationFilter@58e5a81c, org.springframework.security.web.access.intercept.FilterSecurityInterceptor@e1c387e]
2018-03-31 21:13:23.722  INFO 16379 --- [           main] o.s.s.web.DefaultSecurityFilterChain     : Creating filter chain: org.springframework.security.oauth2.config.annotation.web.configuration.ResourceServerConfiguration$NotOAuthRequestMatcher@14a82ea, [org.springframework.security.web.context.request.async.WebAsyncManagerIntegrationFilter@2655ccbd, org.springframework.security.web.context.SecurityContextPersistenceFilter@39894485, org.springframework.security.web.header.HeaderWriterFilter@66b09935, org.springframework.security.web.authentication.logout.LogoutFilter@2c002f95, org.springframework.security.oauth2.provider.authentication.OAuth2AuthenticationProcessingFilter@33d6886b, org.springframework.security.web.savedrequest.RequestCacheAwareFilter@b1caa00, org.springframework.security.web.servletapi.SecurityContextHolderAwareRequestFilter@6987f367, org.springframework.security.web.authentication.AnonymousAuthenticationFilter@62d42eb7, org.springframework.security.web.session.SessionManagementFilter@5981b51, org.springframework.security.web.access.ExceptionTranslationFilter@32d00eea, org.springframework.security.web.access.intercept.FilterSecurityInterceptor@6d8d78a]
2018-03-31 21:13:23.722  INFO 16379 --- [           main] o.s.s.web.DefaultSecurityFilterChain     : Creating filter chain: org.springframework.security.web.util.matcher.AnyRequestMatcher@1, [org.springframework.security.web.access.intercept.FilterSecurityInterceptor@18f9c19c]
2018-03-31 21:13:23.907  INFO 16379 --- [           main] s.w.s.m.m.a.RequestMappingHandlerAdapter : Looking for @ControllerAdvice: org.springframework.web.context.support.GenericWebApplicationContext@6daeaff2: startup date [Sat Mar 31 21:13:22 EDT 2018]; root of context hierarchy
2018-03-31 21:13:23.947  INFO 16379 --- [           main] s.w.s.m.m.a.RequestMappingHandlerMapping : Mapped "{[/events/count/{timeframe}],methods=[GET]}" onto public org.springframework.http.ResponseEntity<?> edu.harvard.h2ms.web.controller.EventController.findEventCountByTimeframe(java.lang.String)
2018-03-31 21:13:23.947  INFO 16379 --- [           main] s.w.s.m.m.a.RequestMappingHandlerMapping : Mapped "{[/events/compliance/{questionId}/{timeframe}],methods=[GET]}" onto public org.springframework.http.ResponseEntity<?> edu.harvard.h2ms.web.controller.EventController.findComplianceByTimeframe(java.lang.String,java.lang.Long)
2018-03-31 21:13:23.948  INFO 16379 --- [           main] s.w.s.m.m.a.RequestMappingHandlerMapping : Mapped "{[/api/passwords/reset/{email:.+}],methods=[GET]}" onto public org.springframework.http.ResponseEntity<java.lang.Object> edu.harvard.h2ms.web.controller.PasswordController.getPasswordResetToken(java.lang.String)
2018-03-31 21:13:23.949  INFO 16379 --- [           main] s.w.s.m.m.a.RequestMappingHandlerMapping : Mapped "{[/api/passwords/reset/token],methods=[POST]}" onto public org.springframework.http.ResponseEntity<java.lang.Object> edu.harvard.h2ms.web.controller.PasswordController.resetPasswordViaToken(java.util.Map<java.lang.String, java.lang.String>)
2018-03-31 21:13:23.949  INFO 16379 --- [           main] s.w.s.m.m.a.RequestMappingHandlerMapping : Mapped "{[/users/avgWashed],methods=[GET]}" onto public java.util.Map<java.lang.String, java.lang.Double> edu.harvard.h2ms.web.controller.UserController.findAvgWashCompliance()
2018-03-31 21:13:23.950  INFO 16379 --- [           main] s.w.s.m.m.a.RequestMappingHandlerMapping : Mapped "{[/error],produces=[text/html]}" onto public org.springframework.web.servlet.ModelAndView org.springframework.boot.autoconfigure.web.BasicErrorController.errorHtml(javax.servlet.http.HttpServletRequest,javax.servlet.http.HttpServletResponse)
2018-03-31 21:13:23.951  INFO 16379 --- [           main] s.w.s.m.m.a.RequestMappingHandlerMapping : Mapped "{[/error]}" onto public org.springframework.http.ResponseEntity<java.util.Map<java.lang.String, java.lang.Object>> org.springframework.boot.autoconfigure.web.BasicErrorController.error(javax.servlet.http.HttpServletRequest)
2018-03-31 21:13:24.008  INFO 16379 --- [           main] o.s.w.s.handler.SimpleUrlHandlerMapping  : Mapped URL path [/webjars/**] onto handler of type [class org.springframework.web.servlet.resource.ResourceHttpRequestHandler]
2018-03-31 21:13:24.008  INFO 16379 --- [           main] o.s.w.s.handler.SimpleUrlHandlerMapping  : Mapped URL path [/**] onto handler of type [class org.springframework.web.servlet.resource.ResourceHttpRequestHandler]
2018-03-31 21:13:24.022  INFO 16379 --- [           main] .m.m.a.ExceptionHandlerExceptionResolver : Detected @ExceptionHandler methods in exceptionHandlingController
2018-03-31 21:13:24.022  INFO 16379 --- [           main] .m.m.a.ExceptionHandlerExceptionResolver : Detected @ExceptionHandler methods in repositoryRestExceptionHandler
2018-03-31 21:13:24.094  INFO 16379 --- [           main] o.s.w.s.handler.SimpleUrlHandlerMapping  : Mapped URL path [/**/favicon.ico] onto handler of type [class org.springframework.web.servlet.resource.ResourceHttpRequestHandler]
2018-03-31 21:13:24.152  WARN 16379 --- [           main] .t.AbstractTemplateResolverConfiguration : Cannot find template location: classpath:/templates/ (please add some templates or check your Thymeleaf configuration)
2018-03-31 21:13:24.265  INFO 16379 --- [           main] o.s.d.r.w.RepositoryRestHandlerAdapter   : Looking for @ControllerAdvice: org.springframework.web.context.support.GenericWebApplicationContext@6daeaff2: startup date [Sat Mar 31 21:13:22 EDT 2018]; root of context hierarchy
2018-03-31 21:13:24.287  INFO 16379 --- [           main] o.s.d.r.w.RepositoryRestHandlerMapping   : Mapped "{[/{repository}/{id}/{property}],methods=[GET],produces=[application/x-spring-data-compact+json || text/uri-list]}" onto public org.springframework.http.ResponseEntity<org.springframework.hateoas.ResourceSupport> org.springframework.data.rest.webmvc.RepositoryPropertyReferenceController.followPropertyReferenceCompact(org.springframework.data.rest.webmvc.RootResourceInformation,java.io.Serializable,java.lang.String,org.springframework.data.rest.webmvc.PersistentEntityResourceAssembler) throws java.lang.Exception
2018-03-31 21:13:24.288  INFO 16379 --- [           main] o.s.d.r.w.RepositoryRestHandlerMapping   : Mapped "{[/{repository}/{id}/{property}],methods=[PATCH || PUT || POST],consumes=[application/json || application/x-spring-data-compact+json || text/uri-list],produces=[application/hal+json || application/json]}" onto public org.springframework.http.ResponseEntity<? extends org.springframework.hateoas.ResourceSupport> org.springframework.data.rest.webmvc.RepositoryPropertyReferenceController.createPropertyReference(org.springframework.data.rest.webmvc.RootResourceInformation,org.springframework.http.HttpMethod,org.springframework.hateoas.Resources<java.lang.Object>,java.io.Serializable,java.lang.String) throws java.lang.Exception
2018-03-31 21:13:24.288  INFO 16379 --- [           main] o.s.d.r.w.RepositoryRestHandlerMapping   : Mapped "{[/{repository}/{id}/{property}/{propertyId}],methods=[DELETE],produces=[application/hal+json || application/json]}" onto public org.springframework.http.ResponseEntity<org.springframework.hateoas.ResourceSupport> org.springframework.data.rest.webmvc.RepositoryPropertyReferenceController.deletePropertyReferenceId(org.springframework.data.rest.webmvc.RootResourceInformation,java.io.Serializable,java.lang.String,java.lang.String) throws java.lang.Exception
2018-03-31 21:13:24.288  INFO 16379 --- [           main] o.s.d.r.w.RepositoryRestHandlerMapping   : Mapped "{[/{repository}/{id}/{property}/{propertyId}],methods=[GET],produces=[application/hal+json || application/json]}" onto public org.springframework.http.ResponseEntity<org.springframework.hateoas.ResourceSupport> org.springframework.data.rest.webmvc.RepositoryPropertyReferenceController.followPropertyReference(org.springframework.data.rest.webmvc.RootResourceInformation,java.io.Serializable,java.lang.String,java.lang.String,org.springframework.data.rest.webmvc.PersistentEntityResourceAssembler) throws java.lang.Exception
2018-03-31 21:13:24.289  INFO 16379 --- [           main] o.s.d.r.w.RepositoryRestHandlerMapping   : Mapped "{[/{repository}/{id}/{property}],methods=[GET],produces=[application/hal+json || application/json]}" onto public org.springframework.http.ResponseEntity<org.springframework.hateoas.ResourceSupport> org.springframework.data.rest.webmvc.RepositoryPropertyReferenceController.followPropertyReference(org.springframework.data.rest.webmvc.RootResourceInformation,java.io.Serializable,java.lang.String,org.springframework.data.rest.webmvc.PersistentEntityResourceAssembler) throws java.lang.Exception
2018-03-31 21:13:24.289  INFO 16379 --- [           main] o.s.d.r.w.RepositoryRestHandlerMapping   : Mapped "{[/{repository}/{id}/{property}],methods=[DELETE],produces=[application/hal+json || application/json]}" onto public org.springframework.http.ResponseEntity<? extends org.springframework.hateoas.ResourceSupport> org.springframework.data.rest.webmvc.RepositoryPropertyReferenceController.deletePropertyReference(org.springframework.data.rest.webmvc.RootResourceInformation,java.io.Serializable,java.lang.String) throws java.lang.Exception
2018-03-31 21:13:24.290  INFO 16379 --- [           main] o.s.d.r.w.RepositoryRestHandlerMapping   : Mapped "{[/{repository}/search/{search}],methods=[GET],produces=[application/hal+json || application/json]}" onto public org.springframework.http.ResponseEntity<?> org.springframework.data.rest.webmvc.RepositorySearchController.executeSearch(org.springframework.data.rest.webmvc.RootResourceInformation,org.springframework.util.MultiValueMap<java.lang.String, java.lang.Object>,java.lang.String,org.springframework.data.rest.webmvc.support.DefaultedPageable,org.springframework.data.domain.Sort,org.springframework.data.rest.webmvc.PersistentEntityResourceAssembler,org.springframework.http.HttpHeaders)
2018-03-31 21:13:24.290  INFO 16379 --- [           main] o.s.d.r.w.RepositoryRestHandlerMapping   : Mapped "{[/{repository}/search],methods=[OPTIONS],produces=[application/hal+json || application/json]}" onto public org.springframework.http.HttpEntity<?> org.springframework.data.rest.webmvc.RepositorySearchController.optionsForSearches(org.springframework.data.rest.webmvc.RootResourceInformation)
2018-03-31 21:13:24.290  INFO 16379 --- [           main] o.s.d.r.w.RepositoryRestHandlerMapping   : Mapped "{[/{repository}/search/{search}],methods=[GET],produces=[application/x-spring-data-compact+json]}" onto public org.springframework.hateoas.ResourceSupport org.springframework.data.rest.webmvc.RepositorySearchController.executeSearchCompact(org.springframework.data.rest.webmvc.RootResourceInformation,org.springframework.http.HttpHeaders,org.springframework.util.MultiValueMap<java.lang.String, java.lang.Object>,java.lang.String,java.lang.String,org.springframework.data.rest.webmvc.support.DefaultedPageable,org.springframework.data.domain.Sort,org.springframework.data.rest.webmvc.PersistentEntityResourceAssembler)
2018-03-31 21:13:24.290  INFO 16379 --- [           main] o.s.d.r.w.RepositoryRestHandlerMapping   : Mapped "{[/{repository}/search/{search}],methods=[OPTIONS],produces=[application/hal+json || application/json]}" onto public org.springframework.http.ResponseEntity<java.lang.Object> org.springframework.data.rest.webmvc.RepositorySearchController.optionsForSearch(org.springframework.data.rest.webmvc.RootResourceInformation,java.lang.String)
2018-03-31 21:13:24.291  INFO 16379 --- [           main] o.s.d.r.w.RepositoryRestHandlerMapping   : Mapped "{[/{repository}/search/{search}],methods=[HEAD],produces=[application/hal+json || application/json]}" onto public org.springframework.http.ResponseEntity<java.lang.Object> org.springframework.data.rest.webmvc.RepositorySearchController.headForSearch(org.springframework.data.rest.webmvc.RootResourceInformation,java.lang.String)
2018-03-31 21:13:24.291  INFO 16379 --- [           main] o.s.d.r.w.RepositoryRestHandlerMapping   : Mapped "{[/{repository}/search],methods=[GET],produces=[application/hal+json || application/json]}" onto public org.springframework.data.rest.webmvc.RepositorySearchesResource org.springframework.data.rest.webmvc.RepositorySearchController.listSearches(org.springframework.data.rest.webmvc.RootResourceInformation)
2018-03-31 21:13:24.291  INFO 16379 --- [           main] o.s.d.r.w.RepositoryRestHandlerMapping   : Mapped "{[/{repository}/search],methods=[HEAD],produces=[application/hal+json || application/json]}" onto public org.springframework.http.HttpEntity<?> org.springframework.data.rest.webmvc.RepositorySearchController.headForSearches(org.springframework.data.rest.webmvc.RootResourceInformation)
2018-03-31 21:13:24.292  INFO 16379 --- [           main] o.s.d.r.w.RepositoryRestHandlerMapping   : Mapped "{[/ || ],methods=[GET],produces=[application/hal+json || application/json]}" onto public org.springframework.http.HttpEntity<org.springframework.data.rest.webmvc.RepositoryLinksResource> org.springframework.data.rest.webmvc.RepositoryController.listRepositories()
2018-03-31 21:13:24.292  INFO 16379 --- [           main] o.s.d.r.w.RepositoryRestHandlerMapping   : Mapped "{[/ || ],methods=[OPTIONS],produces=[application/hal+json || application/json]}" onto public org.springframework.http.HttpEntity<?> org.springframework.data.rest.webmvc.RepositoryController.optionsForRepositories()
2018-03-31 21:13:24.292  INFO 16379 --- [           main] o.s.d.r.w.RepositoryRestHandlerMapping   : Mapped "{[/ || ],methods=[HEAD],produces=[application/hal+json || application/json]}" onto public org.springframework.http.ResponseEntity<?> org.springframework.data.rest.webmvc.RepositoryController.headForRepositories()
2018-03-31 21:13:24.293  INFO 16379 --- [           main] o.s.d.r.w.RepositoryRestHandlerMapping   : Mapped "{[/{repository}],methods=[OPTIONS],produces=[application/hal+json || application/json]}" onto public org.springframework.http.ResponseEntity<?> org.springframework.data.rest.webmvc.RepositoryEntityController.optionsForCollectionResource(org.springframework.data.rest.webmvc.RootResourceInformation)
2018-03-31 21:13:24.293  INFO 16379 --- [           main] o.s.d.r.w.RepositoryRestHandlerMapping   : Mapped "{[/{repository}],methods=[HEAD],produces=[application/hal+json || application/json]}" onto public org.springframework.http.ResponseEntity<?> org.springframework.data.rest.webmvc.RepositoryEntityController.headCollectionResource(org.springframework.data.rest.webmvc.RootResourceInformation,org.springframework.data.rest.webmvc.support.DefaultedPageable) throws org.springframework.web.HttpRequestMethodNotSupportedException
2018-03-31 21:13:24.293  INFO 16379 --- [           main] o.s.d.r.w.RepositoryRestHandlerMapping   : Mapped "{[/{repository}],methods=[GET],produces=[application/hal+json || application/json]}" onto public org.springframework.hateoas.Resources<?> org.springframework.data.rest.webmvc.RepositoryEntityController.getCollectionResource(org.springframework.data.rest.webmvc.RootResourceInformation,org.springframework.data.rest.webmvc.support.DefaultedPageable,org.springframework.data.domain.Sort,org.springframework.data.rest.webmvc.PersistentEntityResourceAssembler) throws org.springframework.data.rest.webmvc.ResourceNotFoundException,org.springframework.web.HttpRequestMethodNotSupportedException
2018-03-31 21:13:24.294  INFO 16379 --- [           main] o.s.d.r.w.RepositoryRestHandlerMapping   : Mapped "{[/{repository}],methods=[GET],produces=[application/x-spring-data-compact+json || text/uri-list]}" onto public org.springframework.hateoas.Resources<?> org.springframework.data.rest.webmvc.RepositoryEntityController.getCollectionResourceCompact(org.springframework.data.rest.webmvc.RootResourceInformation,org.springframework.data.rest.webmvc.support.DefaultedPageable,org.springframework.data.domain.Sort,org.springframework.data.rest.webmvc.PersistentEntityResourceAssembler) throws org.springframework.data.rest.webmvc.ResourceNotFoundException,org.springframework.web.HttpRequestMethodNotSupportedException
2018-03-31 21:13:24.294  INFO 16379 --- [           main] o.s.d.r.w.RepositoryRestHandlerMapping   : Mapped "{[/{repository}],methods=[POST],produces=[application/hal+json || application/json]}" onto public org.springframework.http.ResponseEntity<org.springframework.hateoas.ResourceSupport> org.springframework.data.rest.webmvc.RepositoryEntityController.postCollectionResource(org.springframework.data.rest.webmvc.RootResourceInformation,org.springframework.data.rest.webmvc.PersistentEntityResource,org.springframework.data.rest.webmvc.PersistentEntityResourceAssembler,java.lang.String) throws org.springframework.web.HttpRequestMethodNotSupportedException
2018-03-31 21:13:24.294  INFO 16379 --- [           main] o.s.d.r.w.RepositoryRestHandlerMapping   : Mapped "{[/{repository}/{id}],methods=[OPTIONS],produces=[application/hal+json || application/json]}" onto public org.springframework.http.ResponseEntity<?> org.springframework.data.rest.webmvc.RepositoryEntityController.optionsForItemResource(org.springframework.data.rest.webmvc.RootResourceInformation)
2018-03-31 21:13:24.294  INFO 16379 --- [           main] o.s.d.r.w.RepositoryRestHandlerMapping   : Mapped "{[/{repository}/{id}],methods=[HEAD],produces=[application/hal+json || application/json]}" onto public org.springframework.http.ResponseEntity<?> org.springframework.data.rest.webmvc.RepositoryEntityController.headForItemResource(org.springframework.data.rest.webmvc.RootResourceInformation,java.io.Serializable,org.springframework.data.rest.webmvc.PersistentEntityResourceAssembler) throws org.springframework.web.HttpRequestMethodNotSupportedException
2018-03-31 21:13:24.295  INFO 16379 --- [           main] o.s.d.r.w.RepositoryRestHandlerMapping   : Mapped "{[/{repository}/{id}],methods=[GET],produces=[application/hal+json || application/json]}" onto public org.springframework.http.ResponseEntity<org.springframework.hateoas.Resource<?>> org.springframework.data.rest.webmvc.RepositoryEntityController.getItemResource(org.springframework.data.rest.webmvc.RootResourceInformation,java.io.Serializable,org.springframework.data.rest.webmvc.PersistentEntityResourceAssembler,org.springframework.http.HttpHeaders) throws org.springframework.web.HttpRequestMethodNotSupportedException
2018-03-31 21:13:24.295  INFO 16379 --- [           main] o.s.d.r.w.RepositoryRestHandlerMapping   : Mapped "{[/{repository}/{id}],methods=[PUT],produces=[application/hal+json || application/json]}" onto public org.springframework.http.ResponseEntity<? extends org.springframework.hateoas.ResourceSupport> org.springframework.data.rest.webmvc.RepositoryEntityController.putItemResource(org.springframework.data.rest.webmvc.RootResourceInformation,org.springframework.data.rest.webmvc.PersistentEntityResource,java.io.Serializable,org.springframework.data.rest.webmvc.PersistentEntityResourceAssembler,org.springframework.data.rest.webmvc.support.ETag,java.lang.String) throws org.springframework.web.HttpRequestMethodNotSupportedException
2018-03-31 21:13:24.295  INFO 16379 --- [           main] o.s.d.r.w.RepositoryRestHandlerMapping   : Mapped "{[/{repository}/{id}],methods=[PATCH],produces=[application/hal+json || application/json]}" onto public org.springframework.http.ResponseEntity<org.springframework.hateoas.ResourceSupport> org.springframework.data.rest.webmvc.RepositoryEntityController.patchItemResource(org.springframework.data.rest.webmvc.RootResourceInformation,org.springframework.data.rest.webmvc.PersistentEntityResource,java.io.Serializable,org.springframework.data.rest.webmvc.PersistentEntityResourceAssembler,org.springframework.data.rest.webmvc.support.ETag,java.lang.String) throws org.springframework.web.HttpRequestMethodNotSupportedException,org.springframework.data.rest.webmvc.ResourceNotFoundException
2018-03-31 21:13:24.295  INFO 16379 --- [           main] o.s.d.r.w.RepositoryRestHandlerMapping   : Mapped "{[/{repository}/{id}],methods=[DELETE],produces=[application/hal+json || application/json]}" onto public org.springframework.http.ResponseEntity<?> org.springframework.data.rest.webmvc.RepositoryEntityController.deleteItemResource(org.springframework.data.rest.webmvc.RootResourceInformation,java.io.Serializable,org.springframework.data.rest.webmvc.support.ETag) throws org.springframework.data.rest.webmvc.ResourceNotFoundException,org.springframework.web.HttpRequestMethodNotSupportedException
2018-03-31 21:13:24.298  INFO 16379 --- [           main] o.s.d.r.w.BasePathAwareHandlerMapping    : Mapped "{[/profile/{repository}],methods=[OPTIONS],produces=[application/alps+json]}" onto org.springframework.http.HttpEntity<?> org.springframework.data.rest.webmvc.alps.AlpsController.alpsOptions()
2018-03-31 21:13:24.298  INFO 16379 --- [           main] o.s.d.r.w.BasePathAwareHandlerMapping    : Mapped "{[/profile/{repository}],methods=[GET],produces=[application/alps+json || */*]}" onto org.springframework.http.HttpEntity<org.springframework.data.rest.webmvc.RootResourceInformation> org.springframework.data.rest.webmvc.alps.AlpsController.descriptor(org.springframework.data.rest.webmvc.RootResourceInformation)
2018-03-31 21:13:24.299  INFO 16379 --- [           main] o.s.d.r.w.BasePathAwareHandlerMapping    : Mapped "{[/profile/{repository}],methods=[GET],produces=[application/schema+json]}" onto public org.springframework.http.HttpEntity<org.springframework.data.rest.webmvc.json.JsonSchema> org.springframework.data.rest.webmvc.RepositorySchemaController.schema(org.springframework.data.rest.webmvc.RootResourceInformation)
2018-03-31 21:13:24.299  INFO 16379 --- [           main] o.s.d.r.w.BasePathAwareHandlerMapping    : Mapped "{[/profile],methods=[OPTIONS]}" onto public org.springframework.http.HttpEntity<?> org.springframework.data.rest.webmvc.ProfileController.profileOptions()
2018-03-31 21:13:24.299  INFO 16379 --- [           main] o.s.d.r.w.BasePathAwareHandlerMapping    : Mapped "{[/profile],methods=[GET]}" onto org.springframework.http.HttpEntity<org.springframework.hateoas.ResourceSupport> org.springframework.data.rest.webmvc.ProfileController.listAllFormsOfMetadata()
2018-03-31 21:13:24.481  INFO 16379 --- [           main] o.h.h.i.QueryTranslatorFactoryInitiator  : HHH000397: Using ASTQueryTranslatorFactory
2018-03-31 21:13:24.566  INFO 16379 --- [           main] e.h.h.controllers.UserControllerTests    : Started UserControllerTests in 2.412 seconds (JVM running for 19.136)
2018-03-31 21:13:24.573  INFO 16379 --- [           main] o.s.b.t.m.w.SpringBootMockServletContext : Initializing Spring FrameworkServlet ''
2018-03-31 21:13:24.574  INFO 16379 --- [           main] o.s.t.web.servlet.TestDispatcherServlet  : FrameworkServlet '': initialization started
2018-03-31 21:13:24.590  INFO 16379 --- [           main] o.s.t.web.servlet.TestDispatcherServlet  : FrameworkServlet '': initialization completed in 16 ms
2018-03-31 21:13:24.846  INFO 16379 --- [           main] e.harvard.h2ms.service.UserServiceImpl   : No. of users found: 3
2018-03-31 21:13:24.848  INFO 16379 --- [           main] e.harvard.h2ms.service.UserServiceImpl   : There are 3 distinct user types 
2018-03-31 21:13:24.852  INFO 16379 --- [           main] e.harvard.h2ms.service.UserServiceImpl   : No. of events found: 1
2018-03-31 21:13:24.874  INFO 16379 --- [           main] o.s.w.c.s.GenericWebApplicationContext   : Closing org.springframework.web.context.support.GenericWebApplicationContext@6daeaff2: startup date [Sat Mar 31 21:13:22 EDT 2018]; root of context hierarchy
2018-03-31 21:13:24.883  INFO 16379 --- [           main] j.LocalContainerEntityManagerFactoryBean : Closing JPA EntityManagerFactory for persistence unit 'default'
2018-03-31 21:13:24.884  INFO 16379 --- [           main] org.hibernate.tool.hbm2ddl.SchemaExport  : HHH000227: Running hbm2ddl schema export
2018-03-31 21:13:24.893  INFO 16379 --- [           main] org.hibernate.tool.hbm2ddl.SchemaExport  : HHH000230: Schema export complete
Tests run: 1, Failures: 0, Errors: 0, Skipped: 0, Time elapsed: 2.759 sec - in edu.harvard.h2ms.controllers.UserControllerTests
Running edu.harvard.h2ms.controllers.LocationControllerTests
2018-03-31 21:13:24.898  INFO 16379 --- [           main] .b.t.c.SpringBootTestContextBootstrapper : Neither @ContextConfiguration nor @ContextHierarchy found for test class [edu.harvard.h2ms.controllers.LocationControllerTests], using SpringBootContextLoader
2018-03-31 21:13:24.899  INFO 16379 --- [           main] o.s.t.c.support.AbstractContextLoader    : Could not detect default resource locations for test class [edu.harvard.h2ms.controllers.LocationControllerTests]: no resource found for suffixes {-context.xml, Context.groovy}.
2018-03-31 21:13:24.899  INFO 16379 --- [           main] t.c.s.AnnotationConfigContextLoaderUtils : Could not detect default configuration classes for test class [edu.harvard.h2ms.controllers.LocationControllerTests]: LocationControllerTests does not declare any static, non-private, non-final, nested classes annotated with @Configuration.
2018-03-31 21:13:24.901  INFO 16379 --- [           main] .b.t.c.SpringBootTestContextBootstrapper : Found @SpringBootConfiguration edu.harvard.h2ms.H2MSRestAppInitializer for test class edu.harvard.h2ms.controllers.LocationControllerTests
2018-03-31 21:13:24.903  INFO 16379 --- [           main] .b.t.c.SpringBootTestContextBootstrapper : Loaded default TestExecutionListener class names from location [META-INF/spring.factories]: [org.springframework.boot.test.mock.mockito.MockitoTestExecutionListener, org.springframework.boot.test.mock.mockito.ResetMocksTestExecutionListener, org.springframework.boot.test.autoconfigure.restdocs.RestDocsTestExecutionListener, org.springframework.boot.test.autoconfigure.web.client.MockRestServiceServerResetTestExecutionListener, org.springframework.boot.test.autoconfigure.web.servlet.MockMvcPrintOnlyOnFailureTestExecutionListener, org.springframework.boot.test.autoconfigure.web.servlet.WebDriverTestExecutionListener, org.springframework.test.context.web.ServletTestExecutionListener, org.springframework.test.context.support.DirtiesContextBeforeModesTestExecutionListener, org.springframework.test.context.support.DependencyInjectionTestExecutionListener, org.springframework.test.context.support.DirtiesContextTestExecutionListener, org.springframework.test.context.transaction.TransactionalTestExecutionListener, org.springframework.test.context.jdbc.SqlScriptsTestExecutionListener, org.springframework.security.test.context.support.WithSecurityContextTestExecutionListener]
2018-03-31 21:13:24.905  INFO 16379 --- [           main] .b.t.c.SpringBootTestContextBootstrapper : Using TestExecutionListeners: [org.springframework.test.context.web.ServletTestExecutionListener@2fb0867c, org.springframework.test.context.support.DirtiesContextBeforeModesTestExecutionListener@2254919b, org.springframework.boot.test.autoconfigure.SpringBootDependencyInjectionTestExecutionListener@45354715, org.springframework.test.context.support.DirtiesContextTestExecutionListener@54214c34, org.springframework.test.context.transaction.TransactionalTestExecutionListener@7f09b3aa, org.springframework.test.context.jdbc.SqlScriptsTestExecutionListener@79d72d99, org.springframework.security.test.context.support.WithSecurityContextTestExecutionListener@16b5c059, org.springframework.boot.test.mock.mockito.MockitoTestExecutionListener@482b6e57, org.springframework.boot.test.mock.mockito.ResetMocksTestExecutionListener@7a8d001b, org.springframework.boot.test.autoconfigure.restdocs.RestDocsTestExecutionListener@3af64136, org.springframework.boot.test.autoconfigure.web.client.MockRestServiceServerResetTestExecutionListener@2f9f939, org.springframework.boot.test.autoconfigure.web.servlet.MockMvcPrintOnlyOnFailureTestExecutionListener@113366e7, org.springframework.boot.test.autoconfigure.web.servlet.WebDriverTestExecutionListener@32c3102]

  .   ____          _            __ _ _
 /\\ / ___'_ __ _ _(_)_ __  __ _ \ \ \ \
( ( )\___ | '_ | '_| | '_ \/ _` | \ \ \ \
 \\/  ___)| |_)| | | | | || (_| |  ) ) ) )
  '  |____| .__|_| |_|_| |_\__, | / / / /
 =========|_|==============|___/=/_/_/_/
 :: Spring Boot ::       (v1.5.10.RELEASE)

2018-03-31 21:13:24.978  INFO 16379 --- [           main] e.h.h.c.LocationControllerTests          : Starting LocationControllerTests on ancient.bitbin.de with PID 16379 (started by stbenjam in /home/stbenjam/git/h2ms)
2018-03-31 21:13:24.978  INFO 16379 --- [           main] e.h.h.c.LocationControllerTests          : No active profile set, falling back to default profiles: default
2018-03-31 21:13:24.979  INFO 16379 --- [           main] o.s.w.c.s.GenericWebApplicationContext   : Refreshing org.springframework.web.context.support.GenericWebApplicationContext@193594ad: startup date [Sat Mar 31 21:13:24 EDT 2018]; root of context hierarchy
2018-03-31 21:13:25.023  INFO 16379 --- [           main] o.s.c.a.ConfigurationClassParser         : Properties location [classpath:mailserver.properties] not resolvable: class path resource [mailserver.properties] cannot be opened because it does not exist
2018-03-31 21:13:25.194  INFO 16379 --- [           main] o.s.b.f.s.DefaultListableBeanFactory     : Overriding bean definition for bean 'httpRequestHandlerAdapter' with a different definition: replacing [Root bean: class [null]; scope=; abstract=false; lazyInit=false; autowireMode=3; dependencyCheck=0; autowireCandidate=true; primary=false; factoryBeanName=org.springframework.boot.autoconfigure.web.WebMvcAutoConfiguration$EnableWebMvcConfiguration; factoryMethodName=httpRequestHandlerAdapter; initMethodName=null; destroyMethodName=(inferred); defined in class path resource [org/springframework/boot/autoconfigure/web/WebMvcAutoConfiguration$EnableWebMvcConfiguration.class]] with [Root bean: class [null]; scope=; abstract=false; lazyInit=false; autowireMode=3; dependencyCheck=0; autowireCandidate=true; primary=false; factoryBeanName=org.springframework.data.rest.webmvc.config.RepositoryRestMvcConfiguration; factoryMethodName=httpRequestHandlerAdapter; initMethodName=null; destroyMethodName=(inferred); defined in class path resource [org/springframework/data/rest/webmvc/config/RepositoryRestMvcConfiguration.class]]
2018-03-31 21:13:25.284  INFO 16379 --- [           main] trationDelegate$BeanPostProcessorChecker : Bean 'org.springframework.transaction.annotation.ProxyTransactionManagementConfiguration' of type [org.springframework.transaction.annotation.ProxyTransactionManagementConfiguration$$EnhancerBySpringCGLIB$$225ecc1d] is not eligible for getting processed by all BeanPostProcessors (for example: not eligible for auto-proxying)
2018-03-31 21:13:25.298  INFO 16379 --- [           main] trationDelegate$BeanPostProcessorChecker : Bean 'org.springframework.security.config.annotation.configuration.ObjectPostProcessorConfiguration' of type [org.springframework.security.config.annotation.configuration.ObjectPostProcessorConfiguration$$EnhancerBySpringCGLIB$$bb0c9457] is not eligible for getting processed by all BeanPostProcessors (for example: not eligible for auto-proxying)
2018-03-31 21:13:25.307  INFO 16379 --- [           main] trationDelegate$BeanPostProcessorChecker : Bean 'objectPostProcessor' of type [org.springframework.security.config.annotation.configuration.AutowireBeanFactoryObjectPostProcessor] is not eligible for getting processed by all BeanPostProcessors (for example: not eligible for auto-proxying)
2018-03-31 21:13:25.308  INFO 16379 --- [           main] trationDelegate$BeanPostProcessorChecker : Bean 'org.springframework.security.access.expression.method.DefaultMethodSecurityExpressionHandler@1e287867' of type [org.springframework.security.oauth2.provider.expression.OAuth2MethodSecurityExpressionHandler] is not eligible for getting processed by all BeanPostProcessors (for example: not eligible for auto-proxying)
2018-03-31 21:13:25.314  INFO 16379 --- [           main] trationDelegate$BeanPostProcessorChecker : Bean 'org.springframework.security.config.annotation.method.configuration.GlobalMethodSecurityConfiguration' of type [org.springframework.security.config.annotation.method.configuration.GlobalMethodSecurityConfiguration$$EnhancerBySpringCGLIB$$dfe13709] is not eligible for getting processed by all BeanPostProcessors (for example: not eligible for auto-proxying)
2018-03-31 21:13:25.321  INFO 16379 --- [           main] trationDelegate$BeanPostProcessorChecker : Bean 'methodSecurityMetadataSource' of type [org.springframework.security.access.method.DelegatingMethodSecurityMetadataSource] is not eligible for getting processed by all BeanPostProcessors (for example: not eligible for auto-proxying)
2018-03-31 21:13:25.354  INFO 16379 --- [           main] trationDelegate$BeanPostProcessorChecker : Bean 'security.oauth2.client-org.springframework.boot.autoconfigure.security.oauth2.OAuth2ClientProperties' of type [org.springframework.boot.autoconfigure.security.oauth2.OAuth2ClientProperties] is not eligible for getting processed by all BeanPostProcessors (for example: not eligible for auto-proxying)
2018-03-31 21:13:25.362  INFO 16379 --- [           main] trationDelegate$BeanPostProcessorChecker : Bean 'org.springframework.boot.autoconfigure.security.oauth2.OAuth2AutoConfiguration' of type [org.springframework.boot.autoconfigure.security.oauth2.OAuth2AutoConfiguration$$EnhancerBySpringCGLIB$$d9a8881d] is not eligible for getting processed by all BeanPostProcessors (for example: not eligible for auto-proxying)
2018-03-31 21:13:25.385  INFO 16379 --- [           main] trationDelegate$BeanPostProcessorChecker : Bean 'resourceServerProperties' of type [org.springframework.boot.autoconfigure.security.oauth2.resource.ResourceServerProperties] is not eligible for getting processed by all BeanPostProcessors (for example: not eligible for auto-proxying)
2018-03-31 21:13:25.529  INFO 16379 --- [           main] j.LocalContainerEntityManagerFactoryBean : Building JPA container EntityManagerFactory for persistence unit 'default'
2018-03-31 21:13:25.529  INFO 16379 --- [           main] o.hibernate.jpa.internal.util.LogHelper  : HHH000204: Processing PersistenceUnitInfo [
	name: default
	...]
2018-03-31 21:13:25.534  INFO 16379 --- [           main] org.hibernate.dialect.Dialect            : HHH000400: Using dialect: org.hibernate.dialect.H2Dialect
2018-03-31 21:13:25.609  INFO 16379 --- [           main] org.hibernate.tool.hbm2ddl.SchemaExport  : HHH000227: Running hbm2ddl schema export
2018-03-31 21:13:25.625  INFO 16379 --- [           main] org.hibernate.tool.hbm2ddl.SchemaExport  : HHH000230: Schema export complete
2018-03-31 21:13:25.638  WARN 16379 --- [           main] o.h.j.i.EntityManagerFactoryRegistry     : HHH000436: Entity manager factory name (default) is already registered.  If entity manager will be clustered or passivated, specify a unique value for property 'hibernate.ejb.entitymanager_factory_name'
2018-03-31 21:13:25.639  INFO 16379 --- [           main] j.LocalContainerEntityManagerFactoryBean : Initialized JPA EntityManagerFactory for persistence unit 'default'
2018-03-31 21:13:26.164  INFO 16379 --- [           main] .s.o.p.e.FrameworkEndpointHandlerMapping : Mapped "{[/oauth/authorize]}" onto public org.springframework.web.servlet.ModelAndView org.springframework.security.oauth2.provider.endpoint.AuthorizationEndpoint.authorize(java.util.Map<java.lang.String, java.lang.Object>,java.util.Map<java.lang.String, java.lang.String>,org.springframework.web.bind.support.SessionStatus,java.security.Principal)
2018-03-31 21:13:26.164  INFO 16379 --- [           main] .s.o.p.e.FrameworkEndpointHandlerMapping : Mapped "{[/oauth/authorize],methods=[POST],params=[user_oauth_approval]}" onto public org.springframework.web.servlet.View org.springframework.security.oauth2.provider.endpoint.AuthorizationEndpoint.approveOrDeny(java.util.Map<java.lang.String, java.lang.String>,java.util.Map<java.lang.String, ?>,org.springframework.web.bind.support.SessionStatus,java.security.Principal)
2018-03-31 21:13:26.164  INFO 16379 --- [           main] .s.o.p.e.FrameworkEndpointHandlerMapping : Mapped "{[/oauth/token],methods=[POST]}" onto public org.springframework.http.ResponseEntity<org.springframework.security.oauth2.common.OAuth2AccessToken> org.springframework.security.oauth2.provider.endpoint.TokenEndpoint.postAccessToken(java.security.Principal,java.util.Map<java.lang.String, java.lang.String>) throws org.springframework.web.HttpRequestMethodNotSupportedException
2018-03-31 21:13:26.165  INFO 16379 --- [           main] .s.o.p.e.FrameworkEndpointHandlerMapping : Mapped "{[/oauth/token],methods=[GET]}" onto public org.springframework.http.ResponseEntity<org.springframework.security.oauth2.common.OAuth2AccessToken> org.springframework.security.oauth2.provider.endpoint.TokenEndpoint.getAccessToken(java.security.Principal,java.util.Map<java.lang.String, java.lang.String>) throws org.springframework.web.HttpRequestMethodNotSupportedException
2018-03-31 21:13:26.165  INFO 16379 --- [           main] .s.o.p.e.FrameworkEndpointHandlerMapping : Mapped "{[/oauth/check_token]}" onto public java.util.Map<java.lang.String, ?> org.springframework.security.oauth2.provider.endpoint.CheckTokenEndpoint.checkToken(java.lang.String)
2018-03-31 21:13:26.165  INFO 16379 --- [           main] .s.o.p.e.FrameworkEndpointHandlerMapping : Mapped "{[/oauth/confirm_access]}" onto public org.springframework.web.servlet.ModelAndView org.springframework.security.oauth2.provider.endpoint.WhitelabelApprovalEndpoint.getAccessConfirmation(java.util.Map<java.lang.String, java.lang.Object>,javax.servlet.http.HttpServletRequest) throws java.lang.Exception
2018-03-31 21:13:26.165  INFO 16379 --- [           main] .s.o.p.e.FrameworkEndpointHandlerMapping : Mapped "{[/oauth/error]}" onto public org.springframework.web.servlet.ModelAndView org.springframework.security.oauth2.provider.endpoint.WhitelabelErrorEndpoint.handleError(javax.servlet.http.HttpServletRequest)
2018-03-31 21:13:26.376  INFO 16379 --- [           main] o.s.s.web.DefaultSecurityFilterChain     : Creating filter chain: Ant [pattern='/'], []
2018-03-31 21:13:26.376  INFO 16379 --- [           main] o.s.s.web.DefaultSecurityFilterChain     : Creating filter chain: Ant [pattern='/login'], []
2018-03-31 21:13:26.376  INFO 16379 --- [           main] o.s.s.web.DefaultSecurityFilterChain     : Creating filter chain: Ant [pattern='/webjars/**'], []
2018-03-31 21:13:26.376  INFO 16379 --- [           main] o.s.s.web.DefaultSecurityFilterChain     : Creating filter chain: Ant [pattern='/api/passwords/**'], []
2018-03-31 21:13:26.376  INFO 16379 --- [           main] o.s.s.web.DefaultSecurityFilterChain     : Creating filter chain: Ant [pattern='/swagger-resources'], []
2018-03-31 21:13:26.376  INFO 16379 --- [           main] o.s.s.web.DefaultSecurityFilterChain     : Creating filter chain: Ant [pattern='/swagger-resources/**'], []
2018-03-31 21:13:26.376  INFO 16379 --- [           main] o.s.s.web.DefaultSecurityFilterChain     : Creating filter chain: Ant [pattern='/swagger-ui.html'], []
2018-03-31 21:13:26.376  INFO 16379 --- [           main] o.s.s.web.DefaultSecurityFilterChain     : Creating filter chain: Ant [pattern='/v2/api-docs'], []
2018-03-31 21:13:26.376  INFO 16379 --- [           main] o.s.s.web.DefaultSecurityFilterChain     : Creating filter chain: Ant [pattern='/**', OPTIONS], []
2018-03-31 21:13:26.451  INFO 16379 --- [           main] o.s.s.web.DefaultSecurityFilterChain     : Creating filter chain: OrRequestMatcher [requestMatchers=[Ant [pattern='/oauth/token'], Ant [pattern='/oauth/token_key'], Ant [pattern='/oauth/check_token']]], [org.springframework.security.web.context.request.async.WebAsyncManagerIntegrationFilter@28e3bcb8, org.springframework.security.web.context.SecurityContextPersistenceFilter@71980fa7, org.springframework.security.web.header.HeaderWriterFilter@62f4ae5a, org.springframework.security.web.authentication.logout.LogoutFilter@629eeeec, org.springframework.security.web.authentication.www.BasicAuthenticationFilter@55947250, org.springframework.security.web.savedrequest.RequestCacheAwareFilter@6a377a, org.springframework.security.web.servletapi.SecurityContextHolderAwareRequestFilter@472bcf53, org.springframework.security.web.authentication.AnonymousAuthenticationFilter@1b06e304, org.springframework.security.web.session.SessionManagementFilter@5c1f31f3, org.springframework.security.web.access.ExceptionTranslationFilter@3ae96d5b, org.springframework.security.web.access.intercept.FilterSecurityInterceptor@5e491535]
2018-03-31 21:13:26.462  INFO 16379 --- [           main] o.s.s.web.DefaultSecurityFilterChain     : Creating filter chain: org.springframework.security.oauth2.config.annotation.web.configuration.ResourceServerConfiguration$NotOAuthRequestMatcher@3f745640, [org.springframework.security.web.context.request.async.WebAsyncManagerIntegrationFilter@38dc322d, org.springframework.security.web.context.SecurityContextPersistenceFilter@76705ce1, org.springframework.security.web.header.HeaderWriterFilter@4426f362, org.springframework.security.web.authentication.logout.LogoutFilter@794f2bdf, org.springframework.security.oauth2.provider.authentication.OAuth2AuthenticationProcessingFilter@7054edda, org.springframework.security.web.savedrequest.RequestCacheAwareFilter@202001a4, org.springframework.security.web.servletapi.SecurityContextHolderAwareRequestFilter@536e5b21, org.springframework.security.web.authentication.AnonymousAuthenticationFilter@661a5ac0, org.springframework.security.web.session.SessionManagementFilter@29007172, org.springframework.security.web.access.ExceptionTranslationFilter@1328a5de, org.springframework.security.web.access.intercept.FilterSecurityInterceptor@68194ca4]
2018-03-31 21:13:26.463  INFO 16379 --- [           main] o.s.s.web.DefaultSecurityFilterChain     : Creating filter chain: org.springframework.security.web.util.matcher.AnyRequestMatcher@1, [org.springframework.security.web.access.intercept.FilterSecurityInterceptor@52e7bed1]
2018-03-31 21:13:26.703  INFO 16379 --- [           main] s.w.s.m.m.a.RequestMappingHandlerAdapter : Looking for @ControllerAdvice: org.springframework.web.context.support.GenericWebApplicationContext@193594ad: startup date [Sat Mar 31 21:13:24 EDT 2018]; root of context hierarchy
2018-03-31 21:13:26.745  INFO 16379 --- [           main] s.w.s.m.m.a.RequestMappingHandlerMapping : Mapped "{[/events/count/{timeframe}],methods=[GET]}" onto public org.springframework.http.ResponseEntity<?> edu.harvard.h2ms.web.controller.EventController.findEventCountByTimeframe(java.lang.String)
2018-03-31 21:13:26.746  INFO 16379 --- [           main] s.w.s.m.m.a.RequestMappingHandlerMapping : Mapped "{[/events/compliance/{questionId}/{timeframe}],methods=[GET]}" onto public org.springframework.http.ResponseEntity<?> edu.harvard.h2ms.web.controller.EventController.findComplianceByTimeframe(java.lang.String,java.lang.Long)
2018-03-31 21:13:26.746  INFO 16379 --- [           main] s.w.s.m.m.a.RequestMappingHandlerMapping : Mapped "{[/api/passwords/reset/{email:.+}],methods=[GET]}" onto public org.springframework.http.ResponseEntity<java.lang.Object> edu.harvard.h2ms.web.controller.PasswordController.getPasswordResetToken(java.lang.String)
2018-03-31 21:13:26.747  INFO 16379 --- [           main] s.w.s.m.m.a.RequestMappingHandlerMapping : Mapped "{[/api/passwords/reset/token],methods=[POST]}" onto public org.springframework.http.ResponseEntity<java.lang.Object> edu.harvard.h2ms.web.controller.PasswordController.resetPasswordViaToken(java.util.Map<java.lang.String, java.lang.String>)
2018-03-31 21:13:26.747  INFO 16379 --- [           main] s.w.s.m.m.a.RequestMappingHandlerMapping : Mapped "{[/users/avgWashed],methods=[GET]}" onto public java.util.Map<java.lang.String, java.lang.Double> edu.harvard.h2ms.web.controller.UserController.findAvgWashCompliance()
2018-03-31 21:13:26.749  INFO 16379 --- [           main] s.w.s.m.m.a.RequestMappingHandlerMapping : Mapped "{[/error],produces=[text/html]}" onto public org.springframework.web.servlet.ModelAndView org.springframework.boot.autoconfigure.web.BasicErrorController.errorHtml(javax.servlet.http.HttpServletRequest,javax.servlet.http.HttpServletResponse)
2018-03-31 21:13:26.749  INFO 16379 --- [           main] s.w.s.m.m.a.RequestMappingHandlerMapping : Mapped "{[/error]}" onto public org.springframework.http.ResponseEntity<java.util.Map<java.lang.String, java.lang.Object>> org.springframework.boot.autoconfigure.web.BasicErrorController.error(javax.servlet.http.HttpServletRequest)
2018-03-31 21:13:26.817  INFO 16379 --- [           main] o.s.w.s.handler.SimpleUrlHandlerMapping  : Mapped URL path [/webjars/**] onto handler of type [class org.springframework.web.servlet.resource.ResourceHttpRequestHandler]
2018-03-31 21:13:26.817  INFO 16379 --- [           main] o.s.w.s.handler.SimpleUrlHandlerMapping  : Mapped URL path [/**] onto handler of type [class org.springframework.web.servlet.resource.ResourceHttpRequestHandler]
2018-03-31 21:13:26.836  INFO 16379 --- [           main] .m.m.a.ExceptionHandlerExceptionResolver : Detected @ExceptionHandler methods in exceptionHandlingController
2018-03-31 21:13:26.836  INFO 16379 --- [           main] .m.m.a.ExceptionHandlerExceptionResolver : Detected @ExceptionHandler methods in repositoryRestExceptionHandler
2018-03-31 21:13:26.916  INFO 16379 --- [           main] o.s.w.s.handler.SimpleUrlHandlerMapping  : Mapped URL path [/**/favicon.ico] onto handler of type [class org.springframework.web.servlet.resource.ResourceHttpRequestHandler]
2018-03-31 21:13:26.966  WARN 16379 --- [           main] .t.AbstractTemplateResolverConfiguration : Cannot find template location: classpath:/templates/ (please add some templates or check your Thymeleaf configuration)
2018-03-31 21:13:27.168  INFO 16379 --- [           main] o.s.d.r.w.RepositoryRestHandlerAdapter   : Looking for @ControllerAdvice: org.springframework.web.context.support.GenericWebApplicationContext@193594ad: startup date [Sat Mar 31 21:13:24 EDT 2018]; root of context hierarchy
2018-03-31 21:13:27.206  INFO 16379 --- [           main] o.s.d.r.w.RepositoryRestHandlerMapping   : Mapped "{[/{repository}/{id}/{property}],methods=[GET],produces=[application/x-spring-data-compact+json || text/uri-list]}" onto public org.springframework.http.ResponseEntity<org.springframework.hateoas.ResourceSupport> org.springframework.data.rest.webmvc.RepositoryPropertyReferenceController.followPropertyReferenceCompact(org.springframework.data.rest.webmvc.RootResourceInformation,java.io.Serializable,java.lang.String,org.springframework.data.rest.webmvc.PersistentEntityResourceAssembler) throws java.lang.Exception
2018-03-31 21:13:27.207  INFO 16379 --- [           main] o.s.d.r.w.RepositoryRestHandlerMapping   : Mapped "{[/{repository}/{id}/{property}],methods=[PATCH || PUT || POST],consumes=[application/json || application/x-spring-data-compact+json || text/uri-list],produces=[application/hal+json || application/json]}" onto public org.springframework.http.ResponseEntity<? extends org.springframework.hateoas.ResourceSupport> org.springframework.data.rest.webmvc.RepositoryPropertyReferenceController.createPropertyReference(org.springframework.data.rest.webmvc.RootResourceInformation,org.springframework.http.HttpMethod,org.springframework.hateoas.Resources<java.lang.Object>,java.io.Serializable,java.lang.String) throws java.lang.Exception
2018-03-31 21:13:27.207  INFO 16379 --- [           main] o.s.d.r.w.RepositoryRestHandlerMapping   : Mapped "{[/{repository}/{id}/{property}/{propertyId}],methods=[DELETE],produces=[application/hal+json || application/json]}" onto public org.springframework.http.ResponseEntity<org.springframework.hateoas.ResourceSupport> org.springframework.data.rest.webmvc.RepositoryPropertyReferenceController.deletePropertyReferenceId(org.springframework.data.rest.webmvc.RootResourceInformation,java.io.Serializable,java.lang.String,java.lang.String) throws java.lang.Exception
2018-03-31 21:13:27.207  INFO 16379 --- [           main] o.s.d.r.w.RepositoryRestHandlerMapping   : Mapped "{[/{repository}/{id}/{property}/{propertyId}],methods=[GET],produces=[application/hal+json || application/json]}" onto public org.springframework.http.ResponseEntity<org.springframework.hateoas.ResourceSupport> org.springframework.data.rest.webmvc.RepositoryPropertyReferenceController.followPropertyReference(org.springframework.data.rest.webmvc.RootResourceInformation,java.io.Serializable,java.lang.String,java.lang.String,org.springframework.data.rest.webmvc.PersistentEntityResourceAssembler) throws java.lang.Exception
2018-03-31 21:13:27.208  INFO 16379 --- [           main] o.s.d.r.w.RepositoryRestHandlerMapping   : Mapped "{[/{repository}/{id}/{property}],methods=[GET],produces=[application/hal+json || application/json]}" onto public org.springframework.http.ResponseEntity<org.springframework.hateoas.ResourceSupport> org.springframework.data.rest.webmvc.RepositoryPropertyReferenceController.followPropertyReference(org.springframework.data.rest.webmvc.RootResourceInformation,java.io.Serializable,java.lang.String,org.springframework.data.rest.webmvc.PersistentEntityResourceAssembler) throws java.lang.Exception
2018-03-31 21:13:27.208  INFO 16379 --- [           main] o.s.d.r.w.RepositoryRestHandlerMapping   : Mapped "{[/{repository}/{id}/{property}],methods=[DELETE],produces=[application/hal+json || application/json]}" onto public org.springframework.http.ResponseEntity<? extends org.springframework.hateoas.ResourceSupport> org.springframework.data.rest.webmvc.RepositoryPropertyReferenceController.deletePropertyReference(org.springframework.data.rest.webmvc.RootResourceInformation,java.io.Serializable,java.lang.String) throws java.lang.Exception
2018-03-31 21:13:27.209  INFO 16379 --- [           main] o.s.d.r.w.RepositoryRestHandlerMapping   : Mapped "{[/{repository}/search/{search}],methods=[GET],produces=[application/hal+json || application/json]}" onto public org.springframework.http.ResponseEntity<?> org.springframework.data.rest.webmvc.RepositorySearchController.executeSearch(org.springframework.data.rest.webmvc.RootResourceInformation,org.springframework.util.MultiValueMap<java.lang.String, java.lang.Object>,java.lang.String,org.springframework.data.rest.webmvc.support.DefaultedPageable,org.springframework.data.domain.Sort,org.springframework.data.rest.webmvc.PersistentEntityResourceAssembler,org.springframework.http.HttpHeaders)
2018-03-31 21:13:27.209  INFO 16379 --- [           main] o.s.d.r.w.RepositoryRestHandlerMapping   : Mapped "{[/{repository}/search],methods=[OPTIONS],produces=[application/hal+json || application/json]}" onto public org.springframework.http.HttpEntity<?> org.springframework.data.rest.webmvc.RepositorySearchController.optionsForSearches(org.springframework.data.rest.webmvc.RootResourceInformation)
2018-03-31 21:13:27.210  INFO 16379 --- [           main] o.s.d.r.w.RepositoryRestHandlerMapping   : Mapped "{[/{repository}/search/{search}],methods=[GET],produces=[application/x-spring-data-compact+json]}" onto public org.springframework.hateoas.ResourceSupport org.springframework.data.rest.webmvc.RepositorySearchController.executeSearchCompact(org.springframework.data.rest.webmvc.RootResourceInformation,org.springframework.http.HttpHeaders,org.springframework.util.MultiValueMap<java.lang.String, java.lang.Object>,java.lang.String,java.lang.String,org.springframework.data.rest.webmvc.support.DefaultedPageable,org.springframework.data.domain.Sort,org.springframework.data.rest.webmvc.PersistentEntityResourceAssembler)
2018-03-31 21:13:27.210  INFO 16379 --- [           main] o.s.d.r.w.RepositoryRestHandlerMapping   : Mapped "{[/{repository}/search/{search}],methods=[OPTIONS],produces=[application/hal+json || application/json]}" onto public org.springframework.http.ResponseEntity<java.lang.Object> org.springframework.data.rest.webmvc.RepositorySearchController.optionsForSearch(org.springframework.data.rest.webmvc.RootResourceInformation,java.lang.String)
2018-03-31 21:13:27.210  INFO 16379 --- [           main] o.s.d.r.w.RepositoryRestHandlerMapping   : Mapped "{[/{repository}/search/{search}],methods=[HEAD],produces=[application/hal+json || application/json]}" onto public org.springframework.http.ResponseEntity<java.lang.Object> org.springframework.data.rest.webmvc.RepositorySearchController.headForSearch(org.springframework.data.rest.webmvc.RootResourceInformation,java.lang.String)
2018-03-31 21:13:27.210  INFO 16379 --- [           main] o.s.d.r.w.RepositoryRestHandlerMapping   : Mapped "{[/{repository}/search],methods=[GET],produces=[application/hal+json || application/json]}" onto public org.springframework.data.rest.webmvc.RepositorySearchesResource org.springframework.data.rest.webmvc.RepositorySearchController.listSearches(org.springframework.data.rest.webmvc.RootResourceInformation)
2018-03-31 21:13:27.211  INFO 16379 --- [           main] o.s.d.r.w.RepositoryRestHandlerMapping   : Mapped "{[/{repository}/search],methods=[HEAD],produces=[application/hal+json || application/json]}" onto public org.springframework.http.HttpEntity<?> org.springframework.data.rest.webmvc.RepositorySearchController.headForSearches(org.springframework.data.rest.webmvc.RootResourceInformation)
2018-03-31 21:13:27.211  INFO 16379 --- [           main] o.s.d.r.w.RepositoryRestHandlerMapping   : Mapped "{[/ || ],methods=[GET],produces=[application/hal+json || application/json]}" onto public org.springframework.http.HttpEntity<org.springframework.data.rest.webmvc.RepositoryLinksResource> org.springframework.data.rest.webmvc.RepositoryController.listRepositories()
2018-03-31 21:13:27.212  INFO 16379 --- [           main] o.s.d.r.w.RepositoryRestHandlerMapping   : Mapped "{[/ || ],methods=[OPTIONS],produces=[application/hal+json || application/json]}" onto public org.springframework.http.HttpEntity<?> org.springframework.data.rest.webmvc.RepositoryController.optionsForRepositories()
2018-03-31 21:13:27.212  INFO 16379 --- [           main] o.s.d.r.w.RepositoryRestHandlerMapping   : Mapped "{[/ || ],methods=[HEAD],produces=[application/hal+json || application/json]}" onto public org.springframework.http.ResponseEntity<?> org.springframework.data.rest.webmvc.RepositoryController.headForRepositories()
2018-03-31 21:13:27.213  INFO 16379 --- [           main] o.s.d.r.w.RepositoryRestHandlerMapping   : Mapped "{[/{repository}],methods=[OPTIONS],produces=[application/hal+json || application/json]}" onto public org.springframework.http.ResponseEntity<?> org.springframework.data.rest.webmvc.RepositoryEntityController.optionsForCollectionResource(org.springframework.data.rest.webmvc.RootResourceInformation)
2018-03-31 21:13:27.213  INFO 16379 --- [           main] o.s.d.r.w.RepositoryRestHandlerMapping   : Mapped "{[/{repository}],methods=[HEAD],produces=[application/hal+json || application/json]}" onto public org.springframework.http.ResponseEntity<?> org.springframework.data.rest.webmvc.RepositoryEntityController.headCollectionResource(org.springframework.data.rest.webmvc.RootResourceInformation,org.springframework.data.rest.webmvc.support.DefaultedPageable) throws org.springframework.web.HttpRequestMethodNotSupportedException
2018-03-31 21:13:27.213  INFO 16379 --- [           main] o.s.d.r.w.RepositoryRestHandlerMapping   : Mapped "{[/{repository}],methods=[GET],produces=[application/hal+json || application/json]}" onto public org.springframework.hateoas.Resources<?> org.springframework.data.rest.webmvc.RepositoryEntityController.getCollectionResource(org.springframework.data.rest.webmvc.RootResourceInformation,org.springframework.data.rest.webmvc.support.DefaultedPageable,org.springframework.data.domain.Sort,org.springframework.data.rest.webmvc.PersistentEntityResourceAssembler) throws org.springframework.data.rest.webmvc.ResourceNotFoundException,org.springframework.web.HttpRequestMethodNotSupportedException
2018-03-31 21:13:27.214  INFO 16379 --- [           main] o.s.d.r.w.RepositoryRestHandlerMapping   : Mapped "{[/{repository}],methods=[GET],produces=[application/x-spring-data-compact+json || text/uri-list]}" onto public org.springframework.hateoas.Resources<?> org.springframework.data.rest.webmvc.RepositoryEntityController.getCollectionResourceCompact(org.springframework.data.rest.webmvc.RootResourceInformation,org.springframework.data.rest.webmvc.support.DefaultedPageable,org.springframework.data.domain.Sort,org.springframework.data.rest.webmvc.PersistentEntityResourceAssembler) throws org.springframework.data.rest.webmvc.ResourceNotFoundException,org.springframework.web.HttpRequestMethodNotSupportedException
2018-03-31 21:13:27.214  INFO 16379 --- [           main] o.s.d.r.w.RepositoryRestHandlerMapping   : Mapped "{[/{repository}],methods=[POST],produces=[application/hal+json || application/json]}" onto public org.springframework.http.ResponseEntity<org.springframework.hateoas.ResourceSupport> org.springframework.data.rest.webmvc.RepositoryEntityController.postCollectionResource(org.springframework.data.rest.webmvc.RootResourceInformation,org.springframework.data.rest.webmvc.PersistentEntityResource,org.springframework.data.rest.webmvc.PersistentEntityResourceAssembler,java.lang.String) throws org.springframework.web.HttpRequestMethodNotSupportedException
2018-03-31 21:13:27.214  INFO 16379 --- [           main] o.s.d.r.w.RepositoryRestHandlerMapping   : Mapped "{[/{repository}/{id}],methods=[OPTIONS],produces=[application/hal+json || application/json]}" onto public org.springframework.http.ResponseEntity<?> org.springframework.data.rest.webmvc.RepositoryEntityController.optionsForItemResource(org.springframework.data.rest.webmvc.RootResourceInformation)
2018-03-31 21:13:27.214  INFO 16379 --- [           main] o.s.d.r.w.RepositoryRestHandlerMapping   : Mapped "{[/{repository}/{id}],methods=[HEAD],produces=[application/hal+json || application/json]}" onto public org.springframework.http.ResponseEntity<?> org.springframework.data.rest.webmvc.RepositoryEntityController.headForItemResource(org.springframework.data.rest.webmvc.RootResourceInformation,java.io.Serializable,org.springframework.data.rest.webmvc.PersistentEntityResourceAssembler) throws org.springframework.web.HttpRequestMethodNotSupportedException
2018-03-31 21:13:27.215  INFO 16379 --- [           main] o.s.d.r.w.RepositoryRestHandlerMapping   : Mapped "{[/{repository}/{id}],methods=[GET],produces=[application/hal+json || application/json]}" onto public org.springframework.http.ResponseEntity<org.springframework.hateoas.Resource<?>> org.springframework.data.rest.webmvc.RepositoryEntityController.getItemResource(org.springframework.data.rest.webmvc.RootResourceInformation,java.io.Serializable,org.springframework.data.rest.webmvc.PersistentEntityResourceAssembler,org.springframework.http.HttpHeaders) throws org.springframework.web.HttpRequestMethodNotSupportedException
2018-03-31 21:13:27.215  INFO 16379 --- [           main] o.s.d.r.w.RepositoryRestHandlerMapping   : Mapped "{[/{repository}/{id}],methods=[PUT],produces=[application/hal+json || application/json]}" onto public org.springframework.http.ResponseEntity<? extends org.springframework.hateoas.ResourceSupport> org.springframework.data.rest.webmvc.RepositoryEntityController.putItemResource(org.springframework.data.rest.webmvc.RootResourceInformation,org.springframework.data.rest.webmvc.PersistentEntityResource,java.io.Serializable,org.springframework.data.rest.webmvc.PersistentEntityResourceAssembler,org.springframework.data.rest.webmvc.support.ETag,java.lang.String) throws org.springframework.web.HttpRequestMethodNotSupportedException
2018-03-31 21:13:27.215  INFO 16379 --- [           main] o.s.d.r.w.RepositoryRestHandlerMapping   : Mapped "{[/{repository}/{id}],methods=[PATCH],produces=[application/hal+json || application/json]}" onto public org.springframework.http.ResponseEntity<org.springframework.hateoas.ResourceSupport> org.springframework.data.rest.webmvc.RepositoryEntityController.patchItemResource(org.springframework.data.rest.webmvc.RootResourceInformation,org.springframework.data.rest.webmvc.PersistentEntityResource,java.io.Serializable,org.springframework.data.rest.webmvc.PersistentEntityResourceAssembler,org.springframework.data.rest.webmvc.support.ETag,java.lang.String) throws org.springframework.web.HttpRequestMethodNotSupportedException,org.springframework.data.rest.webmvc.ResourceNotFoundException
2018-03-31 21:13:27.215  INFO 16379 --- [           main] o.s.d.r.w.RepositoryRestHandlerMapping   : Mapped "{[/{repository}/{id}],methods=[DELETE],produces=[application/hal+json || application/json]}" onto public org.springframework.http.ResponseEntity<?> org.springframework.data.rest.webmvc.RepositoryEntityController.deleteItemResource(org.springframework.data.rest.webmvc.RootResourceInformation,java.io.Serializable,org.springframework.data.rest.webmvc.support.ETag) throws org.springframework.data.rest.webmvc.ResourceNotFoundException,org.springframework.web.HttpRequestMethodNotSupportedException
2018-03-31 21:13:27.221  INFO 16379 --- [           main] o.s.d.r.w.BasePathAwareHandlerMapping    : Mapped "{[/profile/{repository}],methods=[OPTIONS],produces=[application/alps+json]}" onto org.springframework.http.HttpEntity<?> org.springframework.data.rest.webmvc.alps.AlpsController.alpsOptions()
2018-03-31 21:13:27.222  INFO 16379 --- [           main] o.s.d.r.w.BasePathAwareHandlerMapping    : Mapped "{[/profile/{repository}],methods=[GET],produces=[application/alps+json || */*]}" onto org.springframework.http.HttpEntity<org.springframework.data.rest.webmvc.RootResourceInformation> org.springframework.data.rest.webmvc.alps.AlpsController.descriptor(org.springframework.data.rest.webmvc.RootResourceInformation)
2018-03-31 21:13:27.224  INFO 16379 --- [           main] o.s.d.r.w.BasePathAwareHandlerMapping    : Mapped "{[/profile/{repository}],methods=[GET],produces=[application/schema+json]}" onto public org.springframework.http.HttpEntity<org.springframework.data.rest.webmvc.json.JsonSchema> org.springframework.data.rest.webmvc.RepositorySchemaController.schema(org.springframework.data.rest.webmvc.RootResourceInformation)
2018-03-31 21:13:27.224  INFO 16379 --- [           main] o.s.d.r.w.BasePathAwareHandlerMapping    : Mapped "{[/profile],methods=[OPTIONS]}" onto public org.springframework.http.HttpEntity<?> org.springframework.data.rest.webmvc.ProfileController.profileOptions()
2018-03-31 21:13:27.224  INFO 16379 --- [           main] o.s.d.r.w.BasePathAwareHandlerMapping    : Mapped "{[/profile],methods=[GET]}" onto org.springframework.http.HttpEntity<org.springframework.hateoas.ResourceSupport> org.springframework.data.rest.webmvc.ProfileController.listAllFormsOfMetadata()
2018-03-31 21:13:27.448  INFO 16379 --- [           main] o.h.h.i.QueryTranslatorFactoryInitiator  : HHH000397: Using ASTQueryTranslatorFactory
2018-03-31 21:13:27.562  INFO 16379 --- [           main] e.h.h.c.LocationControllerTests          : Started LocationControllerTests in 2.653 seconds (JVM running for 22.132)
2018-03-31 21:13:27.570  INFO 16379 --- [           main] o.s.b.t.m.w.SpringBootMockServletContext : Initializing Spring FrameworkServlet ''
2018-03-31 21:13:27.570  INFO 16379 --- [           main] o.s.t.web.servlet.TestDispatcherServlet  : FrameworkServlet '': initialization started
2018-03-31 21:13:27.589  INFO 16379 --- [           main] o.s.t.web.servlet.TestDispatcherServlet  : FrameworkServlet '': initialization completed in 19 ms
2018-03-31 21:13:27.873  INFO 16379 --- [           main] o.s.w.c.s.GenericWebApplicationContext   : Closing org.springframework.web.context.support.GenericWebApplicationContext@193594ad: startup date [Sat Mar 31 21:13:24 EDT 2018]; root of context hierarchy
2018-03-31 21:13:27.877  INFO 16379 --- [           main] j.LocalContainerEntityManagerFactoryBean : Closing JPA EntityManagerFactory for persistence unit 'default'
2018-03-31 21:13:27.878  INFO 16379 --- [           main] org.hibernate.tool.hbm2ddl.SchemaExport  : HHH000227: Running hbm2ddl schema export
2018-03-31 21:13:27.883  INFO 16379 --- [           main] org.hibernate.tool.hbm2ddl.SchemaExport  : HHH000230: Schema export complete
Tests run: 1, Failures: 0, Errors: 0, Skipped: 0, Time elapsed: 2.987 sec - in edu.harvard.h2ms.controllers.LocationControllerTests
Running edu.harvard.h2ms.web.init.OAuthTest
2018-03-31 21:13:27.884  INFO 16379 --- [           main] .b.t.c.SpringBootTestContextBootstrapper : Neither @ContextConfiguration nor @ContextHierarchy found for test class [edu.harvard.h2ms.web.init.OAuthTest], using SpringBootContextLoader
2018-03-31 21:13:27.885  INFO 16379 --- [           main] o.s.t.c.support.AbstractContextLoader    : Could not detect default resource locations for test class [edu.harvard.h2ms.web.init.OAuthTest]: no resource found for suffixes {-context.xml, Context.groovy}.
2018-03-31 21:13:27.885  INFO 16379 --- [           main] t.c.s.AnnotationConfigContextLoaderUtils : Could not detect default configuration classes for test class [edu.harvard.h2ms.web.init.OAuthTest]: OAuthTest does not declare any static, non-private, non-final, nested classes annotated with @Configuration.
2018-03-31 21:13:27.887  INFO 16379 --- [           main] .b.t.c.SpringBootTestContextBootstrapper : Found @SpringBootConfiguration edu.harvard.h2ms.H2MSRestAppInitializer for test class edu.harvard.h2ms.web.init.OAuthTest
2018-03-31 21:13:27.889  INFO 16379 --- [           main] .b.t.c.SpringBootTestContextBootstrapper : Loaded default TestExecutionListener class names from location [META-INF/spring.factories]: [org.springframework.boot.test.mock.mockito.MockitoTestExecutionListener, org.springframework.boot.test.mock.mockito.ResetMocksTestExecutionListener, org.springframework.boot.test.autoconfigure.restdocs.RestDocsTestExecutionListener, org.springframework.boot.test.autoconfigure.web.client.MockRestServiceServerResetTestExecutionListener, org.springframework.boot.test.autoconfigure.web.servlet.MockMvcPrintOnlyOnFailureTestExecutionListener, org.springframework.boot.test.autoconfigure.web.servlet.WebDriverTestExecutionListener, org.springframework.test.context.web.ServletTestExecutionListener, org.springframework.test.context.support.DirtiesContextBeforeModesTestExecutionListener, org.springframework.test.context.support.DependencyInjectionTestExecutionListener, org.springframework.test.context.support.DirtiesContextTestExecutionListener, org.springframework.test.context.transaction.TransactionalTestExecutionListener, org.springframework.test.context.jdbc.SqlScriptsTestExecutionListener, org.springframework.security.test.context.support.WithSecurityContextTestExecutionListener]
2018-03-31 21:13:27.890  INFO 16379 --- [           main] .b.t.c.SpringBootTestContextBootstrapper : Using TestExecutionListeners: [org.springframework.test.context.web.ServletTestExecutionListener@106d4303, org.springframework.test.context.support.DirtiesContextBeforeModesTestExecutionListener@38d19150, org.springframework.boot.test.autoconfigure.SpringBootDependencyInjectionTestExecutionListener@177c2091, org.springframework.test.context.support.DirtiesContextTestExecutionListener@58a632d1, org.springframework.test.context.transaction.TransactionalTestExecutionListener@2229079d, org.springframework.test.context.jdbc.SqlScriptsTestExecutionListener@16c64999, org.springframework.security.test.context.support.WithSecurityContextTestExecutionListener@60c88b78, org.springframework.boot.test.mock.mockito.MockitoTestExecutionListener@9111d0a, org.springframework.boot.test.mock.mockito.ResetMocksTestExecutionListener@636ee65a, org.springframework.boot.test.autoconfigure.restdocs.RestDocsTestExecutionListener@4740e12f, org.springframework.boot.test.autoconfigure.web.client.MockRestServiceServerResetTestExecutionListener@637721f4, org.springframework.boot.test.autoconfigure.web.servlet.MockMvcPrintOnlyOnFailureTestExecutionListener@620f99dd, org.springframework.boot.test.autoconfigure.web.servlet.WebDriverTestExecutionListener@7647eff0]

  .   ____          _            __ _ _
 /\\ / ___'_ __ _ _(_)_ __  __ _ \ \ \ \
( ( )\___ | '_ | '_| | '_ \/ _` | \ \ \ \
 \\/  ___)| |_)| | | | | || (_| |  ) ) ) )
  '  |____| .__|_| |_|_| |_\__, | / / / /
 =========|_|==============|___/=/_/_/_/
 :: Spring Boot ::       (v1.5.10.RELEASE)

2018-03-31 21:13:27.964  INFO 16379 --- [           main] edu.harvard.h2ms.web.init.OAuthTest      : Starting OAuthTest on ancient.bitbin.de with PID 16379 (started by stbenjam in /home/stbenjam/git/h2ms)
2018-03-31 21:13:27.964  INFO 16379 --- [           main] edu.harvard.h2ms.web.init.OAuthTest      : No active profile set, falling back to default profiles: default
2018-03-31 21:13:27.967  INFO 16379 --- [           main] o.s.w.c.s.GenericWebApplicationContext   : Refreshing org.springframework.web.context.support.GenericWebApplicationContext@139be871: startup date [Sat Mar 31 21:13:27 EDT 2018]; root of context hierarchy
2018-03-31 21:13:28.030  INFO 16379 --- [           main] o.s.c.a.ConfigurationClassParser         : Properties location [classpath:mailserver.properties] not resolvable: class path resource [mailserver.properties] cannot be opened because it does not exist
2018-03-31 21:13:28.190  INFO 16379 --- [           main] o.s.b.f.s.DefaultListableBeanFactory     : Overriding bean definition for bean 'httpRequestHandlerAdapter' with a different definition: replacing [Root bean: class [null]; scope=; abstract=false; lazyInit=false; autowireMode=3; dependencyCheck=0; autowireCandidate=true; primary=false; factoryBeanName=org.springframework.boot.autoconfigure.web.WebMvcAutoConfiguration$EnableWebMvcConfiguration; factoryMethodName=httpRequestHandlerAdapter; initMethodName=null; destroyMethodName=(inferred); defined in class path resource [org/springframework/boot/autoconfigure/web/WebMvcAutoConfiguration$EnableWebMvcConfiguration.class]] with [Root bean: class [null]; scope=; abstract=false; lazyInit=false; autowireMode=3; dependencyCheck=0; autowireCandidate=true; primary=false; factoryBeanName=org.springframework.data.rest.webmvc.config.RepositoryRestMvcConfiguration; factoryMethodName=httpRequestHandlerAdapter; initMethodName=null; destroyMethodName=(inferred); defined in class path resource [org/springframework/data/rest/webmvc/config/RepositoryRestMvcConfiguration.class]]
2018-03-31 21:13:28.289  INFO 16379 --- [           main] trationDelegate$BeanPostProcessorChecker : Bean 'org.springframework.transaction.annotation.ProxyTransactionManagementConfiguration' of type [org.springframework.transaction.annotation.ProxyTransactionManagementConfiguration$$EnhancerBySpringCGLIB$$225ecc1d] is not eligible for getting processed by all BeanPostProcessors (for example: not eligible for auto-proxying)
2018-03-31 21:13:28.306  INFO 16379 --- [           main] trationDelegate$BeanPostProcessorChecker : Bean 'org.springframework.security.config.annotation.configuration.ObjectPostProcessorConfiguration' of type [org.springframework.security.config.annotation.configuration.ObjectPostProcessorConfiguration$$EnhancerBySpringCGLIB$$bb0c9457] is not eligible for getting processed by all BeanPostProcessors (for example: not eligible for auto-proxying)
2018-03-31 21:13:28.314  INFO 16379 --- [           main] trationDelegate$BeanPostProcessorChecker : Bean 'objectPostProcessor' of type [org.springframework.security.config.annotation.configuration.AutowireBeanFactoryObjectPostProcessor] is not eligible for getting processed by all BeanPostProcessors (for example: not eligible for auto-proxying)
2018-03-31 21:13:28.315  INFO 16379 --- [           main] trationDelegate$BeanPostProcessorChecker : Bean 'org.springframework.security.access.expression.method.DefaultMethodSecurityExpressionHandler@4eb42e05' of type [org.springframework.security.oauth2.provider.expression.OAuth2MethodSecurityExpressionHandler] is not eligible for getting processed by all BeanPostProcessors (for example: not eligible for auto-proxying)
2018-03-31 21:13:28.323  INFO 16379 --- [           main] trationDelegate$BeanPostProcessorChecker : Bean 'org.springframework.security.config.annotation.method.configuration.GlobalMethodSecurityConfiguration' of type [org.springframework.security.config.annotation.method.configuration.GlobalMethodSecurityConfiguration$$EnhancerBySpringCGLIB$$dfe13709] is not eligible for getting processed by all BeanPostProcessors (for example: not eligible for auto-proxying)
2018-03-31 21:13:28.328  INFO 16379 --- [           main] trationDelegate$BeanPostProcessorChecker : Bean 'methodSecurityMetadataSource' of type [org.springframework.security.access.method.DelegatingMethodSecurityMetadataSource] is not eligible for getting processed by all BeanPostProcessors (for example: not eligible for auto-proxying)
2018-03-31 21:13:28.361  INFO 16379 --- [           main] trationDelegate$BeanPostProcessorChecker : Bean 'security.oauth2.client-org.springframework.boot.autoconfigure.security.oauth2.OAuth2ClientProperties' of type [org.springframework.boot.autoconfigure.security.oauth2.OAuth2ClientProperties] is not eligible for getting processed by all BeanPostProcessors (for example: not eligible for auto-proxying)
2018-03-31 21:13:28.371  INFO 16379 --- [           main] trationDelegate$BeanPostProcessorChecker : Bean 'org.springframework.boot.autoconfigure.security.oauth2.OAuth2AutoConfiguration' of type [org.springframework.boot.autoconfigure.security.oauth2.OAuth2AutoConfiguration$$EnhancerBySpringCGLIB$$d9a8881d] is not eligible for getting processed by all BeanPostProcessors (for example: not eligible for auto-proxying)
2018-03-31 21:13:28.387  INFO 16379 --- [           main] trationDelegate$BeanPostProcessorChecker : Bean 'resourceServerProperties' of type [org.springframework.boot.autoconfigure.security.oauth2.resource.ResourceServerProperties] is not eligible for getting processed by all BeanPostProcessors (for example: not eligible for auto-proxying)
2018-03-31 21:13:28.561  INFO 16379 --- [           main] j.LocalContainerEntityManagerFactoryBean : Building JPA container EntityManagerFactory for persistence unit 'default'
2018-03-31 21:13:28.561  INFO 16379 --- [           main] o.hibernate.jpa.internal.util.LogHelper  : HHH000204: Processing PersistenceUnitInfo [
	name: default
	...]
2018-03-31 21:13:28.565  INFO 16379 --- [           main] org.hibernate.dialect.Dialect            : HHH000400: Using dialect: org.hibernate.dialect.H2Dialect
2018-03-31 21:13:28.632  INFO 16379 --- [           main] org.hibernate.tool.hbm2ddl.SchemaExport  : HHH000227: Running hbm2ddl schema export
2018-03-31 21:13:28.646  INFO 16379 --- [           main] org.hibernate.tool.hbm2ddl.SchemaExport  : HHH000230: Schema export complete
2018-03-31 21:13:28.660  WARN 16379 --- [           main] o.h.j.i.EntityManagerFactoryRegistry     : HHH000436: Entity manager factory name (default) is already registered.  If entity manager will be clustered or passivated, specify a unique value for property 'hibernate.ejb.entitymanager_factory_name'
2018-03-31 21:13:28.662  INFO 16379 --- [           main] j.LocalContainerEntityManagerFactoryBean : Initialized JPA EntityManagerFactory for persistence unit 'default'
2018-03-31 21:13:29.457  INFO 16379 --- [           main] .s.o.p.e.FrameworkEndpointHandlerMapping : Mapped "{[/oauth/authorize]}" onto public org.springframework.web.servlet.ModelAndView org.springframework.security.oauth2.provider.endpoint.AuthorizationEndpoint.authorize(java.util.Map<java.lang.String, java.lang.Object>,java.util.Map<java.lang.String, java.lang.String>,org.springframework.web.bind.support.SessionStatus,java.security.Principal)
2018-03-31 21:13:29.457  INFO 16379 --- [           main] .s.o.p.e.FrameworkEndpointHandlerMapping : Mapped "{[/oauth/authorize],methods=[POST],params=[user_oauth_approval]}" onto public org.springframework.web.servlet.View org.springframework.security.oauth2.provider.endpoint.AuthorizationEndpoint.approveOrDeny(java.util.Map<java.lang.String, java.lang.String>,java.util.Map<java.lang.String, ?>,org.springframework.web.bind.support.SessionStatus,java.security.Principal)
2018-03-31 21:13:29.458  INFO 16379 --- [           main] .s.o.p.e.FrameworkEndpointHandlerMapping : Mapped "{[/oauth/token],methods=[POST]}" onto public org.springframework.http.ResponseEntity<org.springframework.security.oauth2.common.OAuth2AccessToken> org.springframework.security.oauth2.provider.endpoint.TokenEndpoint.postAccessToken(java.security.Principal,java.util.Map<java.lang.String, java.lang.String>) throws org.springframework.web.HttpRequestMethodNotSupportedException
2018-03-31 21:13:29.458  INFO 16379 --- [           main] .s.o.p.e.FrameworkEndpointHandlerMapping : Mapped "{[/oauth/token],methods=[GET]}" onto public org.springframework.http.ResponseEntity<org.springframework.security.oauth2.common.OAuth2AccessToken> org.springframework.security.oauth2.provider.endpoint.TokenEndpoint.getAccessToken(java.security.Principal,java.util.Map<java.lang.String, java.lang.String>) throws org.springframework.web.HttpRequestMethodNotSupportedException
2018-03-31 21:13:29.458  INFO 16379 --- [           main] .s.o.p.e.FrameworkEndpointHandlerMapping : Mapped "{[/oauth/check_token]}" onto public java.util.Map<java.lang.String, ?> org.springframework.security.oauth2.provider.endpoint.CheckTokenEndpoint.checkToken(java.lang.String)
2018-03-31 21:13:29.459  INFO 16379 --- [           main] .s.o.p.e.FrameworkEndpointHandlerMapping : Mapped "{[/oauth/confirm_access]}" onto public org.springframework.web.servlet.ModelAndView org.springframework.security.oauth2.provider.endpoint.WhitelabelApprovalEndpoint.getAccessConfirmation(java.util.Map<java.lang.String, java.lang.Object>,javax.servlet.http.HttpServletRequest) throws java.lang.Exception
2018-03-31 21:13:29.459  INFO 16379 --- [           main] .s.o.p.e.FrameworkEndpointHandlerMapping : Mapped "{[/oauth/error]}" onto public org.springframework.web.servlet.ModelAndView org.springframework.security.oauth2.provider.endpoint.WhitelabelErrorEndpoint.handleError(javax.servlet.http.HttpServletRequest)
2018-03-31 21:13:29.715  INFO 16379 --- [           main] o.s.s.web.DefaultSecurityFilterChain     : Creating filter chain: Ant [pattern='/'], []
2018-03-31 21:13:29.715  INFO 16379 --- [           main] o.s.s.web.DefaultSecurityFilterChain     : Creating filter chain: Ant [pattern='/login'], []
2018-03-31 21:13:29.715  INFO 16379 --- [           main] o.s.s.web.DefaultSecurityFilterChain     : Creating filter chain: Ant [pattern='/webjars/**'], []
2018-03-31 21:13:29.715  INFO 16379 --- [           main] o.s.s.web.DefaultSecurityFilterChain     : Creating filter chain: Ant [pattern='/api/passwords/**'], []
2018-03-31 21:13:29.715  INFO 16379 --- [           main] o.s.s.web.DefaultSecurityFilterChain     : Creating filter chain: Ant [pattern='/swagger-resources'], []
2018-03-31 21:13:29.716  INFO 16379 --- [           main] o.s.s.web.DefaultSecurityFilterChain     : Creating filter chain: Ant [pattern='/swagger-resources/**'], []
2018-03-31 21:13:29.716  INFO 16379 --- [           main] o.s.s.web.DefaultSecurityFilterChain     : Creating filter chain: Ant [pattern='/swagger-ui.html'], []
2018-03-31 21:13:29.716  INFO 16379 --- [           main] o.s.s.web.DefaultSecurityFilterChain     : Creating filter chain: Ant [pattern='/v2/api-docs'], []
2018-03-31 21:13:29.716  INFO 16379 --- [           main] o.s.s.web.DefaultSecurityFilterChain     : Creating filter chain: Ant [pattern='/**', OPTIONS], []
2018-03-31 21:13:29.797  INFO 16379 --- [           main] o.s.s.web.DefaultSecurityFilterChain     : Creating filter chain: OrRequestMatcher [requestMatchers=[Ant [pattern='/oauth/token'], Ant [pattern='/oauth/token_key'], Ant [pattern='/oauth/check_token']]], [org.springframework.security.web.context.request.async.WebAsyncManagerIntegrationFilter@65035a5a, org.springframework.security.web.context.SecurityContextPersistenceFilter@6db47c29, org.springframework.security.web.header.HeaderWriterFilter@107f6698, org.springframework.security.web.authentication.logout.LogoutFilter@7db29a24, org.springframework.security.web.authentication.www.BasicAuthenticationFilter@49ba04ff, org.springframework.security.web.savedrequest.RequestCacheAwareFilter@5352625, org.springframework.security.web.servletapi.SecurityContextHolderAwareRequestFilter@6e15cbbd, org.springframework.security.web.authentication.AnonymousAuthenticationFilter@3d8141b4, org.springframework.security.web.session.SessionManagementFilter@3cb5f033, org.springframework.security.web.access.ExceptionTranslationFilter@41d8e94, org.springframework.security.web.access.intercept.FilterSecurityInterceptor@5a25ebfc]
2018-03-31 21:13:29.808  INFO 16379 --- [           main] o.s.s.web.DefaultSecurityFilterChain     : Creating filter chain: org.springframework.security.oauth2.config.annotation.web.configuration.ResourceServerConfiguration$NotOAuthRequestMatcher@5b67d66c, [org.springframework.security.web.context.request.async.WebAsyncManagerIntegrationFilter@123255d, org.springframework.security.web.context.SecurityContextPersistenceFilter@54a1997b, org.springframework.security.web.header.HeaderWriterFilter@2d3b13b8, org.springframework.security.web.authentication.logout.LogoutFilter@51e044da, org.springframework.security.oauth2.provider.authentication.OAuth2AuthenticationProcessingFilter@e2fecf8, org.springframework.security.web.savedrequest.RequestCacheAwareFilter@79871528, org.springframework.security.web.servletapi.SecurityContextHolderAwareRequestFilter@c546f73, org.springframework.security.web.authentication.AnonymousAuthenticationFilter@4689ab65, org.springframework.security.web.session.SessionManagementFilter@4f724360, org.springframework.security.web.access.ExceptionTranslationFilter@23e1dd4a, org.springframework.security.web.access.intercept.FilterSecurityInterceptor@2adeb7e3]
2018-03-31 21:13:29.809  INFO 16379 --- [           main] o.s.s.web.DefaultSecurityFilterChain     : Creating filter chain: org.springframework.security.web.util.matcher.AnyRequestMatcher@1, [org.springframework.security.web.access.intercept.FilterSecurityInterceptor@4db4e2dc]
2018-03-31 21:13:30.104  INFO 16379 --- [           main] s.w.s.m.m.a.RequestMappingHandlerAdapter : Looking for @ControllerAdvice: org.springframework.web.context.support.GenericWebApplicationContext@139be871: startup date [Sat Mar 31 21:13:27 EDT 2018]; root of context hierarchy
2018-03-31 21:13:30.145  INFO 16379 --- [           main] s.w.s.m.m.a.RequestMappingHandlerMapping : Mapped "{[/events/count/{timeframe}],methods=[GET]}" onto public org.springframework.http.ResponseEntity<?> edu.harvard.h2ms.web.controller.EventController.findEventCountByTimeframe(java.lang.String)
2018-03-31 21:13:30.147  INFO 16379 --- [           main] s.w.s.m.m.a.RequestMappingHandlerMapping : Mapped "{[/events/compliance/{questionId}/{timeframe}],methods=[GET]}" onto public org.springframework.http.ResponseEntity<?> edu.harvard.h2ms.web.controller.EventController.findComplianceByTimeframe(java.lang.String,java.lang.Long)
2018-03-31 21:13:30.147  INFO 16379 --- [           main] s.w.s.m.m.a.RequestMappingHandlerMapping : Mapped "{[/api/passwords/reset/{email:.+}],methods=[GET]}" onto public org.springframework.http.ResponseEntity<java.lang.Object> edu.harvard.h2ms.web.controller.PasswordController.getPasswordResetToken(java.lang.String)
2018-03-31 21:13:30.148  INFO 16379 --- [           main] s.w.s.m.m.a.RequestMappingHandlerMapping : Mapped "{[/api/passwords/reset/token],methods=[POST]}" onto public org.springframework.http.ResponseEntity<java.lang.Object> edu.harvard.h2ms.web.controller.PasswordController.resetPasswordViaToken(java.util.Map<java.lang.String, java.lang.String>)
2018-03-31 21:13:30.148  INFO 16379 --- [           main] s.w.s.m.m.a.RequestMappingHandlerMapping : Mapped "{[/users/avgWashed],methods=[GET]}" onto public java.util.Map<java.lang.String, java.lang.Double> edu.harvard.h2ms.web.controller.UserController.findAvgWashCompliance()
2018-03-31 21:13:30.153  INFO 16379 --- [           main] s.w.s.m.m.a.RequestMappingHandlerMapping : Mapped "{[/error],produces=[text/html]}" onto public org.springframework.web.servlet.ModelAndView org.springframework.boot.autoconfigure.web.BasicErrorController.errorHtml(javax.servlet.http.HttpServletRequest,javax.servlet.http.HttpServletResponse)
2018-03-31 21:13:30.155  INFO 16379 --- [           main] s.w.s.m.m.a.RequestMappingHandlerMapping : Mapped "{[/error]}" onto public org.springframework.http.ResponseEntity<java.util.Map<java.lang.String, java.lang.Object>> org.springframework.boot.autoconfigure.web.BasicErrorController.error(javax.servlet.http.HttpServletRequest)
2018-03-31 21:13:30.231  INFO 16379 --- [           main] o.s.w.s.handler.SimpleUrlHandlerMapping  : Mapped URL path [/webjars/**] onto handler of type [class org.springframework.web.servlet.resource.ResourceHttpRequestHandler]
2018-03-31 21:13:30.231  INFO 16379 --- [           main] o.s.w.s.handler.SimpleUrlHandlerMapping  : Mapped URL path [/**] onto handler of type [class org.springframework.web.servlet.resource.ResourceHttpRequestHandler]
2018-03-31 21:13:30.259  INFO 16379 --- [           main] .m.m.a.ExceptionHandlerExceptionResolver : Detected @ExceptionHandler methods in exceptionHandlingController
2018-03-31 21:13:30.259  INFO 16379 --- [           main] .m.m.a.ExceptionHandlerExceptionResolver : Detected @ExceptionHandler methods in repositoryRestExceptionHandler
2018-03-31 21:13:30.352  INFO 16379 --- [           main] o.s.w.s.handler.SimpleUrlHandlerMapping  : Mapped URL path [/**/favicon.ico] onto handler of type [class org.springframework.web.servlet.resource.ResourceHttpRequestHandler]
2018-03-31 21:13:30.417  WARN 16379 --- [           main] .t.AbstractTemplateResolverConfiguration : Cannot find template location: classpath:/templates/ (please add some templates or check your Thymeleaf configuration)
2018-03-31 21:13:30.589  INFO 16379 --- [           main] o.s.d.r.w.RepositoryRestHandlerAdapter   : Looking for @ControllerAdvice: org.springframework.web.context.support.GenericWebApplicationContext@139be871: startup date [Sat Mar 31 21:13:27 EDT 2018]; root of context hierarchy
2018-03-31 21:13:30.631  INFO 16379 --- [           main] o.s.d.r.w.RepositoryRestHandlerMapping   : Mapped "{[/{repository}/{id}/{property}],methods=[GET],produces=[application/x-spring-data-compact+json || text/uri-list]}" onto public org.springframework.http.ResponseEntity<org.springframework.hateoas.ResourceSupport> org.springframework.data.rest.webmvc.RepositoryPropertyReferenceController.followPropertyReferenceCompact(org.springframework.data.rest.webmvc.RootResourceInformation,java.io.Serializable,java.lang.String,org.springframework.data.rest.webmvc.PersistentEntityResourceAssembler) throws java.lang.Exception
2018-03-31 21:13:30.631  INFO 16379 --- [           main] o.s.d.r.w.RepositoryRestHandlerMapping   : Mapped "{[/{repository}/{id}/{property}],methods=[PATCH || PUT || POST],consumes=[application/json || application/x-spring-data-compact+json || text/uri-list],produces=[application/hal+json || application/json]}" onto public org.springframework.http.ResponseEntity<? extends org.springframework.hateoas.ResourceSupport> org.springframework.data.rest.webmvc.RepositoryPropertyReferenceController.createPropertyReference(org.springframework.data.rest.webmvc.RootResourceInformation,org.springframework.http.HttpMethod,org.springframework.hateoas.Resources<java.lang.Object>,java.io.Serializable,java.lang.String) throws java.lang.Exception
2018-03-31 21:13:30.632  INFO 16379 --- [           main] o.s.d.r.w.RepositoryRestHandlerMapping   : Mapped "{[/{repository}/{id}/{property}/{propertyId}],methods=[DELETE],produces=[application/hal+json || application/json]}" onto public org.springframework.http.ResponseEntity<org.springframework.hateoas.ResourceSupport> org.springframework.data.rest.webmvc.RepositoryPropertyReferenceController.deletePropertyReferenceId(org.springframework.data.rest.webmvc.RootResourceInformation,java.io.Serializable,java.lang.String,java.lang.String) throws java.lang.Exception
2018-03-31 21:13:30.632  INFO 16379 --- [           main] o.s.d.r.w.RepositoryRestHandlerMapping   : Mapped "{[/{repository}/{id}/{property}/{propertyId}],methods=[GET],produces=[application/hal+json || application/json]}" onto public org.springframework.http.ResponseEntity<org.springframework.hateoas.ResourceSupport> org.springframework.data.rest.webmvc.RepositoryPropertyReferenceController.followPropertyReference(org.springframework.data.rest.webmvc.RootResourceInformation,java.io.Serializable,java.lang.String,java.lang.String,org.springframework.data.rest.webmvc.PersistentEntityResourceAssembler) throws java.lang.Exception
2018-03-31 21:13:30.632  INFO 16379 --- [           main] o.s.d.r.w.RepositoryRestHandlerMapping   : Mapped "{[/{repository}/{id}/{property}],methods=[GET],produces=[application/hal+json || application/json]}" onto public org.springframework.http.ResponseEntity<org.springframework.hateoas.ResourceSupport> org.springframework.data.rest.webmvc.RepositoryPropertyReferenceController.followPropertyReference(org.springframework.data.rest.webmvc.RootResourceInformation,java.io.Serializable,java.lang.String,org.springframework.data.rest.webmvc.PersistentEntityResourceAssembler) throws java.lang.Exception
2018-03-31 21:13:30.633  INFO 16379 --- [           main] o.s.d.r.w.RepositoryRestHandlerMapping   : Mapped "{[/{repository}/{id}/{property}],methods=[DELETE],produces=[application/hal+json || application/json]}" onto public org.springframework.http.ResponseEntity<? extends org.springframework.hateoas.ResourceSupport> org.springframework.data.rest.webmvc.RepositoryPropertyReferenceController.deletePropertyReference(org.springframework.data.rest.webmvc.RootResourceInformation,java.io.Serializable,java.lang.String) throws java.lang.Exception
2018-03-31 21:13:30.634  INFO 16379 --- [           main] o.s.d.r.w.RepositoryRestHandlerMapping   : Mapped "{[/{repository}/search/{search}],methods=[GET],produces=[application/hal+json || application/json]}" onto public org.springframework.http.ResponseEntity<?> org.springframework.data.rest.webmvc.RepositorySearchController.executeSearch(org.springframework.data.rest.webmvc.RootResourceInformation,org.springframework.util.MultiValueMap<java.lang.String, java.lang.Object>,java.lang.String,org.springframework.data.rest.webmvc.support.DefaultedPageable,org.springframework.data.domain.Sort,org.springframework.data.rest.webmvc.PersistentEntityResourceAssembler,org.springframework.http.HttpHeaders)
2018-03-31 21:13:30.634  INFO 16379 --- [           main] o.s.d.r.w.RepositoryRestHandlerMapping   : Mapped "{[/{repository}/search],methods=[OPTIONS],produces=[application/hal+json || application/json]}" onto public org.springframework.http.HttpEntity<?> org.springframework.data.rest.webmvc.RepositorySearchController.optionsForSearches(org.springframework.data.rest.webmvc.RootResourceInformation)
2018-03-31 21:13:30.635  INFO 16379 --- [           main] o.s.d.r.w.RepositoryRestHandlerMapping   : Mapped "{[/{repository}/search/{search}],methods=[GET],produces=[application/x-spring-data-compact+json]}" onto public org.springframework.hateoas.ResourceSupport org.springframework.data.rest.webmvc.RepositorySearchController.executeSearchCompact(org.springframework.data.rest.webmvc.RootResourceInformation,org.springframework.http.HttpHeaders,org.springframework.util.MultiValueMap<java.lang.String, java.lang.Object>,java.lang.String,java.lang.String,org.springframework.data.rest.webmvc.support.DefaultedPageable,org.springframework.data.domain.Sort,org.springframework.data.rest.webmvc.PersistentEntityResourceAssembler)
2018-03-31 21:13:30.635  INFO 16379 --- [           main] o.s.d.r.w.RepositoryRestHandlerMapping   : Mapped "{[/{repository}/search/{search}],methods=[OPTIONS],produces=[application/hal+json || application/json]}" onto public org.springframework.http.ResponseEntity<java.lang.Object> org.springframework.data.rest.webmvc.RepositorySearchController.optionsForSearch(org.springframework.data.rest.webmvc.RootResourceInformation,java.lang.String)
2018-03-31 21:13:30.635  INFO 16379 --- [           main] o.s.d.r.w.RepositoryRestHandlerMapping   : Mapped "{[/{repository}/search/{search}],methods=[HEAD],produces=[application/hal+json || application/json]}" onto public org.springframework.http.ResponseEntity<java.lang.Object> org.springframework.data.rest.webmvc.RepositorySearchController.headForSearch(org.springframework.data.rest.webmvc.RootResourceInformation,java.lang.String)
2018-03-31 21:13:30.636  INFO 16379 --- [           main] o.s.d.r.w.RepositoryRestHandlerMapping   : Mapped "{[/{repository}/search],methods=[GET],produces=[application/hal+json || application/json]}" onto public org.springframework.data.rest.webmvc.RepositorySearchesResource org.springframework.data.rest.webmvc.RepositorySearchController.listSearches(org.springframework.data.rest.webmvc.RootResourceInformation)
2018-03-31 21:13:30.636  INFO 16379 --- [           main] o.s.d.r.w.RepositoryRestHandlerMapping   : Mapped "{[/{repository}/search],methods=[HEAD],produces=[application/hal+json || application/json]}" onto public org.springframework.http.HttpEntity<?> org.springframework.data.rest.webmvc.RepositorySearchController.headForSearches(org.springframework.data.rest.webmvc.RootResourceInformation)
2018-03-31 21:13:30.636  INFO 16379 --- [           main] o.s.d.r.w.RepositoryRestHandlerMapping   : Mapped "{[/ || ],methods=[GET],produces=[application/hal+json || application/json]}" onto public org.springframework.http.HttpEntity<org.springframework.data.rest.webmvc.RepositoryLinksResource> org.springframework.data.rest.webmvc.RepositoryController.listRepositories()
2018-03-31 21:13:30.637  INFO 16379 --- [           main] o.s.d.r.w.RepositoryRestHandlerMapping   : Mapped "{[/ || ],methods=[OPTIONS],produces=[application/hal+json || application/json]}" onto public org.springframework.http.HttpEntity<?> org.springframework.data.rest.webmvc.RepositoryController.optionsForRepositories()
2018-03-31 21:13:30.637  INFO 16379 --- [           main] o.s.d.r.w.RepositoryRestHandlerMapping   : Mapped "{[/ || ],methods=[HEAD],produces=[application/hal+json || application/json]}" onto public org.springframework.http.ResponseEntity<?> org.springframework.data.rest.webmvc.RepositoryController.headForRepositories()
2018-03-31 21:13:30.638  INFO 16379 --- [           main] o.s.d.r.w.RepositoryRestHandlerMapping   : Mapped "{[/{repository}],methods=[OPTIONS],produces=[application/hal+json || application/json]}" onto public org.springframework.http.ResponseEntity<?> org.springframework.data.rest.webmvc.RepositoryEntityController.optionsForCollectionResource(org.springframework.data.rest.webmvc.RootResourceInformation)
2018-03-31 21:13:30.638  INFO 16379 --- [           main] o.s.d.r.w.RepositoryRestHandlerMapping   : Mapped "{[/{repository}],methods=[HEAD],produces=[application/hal+json || application/json]}" onto public org.springframework.http.ResponseEntity<?> org.springframework.data.rest.webmvc.RepositoryEntityController.headCollectionResource(org.springframework.data.rest.webmvc.RootResourceInformation,org.springframework.data.rest.webmvc.support.DefaultedPageable) throws org.springframework.web.HttpRequestMethodNotSupportedException
2018-03-31 21:13:30.639  INFO 16379 --- [           main] o.s.d.r.w.RepositoryRestHandlerMapping   : Mapped "{[/{repository}],methods=[GET],produces=[application/hal+json || application/json]}" onto public org.springframework.hateoas.Resources<?> org.springframework.data.rest.webmvc.RepositoryEntityController.getCollectionResource(org.springframework.data.rest.webmvc.RootResourceInformation,org.springframework.data.rest.webmvc.support.DefaultedPageable,org.springframework.data.domain.Sort,org.springframework.data.rest.webmvc.PersistentEntityResourceAssembler) throws org.springframework.data.rest.webmvc.ResourceNotFoundException,org.springframework.web.HttpRequestMethodNotSupportedException
2018-03-31 21:13:30.639  INFO 16379 --- [           main] o.s.d.r.w.RepositoryRestHandlerMapping   : Mapped "{[/{repository}],methods=[GET],produces=[application/x-spring-data-compact+json || text/uri-list]}" onto public org.springframework.hateoas.Resources<?> org.springframework.data.rest.webmvc.RepositoryEntityController.getCollectionResourceCompact(org.springframework.data.rest.webmvc.RootResourceInformation,org.springframework.data.rest.webmvc.support.DefaultedPageable,org.springframework.data.domain.Sort,org.springframework.data.rest.webmvc.PersistentEntityResourceAssembler) throws org.springframework.data.rest.webmvc.ResourceNotFoundException,org.springframework.web.HttpRequestMethodNotSupportedException
2018-03-31 21:13:30.639  INFO 16379 --- [           main] o.s.d.r.w.RepositoryRestHandlerMapping   : Mapped "{[/{repository}],methods=[POST],produces=[application/hal+json || application/json]}" onto public org.springframework.http.ResponseEntity<org.springframework.hateoas.ResourceSupport> org.springframework.data.rest.webmvc.RepositoryEntityController.postCollectionResource(org.springframework.data.rest.webmvc.RootResourceInformation,org.springframework.data.rest.webmvc.PersistentEntityResource,org.springframework.data.rest.webmvc.PersistentEntityResourceAssembler,java.lang.String) throws org.springframework.web.HttpRequestMethodNotSupportedException
2018-03-31 21:13:30.640  INFO 16379 --- [           main] o.s.d.r.w.RepositoryRestHandlerMapping   : Mapped "{[/{repository}/{id}],methods=[OPTIONS],produces=[application/hal+json || application/json]}" onto public org.springframework.http.ResponseEntity<?> org.springframework.data.rest.webmvc.RepositoryEntityController.optionsForItemResource(org.springframework.data.rest.webmvc.RootResourceInformation)
2018-03-31 21:13:30.640  INFO 16379 --- [           main] o.s.d.r.w.RepositoryRestHandlerMapping   : Mapped "{[/{repository}/{id}],methods=[HEAD],produces=[application/hal+json || application/json]}" onto public org.springframework.http.ResponseEntity<?> org.springframework.data.rest.webmvc.RepositoryEntityController.headForItemResource(org.springframework.data.rest.webmvc.RootResourceInformation,java.io.Serializable,org.springframework.data.rest.webmvc.PersistentEntityResourceAssembler) throws org.springframework.web.HttpRequestMethodNotSupportedException
2018-03-31 21:13:30.640  INFO 16379 --- [           main] o.s.d.r.w.RepositoryRestHandlerMapping   : Mapped "{[/{repository}/{id}],methods=[GET],produces=[application/hal+json || application/json]}" onto public org.springframework.http.ResponseEntity<org.springframework.hateoas.Resource<?>> org.springframework.data.rest.webmvc.RepositoryEntityController.getItemResource(org.springframework.data.rest.webmvc.RootResourceInformation,java.io.Serializable,org.springframework.data.rest.webmvc.PersistentEntityResourceAssembler,org.springframework.http.HttpHeaders) throws org.springframework.web.HttpRequestMethodNotSupportedException
2018-03-31 21:13:30.641  INFO 16379 --- [           main] o.s.d.r.w.RepositoryRestHandlerMapping   : Mapped "{[/{repository}/{id}],methods=[PUT],produces=[application/hal+json || application/json]}" onto public org.springframework.http.ResponseEntity<? extends org.springframework.hateoas.ResourceSupport> org.springframework.data.rest.webmvc.RepositoryEntityController.putItemResource(org.springframework.data.rest.webmvc.RootResourceInformation,org.springframework.data.rest.webmvc.PersistentEntityResource,java.io.Serializable,org.springframework.data.rest.webmvc.PersistentEntityResourceAssembler,org.springframework.data.rest.webmvc.support.ETag,java.lang.String) throws org.springframework.web.HttpRequestMethodNotSupportedException
2018-03-31 21:13:30.641  INFO 16379 --- [           main] o.s.d.r.w.RepositoryRestHandlerMapping   : Mapped "{[/{repository}/{id}],methods=[PATCH],produces=[application/hal+json || application/json]}" onto public org.springframework.http.ResponseEntity<org.springframework.hateoas.ResourceSupport> org.springframework.data.rest.webmvc.RepositoryEntityController.patchItemResource(org.springframework.data.rest.webmvc.RootResourceInformation,org.springframework.data.rest.webmvc.PersistentEntityResource,java.io.Serializable,org.springframework.data.rest.webmvc.PersistentEntityResourceAssembler,org.springframework.data.rest.webmvc.support.ETag,java.lang.String) throws org.springframework.web.HttpRequestMethodNotSupportedException,org.springframework.data.rest.webmvc.ResourceNotFoundException
2018-03-31 21:13:30.641  INFO 16379 --- [           main] o.s.d.r.w.RepositoryRestHandlerMapping   : Mapped "{[/{repository}/{id}],methods=[DELETE],produces=[application/hal+json || application/json]}" onto public org.springframework.http.ResponseEntity<?> org.springframework.data.rest.webmvc.RepositoryEntityController.deleteItemResource(org.springframework.data.rest.webmvc.RootResourceInformation,java.io.Serializable,org.springframework.data.rest.webmvc.support.ETag) throws org.springframework.data.rest.webmvc.ResourceNotFoundException,org.springframework.web.HttpRequestMethodNotSupportedException
2018-03-31 21:13:30.645  INFO 16379 --- [           main] o.s.d.r.w.BasePathAwareHandlerMapping    : Mapped "{[/profile/{repository}],methods=[OPTIONS],produces=[application/alps+json]}" onto org.springframework.http.HttpEntity<?> org.springframework.data.rest.webmvc.alps.AlpsController.alpsOptions()
2018-03-31 21:13:30.646  INFO 16379 --- [           main] o.s.d.r.w.BasePathAwareHandlerMapping    : Mapped "{[/profile/{repository}],methods=[GET],produces=[application/alps+json || */*]}" onto org.springframework.http.HttpEntity<org.springframework.data.rest.webmvc.RootResourceInformation> org.springframework.data.rest.webmvc.alps.AlpsController.descriptor(org.springframework.data.rest.webmvc.RootResourceInformation)
2018-03-31 21:13:30.646  INFO 16379 --- [           main] o.s.d.r.w.BasePathAwareHandlerMapping    : Mapped "{[/profile/{repository}],methods=[GET],produces=[application/schema+json]}" onto public org.springframework.http.HttpEntity<org.springframework.data.rest.webmvc.json.JsonSchema> org.springframework.data.rest.webmvc.RepositorySchemaController.schema(org.springframework.data.rest.webmvc.RootResourceInformation)
2018-03-31 21:13:30.646  INFO 16379 --- [           main] o.s.d.r.w.BasePathAwareHandlerMapping    : Mapped "{[/profile],methods=[OPTIONS]}" onto public org.springframework.http.HttpEntity<?> org.springframework.data.rest.webmvc.ProfileController.profileOptions()
2018-03-31 21:13:30.646  INFO 16379 --- [           main] o.s.d.r.w.BasePathAwareHandlerMapping    : Mapped "{[/profile],methods=[GET]}" onto org.springframework.http.HttpEntity<org.springframework.hateoas.ResourceSupport> org.springframework.data.rest.webmvc.ProfileController.listAllFormsOfMetadata()
2018-03-31 21:13:30.885  INFO 16379 --- [           main] o.h.h.i.QueryTranslatorFactoryInitiator  : HHH000397: Using ASTQueryTranslatorFactory
2018-03-31 21:13:30.989  INFO 16379 --- [           main] edu.harvard.h2ms.web.init.OAuthTest      : Started OAuthTest in 3.091 seconds (JVM running for 25.559)
2018-03-31 21:13:30.998  INFO 16379 --- [           main] o.s.b.t.m.w.SpringBootMockServletContext : Initializing Spring FrameworkServlet ''
2018-03-31 21:13:30.998  INFO 16379 --- [           main] o.s.t.web.servlet.TestDispatcherServlet  : FrameworkServlet '': initialization started
2018-03-31 21:13:31.017  INFO 16379 --- [           main] o.s.t.web.servlet.TestDispatcherServlet  : FrameworkServlet '': initialization completed in 19 ms
2018-03-31 21:13:31.113  INFO 16379 --- [           main] o.s.w.c.s.GenericWebApplicationContext   : Closing org.springframework.web.context.support.GenericWebApplicationContext@139be871: startup date [Sat Mar 31 21:13:27 EDT 2018]; root of context hierarchy
2018-03-31 21:13:31.117  INFO 16379 --- [           main] j.LocalContainerEntityManagerFactoryBean : Closing JPA EntityManagerFactory for persistence unit 'default'
2018-03-31 21:13:31.117  INFO 16379 --- [           main] org.hibernate.tool.hbm2ddl.SchemaExport  : HHH000227: Running hbm2ddl schema export
2018-03-31 21:13:31.121  INFO 16379 --- [           main] org.hibernate.tool.hbm2ddl.SchemaExport  : HHH000230: Schema export complete

  .   ____          _            __ _ _
 /\\ / ___'_ __ _ _(_)_ __  __ _ \ \ \ \
( ( )\___ | '_ | '_| | '_ \/ _` | \ \ \ \
 \\/  ___)| |_)| | | | | || (_| |  ) ) ) )
  '  |____| .__|_| |_|_| |_\__, | / / / /
 =========|_|==============|___/=/_/_/_/
 :: Spring Boot ::       (v1.5.10.RELEASE)

2018-03-31 21:13:31.208  INFO 16379 --- [           main] edu.harvard.h2ms.web.init.OAuthTest      : Starting OAuthTest on ancient.bitbin.de with PID 16379 (started by stbenjam in /home/stbenjam/git/h2ms)
2018-03-31 21:13:31.208  INFO 16379 --- [           main] edu.harvard.h2ms.web.init.OAuthTest      : No active profile set, falling back to default profiles: default
2018-03-31 21:13:31.212  INFO 16379 --- [           main] o.s.w.c.s.GenericWebApplicationContext   : Refreshing org.springframework.web.context.support.GenericWebApplicationContext@78c4bea3: startup date [Sat Mar 31 21:13:31 EDT 2018]; root of context hierarchy
2018-03-31 21:13:31.285  INFO 16379 --- [           main] o.s.c.a.ConfigurationClassParser         : Properties location [classpath:mailserver.properties] not resolvable: class path resource [mailserver.properties] cannot be opened because it does not exist
2018-03-31 21:13:31.503  INFO 16379 --- [           main] o.s.b.f.s.DefaultListableBeanFactory     : Overriding bean definition for bean 'httpRequestHandlerAdapter' with a different definition: replacing [Root bean: class [null]; scope=; abstract=false; lazyInit=false; autowireMode=3; dependencyCheck=0; autowireCandidate=true; primary=false; factoryBeanName=org.springframework.boot.autoconfigure.web.WebMvcAutoConfiguration$EnableWebMvcConfiguration; factoryMethodName=httpRequestHandlerAdapter; initMethodName=null; destroyMethodName=(inferred); defined in class path resource [org/springframework/boot/autoconfigure/web/WebMvcAutoConfiguration$EnableWebMvcConfiguration.class]] with [Root bean: class [null]; scope=; abstract=false; lazyInit=false; autowireMode=3; dependencyCheck=0; autowireCandidate=true; primary=false; factoryBeanName=org.springframework.data.rest.webmvc.config.RepositoryRestMvcConfiguration; factoryMethodName=httpRequestHandlerAdapter; initMethodName=null; destroyMethodName=(inferred); defined in class path resource [org/springframework/data/rest/webmvc/config/RepositoryRestMvcConfiguration.class]]
2018-03-31 21:13:31.625  INFO 16379 --- [           main] trationDelegate$BeanPostProcessorChecker : Bean 'org.springframework.transaction.annotation.ProxyTransactionManagementConfiguration' of type [org.springframework.transaction.annotation.ProxyTransactionManagementConfiguration$$EnhancerBySpringCGLIB$$225ecc1d] is not eligible for getting processed by all BeanPostProcessors (for example: not eligible for auto-proxying)
2018-03-31 21:13:31.654  INFO 16379 --- [           main] trationDelegate$BeanPostProcessorChecker : Bean 'org.springframework.security.config.annotation.configuration.ObjectPostProcessorConfiguration' of type [org.springframework.security.config.annotation.configuration.ObjectPostProcessorConfiguration$$EnhancerBySpringCGLIB$$bb0c9457] is not eligible for getting processed by all BeanPostProcessors (for example: not eligible for auto-proxying)
2018-03-31 21:13:31.663  INFO 16379 --- [           main] trationDelegate$BeanPostProcessorChecker : Bean 'objectPostProcessor' of type [org.springframework.security.config.annotation.configuration.AutowireBeanFactoryObjectPostProcessor] is not eligible for getting processed by all BeanPostProcessors (for example: not eligible for auto-proxying)
2018-03-31 21:13:31.667  INFO 16379 --- [           main] trationDelegate$BeanPostProcessorChecker : Bean 'org.springframework.security.access.expression.method.DefaultMethodSecurityExpressionHandler@35e05c6d' of type [org.springframework.security.oauth2.provider.expression.OAuth2MethodSecurityExpressionHandler] is not eligible for getting processed by all BeanPostProcessors (for example: not eligible for auto-proxying)
2018-03-31 21:13:31.674  INFO 16379 --- [           main] trationDelegate$BeanPostProcessorChecker : Bean 'org.springframework.security.config.annotation.method.configuration.GlobalMethodSecurityConfiguration' of type [org.springframework.security.config.annotation.method.configuration.GlobalMethodSecurityConfiguration$$EnhancerBySpringCGLIB$$dfe13709] is not eligible for getting processed by all BeanPostProcessors (for example: not eligible for auto-proxying)
2018-03-31 21:13:31.677  INFO 16379 --- [           main] trationDelegate$BeanPostProcessorChecker : Bean 'methodSecurityMetadataSource' of type [org.springframework.security.access.method.DelegatingMethodSecurityMetadataSource] is not eligible for getting processed by all BeanPostProcessors (for example: not eligible for auto-proxying)
2018-03-31 21:13:31.700  INFO 16379 --- [           main] trationDelegate$BeanPostProcessorChecker : Bean 'security.oauth2.client-org.springframework.boot.autoconfigure.security.oauth2.OAuth2ClientProperties' of type [org.springframework.boot.autoconfigure.security.oauth2.OAuth2ClientProperties] is not eligible for getting processed by all BeanPostProcessors (for example: not eligible for auto-proxying)
2018-03-31 21:13:31.707  INFO 16379 --- [           main] trationDelegate$BeanPostProcessorChecker : Bean 'org.springframework.boot.autoconfigure.security.oauth2.OAuth2AutoConfiguration' of type [org.springframework.boot.autoconfigure.security.oauth2.OAuth2AutoConfiguration$$EnhancerBySpringCGLIB$$d9a8881d] is not eligible for getting processed by all BeanPostProcessors (for example: not eligible for auto-proxying)
2018-03-31 21:13:31.719  INFO 16379 --- [           main] trationDelegate$BeanPostProcessorChecker : Bean 'resourceServerProperties' of type [org.springframework.boot.autoconfigure.security.oauth2.resource.ResourceServerProperties] is not eligible for getting processed by all BeanPostProcessors (for example: not eligible for auto-proxying)
2018-03-31 21:13:31.879  INFO 16379 --- [           main] j.LocalContainerEntityManagerFactoryBean : Building JPA container EntityManagerFactory for persistence unit 'default'
2018-03-31 21:13:31.879  INFO 16379 --- [           main] o.hibernate.jpa.internal.util.LogHelper  : HHH000204: Processing PersistenceUnitInfo [
	name: default
	...]
2018-03-31 21:13:31.884  INFO 16379 --- [           main] org.hibernate.dialect.Dialect            : HHH000400: Using dialect: org.hibernate.dialect.H2Dialect
2018-03-31 21:13:31.963  INFO 16379 --- [           main] org.hibernate.tool.hbm2ddl.SchemaExport  : HHH000227: Running hbm2ddl schema export
2018-03-31 21:13:31.977  INFO 16379 --- [           main] org.hibernate.tool.hbm2ddl.SchemaExport  : HHH000230: Schema export complete
2018-03-31 21:13:31.991  WARN 16379 --- [           main] o.h.j.i.EntityManagerFactoryRegistry     : HHH000436: Entity manager factory name (default) is already registered.  If entity manager will be clustered or passivated, specify a unique value for property 'hibernate.ejb.entitymanager_factory_name'
2018-03-31 21:13:31.991  INFO 16379 --- [           main] j.LocalContainerEntityManagerFactoryBean : Initialized JPA EntityManagerFactory for persistence unit 'default'
2018-03-31 21:13:32.624  INFO 16379 --- [           main] .s.o.p.e.FrameworkEndpointHandlerMapping : Mapped "{[/oauth/authorize]}" onto public org.springframework.web.servlet.ModelAndView org.springframework.security.oauth2.provider.endpoint.AuthorizationEndpoint.authorize(java.util.Map<java.lang.String, java.lang.Object>,java.util.Map<java.lang.String, java.lang.String>,org.springframework.web.bind.support.SessionStatus,java.security.Principal)
2018-03-31 21:13:32.624  INFO 16379 --- [           main] .s.o.p.e.FrameworkEndpointHandlerMapping : Mapped "{[/oauth/authorize],methods=[POST],params=[user_oauth_approval]}" onto public org.springframework.web.servlet.View org.springframework.security.oauth2.provider.endpoint.AuthorizationEndpoint.approveOrDeny(java.util.Map<java.lang.String, java.lang.String>,java.util.Map<java.lang.String, ?>,org.springframework.web.bind.support.SessionStatus,java.security.Principal)
2018-03-31 21:13:32.625  INFO 16379 --- [           main] .s.o.p.e.FrameworkEndpointHandlerMapping : Mapped "{[/oauth/token],methods=[POST]}" onto public org.springframework.http.ResponseEntity<org.springframework.security.oauth2.common.OAuth2AccessToken> org.springframework.security.oauth2.provider.endpoint.TokenEndpoint.postAccessToken(java.security.Principal,java.util.Map<java.lang.String, java.lang.String>) throws org.springframework.web.HttpRequestMethodNotSupportedException
2018-03-31 21:13:32.625  INFO 16379 --- [           main] .s.o.p.e.FrameworkEndpointHandlerMapping : Mapped "{[/oauth/token],methods=[GET]}" onto public org.springframework.http.ResponseEntity<org.springframework.security.oauth2.common.OAuth2AccessToken> org.springframework.security.oauth2.provider.endpoint.TokenEndpoint.getAccessToken(java.security.Principal,java.util.Map<java.lang.String, java.lang.String>) throws org.springframework.web.HttpRequestMethodNotSupportedException
2018-03-31 21:13:32.625  INFO 16379 --- [           main] .s.o.p.e.FrameworkEndpointHandlerMapping : Mapped "{[/oauth/check_token]}" onto public java.util.Map<java.lang.String, ?> org.springframework.security.oauth2.provider.endpoint.CheckTokenEndpoint.checkToken(java.lang.String)
2018-03-31 21:13:32.625  INFO 16379 --- [           main] .s.o.p.e.FrameworkEndpointHandlerMapping : Mapped "{[/oauth/confirm_access]}" onto public org.springframework.web.servlet.ModelAndView org.springframework.security.oauth2.provider.endpoint.WhitelabelApprovalEndpoint.getAccessConfirmation(java.util.Map<java.lang.String, java.lang.Object>,javax.servlet.http.HttpServletRequest) throws java.lang.Exception
2018-03-31 21:13:32.625  INFO 16379 --- [           main] .s.o.p.e.FrameworkEndpointHandlerMapping : Mapped "{[/oauth/error]}" onto public org.springframework.web.servlet.ModelAndView org.springframework.security.oauth2.provider.endpoint.WhitelabelErrorEndpoint.handleError(javax.servlet.http.HttpServletRequest)
2018-03-31 21:13:32.860  INFO 16379 --- [           main] o.s.s.web.DefaultSecurityFilterChain     : Creating filter chain: Ant [pattern='/'], []
2018-03-31 21:13:32.860  INFO 16379 --- [           main] o.s.s.web.DefaultSecurityFilterChain     : Creating filter chain: Ant [pattern='/login'], []
2018-03-31 21:13:32.860  INFO 16379 --- [           main] o.s.s.web.DefaultSecurityFilterChain     : Creating filter chain: Ant [pattern='/webjars/**'], []
2018-03-31 21:13:32.860  INFO 16379 --- [           main] o.s.s.web.DefaultSecurityFilterChain     : Creating filter chain: Ant [pattern='/api/passwords/**'], []
2018-03-31 21:13:32.860  INFO 16379 --- [           main] o.s.s.web.DefaultSecurityFilterChain     : Creating filter chain: Ant [pattern='/swagger-resources'], []
2018-03-31 21:13:32.860  INFO 16379 --- [           main] o.s.s.web.DefaultSecurityFilterChain     : Creating filter chain: Ant [pattern='/swagger-resources/**'], []
2018-03-31 21:13:32.861  INFO 16379 --- [           main] o.s.s.web.DefaultSecurityFilterChain     : Creating filter chain: Ant [pattern='/swagger-ui.html'], []
2018-03-31 21:13:32.861  INFO 16379 --- [           main] o.s.s.web.DefaultSecurityFilterChain     : Creating filter chain: Ant [pattern='/v2/api-docs'], []
2018-03-31 21:13:32.861  INFO 16379 --- [           main] o.s.s.web.DefaultSecurityFilterChain     : Creating filter chain: Ant [pattern='/**', OPTIONS], []
2018-03-31 21:13:32.947  INFO 16379 --- [           main] o.s.s.web.DefaultSecurityFilterChain     : Creating filter chain: OrRequestMatcher [requestMatchers=[Ant [pattern='/oauth/token'], Ant [pattern='/oauth/token_key'], Ant [pattern='/oauth/check_token']]], [org.springframework.security.web.context.request.async.WebAsyncManagerIntegrationFilter@27bc569a, org.springframework.security.web.context.SecurityContextPersistenceFilter@1fd5eb93, org.springframework.security.web.header.HeaderWriterFilter@4341ce99, org.springframework.security.web.authentication.logout.LogoutFilter@7d300ed9, org.springframework.security.web.authentication.www.BasicAuthenticationFilter@66d358cc, org.springframework.security.web.savedrequest.RequestCacheAwareFilter@1565afbf, org.springframework.security.web.servletapi.SecurityContextHolderAwareRequestFilter@581d8e8c, org.springframework.security.web.authentication.AnonymousAuthenticationFilter@5eb4660d, org.springframework.security.web.session.SessionManagementFilter@10d6bbc5, org.springframework.security.web.access.ExceptionTranslationFilter@331725ab, org.springframework.security.web.access.intercept.FilterSecurityInterceptor@6e7302d]
2018-03-31 21:13:32.958  INFO 16379 --- [           main] o.s.s.web.DefaultSecurityFilterChain     : Creating filter chain: org.springframework.security.oauth2.config.annotation.web.configuration.ResourceServerConfiguration$NotOAuthRequestMatcher@4c6e45f0, [org.springframework.security.web.context.request.async.WebAsyncManagerIntegrationFilter@a0b221f, org.springframework.security.web.context.SecurityContextPersistenceFilter@52d53a96, org.springframework.security.web.header.HeaderWriterFilter@7c2f3fe, org.springframework.security.web.authentication.logout.LogoutFilter@72f9675d, org.springframework.security.oauth2.provider.authentication.OAuth2AuthenticationProcessingFilter@54a2af5a, org.springframework.security.web.savedrequest.RequestCacheAwareFilter@51bccbc3, org.springframework.security.web.servletapi.SecurityContextHolderAwareRequestFilter@41719f09, org.springframework.security.web.authentication.AnonymousAuthenticationFilter@1d015f5, org.springframework.security.web.session.SessionManagementFilter@21225321, org.springframework.security.web.access.ExceptionTranslationFilter@1062710e, org.springframework.security.web.access.intercept.FilterSecurityInterceptor@df7e36b]
2018-03-31 21:13:32.959  INFO 16379 --- [           main] o.s.s.web.DefaultSecurityFilterChain     : Creating filter chain: org.springframework.security.web.util.matcher.AnyRequestMatcher@1, [org.springframework.security.web.access.intercept.FilterSecurityInterceptor@1e98f6f2]
2018-03-31 21:13:33.227  INFO 16379 --- [           main] s.w.s.m.m.a.RequestMappingHandlerAdapter : Looking for @ControllerAdvice: org.springframework.web.context.support.GenericWebApplicationContext@78c4bea3: startup date [Sat Mar 31 21:13:31 EDT 2018]; root of context hierarchy
2018-03-31 21:13:33.280  INFO 16379 --- [           main] s.w.s.m.m.a.RequestMappingHandlerMapping : Mapped "{[/events/count/{timeframe}],methods=[GET]}" onto public org.springframework.http.ResponseEntity<?> edu.harvard.h2ms.web.controller.EventController.findEventCountByTimeframe(java.lang.String)
2018-03-31 21:13:33.280  INFO 16379 --- [           main] s.w.s.m.m.a.RequestMappingHandlerMapping : Mapped "{[/events/compliance/{questionId}/{timeframe}],methods=[GET]}" onto public org.springframework.http.ResponseEntity<?> edu.harvard.h2ms.web.controller.EventController.findComplianceByTimeframe(java.lang.String,java.lang.Long)
2018-03-31 21:13:33.280  INFO 16379 --- [           main] s.w.s.m.m.a.RequestMappingHandlerMapping : Mapped "{[/api/passwords/reset/{email:.+}],methods=[GET]}" onto public org.springframework.http.ResponseEntity<java.lang.Object> edu.harvard.h2ms.web.controller.PasswordController.getPasswordResetToken(java.lang.String)
2018-03-31 21:13:33.281  INFO 16379 --- [           main] s.w.s.m.m.a.RequestMappingHandlerMapping : Mapped "{[/api/passwords/reset/token],methods=[POST]}" onto public org.springframework.http.ResponseEntity<java.lang.Object> edu.harvard.h2ms.web.controller.PasswordController.resetPasswordViaToken(java.util.Map<java.lang.String, java.lang.String>)
2018-03-31 21:13:33.281  INFO 16379 --- [           main] s.w.s.m.m.a.RequestMappingHandlerMapping : Mapped "{[/users/avgWashed],methods=[GET]}" onto public java.util.Map<java.lang.String, java.lang.Double> edu.harvard.h2ms.web.controller.UserController.findAvgWashCompliance()
2018-03-31 21:13:33.283  INFO 16379 --- [           main] s.w.s.m.m.a.RequestMappingHandlerMapping : Mapped "{[/error],produces=[text/html]}" onto public org.springframework.web.servlet.ModelAndView org.springframework.boot.autoconfigure.web.BasicErrorController.errorHtml(javax.servlet.http.HttpServletRequest,javax.servlet.http.HttpServletResponse)
2018-03-31 21:13:33.283  INFO 16379 --- [           main] s.w.s.m.m.a.RequestMappingHandlerMapping : Mapped "{[/error]}" onto public org.springframework.http.ResponseEntity<java.util.Map<java.lang.String, java.lang.Object>> org.springframework.boot.autoconfigure.web.BasicErrorController.error(javax.servlet.http.HttpServletRequest)
2018-03-31 21:13:33.356  INFO 16379 --- [           main] o.s.w.s.handler.SimpleUrlHandlerMapping  : Mapped URL path [/webjars/**] onto handler of type [class org.springframework.web.servlet.resource.ResourceHttpRequestHandler]
2018-03-31 21:13:33.357  INFO 16379 --- [           main] o.s.w.s.handler.SimpleUrlHandlerMapping  : Mapped URL path [/**] onto handler of type [class org.springframework.web.servlet.resource.ResourceHttpRequestHandler]
2018-03-31 21:13:33.381  INFO 16379 --- [           main] .m.m.a.ExceptionHandlerExceptionResolver : Detected @ExceptionHandler methods in exceptionHandlingController
2018-03-31 21:13:33.381  INFO 16379 --- [           main] .m.m.a.ExceptionHandlerExceptionResolver : Detected @ExceptionHandler methods in repositoryRestExceptionHandler
2018-03-31 21:13:33.465  INFO 16379 --- [           main] o.s.w.s.handler.SimpleUrlHandlerMapping  : Mapped URL path [/**/favicon.ico] onto handler of type [class org.springframework.web.servlet.resource.ResourceHttpRequestHandler]
2018-03-31 21:13:33.515  WARN 16379 --- [           main] .t.AbstractTemplateResolverConfiguration : Cannot find template location: classpath:/templates/ (please add some templates or check your Thymeleaf configuration)
2018-03-31 21:13:33.668  INFO 16379 --- [           main] o.s.d.r.w.RepositoryRestHandlerAdapter   : Looking for @ControllerAdvice: org.springframework.web.context.support.GenericWebApplicationContext@78c4bea3: startup date [Sat Mar 31 21:13:31 EDT 2018]; root of context hierarchy
2018-03-31 21:13:33.704  INFO 16379 --- [           main] o.s.d.r.w.RepositoryRestHandlerMapping   : Mapped "{[/{repository}/{id}/{property}],methods=[GET],produces=[application/x-spring-data-compact+json || text/uri-list]}" onto public org.springframework.http.ResponseEntity<org.springframework.hateoas.ResourceSupport> org.springframework.data.rest.webmvc.RepositoryPropertyReferenceController.followPropertyReferenceCompact(org.springframework.data.rest.webmvc.RootResourceInformation,java.io.Serializable,java.lang.String,org.springframework.data.rest.webmvc.PersistentEntityResourceAssembler) throws java.lang.Exception
2018-03-31 21:13:33.704  INFO 16379 --- [           main] o.s.d.r.w.RepositoryRestHandlerMapping   : Mapped "{[/{repository}/{id}/{property}],methods=[PATCH || PUT || POST],consumes=[application/json || application/x-spring-data-compact+json || text/uri-list],produces=[application/hal+json || application/json]}" onto public org.springframework.http.ResponseEntity<? extends org.springframework.hateoas.ResourceSupport> org.springframework.data.rest.webmvc.RepositoryPropertyReferenceController.createPropertyReference(org.springframework.data.rest.webmvc.RootResourceInformation,org.springframework.http.HttpMethod,org.springframework.hateoas.Resources<java.lang.Object>,java.io.Serializable,java.lang.String) throws java.lang.Exception
2018-03-31 21:13:33.704  INFO 16379 --- [           main] o.s.d.r.w.RepositoryRestHandlerMapping   : Mapped "{[/{repository}/{id}/{property}/{propertyId}],methods=[DELETE],produces=[application/hal+json || application/json]}" onto public org.springframework.http.ResponseEntity<org.springframework.hateoas.ResourceSupport> org.springframework.data.rest.webmvc.RepositoryPropertyReferenceController.deletePropertyReferenceId(org.springframework.data.rest.webmvc.RootResourceInformation,java.io.Serializable,java.lang.String,java.lang.String) throws java.lang.Exception
2018-03-31 21:13:33.704  INFO 16379 --- [           main] o.s.d.r.w.RepositoryRestHandlerMapping   : Mapped "{[/{repository}/{id}/{property}/{propertyId}],methods=[GET],produces=[application/hal+json || application/json]}" onto public org.springframework.http.ResponseEntity<org.springframework.hateoas.ResourceSupport> org.springframework.data.rest.webmvc.RepositoryPropertyReferenceController.followPropertyReference(org.springframework.data.rest.webmvc.RootResourceInformation,java.io.Serializable,java.lang.String,java.lang.String,org.springframework.data.rest.webmvc.PersistentEntityResourceAssembler) throws java.lang.Exception
2018-03-31 21:13:33.704  INFO 16379 --- [           main] o.s.d.r.w.RepositoryRestHandlerMapping   : Mapped "{[/{repository}/{id}/{property}],methods=[GET],produces=[application/hal+json || application/json]}" onto public org.springframework.http.ResponseEntity<org.springframework.hateoas.ResourceSupport> org.springframework.data.rest.webmvc.RepositoryPropertyReferenceController.followPropertyReference(org.springframework.data.rest.webmvc.RootResourceInformation,java.io.Serializable,java.lang.String,org.springframework.data.rest.webmvc.PersistentEntityResourceAssembler) throws java.lang.Exception
2018-03-31 21:13:33.705  INFO 16379 --- [           main] o.s.d.r.w.RepositoryRestHandlerMapping   : Mapped "{[/{repository}/{id}/{property}],methods=[DELETE],produces=[application/hal+json || application/json]}" onto public org.springframework.http.ResponseEntity<? extends org.springframework.hateoas.ResourceSupport> org.springframework.data.rest.webmvc.RepositoryPropertyReferenceController.deletePropertyReference(org.springframework.data.rest.webmvc.RootResourceInformation,java.io.Serializable,java.lang.String) throws java.lang.Exception
2018-03-31 21:13:33.705  INFO 16379 --- [           main] o.s.d.r.w.RepositoryRestHandlerMapping   : Mapped "{[/{repository}/search/{search}],methods=[GET],produces=[application/hal+json || application/json]}" onto public org.springframework.http.ResponseEntity<?> org.springframework.data.rest.webmvc.RepositorySearchController.executeSearch(org.springframework.data.rest.webmvc.RootResourceInformation,org.springframework.util.MultiValueMap<java.lang.String, java.lang.Object>,java.lang.String,org.springframework.data.rest.webmvc.support.DefaultedPageable,org.springframework.data.domain.Sort,org.springframework.data.rest.webmvc.PersistentEntityResourceAssembler,org.springframework.http.HttpHeaders)
2018-03-31 21:13:33.706  INFO 16379 --- [           main] o.s.d.r.w.RepositoryRestHandlerMapping   : Mapped "{[/{repository}/search],methods=[OPTIONS],produces=[application/hal+json || application/json]}" onto public org.springframework.http.HttpEntity<?> org.springframework.data.rest.webmvc.RepositorySearchController.optionsForSearches(org.springframework.data.rest.webmvc.RootResourceInformation)
2018-03-31 21:13:33.706  INFO 16379 --- [           main] o.s.d.r.w.RepositoryRestHandlerMapping   : Mapped "{[/{repository}/search/{search}],methods=[GET],produces=[application/x-spring-data-compact+json]}" onto public org.springframework.hateoas.ResourceSupport org.springframework.data.rest.webmvc.RepositorySearchController.executeSearchCompact(org.springframework.data.rest.webmvc.RootResourceInformation,org.springframework.http.HttpHeaders,org.springframework.util.MultiValueMap<java.lang.String, java.lang.Object>,java.lang.String,java.lang.String,org.springframework.data.rest.webmvc.support.DefaultedPageable,org.springframework.data.domain.Sort,org.springframework.data.rest.webmvc.PersistentEntityResourceAssembler)
2018-03-31 21:13:33.706  INFO 16379 --- [           main] o.s.d.r.w.RepositoryRestHandlerMapping   : Mapped "{[/{repository}/search/{search}],methods=[OPTIONS],produces=[application/hal+json || application/json]}" onto public org.springframework.http.ResponseEntity<java.lang.Object> org.springframework.data.rest.webmvc.RepositorySearchController.optionsForSearch(org.springframework.data.rest.webmvc.RootResourceInformation,java.lang.String)
2018-03-31 21:13:33.706  INFO 16379 --- [           main] o.s.d.r.w.RepositoryRestHandlerMapping   : Mapped "{[/{repository}/search/{search}],methods=[HEAD],produces=[application/hal+json || application/json]}" onto public org.springframework.http.ResponseEntity<java.lang.Object> org.springframework.data.rest.webmvc.RepositorySearchController.headForSearch(org.springframework.data.rest.webmvc.RootResourceInformation,java.lang.String)
2018-03-31 21:13:33.706  INFO 16379 --- [           main] o.s.d.r.w.RepositoryRestHandlerMapping   : Mapped "{[/{repository}/search],methods=[GET],produces=[application/hal+json || application/json]}" onto public org.springframework.data.rest.webmvc.RepositorySearchesResource org.springframework.data.rest.webmvc.RepositorySearchController.listSearches(org.springframework.data.rest.webmvc.RootResourceInformation)
2018-03-31 21:13:33.706  INFO 16379 --- [           main] o.s.d.r.w.RepositoryRestHandlerMapping   : Mapped "{[/{repository}/search],methods=[HEAD],produces=[application/hal+json || application/json]}" onto public org.springframework.http.HttpEntity<?> org.springframework.data.rest.webmvc.RepositorySearchController.headForSearches(org.springframework.data.rest.webmvc.RootResourceInformation)
2018-03-31 21:13:33.707  INFO 16379 --- [           main] o.s.d.r.w.RepositoryRestHandlerMapping   : Mapped "{[/ || ],methods=[GET],produces=[application/hal+json || application/json]}" onto public org.springframework.http.HttpEntity<org.springframework.data.rest.webmvc.RepositoryLinksResource> org.springframework.data.rest.webmvc.RepositoryController.listRepositories()
2018-03-31 21:13:33.707  INFO 16379 --- [           main] o.s.d.r.w.RepositoryRestHandlerMapping   : Mapped "{[/ || ],methods=[OPTIONS],produces=[application/hal+json || application/json]}" onto public org.springframework.http.HttpEntity<?> org.springframework.data.rest.webmvc.RepositoryController.optionsForRepositories()
2018-03-31 21:13:33.707  INFO 16379 --- [           main] o.s.d.r.w.RepositoryRestHandlerMapping   : Mapped "{[/ || ],methods=[HEAD],produces=[application/hal+json || application/json]}" onto public org.springframework.http.ResponseEntity<?> org.springframework.data.rest.webmvc.RepositoryController.headForRepositories()
2018-03-31 21:13:33.708  INFO 16379 --- [           main] o.s.d.r.w.RepositoryRestHandlerMapping   : Mapped "{[/{repository}],methods=[OPTIONS],produces=[application/hal+json || application/json]}" onto public org.springframework.http.ResponseEntity<?> org.springframework.data.rest.webmvc.RepositoryEntityController.optionsForCollectionResource(org.springframework.data.rest.webmvc.RootResourceInformation)
2018-03-31 21:13:33.708  INFO 16379 --- [           main] o.s.d.r.w.RepositoryRestHandlerMapping   : Mapped "{[/{repository}],methods=[HEAD],produces=[application/hal+json || application/json]}" onto public org.springframework.http.ResponseEntity<?> org.springframework.data.rest.webmvc.RepositoryEntityController.headCollectionResource(org.springframework.data.rest.webmvc.RootResourceInformation,org.springframework.data.rest.webmvc.support.DefaultedPageable) throws org.springframework.web.HttpRequestMethodNotSupportedException
2018-03-31 21:13:33.708  INFO 16379 --- [           main] o.s.d.r.w.RepositoryRestHandlerMapping   : Mapped "{[/{repository}],methods=[GET],produces=[application/hal+json || application/json]}" onto public org.springframework.hateoas.Resources<?> org.springframework.data.rest.webmvc.RepositoryEntityController.getCollectionResource(org.springframework.data.rest.webmvc.RootResourceInformation,org.springframework.data.rest.webmvc.support.DefaultedPageable,org.springframework.data.domain.Sort,org.springframework.data.rest.webmvc.PersistentEntityResourceAssembler) throws org.springframework.data.rest.webmvc.ResourceNotFoundException,org.springframework.web.HttpRequestMethodNotSupportedException
2018-03-31 21:13:33.708  INFO 16379 --- [           main] o.s.d.r.w.RepositoryRestHandlerMapping   : Mapped "{[/{repository}],methods=[GET],produces=[application/x-spring-data-compact+json || text/uri-list]}" onto public org.springframework.hateoas.Resources<?> org.springframework.data.rest.webmvc.RepositoryEntityController.getCollectionResourceCompact(org.springframework.data.rest.webmvc.RootResourceInformation,org.springframework.data.rest.webmvc.support.DefaultedPageable,org.springframework.data.domain.Sort,org.springframework.data.rest.webmvc.PersistentEntityResourceAssembler) throws org.springframework.data.rest.webmvc.ResourceNotFoundException,org.springframework.web.HttpRequestMethodNotSupportedException
2018-03-31 21:13:33.709  INFO 16379 --- [           main] o.s.d.r.w.RepositoryRestHandlerMapping   : Mapped "{[/{repository}],methods=[POST],produces=[application/hal+json || application/json]}" onto public org.springframework.http.ResponseEntity<org.springframework.hateoas.ResourceSupport> org.springframework.data.rest.webmvc.RepositoryEntityController.postCollectionResource(org.springframework.data.rest.webmvc.RootResourceInformation,org.springframework.data.rest.webmvc.PersistentEntityResource,org.springframework.data.rest.webmvc.PersistentEntityResourceAssembler,java.lang.String) throws org.springframework.web.HttpRequestMethodNotSupportedException
2018-03-31 21:13:33.709  INFO 16379 --- [           main] o.s.d.r.w.RepositoryRestHandlerMapping   : Mapped "{[/{repository}/{id}],methods=[OPTIONS],produces=[application/hal+json || application/json]}" onto public org.springframework.http.ResponseEntity<?> org.springframework.data.rest.webmvc.RepositoryEntityController.optionsForItemResource(org.springframework.data.rest.webmvc.RootResourceInformation)
2018-03-31 21:13:33.709  INFO 16379 --- [           main] o.s.d.r.w.RepositoryRestHandlerMapping   : Mapped "{[/{repository}/{id}],methods=[HEAD],produces=[application/hal+json || application/json]}" onto public org.springframework.http.ResponseEntity<?> org.springframework.data.rest.webmvc.RepositoryEntityController.headForItemResource(org.springframework.data.rest.webmvc.RootResourceInformation,java.io.Serializable,org.springframework.data.rest.webmvc.PersistentEntityResourceAssembler) throws org.springframework.web.HttpRequestMethodNotSupportedException
2018-03-31 21:13:33.709  INFO 16379 --- [           main] o.s.d.r.w.RepositoryRestHandlerMapping   : Mapped "{[/{repository}/{id}],methods=[GET],produces=[application/hal+json || application/json]}" onto public org.springframework.http.ResponseEntity<org.springframework.hateoas.Resource<?>> org.springframework.data.rest.webmvc.RepositoryEntityController.getItemResource(org.springframework.data.rest.webmvc.RootResourceInformation,java.io.Serializable,org.springframework.data.rest.webmvc.PersistentEntityResourceAssembler,org.springframework.http.HttpHeaders) throws org.springframework.web.HttpRequestMethodNotSupportedException
2018-03-31 21:13:33.709  INFO 16379 --- [           main] o.s.d.r.w.RepositoryRestHandlerMapping   : Mapped "{[/{repository}/{id}],methods=[PUT],produces=[application/hal+json || application/json]}" onto public org.springframework.http.ResponseEntity<? extends org.springframework.hateoas.ResourceSupport> org.springframework.data.rest.webmvc.RepositoryEntityController.putItemResource(org.springframework.data.rest.webmvc.RootResourceInformation,org.springframework.data.rest.webmvc.PersistentEntityResource,java.io.Serializable,org.springframework.data.rest.webmvc.PersistentEntityResourceAssembler,org.springframework.data.rest.webmvc.support.ETag,java.lang.String) throws org.springframework.web.HttpRequestMethodNotSupportedException
2018-03-31 21:13:33.709  INFO 16379 --- [           main] o.s.d.r.w.RepositoryRestHandlerMapping   : Mapped "{[/{repository}/{id}],methods=[PATCH],produces=[application/hal+json || application/json]}" onto public org.springframework.http.ResponseEntity<org.springframework.hateoas.ResourceSupport> org.springframework.data.rest.webmvc.RepositoryEntityController.patchItemResource(org.springframework.data.rest.webmvc.RootResourceInformation,org.springframework.data.rest.webmvc.PersistentEntityResource,java.io.Serializable,org.springframework.data.rest.webmvc.PersistentEntityResourceAssembler,org.springframework.data.rest.webmvc.support.ETag,java.lang.String) throws org.springframework.web.HttpRequestMethodNotSupportedException,org.springframework.data.rest.webmvc.ResourceNotFoundException
2018-03-31 21:13:33.709  INFO 16379 --- [           main] o.s.d.r.w.RepositoryRestHandlerMapping   : Mapped "{[/{repository}/{id}],methods=[DELETE],produces=[application/hal+json || application/json]}" onto public org.springframework.http.ResponseEntity<?> org.springframework.data.rest.webmvc.RepositoryEntityController.deleteItemResource(org.springframework.data.rest.webmvc.RootResourceInformation,java.io.Serializable,org.springframework.data.rest.webmvc.support.ETag) throws org.springframework.data.rest.webmvc.ResourceNotFoundException,org.springframework.web.HttpRequestMethodNotSupportedException
2018-03-31 21:13:33.714  INFO 16379 --- [           main] o.s.d.r.w.BasePathAwareHandlerMapping    : Mapped "{[/profile/{repository}],methods=[OPTIONS],produces=[application/alps+json]}" onto org.springframework.http.HttpEntity<?> org.springframework.data.rest.webmvc.alps.AlpsController.alpsOptions()
2018-03-31 21:13:33.715  INFO 16379 --- [           main] o.s.d.r.w.BasePathAwareHandlerMapping    : Mapped "{[/profile/{repository}],methods=[GET],produces=[application/alps+json || */*]}" onto org.springframework.http.HttpEntity<org.springframework.data.rest.webmvc.RootResourceInformation> org.springframework.data.rest.webmvc.alps.AlpsController.descriptor(org.springframework.data.rest.webmvc.RootResourceInformation)
2018-03-31 21:13:33.716  INFO 16379 --- [           main] o.s.d.r.w.BasePathAwareHandlerMapping    : Mapped "{[/profile/{repository}],methods=[GET],produces=[application/schema+json]}" onto public org.springframework.http.HttpEntity<org.springframework.data.rest.webmvc.json.JsonSchema> org.springframework.data.rest.webmvc.RepositorySchemaController.schema(org.springframework.data.rest.webmvc.RootResourceInformation)
2018-03-31 21:13:33.718  INFO 16379 --- [           main] o.s.d.r.w.BasePathAwareHandlerMapping    : Mapped "{[/profile],methods=[OPTIONS]}" onto public org.springframework.http.HttpEntity<?> org.springframework.data.rest.webmvc.ProfileController.profileOptions()
2018-03-31 21:13:33.718  INFO 16379 --- [           main] o.s.d.r.w.BasePathAwareHandlerMapping    : Mapped "{[/profile],methods=[GET]}" onto org.springframework.http.HttpEntity<org.springframework.hateoas.ResourceSupport> org.springframework.data.rest.webmvc.ProfileController.listAllFormsOfMetadata()
2018-03-31 21:13:33.922  INFO 16379 --- [           main] o.h.h.i.QueryTranslatorFactoryInitiator  : HHH000397: Using ASTQueryTranslatorFactory
2018-03-31 21:13:34.027  INFO 16379 --- [           main] edu.harvard.h2ms.web.init.OAuthTest      : Started OAuthTest in 2.901 seconds (JVM running for 28.596)
2018-03-31 21:13:34.035  INFO 16379 --- [           main] o.s.b.t.m.w.SpringBootMockServletContext : Initializing Spring FrameworkServlet ''
2018-03-31 21:13:34.035  INFO 16379 --- [           main] o.s.t.web.servlet.TestDispatcherServlet  : FrameworkServlet '': initialization started
2018-03-31 21:13:34.059  INFO 16379 --- [           main] o.s.t.web.servlet.TestDispatcherServlet  : FrameworkServlet '': initialization completed in 24 ms
4a25908a-4bbe-4486-9c9f-abd8384f0f68
2018-03-31 21:13:34.302  INFO 16379 --- [           main] o.s.w.c.s.GenericWebApplicationContext   : Closing org.springframework.web.context.support.GenericWebApplicationContext@78c4bea3: startup date [Sat Mar 31 21:13:31 EDT 2018]; root of context hierarchy
2018-03-31 21:13:34.306  INFO 16379 --- [           main] j.LocalContainerEntityManagerFactoryBean : Closing JPA EntityManagerFactory for persistence unit 'default'
2018-03-31 21:13:34.306  INFO 16379 --- [           main] org.hibernate.tool.hbm2ddl.SchemaExport  : HHH000227: Running hbm2ddl schema export
2018-03-31 21:13:34.310  INFO 16379 --- [           main] org.hibernate.tool.hbm2ddl.SchemaExport  : HHH000230: Schema export complete
Tests run: 2, Failures: 0, Errors: 0, Skipped: 0, Time elapsed: 6.42 sec - in edu.harvard.h2ms.web.init.OAuthTest
Running edu.harvard.h2ms.web.init.H2MSRestAppInitializerTests
2018-03-31 21:13:34.313  INFO 16379 --- [           main] .b.t.c.SpringBootTestContextBootstrapper : Neither @ContextConfiguration nor @ContextHierarchy found for test class [edu.harvard.h2ms.web.init.H2MSRestAppInitializerTests], using SpringBootContextLoader
2018-03-31 21:13:34.314  INFO 16379 --- [           main] o.s.t.c.support.AbstractContextLoader    : Could not detect default resource locations for test class [edu.harvard.h2ms.web.init.H2MSRestAppInitializerTests]: no resource found for suffixes {-context.xml, Context.groovy}.
2018-03-31 21:13:34.314  INFO 16379 --- [           main] t.c.s.AnnotationConfigContextLoaderUtils : Could not detect default configuration classes for test class [edu.harvard.h2ms.web.init.H2MSRestAppInitializerTests]: H2MSRestAppInitializerTests does not declare any static, non-private, non-final, nested classes annotated with @Configuration.
2018-03-31 21:13:34.318  INFO 16379 --- [           main] .b.t.c.SpringBootTestContextBootstrapper : Found @SpringBootConfiguration edu.harvard.h2ms.H2MSRestAppInitializer for test class edu.harvard.h2ms.web.init.H2MSRestAppInitializerTests
2018-03-31 21:13:34.319  INFO 16379 --- [           main] .b.t.c.SpringBootTestContextBootstrapper : Loaded default TestExecutionListener class names from location [META-INF/spring.factories]: [org.springframework.boot.test.mock.mockito.MockitoTestExecutionListener, org.springframework.boot.test.mock.mockito.ResetMocksTestExecutionListener, org.springframework.boot.test.autoconfigure.restdocs.RestDocsTestExecutionListener, org.springframework.boot.test.autoconfigure.web.client.MockRestServiceServerResetTestExecutionListener, org.springframework.boot.test.autoconfigure.web.servlet.MockMvcPrintOnlyOnFailureTestExecutionListener, org.springframework.boot.test.autoconfigure.web.servlet.WebDriverTestExecutionListener, org.springframework.test.context.web.ServletTestExecutionListener, org.springframework.test.context.support.DirtiesContextBeforeModesTestExecutionListener, org.springframework.test.context.support.DependencyInjectionTestExecutionListener, org.springframework.test.context.support.DirtiesContextTestExecutionListener, org.springframework.test.context.transaction.TransactionalTestExecutionListener, org.springframework.test.context.jdbc.SqlScriptsTestExecutionListener, org.springframework.security.test.context.support.WithSecurityContextTestExecutionListener]
2018-03-31 21:13:34.322  INFO 16379 --- [           main] .b.t.c.SpringBootTestContextBootstrapper : Using TestExecutionListeners: [org.springframework.test.context.web.ServletTestExecutionListener@461c6f, org.springframework.test.context.support.DirtiesContextBeforeModesTestExecutionListener@7b69204f, org.springframework.boot.test.autoconfigure.SpringBootDependencyInjectionTestExecutionListener@6628b1ac, org.springframework.test.context.support.DirtiesContextTestExecutionListener@6b19f4b8, org.springframework.test.context.transaction.TransactionalTestExecutionListener@5b0c28d0, org.springframework.test.context.jdbc.SqlScriptsTestExecutionListener@69d510a6, org.springframework.security.test.context.support.WithSecurityContextTestExecutionListener@4a5379e1, org.springframework.boot.test.mock.mockito.MockitoTestExecutionListener@6ecbe827, org.springframework.boot.test.mock.mockito.ResetMocksTestExecutionListener@54bb1786, org.springframework.boot.test.autoconfigure.restdocs.RestDocsTestExecutionListener@15aa7d97, org.springframework.boot.test.autoconfigure.web.client.MockRestServiceServerResetTestExecutionListener@446782b2, org.springframework.boot.test.autoconfigure.web.servlet.MockMvcPrintOnlyOnFailureTestExecutionListener@755cc0c9, org.springframework.boot.test.autoconfigure.web.servlet.WebDriverTestExecutionListener@7957eec3]

  .   ____          _            __ _ _
 /\\ / ___'_ __ _ _(_)_ __  __ _ \ \ \ \
( ( )\___ | '_ | '_| | '_ \/ _` | \ \ \ \
 \\/  ___)| |_)| | | | | || (_| |  ) ) ) )
  '  |____| .__|_| |_|_| |_\__, | / / / /
 =========|_|==============|___/=/_/_/_/
 :: Spring Boot ::       (v1.5.10.RELEASE)

2018-03-31 21:13:34.369  INFO 16379 --- [           main] e.h.h.w.i.H2MSRestAppInitializerTests    : Starting H2MSRestAppInitializerTests on ancient.bitbin.de with PID 16379 (started by stbenjam in /home/stbenjam/git/h2ms)
2018-03-31 21:13:34.369  INFO 16379 --- [           main] e.h.h.w.i.H2MSRestAppInitializerTests    : No active profile set, falling back to default profiles: default
2018-03-31 21:13:34.371  INFO 16379 --- [           main] o.s.w.c.s.GenericWebApplicationContext   : Refreshing org.springframework.web.context.support.GenericWebApplicationContext@392c9283: startup date [Sat Mar 31 21:13:34 EDT 2018]; root of context hierarchy
2018-03-31 21:13:34.417  INFO 16379 --- [           main] o.s.c.a.ConfigurationClassParser         : Properties location [classpath:mailserver.properties] not resolvable: class path resource [mailserver.properties] cannot be opened because it does not exist
2018-03-31 21:13:34.612  INFO 16379 --- [           main] o.s.b.f.s.DefaultListableBeanFactory     : Overriding bean definition for bean 'httpRequestHandlerAdapter' with a different definition: replacing [Root bean: class [null]; scope=; abstract=false; lazyInit=false; autowireMode=3; dependencyCheck=0; autowireCandidate=true; primary=false; factoryBeanName=org.springframework.boot.autoconfigure.web.WebMvcAutoConfiguration$EnableWebMvcConfiguration; factoryMethodName=httpRequestHandlerAdapter; initMethodName=null; destroyMethodName=(inferred); defined in class path resource [org/springframework/boot/autoconfigure/web/WebMvcAutoConfiguration$EnableWebMvcConfiguration.class]] with [Root bean: class [null]; scope=; abstract=false; lazyInit=false; autowireMode=3; dependencyCheck=0; autowireCandidate=true; primary=false; factoryBeanName=org.springframework.data.rest.webmvc.config.RepositoryRestMvcConfiguration; factoryMethodName=httpRequestHandlerAdapter; initMethodName=null; destroyMethodName=(inferred); defined in class path resource [org/springframework/data/rest/webmvc/config/RepositoryRestMvcConfiguration.class]]
2018-03-31 21:13:34.718  INFO 16379 --- [           main] trationDelegate$BeanPostProcessorChecker : Bean 'org.springframework.transaction.annotation.ProxyTransactionManagementConfiguration' of type [org.springframework.transaction.annotation.ProxyTransactionManagementConfiguration$$EnhancerBySpringCGLIB$$225ecc1d] is not eligible for getting processed by all BeanPostProcessors (for example: not eligible for auto-proxying)
2018-03-31 21:13:34.742  INFO 16379 --- [           main] trationDelegate$BeanPostProcessorChecker : Bean 'org.springframework.security.config.annotation.configuration.ObjectPostProcessorConfiguration' of type [org.springframework.security.config.annotation.configuration.ObjectPostProcessorConfiguration$$EnhancerBySpringCGLIB$$bb0c9457] is not eligible for getting processed by all BeanPostProcessors (for example: not eligible for auto-proxying)
2018-03-31 21:13:34.746  INFO 16379 --- [           main] trationDelegate$BeanPostProcessorChecker : Bean 'objectPostProcessor' of type [org.springframework.security.config.annotation.configuration.AutowireBeanFactoryObjectPostProcessor] is not eligible for getting processed by all BeanPostProcessors (for example: not eligible for auto-proxying)
2018-03-31 21:13:34.747  INFO 16379 --- [           main] trationDelegate$BeanPostProcessorChecker : Bean 'org.springframework.security.access.expression.method.DefaultMethodSecurityExpressionHandler@20286a6b' of type [org.springframework.security.oauth2.provider.expression.OAuth2MethodSecurityExpressionHandler] is not eligible for getting processed by all BeanPostProcessors (for example: not eligible for auto-proxying)
2018-03-31 21:13:34.757  INFO 16379 --- [           main] trationDelegate$BeanPostProcessorChecker : Bean 'org.springframework.security.config.annotation.method.configuration.GlobalMethodSecurityConfiguration' of type [org.springframework.security.config.annotation.method.configuration.GlobalMethodSecurityConfiguration$$EnhancerBySpringCGLIB$$dfe13709] is not eligible for getting processed by all BeanPostProcessors (for example: not eligible for auto-proxying)
2018-03-31 21:13:34.764  INFO 16379 --- [           main] trationDelegate$BeanPostProcessorChecker : Bean 'methodSecurityMetadataSource' of type [org.springframework.security.access.method.DelegatingMethodSecurityMetadataSource] is not eligible for getting processed by all BeanPostProcessors (for example: not eligible for auto-proxying)
2018-03-31 21:13:34.790  INFO 16379 --- [           main] trationDelegate$BeanPostProcessorChecker : Bean 'security.oauth2.client-org.springframework.boot.autoconfigure.security.oauth2.OAuth2ClientProperties' of type [org.springframework.boot.autoconfigure.security.oauth2.OAuth2ClientProperties] is not eligible for getting processed by all BeanPostProcessors (for example: not eligible for auto-proxying)
2018-03-31 21:13:34.792  INFO 16379 --- [           main] trationDelegate$BeanPostProcessorChecker : Bean 'org.springframework.boot.autoconfigure.security.oauth2.OAuth2AutoConfiguration' of type [org.springframework.boot.autoconfigure.security.oauth2.OAuth2AutoConfiguration$$EnhancerBySpringCGLIB$$d9a8881d] is not eligible for getting processed by all BeanPostProcessors (for example: not eligible for auto-proxying)
2018-03-31 21:13:34.810  INFO 16379 --- [           main] trationDelegate$BeanPostProcessorChecker : Bean 'resourceServerProperties' of type [org.springframework.boot.autoconfigure.security.oauth2.resource.ResourceServerProperties] is not eligible for getting processed by all BeanPostProcessors (for example: not eligible for auto-proxying)
2018-03-31 21:13:34.973  INFO 16379 --- [           main] j.LocalContainerEntityManagerFactoryBean : Building JPA container EntityManagerFactory for persistence unit 'default'
2018-03-31 21:13:34.973  INFO 16379 --- [           main] o.hibernate.jpa.internal.util.LogHelper  : HHH000204: Processing PersistenceUnitInfo [
	name: default
	...]
2018-03-31 21:13:34.979  INFO 16379 --- [           main] org.hibernate.dialect.Dialect            : HHH000400: Using dialect: org.hibernate.dialect.H2Dialect
2018-03-31 21:13:35.059  INFO 16379 --- [           main] org.hibernate.tool.hbm2ddl.SchemaExport  : HHH000227: Running hbm2ddl schema export
2018-03-31 21:13:35.070  INFO 16379 --- [           main] org.hibernate.tool.hbm2ddl.SchemaExport  : HHH000230: Schema export complete
2018-03-31 21:13:35.076  WARN 16379 --- [           main] o.h.j.i.EntityManagerFactoryRegistry     : HHH000436: Entity manager factory name (default) is already registered.  If entity manager will be clustered or passivated, specify a unique value for property 'hibernate.ejb.entitymanager_factory_name'
2018-03-31 21:13:35.077  INFO 16379 --- [           main] j.LocalContainerEntityManagerFactoryBean : Initialized JPA EntityManagerFactory for persistence unit 'default'
2018-03-31 21:13:35.809  INFO 16379 --- [           main] .s.o.p.e.FrameworkEndpointHandlerMapping : Mapped "{[/oauth/authorize]}" onto public org.springframework.web.servlet.ModelAndView org.springframework.security.oauth2.provider.endpoint.AuthorizationEndpoint.authorize(java.util.Map<java.lang.String, java.lang.Object>,java.util.Map<java.lang.String, java.lang.String>,org.springframework.web.bind.support.SessionStatus,java.security.Principal)
2018-03-31 21:13:35.809  INFO 16379 --- [           main] .s.o.p.e.FrameworkEndpointHandlerMapping : Mapped "{[/oauth/authorize],methods=[POST],params=[user_oauth_approval]}" onto public org.springframework.web.servlet.View org.springframework.security.oauth2.provider.endpoint.AuthorizationEndpoint.approveOrDeny(java.util.Map<java.lang.String, java.lang.String>,java.util.Map<java.lang.String, ?>,org.springframework.web.bind.support.SessionStatus,java.security.Principal)
2018-03-31 21:13:35.809  INFO 16379 --- [           main] .s.o.p.e.FrameworkEndpointHandlerMapping : Mapped "{[/oauth/token],methods=[POST]}" onto public org.springframework.http.ResponseEntity<org.springframework.security.oauth2.common.OAuth2AccessToken> org.springframework.security.oauth2.provider.endpoint.TokenEndpoint.postAccessToken(java.security.Principal,java.util.Map<java.lang.String, java.lang.String>) throws org.springframework.web.HttpRequestMethodNotSupportedException
2018-03-31 21:13:35.809  INFO 16379 --- [           main] .s.o.p.e.FrameworkEndpointHandlerMapping : Mapped "{[/oauth/token],methods=[GET]}" onto public org.springframework.http.ResponseEntity<org.springframework.security.oauth2.common.OAuth2AccessToken> org.springframework.security.oauth2.provider.endpoint.TokenEndpoint.getAccessToken(java.security.Principal,java.util.Map<java.lang.String, java.lang.String>) throws org.springframework.web.HttpRequestMethodNotSupportedException
2018-03-31 21:13:35.810  INFO 16379 --- [           main] .s.o.p.e.FrameworkEndpointHandlerMapping : Mapped "{[/oauth/check_token]}" onto public java.util.Map<java.lang.String, ?> org.springframework.security.oauth2.provider.endpoint.CheckTokenEndpoint.checkToken(java.lang.String)
2018-03-31 21:13:35.810  INFO 16379 --- [           main] .s.o.p.e.FrameworkEndpointHandlerMapping : Mapped "{[/oauth/confirm_access]}" onto public org.springframework.web.servlet.ModelAndView org.springframework.security.oauth2.provider.endpoint.WhitelabelApprovalEndpoint.getAccessConfirmation(java.util.Map<java.lang.String, java.lang.Object>,javax.servlet.http.HttpServletRequest) throws java.lang.Exception
2018-03-31 21:13:35.810  INFO 16379 --- [           main] .s.o.p.e.FrameworkEndpointHandlerMapping : Mapped "{[/oauth/error]}" onto public org.springframework.web.servlet.ModelAndView org.springframework.security.oauth2.provider.endpoint.WhitelabelErrorEndpoint.handleError(javax.servlet.http.HttpServletRequest)
2018-03-31 21:13:36.005  INFO 16379 --- [           main] o.s.s.web.DefaultSecurityFilterChain     : Creating filter chain: Ant [pattern='/'], []
2018-03-31 21:13:36.005  INFO 16379 --- [           main] o.s.s.web.DefaultSecurityFilterChain     : Creating filter chain: Ant [pattern='/login'], []
2018-03-31 21:13:36.005  INFO 16379 --- [           main] o.s.s.web.DefaultSecurityFilterChain     : Creating filter chain: Ant [pattern='/webjars/**'], []
2018-03-31 21:13:36.005  INFO 16379 --- [           main] o.s.s.web.DefaultSecurityFilterChain     : Creating filter chain: Ant [pattern='/api/passwords/**'], []
2018-03-31 21:13:36.005  INFO 16379 --- [           main] o.s.s.web.DefaultSecurityFilterChain     : Creating filter chain: Ant [pattern='/swagger-resources'], []
2018-03-31 21:13:36.005  INFO 16379 --- [           main] o.s.s.web.DefaultSecurityFilterChain     : Creating filter chain: Ant [pattern='/swagger-resources/**'], []
2018-03-31 21:13:36.005  INFO 16379 --- [           main] o.s.s.web.DefaultSecurityFilterChain     : Creating filter chain: Ant [pattern='/swagger-ui.html'], []
2018-03-31 21:13:36.005  INFO 16379 --- [           main] o.s.s.web.DefaultSecurityFilterChain     : Creating filter chain: Ant [pattern='/v2/api-docs'], []
2018-03-31 21:13:36.005  INFO 16379 --- [           main] o.s.s.web.DefaultSecurityFilterChain     : Creating filter chain: Ant [pattern='/**', OPTIONS], []
2018-03-31 21:13:36.063  INFO 16379 --- [           main] o.s.s.web.DefaultSecurityFilterChain     : Creating filter chain: OrRequestMatcher [requestMatchers=[Ant [pattern='/oauth/token'], Ant [pattern='/oauth/token_key'], Ant [pattern='/oauth/check_token']]], [org.springframework.security.web.context.request.async.WebAsyncManagerIntegrationFilter@66b34e9a, org.springframework.security.web.context.SecurityContextPersistenceFilter@1e1df33a, org.springframework.security.web.header.HeaderWriterFilter@487d0a60, org.springframework.security.web.authentication.logout.LogoutFilter@6009b817, org.springframework.security.web.authentication.www.BasicAuthenticationFilter@390cd91e, org.springframework.security.web.savedrequest.RequestCacheAwareFilter@4201ca80, org.springframework.security.web.servletapi.SecurityContextHolderAwareRequestFilter@628fe6aa, org.springframework.security.web.authentication.AnonymousAuthenticationFilter@6452533b, org.springframework.security.web.session.SessionManagementFilter@ab116aa, org.springframework.security.web.access.ExceptionTranslationFilter@5f506203, org.springframework.security.web.access.intercept.FilterSecurityInterceptor@6d549137]
2018-03-31 21:13:36.085  INFO 16379 --- [           main] o.s.s.web.DefaultSecurityFilterChain     : Creating filter chain: org.springframework.security.oauth2.config.annotation.web.configuration.ResourceServerConfiguration$NotOAuthRequestMatcher@60050ce6, [org.springframework.security.web.context.request.async.WebAsyncManagerIntegrationFilter@7f9d2cfc, org.springframework.security.web.context.SecurityContextPersistenceFilter@44457c4d, org.springframework.security.web.header.HeaderWriterFilter@46ff2f8f, org.springframework.security.web.authentication.logout.LogoutFilter@379f1d78, org.springframework.security.oauth2.provider.authentication.OAuth2AuthenticationProcessingFilter@8a84905, org.springframework.security.web.savedrequest.RequestCacheAwareFilter@18d55130, org.springframework.security.web.servletapi.SecurityContextHolderAwareRequestFilter@276996f2, org.springframework.security.web.authentication.AnonymousAuthenticationFilter@8fdff8a, org.springframework.security.web.session.SessionManagementFilter@64ae891e, org.springframework.security.web.access.ExceptionTranslationFilter@7804990c, org.springframework.security.web.access.intercept.FilterSecurityInterceptor@2a2f88c7]
2018-03-31 21:13:36.088  INFO 16379 --- [           main] o.s.s.web.DefaultSecurityFilterChain     : Creating filter chain: org.springframework.security.web.util.matcher.AnyRequestMatcher@1, [org.springframework.security.web.access.intercept.FilterSecurityInterceptor@28502e11]
2018-03-31 21:13:36.288  INFO 16379 --- [           main] s.w.s.m.m.a.RequestMappingHandlerAdapter : Looking for @ControllerAdvice: org.springframework.web.context.support.GenericWebApplicationContext@392c9283: startup date [Sat Mar 31 21:13:34 EDT 2018]; root of context hierarchy
2018-03-31 21:13:36.338  INFO 16379 --- [           main] s.w.s.m.m.a.RequestMappingHandlerMapping : Mapped "{[/events/count/{timeframe}],methods=[GET]}" onto public org.springframework.http.ResponseEntity<?> edu.harvard.h2ms.web.controller.EventController.findEventCountByTimeframe(java.lang.String)
2018-03-31 21:13:36.338  INFO 16379 --- [           main] s.w.s.m.m.a.RequestMappingHandlerMapping : Mapped "{[/events/compliance/{questionId}/{timeframe}],methods=[GET]}" onto public org.springframework.http.ResponseEntity<?> edu.harvard.h2ms.web.controller.EventController.findComplianceByTimeframe(java.lang.String,java.lang.Long)
2018-03-31 21:13:36.339  INFO 16379 --- [           main] s.w.s.m.m.a.RequestMappingHandlerMapping : Mapped "{[/api/passwords/reset/{email:.+}],methods=[GET]}" onto public org.springframework.http.ResponseEntity<java.lang.Object> edu.harvard.h2ms.web.controller.PasswordController.getPasswordResetToken(java.lang.String)
2018-03-31 21:13:36.339  INFO 16379 --- [           main] s.w.s.m.m.a.RequestMappingHandlerMapping : Mapped "{[/api/passwords/reset/token],methods=[POST]}" onto public org.springframework.http.ResponseEntity<java.lang.Object> edu.harvard.h2ms.web.controller.PasswordController.resetPasswordViaToken(java.util.Map<java.lang.String, java.lang.String>)
2018-03-31 21:13:36.339  INFO 16379 --- [           main] s.w.s.m.m.a.RequestMappingHandlerMapping : Mapped "{[/users/avgWashed],methods=[GET]}" onto public java.util.Map<java.lang.String, java.lang.Double> edu.harvard.h2ms.web.controller.UserController.findAvgWashCompliance()
2018-03-31 21:13:36.340  INFO 16379 --- [           main] s.w.s.m.m.a.RequestMappingHandlerMapping : Mapped "{[/error],produces=[text/html]}" onto public org.springframework.web.servlet.ModelAndView org.springframework.boot.autoconfigure.web.BasicErrorController.errorHtml(javax.servlet.http.HttpServletRequest,javax.servlet.http.HttpServletResponse)
2018-03-31 21:13:36.341  INFO 16379 --- [           main] s.w.s.m.m.a.RequestMappingHandlerMapping : Mapped "{[/error]}" onto public org.springframework.http.ResponseEntity<java.util.Map<java.lang.String, java.lang.Object>> org.springframework.boot.autoconfigure.web.BasicErrorController.error(javax.servlet.http.HttpServletRequest)
2018-03-31 21:13:36.407  INFO 16379 --- [           main] o.s.w.s.handler.SimpleUrlHandlerMapping  : Mapped URL path [/webjars/**] onto handler of type [class org.springframework.web.servlet.resource.ResourceHttpRequestHandler]
2018-03-31 21:13:36.407  INFO 16379 --- [           main] o.s.w.s.handler.SimpleUrlHandlerMapping  : Mapped URL path [/**] onto handler of type [class org.springframework.web.servlet.resource.ResourceHttpRequestHandler]
2018-03-31 21:13:36.426  INFO 16379 --- [           main] .m.m.a.ExceptionHandlerExceptionResolver : Detected @ExceptionHandler methods in exceptionHandlingController
2018-03-31 21:13:36.426  INFO 16379 --- [           main] .m.m.a.ExceptionHandlerExceptionResolver : Detected @ExceptionHandler methods in repositoryRestExceptionHandler
2018-03-31 21:13:36.507  INFO 16379 --- [           main] o.s.w.s.handler.SimpleUrlHandlerMapping  : Mapped URL path [/**/favicon.ico] onto handler of type [class org.springframework.web.servlet.resource.ResourceHttpRequestHandler]
2018-03-31 21:13:36.556  WARN 16379 --- [           main] .t.AbstractTemplateResolverConfiguration : Cannot find template location: classpath:/templates/ (please add some templates or check your Thymeleaf configuration)
2018-03-31 21:13:36.700  INFO 16379 --- [           main] o.s.d.r.w.RepositoryRestHandlerAdapter   : Looking for @ControllerAdvice: org.springframework.web.context.support.GenericWebApplicationContext@392c9283: startup date [Sat Mar 31 21:13:34 EDT 2018]; root of context hierarchy
2018-03-31 21:13:36.739  INFO 16379 --- [           main] o.s.d.r.w.RepositoryRestHandlerMapping   : Mapped "{[/{repository}/{id}/{property}],methods=[GET],produces=[application/x-spring-data-compact+json || text/uri-list]}" onto public org.springframework.http.ResponseEntity<org.springframework.hateoas.ResourceSupport> org.springframework.data.rest.webmvc.RepositoryPropertyReferenceController.followPropertyReferenceCompact(org.springframework.data.rest.webmvc.RootResourceInformation,java.io.Serializable,java.lang.String,org.springframework.data.rest.webmvc.PersistentEntityResourceAssembler) throws java.lang.Exception
2018-03-31 21:13:36.740  INFO 16379 --- [           main] o.s.d.r.w.RepositoryRestHandlerMapping   : Mapped "{[/{repository}/{id}/{property}],methods=[PATCH || PUT || POST],consumes=[application/json || application/x-spring-data-compact+json || text/uri-list],produces=[application/hal+json || application/json]}" onto public org.springframework.http.ResponseEntity<? extends org.springframework.hateoas.ResourceSupport> org.springframework.data.rest.webmvc.RepositoryPropertyReferenceController.createPropertyReference(org.springframework.data.rest.webmvc.RootResourceInformation,org.springframework.http.HttpMethod,org.springframework.hateoas.Resources<java.lang.Object>,java.io.Serializable,java.lang.String) throws java.lang.Exception
2018-03-31 21:13:36.740  INFO 16379 --- [           main] o.s.d.r.w.RepositoryRestHandlerMapping   : Mapped "{[/{repository}/{id}/{property}/{propertyId}],methods=[DELETE],produces=[application/hal+json || application/json]}" onto public org.springframework.http.ResponseEntity<org.springframework.hateoas.ResourceSupport> org.springframework.data.rest.webmvc.RepositoryPropertyReferenceController.deletePropertyReferenceId(org.springframework.data.rest.webmvc.RootResourceInformation,java.io.Serializable,java.lang.String,java.lang.String) throws java.lang.Exception
2018-03-31 21:13:36.740  INFO 16379 --- [           main] o.s.d.r.w.RepositoryRestHandlerMapping   : Mapped "{[/{repository}/{id}/{property}/{propertyId}],methods=[GET],produces=[application/hal+json || application/json]}" onto public org.springframework.http.ResponseEntity<org.springframework.hateoas.ResourceSupport> org.springframework.data.rest.webmvc.RepositoryPropertyReferenceController.followPropertyReference(org.springframework.data.rest.webmvc.RootResourceInformation,java.io.Serializable,java.lang.String,java.lang.String,org.springframework.data.rest.webmvc.PersistentEntityResourceAssembler) throws java.lang.Exception
2018-03-31 21:13:36.740  INFO 16379 --- [           main] o.s.d.r.w.RepositoryRestHandlerMapping   : Mapped "{[/{repository}/{id}/{property}],methods=[GET],produces=[application/hal+json || application/json]}" onto public org.springframework.http.ResponseEntity<org.springframework.hateoas.ResourceSupport> org.springframework.data.rest.webmvc.RepositoryPropertyReferenceController.followPropertyReference(org.springframework.data.rest.webmvc.RootResourceInformation,java.io.Serializable,java.lang.String,org.springframework.data.rest.webmvc.PersistentEntityResourceAssembler) throws java.lang.Exception
2018-03-31 21:13:36.740  INFO 16379 --- [           main] o.s.d.r.w.RepositoryRestHandlerMapping   : Mapped "{[/{repository}/{id}/{property}],methods=[DELETE],produces=[application/hal+json || application/json]}" onto public org.springframework.http.ResponseEntity<? extends org.springframework.hateoas.ResourceSupport> org.springframework.data.rest.webmvc.RepositoryPropertyReferenceController.deletePropertyReference(org.springframework.data.rest.webmvc.RootResourceInformation,java.io.Serializable,java.lang.String) throws java.lang.Exception
2018-03-31 21:13:36.741  INFO 16379 --- [           main] o.s.d.r.w.RepositoryRestHandlerMapping   : Mapped "{[/{repository}/search/{search}],methods=[GET],produces=[application/hal+json || application/json]}" onto public org.springframework.http.ResponseEntity<?> org.springframework.data.rest.webmvc.RepositorySearchController.executeSearch(org.springframework.data.rest.webmvc.RootResourceInformation,org.springframework.util.MultiValueMap<java.lang.String, java.lang.Object>,java.lang.String,org.springframework.data.rest.webmvc.support.DefaultedPageable,org.springframework.data.domain.Sort,org.springframework.data.rest.webmvc.PersistentEntityResourceAssembler,org.springframework.http.HttpHeaders)
2018-03-31 21:13:36.741  INFO 16379 --- [           main] o.s.d.r.w.RepositoryRestHandlerMapping   : Mapped "{[/{repository}/search],methods=[OPTIONS],produces=[application/hal+json || application/json]}" onto public org.springframework.http.HttpEntity<?> org.springframework.data.rest.webmvc.RepositorySearchController.optionsForSearches(org.springframework.data.rest.webmvc.RootResourceInformation)
2018-03-31 21:13:36.741  INFO 16379 --- [           main] o.s.d.r.w.RepositoryRestHandlerMapping   : Mapped "{[/{repository}/search/{search}],methods=[GET],produces=[application/x-spring-data-compact+json]}" onto public org.springframework.hateoas.ResourceSupport org.springframework.data.rest.webmvc.RepositorySearchController.executeSearchCompact(org.springframework.data.rest.webmvc.RootResourceInformation,org.springframework.http.HttpHeaders,org.springframework.util.MultiValueMap<java.lang.String, java.lang.Object>,java.lang.String,java.lang.String,org.springframework.data.rest.webmvc.support.DefaultedPageable,org.springframework.data.domain.Sort,org.springframework.data.rest.webmvc.PersistentEntityResourceAssembler)
2018-03-31 21:13:36.742  INFO 16379 --- [           main] o.s.d.r.w.RepositoryRestHandlerMapping   : Mapped "{[/{repository}/search/{search}],methods=[OPTIONS],produces=[application/hal+json || application/json]}" onto public org.springframework.http.ResponseEntity<java.lang.Object> org.springframework.data.rest.webmvc.RepositorySearchController.optionsForSearch(org.springframework.data.rest.webmvc.RootResourceInformation,java.lang.String)
2018-03-31 21:13:36.742  INFO 16379 --- [           main] o.s.d.r.w.RepositoryRestHandlerMapping   : Mapped "{[/{repository}/search/{search}],methods=[HEAD],produces=[application/hal+json || application/json]}" onto public org.springframework.http.ResponseEntity<java.lang.Object> org.springframework.data.rest.webmvc.RepositorySearchController.headForSearch(org.springframework.data.rest.webmvc.RootResourceInformation,java.lang.String)
2018-03-31 21:13:36.742  INFO 16379 --- [           main] o.s.d.r.w.RepositoryRestHandlerMapping   : Mapped "{[/{repository}/search],methods=[GET],produces=[application/hal+json || application/json]}" onto public org.springframework.data.rest.webmvc.RepositorySearchesResource org.springframework.data.rest.webmvc.RepositorySearchController.listSearches(org.springframework.data.rest.webmvc.RootResourceInformation)
2018-03-31 21:13:36.742  INFO 16379 --- [           main] o.s.d.r.w.RepositoryRestHandlerMapping   : Mapped "{[/{repository}/search],methods=[HEAD],produces=[application/hal+json || application/json]}" onto public org.springframework.http.HttpEntity<?> org.springframework.data.rest.webmvc.RepositorySearchController.headForSearches(org.springframework.data.rest.webmvc.RootResourceInformation)
2018-03-31 21:13:36.742  INFO 16379 --- [           main] o.s.d.r.w.RepositoryRestHandlerMapping   : Mapped "{[/ || ],methods=[GET],produces=[application/hal+json || application/json]}" onto public org.springframework.http.HttpEntity<org.springframework.data.rest.webmvc.RepositoryLinksResource> org.springframework.data.rest.webmvc.RepositoryController.listRepositories()
2018-03-31 21:13:36.743  INFO 16379 --- [           main] o.s.d.r.w.RepositoryRestHandlerMapping   : Mapped "{[/ || ],methods=[OPTIONS],produces=[application/hal+json || application/json]}" onto public org.springframework.http.HttpEntity<?> org.springframework.data.rest.webmvc.RepositoryController.optionsForRepositories()
2018-03-31 21:13:36.743  INFO 16379 --- [           main] o.s.d.r.w.RepositoryRestHandlerMapping   : Mapped "{[/ || ],methods=[HEAD],produces=[application/hal+json || application/json]}" onto public org.springframework.http.ResponseEntity<?> org.springframework.data.rest.webmvc.RepositoryController.headForRepositories()
2018-03-31 21:13:36.743  INFO 16379 --- [           main] o.s.d.r.w.RepositoryRestHandlerMapping   : Mapped "{[/{repository}],methods=[OPTIONS],produces=[application/hal+json || application/json]}" onto public org.springframework.http.ResponseEntity<?> org.springframework.data.rest.webmvc.RepositoryEntityController.optionsForCollectionResource(org.springframework.data.rest.webmvc.RootResourceInformation)
2018-03-31 21:13:36.744  INFO 16379 --- [           main] o.s.d.r.w.RepositoryRestHandlerMapping   : Mapped "{[/{repository}],methods=[HEAD],produces=[application/hal+json || application/json]}" onto public org.springframework.http.ResponseEntity<?> org.springframework.data.rest.webmvc.RepositoryEntityController.headCollectionResource(org.springframework.data.rest.webmvc.RootResourceInformation,org.springframework.data.rest.webmvc.support.DefaultedPageable) throws org.springframework.web.HttpRequestMethodNotSupportedException
2018-03-31 21:13:36.744  INFO 16379 --- [           main] o.s.d.r.w.RepositoryRestHandlerMapping   : Mapped "{[/{repository}],methods=[GET],produces=[application/hal+json || application/json]}" onto public org.springframework.hateoas.Resources<?> org.springframework.data.rest.webmvc.RepositoryEntityController.getCollectionResource(org.springframework.data.rest.webmvc.RootResourceInformation,org.springframework.data.rest.webmvc.support.DefaultedPageable,org.springframework.data.domain.Sort,org.springframework.data.rest.webmvc.PersistentEntityResourceAssembler) throws org.springframework.data.rest.webmvc.ResourceNotFoundException,org.springframework.web.HttpRequestMethodNotSupportedException
2018-03-31 21:13:36.744  INFO 16379 --- [           main] o.s.d.r.w.RepositoryRestHandlerMapping   : Mapped "{[/{repository}],methods=[GET],produces=[application/x-spring-data-compact+json || text/uri-list]}" onto public org.springframework.hateoas.Resources<?> org.springframework.data.rest.webmvc.RepositoryEntityController.getCollectionResourceCompact(org.springframework.data.rest.webmvc.RootResourceInformation,org.springframework.data.rest.webmvc.support.DefaultedPageable,org.springframework.data.domain.Sort,org.springframework.data.rest.webmvc.PersistentEntityResourceAssembler) throws org.springframework.data.rest.webmvc.ResourceNotFoundException,org.springframework.web.HttpRequestMethodNotSupportedException
2018-03-31 21:13:36.744  INFO 16379 --- [           main] o.s.d.r.w.RepositoryRestHandlerMapping   : Mapped "{[/{repository}],methods=[POST],produces=[application/hal+json || application/json]}" onto public org.springframework.http.ResponseEntity<org.springframework.hateoas.ResourceSupport> org.springframework.data.rest.webmvc.RepositoryEntityController.postCollectionResource(org.springframework.data.rest.webmvc.RootResourceInformation,org.springframework.data.rest.webmvc.PersistentEntityResource,org.springframework.data.rest.webmvc.PersistentEntityResourceAssembler,java.lang.String) throws org.springframework.web.HttpRequestMethodNotSupportedException
2018-03-31 21:13:36.744  INFO 16379 --- [           main] o.s.d.r.w.RepositoryRestHandlerMapping   : Mapped "{[/{repository}/{id}],methods=[OPTIONS],produces=[application/hal+json || application/json]}" onto public org.springframework.http.ResponseEntity<?> org.springframework.data.rest.webmvc.RepositoryEntityController.optionsForItemResource(org.springframework.data.rest.webmvc.RootResourceInformation)
2018-03-31 21:13:36.745  INFO 16379 --- [           main] o.s.d.r.w.RepositoryRestHandlerMapping   : Mapped "{[/{repository}/{id}],methods=[HEAD],produces=[application/hal+json || application/json]}" onto public org.springframework.http.ResponseEntity<?> org.springframework.data.rest.webmvc.RepositoryEntityController.headForItemResource(org.springframework.data.rest.webmvc.RootResourceInformation,java.io.Serializable,org.springframework.data.rest.webmvc.PersistentEntityResourceAssembler) throws org.springframework.web.HttpRequestMethodNotSupportedException
2018-03-31 21:13:36.745  INFO 16379 --- [           main] o.s.d.r.w.RepositoryRestHandlerMapping   : Mapped "{[/{repository}/{id}],methods=[GET],produces=[application/hal+json || application/json]}" onto public org.springframework.http.ResponseEntity<org.springframework.hateoas.Resource<?>> org.springframework.data.rest.webmvc.RepositoryEntityController.getItemResource(org.springframework.data.rest.webmvc.RootResourceInformation,java.io.Serializable,org.springframework.data.rest.webmvc.PersistentEntityResourceAssembler,org.springframework.http.HttpHeaders) throws org.springframework.web.HttpRequestMethodNotSupportedException
2018-03-31 21:13:36.745  INFO 16379 --- [           main] o.s.d.r.w.RepositoryRestHandlerMapping   : Mapped "{[/{repository}/{id}],methods=[PUT],produces=[application/hal+json || application/json]}" onto public org.springframework.http.ResponseEntity<? extends org.springframework.hateoas.ResourceSupport> org.springframework.data.rest.webmvc.RepositoryEntityController.putItemResource(org.springframework.data.rest.webmvc.RootResourceInformation,org.springframework.data.rest.webmvc.PersistentEntityResource,java.io.Serializable,org.springframework.data.rest.webmvc.PersistentEntityResourceAssembler,org.springframework.data.rest.webmvc.support.ETag,java.lang.String) throws org.springframework.web.HttpRequestMethodNotSupportedException
2018-03-31 21:13:36.745  INFO 16379 --- [           main] o.s.d.r.w.RepositoryRestHandlerMapping   : Mapped "{[/{repository}/{id}],methods=[PATCH],produces=[application/hal+json || application/json]}" onto public org.springframework.http.ResponseEntity<org.springframework.hateoas.ResourceSupport> org.springframework.data.rest.webmvc.RepositoryEntityController.patchItemResource(org.springframework.data.rest.webmvc.RootResourceInformation,org.springframework.data.rest.webmvc.PersistentEntityResource,java.io.Serializable,org.springframework.data.rest.webmvc.PersistentEntityResourceAssembler,org.springframework.data.rest.webmvc.support.ETag,java.lang.String) throws org.springframework.web.HttpRequestMethodNotSupportedException,org.springframework.data.rest.webmvc.ResourceNotFoundException
2018-03-31 21:13:36.745  INFO 16379 --- [           main] o.s.d.r.w.RepositoryRestHandlerMapping   : Mapped "{[/{repository}/{id}],methods=[DELETE],produces=[application/hal+json || application/json]}" onto public org.springframework.http.ResponseEntity<?> org.springframework.data.rest.webmvc.RepositoryEntityController.deleteItemResource(org.springframework.data.rest.webmvc.RootResourceInformation,java.io.Serializable,org.springframework.data.rest.webmvc.support.ETag) throws org.springframework.data.rest.webmvc.ResourceNotFoundException,org.springframework.web.HttpRequestMethodNotSupportedException
2018-03-31 21:13:36.751  INFO 16379 --- [           main] o.s.d.r.w.BasePathAwareHandlerMapping    : Mapped "{[/profile/{repository}],methods=[OPTIONS],produces=[application/alps+json]}" onto org.springframework.http.HttpEntity<?> org.springframework.data.rest.webmvc.alps.AlpsController.alpsOptions()
2018-03-31 21:13:36.752  INFO 16379 --- [           main] o.s.d.r.w.BasePathAwareHandlerMapping    : Mapped "{[/profile/{repository}],methods=[GET],produces=[application/alps+json || */*]}" onto org.springframework.http.HttpEntity<org.springframework.data.rest.webmvc.RootResourceInformation> org.springframework.data.rest.webmvc.alps.AlpsController.descriptor(org.springframework.data.rest.webmvc.RootResourceInformation)
2018-03-31 21:13:36.753  INFO 16379 --- [           main] o.s.d.r.w.BasePathAwareHandlerMapping    : Mapped "{[/profile/{repository}],methods=[GET],produces=[application/schema+json]}" onto public org.springframework.http.HttpEntity<org.springframework.data.rest.webmvc.json.JsonSchema> org.springframework.data.rest.webmvc.RepositorySchemaController.schema(org.springframework.data.rest.webmvc.RootResourceInformation)
2018-03-31 21:13:36.753  INFO 16379 --- [           main] o.s.d.r.w.BasePathAwareHandlerMapping    : Mapped "{[/profile],methods=[OPTIONS]}" onto public org.springframework.http.HttpEntity<?> org.springframework.data.rest.webmvc.ProfileController.profileOptions()
2018-03-31 21:13:36.754  INFO 16379 --- [           main] o.s.d.r.w.BasePathAwareHandlerMapping    : Mapped "{[/profile],methods=[GET]}" onto org.springframework.http.HttpEntity<org.springframework.hateoas.ResourceSupport> org.springframework.data.rest.webmvc.ProfileController.listAllFormsOfMetadata()
2018-03-31 21:13:36.962  INFO 16379 --- [           main] o.h.h.i.QueryTranslatorFactoryInitiator  : HHH000397: Using ASTQueryTranslatorFactory
2018-03-31 21:13:37.080  INFO 16379 --- [           main] e.h.h.w.i.H2MSRestAppInitializerTests    : Started H2MSRestAppInitializerTests in 2.754 seconds (JVM running for 31.65)
Tests run: 1, Failures: 0, Errors: 0, Skipped: 0, Time elapsed: 2.775 sec - in edu.harvard.h2ms.web.init.H2MSRestAppInitializerTests
Running edu.harvard.h2ms.common.H2msRestUtilsTests
2018-03-31 21:13:37.094  WARN 16379 --- [           main] e.h.h2ms.service.utils.H2msRestUtils     : There are 0 events to be grouped by timestamp.
Tests run: 82, Failures: 0, Errors: 0, Skipped: 0, Time elapsed: 0.037 sec - in edu.harvard.h2ms.common.H2msRestUtilsTests
2018-03-31 21:13:37.115  INFO 16379 --- [      Thread-26] o.s.w.c.s.GenericWebApplicationContext   : Closing org.springframework.web.context.support.GenericWebApplicationContext@392c9283: startup date [Sat Mar 31 21:13:34 EDT 2018]; root of context hierarchy
2018-03-31 21:13:37.120  INFO 16379 --- [      Thread-26] j.LocalContainerEntityManagerFactoryBean : Closing JPA EntityManagerFactory for persistence unit 'default'
2018-03-31 21:13:37.121  INFO 16379 --- [      Thread-26] org.hibernate.tool.hbm2ddl.SchemaExport  : HHH000227: Running hbm2ddl schema export
2018-03-31 21:13:37.127  INFO 16379 --- [      Thread-26] org.hibernate.tool.hbm2ddl.SchemaExport  : HHH000230: Schema export complete
2018-03-31 21:13:37.129  INFO 16379 --- [       Thread-4] o.s.c.support.GenericApplicationContext  : Closing org.springframework.context.support.GenericApplicationContext@4bbc21bd: startup date [Sat Mar 31 21:13:11 EDT 2018]; root of context hierarchy
2018-03-31 21:13:37.135  INFO 16379 --- [       Thread-2] s.c.a.AnnotationConfigApplicationContext : Closing org.springframework.context.annotation.AnnotationConfigApplicationContext@76884e4b: startup date [Sat Mar 31 21:13:07 EDT 2018]; root of context hierarchy
2018-03-31 21:13:37.136  INFO 16379 --- [       Thread-2] j.LocalContainerEntityManagerFactoryBean : Closing JPA EntityManagerFactory for persistence unit 'default'
2018-03-31 21:13:37.136  INFO 16379 --- [       Thread-2] org.hibernate.tool.hbm2ddl.SchemaExport  : HHH000227: Running hbm2ddl schema export
Hibernate: drop table answer if exists
Hibernate: drop table event if exists
Hibernate: drop table event_template if exists
Hibernate: drop table h2msrole if exists
Hibernate: drop table location if exists
Hibernate: drop table question if exists
Hibernate: drop table question_options if exists
Hibernate: drop table reader if exists
Hibernate: drop table user_role if exists
Hibernate: drop table users if exists
Hibernate: drop table wrist_band if exists
2018-03-31 21:13:37.147  INFO 16379 --- [       Thread-2] org.hibernate.tool.hbm2ddl.SchemaExport  : HHH000230: Schema export complete

Results :

Tests run: 97, Failures: 0, Errors: 0, Skipped: 0

[INFO] ------------------------------------------------------------------------
[INFO] BUILD SUCCESS
[INFO] ------------------------------------------------------------------------
[INFO] Total time: 35.219 s
[INFO] Finished at: 2018-03-31T21:13:37-04:00
[INFO] Final Memory: 34M/321M
[INFO] ------------------------------------------------------------------------
